Checkpoint dir epoch: 5  Rollout: 1
Logging to /home/ashwink/Documents/swms/SWM_copy/rollouts_5_per/expert+subopt/epoch5/epoch5_rollout1_20260723_123607.log
Goal (fixed, steps 0-299): the green cube is touching the blue moon. the peg is touching the green cube.

Checkpoint: /home/ashwink/Documents/swms/SWM_copy/training/checkpoints_clip_full_fine-tuned_with_subopt_data/epoch_005.pt
  epoch=5  step=10116

Loading CLIP ViT-L/14 (datacomp_xl_s13b_b90k) + fine-tuned clip_state_dict ...
Parsing model identifier. Schema: None, Identifier: ViT-L-14
Loaded built-in ViT-L-14 model config.
Instantiating model architecture: CLIP
Loading full pretrained weights from: /home/ashwink/.cache/huggingface/hub/models--laion--CLIP-ViT-L-14-DataComp.XL-s13B-b90K/snapshots/84c9828e63dc9a9351d1fe637c346d4c1c4db341/open_clip_pytorch_model.bin
Final image preprocessing configuration set: {'size': (224, 224), 'mode': 'RGB', 'mean': (0.48145466, 0.4578275, 0.40821073), 'std': (0.26862954, 0.26130258, 0.27577711), 'interpolation': 'bicubic', 'resize_mode': 'shortest', 'fill_color': 0}
Model ViT-L-14 creation process complete.
Parsing tokenizer identifier. Schema: None, Identifier: ViT-L-14
Attempting to load config from built-in: ViT-L-14
Using default SimpleTokenizer.
z_star shape: torch.Size([768])

Loading action stats from /home/ashwink/full_data_5000/langtable/demos/ ...
  lo=[-0.03372681140899658, -0.03493623435497284]  hi=[0.03496786952018738, 0.03494429588317871]

Initializing LangTable env ...
Loading URDF plane.urdf
Loading URDF /home/ashwink/Documents/swms/.venv/lib/python3.10/site-packages/language_table/environments/utils/../../../language_table/environments/assets/workspace_real.urdf
Loading URDF xarm/xarm6_robot_white.urdf
Loading URDF /home/ashwink/Documents/swms/.venv/lib/python3.10/site-packages/language_table/environments/utils/../../../language_table/environments/assets/suction/cylinder_real.urdf
Loading URDF /home/ashwink/Documents/swms/.venv/lib/python3.10/site-packages/language_table/environments/utils/../../../language_table/environments/assets/blocks/red_moon.urdf
Loading URDF /home/ashwink/Documents/swms/.venv/lib/python3.10/site-packages/language_table/environments/utils/../../../language_table/environments/assets/blocks/red_cube.urdf
Loading URDF /home/ashwink/Documents/swms/.venv/lib/python3.10/site-packages/language_table/environments/utils/../../../language_table/environments/assets/blocks/red_star.urdf
Loading URDF /home/ashwink/Documents/swms/.venv/lib/python3.10/site-packages/language_table/environments/utils/../../../language_table/environments/assets/blocks/red_pentagon.urdf
Loading URDF /home/ashwink/Documents/swms/.venv/lib/python3.10/site-packages/language_table/environments/utils/../../../language_table/environments/assets/blocks/blue_moon.urdf
Loading URDF /home/ashwink/Documents/swms/.venv/lib/python3.10/site-packages/language_table/environments/utils/../../../language_table/environments/assets/blocks/blue_cube.urdf
Loading URDF /home/ashwink/Documents/swms/.venv/lib/python3.10/site-packages/language_table/environments/utils/../../../language_table/environments/assets/blocks/blue_star.urdf
Loading URDF /home/ashwink/Documents/swms/.venv/lib/python3.10/site-packages/language_table/environments/utils/../../../language_table/environments/assets/blocks/blue_pentagon.urdf
Loading URDF /home/ashwink/Documents/swms/.venv/lib/python3.10/site-packages/language_table/environments/utils/../../../language_table/environments/assets/blocks/yellow_moon.urdf
Loading URDF /home/ashwink/Documents/swms/.venv/lib/python3.10/site-packages/language_table/environments/utils/../../../language_table/environments/assets/blocks/yellow_cube.urdf
Loading URDF /home/ashwink/Documents/swms/.venv/lib/python3.10/site-packages/language_table/environments/utils/../../../language_table/environments/assets/blocks/yellow_star.urdf
Loading URDF /home/ashwink/Documents/swms/.venv/lib/python3.10/site-packages/language_table/environments/utils/../../../language_table/environments/assets/blocks/yellow_pentagon.urdf
Loading URDF /home/ashwink/Documents/swms/.venv/lib/python3.10/site-packages/language_table/environments/utils/../../../language_table/environments/assets/blocks/green_moon.urdf
Loading URDF /home/ashwink/Documents/swms/.venv/lib/python3.10/site-packages/language_table/environments/utils/../../../language_table/environments/assets/blocks/green_cube.urdf
Loading URDF /home/ashwink/Documents/swms/.venv/lib/python3.10/site-packages/language_table/environments/utils/../../../language_table/environments/assets/blocks/green_star.urdf
Loading URDF /home/ashwink/Documents/swms/.venv/lib/python3.10/site-packages/language_table/environments/utils/../../../language_table/environments/assets/blocks/green_pentagon.urdf
Loading URDF /home/ashwink/Documents/swms/.venv/lib/python3.10/site-packages/language_table/environments/utils/../../../language_table/environments/assets/blocks/purple_moon.urdf
Loading URDF /home/ashwink/Documents/swms/.venv/lib/python3.10/site-packages/language_table/environments/utils/../../../language_table/environments/assets/blocks/purple_cube.urdf
Loading URDF /home/ashwink/Documents/swms/.venv/lib/python3.10/site-packages/language_table/environments/utils/../../../language_table/environments/assets/blocks/purple_star.urdf
Loading URDF /home/ashwink/Documents/swms/.venv/lib/python3.10/site-packages/language_table/environments/utils/../../../language_table/environments/assets/blocks/purple_pentagon.urdf
Env ready.

Forced peg start: [0.42843915 0.24419614]  (green_cube=[0.40339102 0.18967466], blue_moon=[0.32039625 0.00902261])
  dist(peg,green_cube)=0.0600  dist(peg,blue_moon)=0.2588  dist(green_cube,blue_moon)=0.1988

step  cos(zt,z*)  cos(zt,zt-1)  |   cos(predK,z*) min/mean/max  cos(pred_sel,z*)   cos(zpred0,z*)  ||a_raw||  |  dist(peg,A)   dist(A,B)
-------------------------------------------------------------------------------------------------------------------------------------------------------------------------------
   0      0.1958           nan  |    0.5320/  0.5526/  0.5704            0.5704           0.6490     0.0171  |       0.0587      0.1988
   1      0.1980        0.9848  |    0.6598/  0.6730/  0.6835            0.6835           0.6420     0.0137  |       0.0626      0.1988
   2      0.2006        0.9894  |    0.6870/  0.6994/  0.7061            0.7061           0.6532     0.0176  |       0.0506      0.1988
   3      0.1930        0.9922  |    0.6859/  0.6997/  0.7058            0.7058           0.6525     0.0166  |       0.0360      0.1988
   4      0.1740        0.8001  |    0.6125/  0.6235/  0.6312            0.6312           0.5845     0.0125  |       0.0340      0.1920
   5      0.1580        0.7879  |    0.6186/  0.6305/  0.6362            0.6362           0.5738     0.0054  |       0.0335      0.1865
   6      0.1520        0.9309  |    0.5734/  0.5852/  0.5913            0.5913           0.5243     0.0052  |       0.0332      0.1843
   7      0.1278        0.9153  |    0.6056/  0.6163/  0.6214            0.6214           0.5759     0.0064  |       0.0329      0.1810
   8      0.1445        0.9043  |    0.5056/  0.5179/  0.5239            0.5239           0.4762     0.0025  |       0.0324      0.1768
   9      0.1489        0.9117  |    0.5824/  0.5912/  0.5972            0.5972           0.5197     0.0040  |       0.0318      0.1758
  10      0.1316        0.9126  |    0.6237/  0.6344/  0.6403            0.6403           0.5781     0.0064  |       0.0319      0.1720
  11      0.1098        0.9007  |    0.5969/  0.6106/  0.6161            0.6161           0.5159     0.0029  |       0.0322      0.1675
  12      0.1058        0.9409  |    0.5088/  0.5206/  0.5282            0.5282           0.3648     0.0057  |       0.0317      0.1664
  13      0.1107        0.9421  |    0.4129/  0.4276/  0.4338            0.4338           0.2586     0.0016  |       0.0320      0.1627
  14      0.0937        0.9504  |    0.0958/  0.1070/  0.1136            0.1136          -0.0565     0.0017  |       0.0322      0.1616
  15      0.1074        0.9662  |    0.3631/  0.3771/  0.3847            0.3847           0.1745     0.0014  |       0.0321      0.1612
  16      0.0890        0.9659  |    0.3756/  0.3900/  0.3968            0.3968           0.1372     0.0017  |       0.0320      0.1606
  17      0.0770        0.9460  |    0.1303/  0.1446/  0.1518            0.1518          -0.0811     0.0037  |       0.0321      0.1594
  18      0.0904        0.9663  |    0.3804/  0.3957/  0.4029            0.4029           0.1348     0.0040  |       0.0320      0.1580
  19      0.1099        0.9481  |    0.4242/  0.4378/  0.4443            0.4443           0.2424     0.0019  |       0.0321      0.1554
  20      0.0846        0.9664  |    0.1363/  0.1486/  0.1562            0.1562          -0.0773     0.0039  |       0.0319      0.1545
  21      0.1052        0.9544  |    0.1274/  0.1371/  0.1427            0.1427          -0.0613     0.0055  |       0.0320      0.1522
  22      0.1219        0.9083  |    0.4427/  0.4567/  0.4646            0.4646           0.2314     0.0043  |       0.0321      0.1492
  23      0.1039        0.9285  |    0.5014/  0.5189/  0.5255            0.5255           0.2620     0.0082  |       0.0322      0.1471
  24      0.0870        0.9268  |    0.4290/  0.4432/  0.4502            0.4502           0.1511     0.0066  |       0.0325      0.1444
  25      0.1030        0.9377  |    0.5550/  0.5645/  0.5708            0.5708           0.3636     0.0071  |       0.0327      0.1422
  26      0.0817        0.9414  |    0.2791/  0.3002/  0.3085            0.3085          -0.0193     0.0057  |       0.0327      0.1401
  27      0.0995        0.9475  |    0.3115/  0.3346/  0.3413            0.3413           0.0284     0.0058  |       0.0324      0.1387
  28      0.0953        0.9601  |    0.1540/  0.1676/  0.1754            0.1754          -0.0218     0.0056  |       0.0323      0.1372
  29      0.0966        0.8982  |    0.4507/  0.4634/  0.4724            0.4724           0.3109     0.0033  |       0.0323      0.1367
  30      0.1057        0.9202  |    0.4532/  0.4711/  0.4792            0.4792           0.2750     0.0032  |       0.0322      0.1359
  31      0.0945        0.9286  |    0.5512/  0.5669/  0.5745            0.5745           0.4410     0.0045  |       0.0321      0.1355
  32      0.0834        0.9411  |    0.4612/  0.4744/  0.4814            0.4814           0.2115     0.0055  |       0.0323      0.1359
  33      0.0847        0.9353  |    0.5372/  0.5530/  0.5606            0.5606           0.4148     0.0073  |       0.0325      0.1377
  34      0.0745        0.9099  |    0.4020/  0.4150/  0.4225            0.4225           0.2399     0.0099  |       0.0329      0.1396
  35      0.1021        0.8740  |    0.5483/  0.5609/  0.5692            0.5692           0.4369     0.0062  |       0.0331      0.1411
  36      0.1007        0.9090  |    0.6450/  0.6619/  0.6737            0.6737           0.5887     0.0099  |       0.0334      0.1428
  37      0.1025        0.8959  |    0.5164/  0.5312/  0.5417            0.5417           0.2750     0.0033  |       0.0339      0.1463
  38      0.1142        0.9083  |    0.5414/  0.5613/  0.5722            0.5722           0.4241     0.0069  |       0.0339      0.1471
  39      0.1231        0.9127  |    0.4233/  0.4491/  0.4573            0.4573           0.3436     0.0049  |       0.0388      0.1471
  40      0.0923        0.9237  |    0.0779/  0.0981/  0.1085            0.1085          -0.0387     0.0032  |       0.0421      0.1471
  41      0.0910        0.9411  |    0.2584/  0.2781/  0.2908            0.2908           0.0637     0.0052  |       0.0428      0.1471
  42      0.0932        0.9337  |    0.1353/  0.1573/  0.1704            0.1704          -0.1152     0.0067  |       0.0393      0.1484
  43      0.1157        0.9388  |    0.4481/  0.4755/  0.4843            0.4843           0.3724     0.0035  |       0.0399      0.1543
  44      0.0993        0.9546  |    0.2693/  0.2968/  0.3080            0.3080           0.1597     0.0042  |       0.0405      0.1578
  45      0.0994        0.9146  |    0.4901/  0.5135/  0.5245            0.5245           0.4603     0.0057  |       0.0406      0.1620
  46      0.0962        0.9413  |    0.4019/  0.4185/  0.4293            0.4293           0.3785     0.0015  |       0.0395      0.1654
  47      0.0986        0.9889  |    0.4481/  0.4641/  0.4734            0.4734           0.4351     0.0042  |       0.0400      0.1653
  48      0.1173        0.9433  |    0.5952/  0.6130/  0.6216            0.6216           0.5475     0.0051  |       0.0394      0.1658
  49      0.1352        0.9250  |    0.5344/  0.5473/  0.5554            0.5554           0.4645     0.0023  |       0.0380      0.1687
  50      0.1135        0.9526  |    0.4763/  0.4954/  0.5016            0.5016           0.4094     0.0057  |       0.0365      0.1696
  51      0.1354        0.9113  |    0.6270/  0.6522/  0.6594            0.6594           0.6028     0.0056  |       0.0350      0.1723
  52      0.1293        0.8762  |    0.3387/  0.3541/  0.3662            0.3662           0.2970     0.0043  |       0.0354      0.1735
  53      0.1133        0.9524  |    0.2322/  0.2544/  0.2671            0.2671           0.0965     0.0024  |       0.0365      0.1737
  54      0.1205        0.9209  |    0.4687/  0.4820/  0.4900            0.4900           0.4386     0.0050  |       0.0361      0.1749
  55      0.0595        0.8930  |    0.1880/  0.1994/  0.2062            0.2062           0.1026     0.0037  |       0.0355      0.1769
  56      0.0907        0.9161  |    0.4896/  0.5062/  0.5136            0.5136           0.4819     0.0034  |       0.0344      0.1797
  57      0.0926        0.9477  |    0.5697/  0.5855/  0.5962            0.5962           0.5930     0.0019  |       0.0339      0.1809
  58      0.0933        0.9385  |    0.5708/  0.5845/  0.5908            0.5908           0.5656     0.0080  |       0.0337      0.1824
  59      0.0748        0.9453  |    0.3680/  0.3853/  0.4013            0.4013           0.3076     0.0028  |       0.0390      0.1824
  60      0.1008        0.9329  |    0.5193/  0.5348/  0.5431            0.5431           0.4628     0.0040  |       0.0388      0.1824
  61      0.0977        0.9567  |    0.5111/  0.5235/  0.5326            0.5326           0.3418     0.0019  |       0.0416      0.1824
  62      0.0901        0.9694  |    0.3412/  0.3568/  0.3642            0.3642           0.1805     0.0017  |       0.0411      0.1824
  63      0.0988        0.9584  |    0.5618/  0.5757/  0.5835            0.5835           0.4971     0.0017  |       0.0401      0.1824
  64      0.1009        0.9668  |    0.5933/  0.6072/  0.6149            0.6149           0.5146     0.0015  |       0.0391      0.1824
  65      0.0940        0.9663  |    0.4861/  0.4984/  0.5065            0.5065           0.3788     0.0015  |       0.0404      0.1824
  66      0.0984        0.9873  |    0.5007/  0.5146/  0.5226            0.5226           0.3825     0.0012  |       0.0393      0.1824
  67      0.0911        0.9803  |    0.5231/  0.5382/  0.5456            0.5456           0.4040     0.0019  |       0.0397      0.1824
  68      0.0922        0.9672  |    0.4052/  0.4169/  0.4243            0.4243           0.2016     0.0015  |       0.0405      0.1824
  69      0.0750        0.9625  |    0.0304/  0.0508/  0.0584            0.0584          -0.1372     0.0026  |       0.0395      0.1824
  70      0.0915        0.9422  |    0.1686/  0.1840/  0.1916            0.1916           0.0481     0.0030  |       0.0381      0.1824
  71      0.1133        0.9574  |    0.5323/  0.5498/  0.5597            0.5597           0.5101     0.0051  |       0.0358      0.1830
  72      0.1161        0.9482  |    0.4275/  0.4500/  0.4631            0.4631           0.4416     0.0050  |       0.0343      0.1853
  73      0.1177        0.9462  |    0.4463/  0.4608/  0.4710            0.4710           0.4322     0.0006  |       0.0384      0.1853
  74      0.1188        0.9942  |    0.4700/  0.4862/  0.4928            0.4928           0.4609     0.0048  |       0.0382      0.1853
  75      0.0964        0.9424  |    0.4888/  0.5024/  0.5095            0.5095           0.4539     0.0027  |       0.0384      0.1853
  76      0.0989        0.9660  |    0.5055/  0.5205/  0.5316            0.5316           0.4500     0.0012  |       0.0409      0.1853
  77      0.0825        0.9439  |    0.4119/  0.4265/  0.4338            0.4338           0.2808     0.0044  |       0.0418      0.1853
  78      0.0994        0.9129  |    0.4746/  0.4860/  0.4940            0.4940           0.3899     0.0015  |       0.0380      0.1853
  79      0.1051        0.9662  |    0.5298/  0.5464/  0.5530            0.5530           0.5261     0.0016  |       0.0363      0.1853
  80      0.1172        0.9614  |    0.4165/  0.4323/  0.4425            0.4425           0.4208     0.0023  |       0.0358      0.1853
  81      0.1223        0.9643  |    0.3946/  0.4147/  0.4232            0.4232           0.4015     0.0058  |       0.0348      0.1853
  82      0.0969        0.9448  |    0.3108/  0.3395/  0.3493            0.3493           0.2757     0.0029  |       0.0394      0.1853
  83      0.1209        0.9644  |    0.3617/  0.3781/  0.3857            0.3857           0.3456     0.0038  |       0.0379      0.1853
  84      0.1005        0.9495  |    0.4566/  0.4822/  0.4907            0.4907           0.4438     0.0021  |       0.0371      0.1853
  85      0.1154        0.9538  |    0.3910/  0.4101/  0.4194            0.4194           0.4025     0.0020  |       0.0363      0.1853
  86      0.1182        0.9845  |    0.4503/  0.5002/  0.5085            0.5085           0.4934     0.0036  |       0.0349      0.1853
  87      0.1166        0.9589  |    0.5096/  0.5269/  0.5355            0.5355           0.5010     0.0041  |       0.0371      0.1853
  88      0.1156        0.9329  |    0.3259/  0.3391/  0.3464            0.3464           0.2972     0.0029  |       0.0402      0.1853
  89      0.0930        0.9518  |    0.4846/  0.4988/  0.5066            0.5066           0.3919     0.0025  |       0.0415      0.1853
  90      0.0995        0.9747  |    0.5305/  0.5462/  0.5532            0.5532           0.5095     0.0020  |       0.0394      0.1853
  91      0.1011        0.9723  |    0.5107/  0.5272/  0.5349            0.5349           0.4589     0.0010  |       0.0407      0.1853
  92      0.1011        0.9617  |    0.5017/  0.5149/  0.5232            0.5232           0.4424     0.0028  |       0.0413      0.1853
  93      0.0980        0.9421  |    0.5575/  0.5716/  0.5789            0.5789           0.5230     0.0024  |       0.0395      0.1853
  94      0.1010        0.9600  |    0.4876/  0.5022/  0.5096            0.5096           0.4755     0.0013  |       0.0373      0.1853
  95      0.1196        0.9728  |    0.3465/  0.3611/  0.3684            0.3684           0.3271     0.0020  |       0.0359      0.1853
  96      0.1219        0.9697  |    0.5662/  0.5832/  0.5908            0.5908           0.5792     0.0025  |       0.0343      0.1854
  97      0.1140        0.9702  |    0.4519/  0.4727/  0.4825            0.4825           0.4705     0.0048  |       0.0359      0.1854
  98      0.1000        0.9392  |    0.2571/  0.2720/  0.2805            0.2805           0.1811     0.0012  |       0.0402      0.1854
  99      0.0909        0.9671  |    0.3592/  0.3750/  0.3823            0.3823           0.1772     0.0017  |       0.0416      0.1854
 100      0.0883        0.9628  |    0.0942/  0.1071/  0.1145            0.1145          -0.0516     0.0030  |       0.0422      0.1854
 101      0.1139        0.9458  |    0.4874/  0.5083/  0.5166            0.5166           0.5110     0.0023  |       0.0396      0.1854
 102      0.1106        0.9680  |    0.4159/  0.4343/  0.4466            0.4466           0.3888     0.0032  |       0.0390      0.1854
 103      0.0983        0.9582  |    0.0462/  0.0624/  0.0720            0.0720          -0.0279     0.0027  |       0.0412      0.1854
 104      0.1042        0.9709  |    0.2365/  0.2524/  0.2605            0.2605           0.1667     0.0013  |       0.0396      0.1854
 105      0.1194        0.9765  |    0.4543/  0.4723/  0.4816            0.4816           0.4313     0.0022  |       0.0387      0.1854
 106      0.1090        0.9705  |    0.4539/  0.4643/  0.4710            0.4710           0.4348     0.0035  |       0.0398      0.1854
 107      0.0850        0.9598  |    0.3819/  0.4023/  0.4094            0.4094           0.2370     0.0009  |       0.0431      0.1854
 108      0.0904        0.9770  |    0.4219/  0.4329/  0.4420            0.4420           0.2579     0.0030  |       0.0432      0.1854
 109      0.0979        0.9749  |    0.4200/  0.4405/  0.4474            0.4474           0.3247     0.0005  |       0.0405      0.1854
 110      0.1010        0.9908  |    0.5117/  0.5282/  0.5359            0.5359           0.4537     0.0032  |       0.0403      0.1854
 111      0.1182        0.9535  |    0.4109/  0.4288/  0.4355            0.4355           0.4073     0.0008  |       0.0401      0.1854
 112      0.1060        0.9756  |    0.2738/  0.2868/  0.2946            0.2946           0.2160     0.0013  |       0.0407      0.1854
 113      0.1205        0.9684  |    0.4110/  0.4251/  0.4320            0.4320           0.4056     0.0012  |       0.0396      0.1854
 114      0.1205        0.9856  |    0.3438/  0.3592/  0.3673            0.3673           0.3339     0.0003  |       0.0390      0.1854
 115      0.1129        0.9925  |    0.3353/  0.3552/  0.3616            0.3616           0.3285     0.0032  |       0.0387      0.1854
 116      0.1113        0.9494  |    0.3394/  0.3539/  0.3643            0.3643           0.2736     0.0030  |       0.0372      0.1854
 117      0.1197        0.9637  |    0.4265/  0.4484/  0.4575            0.4575           0.4420     0.0035  |       0.0349      0.1854
 118      0.1145        0.9650  |    0.4343/  0.4535/  0.4613            0.4613           0.4145     0.0008  |       0.0379      0.1854
 119      0.1107        0.9632  |    0.3707/  0.3857/  0.3934            0.3934           0.3333     0.0045  |       0.0382      0.1854
 120      0.0952        0.9182  |    0.3715/  0.3832/  0.3911            0.3911           0.2279     0.0012  |       0.0403      0.1854
 121      0.0992        0.9679  |    0.4282/  0.4448/  0.4553            0.4553           0.3712     0.0037  |       0.0412      0.1854
 122      0.1039        0.9598  |    0.1519/  0.1657/  0.1726            0.1726           0.0849     0.0007  |       0.0385      0.1854
 123      0.1010        0.9878  |    0.1537/  0.1676/  0.1762            0.1762           0.0675     0.0006  |       0.0388      0.1854
 124      0.1097        0.9766  |    0.2874/  0.3023/  0.3099            0.3099           0.2654     0.0027  |       0.0385      0.1854
 125      0.1066        0.9655  |    0.4080/  0.4239/  0.4333            0.4333           0.4028     0.0016  |       0.0367      0.1854
 126      0.1132        0.9858  |    0.3919/  0.4101/  0.4186            0.4186           0.3593     0.0051  |       0.0380      0.1854
 127      0.0793        0.8931  |    0.1997/  0.2131/  0.2206            0.2206          -0.0281     0.0018  |       0.0419      0.1854
 128      0.1011        0.9668  |    0.4986/  0.5135/  0.5212            0.5212           0.4131     0.0011  |       0.0418      0.1854
 129      0.0777        0.9709  |    0.4043/  0.4181/  0.4275            0.4275           0.2803     0.0021  |       0.0420      0.1854
 130      0.0937        0.9687  |    0.4748/  0.4915/  0.4985            0.4985           0.4071     0.0016  |       0.0401      0.1854
 131      0.0955        0.9747  |    0.4925/  0.5075/  0.5155            0.5155           0.4525     0.0028  |       0.0389      0.1854
 132      0.1189        0.9552  |    0.4762/  0.4981/  0.5076            0.5076           0.4831     0.0033  |       0.0365      0.1854
 133      0.0823        0.9339  |    0.1605/  0.1751/  0.1886            0.1886           0.0548     0.0026  |       0.0393      0.1854
 134      0.1176        0.9518  |    0.4708/  0.4933/  0.5012            0.5012           0.4756     0.0030  |       0.0372      0.1854
 135      0.1034        0.9615  |    0.3497/  0.3654/  0.3738            0.3738           0.3346     0.0004  |       0.0364      0.1854
 136      0.1122        0.9912  |    0.4331/  0.4499/  0.4585            0.4585           0.4301     0.0041  |       0.0366      0.1854
 137      0.1184        0.9626  |    0.3878/  0.4043/  0.4118            0.4118           0.3793     0.0025  |       0.0402      0.1854
 138      0.0748        0.9335  |    0.1047/  0.1232/  0.1325            0.1325          -0.0589     0.0044  |       0.0428      0.1854
 139      0.1135        0.9513  |    0.2724/  0.2924/  0.2998            0.2998           0.2497     0.0018  |       0.0390      0.1854
 140      0.1125        0.9781  |    0.4537/  0.4723/  0.4810            0.4810           0.4663     0.0024  |       0.0371      0.1854
 141      0.1221        0.9727  |    0.4729/  0.4918/  0.5013            0.5013           0.4662     0.0026  |       0.0387      0.1854
 142      0.1024        0.9691  |    0.2687/  0.2815/  0.2896            0.2896           0.1880     0.0018  |       0.0407      0.1854
 143      0.1125        0.9717  |    0.3813/  0.4027/  0.4115            0.4115           0.3786     0.0024  |       0.0398      0.1854
 144      0.0988        0.9738  |    0.1829/  0.1985/  0.2080            0.2080           0.0775     0.0032  |       0.0418      0.1854
 145      0.1040        0.9739  |    0.3108/  0.3305/  0.3377            0.3377           0.2653     0.0024  |       0.0401      0.1854
 146      0.1102        0.9707  |    0.3752/  0.3855/  0.3939            0.3939           0.3568     0.0023  |       0.0378      0.1854
 147      0.1186        0.9816  |    0.4728/  0.4860/  0.4943            0.4943           0.4779     0.0021  |       0.0360      0.1854
 148      0.1129        0.9808  |    0.5022/  0.5145/  0.5209            0.5209           0.5063     0.0024  |       0.0371      0.1854
 149      0.1109        0.9584  |    0.3733/  0.3868/  0.3949            0.3949           0.3569     0.0030  |       0.0393      0.1854
 150      0.0931        0.9378  |    0.3618/  0.3762/  0.3843            0.3843           0.2376     0.0012  |       0.0398      0.1854
 151      0.0975        0.9739  |    0.4204/  0.4382/  0.4479            0.4479           0.3731     0.0034  |       0.0407      0.1854
 152      0.1097        0.9629  |    0.3223/  0.3374/  0.3444            0.3444           0.2753     0.0014  |       0.0387      0.1854
 153      0.1075        0.9878  |    0.3292/  0.3463/  0.3538            0.3538           0.2876     0.0027  |       0.0398      0.1854
 154      0.1148        0.9690  |    0.4551/  0.4696/  0.4775            0.4775           0.4599     0.0007  |       0.0378      0.1854
 155      0.1050        0.9855  |    0.4390/  0.4516/  0.4584            0.4584           0.4351     0.0009  |       0.0376      0.1854
 156      0.1086        0.9727  |    0.3718/  0.3892/  0.3969            0.3969           0.3779     0.0013  |       0.0380      0.1854
 157      0.0932        0.9553  |    0.3996/  0.4158/  0.4242            0.4242           0.3657     0.0020  |       0.0388      0.1854
 158      0.0974        0.9602  |    0.4095/  0.4238/  0.4328            0.4328           0.2847     0.0017  |       0.0405      0.1854
 159      0.0965        0.9702  |    0.4685/  0.4836/  0.4900            0.4900           0.4227     0.0032  |       0.0391      0.1854
 160      0.0994        0.9861  |    0.5240/  0.5377/  0.5448            0.5448           0.4954     0.0022  |       0.0365      0.1854
 161      0.1085        0.9686  |    0.4698/  0.4917/  0.5008            0.5008           0.4842     0.0011  |       0.0343      0.1854
 162      0.1227        0.9738  |    0.5402/  0.5544/  0.5622            0.5622           0.5506     0.0023  |       0.0337      0.1855
 163      0.1214        0.9795  |    0.4400/  0.4578/  0.4642            0.4642           0.4435     0.0021  |       0.0358      0.1855
 164      0.1021        0.9619  |    0.5252/  0.5379/  0.5432            0.5432           0.4974     0.0044  |       0.0374      0.1855
 165      0.1058        0.9340  |    0.5467/  0.5633/  0.5748            0.5748           0.5459     0.0024  |       0.0367      0.1855
 166      0.1013        0.9785  |    0.5854/  0.6019/  0.6111            0.6111           0.5882     0.0008  |       0.0380      0.1855
 167      0.0915        0.9739  |    0.5209/  0.5358/  0.5437            0.5437           0.4833     0.0009  |       0.0386      0.1855
 168      0.1027        0.9696  |    0.4605/  0.4774/  0.4849            0.4849           0.4369     0.0012  |       0.0387      0.1855
 169      0.0893        0.9774  |    0.4863/  0.5057/  0.5134            0.5134           0.4436     0.0034  |       0.0392      0.1855
 170      0.0958        0.9440  |    0.5065/  0.5213/  0.5285            0.5285           0.4789     0.0030  |       0.0362      0.1855
 171      0.1049        0.9431  |    0.5869/  0.5988/  0.6061            0.6061           0.5959     0.0014  |       0.0337      0.1862
 172      0.1021        0.9774  |    0.6232/  0.6329/  0.6397            0.6397           0.6258     0.0036  |       0.0347      0.1862
 173      0.0966        0.9607  |    0.4767/  0.4923/  0.4990            0.4990           0.4647     0.0012  |       0.0375      0.1862
 174      0.0964        0.9889  |    0.4820/  0.4955/  0.5019            0.5019           0.4756     0.0009  |       0.0370      0.1862
 175      0.0894        0.9645  |    0.4981/  0.5099/  0.5164            0.5164           0.4433     0.0032  |       0.0370      0.1862
 176      0.1021        0.9368  |    0.4377/  0.4503/  0.4568            0.4568           0.4212     0.0037  |       0.0364      0.1862
 177      0.1025        0.9672  |    0.5240/  0.5415/  0.5480            0.5480           0.5236     0.0033  |       0.0339      0.1863
 178      0.1143        0.9431  |    0.5432/  0.5585/  0.5695            0.5695           0.5620     0.0038  |       0.0337      0.1893
 179      0.1049        0.9366  |    0.5085/  0.5196/  0.5264            0.5264           0.5111     0.0041  |       0.0334      0.1911
 180      0.1105        0.9691  |    0.4191/  0.4346/  0.4417            0.4417           0.4196     0.0049  |       0.0370      0.1911
 181      0.1108        0.9439  |    0.2801/  0.2992/  0.3106            0.3106           0.2070     0.0005  |       0.0410      0.1911
 182      0.1020        0.9824  |    0.2247/  0.2365/  0.2444            0.2444           0.1266     0.0013  |       0.0419      0.1911
 183      0.1064        0.9781  |    0.1948/  0.2053/  0.2126            0.2126           0.1218     0.0010  |       0.0412      0.1911
 184      0.0999        0.9806  |    0.1916/  0.2085/  0.2150            0.2150           0.1679     0.0012  |       0.0412      0.1911
 185      0.1071        0.9760  |    0.2560/  0.2700/  0.2792            0.2792           0.2519     0.0067  |       0.0409      0.1911
 186      0.1110        0.9196  |    0.1519/  0.1643/  0.1726            0.1726           0.1189     0.0014  |       0.0404      0.1911
 187      0.0994        0.9543  |   -0.0105/  0.0005/  0.0065            0.0065          -0.0612     0.0024  |       0.0412      0.1911
 188      0.0968        0.9634  |   -0.0862/ -0.0663/ -0.0595           -0.0595          -0.1264     0.0010  |       0.0391      0.1911
 189      0.0879        0.9552  |   -0.0319/ -0.0128/ -0.0032           -0.0032          -0.0801     0.0019  |       0.0389      0.1911
 190      0.0909        0.9494  |    0.1282/  0.1452/  0.1539            0.1539           0.0004     0.0032  |       0.0372      0.1911
 191      0.1089        0.9458  |    0.4794/  0.4929/  0.5013            0.5013           0.4588     0.0038  |       0.0342      0.1912
 192      0.0859        0.9038  |    0.4532/  0.4661/  0.4773            0.4773           0.4798     0.0031  |       0.0336      0.1944
 193      0.0991        0.9284  |    0.4609/  0.4786/  0.4896            0.4896           0.4537     0.0042  |       0.0354      0.1944
 194      0.0937        0.9150  |    0.2425/  0.2583/  0.2656            0.2656           0.2110     0.0024  |       0.0390      0.1944
 195      0.0919        0.9793  |    0.0465/  0.0588/  0.0653            0.0653           0.0299     0.0002  |       0.0413      0.1944
 196      0.0793        0.9900  |    0.0158/  0.0364/  0.0451            0.0451          -0.0250     0.0018  |       0.0417      0.1944
 197      0.0893        0.9765  |    0.2625/  0.2751/  0.2820            0.2820           0.2009     0.0028  |       0.0433      0.1944
 198      0.1128        0.9673  |    0.3752/  0.3874/  0.3944            0.3944           0.3460     0.0041  |       0.0446      0.1944
 199      0.1133        0.9446  |    0.3056/  0.3163/  0.3230            0.3230           0.2686     0.0042  |       0.0466      0.1944
 200      0.0821        0.9378  |   -0.1017/ -0.0853/ -0.0757           -0.0757          -0.0980     0.0008  |       0.0497      0.1944
 201      0.0866        0.9860  |   -0.1230/ -0.1101/ -0.1030           -0.1030          -0.1594     0.0037  |       0.0502      0.1944
 202      0.0653        0.9587  |   -0.0421/ -0.0305/ -0.0230           -0.0230          -0.0561     0.0053  |       0.0510      0.1944
 203      0.1012        0.8981  |    0.0035/  0.0184/  0.0323            0.0323          -0.0719     0.0004  |       0.0507      0.1944
 204      0.0886        0.9809  |   -0.1016/ -0.0859/ -0.0789           -0.0789          -0.1635     0.0028  |       0.0503      0.1944
 205      0.0925        0.9686  |   -0.0605/ -0.0423/ -0.0355           -0.0355          -0.1321     0.0037  |       0.0496      0.1944
 206      0.1138        0.9107  |    0.2845/  0.2988/  0.3074            0.3074           0.1773     0.0027  |       0.0499      0.1944
 207      0.1004        0.9614  |    0.2608/  0.2727/  0.2804            0.2804           0.0807     0.0024  |       0.0494      0.1944
 208      0.0981        0.9631  |    0.0222/  0.0401/  0.0482            0.0482          -0.0548     0.0030  |       0.0474      0.1944
 209      0.0800        0.9533  |   -0.1660/ -0.1496/ -0.1425           -0.1425          -0.2273     0.0033  |       0.0495      0.1944
 210      0.0925        0.9506  |   -0.0283/ -0.0145/ -0.0070           -0.0070          -0.1156     0.0025  |       0.0479      0.1944
 211      0.0805        0.9627  |   -0.1474/ -0.1292/ -0.1210           -0.1210          -0.2044     0.0035  |       0.0493      0.1944
 212      0.0906        0.9725  |    0.0506/  0.0657/  0.0739            0.0739          -0.0952     0.0011  |       0.0523      0.1944
 213      0.0849        0.9832  |   -0.0761/ -0.0571/ -0.0494           -0.0494          -0.1702     0.0034  |       0.0535      0.1944
 214      0.0753        0.9632  |    0.0356/  0.0486/  0.0559            0.0559          -0.0744     0.0024  |       0.0552      0.1944
 215      0.0622        0.9562  |   -0.1852/ -0.1715/ -0.1604           -0.1604          -0.2137     0.0078  |       0.0558      0.1944
 216      0.0786        0.9367  |   -0.1920/ -0.1738/ -0.1654           -0.1654          -0.2704     0.0047  |       0.0525      0.1944
 217      0.1000        0.9214  |    0.2649/  0.2828/  0.2964            0.2964           0.1445     0.0030  |       0.0483      0.1944
 218      0.0880        0.9788  |    0.1246/  0.1386/  0.1470            0.1470           0.0449     0.0013  |       0.0457      0.1944
 219      0.0960        0.9910  |    0.1215/  0.1353/  0.1424            0.1424           0.0223     0.0034  |       0.0467      0.1944
 220      0.0859        0.9655  |    0.0172/  0.0300/  0.0362            0.0362          -0.1196     0.0016  |       0.0498      0.1944
 221      0.0904        0.9800  |   -0.0677/ -0.0549/ -0.0465           -0.0465          -0.1375     0.0026  |       0.0491      0.1944
 222      0.0981        0.9592  |    0.1981/  0.2152/  0.2227            0.2227           0.1035     0.0012  |       0.0489      0.1944
 223      0.1025        0.9759  |    0.2981/  0.3144/  0.3210            0.3210           0.2523     0.0021  |       0.0499      0.1944
 224      0.0972        0.9741  |    0.1909/  0.2035/  0.2109            0.2109           0.0937     0.0026  |       0.0519      0.1944
 225      0.0877        0.9601  |    0.1094/  0.1241/  0.1321            0.1321           0.0034     0.0029  |       0.0537      0.1944
 226      0.0682        0.9638  |   -0.1643/ -0.1457/ -0.1378           -0.1378          -0.1964     0.0040  |       0.0550      0.1944
 227      0.0965        0.9566  |    0.2102/  0.2292/  0.2387            0.2387           0.1539     0.0014  |       0.0523      0.1944
 228      0.0819        0.9845  |    0.0525/  0.0706/  0.0767            0.0767          -0.0100     0.0007  |       0.0532      0.1944
 229      0.0632        0.9813  |   -0.1885/ -0.1714/ -0.1634           -0.1634          -0.2205     0.0046  |       0.0536      0.1944
 230      0.0987        0.9271  |    0.0299/  0.0490/  0.0589            0.0589          -0.0014     0.0011  |       0.0519      0.1944
 231      0.1041        0.9796  |    0.1580/  0.1749/  0.1860            0.1860           0.0582     0.0014  |       0.0509      0.1944
 232      0.0896        0.9819  |   -0.0027/  0.0148/  0.0224            0.0224          -0.0609     0.0011  |       0.0518      0.1944
 233      0.0933        0.9803  |    0.1365/  0.1503/  0.1592            0.1592           0.0408     0.0027  |       0.0514      0.1944
 234      0.1009        0.9635  |    0.3057/  0.3174/  0.3238            0.3238           0.2316     0.0035  |       0.0526      0.1944
 235      0.0503        0.9486  |   -0.2128/ -0.1895/ -0.1815           -0.1815          -0.2606     0.0035  |       0.0552      0.1944
 236      0.0676        0.9744  |   -0.1448/ -0.1295/ -0.1224           -0.1224          -0.1805     0.0016  |       0.0524      0.1944
 237      0.0931        0.9717  |    0.0046/  0.0244/  0.0323            0.0323           0.0016     0.0032  |       0.0507      0.1944
 238      0.0814        0.9652  |    0.0911/  0.1042/  0.1136            0.1136           0.0311     0.0007  |       0.0520      0.1944
 239      0.1039        0.9773  |    0.1406/  0.1556/  0.1653            0.1653           0.0646     0.0031  |       0.0519      0.1944
 240      0.0837        0.9565  |   -0.1058/ -0.0897/ -0.0796           -0.0796          -0.1199     0.0040  |       0.0519      0.1944
 241      0.1002        0.9612  |    0.1741/  0.1903/  0.2017            0.2017           0.1034     0.0014  |       0.0516      0.1944
 242      0.1026        0.9885  |    0.2098/  0.2261/  0.2343            0.2343           0.1510     0.0017  |       0.0505      0.1944
 243      0.0538        0.9654  |   -0.1223/ -0.1074/ -0.0970           -0.0970          -0.1440     0.0028  |       0.0513      0.1944
 244      0.0972        0.9464  |    0.2438/  0.2602/  0.2714            0.2714           0.1952     0.0013  |       0.0510      0.1944
 245      0.1028        0.9802  |    0.1497/  0.1682/  0.1748            0.1748           0.0775     0.0005  |       0.0500      0.1944
 246      0.0920        0.9790  |    0.1419/  0.1540/  0.1622            0.1622           0.1001     0.0006  |       0.0501      0.1944
 247      0.0974        0.9872  |    0.1262/  0.1388/  0.1480            0.1480           0.0666     0.0010  |       0.0496      0.1944
 248      0.1025        0.9801  |    0.2232/  0.2394/  0.2461            0.2461           0.1778     0.0019  |       0.0503      0.1944
 249      0.0890        0.9705  |    0.0570/  0.0702/  0.0774            0.0774           0.0063     0.0019  |       0.0519      0.1944
 250      0.0917        0.9767  |   -0.0824/ -0.0693/ -0.0602           -0.0602          -0.0960     0.0013  |       0.0535      0.1944
 251      0.0640        0.9820  |   -0.1819/ -0.1686/ -0.1627           -0.1627          -0.2095     0.0042  |       0.0530      0.1944
 252      0.0957        0.9405  |   -0.0233/ -0.0083/ -0.0008           -0.0008          -0.0716     0.0033  |       0.0507      0.1944
 253      0.0872        0.9610  |   -0.0493/ -0.0335/ -0.0260           -0.0260          -0.1519     0.0022  |       0.0508      0.1944
 254      0.0953        0.9680  |   -0.1004/ -0.0851/ -0.0773           -0.0773          -0.1520     0.0002  |       0.0489      0.1944
 255      0.0998        0.9914  |    0.0154/  0.0295/  0.0385            0.0385          -0.0774     0.0023  |       0.0487      0.1944
 256      0.0981        0.9529  |    0.2072/  0.2238/  0.2314            0.2314           0.1132     0.0015  |       0.0493      0.1944
 257      0.1071        0.9743  |    0.3079/  0.3194/  0.3258            0.3258           0.2600     0.0019  |       0.0490      0.1944
 258      0.1078        0.9646  |    0.1674/  0.1763/  0.1830            0.1830           0.1281     0.0022  |       0.0497      0.1944
 259      0.0653        0.9598  |   -0.1461/ -0.1277/ -0.1170           -0.1170          -0.1648     0.0044  |       0.0516      0.1944
 260      0.1050        0.9304  |    0.2182/  0.2329/  0.2416            0.2416           0.1885     0.0005  |       0.0488      0.1944
 261      0.1029        0.9874  |    0.1552/  0.1715/  0.1787            0.1787           0.1340     0.0003  |       0.0481      0.1944
 262      0.1047        0.9874  |    0.2835/  0.3001/  0.3069            0.3069           0.2239     0.0019  |       0.0478      0.1944
 263      0.1125        0.9698  |    0.3168/  0.3357/  0.3418            0.3418           0.2844     0.0019  |       0.0479      0.1944
 264      0.1007        0.9635  |   -0.0212/ -0.0006/  0.0122            0.0122          -0.0236     0.0016  |       0.0489      0.1944
 265      0.1104        0.9741  |    0.2594/  0.2704/  0.2770            0.2770           0.2200     0.0020  |       0.0484      0.1944
 266      0.1059        0.9675  |    0.1855/  0.1973/  0.2047            0.2047           0.1397     0.0011  |       0.0488      0.1944
 267      0.1072        0.9728  |    0.2328/  0.2496/  0.2582            0.2582           0.1503     0.0022  |       0.0498      0.1944
 268      0.1024        0.9514  |    0.1666/  0.1830/  0.1905            0.1905           0.1462     0.0011  |       0.0500      0.1944
 269      0.0667        0.9658  |   -0.1276/ -0.1079/ -0.0984           -0.0984          -0.1368     0.0034  |       0.0509      0.1944
 270      0.0966        0.9436  |    0.1888/  0.2003/  0.2093            0.2093           0.1077     0.0019  |       0.0503      0.1944
 271      0.1014        0.9754  |    0.2011/  0.2163/  0.2243            0.2243           0.1060     0.0006  |       0.0487      0.1944
 272      0.1088        0.9859  |    0.1768/  0.1910/  0.1990            0.1990           0.1251     0.0010  |       0.0482      0.1944
 273      0.0959        0.9857  |    0.0773/  0.0904/  0.0988            0.0988           0.0041     0.0022  |       0.0490      0.1944
 274      0.1007        0.9753  |    0.1593/  0.1725/  0.1793            0.1793           0.1051     0.0004  |       0.0499      0.1944
 275      0.0999        0.9902  |    0.0723/  0.0861/  0.0926            0.0926           0.0401     0.0008  |       0.0498      0.1944
 276      0.0946        0.9766  |    0.1650/  0.1957/  0.2033            0.2033           0.1485     0.0009  |       0.0502      0.1944
 277      0.0902        0.9757  |    0.0025/  0.0148/  0.0219            0.0219          -0.0264     0.0018  |       0.0510      0.1944
 278      0.0925        0.9785  |   -0.0035/  0.0119/  0.0195            0.0195          -0.0277     0.0021  |       0.0495      0.1944
 279      0.1132        0.9630  |    0.2980/  0.3114/  0.3177            0.3177           0.2630     0.0022  |       0.0480      0.1944
 280      0.1134        0.9673  |    0.4081/  0.4216/  0.4296            0.4296           0.3783     0.0014  |       0.0464      0.1944
 281      0.1186        0.9838  |    0.4003/  0.4139/  0.4207            0.4207           0.3616     0.0010  |       0.0450      0.1944
 282      0.1188        0.9826  |    0.4161/  0.4302/  0.4361            0.4361           0.3955     0.0017  |       0.0457      0.1944
 283      0.1138        0.9587  |    0.4566/  0.4681/  0.4744            0.4744           0.4157     0.0022  |       0.0464      0.1944
 284      0.0984        0.9511  |    0.0562/  0.0687/  0.0753            0.0753           0.0264     0.0014  |       0.0476      0.1944
 285      0.0967        0.9765  |    0.1049/  0.1187/  0.1253            0.1253           0.0796     0.0017  |       0.0489      0.1944
 286      0.0977        0.9714  |    0.0964/  0.1093/  0.1161            0.1161           0.0671     0.0025  |       0.0505      0.1944
 287      0.0798        0.9581  |   -0.1639/ -0.1498/ -0.1388           -0.1388          -0.2165     0.0047  |       0.0514      0.1944
 288      0.0978        0.8913  |    0.0838/  0.0987/  0.1101            0.1101           0.0903     0.0028  |       0.0479      0.1944
 289      0.1115        0.9384  |    0.3589/  0.3743/  0.3826            0.3826           0.3385     0.0004  |       0.0470      0.1944
 290      0.1082        0.9966  |    0.3148/  0.3285/  0.3363            0.3363           0.2697     0.0011  |       0.0473      0.1944
 291      0.1195        0.9779  |    0.3361/  0.3491/  0.3552            0.3552           0.2824     0.0021  |       0.0476      0.1944
 292      0.1137        0.9563  |    0.1735/  0.1919/  0.1979            0.1979           0.1452     0.0011  |       0.0472      0.1944
 293      0.0910        0.9818  |   -0.0876/ -0.0717/ -0.0627           -0.0627          -0.0780     0.0049  |       0.0480      0.1944
 294      0.1087        0.9620  |    0.1177/  0.1369/  0.1443            0.1443           0.0508     0.0011  |       0.0516      0.1944
 295      0.0817        0.9818  |    0.0066/  0.0183/  0.0247            0.0247          -0.0505     0.0027  |       0.0518      0.1944
 296      0.0952        0.9722  |   -0.1093/ -0.0931/ -0.0836           -0.0836          -0.1276     0.0046  |       0.0533      0.1944
 297      0.0947        0.9585  |    0.1800/  0.1959/  0.2041            0.2041           0.0591     0.0025  |       0.0547      0.1944
 298      0.0700        0.9752  |   -0.0395/ -0.0253/ -0.0179           -0.0179          -0.0966     0.0015  |       0.0533      0.1944
 299      0.1018        0.9768  |    0.1238/  0.1534/  0.1608            0.1608           0.0446     0.0019  |       0.0519      0.1944
IMAGEIO FFMPEG_WRITER WARNING: input image is not divisible by macro_block_size=16, resizing from (320, 180) to (320, 192) to ensure video compatibility with most codecs and players. To prevent resizing, make your input image divisible by the macro_block_size or set the macro_block_size to 1 (risking incompatibility).

Saved 300 frames -> /home/ashwink/Documents/swms/SWM_copy/rollouts_5_per/expert+subopt/epoch5/epoch5_rollout1_failure.mp4
min dist(green_cube,blue_moon) over episode = 0.1355  ->  FAILURE
Full log written to /home/ashwink/Documents/swms/SWM_copy/rollouts_5_per/expert+subopt/epoch5/epoch5_rollout1_20260723_123607.log
Result json -> /home/ashwink/Documents/swms/SWM_copy/rollouts_5_per/expert+subopt/epoch5/epoch5_rollout1_result.json
