Checkpoint dir epoch: 5  Rollout: 3
Logging to /home/ashwink/Documents/swms/SWM_copy/rollouts_5_per/expert+subopt/epoch5/epoch5_rollout3_20260723_123916.log
Goal (fixed, steps 0-299): the green cube is touching the blue moon. the peg is touching the green cube.

Checkpoint: /home/ashwink/Documents/swms/SWM_copy/training/checkpoints_clip_full_fine-tuned_with_subopt_data/epoch_005.pt
  epoch=5  step=10116

Loading CLIP ViT-L/14 (datacomp_xl_s13b_b90k) + fine-tuned clip_state_dict ...
Parsing model identifier. Schema: None, Identifier: ViT-L-14
Loaded built-in ViT-L-14 model config.
Instantiating model architecture: CLIP
Loading full pretrained weights from: /home/ashwink/.cache/huggingface/hub/models--laion--CLIP-ViT-L-14-DataComp.XL-s13B-b90K/snapshots/84c9828e63dc9a9351d1fe637c346d4c1c4db341/open_clip_pytorch_model.bin
Final image preprocessing configuration set: {'size': (224, 224), 'mode': 'RGB', 'mean': (0.48145466, 0.4578275, 0.40821073), 'std': (0.26862954, 0.26130258, 0.27577711), 'interpolation': 'bicubic', 'resize_mode': 'shortest', 'fill_color': 0}
Model ViT-L-14 creation process complete.
Parsing tokenizer identifier. Schema: None, Identifier: ViT-L-14
Attempting to load config from built-in: ViT-L-14
Using default SimpleTokenizer.
z_star shape: torch.Size([768])

Loading action stats from /home/ashwink/full_data_5000/langtable/demos/ ...
  lo=[-0.03372681140899658, -0.03493623435497284]  hi=[0.03496786952018738, 0.03494429588317871]

Initializing LangTable env ...
Loading URDF plane.urdf
Loading URDF /home/ashwink/Documents/swms/.venv/lib/python3.10/site-packages/language_table/environments/utils/../../../language_table/environments/assets/workspace_real.urdf
Loading URDF xarm/xarm6_robot_white.urdf
Loading URDF /home/ashwink/Documents/swms/.venv/lib/python3.10/site-packages/language_table/environments/utils/../../../language_table/environments/assets/suction/cylinder_real.urdf
Loading URDF /home/ashwink/Documents/swms/.venv/lib/python3.10/site-packages/language_table/environments/utils/../../../language_table/environments/assets/blocks/red_moon.urdf
Loading URDF /home/ashwink/Documents/swms/.venv/lib/python3.10/site-packages/language_table/environments/utils/../../../language_table/environments/assets/blocks/red_cube.urdf
Loading URDF /home/ashwink/Documents/swms/.venv/lib/python3.10/site-packages/language_table/environments/utils/../../../language_table/environments/assets/blocks/red_star.urdf
Loading URDF /home/ashwink/Documents/swms/.venv/lib/python3.10/site-packages/language_table/environments/utils/../../../language_table/environments/assets/blocks/red_pentagon.urdf
Loading URDF /home/ashwink/Documents/swms/.venv/lib/python3.10/site-packages/language_table/environments/utils/../../../language_table/environments/assets/blocks/blue_moon.urdf
Loading URDF /home/ashwink/Documents/swms/.venv/lib/python3.10/site-packages/language_table/environments/utils/../../../language_table/environments/assets/blocks/blue_cube.urdf
Loading URDF /home/ashwink/Documents/swms/.venv/lib/python3.10/site-packages/language_table/environments/utils/../../../language_table/environments/assets/blocks/blue_star.urdf
Loading URDF /home/ashwink/Documents/swms/.venv/lib/python3.10/site-packages/language_table/environments/utils/../../../language_table/environments/assets/blocks/blue_pentagon.urdf
Loading URDF /home/ashwink/Documents/swms/.venv/lib/python3.10/site-packages/language_table/environments/utils/../../../language_table/environments/assets/blocks/yellow_moon.urdf
Loading URDF /home/ashwink/Documents/swms/.venv/lib/python3.10/site-packages/language_table/environments/utils/../../../language_table/environments/assets/blocks/yellow_cube.urdf
Loading URDF /home/ashwink/Documents/swms/.venv/lib/python3.10/site-packages/language_table/environments/utils/../../../language_table/environments/assets/blocks/yellow_star.urdf
Loading URDF /home/ashwink/Documents/swms/.venv/lib/python3.10/site-packages/language_table/environments/utils/../../../language_table/environments/assets/blocks/yellow_pentagon.urdf
Loading URDF /home/ashwink/Documents/swms/.venv/lib/python3.10/site-packages/language_table/environments/utils/../../../language_table/environments/assets/blocks/green_moon.urdf
Loading URDF /home/ashwink/Documents/swms/.venv/lib/python3.10/site-packages/language_table/environments/utils/../../../language_table/environments/assets/blocks/green_cube.urdf
Loading URDF /home/ashwink/Documents/swms/.venv/lib/python3.10/site-packages/language_table/environments/utils/../../../language_table/environments/assets/blocks/green_star.urdf
Loading URDF /home/ashwink/Documents/swms/.venv/lib/python3.10/site-packages/language_table/environments/utils/../../../language_table/environments/assets/blocks/green_pentagon.urdf
Loading URDF /home/ashwink/Documents/swms/.venv/lib/python3.10/site-packages/language_table/environments/utils/../../../language_table/environments/assets/blocks/purple_moon.urdf
Loading URDF /home/ashwink/Documents/swms/.venv/lib/python3.10/site-packages/language_table/environments/utils/../../../language_table/environments/assets/blocks/purple_cube.urdf
Loading URDF /home/ashwink/Documents/swms/.venv/lib/python3.10/site-packages/language_table/environments/utils/../../../language_table/environments/assets/blocks/purple_star.urdf
Loading URDF /home/ashwink/Documents/swms/.venv/lib/python3.10/site-packages/language_table/environments/utils/../../../language_table/environments/assets/blocks/purple_pentagon.urdf
Env ready.

Forced peg start: [0.42843915 0.24419614]  (green_cube=[0.40339102 0.18967466], blue_moon=[0.32039625 0.00902261])
  dist(peg,green_cube)=0.0600  dist(peg,blue_moon)=0.2588  dist(green_cube,blue_moon)=0.1988

step  cos(zt,z*)  cos(zt,zt-1)  |   cos(predK,z*) min/mean/max  cos(pred_sel,z*)   cos(zpred0,z*)  ||a_raw||  |  dist(peg,A)   dist(A,B)
-------------------------------------------------------------------------------------------------------------------------------------------------------------------------------
   0      0.1958           nan  |    0.4501/  0.4795/  0.5017            0.5017           0.6490     0.0200  |       0.0587      0.1988
   1      0.1987        0.9769  |    0.6673/  0.6832/  0.6942            0.6942           0.6448     0.0126  |       0.0430      0.1988
   2      0.1906        0.9586  |    0.6859/  0.6971/  0.7044            0.7044           0.6477     0.0144  |       0.0344      0.1952
   3      0.1852        0.8696  |    0.6427/  0.6579/  0.6660            0.6660           0.6035     0.0073  |       0.0343      0.1841
   4      0.1918        0.8680  |    0.6725/  0.6871/  0.6937            0.6937           0.6422     0.0093  |       0.0337      0.1789
   5      0.1699        0.8579  |    0.6335/  0.6481/  0.6572            0.6572           0.5676     0.0117  |       0.0338      0.1731
   6      0.1421        0.8141  |    0.4973/  0.5145/  0.5217            0.5217           0.3967     0.0063  |       0.0338      0.1662
   7      0.1457        0.9042  |    0.5065/  0.5187/  0.5255            0.5255           0.4020     0.0068  |       0.0336      0.1610
   8      0.1114        0.8364  |    0.4665/  0.4782/  0.4854            0.4854           0.3529     0.0058  |       0.0331      0.1564
   9      0.1259        0.9092  |    0.4596/  0.4707/  0.4767            0.4767           0.3578     0.0050  |       0.0326      0.1518
  10      0.1165        0.8970  |    0.5790/  0.5903/  0.5968            0.5968           0.4213     0.0084  |       0.0322      0.1480
  11      0.1113        0.8320  |    0.2516/  0.2646/  0.2707            0.2707           0.0178     0.0042  |       0.0328      0.1395
  12      0.1077        0.9257  |    0.4851/  0.4975/  0.5042            0.5042           0.3228     0.0062  |       0.0328      0.1358
  13      0.1029        0.9110  |    0.3029/  0.3149/  0.3221            0.3221           0.0810     0.0056  |       0.0335      0.1301
  14      0.0857        0.9390  |    0.4064/  0.4213/  0.4318            0.4318           0.2250     0.0045  |       0.0340      0.1250
  15      0.0982        0.9308  |    0.6537/  0.6656/  0.6724            0.6724           0.5801     0.0113  |       0.0344      0.1203
  16      0.0912        0.8571  |    0.5157/  0.5416/  0.5479            0.5479           0.2691     0.0092  |       0.0346      0.1099
  17      0.0986        0.8616  |    0.1566/  0.1719/  0.1795            0.1795          -0.0257     0.0071  |       0.0341      0.1018
  18      0.0891        0.8993  |    0.5562/  0.5709/  0.5786            0.5786           0.3635     0.0117  |       0.0335      0.0971
  19      0.1020        0.8707  |    0.2719/  0.2827/  0.2902            0.2902           0.1400     0.0079  |       0.0337      0.0875
  20      0.0923        0.8989  |   -0.0329/ -0.0146/ -0.0071           -0.0071          -0.1261     0.0101  |       0.0338      0.0819
  21      0.1004        0.8948  |    0.2972/  0.3208/  0.3310            0.3310           0.1229     0.0093  |       0.0340      0.0756
  22      0.0833        0.9214  |    0.2690/  0.2816/  0.2899            0.2899           0.0802     0.0059  |       0.0332      0.0733
  23      0.0884        0.9145  |   -0.0491/ -0.0340/ -0.0253           -0.0253          -0.1343     0.0068  |       0.0333      0.0693
  24      0.1000        0.9308  |    0.1802/  0.1930/  0.1994            0.1994          -0.0215     0.0049  |       0.0329      0.0646
  25      0.1096        0.9080  |    0.0132/  0.0262/  0.0336            0.0336          -0.1682     0.0035  |       0.0331      0.0600
  26      0.1137        0.8877  |    0.4836/  0.5018/  0.5100            0.5100           0.2828     0.0056  |       0.0327      0.0584
  27      0.1260        0.8990  |    0.4064/  0.4236/  0.4338            0.4338           0.0957     0.0087  |       0.0331      0.0550
  28      0.1198        0.7615  |    0.5517/  0.5696/  0.5826            0.5826           0.3967     0.0074  |       0.0335      0.0466
  29      0.1309        0.8453  |    0.1228/  0.1397/  0.1514            0.1514          -0.0219     0.0084  |       0.0328      0.0421
  30      0.1385        0.8228  |    0.5686/  0.5826/  0.5910            0.5910           0.4703     0.0110  |       0.0328      0.0378
  31      0.1427        0.8670  |    0.2479/  0.2631/  0.2720            0.2720           0.1566     0.0118  |       0.0330      0.0363
  32      0.1033        0.8661  |    0.3316/  0.3470/  0.3554            0.3554           0.1281     0.0116  |       0.0326      0.0360
  33      0.1386        0.7958  |    0.2891/  0.3170/  0.3300            0.3300          -0.0956     0.0083  |       0.0349      0.0361
  34      0.1659        0.8298  |    0.6787/  0.7564/  0.7720            0.7720           0.6154     0.0108  |       0.0346      0.0374
  35      0.1530        0.7969  |    0.7523/  0.7846/  0.7955            0.7955           0.5936     0.0111  |       0.0347      0.0389
  36      0.1633        0.8885  |    0.6170/  0.6363/  0.6472            0.6472           0.4097     0.0083  |       0.0371      0.0394
  37      0.1768        0.8751  |    0.6697/  0.6882/  0.6964            0.6964           0.5410     0.0039  |       0.0393      0.0398
  38      0.1813        0.9023  |    0.7012/  0.7468/  0.7595            0.7595           0.5337     0.0070  |       0.0410      0.0399
  39      0.1689        0.9519  |    0.6335/  0.6563/  0.6651            0.6651           0.4798     0.0056  |       0.0408      0.0401
  40      0.1595        0.9468  |    0.5154/  0.5321/  0.5393            0.5393           0.3490     0.0056  |       0.0451      0.0401
  41      0.1706        0.9297  |    0.4799/  0.4990/  0.5080            0.5080           0.0317     0.0067  |       0.0505      0.0401
  42      0.1665        0.9393  |    0.3142/  0.3350/  0.3449            0.3449           0.1504     0.0075  |       0.0568      0.0401
  43      0.1524        0.9390  |    0.3077/  0.3233/  0.3341            0.3341           0.1343     0.0090  |       0.0640      0.0401
  44      0.1533        0.9429  |    0.2417/  0.2610/  0.2686            0.2686           0.0344     0.0115  |       0.0724      0.0401
  45      0.1366        0.9170  |   -0.0523/ -0.0314/ -0.0181           -0.0181          -0.2422     0.0113  |       0.0836      0.0401
  46      0.1336        0.9134  |   -0.1942/ -0.1759/ -0.1604           -0.1604          -0.3417     0.0098  |       0.0941      0.0401
  47      0.1392        0.9490  |   -0.2752/ -0.2593/ -0.2503           -0.2503          -0.3106     0.0168  |       0.0973      0.0401
  48      0.1295        0.9080  |   -0.2853/ -0.2658/ -0.2567           -0.2567          -0.3511     0.0132  |       0.1062      0.0401
  49      0.1255        0.9289  |   -0.2952/ -0.2760/ -0.2675           -0.2675          -0.3156     0.0125  |       0.1174      0.0401
  50      0.1213        0.9021  |   -0.2097/ -0.1895/ -0.1762           -0.1762          -0.2824     0.0126  |       0.1279      0.0401
  51      0.1129        0.9499  |   -0.2206/ -0.1971/ -0.1892           -0.1892          -0.2883     0.0103  |       0.1402      0.0401
  52      0.1019        0.9332  |   -0.2552/ -0.2421/ -0.2348           -0.2348          -0.3001     0.0075  |       0.1494      0.0401
  53      0.0931        0.9441  |   -0.2674/ -0.2522/ -0.2455           -0.2455          -0.3055     0.0049  |       0.1567      0.0401
  54      0.0926        0.9778  |   -0.2574/ -0.2481/ -0.2421           -0.2421          -0.2926     0.0076  |       0.1617      0.0401
  55      0.0810        0.9794  |   -0.2505/ -0.2393/ -0.2341           -0.2341          -0.2926     0.0050  |       0.1689      0.0401
  56      0.0798        0.9829  |   -0.2707/ -0.2520/ -0.2457           -0.2457          -0.2994     0.0042  |       0.1731      0.0401
  57      0.0868        0.9857  |   -0.2715/ -0.2620/ -0.2563           -0.2563          -0.3050     0.0044  |       0.1772      0.0401
  58      0.0817        0.9882  |   -0.2697/ -0.2560/ -0.2497           -0.2497          -0.3028     0.0094  |       0.1812      0.0401
  59      0.0781        0.9762  |   -0.3053/ -0.2955/ -0.2889           -0.2889          -0.3319     0.0076  |       0.1899      0.0401
  60      0.0821        0.9747  |   -0.2962/ -0.2852/ -0.2779           -0.2779          -0.3244     0.0080  |       0.1975      0.0401
  61      0.0721        0.9785  |   -0.3004/ -0.2882/ -0.2821           -0.2821          -0.3226     0.0136  |       0.2037      0.0401
  62      0.0644        0.9752  |   -0.2918/ -0.2826/ -0.2772           -0.2772          -0.3218     0.0096  |       0.2154      0.0401
  63      0.0567        0.9725  |   -0.3068/ -0.2945/ -0.2869           -0.2869          -0.3495     0.0153  |       0.2250      0.0401
  64      0.0523        0.9684  |   -0.3181/ -0.3044/ -0.2986           -0.2986          -0.3692     0.0144  |       0.2390      0.0401
  65      0.0572        0.9503  |   -0.3022/ -0.2901/ -0.2843           -0.2843          -0.3608     0.0140  |       0.2530      0.0401
  66      0.0284        0.8923  |   -0.3409/ -0.3256/ -0.3168           -0.3168          -0.4456     0.0138  |       0.2667      0.0401
  67      0.0114        0.8792  |   -0.3078/ -0.2849/ -0.2694           -0.2694          -0.3804     0.0114  |       0.2798      0.0401
  68      0.0095        0.9934  |   -0.1520/ -0.1103/ -0.0972           -0.0972          -0.3826     0.0157  |       0.2889      0.0401
  69      0.0095        1.0000  |   -0.1149/ -0.0921/ -0.0832           -0.0832          -0.3826     0.0184  |       0.2954      0.0401
  70      0.0095        1.0000  |   -0.1093/ -0.0918/ -0.0834           -0.0834          -0.3826     0.0211  |       0.3044      0.0401
  71      0.0095        1.0000  |   -0.1215/ -0.0934/ -0.0851           -0.0851          -0.3826     0.0211  |       0.3137      0.0401
  72      0.0095        1.0000  |   -0.1226/ -0.0931/ -0.0852           -0.0852          -0.3826     0.0255  |       0.3165      0.0401
  73      0.0095        1.0000  |   -0.1291/ -0.0919/ -0.0834           -0.0834          -0.3826     0.0229  |       0.3168      0.0401
  74      0.0095        1.0000  |   -0.1186/ -0.0923/ -0.0836           -0.0836          -0.3826     0.0225  |       0.3179      0.0401
  75      0.0095        1.0000  |   -0.1187/ -0.0937/ -0.0847           -0.0847          -0.3826     0.0227  |       0.3200      0.0401
  76      0.0095        1.0000  |   -0.1151/ -0.0926/ -0.0843           -0.0843          -0.3826     0.0222  |       0.3234      0.0401
  77      0.0095        1.0000  |   -0.1306/ -0.0937/ -0.0861           -0.0861          -0.3826     0.0226  |       0.3279      0.0401
  78      0.0095        1.0000  |   -0.1131/ -0.0924/ -0.0853           -0.0853          -0.3826     0.0235  |       0.3336      0.0401
  79      0.0095        1.0000  |   -0.1185/ -0.0935/ -0.0848           -0.0848          -0.3826     0.0241  |       0.3406      0.0401
  80      0.0095        1.0000  |   -0.1227/ -0.0933/ -0.0848           -0.0848          -0.3826     0.0247  |       0.3483      0.0401
  81      0.0095        1.0000  |   -0.1180/ -0.0960/ -0.0873           -0.0873          -0.3826     0.0235  |       0.3573      0.0401
  82      0.0095        1.0000  |   -0.1146/ -0.0935/ -0.0847           -0.0847          -0.3826     0.0217  |       0.3677      0.0401
  83      0.0095        1.0000  |   -0.1212/ -0.0928/ -0.0848           -0.0848          -0.3826     0.0219  |       0.3777      0.0401
  84      0.0095        1.0000  |   -0.1153/ -0.0928/ -0.0834           -0.0834          -0.3826     0.0230  |       0.3877      0.0401
  85      0.0095        1.0000  |   -0.1156/ -0.0918/ -0.0842           -0.0842          -0.3826     0.0223  |       0.3986      0.0401
  86      0.0095        1.0000  |   -0.1160/ -0.0927/ -0.0847           -0.0847          -0.3826     0.0232  |       0.4093      0.0401
  87      0.0095        1.0000  |   -0.1213/ -0.0928/ -0.0850           -0.0850          -0.3826     0.0224  |       0.4112      0.0401
  88      0.0095        1.0000  |   -0.1192/ -0.0937/ -0.0860           -0.0860          -0.3826     0.0226  |       0.4115      0.0401
  89      0.0095        1.0000  |   -0.1256/ -0.0924/ -0.0833           -0.0833          -0.3826     0.0221  |       0.4114      0.0401
  90      0.0095        1.0000  |   -0.1174/ -0.0926/ -0.0836           -0.0836          -0.3826     0.0211  |       0.4114      0.0401
  91      0.0095        1.0000  |   -0.1254/ -0.0933/ -0.0847           -0.0847          -0.3826     0.0206  |       0.4115      0.0401
  92      0.0095        1.0000  |   -0.1100/ -0.0916/ -0.0842           -0.0842          -0.3826     0.0217  |       0.4116      0.0401
  93      0.0095        1.0000  |   -0.1203/ -0.0942/ -0.0851           -0.0851          -0.3826     0.0220  |       0.4116      0.0401
  94      0.0095        1.0000  |   -0.1189/ -0.0935/ -0.0842           -0.0842          -0.3826     0.0238  |       0.4116      0.0401
  95      0.0095        1.0000  |   -0.1361/ -0.0928/ -0.0832           -0.0832          -0.3826     0.0226  |       0.4115      0.0401
  96      0.0095        1.0000  |   -0.1199/ -0.0923/ -0.0836           -0.0836          -0.3826     0.0214  |       0.4115      0.0401
  97      0.0095        1.0000  |   -0.1173/ -0.0930/ -0.0847           -0.0847          -0.3826     0.0238  |       0.4116      0.0401
  98      0.0095        1.0000  |   -0.1134/ -0.0926/ -0.0845           -0.0845          -0.3826     0.0244  |       0.4117      0.0401
  99      0.0095        1.0000  |   -0.1284/ -0.0931/ -0.0849           -0.0849          -0.3826     0.0230  |       0.4118      0.0401
 100      0.0095        1.0000  |   -0.1188/ -0.0929/ -0.0838           -0.0838          -0.3826     0.0235  |       0.4118      0.0401
 101      0.0095        1.0000  |   -0.1243/ -0.0916/ -0.0838           -0.0838          -0.3826     0.0221  |       0.4118      0.0401
 102      0.0095        1.0000  |   -0.1223/ -0.0932/ -0.0843           -0.0843          -0.3826     0.0237  |       0.4118      0.0401
 103      0.0095        1.0000  |   -0.1175/ -0.0938/ -0.0854           -0.0854          -0.3826     0.0233  |       0.4118      0.0401
 104      0.0095        1.0000  |   -0.1140/ -0.0942/ -0.0842           -0.0842          -0.3826     0.0223  |       0.4118      0.0401
 105      0.0095        1.0000  |   -0.1136/ -0.0930/ -0.0843           -0.0843          -0.3826     0.0226  |       0.4118      0.0401
 106      0.0095        1.0000  |   -0.1120/ -0.0932/ -0.0853           -0.0853          -0.3826     0.0218  |       0.4118      0.0401
 107      0.0095        1.0000  |   -0.1324/ -0.0929/ -0.0848           -0.0848          -0.3826     0.0240  |       0.4118      0.0401
 108      0.0095        1.0000  |   -0.1110/ -0.0923/ -0.0844           -0.0844          -0.3826     0.0212  |       0.4118      0.0401
 109      0.0095        1.0000  |   -0.1195/ -0.0921/ -0.0840           -0.0840          -0.3826     0.0223  |       0.4118      0.0401
 110      0.0095        1.0000  |   -0.1223/ -0.0934/ -0.0851           -0.0851          -0.3826     0.0204  |       0.4118      0.0401
 111      0.0095        1.0000  |   -0.1156/ -0.0909/ -0.0837           -0.0837          -0.3826     0.0233  |       0.4118      0.0401
 112      0.0095        1.0000  |   -0.1160/ -0.0924/ -0.0837           -0.0837          -0.3826     0.0234  |       0.4118      0.0401
 113      0.0095        1.0000  |   -0.1188/ -0.0940/ -0.0857           -0.0857          -0.3826     0.0250  |       0.4118      0.0401
 114      0.0095        1.0000  |   -0.1158/ -0.0915/ -0.0846           -0.0846          -0.3826     0.0224  |       0.4118      0.0401
 115      0.0095        1.0000  |   -0.1173/ -0.0929/ -0.0845           -0.0845          -0.3826     0.0241  |       0.4118      0.0401
 116      0.0095        1.0000  |   -0.1236/ -0.0935/ -0.0849           -0.0849          -0.3826     0.0245  |       0.4118      0.0401
 117      0.0095        1.0000  |   -0.1282/ -0.0931/ -0.0841           -0.0841          -0.3826     0.0202  |       0.4118      0.0401
 118      0.0095        1.0000  |   -0.1095/ -0.0919/ -0.0844           -0.0844          -0.3826     0.0218  |       0.4118      0.0401
 119      0.0095        1.0000  |   -0.1252/ -0.0935/ -0.0841           -0.0841          -0.3826     0.0217  |       0.4118      0.0401
 120      0.0095        1.0000  |   -0.1148/ -0.0926/ -0.0839           -0.0839          -0.3826     0.0239  |       0.4118      0.0401
 121      0.0095        1.0000  |   -0.1181/ -0.0911/ -0.0834           -0.0834          -0.3826     0.0217  |       0.4118      0.0401
 122      0.0095        1.0000  |   -0.1196/ -0.0920/ -0.0833           -0.0833          -0.3826     0.0221  |       0.4118      0.0401
 123      0.0095        1.0000  |   -0.1181/ -0.0921/ -0.0837           -0.0837          -0.3826     0.0214  |       0.4118      0.0401
 124      0.0095        1.0000  |   -0.1196/ -0.0935/ -0.0851           -0.0851          -0.3826     0.0239  |       0.4118      0.0401
 125      0.0095        1.0000  |   -0.1225/ -0.0939/ -0.0851           -0.0851          -0.3826     0.0221  |       0.4118      0.0401
 126      0.0095        1.0000  |   -0.1218/ -0.0942/ -0.0856           -0.0856          -0.3826     0.0224  |       0.4118      0.0401
 127      0.0095        1.0000  |   -0.1157/ -0.0937/ -0.0852           -0.0852          -0.3826     0.0237  |       0.4118      0.0401
 128      0.0095        1.0000  |   -0.1202/ -0.0936/ -0.0846           -0.0846          -0.3826     0.0232  |       0.4118      0.0401
 129      0.0095        1.0000  |   -0.1174/ -0.0925/ -0.0845           -0.0845          -0.3826     0.0235  |       0.4118      0.0401
 130      0.0095        1.0000  |   -0.1201/ -0.0929/ -0.0850           -0.0850          -0.3826     0.0247  |       0.4118      0.0401
 131      0.0095        1.0000  |   -0.1254/ -0.0930/ -0.0837           -0.0837          -0.3826     0.0216  |       0.4118      0.0401
 132      0.0095        1.0000  |   -0.1215/ -0.0923/ -0.0846           -0.0846          -0.3826     0.0219  |       0.4118      0.0401
 133      0.0095        1.0000  |   -0.1197/ -0.0930/ -0.0852           -0.0852          -0.3826     0.0234  |       0.4118      0.0401
 134      0.0095        1.0000  |   -0.1179/ -0.0932/ -0.0849           -0.0849          -0.3826     0.0223  |       0.4118      0.0401
 135      0.0095        1.0000  |   -0.1251/ -0.0924/ -0.0845           -0.0845          -0.3826     0.0230  |       0.4118      0.0401
 136      0.0095        1.0000  |   -0.1109/ -0.0932/ -0.0841           -0.0841          -0.3826     0.0229  |       0.4118      0.0401
 137      0.0095        1.0000  |   -0.1155/ -0.0932/ -0.0845           -0.0845          -0.3826     0.0248  |       0.4118      0.0401
 138      0.0095        1.0000  |   -0.1128/ -0.0929/ -0.0854           -0.0854          -0.3826     0.0219  |       0.4118      0.0401
 139      0.0095        1.0000  |   -0.1221/ -0.0925/ -0.0843           -0.0843          -0.3826     0.0212  |       0.4118      0.0401
 140      0.0095        1.0000  |   -0.1236/ -0.0927/ -0.0826           -0.0826          -0.3826     0.0207  |       0.4118      0.0401
 141      0.0095        1.0000  |   -0.1155/ -0.0934/ -0.0841           -0.0841          -0.3826     0.0221  |       0.4118      0.0401
 142      0.0095        1.0000  |   -0.1197/ -0.0938/ -0.0852           -0.0852          -0.3826     0.0236  |       0.4118      0.0401
 143      0.0095        1.0000  |   -0.1125/ -0.0938/ -0.0847           -0.0847          -0.3826     0.0246  |       0.4118      0.0401
 144      0.0095        1.0000  |   -0.1219/ -0.0943/ -0.0863           -0.0863          -0.3826     0.0214  |       0.4118      0.0401
 145      0.0095        1.0000  |   -0.1169/ -0.0927/ -0.0843           -0.0843          -0.3826     0.0223  |       0.4118      0.0401
 146      0.0095        1.0000  |   -0.1309/ -0.0915/ -0.0832           -0.0832          -0.3826     0.0194  |       0.4118      0.0401
 147      0.0095        1.0000  |   -0.1243/ -0.0922/ -0.0846           -0.0846          -0.3826     0.0235  |       0.4118      0.0401
 148      0.0095        1.0000  |   -0.1200/ -0.0933/ -0.0835           -0.0835          -0.3826     0.0243  |       0.4118      0.0401
 149      0.0095        1.0000  |   -0.1209/ -0.0922/ -0.0846           -0.0846          -0.3826     0.0205  |       0.4118      0.0401
 150      0.0095        1.0000  |   -0.1143/ -0.0933/ -0.0854           -0.0854          -0.3826     0.0223  |       0.4118      0.0401
 151      0.0095        1.0000  |   -0.1179/ -0.0939/ -0.0851           -0.0851          -0.3826     0.0227  |       0.4118      0.0401
 152      0.0095        1.0000  |   -0.1213/ -0.0933/ -0.0848           -0.0848          -0.3826     0.0223  |       0.4118      0.0401
 153      0.0095        1.0000  |   -0.1140/ -0.0938/ -0.0852           -0.0852          -0.3826     0.0210  |       0.4118      0.0401
 154      0.0095        1.0000  |   -0.1251/ -0.0924/ -0.0842           -0.0842          -0.3826     0.0214  |       0.4118      0.0401
 155      0.0095        1.0000  |   -0.1174/ -0.0919/ -0.0839           -0.0839          -0.3826     0.0228  |       0.4118      0.0401
 156      0.0095        1.0000  |   -0.1177/ -0.0928/ -0.0851           -0.0851          -0.3826     0.0221  |       0.4118      0.0401
 157      0.0095        1.0000  |   -0.1214/ -0.0936/ -0.0855           -0.0855          -0.3826     0.0242  |       0.4118      0.0401
 158      0.0095        1.0000  |   -0.1203/ -0.0936/ -0.0853           -0.0853          -0.3826     0.0268  |       0.4118      0.0401
 159      0.0095        1.0000  |   -0.1187/ -0.0955/ -0.0874           -0.0874          -0.3826     0.0231  |       0.4118      0.0401
 160      0.0095        1.0000  |   -0.1240/ -0.0949/ -0.0867           -0.0867          -0.3826     0.0235  |       0.4118      0.0401
 161      0.0095        1.0000  |   -0.1134/ -0.0929/ -0.0844           -0.0844          -0.3826     0.0241  |       0.4118      0.0401
 162      0.0095        1.0000  |   -0.1341/ -0.0939/ -0.0846           -0.0846          -0.3826     0.0241  |       0.4118      0.0401
 163      0.0095        1.0000  |   -0.1220/ -0.0937/ -0.0852           -0.0852          -0.3826     0.0222  |       0.4118      0.0401
 164      0.0095        1.0000  |   -0.1166/ -0.0949/ -0.0850           -0.0850          -0.3826     0.0243  |       0.4118      0.0401
 165      0.0095        1.0000  |   -0.1151/ -0.0939/ -0.0858           -0.0858          -0.3826     0.0237  |       0.4118      0.0401
 166      0.0095        1.0000  |   -0.1247/ -0.0939/ -0.0857           -0.0857          -0.3826     0.0217  |       0.4118      0.0401
 167      0.0095        1.0000  |   -0.1191/ -0.0950/ -0.0855           -0.0855          -0.3826     0.0245  |       0.4118      0.0401
 168      0.0095        1.0000  |   -0.1333/ -0.0941/ -0.0857           -0.0857          -0.3826     0.0240  |       0.4118      0.0401
 169      0.0095        1.0000  |   -0.1189/ -0.0930/ -0.0857           -0.0857          -0.3826     0.0236  |       0.4118      0.0401
 170      0.0095        1.0000  |   -0.1174/ -0.0933/ -0.0850           -0.0850          -0.3826     0.0218  |       0.4118      0.0401
 171      0.0095        1.0000  |   -0.1269/ -0.0933/ -0.0835           -0.0835          -0.3826     0.0236  |       0.4118      0.0401
 172      0.0095        1.0000  |   -0.1163/ -0.0925/ -0.0851           -0.0851          -0.3826     0.0241  |       0.4118      0.0401
 173      0.0095        1.0000  |   -0.1133/ -0.0925/ -0.0843           -0.0843          -0.3826     0.0210  |       0.4118      0.0401
 174      0.0095        1.0000  |   -0.1082/ -0.0921/ -0.0844           -0.0844          -0.3826     0.0214  |       0.4118      0.0401
 175      0.0095        1.0000  |   -0.1177/ -0.0929/ -0.0847           -0.0847          -0.3826     0.0217  |       0.4118      0.0401
 176      0.0095        1.0000  |   -0.1197/ -0.0920/ -0.0831           -0.0831          -0.3826     0.0219  |       0.4118      0.0401
 177      0.0095        1.0000  |   -0.1208/ -0.0932/ -0.0844           -0.0844          -0.3826     0.0228  |       0.4118      0.0401
 178      0.0095        1.0000  |   -0.1160/ -0.0932/ -0.0852           -0.0852          -0.3826     0.0232  |       0.4118      0.0401
 179      0.0095        1.0000  |   -0.1194/ -0.0938/ -0.0846           -0.0846          -0.3826     0.0223  |       0.4118      0.0401
 180      0.0095        1.0000  |   -0.1219/ -0.0930/ -0.0852           -0.0852          -0.3826     0.0239  |       0.4118      0.0401
 181      0.0095        1.0000  |   -0.1285/ -0.0940/ -0.0846           -0.0846          -0.3826     0.0236  |       0.4118      0.0401
 182      0.0095        1.0000  |   -0.1183/ -0.0924/ -0.0849           -0.0849          -0.3826     0.0228  |       0.4118      0.0401
 183      0.0095        1.0000  |   -0.1223/ -0.0938/ -0.0848           -0.0848          -0.3826     0.0225  |       0.4118      0.0401
 184      0.0095        1.0000  |   -0.1230/ -0.0933/ -0.0849           -0.0849          -0.3826     0.0210  |       0.4118      0.0401
 185      0.0095        1.0000  |   -0.1222/ -0.0928/ -0.0849           -0.0849          -0.3826     0.0239  |       0.4118      0.0401
 186      0.0095        1.0000  |   -0.1161/ -0.0930/ -0.0857           -0.0857          -0.3826     0.0221  |       0.4118      0.0401
 187      0.0095        1.0000  |   -0.1316/ -0.0948/ -0.0861           -0.0861          -0.3826     0.0237  |       0.4118      0.0401
 188      0.0095        1.0000  |   -0.1189/ -0.0928/ -0.0838           -0.0838          -0.3826     0.0233  |       0.4118      0.0401
 189      0.0095        1.0000  |   -0.1223/ -0.0926/ -0.0847           -0.0847          -0.3826     0.0212  |       0.4118      0.0401
 190      0.0095        1.0000  |   -0.1289/ -0.0923/ -0.0848           -0.0848          -0.3826     0.0234  |       0.4118      0.0401
 191      0.0095        1.0000  |   -0.1153/ -0.0948/ -0.0856           -0.0856          -0.3826     0.0215  |       0.4118      0.0401
 192      0.0095        1.0000  |   -0.1209/ -0.0937/ -0.0848           -0.0848          -0.3826     0.0247  |       0.4118      0.0401
 193      0.0095        1.0000  |   -0.1160/ -0.0925/ -0.0844           -0.0844          -0.3826     0.0233  |       0.4118      0.0401
 194      0.0095        1.0000  |   -0.1183/ -0.0931/ -0.0852           -0.0852          -0.3826     0.0208  |       0.4118      0.0401
 195      0.0095        1.0000  |   -0.1188/ -0.0939/ -0.0856           -0.0856          -0.3826     0.0226  |       0.4118      0.0401
 196      0.0095        1.0000  |   -0.1214/ -0.0925/ -0.0848           -0.0848          -0.3826     0.0238  |       0.4118      0.0401
 197      0.0095        1.0000  |   -0.1169/ -0.0935/ -0.0847           -0.0847          -0.3826     0.0241  |       0.4118      0.0401
 198      0.0095        1.0000  |   -0.1175/ -0.0933/ -0.0847           -0.0847          -0.3826     0.0199  |       0.4118      0.0401
 199      0.0095        1.0000  |   -0.1390/ -0.0933/ -0.0841           -0.0841          -0.3826     0.0247  |       0.4118      0.0401
 200      0.0095        1.0000  |   -0.1167/ -0.0935/ -0.0850           -0.0850          -0.3826     0.0214  |       0.4118      0.0401
 201      0.0095        1.0000  |   -0.1259/ -0.0930/ -0.0842           -0.0842          -0.3826     0.0229  |       0.4118      0.0401
 202      0.0095        1.0000  |   -0.1149/ -0.0929/ -0.0840           -0.0840          -0.3826     0.0213  |       0.4118      0.0401
 203      0.0095        1.0000  |   -0.1132/ -0.0925/ -0.0845           -0.0845          -0.3826     0.0222  |       0.4118      0.0401
 204      0.0095        1.0000  |   -0.1257/ -0.0916/ -0.0828           -0.0828          -0.3826     0.0212  |       0.4118      0.0401
 205      0.0095        1.0000  |   -0.1198/ -0.0940/ -0.0847           -0.0847          -0.3826     0.0206  |       0.4118      0.0401
 206      0.0095        1.0000  |   -0.1215/ -0.0946/ -0.0853           -0.0853          -0.3826     0.0220  |       0.4118      0.0401
 207      0.0095        1.0000  |   -0.1280/ -0.0938/ -0.0837           -0.0837          -0.3826     0.0213  |       0.4118      0.0401
 208      0.0095        1.0000  |   -0.1124/ -0.0933/ -0.0842           -0.0842          -0.3826     0.0235  |       0.4118      0.0401
 209      0.0095        1.0000  |   -0.1171/ -0.0927/ -0.0844           -0.0844          -0.3826     0.0223  |       0.4118      0.0401
 210      0.0095        1.0000  |   -0.1250/ -0.0925/ -0.0842           -0.0842          -0.3826     0.0237  |       0.4118      0.0401
 211      0.0095        1.0000  |   -0.1132/ -0.0936/ -0.0853           -0.0853          -0.3826     0.0208  |       0.4118      0.0401
 212      0.0095        1.0000  |   -0.1142/ -0.0927/ -0.0848           -0.0848          -0.3826     0.0226  |       0.4118      0.0401
 213      0.0095        1.0000  |   -0.1179/ -0.0934/ -0.0856           -0.0856          -0.3826     0.0219  |       0.4118      0.0401
 214      0.0095        1.0000  |   -0.1190/ -0.0917/ -0.0835           -0.0835          -0.3826     0.0239  |       0.4118      0.0401
 215      0.0095        1.0000  |   -0.1260/ -0.0930/ -0.0851           -0.0851          -0.3826     0.0214  |       0.4118      0.0401
 216      0.0095        1.0000  |   -0.1324/ -0.0954/ -0.0843           -0.0843          -0.3826     0.0249  |       0.4118      0.0401
 217      0.0095        1.0000  |   -0.1288/ -0.0933/ -0.0854           -0.0854          -0.3826     0.0224  |       0.4118      0.0401
 218      0.0095        1.0000  |   -0.1182/ -0.0931/ -0.0849           -0.0849          -0.3826     0.0215  |       0.4118      0.0401
 219      0.0095        1.0000  |   -0.1298/ -0.0940/ -0.0852           -0.0852          -0.3826     0.0234  |       0.4118      0.0401
 220      0.0095        1.0000  |   -0.1194/ -0.0917/ -0.0837           -0.0837          -0.3826     0.0206  |       0.4118      0.0401
 221      0.0095        1.0000  |   -0.1183/ -0.0932/ -0.0854           -0.0854          -0.3826     0.0217  |       0.4118      0.0401
 222      0.0095        1.0000  |   -0.1349/ -0.0963/ -0.0866           -0.0866          -0.3826     0.0232  |       0.4118      0.0401
 223      0.0095        1.0000  |   -0.1351/ -0.0959/ -0.0863           -0.0863          -0.3826     0.0216  |       0.4118      0.0401
 224      0.0095        1.0000  |   -0.1191/ -0.0947/ -0.0863           -0.0863          -0.3826     0.0243  |       0.4118      0.0401
 225      0.0095        1.0000  |   -0.1165/ -0.0941/ -0.0840           -0.0840          -0.3826     0.0228  |       0.4118      0.0401
 226      0.0095        1.0000  |   -0.1155/ -0.0914/ -0.0833           -0.0833          -0.3826     0.0201  |       0.4118      0.0401
 227      0.0095        1.0000  |   -0.1193/ -0.0923/ -0.0848           -0.0848          -0.3826     0.0220  |       0.4118      0.0401
 228      0.0095        1.0000  |   -0.1228/ -0.0937/ -0.0843           -0.0843          -0.3826     0.0237  |       0.4118      0.0401
 229      0.0095        1.0000  |   -0.1312/ -0.0929/ -0.0849           -0.0849          -0.3826     0.0228  |       0.4118      0.0401
 230      0.0095        1.0000  |   -0.1257/ -0.0939/ -0.0845           -0.0845          -0.3826     0.0225  |       0.4118      0.0401
 231      0.0095        1.0000  |   -0.1117/ -0.0920/ -0.0845           -0.0845          -0.3826     0.0235  |       0.4118      0.0401
 232      0.0095        1.0000  |   -0.1289/ -0.0927/ -0.0837           -0.0837          -0.3826     0.0230  |       0.4118      0.0401
 233      0.0095        1.0000  |   -0.1160/ -0.0929/ -0.0839           -0.0839          -0.3826     0.0214  |       0.4118      0.0401
 234      0.0095        1.0000  |   -0.1180/ -0.0925/ -0.0841           -0.0841          -0.3826     0.0214  |       0.4118      0.0401
 235      0.0095        1.0000  |   -0.1324/ -0.0925/ -0.0848           -0.0848          -0.3826     0.0227  |       0.4118      0.0401
 236      0.0095        1.0000  |   -0.1167/ -0.0926/ -0.0848           -0.0848          -0.3826     0.0242  |       0.4118      0.0401
 237      0.0095        1.0000  |   -0.1186/ -0.0959/ -0.0875           -0.0875          -0.3826     0.0233  |       0.4118      0.0401
 238      0.0095        1.0000  |   -0.1296/ -0.0947/ -0.0859           -0.0859          -0.3826     0.0256  |       0.4118      0.0401
 239      0.0095        1.0000  |   -0.1254/ -0.0941/ -0.0858           -0.0858          -0.3826     0.0257  |       0.4118      0.0401
 240      0.0095        1.0000  |   -0.1148/ -0.0933/ -0.0850           -0.0850          -0.3826     0.0241  |       0.4118      0.0401
 241      0.0095        1.0000  |   -0.1225/ -0.0940/ -0.0857           -0.0857          -0.3826     0.0237  |       0.4118      0.0401
 242      0.0095        1.0000  |   -0.1233/ -0.0941/ -0.0847           -0.0847          -0.3826     0.0237  |       0.4118      0.0401
 243      0.0095        1.0000  |   -0.1129/ -0.0935/ -0.0843           -0.0843          -0.3826     0.0211  |       0.4118      0.0401
 244      0.0095        1.0000  |   -0.1312/ -0.0924/ -0.0844           -0.0844          -0.3826     0.0240  |       0.4118      0.0401
 245      0.0095        1.0000  |   -0.1144/ -0.0919/ -0.0833           -0.0833          -0.3826     0.0203  |       0.4118      0.0401
 246      0.0095        1.0000  |   -0.1183/ -0.0927/ -0.0849           -0.0849          -0.3826     0.0234  |       0.4118      0.0401
 247      0.0095        1.0000  |   -0.1196/ -0.0924/ -0.0839           -0.0839          -0.3826     0.0213  |       0.4118      0.0401
 248      0.0095        1.0000  |   -0.1172/ -0.0937/ -0.0844           -0.0844          -0.3826     0.0234  |       0.4118      0.0401
 249      0.0095        1.0000  |   -0.1212/ -0.0922/ -0.0839           -0.0839          -0.3826     0.0219  |       0.4118      0.0401
 250      0.0095        1.0000  |   -0.1172/ -0.0926/ -0.0844           -0.0844          -0.3826     0.0227  |       0.4118      0.0401
 251      0.0095        1.0000  |   -0.1156/ -0.0942/ -0.0856           -0.0856          -0.3826     0.0218  |       0.4118      0.0401
 252      0.0095        1.0000  |   -0.1190/ -0.0951/ -0.0853           -0.0853          -0.3826     0.0225  |       0.4118      0.0401
 253      0.0095        1.0000  |   -0.1271/ -0.0938/ -0.0845           -0.0845          -0.3826     0.0228  |       0.4118      0.0401
 254      0.0095        1.0000  |   -0.1134/ -0.0912/ -0.0836           -0.0836          -0.3826     0.0214  |       0.4118      0.0401
 255      0.0095        1.0000  |   -0.1218/ -0.0924/ -0.0847           -0.0847          -0.3826     0.0220  |       0.4118      0.0401
 256      0.0095        1.0000  |   -0.1152/ -0.0922/ -0.0844           -0.0844          -0.3826     0.0239  |       0.4118      0.0401
 257      0.0095        1.0000  |   -0.1139/ -0.0927/ -0.0848           -0.0848          -0.3826     0.0233  |       0.4118      0.0401
 258      0.0095        1.0000  |   -0.1224/ -0.0938/ -0.0855           -0.0855          -0.3826     0.0218  |       0.4118      0.0401
 259      0.0095        1.0000  |   -0.1208/ -0.0929/ -0.0846           -0.0846          -0.3826     0.0224  |       0.4118      0.0401
 260      0.0095        1.0000  |   -0.1200/ -0.0921/ -0.0841           -0.0841          -0.3826     0.0229  |       0.4118      0.0401
 261      0.0095        1.0000  |   -0.1269/ -0.0937/ -0.0854           -0.0854          -0.3826     0.0215  |       0.4118      0.0401
 262      0.0095        1.0000  |   -0.1255/ -0.0927/ -0.0846           -0.0846          -0.3826     0.0199  |       0.4118      0.0401
 263      0.0095        1.0000  |   -0.1283/ -0.0920/ -0.0838           -0.0838          -0.3826     0.0223  |       0.4118      0.0401
 264      0.0095        1.0000  |   -0.1195/ -0.0929/ -0.0840           -0.0840          -0.3826     0.0194  |       0.4118      0.0401
 265      0.0095        1.0000  |   -0.1171/ -0.0940/ -0.0857           -0.0857          -0.3826     0.0226  |       0.4118      0.0401
 266      0.0095        1.0000  |   -0.1165/ -0.0919/ -0.0834           -0.0834          -0.3826     0.0208  |       0.4118      0.0401
 267      0.0095        1.0000  |   -0.1217/ -0.0936/ -0.0852           -0.0852          -0.3826     0.0222  |       0.4118      0.0401
 268      0.0095        1.0000  |   -0.1259/ -0.0938/ -0.0844           -0.0844          -0.3826     0.0238  |       0.4118      0.0401
 269      0.0095        1.0000  |   -0.1155/ -0.0940/ -0.0861           -0.0861          -0.3826     0.0226  |       0.4118      0.0401
 270      0.0095        1.0000  |   -0.1207/ -0.0926/ -0.0850           -0.0850          -0.3826     0.0240  |       0.4118      0.0401
 271      0.0095        1.0000  |   -0.1150/ -0.0928/ -0.0839           -0.0839          -0.3826     0.0205  |       0.4118      0.0401
 272      0.0095        1.0000  |   -0.1201/ -0.0932/ -0.0850           -0.0850          -0.3826     0.0232  |       0.4118      0.0401
 273      0.0095        1.0000  |   -0.1266/ -0.0932/ -0.0856           -0.0856          -0.3826     0.0239  |       0.4118      0.0401
 274      0.0095        1.0000  |   -0.1241/ -0.0944/ -0.0850           -0.0850          -0.3826     0.0223  |       0.4118      0.0401
 275      0.0095        1.0000  |   -0.1225/ -0.0928/ -0.0847           -0.0847          -0.3826     0.0247  |       0.4118      0.0401
 276      0.0095        1.0000  |   -0.1133/ -0.0929/ -0.0838           -0.0838          -0.3826     0.0203  |       0.4118      0.0401
 277      0.0095        1.0000  |   -0.1237/ -0.0940/ -0.0861           -0.0861          -0.3826     0.0247  |       0.4118      0.0401
 278      0.0095        1.0000  |   -0.1266/ -0.0949/ -0.0861           -0.0861          -0.3826     0.0229  |       0.4118      0.0401
 279      0.0095        1.0000  |   -0.1205/ -0.0927/ -0.0855           -0.0855          -0.3826     0.0216  |       0.4118      0.0401
 280      0.0095        1.0000  |   -0.1151/ -0.0931/ -0.0848           -0.0848          -0.3826     0.0244  |       0.4118      0.0401
 281      0.0095        1.0000  |   -0.1183/ -0.0940/ -0.0860           -0.0860          -0.3826     0.0204  |       0.4118      0.0401
 282      0.0095        1.0000  |   -0.1408/ -0.0939/ -0.0863           -0.0863          -0.3826     0.0230  |       0.4118      0.0401
 283      0.0095        1.0000  |   -0.1110/ -0.0924/ -0.0843           -0.0843          -0.3826     0.0232  |       0.4118      0.0401
 284      0.0095        1.0000  |   -0.1243/ -0.0926/ -0.0838           -0.0838          -0.3826     0.0242  |       0.4118      0.0401
 285      0.0095        1.0000  |   -0.1215/ -0.0925/ -0.0842           -0.0842          -0.3826     0.0238  |       0.4118      0.0401
 286      0.0095        1.0000  |   -0.1423/ -0.0929/ -0.0848           -0.0848          -0.3826     0.0223  |       0.4118      0.0401
 287      0.0095        1.0000  |   -0.1240/ -0.0934/ -0.0848           -0.0848          -0.3826     0.0232  |       0.4118      0.0401
 288      0.0095        1.0000  |   -0.1202/ -0.0937/ -0.0848           -0.0848          -0.3826     0.0220  |       0.4118      0.0401
 289      0.0095        1.0000  |   -0.1118/ -0.0941/ -0.0853           -0.0853          -0.3826     0.0220  |       0.4118      0.0401
 290      0.0095        1.0000  |   -0.1184/ -0.0930/ -0.0852           -0.0852          -0.3826     0.0249  |       0.4118      0.0401
 291      0.0095        1.0000  |   -0.1137/ -0.0928/ -0.0842           -0.0842          -0.3826     0.0220  |       0.4118      0.0401
 292      0.0095        1.0000  |   -0.1258/ -0.0937/ -0.0850           -0.0850          -0.3826     0.0222  |       0.4118      0.0401
 293      0.0095        1.0000  |   -0.1250/ -0.0922/ -0.0846           -0.0846          -0.3826     0.0227  |       0.4118      0.0401
 294      0.0095        1.0000  |   -0.1092/ -0.0928/ -0.0837           -0.0837          -0.3826     0.0231  |       0.4118      0.0401
 295      0.0095        1.0000  |   -0.1309/ -0.0937/ -0.0847           -0.0847          -0.3826     0.0216  |       0.4118      0.0401
 296      0.0095        1.0000  |   -0.1154/ -0.0926/ -0.0854           -0.0854          -0.3826     0.0243  |       0.4118      0.0401
 297      0.0095        1.0000  |   -0.1166/ -0.0936/ -0.0853           -0.0853          -0.3826     0.0225  |       0.4118      0.0401
 298      0.0095        1.0000  |   -0.1336/ -0.0931/ -0.0839           -0.0839          -0.3826     0.0209  |       0.4118      0.0401
 299      0.0095        1.0000  |   -0.1243/ -0.0918/ -0.0840           -0.0840          -0.3826     0.0212  |       0.4118      0.0401
IMAGEIO FFMPEG_WRITER WARNING: input image is not divisible by macro_block_size=16, resizing from (320, 180) to (320, 192) to ensure video compatibility with most codecs and players. To prevent resizing, make your input image divisible by the macro_block_size or set the macro_block_size to 1 (risking incompatibility).

Saved 300 frames -> /home/ashwink/Documents/swms/SWM_copy/rollouts_5_per/expert+subopt/epoch5/epoch5_rollout3_success.mp4
min dist(green_cube,blue_moon) over episode = 0.0360  ->  SUCCESS
Full log written to /home/ashwink/Documents/swms/SWM_copy/rollouts_5_per/expert+subopt/epoch5/epoch5_rollout3_20260723_123916.log
Result json -> /home/ashwink/Documents/swms/SWM_copy/rollouts_5_per/expert+subopt/epoch5/epoch5_rollout3_result.json
