Checkpoint dir epoch: 11  Rollout: 0
Logging to /home/ashwink/Documents/swms/SWM_copy/rollouts_5_per/expert+subopt/epoch11/epoch11_rollout0_20260723_132401.log
Goal (fixed, steps 0-299): the green cube is touching the blue moon. the peg is touching the green cube.

Checkpoint: /home/ashwink/Documents/swms/SWM_copy/training/checkpoints_clip_full_fine-tuned_with_subopt_data/epoch_011.pt
  epoch=11  step=20232

Loading CLIP ViT-L/14 (datacomp_xl_s13b_b90k) + fine-tuned clip_state_dict ...
Parsing model identifier. Schema: None, Identifier: ViT-L-14
Loaded built-in ViT-L-14 model config.
Instantiating model architecture: CLIP
Loading full pretrained weights from: /home/ashwink/.cache/huggingface/hub/models--laion--CLIP-ViT-L-14-DataComp.XL-s13B-b90K/snapshots/84c9828e63dc9a9351d1fe637c346d4c1c4db341/open_clip_pytorch_model.bin
Final image preprocessing configuration set: {'size': (224, 224), 'mode': 'RGB', 'mean': (0.48145466, 0.4578275, 0.40821073), 'std': (0.26862954, 0.26130258, 0.27577711), 'interpolation': 'bicubic', 'resize_mode': 'shortest', 'fill_color': 0}
Model ViT-L-14 creation process complete.
Parsing tokenizer identifier. Schema: None, Identifier: ViT-L-14
Attempting to load config from built-in: ViT-L-14
Using default SimpleTokenizer.
z_star shape: torch.Size([768])

Loading action stats from /home/ashwink/full_data_5000/langtable/demos/ ...
  lo=[-0.03372681140899658, -0.03493623435497284]  hi=[0.03496786952018738, 0.03494429588317871]

Initializing LangTable env ...
Loading URDF plane.urdf
Loading URDF /home/ashwink/Documents/swms/.venv/lib/python3.10/site-packages/language_table/environments/utils/../../../language_table/environments/assets/workspace_real.urdf
Loading URDF xarm/xarm6_robot_white.urdf
Loading URDF /home/ashwink/Documents/swms/.venv/lib/python3.10/site-packages/language_table/environments/utils/../../../language_table/environments/assets/suction/cylinder_real.urdf
Loading URDF /home/ashwink/Documents/swms/.venv/lib/python3.10/site-packages/language_table/environments/utils/../../../language_table/environments/assets/blocks/red_moon.urdf
Loading URDF /home/ashwink/Documents/swms/.venv/lib/python3.10/site-packages/language_table/environments/utils/../../../language_table/environments/assets/blocks/red_cube.urdf
Loading URDF /home/ashwink/Documents/swms/.venv/lib/python3.10/site-packages/language_table/environments/utils/../../../language_table/environments/assets/blocks/red_star.urdf
Loading URDF /home/ashwink/Documents/swms/.venv/lib/python3.10/site-packages/language_table/environments/utils/../../../language_table/environments/assets/blocks/red_pentagon.urdf
Loading URDF /home/ashwink/Documents/swms/.venv/lib/python3.10/site-packages/language_table/environments/utils/../../../language_table/environments/assets/blocks/blue_moon.urdf
Loading URDF /home/ashwink/Documents/swms/.venv/lib/python3.10/site-packages/language_table/environments/utils/../../../language_table/environments/assets/blocks/blue_cube.urdf
Loading URDF /home/ashwink/Documents/swms/.venv/lib/python3.10/site-packages/language_table/environments/utils/../../../language_table/environments/assets/blocks/blue_star.urdf
Loading URDF /home/ashwink/Documents/swms/.venv/lib/python3.10/site-packages/language_table/environments/utils/../../../language_table/environments/assets/blocks/blue_pentagon.urdf
Loading URDF /home/ashwink/Documents/swms/.venv/lib/python3.10/site-packages/language_table/environments/utils/../../../language_table/environments/assets/blocks/yellow_moon.urdf
Loading URDF /home/ashwink/Documents/swms/.venv/lib/python3.10/site-packages/language_table/environments/utils/../../../language_table/environments/assets/blocks/yellow_cube.urdf
Loading URDF /home/ashwink/Documents/swms/.venv/lib/python3.10/site-packages/language_table/environments/utils/../../../language_table/environments/assets/blocks/yellow_star.urdf
Loading URDF /home/ashwink/Documents/swms/.venv/lib/python3.10/site-packages/language_table/environments/utils/../../../language_table/environments/assets/blocks/yellow_pentagon.urdf
Loading URDF /home/ashwink/Documents/swms/.venv/lib/python3.10/site-packages/language_table/environments/utils/../../../language_table/environments/assets/blocks/green_moon.urdf
Loading URDF /home/ashwink/Documents/swms/.venv/lib/python3.10/site-packages/language_table/environments/utils/../../../language_table/environments/assets/blocks/green_cube.urdf
Loading URDF /home/ashwink/Documents/swms/.venv/lib/python3.10/site-packages/language_table/environments/utils/../../../language_table/environments/assets/blocks/green_star.urdf
Loading URDF /home/ashwink/Documents/swms/.venv/lib/python3.10/site-packages/language_table/environments/utils/../../../language_table/environments/assets/blocks/green_pentagon.urdf
Loading URDF /home/ashwink/Documents/swms/.venv/lib/python3.10/site-packages/language_table/environments/utils/../../../language_table/environments/assets/blocks/purple_moon.urdf
Loading URDF /home/ashwink/Documents/swms/.venv/lib/python3.10/site-packages/language_table/environments/utils/../../../language_table/environments/assets/blocks/purple_cube.urdf
Loading URDF /home/ashwink/Documents/swms/.venv/lib/python3.10/site-packages/language_table/environments/utils/../../../language_table/environments/assets/blocks/purple_star.urdf
Loading URDF /home/ashwink/Documents/swms/.venv/lib/python3.10/site-packages/language_table/environments/utils/../../../language_table/environments/assets/blocks/purple_pentagon.urdf
Env ready.

Forced peg start: [0.42843915 0.24419614]  (green_cube=[0.40339102 0.18967466], blue_moon=[0.32039625 0.00902261])
  dist(peg,green_cube)=0.0600  dist(peg,blue_moon)=0.2588  dist(green_cube,blue_moon)=0.1988

step  cos(zt,z*)  cos(zt,zt-1)  |   cos(predK,z*) min/mean/max  cos(pred_sel,z*)   cos(zpred0,z*)  ||a_raw||  |  dist(peg,A)   dist(A,B)
-------------------------------------------------------------------------------------------------------------------------------------------------------------------------------
   0      0.1539           nan  |    0.5392/  0.5598/  0.5727            0.5727           0.6009     0.0196  |       0.0587      0.1988
   1      0.1583        0.9837  |    0.6576/  0.6727/  0.6819            0.6819           0.6195     0.0143  |       0.0415      0.1988
   2      0.1632        0.8623  |    0.6778/  0.7005/  0.7076            0.7076           0.5965     0.0168  |       0.0347      0.1980
   3      0.1416        0.8470  |    0.6440/  0.6543/  0.6624            0.6624           0.5421     0.0048  |       0.0351      0.1958
   4      0.1428        0.9540  |    0.6896/  0.7063/  0.7136            0.7136           0.5875     0.0087  |       0.0364      0.1956
   5      0.1486        0.8474  |    0.6950/  0.7160/  0.7229            0.7229           0.5879     0.0141  |       0.0354      0.1915
   6      0.1165        0.8563  |    0.6605/  0.6775/  0.6857            0.6857           0.5315     0.0117  |       0.0339      0.1838
   7      0.1082        0.8199  |    0.5981/  0.6083/  0.6158            0.6158           0.5190     0.0125  |       0.0336      0.1786
   8      0.0881        0.8619  |    0.4349/  0.4496/  0.4584            0.4584           0.2508     0.0105  |       0.0405      0.1786
   9      0.0064        0.8347  |    0.0490/  0.0678/  0.0796            0.0796          -0.1893     0.0096  |       0.0504      0.1786
  10     -0.0187        0.8755  |   -0.1869/ -0.1723/ -0.1605           -0.1605          -0.2726     0.0081  |       0.0598      0.1786
  11     -0.0762        0.8580  |   -0.1823/ -0.1620/ -0.1513           -0.1513          -0.3007     0.0087  |       0.0654      0.1786
  12     -0.0857        0.8894  |   -0.1626/ -0.1382/ -0.1264           -0.1264          -0.2950     0.0066  |       0.0737      0.1786
  13     -0.0541        0.9253  |   -0.1787/ -0.1585/ -0.1484           -0.1484          -0.2961     0.0052  |       0.0799      0.1786
  14     -0.0941        0.8856  |   -0.1652/ -0.1477/ -0.1390           -0.1390          -0.2671     0.0105  |       0.0832      0.1786
  15     -0.0840        0.9230  |   -0.1535/ -0.1343/ -0.1203           -0.1203          -0.2651     0.0091  |       0.0930      0.1786
  16     -0.0991        0.9143  |   -0.1500/ -0.1367/ -0.1270           -0.1270          -0.2652     0.0059  |       0.1021      0.1786
  17     -0.0825        0.9102  |   -0.1382/ -0.1090/ -0.0966           -0.0966          -0.2579     0.0056  |       0.1079      0.1786
  18     -0.0899        0.8429  |   -0.1489/ -0.1242/ -0.1142           -0.1142          -0.2481     0.0094  |       0.1122      0.1786
  19     -0.0873        0.8148  |   -0.1729/ -0.1554/ -0.1449           -0.1449          -0.2726     0.0066  |       0.1207      0.1786
  20     -0.0778        0.9117  |   -0.1535/ -0.1385/ -0.1257           -0.1257          -0.2674     0.0115  |       0.1272      0.1786
  21     -0.0754        0.7808  |   -0.1853/ -0.1724/ -0.1653           -0.1653          -0.2311     0.0098  |       0.1332      0.1786
  22     -0.0905        0.7993  |   -0.1296/ -0.1012/ -0.0811           -0.0811          -0.2609     0.0223  |       0.1277      0.1786
  23     -0.1110        0.6012  |   -0.1643/ -0.1445/ -0.1224           -0.1224          -0.2293     0.0078  |       0.1331      0.1786
  24     -0.0846        0.7944  |   -0.1678/ -0.1351/ -0.1211           -0.1211          -0.2406     0.0130  |       0.1373      0.1786
  25     -0.0738        0.8818  |   -0.0520/  0.0288/  0.0615            0.0615          -0.2538     0.0189  |       0.1456      0.1786
  26     -0.0365        0.7368  |   -0.1417/ -0.1116/ -0.0882           -0.0882          -0.2945     0.0070  |       0.1623      0.1786
  27     -0.0403        0.9045  |   -0.1350/ -0.0938/ -0.0692           -0.0692          -0.3202     0.0075  |       0.1695      0.1786
  28     -0.0554        0.9323  |   -0.0713/  0.0156/  0.0396            0.0396          -0.3481     0.0124  |       0.1729      0.1786
  29     -0.0434        0.8801  |   -0.1144/ -0.0727/ -0.0406           -0.0406          -0.3160     0.0160  |       0.1782      0.1786
  30     -0.0557        0.8038  |   -0.1963/ -0.1775/ -0.1640           -0.1640          -0.2977     0.0139  |       0.1887      0.1786
  31     -0.0633        0.7490  |   -0.1756/ -0.1373/ -0.1184           -0.1184          -0.2432     0.0163  |       0.1998      0.1786
  32     -0.0788        0.7543  |    0.0698/  0.0909/  0.1052            0.1052          -0.2933     0.0167  |       0.2148      0.1786
  33     -0.0718        0.6561  |   -0.0871/ -0.0540/ -0.0105           -0.0105          -0.2498     0.0238  |       0.2284      0.1786
  34     -0.0371        0.6654  |   -0.1457/ -0.1233/ -0.1026           -0.1026          -0.2979     0.0376  |       0.2513      0.1786
  35     -0.0480        0.6425  |    0.1772/  0.1937/  0.2097            0.2097          -0.2765     0.0284  |       0.2856      0.1786
  36     -0.0369        0.7071  |   -0.2023/ -0.1846/ -0.1710           -0.1710          -0.2724     0.0359  |       0.3139      0.1786
  37     -0.0179        0.6452  |   -0.2913/ -0.2625/ -0.2472           -0.2472          -0.2421     0.0375  |       0.3454      0.1786
  38     -0.0197        0.6551  |   -0.2975/ -0.2665/ -0.2504           -0.2504          -0.2561     0.0140  |       0.3820      0.1786
  39      0.0394        0.7888  |   -0.2697/ -0.2563/ -0.2485           -0.2485          -0.2585     0.0060  |       0.3975      0.1786
  40      0.0345        0.9801  |   -0.2324/ -0.2123/ -0.1926           -0.1926          -0.2591     0.0040  |       0.4023      0.1786
  41      0.0249        0.9774  |   -0.2155/ -0.2000/ -0.1890           -0.1890          -0.2510     0.0180  |       0.4000      0.1786
  42      0.0049        0.8209  |   -0.2184/ -0.1971/ -0.1856           -0.1856          -0.2620     0.0154  |       0.3871      0.1786
  43     -0.0162        0.8559  |   -0.1758/ -0.1467/ -0.1262           -0.1262          -0.2471     0.0082  |       0.3723      0.1786
  44     -0.0218        0.8706  |   -0.2810/ -0.2564/ -0.2404           -0.2404          -0.3869     0.0079  |       0.3657      0.1786
  45     -0.0292        0.9147  |   -0.2377/ -0.2220/ -0.2130           -0.2130          -0.2759     0.0109  |       0.3686      0.1786
  46     -0.0259        0.8286  |   -0.2613/ -0.2454/ -0.2358           -0.2358          -0.3643     0.0070  |       0.3630      0.1786
  47     -0.0153        0.8956  |   -0.2478/ -0.2319/ -0.2241           -0.2241          -0.3216     0.0106  |       0.3562      0.1786
  48     -0.0115        0.9158  |   -0.2472/ -0.2366/ -0.2284           -0.2284          -0.3307     0.0071  |       0.3537      0.1786
  49     -0.0252        0.9350  |   -0.2657/ -0.2540/ -0.2458           -0.2458          -0.3604     0.0030  |       0.3535      0.1786
  50     -0.0051        0.9573  |   -0.2362/ -0.2236/ -0.2164           -0.2164          -0.3250     0.0063  |       0.3521      0.1786
  51     -0.0058        0.9591  |   -0.2469/ -0.2342/ -0.2191           -0.2191          -0.3109     0.0199  |       0.3498      0.1786
  52     -0.0423        0.7009  |    0.0799/  0.1191/  0.1512            0.1512          -0.2663     0.0132  |       0.3410      0.1786
  53     -0.0558        0.6742  |   -0.2897/ -0.2770/ -0.2658           -0.2658          -0.3180     0.0094  |       0.3349      0.1786
  54     -0.0582        0.7773  |   -0.2113/ -0.2000/ -0.1887           -0.1887          -0.2522     0.0133  |       0.3357      0.1786
  55     -0.0568        0.8022  |   -0.1896/ -0.1736/ -0.1620           -0.1620          -0.2716     0.0086  |       0.3333      0.1786
  56     -0.0647        0.8136  |   -0.1765/ -0.1513/ -0.1406           -0.1406          -0.2427     0.0080  |       0.3360      0.1786
  57     -0.0563        0.8501  |   -0.1863/ -0.1650/ -0.1548           -0.1548          -0.2511     0.0135  |       0.3383      0.1786
  58     -0.0255        0.7698  |   -0.1998/ -0.1857/ -0.1761           -0.1761          -0.2489     0.0080  |       0.3460      0.1786
  59     -0.0021        0.7057  |    0.1810/  0.2164/  0.2456            0.2456          -0.2819     0.0230  |       0.3532      0.1786
  60     -0.0030        0.6540  |   -0.2022/ -0.1796/ -0.1671           -0.1671          -0.2845     0.0324  |       0.3741      0.1786
  61      0.0742        0.5467  |   -0.2551/ -0.2325/ -0.2116           -0.2116          -0.2282     0.0114  |       0.3906      0.1786
  62      0.0401        0.8109  |   -0.1196/ -0.0995/ -0.0818           -0.0818          -0.2511     0.0163  |       0.4023      0.1786
  63      0.0380        0.8907  |   -0.0444/ -0.0217/ -0.0080           -0.0080          -0.2676     0.0231  |       0.4133      0.1786
  64      0.0338        0.9247  |    0.0809/  0.0985/  0.1085            0.1085          -0.2089     0.0192  |       0.4277      0.1786
  65      0.0440        0.9737  |    0.2199/  0.2384/  0.2486            0.2486          -0.1508     0.0221  |       0.4356      0.1786
  66      0.0445        1.0000  |    0.2370/  0.2500/  0.2588            0.2588          -0.1506     0.0221  |       0.4467      0.1786
  67      0.0445        1.0000  |    0.2252/  0.2444/  0.2574            0.2574          -0.1506     0.0190  |       0.4575      0.1786
  68      0.0440        1.0000  |    0.2277/  0.2455/  0.2549            0.2549          -0.1508     0.0216  |       0.4691      0.1786
  69      0.0445        1.0000  |    0.2092/  0.2266/  0.2410            0.2410          -0.1499     0.0172  |       0.4837      0.1786
  70      0.0445        1.0000  |    0.2126/  0.2325/  0.2494            0.2494          -0.1499     0.0164  |       0.4919      0.1786
  71      0.0445        1.0000  |    0.2093/  0.2380/  0.2506            0.2506          -0.1506     0.0177  |       0.4956      0.1786
  72      0.0445        1.0000  |    0.2171/  0.2352/  0.2453            0.2453          -0.1499     0.0164  |       0.4998      0.1786
  73      0.0444        1.0000  |    0.2163/  0.2363/  0.2500            0.2500          -0.1504     0.0219  |       0.5033      0.1786
  74      0.0444        1.0000  |    0.2068/  0.2310/  0.2438            0.2438          -0.1504     0.0199  |       0.5088      0.1786
  75      0.0440        1.0000  |    0.2217/  0.2391/  0.2513            0.2513          -0.1508     0.0182  |       0.5145      0.1786
  76      0.0440        1.0000  |    0.2200/  0.2400/  0.2543            0.2543          -0.1508     0.0200  |       0.5195      0.1786
  77      0.0440        1.0000  |    0.2228/  0.2382/  0.2491            0.2491          -0.1508     0.0188  |       0.5210      0.1786
  78      0.0440        1.0000  |    0.2037/  0.2190/  0.2321            0.2321          -0.1508     0.0163  |       0.5212      0.1786
  79      0.0440        1.0000  |    0.2140/  0.2340/  0.2470            0.2470          -0.1508     0.0186  |       0.5213      0.1786
  80      0.0445        1.0000  |    0.2207/  0.2445/  0.2543            0.2543          -0.1499     0.0186  |       0.5214      0.1786
  81      0.0445        1.0000  |    0.2216/  0.2422/  0.2537            0.2537          -0.1499     0.0169  |       0.5214      0.1786
  82      0.0445        1.0000  |    0.2212/  0.2399/  0.2511            0.2511          -0.1499     0.0176  |       0.5215      0.1786
  83      0.0445        1.0000  |    0.2285/  0.2469/  0.2581            0.2581          -0.1499     0.0204  |       0.5213      0.1786
  84      0.0445        1.0000  |    0.2254/  0.2449/  0.2563            0.2563          -0.1499     0.0184  |       0.5213      0.1786
  85      0.0445        1.0000  |    0.2266/  0.2446/  0.2565            0.2565          -0.1499     0.0193  |       0.5214      0.1786
  86      0.0445        1.0000  |    0.2216/  0.2425/  0.2545            0.2545          -0.1499     0.0190  |       0.5214      0.1786
  87      0.0445        1.0000  |    0.2126/  0.2343/  0.2481            0.2481          -0.1499     0.0203  |       0.5215      0.1786
  88      0.0445        1.0000  |    0.2236/  0.2409/  0.2521            0.2521          -0.1499     0.0181  |       0.5215      0.1786
  89      0.0445        1.0000  |    0.2266/  0.2408/  0.2546            0.2546          -0.1499     0.0191  |       0.5214      0.1786
  90      0.0445        1.0000  |    0.2222/  0.2459/  0.2557            0.2557          -0.1499     0.0180  |       0.5214      0.1786
  91      0.0445        1.0000  |    0.2284/  0.2431/  0.2541            0.2541          -0.1499     0.0166  |       0.5215      0.1786
  92      0.0445        1.0000  |    0.2234/  0.2390/  0.2531            0.2531          -0.1504     0.0166  |       0.5215      0.1786
  93      0.0444        1.0000  |    0.2254/  0.2395/  0.2501            0.2501          -0.1502     0.0210  |       0.5215      0.1786
  94      0.0444        1.0000  |    0.2156/  0.2379/  0.2521            0.2521          -0.1502     0.0208  |       0.5215      0.1786
  95      0.0444        1.0000  |    0.2204/  0.2419/  0.2546            0.2546          -0.1502     0.0218  |       0.5214      0.1786
  96      0.0444        1.0000  |    0.2240/  0.2405/  0.2496            0.2496          -0.1502     0.0185  |       0.5214      0.1786
  97      0.0444        1.0000  |    0.2227/  0.2419/  0.2558            0.2558          -0.1502     0.0202  |       0.5215      0.1786
  98      0.0444        1.0000  |    0.2184/  0.2338/  0.2455            0.2455          -0.1502     0.0162  |       0.5215      0.1786
  99      0.0445        1.0000  |    0.2232/  0.2374/  0.2476            0.2476          -0.1497     0.0162  |       0.5215      0.1786
 100      0.0445        1.0000  |    0.2153/  0.2345/  0.2461            0.2461          -0.1497     0.0205  |       0.5216      0.1786
 101      0.0445        1.0000  |    0.2139/  0.2369/  0.2497            0.2497          -0.1497     0.0206  |       0.5216      0.1786
 102      0.0445        1.0000  |    0.2188/  0.2396/  0.2544            0.2544          -0.1499     0.0217  |       0.5215      0.1786
 103      0.0445        1.0000  |    0.2125/  0.2350/  0.2494            0.2494          -0.1497     0.0153  |       0.5215      0.1786
 104      0.0444        1.0000  |    0.2218/  0.2383/  0.2506            0.2506          -0.1502     0.0176  |       0.5215      0.1786
 105      0.0444        1.0000  |    0.2161/  0.2420/  0.2531            0.2531          -0.1502     0.0240  |       0.5215      0.1786
 106      0.0444        1.0000  |    0.2073/  0.2388/  0.2524            0.2524          -0.1502     0.0199  |       0.5215      0.1786
 107      0.0444        1.0000  |    0.2277/  0.2428/  0.2524            0.2524          -0.1502     0.0219  |       0.5215      0.1786
 108      0.0444        1.0000  |    0.2230/  0.2376/  0.2512            0.2512          -0.1502     0.0212  |       0.5216      0.1786
 109      0.0444        1.0000  |    0.2179/  0.2384/  0.2523            0.2523          -0.1502     0.0190  |       0.5216      0.1786
 110      0.0445        1.0000  |    0.2217/  0.2398/  0.2527            0.2527          -0.1496     0.0211  |       0.5215      0.1786
 111      0.0445        1.0000  |    0.2286/  0.2452/  0.2561            0.2561          -0.1497     0.0202  |       0.5214      0.1786
 112      0.0445        1.0000  |    0.2269/  0.2450/  0.2577            0.2577          -0.1497     0.0177  |       0.5215      0.1786
 113      0.0445        1.0000  |    0.2105/  0.2311/  0.2449            0.2449          -0.1497     0.0156  |       0.5215      0.1786
 114      0.0445        1.0000  |    0.2104/  0.2236/  0.2394            0.2394          -0.1506     0.0210  |       0.5216      0.1786
 115      0.0445        1.0000  |    0.2207/  0.2405/  0.2548            0.2548          -0.1497     0.0199  |       0.5216      0.1786
 116      0.0445        1.0000  |    0.2248/  0.2404/  0.2538            0.2538          -0.1496     0.0229  |       0.5216      0.1786
 117      0.0445        1.0000  |    0.2181/  0.2371/  0.2496            0.2496          -0.1496     0.0165  |       0.5216      0.1786
 118      0.0445        1.0000  |    0.2159/  0.2377/  0.2484            0.2484          -0.1496     0.0157  |       0.5216      0.1786
 119      0.0445        1.0000  |    0.2313/  0.2484/  0.2590            0.2590          -0.1496     0.0201  |       0.5215      0.1786
 120      0.0445        1.0000  |    0.2295/  0.2493/  0.2592            0.2592          -0.1496     0.0202  |       0.5215      0.1786
 121      0.0444        1.0000  |    0.2143/  0.2368/  0.2475            0.2475          -0.1496     0.0189  |       0.5215      0.1786
 122      0.0445        1.0000  |    0.2192/  0.2413/  0.2536            0.2536          -0.1496     0.0211  |       0.5216      0.1786
 123      0.0445        1.0000  |    0.2265/  0.2418/  0.2547            0.2547          -0.1496     0.0222  |       0.5217      0.1786
 124      0.0439        1.0000  |    0.2142/  0.2338/  0.2482            0.2482          -0.1508     0.0167  |       0.5217      0.1786
 125      0.0439        1.0000  |    0.2131/  0.2327/  0.2433            0.2433          -0.1508     0.0179  |       0.5217      0.1786
 126      0.0439        1.0000  |    0.2183/  0.2346/  0.2451            0.2451          -0.1508     0.0204  |       0.5217      0.1786
 127      0.0439        1.0000  |    0.2163/  0.2370/  0.2471            0.2471          -0.1508     0.0169  |       0.5217      0.1786
 128      0.0439        1.0000  |    0.2111/  0.2394/  0.2500            0.2500          -0.1508     0.0177  |       0.5216      0.1786
 129      0.0439        1.0000  |    0.2263/  0.2397/  0.2525            0.2525          -0.1508     0.0210  |       0.5216      0.1786
 130      0.0439        1.0000  |    0.2268/  0.2428/  0.2523            0.2523          -0.1508     0.0195  |       0.5216      0.1786
 131      0.0439        1.0000  |    0.2164/  0.2318/  0.2440            0.2440          -0.1508     0.0191  |       0.5216      0.1786
 132      0.0439        1.0000  |    0.2171/  0.2372/  0.2480            0.2480          -0.1508     0.0179  |       0.5216      0.1786
 133      0.0439        1.0000  |    0.2235/  0.2414/  0.2520            0.2520          -0.1508     0.0192  |       0.5216      0.1786
 134      0.0439        1.0000  |    0.2227/  0.2439/  0.2539            0.2539          -0.1508     0.0217  |       0.5216      0.1786
 135      0.0439        1.0000  |    0.2159/  0.2332/  0.2474            0.2474          -0.1508     0.0198  |       0.5216      0.1786
 136      0.0443        1.0000  |    0.2153/  0.2419/  0.2546            0.2546          -0.1510     0.0181  |       0.5216      0.1786
 137      0.0443        1.0000  |    0.2121/  0.2326/  0.2454            0.2454          -0.1510     0.0195  |       0.5216      0.1786
 138      0.0443        1.0000  |    0.2260/  0.2452/  0.2546            0.2546          -0.1510     0.0167  |       0.5216      0.1786
 139      0.0443        1.0000  |    0.2234/  0.2457/  0.2552            0.2552          -0.1510     0.0211  |       0.5216      0.1786
 140      0.0443        1.0000  |    0.2204/  0.2410/  0.2543            0.2543          -0.1510     0.0217  |       0.5216      0.1786
 141      0.0443        1.0000  |    0.2267/  0.2458/  0.2555            0.2555          -0.1510     0.0210  |       0.5216      0.1786
 142      0.0443        1.0000  |    0.2256/  0.2446/  0.2543            0.2543          -0.1510     0.0222  |       0.5216      0.1786
 143      0.0443        1.0000  |    0.2124/  0.2439/  0.2574            0.2574          -0.1510     0.0191  |       0.5216      0.1786
 144      0.0443        1.0000  |    0.2220/  0.2436/  0.2543            0.2543          -0.1510     0.0181  |       0.5216      0.1786
 145      0.0443        1.0000  |    0.2265/  0.2460/  0.2565            0.2565          -0.1510     0.0200  |       0.5216      0.1786
 146      0.0443        1.0000  |    0.2280/  0.2457/  0.2568            0.2568          -0.1503     0.0194  |       0.5216      0.1786
 147      0.0443        1.0000  |    0.2283/  0.2485/  0.2584            0.2584          -0.1503     0.0203  |       0.5216      0.1786
 148      0.0443        1.0000  |    0.2282/  0.2429/  0.2543            0.2543          -0.1503     0.0188  |       0.5216      0.1786
 149      0.0443        1.0000  |    0.2245/  0.2487/  0.2597            0.2597          -0.1503     0.0207  |       0.5216      0.1786
 150      0.0443        1.0000  |    0.2283/  0.2494/  0.2587            0.2587          -0.1503     0.0234  |       0.5216      0.1786
 151      0.0443        1.0000  |    0.2204/  0.2464/  0.2573            0.2573          -0.1503     0.0187  |       0.5216      0.1786
 152      0.0443        1.0000  |    0.2078/  0.2362/  0.2496            0.2496          -0.1503     0.0174  |       0.5216      0.1786
 153      0.0443        1.0000  |    0.2036/  0.2306/  0.2443            0.2443          -0.1503     0.0165  |       0.5216      0.1786
 154      0.0443        1.0000  |    0.2121/  0.2398/  0.2528            0.2528          -0.1503     0.0181  |       0.5216      0.1786
 155      0.0443        1.0000  |    0.2200/  0.2396/  0.2502            0.2502          -0.1503     0.0185  |       0.5216      0.1786
 156      0.0443        1.0000  |    0.2300/  0.2423/  0.2541            0.2541          -0.1503     0.0196  |       0.5216      0.1786
 157      0.0443        1.0000  |    0.2224/  0.2466/  0.2580            0.2580          -0.1503     0.0203  |       0.5216      0.1786
 158      0.0443        1.0000  |    0.2293/  0.2493/  0.2592            0.2592          -0.1503     0.0193  |       0.5216      0.1786
 159      0.0443        1.0000  |    0.2277/  0.2487/  0.2581            0.2581          -0.1503     0.0187  |       0.5216      0.1786
 160      0.0443        1.0000  |    0.2186/  0.2346/  0.2465            0.2465          -0.1503     0.0208  |       0.5216      0.1786
 161      0.0443        1.0000  |    0.2283/  0.2454/  0.2552            0.2552          -0.1503     0.0194  |       0.5216      0.1786
 162      0.0443        1.0000  |    0.2174/  0.2390/  0.2539            0.2539          -0.1503     0.0167  |       0.5216      0.1786
 163      0.0443        1.0000  |    0.2244/  0.2399/  0.2549            0.2549          -0.1503     0.0214  |       0.5216      0.1786
 164      0.0443        1.0000  |    0.2207/  0.2431/  0.2554            0.2554          -0.1503     0.0187  |       0.5216      0.1786
 165      0.0442        1.0000  |    0.2252/  0.2443/  0.2554            0.2554          -0.1501     0.0155  |       0.5216      0.1786
 166      0.0442        1.0000  |    0.2266/  0.2438/  0.2574            0.2574          -0.1501     0.0190  |       0.5216      0.1786
 167      0.0443        1.0000  |    0.2287/  0.2442/  0.2564            0.2564          -0.1505     0.0199  |       0.5216      0.1786
 168      0.0443        1.0000  |    0.2267/  0.2489/  0.2586            0.2586          -0.1505     0.0201  |       0.5216      0.1786
 169      0.0443        1.0000  |    0.2224/  0.2396/  0.2506            0.2506          -0.1505     0.0162  |       0.5216      0.1786
 170      0.0443        1.0000  |    0.2227/  0.2434/  0.2563            0.2563          -0.1505     0.0195  |       0.5216      0.1786
 171      0.0443        1.0000  |    0.2216/  0.2408/  0.2538            0.2538          -0.1505     0.0190  |       0.5216      0.1786
 172      0.0443        1.0000  |    0.2292/  0.2436/  0.2555            0.2555          -0.1505     0.0189  |       0.5216      0.1786
 173      0.0443        1.0000  |    0.2241/  0.2456/  0.2575            0.2575          -0.1505     0.0202  |       0.5216      0.1786
 174      0.0443        1.0000  |    0.2067/  0.2438/  0.2547            0.2547          -0.1505     0.0194  |       0.5216      0.1786
 175      0.0443        1.0000  |    0.2113/  0.2405/  0.2559            0.2559          -0.1505     0.0200  |       0.5216      0.1786
 176      0.0443        1.0000  |    0.2203/  0.2417/  0.2530            0.2530          -0.1505     0.0192  |       0.5216      0.1786
 177      0.0443        1.0000  |    0.2229/  0.2392/  0.2513            0.2513          -0.1505     0.0181  |       0.5216      0.1786
 178      0.0443        1.0000  |    0.2241/  0.2456/  0.2575            0.2575          -0.1505     0.0199  |       0.5216      0.1786
 179      0.0443        1.0000  |    0.2278/  0.2436/  0.2581            0.2581          -0.1505     0.0191  |       0.5216      0.1786
 180      0.0443        1.0000  |    0.2296/  0.2454/  0.2587            0.2587          -0.1505     0.0195  |       0.5216      0.1786
 181      0.0443        1.0000  |    0.2207/  0.2427/  0.2541            0.2541          -0.1505     0.0193  |       0.5216      0.1786
 182      0.0443        1.0000  |    0.2226/  0.2403/  0.2523            0.2523          -0.1505     0.0175  |       0.5216      0.1786
 183      0.0443        1.0000  |    0.2161/  0.2335/  0.2464            0.2464          -0.1505     0.0153  |       0.5216      0.1786
 184      0.0443        1.0000  |    0.2219/  0.2435/  0.2578            0.2578          -0.1505     0.0186  |       0.5216      0.1786
 185      0.0443        1.0000  |    0.2304/  0.2467/  0.2572            0.2572          -0.1505     0.0203  |       0.5216      0.1786
 186      0.0443        1.0000  |    0.2165/  0.2272/  0.2351            0.2351          -0.1505     0.0192  |       0.5216      0.1786
 187      0.0443        1.0000  |    0.2191/  0.2376/  0.2497            0.2497          -0.1505     0.0202  |       0.5216      0.1786
 188      0.0443        1.0000  |    0.2040/  0.2228/  0.2357            0.2357          -0.1505     0.0214  |       0.5216      0.1786
 189      0.0443        1.0000  |    0.2146/  0.2303/  0.2417            0.2417          -0.1505     0.0148  |       0.5216      0.1786
 190      0.0443        1.0000  |    0.2199/  0.2405/  0.2527            0.2527          -0.1505     0.0177  |       0.5216      0.1786
 191      0.0443        1.0000  |    0.2243/  0.2418/  0.2534            0.2534          -0.1505     0.0229  |       0.5216      0.1786
 192      0.0443        1.0000  |    0.2133/  0.2330/  0.2475            0.2475          -0.1505     0.0177  |       0.5216      0.1786
 193      0.0443        1.0000  |    0.2221/  0.2410/  0.2542            0.2542          -0.1505     0.0215  |       0.5216      0.1786
 194      0.0443        1.0000  |    0.2129/  0.2466/  0.2581            0.2581          -0.1505     0.0215  |       0.5216      0.1786
 195      0.0443        1.0000  |    0.2251/  0.2447/  0.2570            0.2570          -0.1505     0.0193  |       0.5216      0.1786
 196      0.0443        1.0000  |    0.2201/  0.2373/  0.2481            0.2481          -0.1505     0.0186  |       0.5216      0.1786
 197      0.0443        1.0000  |    0.2182/  0.2378/  0.2507            0.2507          -0.1505     0.0226  |       0.5216      0.1786
 198      0.0443        1.0000  |    0.2205/  0.2350/  0.2465            0.2465          -0.1505     0.0203  |       0.5216      0.1786
 199      0.0443        1.0000  |    0.2321/  0.2486/  0.2594            0.2594          -0.1505     0.0193  |       0.5216      0.1786
 200      0.0443        1.0000  |    0.2332/  0.2471/  0.2580            0.2580          -0.1505     0.0200  |       0.5216      0.1786
 201      0.0443        1.0000  |    0.2148/  0.2376/  0.2501            0.2501          -0.1505     0.0179  |       0.5216      0.1786
 202      0.0443        1.0000  |    0.2305/  0.2448/  0.2532            0.2532          -0.1505     0.0201  |       0.5216      0.1786
 203      0.0443        1.0000  |    0.2056/  0.2247/  0.2377            0.2377          -0.1505     0.0171  |       0.5216      0.1786
 204      0.0443        1.0000  |    0.2199/  0.2391/  0.2491            0.2491          -0.1505     0.0170  |       0.5216      0.1786
 205      0.0443        1.0000  |    0.2112/  0.2295/  0.2417            0.2417          -0.1505     0.0176  |       0.5216      0.1786
 206      0.0443        1.0000  |    0.2217/  0.2384/  0.2522            0.2522          -0.1505     0.0208  |       0.5216      0.1786
 207      0.0443        1.0000  |    0.2299/  0.2456/  0.2564            0.2564          -0.1505     0.0211  |       0.5216      0.1786
 208      0.0443        1.0000  |    0.2298/  0.2463/  0.2560            0.2560          -0.1505     0.0203  |       0.5216      0.1786
 209      0.0443        1.0000  |    0.2073/  0.2292/  0.2435            0.2435          -0.1505     0.0160  |       0.5216      0.1786
 210      0.0443        1.0000  |    0.2143/  0.2345/  0.2491            0.2491          -0.1505     0.0216  |       0.5216      0.1786
 211      0.0444        1.0000  |    0.2258/  0.2419/  0.2544            0.2544          -0.1506     0.0227  |       0.5216      0.1786
 212      0.0443        1.0000  |    0.2258/  0.2416/  0.2522            0.2522          -0.1505     0.0233  |       0.5216      0.1786
 213      0.0444        1.0000  |    0.2237/  0.2399/  0.2529            0.2529          -0.1506     0.0190  |       0.5216      0.1786
 214      0.0445        1.0000  |    0.2152/  0.2376/  0.2501            0.2501          -0.1502     0.0221  |       0.5216      0.1786
 215      0.0445        1.0000  |    0.2099/  0.2287/  0.2401            0.2401          -0.1502     0.0178  |       0.5216      0.1786
 216      0.0445        1.0000  |    0.2238/  0.2445/  0.2554            0.2554          -0.1502     0.0182  |       0.5216      0.1786
 217      0.0445        1.0000  |    0.2180/  0.2440/  0.2553            0.2553          -0.1502     0.0215  |       0.5216      0.1786
 218      0.0445        1.0000  |    0.2119/  0.2344/  0.2467            0.2467          -0.1502     0.0165  |       0.5216      0.1786
 219      0.0445        1.0000  |    0.2252/  0.2436/  0.2553            0.2553          -0.1502     0.0202  |       0.5216      0.1786
 220      0.0445        1.0000  |    0.2285/  0.2434/  0.2538            0.2538          -0.1502     0.0189  |       0.5216      0.1786
 221      0.0445        1.0000  |    0.2251/  0.2407/  0.2523            0.2523          -0.1502     0.0196  |       0.5216      0.1786
 222      0.0445        1.0000  |    0.2182/  0.2438/  0.2541            0.2541          -0.1499     0.0199  |       0.5216      0.1786
 223      0.0445        1.0000  |    0.2188/  0.2391/  0.2515            0.2515          -0.1499     0.0202  |       0.5216      0.1786
 224      0.0445        1.0000  |    0.2199/  0.2415/  0.2527            0.2527          -0.1502     0.0167  |       0.5216      0.1786
 225      0.0445        1.0000  |    0.2150/  0.2341/  0.2456            0.2456          -0.1499     0.0215  |       0.5216      0.1786
 226      0.0445        1.0000  |    0.2316/  0.2454/  0.2561            0.2561          -0.1499     0.0212  |       0.5216      0.1786
 227      0.0445        1.0000  |    0.2304/  0.2484/  0.2586            0.2586          -0.1499     0.0183  |       0.5216      0.1786
 228      0.0445        1.0000  |    0.2243/  0.2457/  0.2558            0.2558          -0.1499     0.0193  |       0.5216      0.1786
 229      0.0445        1.0000  |    0.2254/  0.2478/  0.2593            0.2593          -0.1499     0.0211  |       0.5216      0.1786
 230      0.0445        1.0000  |    0.2295/  0.2452/  0.2573            0.2573          -0.1499     0.0195  |       0.5216      0.1786
 231      0.0445        1.0000  |    0.2299/  0.2465/  0.2551            0.2551          -0.1499     0.0166  |       0.5216      0.1786
 232      0.0445        1.0000  |    0.2252/  0.2400/  0.2527            0.2527          -0.1500     0.0155  |       0.5216      0.1786
 233      0.0445        1.0000  |    0.2213/  0.2439/  0.2543            0.2543          -0.1500     0.0188  |       0.5216      0.1786
 234      0.0445        1.0000  |    0.2200/  0.2428/  0.2540            0.2540          -0.1500     0.0220  |       0.5216      0.1786
 235      0.0445        1.0000  |    0.2240/  0.2413/  0.2546            0.2546          -0.1500     0.0182  |       0.5216      0.1786
 236      0.0445        1.0000  |    0.2220/  0.2447/  0.2562            0.2562          -0.1501     0.0222  |       0.5216      0.1786
 237      0.0445        1.0000  |    0.2309/  0.2453/  0.2551            0.2551          -0.1501     0.0217  |       0.5216      0.1786
 238      0.0445        1.0000  |    0.2211/  0.2473/  0.2585            0.2585          -0.1501     0.0206  |       0.5216      0.1786
 239      0.0445        1.0000  |    0.2171/  0.2427/  0.2542            0.2542          -0.1501     0.0194  |       0.5216      0.1786
 240      0.0445        1.0000  |    0.2195/  0.2384/  0.2502            0.2502          -0.1501     0.0192  |       0.5216      0.1786
 241      0.0445        1.0000  |    0.1975/  0.2369/  0.2496            0.2496          -0.1501     0.0199  |       0.5216      0.1786
 242      0.0445        1.0000  |    0.2272/  0.2473/  0.2562            0.2562          -0.1501     0.0192  |       0.5216      0.1786
 243      0.0445        1.0000  |    0.2184/  0.2439/  0.2578            0.2578          -0.1501     0.0212  |       0.5216      0.1786
 244      0.0445        1.0000  |    0.2219/  0.2404/  0.2522            0.2522          -0.1501     0.0202  |       0.5216      0.1786
 245      0.0445        1.0000  |    0.2202/  0.2389/  0.2516            0.2516          -0.1501     0.0186  |       0.5216      0.1786
 246      0.0445        1.0000  |    0.2275/  0.2443/  0.2539            0.2539          -0.1501     0.0161  |       0.5216      0.1786
 247      0.0445        1.0000  |    0.2231/  0.2395/  0.2533            0.2533          -0.1501     0.0192  |       0.5216      0.1786
 248      0.0445        1.0000  |    0.2238/  0.2449/  0.2553            0.2553          -0.1501     0.0189  |       0.5216      0.1786
 249      0.0445        1.0000  |    0.2189/  0.2393/  0.2497            0.2497          -0.1501     0.0190  |       0.5216      0.1786
 250      0.0445        1.0000  |    0.2144/  0.2450/  0.2564            0.2564          -0.1501     0.0201  |       0.5216      0.1786
 251      0.0445        1.0000  |    0.2215/  0.2403/  0.2515            0.2515          -0.1501     0.0211  |       0.5216      0.1786
 252      0.0445        1.0000  |    0.2163/  0.2285/  0.2389            0.2389          -0.1501     0.0196  |       0.5216      0.1786
 253      0.0445        1.0000  |    0.2031/  0.2325/  0.2476            0.2476          -0.1501     0.0160  |       0.5216      0.1786
 254      0.0445        1.0000  |    0.2241/  0.2431/  0.2555            0.2555          -0.1501     0.0205  |       0.5216      0.1786
 255      0.0445        1.0000  |    0.2216/  0.2448/  0.2562            0.2562          -0.1501     0.0204  |       0.5216      0.1786
 256      0.0445        1.0000  |    0.2121/  0.2434/  0.2558            0.2558          -0.1501     0.0196  |       0.5216      0.1786
 257      0.0445        1.0000  |    0.2260/  0.2485/  0.2587            0.2587          -0.1501     0.0203  |       0.5216      0.1786
 258      0.0445        1.0000  |    0.2248/  0.2378/  0.2512            0.2512          -0.1501     0.0159  |       0.5216      0.1786
 259      0.0445        1.0000  |    0.2184/  0.2468/  0.2585            0.2585          -0.1501     0.0195  |       0.5216      0.1786
 260      0.0445        1.0000  |    0.2216/  0.2428/  0.2556            0.2556          -0.1501     0.0201  |       0.5216      0.1786
 261      0.0445        1.0000  |    0.2211/  0.2383/  0.2502            0.2502          -0.1501     0.0196  |       0.5216      0.1786
 262      0.0445        1.0000  |    0.2208/  0.2415/  0.2526            0.2526          -0.1501     0.0184  |       0.5216      0.1786
 263      0.0445        1.0000  |    0.2121/  0.2402/  0.2524            0.2524          -0.1501     0.0158  |       0.5216      0.1786
 264      0.0445        1.0000  |    0.2223/  0.2420/  0.2531            0.2531          -0.1501     0.0163  |       0.5216      0.1786
 265      0.0445        1.0000  |    0.2247/  0.2446/  0.2560            0.2560          -0.1501     0.0181  |       0.5216      0.1786
 266      0.0445        1.0000  |    0.2237/  0.2445/  0.2551            0.2551          -0.1501     0.0175  |       0.5216      0.1786
 267      0.0445        1.0000  |    0.2139/  0.2412/  0.2544            0.2544          -0.1501     0.0209  |       0.5216      0.1786
 268      0.0445        1.0000  |    0.2157/  0.2370/  0.2463            0.2463          -0.1501     0.0204  |       0.5216      0.1786
 269      0.0445        1.0000  |    0.2197/  0.2380/  0.2511            0.2511          -0.1501     0.0189  |       0.5216      0.1786
 270      0.0445        1.0000  |    0.2250/  0.2411/  0.2525            0.2525          -0.1501     0.0185  |       0.5216      0.1786
 271      0.0445        1.0000  |    0.2271/  0.2461/  0.2571            0.2571          -0.1501     0.0181  |       0.5216      0.1786
 272      0.0445        1.0000  |    0.2198/  0.2389/  0.2513            0.2513          -0.1501     0.0217  |       0.5216      0.1786
 273      0.0445        1.0000  |    0.2187/  0.2383/  0.2525            0.2525          -0.1501     0.0195  |       0.5216      0.1786
 274      0.0445        1.0000  |    0.2197/  0.2354/  0.2485            0.2485          -0.1501     0.0211  |       0.5216      0.1786
 275      0.0445        1.0000  |    0.2249/  0.2458/  0.2595            0.2595          -0.1501     0.0207  |       0.5216      0.1786
 276      0.0445        1.0000  |    0.2136/  0.2335/  0.2490            0.2490          -0.1501     0.0210  |       0.5216      0.1786
 277      0.0445        1.0000  |    0.2169/  0.2341/  0.2499            0.2499          -0.1501     0.0196  |       0.5216      0.1786
 278      0.0445        1.0000  |    0.2226/  0.2406/  0.2525            0.2525          -0.1501     0.0185  |       0.5216      0.1786
 279      0.0445        1.0000  |    0.2250/  0.2441/  0.2564            0.2564          -0.1501     0.0184  |       0.5216      0.1786
 280      0.0445        1.0000  |    0.2210/  0.2407/  0.2527            0.2527          -0.1501     0.0192  |       0.5216      0.1786
 281      0.0445        1.0000  |    0.2171/  0.2413/  0.2538            0.2538          -0.1501     0.0195  |       0.5216      0.1786
 282      0.0445        1.0000  |    0.2177/  0.2337/  0.2480            0.2480          -0.1501     0.0164  |       0.5216      0.1786
 283      0.0445        1.0000  |    0.2004/  0.2108/  0.2219            0.2219          -0.1501     0.0164  |       0.5216      0.1786
 284      0.0445        1.0000  |    0.2087/  0.2314/  0.2450            0.2450          -0.1501     0.0159  |       0.5216      0.1786
 285      0.0445        1.0000  |    0.2108/  0.2338/  0.2452            0.2452          -0.1501     0.0171  |       0.5216      0.1786
 286      0.0445        1.0000  |    0.2235/  0.2441/  0.2564            0.2564          -0.1501     0.0185  |       0.5216      0.1786
 287      0.0445        1.0000  |    0.2268/  0.2491/  0.2600            0.2600          -0.1501     0.0210  |       0.5216      0.1786
 288      0.0445        1.0000  |    0.2209/  0.2414/  0.2539            0.2539          -0.1501     0.0198  |       0.5216      0.1786
 289      0.0445        1.0000  |    0.2213/  0.2396/  0.2508            0.2508          -0.1501     0.0183  |       0.5216      0.1786
 290      0.0445        1.0000  |    0.2220/  0.2412/  0.2520            0.2520          -0.1501     0.0174  |       0.5216      0.1786
 291      0.0445        1.0000  |    0.2218/  0.2408/  0.2534            0.2534          -0.1501     0.0204  |       0.5216      0.1786
 292      0.0445        1.0000  |    0.2251/  0.2437/  0.2543            0.2543          -0.1501     0.0200  |       0.5216      0.1786
 293      0.0445        1.0000  |    0.2287/  0.2467/  0.2569            0.2569          -0.1498     0.0233  |       0.5216      0.1786
 294      0.0445        1.0000  |    0.2278/  0.2472/  0.2567            0.2567          -0.1498     0.0214  |       0.5216      0.1786
 295      0.0445        1.0000  |    0.2101/  0.2254/  0.2378            0.2378          -0.1498     0.0175  |       0.5216      0.1786
 296      0.0445        1.0000  |    0.2328/  0.2493/  0.2589            0.2589          -0.1498     0.0204  |       0.5216      0.1786
 297      0.0445        1.0000  |    0.2318/  0.2493/  0.2593            0.2593          -0.1498     0.0209  |       0.5216      0.1786
 298      0.0445        1.0000  |    0.2222/  0.2380/  0.2516            0.2516          -0.1499     0.0200  |       0.5216      0.1786
 299      0.0445        1.0000  |    0.2204/  0.2391/  0.2507            0.2507          -0.1499     0.0179  |       0.5216      0.1786
IMAGEIO FFMPEG_WRITER WARNING: input image is not divisible by macro_block_size=16, resizing from (320, 180) to (320, 192) to ensure video compatibility with most codecs and players. To prevent resizing, make your input image divisible by the macro_block_size or set the macro_block_size to 1 (risking incompatibility).

Saved 300 frames -> /home/ashwink/Documents/swms/SWM_copy/rollouts_5_per/expert+subopt/epoch11/epoch11_rollout0_failure.mp4
min dist(green_cube,blue_moon) over episode = 0.1786  ->  FAILURE
Full log written to /home/ashwink/Documents/swms/SWM_copy/rollouts_5_per/expert+subopt/epoch11/epoch11_rollout0_20260723_132401.log
Result json -> /home/ashwink/Documents/swms/SWM_copy/rollouts_5_per/expert+subopt/epoch11/epoch11_rollout0_result.json
