Checkpoint dir epoch: 11  Rollout: 2
Logging to /home/ashwink/Documents/swms/SWM_copy/rollouts_5_per/expert+subopt/epoch11/epoch11_rollout2_20260723_132732.log
Goal (fixed, steps 0-299): the green cube is touching the blue moon. the peg is touching the green cube.

Checkpoint: /home/ashwink/Documents/swms/SWM_copy/training/checkpoints_clip_full_fine-tuned_with_subopt_data/epoch_011.pt
  epoch=11  step=20232

Loading CLIP ViT-L/14 (datacomp_xl_s13b_b90k) + fine-tuned clip_state_dict ...
Parsing model identifier. Schema: None, Identifier: ViT-L-14
Loaded built-in ViT-L-14 model config.
Instantiating model architecture: CLIP
Loading full pretrained weights from: /home/ashwink/.cache/huggingface/hub/models--laion--CLIP-ViT-L-14-DataComp.XL-s13B-b90K/snapshots/84c9828e63dc9a9351d1fe637c346d4c1c4db341/open_clip_pytorch_model.bin
Final image preprocessing configuration set: {'size': (224, 224), 'mode': 'RGB', 'mean': (0.48145466, 0.4578275, 0.40821073), 'std': (0.26862954, 0.26130258, 0.27577711), 'interpolation': 'bicubic', 'resize_mode': 'shortest', 'fill_color': 0}
Model ViT-L-14 creation process complete.
Parsing tokenizer identifier. Schema: None, Identifier: ViT-L-14
Attempting to load config from built-in: ViT-L-14
Using default SimpleTokenizer.
z_star shape: torch.Size([768])

Loading action stats from /home/ashwink/full_data_5000/langtable/demos/ ...
  lo=[-0.03372681140899658, -0.03493623435497284]  hi=[0.03496786952018738, 0.03494429588317871]

Initializing LangTable env ...
Loading URDF plane.urdf
Loading URDF /home/ashwink/Documents/swms/.venv/lib/python3.10/site-packages/language_table/environments/utils/../../../language_table/environments/assets/workspace_real.urdf
Loading URDF xarm/xarm6_robot_white.urdf
Loading URDF /home/ashwink/Documents/swms/.venv/lib/python3.10/site-packages/language_table/environments/utils/../../../language_table/environments/assets/suction/cylinder_real.urdf
Loading URDF /home/ashwink/Documents/swms/.venv/lib/python3.10/site-packages/language_table/environments/utils/../../../language_table/environments/assets/blocks/red_moon.urdf
Loading URDF /home/ashwink/Documents/swms/.venv/lib/python3.10/site-packages/language_table/environments/utils/../../../language_table/environments/assets/blocks/red_cube.urdf
Loading URDF /home/ashwink/Documents/swms/.venv/lib/python3.10/site-packages/language_table/environments/utils/../../../language_table/environments/assets/blocks/red_star.urdf
Loading URDF /home/ashwink/Documents/swms/.venv/lib/python3.10/site-packages/language_table/environments/utils/../../../language_table/environments/assets/blocks/red_pentagon.urdf
Loading URDF /home/ashwink/Documents/swms/.venv/lib/python3.10/site-packages/language_table/environments/utils/../../../language_table/environments/assets/blocks/blue_moon.urdf
Loading URDF /home/ashwink/Documents/swms/.venv/lib/python3.10/site-packages/language_table/environments/utils/../../../language_table/environments/assets/blocks/blue_cube.urdf
Loading URDF /home/ashwink/Documents/swms/.venv/lib/python3.10/site-packages/language_table/environments/utils/../../../language_table/environments/assets/blocks/blue_star.urdf
Loading URDF /home/ashwink/Documents/swms/.venv/lib/python3.10/site-packages/language_table/environments/utils/../../../language_table/environments/assets/blocks/blue_pentagon.urdf
Loading URDF /home/ashwink/Documents/swms/.venv/lib/python3.10/site-packages/language_table/environments/utils/../../../language_table/environments/assets/blocks/yellow_moon.urdf
Loading URDF /home/ashwink/Documents/swms/.venv/lib/python3.10/site-packages/language_table/environments/utils/../../../language_table/environments/assets/blocks/yellow_cube.urdf
Loading URDF /home/ashwink/Documents/swms/.venv/lib/python3.10/site-packages/language_table/environments/utils/../../../language_table/environments/assets/blocks/yellow_star.urdf
Loading URDF /home/ashwink/Documents/swms/.venv/lib/python3.10/site-packages/language_table/environments/utils/../../../language_table/environments/assets/blocks/yellow_pentagon.urdf
Loading URDF /home/ashwink/Documents/swms/.venv/lib/python3.10/site-packages/language_table/environments/utils/../../../language_table/environments/assets/blocks/green_moon.urdf
Loading URDF /home/ashwink/Documents/swms/.venv/lib/python3.10/site-packages/language_table/environments/utils/../../../language_table/environments/assets/blocks/green_cube.urdf
Loading URDF /home/ashwink/Documents/swms/.venv/lib/python3.10/site-packages/language_table/environments/utils/../../../language_table/environments/assets/blocks/green_star.urdf
Loading URDF /home/ashwink/Documents/swms/.venv/lib/python3.10/site-packages/language_table/environments/utils/../../../language_table/environments/assets/blocks/green_pentagon.urdf
Loading URDF /home/ashwink/Documents/swms/.venv/lib/python3.10/site-packages/language_table/environments/utils/../../../language_table/environments/assets/blocks/purple_moon.urdf
Loading URDF /home/ashwink/Documents/swms/.venv/lib/python3.10/site-packages/language_table/environments/utils/../../../language_table/environments/assets/blocks/purple_cube.urdf
Loading URDF /home/ashwink/Documents/swms/.venv/lib/python3.10/site-packages/language_table/environments/utils/../../../language_table/environments/assets/blocks/purple_star.urdf
Loading URDF /home/ashwink/Documents/swms/.venv/lib/python3.10/site-packages/language_table/environments/utils/../../../language_table/environments/assets/blocks/purple_pentagon.urdf
Env ready.

Forced peg start: [0.42843915 0.24419614]  (green_cube=[0.40339102 0.18967466], blue_moon=[0.32039625 0.00902261])
  dist(peg,green_cube)=0.0600  dist(peg,blue_moon)=0.2588  dist(green_cube,blue_moon)=0.1988

step  cos(zt,z*)  cos(zt,zt-1)  |   cos(predK,z*) min/mean/max  cos(pred_sel,z*)   cos(zpred0,z*)  ||a_raw||  |  dist(peg,A)   dist(A,B)
-------------------------------------------------------------------------------------------------------------------------------------------------------------------------------
   0      0.1539           nan  |    0.3940/  0.4286/  0.4589            0.4589           0.6009     0.0165  |       0.0587      0.1988
   1      0.1529        0.9847  |    0.6246/  0.6422/  0.6538            0.6538           0.5852     0.0107  |       0.0450      0.1988
   2      0.1537        0.9854  |    0.6615/  0.6767/  0.6877            0.6877           0.6127     0.0148  |       0.0378      0.1988
   3      0.1690        0.8326  |    0.7047/  0.7190/  0.7290            0.7290           0.6327     0.0089  |       0.0338      0.1893
   4      0.1711        0.8616  |    0.6485/  0.6641/  0.6728            0.6728           0.5648     0.0145  |       0.0334      0.1804
   5      0.1148        0.6797  |    0.6454/  0.6636/  0.6721            0.6721           0.4406     0.0123  |       0.0344      0.1680
   6      0.0894        0.8212  |    0.5943/  0.6083/  0.6177            0.6177           0.3393     0.0142  |       0.0342      0.1581
   7      0.0713        0.8052  |    0.4220/  0.4363/  0.4525            0.4525           0.0174     0.0110  |       0.0346      0.1482
   8      0.0845        0.8453  |    0.5551/  0.5670/  0.5749            0.5749           0.1869     0.0090  |       0.0344      0.1460
   9      0.1017        0.7707  |    0.5117/  0.5264/  0.5368            0.5368          -0.0174     0.0075  |       0.0325      0.1433
  10      0.0795        0.8149  |    0.0686/  0.0889/  0.1014            0.1014          -0.2138     0.0033  |       0.0326      0.1382
  11      0.0716        0.9368  |    0.0241/  0.0467/  0.0594            0.0594          -0.2250     0.0079  |       0.0322      0.1363
  12      0.0776        0.9254  |    0.4304/  0.4492/  0.4594            0.4594          -0.1172     0.0101  |       0.0325      0.1328
  13      0.0824        0.8513  |    0.5753/  0.5973/  0.6102            0.6102           0.1997     0.0128  |       0.0326      0.1287
  14      0.0901        0.7795  |    0.2493/  0.2666/  0.2762            0.2762          -0.1633     0.0052  |       0.0329      0.1211
  15      0.1034        0.9030  |    0.3121/  0.3281/  0.3404            0.3404          -0.0975     0.0061  |       0.0325      0.1189
  16      0.0742        0.8900  |    0.0843/  0.1039/  0.1183            0.1183          -0.1661     0.0046  |       0.0325      0.1172
  17      0.1021        0.8850  |    0.4734/  0.4864/  0.4939            0.4939           0.0345     0.0102  |       0.0323      0.1157
  18      0.0943        0.8079  |    0.4795/  0.5039/  0.5192            0.5192           0.0151     0.0107  |       0.0333      0.1132
  19      0.1017        0.7745  |    0.3645/  0.3816/  0.3973            0.3973          -0.0898     0.0069  |       0.0339      0.1110
  20      0.1068        0.9191  |    0.4474/  0.4675/  0.4790            0.4790           0.0151     0.0103  |       0.0355      0.1101
  21      0.1285        0.8510  |    0.5727/  0.5940/  0.6061            0.6061           0.1752     0.0124  |       0.0408      0.1101
  22      0.1034        0.8728  |    0.4530/  0.4765/  0.4899            0.4899           0.1605     0.0110  |       0.0485      0.1101
  23      0.1157        0.9062  |    0.1074/  0.1246/  0.1384            0.1384          -0.1165     0.0101  |       0.0565      0.1101
  24      0.1035        0.9192  |   -0.0612/ -0.0402/ -0.0283           -0.0283          -0.2637     0.0137  |       0.0664      0.1101
  25      0.0801        0.8997  |   -0.1333/ -0.1185/ -0.1115           -0.1115          -0.3238     0.0155  |       0.0768      0.1101
  26      0.0734        0.9164  |   -0.1479/ -0.1296/ -0.1183           -0.1183          -0.3409     0.0178  |       0.0902      0.1101
  27     -0.0022        0.8170  |   -0.3175/ -0.2961/ -0.2818           -0.2818          -0.3813     0.0119  |       0.1039      0.1101
  28     -0.0541        0.8964  |   -0.3480/ -0.3308/ -0.3170           -0.3170          -0.3687     0.0038  |       0.1154      0.1101
  29     -0.0357        0.9508  |   -0.3190/ -0.2946/ -0.2818           -0.2818          -0.3574     0.0077  |       0.1192      0.1101
  30     -0.0364        0.9261  |   -0.3345/ -0.3140/ -0.2892           -0.2892          -0.3485     0.0066  |       0.1261      0.1101
  31     -0.0344        0.8521  |   -0.2269/ -0.2094/ -0.1968           -0.1968          -0.3264     0.0105  |       0.1313      0.1101
  32     -0.0335        0.9226  |   -0.2004/ -0.1894/ -0.1820           -0.1820          -0.3148     0.0116  |       0.1400      0.1101
  33     -0.0600        0.8216  |   -0.1927/ -0.1767/ -0.1684           -0.1684          -0.3006     0.0094  |       0.1504      0.1101
  34     -0.0791        0.8623  |   -0.1723/ -0.1445/ -0.1040           -0.1040          -0.3194     0.0067  |       0.1577      0.1101
  35     -0.0649        0.8327  |    0.0119/  0.0515/  0.0776            0.0776          -0.2467     0.0120  |       0.1644      0.1101
  36     -0.0441        0.9497  |   -0.2247/ -0.0552/ -0.0174           -0.0174          -0.2717     0.0110  |       0.1585      0.1101
  37     -0.0476        0.8697  |   -0.1783/ -0.1025/ -0.0714           -0.0714          -0.2933     0.0072  |       0.1590      0.1101
  38     -0.0562        0.7728  |   -0.1802/ -0.1512/ -0.1345           -0.1345          -0.2783     0.0145  |       0.1632      0.1101
  39     -0.0233        0.7256  |   -0.1710/ -0.1552/ -0.1457           -0.1457          -0.3222     0.0142  |       0.1723      0.1101
  40     -0.0340        0.7587  |   -0.1721/ -0.1472/ -0.1291           -0.1291          -0.2870     0.0124  |       0.1860      0.1101
  41     -0.0795        0.7285  |   -0.1667/ -0.1119/ -0.0955           -0.0955          -0.2799     0.0177  |       0.1985      0.1101
  42     -0.0358        0.7722  |   -0.2322/ -0.2175/ -0.2091           -0.2091          -0.3016     0.0148  |       0.2119      0.1101
  43     -0.0479        0.7905  |   -0.0972/ -0.0582/ -0.0289           -0.0289          -0.2559     0.0177  |       0.2239      0.1101
  44     -0.0786        0.8163  |   -0.2728/ -0.2500/ -0.2353           -0.2353          -0.2725     0.0172  |       0.2381      0.1101
  45     -0.0705        0.8341  |   -0.2237/ -0.2066/ -0.1998           -0.1998          -0.3224     0.0138  |       0.2496      0.1101
  46     -0.0595        0.8845  |   -0.2598/ -0.2468/ -0.2387           -0.2387          -0.3081     0.0104  |       0.2631      0.1101
  47     -0.0840        0.8780  |   -0.2092/ -0.1950/ -0.1867           -0.1867          -0.2832     0.0120  |       0.2726      0.1101
  48     -0.0815        0.8936  |   -0.2081/ -0.1904/ -0.1821           -0.1821          -0.2648     0.0108  |       0.2837      0.1101
  49     -0.0854        0.9250  |   -0.2481/ -0.2370/ -0.2313           -0.2313          -0.2725     0.0069  |       0.2945      0.1101
  50     -0.0848        0.9291  |   -0.2501/ -0.2371/ -0.2312           -0.2312          -0.2704     0.0100  |       0.3017      0.1101
  51     -0.0888        0.8793  |   -0.2560/ -0.2423/ -0.2348           -0.2348          -0.2687     0.0107  |       0.3113      0.1101
  52     -0.0981        0.9114  |   -0.2763/ -0.2665/ -0.2601           -0.2601          -0.2821     0.0107  |       0.3191      0.1101
  53     -0.0974        0.9221  |   -0.2744/ -0.2644/ -0.2587           -0.2587          -0.2944     0.0108  |       0.3294      0.1101
  54     -0.0868        0.9149  |   -0.2884/ -0.2779/ -0.2715           -0.2715          -0.2939     0.0037  |       0.3393      0.1101
  55     -0.0679        0.9312  |   -0.2848/ -0.2734/ -0.2674           -0.2674          -0.2941     0.0033  |       0.3435      0.1101
  56     -0.0611        0.9523  |   -0.3015/ -0.2878/ -0.2808           -0.2808          -0.2987     0.0074  |       0.3467      0.1101
  57     -0.0296        0.8747  |   -0.2780/ -0.2665/ -0.2579           -0.2579          -0.2804     0.0040  |       0.3537      0.1101
  58     -0.0230        0.9440  |   -0.2927/ -0.2795/ -0.2663           -0.2663          -0.3054     0.0177  |       0.3579      0.1101
  59      0.0050        0.7147  |   -0.2266/ -0.2059/ -0.1918           -0.1918          -0.2457     0.0191  |       0.3744      0.1101
  60      0.0373        0.8785  |    0.0665/  0.0927/  0.1079            0.1079          -0.1260     0.0148  |       0.3916      0.1101
  61      0.0553        0.9480  |    0.1192/  0.1356/  0.1500            0.1500          -0.1406     0.0228  |       0.4060      0.1101
  62      0.0552        1.0000  |    0.1200/  0.1456/  0.1638            0.1638          -0.1403     0.0211  |       0.4275      0.1101
  63      0.0552        1.0000  |    0.1279/  0.1539/  0.1696            0.1696          -0.1404     0.0197  |       0.4478      0.1101
  64      0.0553        1.0000  |    0.1233/  0.1456/  0.1649            0.1649          -0.1405     0.0249  |       0.4629      0.1101
  65      0.0553        1.0000  |    0.1216/  0.1535/  0.1717            0.1717          -0.1405     0.0218  |       0.4773      0.1101
  66      0.0552        1.0000  |    0.1285/  0.1589/  0.1748            0.1748          -0.1404     0.0237  |       0.4879      0.1101
  67      0.0552        1.0000  |    0.1368/  0.1583/  0.1726            0.1726          -0.1404     0.0224  |       0.4928      0.1101
  68      0.0553        1.0000  |    0.1251/  0.1435/  0.1615            0.1615          -0.1405     0.0227  |       0.4933      0.1101
  69      0.0555        1.0000  |    0.1062/  0.1239/  0.1388            0.1388          -0.1396     0.0249  |       0.4935      0.1101
  70      0.0555        1.0000  |    0.0907/  0.1158/  0.1336            0.1336          -0.1396     0.0212  |       0.4936      0.1101
  71      0.0552        1.0000  |    0.1164/  0.1407/  0.1622            0.1622          -0.1403     0.0180  |       0.4935      0.1101
  72      0.0553        1.0000  |    0.1236/  0.1547/  0.1754            0.1754          -0.1405     0.0235  |       0.4934      0.1101
  73      0.0554        1.0000  |    0.1193/  0.1418/  0.1626            0.1626          -0.1405     0.0238  |       0.4935      0.1101
  74      0.0555        1.0000  |    0.1073/  0.1291/  0.1474            0.1474          -0.1396     0.0160  |       0.4936      0.1101
  75      0.0554        1.0000  |    0.1422/  0.1618/  0.1778            0.1778          -0.1395     0.0224  |       0.4936      0.1101
  76      0.0555        1.0000  |    0.1285/  0.1543/  0.1704            0.1704          -0.1396     0.0259  |       0.4936      0.1101
  77      0.0555        1.0000  |    0.1173/  0.1399/  0.1596            0.1596          -0.1396     0.0218  |       0.4935      0.1101
  78      0.0554        1.0000  |    0.0943/  0.1214/  0.1427            0.1427          -0.1405     0.0218  |       0.4935      0.1101
  79      0.0552        1.0000  |    0.1193/  0.1468/  0.1642            0.1642          -0.1402     0.0209  |       0.4936      0.1101
  80      0.0555        1.0000  |    0.1186/  0.1415/  0.1625            0.1625          -0.1396     0.0212  |       0.4936      0.1101
  81      0.0555        1.0000  |    0.1098/  0.1304/  0.1502            0.1502          -0.1396     0.0209  |       0.4936      0.1101
  82      0.0555        1.0000  |    0.1229/  0.1421/  0.1592            0.1592          -0.1396     0.0181  |       0.4936      0.1101
  83      0.0553        1.0000  |    0.1121/  0.1390/  0.1577            0.1577          -0.1403     0.0158  |       0.4935      0.1101
  84      0.0555        1.0000  |    0.1371/  0.1617/  0.1768            0.1768          -0.1396     0.0241  |       0.4935      0.1101
  85      0.0553        1.0000  |    0.1220/  0.1485/  0.1717            0.1717          -0.1404     0.0248  |       0.4935      0.1101
  86      0.0553        1.0000  |    0.1139/  0.1411/  0.1687            0.1687          -0.1404     0.0237  |       0.4936      0.1101
  87      0.0552        1.0000  |    0.1469/  0.1687/  0.1826            0.1826          -0.1402     0.0250  |       0.4936      0.1101
  88      0.0553        1.0000  |    0.1406/  0.1599/  0.1771            0.1771          -0.1404     0.0282  |       0.4937      0.1101
  89      0.0553        1.0000  |    0.1171/  0.1446/  0.1631            0.1631          -0.1404     0.0225  |       0.4937      0.1101
  90      0.0553        1.0000  |    0.1013/  0.1276/  0.1514            0.1514          -0.1405     0.0232  |       0.4936      0.1101
  91      0.0552        1.0000  |    0.1106/  0.1389/  0.1553            0.1553          -0.1404     0.0213  |       0.4936      0.1101
  92      0.0553        1.0000  |    0.1160/  0.1456/  0.1626            0.1626          -0.1404     0.0229  |       0.4936      0.1101
  93      0.0553        1.0000  |    0.1332/  0.1586/  0.1744            0.1744          -0.1404     0.0230  |       0.4937      0.1101
  94      0.0553        1.0000  |    0.1302/  0.1585/  0.1776            0.1776          -0.1404     0.0221  |       0.4937      0.1101
  95      0.0555        1.0000  |    0.1239/  0.1492/  0.1639            0.1639          -0.1396     0.0226  |       0.4937      0.1101
  96      0.0555        1.0000  |    0.1175/  0.1418/  0.1614            0.1614          -0.1396     0.0231  |       0.4937      0.1101
  97      0.0555        1.0000  |    0.1154/  0.1417/  0.1591            0.1591          -0.1396     0.0194  |       0.4937      0.1101
  98      0.0555        1.0000  |    0.1212/  0.1428/  0.1622            0.1622          -0.1396     0.0203  |       0.4937      0.1101
  99      0.0555        1.0000  |    0.0747/  0.0897/  0.1065            0.1065          -0.1396     0.0186  |       0.4936      0.1101
 100      0.0555        1.0000  |    0.1137/  0.1329/  0.1495            0.1495          -0.1396     0.0176  |       0.4937      0.1101
 101      0.0555        1.0000  |    0.1251/  0.1532/  0.1711            0.1711          -0.1396     0.0187  |       0.4937      0.1101
 102      0.0552        1.0000  |    0.1252/  0.1468/  0.1643            0.1643          -0.1404     0.0230  |       0.4937      0.1101
 103      0.0553        1.0000  |    0.1139/  0.1395/  0.1573            0.1573          -0.1404     0.0178  |       0.4937      0.1101
 104      0.0553        1.0000  |    0.1319/  0.1535/  0.1678            0.1678          -0.1404     0.0184  |       0.4938      0.1101
 105      0.0554        1.0000  |    0.1328/  0.1592/  0.1762            0.1762          -0.1404     0.0246  |       0.4938      0.1101
 106      0.0554        1.0000  |    0.1282/  0.1578/  0.1765            0.1765          -0.1404     0.0255  |       0.4937      0.1101
 107      0.0553        1.0000  |    0.1213/  0.1481/  0.1651            0.1651          -0.1404     0.0217  |       0.4936      0.1101
 108      0.0553        1.0000  |    0.1088/  0.1377/  0.1580            0.1580          -0.1404     0.0193  |       0.4937      0.1101
 109      0.0553        1.0000  |    0.1042/  0.1312/  0.1487            0.1487          -0.1404     0.0193  |       0.4938      0.1101
 110      0.0553        1.0000  |    0.1219/  0.1504/  0.1733            0.1733          -0.1400     0.0261  |       0.4938      0.1101
 111      0.0553        1.0000  |    0.1111/  0.1493/  0.1684            0.1684          -0.1400     0.0209  |       0.4937      0.1101
 112      0.0553        1.0000  |    0.1108/  0.1356/  0.1513            0.1513          -0.1404     0.0174  |       0.4937      0.1101
 113      0.0555        1.0000  |    0.1217/  0.1423/  0.1606            0.1606          -0.1396     0.0178  |       0.4938      0.1101
 114      0.0555        1.0000  |    0.1421/  0.1630/  0.1795            0.1795          -0.1396     0.0205  |       0.4938      0.1101
 115      0.0555        1.0000  |    0.1384/  0.1596/  0.1762            0.1762          -0.1396     0.0226  |       0.4938      0.1101
 116      0.0555        1.0000  |    0.1257/  0.1552/  0.1708            0.1708          -0.1396     0.0232  |       0.4939      0.1101
 117      0.0555        1.0000  |    0.1277/  0.1537/  0.1726            0.1726          -0.1396     0.0224  |       0.4938      0.1101
 118      0.0555        1.0000  |    0.1216/  0.1507/  0.1676            0.1676          -0.1396     0.0218  |       0.4938      0.1101
 119      0.0553        1.0000  |    0.1177/  0.1374/  0.1570            0.1570          -0.1400     0.0194  |       0.4939      0.1101
 120      0.0554        1.0000  |    0.1108/  0.1296/  0.1475            0.1475          -0.1400     0.0237  |       0.4939      0.1101
 121      0.0554        1.0000  |    0.1091/  0.1272/  0.1428            0.1428          -0.1400     0.0163  |       0.4939      0.1101
 122      0.0554        1.0000  |    0.1249/  0.1484/  0.1675            0.1675          -0.1400     0.0199  |       0.4940      0.1101
 123      0.0553        1.0000  |    0.1260/  0.1494/  0.1684            0.1684          -0.1400     0.0203  |       0.4940      0.1101
 124      0.0553        1.0000  |    0.1297/  0.1560/  0.1724            0.1724          -0.1400     0.0248  |       0.4940      0.1101
 125      0.0553        1.0000  |    0.1240/  0.1498/  0.1681            0.1681          -0.1400     0.0263  |       0.4940      0.1101
 126      0.0555        1.0000  |    0.1205/  0.1436/  0.1616            0.1616          -0.1396     0.0176  |       0.4940      0.1101
 127      0.0554        1.0000  |    0.1093/  0.1322/  0.1501            0.1501          -0.1404     0.0243  |       0.4940      0.1101
 128      0.0553        1.0000  |    0.1213/  0.1426/  0.1610            0.1610          -0.1404     0.0144  |       0.4940      0.1101
 129      0.0553        1.0000  |    0.1097/  0.1279/  0.1510            0.1510          -0.1404     0.0187  |       0.4940      0.1101
 130      0.0553        1.0000  |    0.1169/  0.1413/  0.1606            0.1606          -0.1404     0.0206  |       0.4940      0.1101
 131      0.0553        1.0000  |    0.1307/  0.1626/  0.1828            0.1828          -0.1404     0.0211  |       0.4940      0.1101
 132      0.0553        1.0000  |    0.1403/  0.1675/  0.1824            0.1824          -0.1404     0.0230  |       0.4940      0.1101
 133      0.0553        1.0000  |    0.1446/  0.1635/  0.1796            0.1796          -0.1400     0.0257  |       0.4940      0.1101
 134      0.0554        1.0000  |    0.1262/  0.1484/  0.1654            0.1654          -0.1404     0.0202  |       0.4940      0.1101
 135      0.0553        1.0000  |    0.1297/  0.1504/  0.1737            0.1737          -0.1401     0.0220  |       0.4940      0.1101
 136      0.0554        1.0000  |    0.1303/  0.1546/  0.1714            0.1714          -0.1400     0.0249  |       0.4940      0.1101
 137      0.0554        1.0000  |    0.1352/  0.1542/  0.1695            0.1695          -0.1400     0.0203  |       0.4940      0.1101
 138      0.0554        1.0000  |    0.1311/  0.1496/  0.1684            0.1684          -0.1400     0.0255  |       0.4940      0.1101
 139      0.0554        1.0000  |    0.1299/  0.1539/  0.1673            0.1673          -0.1400     0.0208  |       0.4940      0.1101
 140      0.0555        1.0000  |    0.1385/  0.1573/  0.1721            0.1721          -0.1396     0.0230  |       0.4940      0.1101
 141      0.0555        1.0000  |    0.1282/  0.1478/  0.1632            0.1632          -0.1396     0.0171  |       0.4940      0.1101
 142      0.0555        1.0000  |    0.1192/  0.1512/  0.1716            0.1716          -0.1396     0.0218  |       0.4940      0.1101
 143      0.0553        1.0000  |    0.1053/  0.1210/  0.1364            0.1364          -0.1400     0.0171  |       0.4940      0.1101
 144      0.0553        1.0000  |    0.0932/  0.1165/  0.1370            0.1370          -0.1400     0.0198  |       0.4940      0.1101
 145      0.0553        1.0000  |    0.0988/  0.1313/  0.1535            0.1535          -0.1400     0.0188  |       0.4940      0.1101
 146      0.0553        1.0000  |    0.1321/  0.1586/  0.1781            0.1781          -0.1402     0.0241  |       0.4940      0.1101
 147      0.0553        1.0000  |    0.1265/  0.1596/  0.1758            0.1758          -0.1402     0.0200  |       0.4940      0.1101
 148      0.0553        1.0000  |    0.1382/  0.1578/  0.1740            0.1740          -0.1402     0.0217  |       0.4940      0.1101
 149      0.0553        1.0000  |    0.1311/  0.1562/  0.1733            0.1733          -0.1402     0.0221  |       0.4940      0.1101
 150      0.0553        1.0000  |    0.1079/  0.1450/  0.1619            0.1619          -0.1402     0.0155  |       0.4940      0.1101
 151      0.0553        1.0000  |    0.1477/  0.1705/  0.1885            0.1885          -0.1402     0.0242  |       0.4940      0.1101
 152      0.0553        1.0000  |    0.1339/  0.1595/  0.1782            0.1782          -0.1402     0.0229  |       0.4940      0.1101
 153      0.0553        1.0000  |    0.1375/  0.1601/  0.1798            0.1798          -0.1400     0.0222  |       0.4940      0.1101
 154      0.0553        1.0000  |    0.1201/  0.1403/  0.1584            0.1584          -0.1400     0.0213  |       0.4940      0.1101
 155      0.0553        1.0000  |    0.1235/  0.1490/  0.1656            0.1656          -0.1404     0.0236  |       0.4940      0.1101
 156      0.0554        1.0000  |    0.1219/  0.1467/  0.1643            0.1643          -0.1400     0.0233  |       0.4940      0.1101
 157      0.0554        1.0000  |    0.1023/  0.1282/  0.1447            0.1447          -0.1400     0.0171  |       0.4940      0.1101
 158      0.0554        1.0000  |    0.1062/  0.1376/  0.1597            0.1597          -0.1405     0.0189  |       0.4940      0.1101
 159      0.0553        1.0000  |    0.1294/  0.1467/  0.1629            0.1629          -0.1400     0.0181  |       0.4940      0.1101
 160      0.0553        1.0000  |    0.1501/  0.1720/  0.1859            0.1859          -0.1400     0.0234  |       0.4940      0.1101
 161      0.0553        1.0000  |    0.1259/  0.1520/  0.1685            0.1685          -0.1401     0.0214  |       0.4940      0.1101
 162      0.0552        1.0000  |    0.1110/  0.1424/  0.1663            0.1663          -0.1401     0.0220  |       0.4940      0.1101
 163      0.0552        1.0000  |    0.1213/  0.1453/  0.1661            0.1661          -0.1401     0.0172  |       0.4940      0.1101
 164      0.0552        1.0000  |    0.1241/  0.1456/  0.1622            0.1622          -0.1401     0.0212  |       0.4940      0.1101
 165      0.0552        1.0000  |    0.0858/  0.1044/  0.1176            0.1176          -0.1402     0.0175  |       0.4940      0.1101
 166      0.0552        1.0000  |    0.0865/  0.1283/  0.1491            0.1491          -0.1402     0.0141  |       0.4940      0.1101
 167      0.0552        1.0000  |    0.1321/  0.1538/  0.1754            0.1754          -0.1402     0.0190  |       0.4940      0.1101
 168      0.0553        1.0000  |    0.1209/  0.1425/  0.1603            0.1603          -0.1400     0.0214  |       0.4940      0.1101
 169      0.0553        1.0000  |    0.1209/  0.1563/  0.1720            0.1720          -0.1400     0.0230  |       0.4940      0.1101
 170      0.0553        1.0000  |    0.1419/  0.1596/  0.1740            0.1740          -0.1404     0.0221  |       0.4940      0.1101
 171      0.0552        1.0000  |    0.1126/  0.1425/  0.1607            0.1607          -0.1401     0.0223  |       0.4940      0.1101
 172      0.0553        1.0000  |    0.1253/  0.1507/  0.1639            0.1639          -0.1400     0.0246  |       0.4940      0.1101
 173      0.0553        1.0000  |    0.1124/  0.1464/  0.1654            0.1654          -0.1400     0.0192  |       0.4940      0.1101
 174      0.0553        1.0000  |    0.1067/  0.1218/  0.1362            0.1362          -0.1400     0.0164  |       0.4940      0.1101
 175      0.0553        1.0000  |    0.1103/  0.1388/  0.1549            0.1549          -0.1402     0.0175  |       0.4940      0.1101
 176      0.0552        1.0000  |    0.1292/  0.1488/  0.1660            0.1660          -0.1404     0.0244  |       0.4940      0.1101
 177      0.0553        1.0000  |    0.1188/  0.1417/  0.1583            0.1583          -0.1400     0.0247  |       0.4940      0.1101
 178      0.0553        1.0000  |    0.1350/  0.1568/  0.1733            0.1733          -0.1400     0.0219  |       0.4940      0.1101
 179      0.0553        1.0000  |    0.1202/  0.1452/  0.1639            0.1639          -0.1401     0.0228  |       0.4940      0.1101
 180      0.0553        1.0000  |    0.1113/  0.1360/  0.1556            0.1556          -0.1401     0.0178  |       0.4940      0.1101
 181      0.0553        1.0000  |    0.1239/  0.1456/  0.1647            0.1647          -0.1401     0.0228  |       0.4940      0.1101
 182      0.0553        1.0000  |    0.1227/  0.1466/  0.1649            0.1649          -0.1402     0.0260  |       0.4940      0.1101
 183      0.0553        1.0000  |    0.1350/  0.1564/  0.1717            0.1717          -0.1400     0.0252  |       0.4940      0.1101
 184      0.0553        1.0000  |    0.1396/  0.1623/  0.1779            0.1779          -0.1400     0.0229  |       0.4940      0.1101
 185      0.0553        1.0000  |    0.1188/  0.1368/  0.1568            0.1568          -0.1401     0.0196  |       0.4940      0.1101
 186      0.0553        1.0000  |    0.1153/  0.1418/  0.1621            0.1621          -0.1401     0.0203  |       0.4940      0.1101
 187      0.0553        1.0000  |    0.1324/  0.1538/  0.1694            0.1694          -0.1400     0.0244  |       0.4940      0.1101
 188      0.0554        1.0000  |    0.1341/  0.1587/  0.1777            0.1777          -0.1400     0.0217  |       0.4940      0.1101
 189      0.0554        1.0000  |    0.1037/  0.1246/  0.1405            0.1405          -0.1400     0.0184  |       0.4940      0.1101
 190      0.0553        1.0000  |    0.1127/  0.1424/  0.1596            0.1596          -0.1400     0.0168  |       0.4940      0.1101
 191      0.0553        1.0000  |    0.1154/  0.1323/  0.1475            0.1475          -0.1401     0.0194  |       0.4940      0.1101
 192      0.0553        1.0000  |    0.1275/  0.1522/  0.1686            0.1686          -0.1404     0.0215  |       0.4940      0.1101
 193      0.0554        1.0000  |    0.1354/  0.1590/  0.1733            0.1733          -0.1400     0.0195  |       0.4940      0.1101
 194      0.0554        1.0000  |    0.1196/  0.1439/  0.1601            0.1601          -0.1400     0.0203  |       0.4940      0.1101
 195      0.0553        1.0000  |    0.1160/  0.1445/  0.1641            0.1641          -0.1400     0.0210  |       0.4940      0.1101
 196      0.0553        1.0000  |    0.1333/  0.1533/  0.1689            0.1689          -0.1401     0.0177  |       0.4940      0.1101
 197      0.0553        1.0000  |    0.1204/  0.1458/  0.1634            0.1634          -0.1401     0.0229  |       0.4940      0.1101
 198      0.0553        1.0000  |    0.1218/  0.1487/  0.1665            0.1665          -0.1401     0.0209  |       0.4940      0.1101
 199      0.0553        1.0000  |    0.1032/  0.1219/  0.1365            0.1365          -0.1401     0.0201  |       0.4940      0.1101
 200      0.0553        1.0000  |    0.1081/  0.1302/  0.1491            0.1491          -0.1401     0.0170  |       0.4940      0.1101
 201      0.0553        1.0000  |    0.1150/  0.1401/  0.1670            0.1670          -0.1401     0.0162  |       0.4940      0.1101
 202      0.0554        1.0000  |    0.1321/  0.1591/  0.1760            0.1760          -0.1399     0.0204  |       0.4940      0.1101
 203      0.0553        1.0000  |    0.1336/  0.1568/  0.1741            0.1741          -0.1401     0.0233  |       0.4940      0.1101
 204      0.0554        1.0000  |    0.1040/  0.1238/  0.1408            0.1408          -0.1400     0.0206  |       0.4940      0.1101
 205      0.0554        1.0000  |    0.0987/  0.1312/  0.1536            0.1536          -0.1400     0.0156  |       0.4940      0.1101
 206      0.0554        1.0000  |    0.1229/  0.1521/  0.1742            0.1742          -0.1398     0.0216  |       0.4940      0.1101
 207      0.0554        1.0000  |    0.1286/  0.1562/  0.1761            0.1761          -0.1400     0.0228  |       0.4940      0.1101
 208      0.0554        1.0000  |    0.1300/  0.1515/  0.1700            0.1700          -0.1400     0.0199  |       0.4940      0.1101
 209      0.0553        1.0000  |    0.1260/  0.1485/  0.1659            0.1659          -0.1400     0.0214  |       0.4940      0.1101
 210      0.0553        1.0000  |    0.1227/  0.1413/  0.1634            0.1634          -0.1398     0.0203  |       0.4940      0.1101
 211      0.0554        1.0000  |    0.1227/  0.1478/  0.1677            0.1677          -0.1400     0.0197  |       0.4940      0.1101
 212      0.0554        1.0000  |    0.1264/  0.1486/  0.1721            0.1721          -0.1400     0.0181  |       0.4940      0.1101
 213      0.0554        1.0000  |    0.1422/  0.1616/  0.1783            0.1783          -0.1400     0.0238  |       0.4940      0.1101
 214      0.0554        1.0000  |    0.0905/  0.1099/  0.1255            0.1255          -0.1398     0.0183  |       0.4940      0.1101
 215      0.0554        1.0000  |    0.1106/  0.1352/  0.1542            0.1542          -0.1400     0.0197  |       0.4940      0.1101
 216      0.0553        1.0000  |    0.1277/  0.1629/  0.1823            0.1823          -0.1400     0.0256  |       0.4940      0.1101
 217      0.0553        1.0000  |    0.1198/  0.1427/  0.1591            0.1591          -0.1401     0.0201  |       0.4940      0.1101
 218      0.0554        1.0000  |    0.1306/  0.1534/  0.1762            0.1762          -0.1398     0.0210  |       0.4940      0.1101
 219      0.0555        1.0000  |    0.1322/  0.1633/  0.1780            0.1780          -0.1399     0.0226  |       0.4940      0.1101
 220      0.0554        1.0000  |    0.1162/  0.1432/  0.1607            0.1607          -0.1400     0.0227  |       0.4940      0.1101
 221      0.0553        1.0000  |    0.1192/  0.1435/  0.1659            0.1659          -0.1404     0.0225  |       0.4940      0.1101
 222      0.0554        1.0000  |    0.1207/  0.1439/  0.1588            0.1588          -0.1399     0.0196  |       0.4940      0.1101
 223      0.0554        1.0000  |    0.1263/  0.1607/  0.1758            0.1758          -0.1399     0.0223  |       0.4940      0.1101
 224      0.0553        1.0000  |    0.1193/  0.1469/  0.1648            0.1648          -0.1404     0.0242  |       0.4940      0.1101
 225      0.0553        1.0000  |    0.1107/  0.1337/  0.1503            0.1503          -0.1401     0.0226  |       0.4940      0.1101
 226      0.0553        1.0000  |    0.0998/  0.1294/  0.1513            0.1513          -0.1398     0.0197  |       0.4940      0.1101
 227      0.0554        1.0000  |    0.1160/  0.1422/  0.1615            0.1615          -0.1398     0.0191  |       0.4940      0.1101
 228      0.0555        1.0000  |    0.1198/  0.1396/  0.1588            0.1588          -0.1397     0.0204  |       0.4940      0.1101
 229      0.0574        0.9993  |    0.1032/  0.1340/  0.1529            0.1529          -0.1437     0.0193  |       0.4940      0.1101
 230      0.0554        0.9993  |    0.1214/  0.1477/  0.1642            0.1642          -0.1398     0.0204  |       0.4940      0.1101
 231      0.0554        1.0000  |    0.1259/  0.1498/  0.1697            0.1697          -0.1398     0.0223  |       0.4940      0.1101
 232      0.0554        1.0000  |    0.1374/  0.1601/  0.1773            0.1773          -0.1398     0.0264  |       0.4940      0.1101
 233      0.0554        1.0000  |    0.1377/  0.1583/  0.1738            0.1738          -0.1400     0.0229  |       0.4940      0.1101
 234      0.0555        1.0000  |    0.1177/  0.1403/  0.1573            0.1573          -0.1396     0.0230  |       0.4940      0.1101
 235      0.0555        1.0000  |    0.1302/  0.1498/  0.1650            0.1650          -0.1396     0.0247  |       0.4940      0.1101
 236      0.0554        1.0000  |    0.1240/  0.1489/  0.1637            0.1637          -0.1398     0.0204  |       0.4940      0.1101
 237      0.0553        1.0000  |    0.1130/  0.1455/  0.1657            0.1657          -0.1401     0.0234  |       0.4940      0.1101
 238      0.0555        1.0000  |    0.1188/  0.1461/  0.1612            0.1612          -0.1398     0.0219  |       0.4940      0.1101
 239      0.0555        1.0000  |    0.1191/  0.1445/  0.1641            0.1641          -0.1396     0.0192  |       0.4940      0.1101
 240      0.0555        1.0000  |    0.1376/  0.1633/  0.1771            0.1771          -0.1396     0.0212  |       0.4940      0.1101
 241      0.0555        1.0000  |    0.1296/  0.1524/  0.1692            0.1692          -0.1397     0.0216  |       0.4940      0.1101
 242      0.0555        1.0000  |    0.1147/  0.1342/  0.1513            0.1513          -0.1398     0.0185  |       0.4940      0.1101
 243      0.0555        1.0000  |    0.1168/  0.1399/  0.1560            0.1560          -0.1396     0.0166  |       0.4940      0.1101
 244      0.0575        0.9993  |    0.1084/  0.1477/  0.1647            0.1647          -0.1433     0.0229  |       0.4940      0.1101
 245      0.0554        0.9993  |    0.1282/  0.1467/  0.1615            0.1615          -0.1399     0.0246  |       0.4940      0.1101
 246      0.0554        1.0000  |    0.1223/  0.1518/  0.1669            0.1669          -0.1399     0.0175  |       0.4940      0.1101
 247      0.0555        1.0000  |    0.1201/  0.1410/  0.1570            0.1570          -0.1396     0.0209  |       0.4940      0.1101
 248      0.0555        1.0000  |    0.1204/  0.1528/  0.1696            0.1696          -0.1396     0.0212  |       0.4940      0.1101
 249      0.0555        1.0000  |    0.1367/  0.1599/  0.1795            0.1795          -0.1396     0.0222  |       0.4940      0.1101
 250      0.0553        1.0000  |    0.1251/  0.1486/  0.1668            0.1668          -0.1404     0.0201  |       0.4940      0.1101
 251      0.0553        1.0000  |    0.1314/  0.1585/  0.1780            0.1780          -0.1402     0.0232  |       0.4940      0.1101
 252      0.0553        1.0000  |    0.1094/  0.1444/  0.1648            0.1648          -0.1402     0.0219  |       0.4940      0.1101
 253      0.0554        1.0000  |    0.1193/  0.1425/  0.1614            0.1614          -0.1398     0.0224  |       0.4940      0.1101
 254      0.0555        1.0000  |    0.1097/  0.1336/  0.1468            0.1468          -0.1398     0.0166  |       0.4940      0.1101
 255      0.0555        1.0000  |    0.0971/  0.1245/  0.1427            0.1427          -0.1396     0.0181  |       0.4940      0.1101
 256      0.0554        1.0000  |    0.1243/  0.1486/  0.1678            0.1678          -0.1401     0.0213  |       0.4940      0.1101
 257      0.0576        0.9993  |    0.1234/  0.1499/  0.1716            0.1716          -0.1434     0.0247  |       0.4940      0.1101
 258      0.0555        0.9993  |    0.1184/  0.1353/  0.1512            0.1512          -0.1398     0.0198  |       0.4940      0.1101
 259      0.0555        1.0000  |    0.1386/  0.1582/  0.1757            0.1757          -0.1396     0.0213  |       0.4940      0.1101
 260      0.0576        0.9993  |    0.1161/  0.1458/  0.1620            0.1620          -0.1434     0.0190  |       0.4940      0.1101
 261      0.0555        0.9993  |    0.1117/  0.1480/  0.1646            0.1646          -0.1396     0.0225  |       0.4940      0.1101
 262      0.0555        1.0000  |    0.1281/  0.1493/  0.1693            0.1693          -0.1398     0.0219  |       0.4940      0.1101
 263      0.0553        1.0000  |    0.1058/  0.1297/  0.1475            0.1475          -0.1402     0.0174  |       0.4940      0.1101
 264      0.0553        1.0000  |    0.1067/  0.1306/  0.1556            0.1556          -0.1402     0.0174  |       0.4940      0.1101
 265      0.0553        1.0000  |    0.1234/  0.1413/  0.1571            0.1571          -0.1402     0.0204  |       0.4940      0.1101
 266      0.0553        1.0000  |    0.1310/  0.1506/  0.1717            0.1717          -0.1402     0.0207  |       0.4940      0.1101
 267      0.0553        1.0000  |    0.1317/  0.1546/  0.1695            0.1695          -0.1402     0.0241  |       0.4940      0.1101
 268      0.0553        1.0000  |    0.1076/  0.1319/  0.1527            0.1527          -0.1402     0.0213  |       0.4940      0.1101
 269      0.0553        1.0000  |    0.1128/  0.1346/  0.1565            0.1565          -0.1402     0.0194  |       0.4940      0.1101
 270      0.0555        1.0000  |    0.1287/  0.1469/  0.1640            0.1640          -0.1396     0.0225  |       0.4940      0.1101
 271      0.0556        1.0000  |    0.0999/  0.1200/  0.1400            0.1400          -0.1396     0.0189  |       0.4940      0.1101
 272      0.0556        1.0000  |    0.1265/  0.1458/  0.1635            0.1635          -0.1396     0.0255  |       0.4940      0.1101
 273      0.0556        1.0000  |    0.1290/  0.1498/  0.1663            0.1663          -0.1396     0.0197  |       0.4940      0.1101
 274      0.0556        1.0000  |    0.1281/  0.1523/  0.1699            0.1699          -0.1396     0.0217  |       0.4940      0.1101
 275      0.0556        1.0000  |    0.1289/  0.1510/  0.1709            0.1709          -0.1396     0.0225  |       0.4940      0.1101
 276      0.0556        1.0000  |    0.1360/  0.1592/  0.1764            0.1764          -0.1396     0.0222  |       0.4940      0.1101
 277      0.0554        1.0000  |    0.1213/  0.1480/  0.1630            0.1630          -0.1398     0.0194  |       0.4940      0.1101
 278      0.0554        1.0000  |    0.1340/  0.1594/  0.1740            0.1740          -0.1398     0.0216  |       0.4940      0.1101
 279      0.0554        1.0000  |    0.1281/  0.1495/  0.1654            0.1654          -0.1398     0.0210  |       0.4940      0.1101
 280      0.0553        1.0000  |    0.1159/  0.1391/  0.1624            0.1624          -0.1402     0.0239  |       0.4940      0.1101
 281      0.0553        1.0000  |    0.1277/  0.1579/  0.1751            0.1751          -0.1402     0.0238  |       0.4940      0.1101
 282      0.0553        1.0000  |    0.1293/  0.1530/  0.1705            0.1705          -0.1402     0.0231  |       0.4940      0.1101
 283      0.0555        1.0000  |    0.1204/  0.1433/  0.1655            0.1655          -0.1396     0.0239  |       0.4940      0.1101
 284      0.0556        1.0000  |    0.1268/  0.1477/  0.1674            0.1674          -0.1396     0.0221  |       0.4940      0.1101
 285      0.0554        1.0000  |    0.1257/  0.1468/  0.1642            0.1642          -0.1401     0.0230  |       0.4940      0.1101
 286      0.0553        1.0000  |    0.1216/  0.1453/  0.1619            0.1619          -0.1402     0.0231  |       0.4940      0.1101
 287      0.0553        1.0000  |    0.1209/  0.1449/  0.1639            0.1639          -0.1402     0.0223  |       0.4940      0.1101
 288      0.0554        1.0000  |    0.1229/  0.1521/  0.1693            0.1693          -0.1398     0.0203  |       0.4940      0.1101
 289      0.0577        0.9993  |    0.1222/  0.1495/  0.1701            0.1701          -0.1432     0.0226  |       0.4940      0.1101
 290      0.0576        1.0000  |    0.1099/  0.1302/  0.1449            0.1449          -0.1432     0.0241  |       0.4940      0.1101
 291      0.0576        1.0000  |    0.1199/  0.1482/  0.1658            0.1658          -0.1432     0.0225  |       0.4940      0.1101
 292      0.0576        1.0000  |    0.1320/  0.1515/  0.1700            0.1700          -0.1432     0.0239  |       0.4940      0.1101
 293      0.0576        1.0000  |    0.1287/  0.1512/  0.1695            0.1695          -0.1432     0.0222  |       0.4940      0.1101
 294      0.0576        1.0000  |    0.1034/  0.1290/  0.1456            0.1456          -0.1432     0.0202  |       0.4940      0.1101
 295      0.0554        0.9993  |    0.1246/  0.1482/  0.1651            0.1651          -0.1398     0.0202  |       0.4940      0.1101
 296      0.0556        1.0000  |    0.1245/  0.1568/  0.1752            0.1752          -0.1396     0.0199  |       0.4940      0.1101
 297      0.0556        1.0000  |    0.1163/  0.1514/  0.1670            0.1670          -0.1396     0.0202  |       0.4940      0.1101
 298      0.0556        1.0000  |    0.1193/  0.1424/  0.1603            0.1603          -0.1396     0.0204  |       0.4940      0.1101
 299      0.0576        0.9993  |    0.1178/  0.1400/  0.1608            0.1608          -0.1432     0.0221  |       0.4940      0.1101
IMAGEIO FFMPEG_WRITER WARNING: input image is not divisible by macro_block_size=16, resizing from (320, 180) to (320, 192) to ensure video compatibility with most codecs and players. To prevent resizing, make your input image divisible by the macro_block_size or set the macro_block_size to 1 (risking incompatibility).

Saved 300 frames -> /home/ashwink/Documents/swms/SWM_copy/rollouts_5_per/expert+subopt/epoch11/epoch11_rollout2_failure.mp4
min dist(green_cube,blue_moon) over episode = 0.1101  ->  FAILURE
Full log written to /home/ashwink/Documents/swms/SWM_copy/rollouts_5_per/expert+subopt/epoch11/epoch11_rollout2_20260723_132732.log
Result json -> /home/ashwink/Documents/swms/SWM_copy/rollouts_5_per/expert+subopt/epoch11/epoch11_rollout2_result.json
