Checkpoint dir epoch: 7  Rollout: 1
Logging to /home/ashwink/Documents/swms/SWM_copy/rollouts_5_per/expert+subopt/epoch7/epoch7_rollout1_20260723_125229.log
Goal (fixed, steps 0-299): the green cube is touching the blue moon. the peg is touching the green cube.

Checkpoint: /home/ashwink/Documents/swms/SWM_copy/training/checkpoints_clip_full_fine-tuned_with_subopt_data/epoch_007.pt
  epoch=7  step=13488

Loading CLIP ViT-L/14 (datacomp_xl_s13b_b90k) + fine-tuned clip_state_dict ...
Parsing model identifier. Schema: None, Identifier: ViT-L-14
Loaded built-in ViT-L-14 model config.
Instantiating model architecture: CLIP
Loading full pretrained weights from: /home/ashwink/.cache/huggingface/hub/models--laion--CLIP-ViT-L-14-DataComp.XL-s13B-b90K/snapshots/84c9828e63dc9a9351d1fe637c346d4c1c4db341/open_clip_pytorch_model.bin
Final image preprocessing configuration set: {'size': (224, 224), 'mode': 'RGB', 'mean': (0.48145466, 0.4578275, 0.40821073), 'std': (0.26862954, 0.26130258, 0.27577711), 'interpolation': 'bicubic', 'resize_mode': 'shortest', 'fill_color': 0}
Model ViT-L-14 creation process complete.
Parsing tokenizer identifier. Schema: None, Identifier: ViT-L-14
Attempting to load config from built-in: ViT-L-14
Using default SimpleTokenizer.
z_star shape: torch.Size([768])

Loading action stats from /home/ashwink/full_data_5000/langtable/demos/ ...
  lo=[-0.03372681140899658, -0.03493623435497284]  hi=[0.03496786952018738, 0.03494429588317871]

Initializing LangTable env ...
Loading URDF plane.urdf
Loading URDF /home/ashwink/Documents/swms/.venv/lib/python3.10/site-packages/language_table/environments/utils/../../../language_table/environments/assets/workspace_real.urdf
Loading URDF xarm/xarm6_robot_white.urdf
Loading URDF /home/ashwink/Documents/swms/.venv/lib/python3.10/site-packages/language_table/environments/utils/../../../language_table/environments/assets/suction/cylinder_real.urdf
Loading URDF /home/ashwink/Documents/swms/.venv/lib/python3.10/site-packages/language_table/environments/utils/../../../language_table/environments/assets/blocks/red_moon.urdf
Loading URDF /home/ashwink/Documents/swms/.venv/lib/python3.10/site-packages/language_table/environments/utils/../../../language_table/environments/assets/blocks/red_cube.urdf
Loading URDF /home/ashwink/Documents/swms/.venv/lib/python3.10/site-packages/language_table/environments/utils/../../../language_table/environments/assets/blocks/red_star.urdf
Loading URDF /home/ashwink/Documents/swms/.venv/lib/python3.10/site-packages/language_table/environments/utils/../../../language_table/environments/assets/blocks/red_pentagon.urdf
Loading URDF /home/ashwink/Documents/swms/.venv/lib/python3.10/site-packages/language_table/environments/utils/../../../language_table/environments/assets/blocks/blue_moon.urdf
Loading URDF /home/ashwink/Documents/swms/.venv/lib/python3.10/site-packages/language_table/environments/utils/../../../language_table/environments/assets/blocks/blue_cube.urdf
Loading URDF /home/ashwink/Documents/swms/.venv/lib/python3.10/site-packages/language_table/environments/utils/../../../language_table/environments/assets/blocks/blue_star.urdf
Loading URDF /home/ashwink/Documents/swms/.venv/lib/python3.10/site-packages/language_table/environments/utils/../../../language_table/environments/assets/blocks/blue_pentagon.urdf
Loading URDF /home/ashwink/Documents/swms/.venv/lib/python3.10/site-packages/language_table/environments/utils/../../../language_table/environments/assets/blocks/yellow_moon.urdf
Loading URDF /home/ashwink/Documents/swms/.venv/lib/python3.10/site-packages/language_table/environments/utils/../../../language_table/environments/assets/blocks/yellow_cube.urdf
Loading URDF /home/ashwink/Documents/swms/.venv/lib/python3.10/site-packages/language_table/environments/utils/../../../language_table/environments/assets/blocks/yellow_star.urdf
Loading URDF /home/ashwink/Documents/swms/.venv/lib/python3.10/site-packages/language_table/environments/utils/../../../language_table/environments/assets/blocks/yellow_pentagon.urdf
Loading URDF /home/ashwink/Documents/swms/.venv/lib/python3.10/site-packages/language_table/environments/utils/../../../language_table/environments/assets/blocks/green_moon.urdf
Loading URDF /home/ashwink/Documents/swms/.venv/lib/python3.10/site-packages/language_table/environments/utils/../../../language_table/environments/assets/blocks/green_cube.urdf
Loading URDF /home/ashwink/Documents/swms/.venv/lib/python3.10/site-packages/language_table/environments/utils/../../../language_table/environments/assets/blocks/green_star.urdf
Loading URDF /home/ashwink/Documents/swms/.venv/lib/python3.10/site-packages/language_table/environments/utils/../../../language_table/environments/assets/blocks/green_pentagon.urdf
Loading URDF /home/ashwink/Documents/swms/.venv/lib/python3.10/site-packages/language_table/environments/utils/../../../language_table/environments/assets/blocks/purple_moon.urdf
Loading URDF /home/ashwink/Documents/swms/.venv/lib/python3.10/site-packages/language_table/environments/utils/../../../language_table/environments/assets/blocks/purple_cube.urdf
Loading URDF /home/ashwink/Documents/swms/.venv/lib/python3.10/site-packages/language_table/environments/utils/../../../language_table/environments/assets/blocks/purple_star.urdf
Loading URDF /home/ashwink/Documents/swms/.venv/lib/python3.10/site-packages/language_table/environments/utils/../../../language_table/environments/assets/blocks/purple_pentagon.urdf
Env ready.

Forced peg start: [0.42843915 0.24419614]  (green_cube=[0.40339102 0.18967466], blue_moon=[0.32039625 0.00902261])
  dist(peg,green_cube)=0.0600  dist(peg,blue_moon)=0.2588  dist(green_cube,blue_moon)=0.1988

step  cos(zt,z*)  cos(zt,zt-1)  |   cos(predK,z*) min/mean/max  cos(pred_sel,z*)   cos(zpred0,z*)  ||a_raw||  |  dist(peg,A)   dist(A,B)
-------------------------------------------------------------------------------------------------------------------------------------------------------------------------------
   0      0.1869           nan  |    0.4357/  0.4357/  0.4358            0.4358           0.6263     0.0206  |       0.0587      0.1988
   1      0.1872        0.9788  |    0.6587/  0.6732/  0.6827            0.6827           0.6241     0.0162  |       0.0414      0.1988
   2      0.1800        0.8508  |    0.6717/  0.6887/  0.6980            0.6980           0.6304     0.0096  |       0.0341      0.1914
   3      0.1653        0.8693  |    0.6616/  0.6753/  0.6878            0.6878           0.6145     0.0159  |       0.0340      0.1822
   4      0.1605        0.8808  |    0.6460/  0.6590/  0.6660            0.6660           0.5745     0.0116  |       0.0346      0.1740
   5      0.1445        0.8620  |    0.5574/  0.5711/  0.5812            0.5812           0.4250     0.0095  |       0.0361      0.1674
   6      0.1638        0.8082  |    0.6725/  0.6898/  0.6989            0.6989           0.5686     0.0104  |       0.0369      0.1617
   7      0.1326        0.7505  |    0.5864/  0.6014/  0.6107            0.6107           0.3727     0.0123  |       0.0357      0.1558
   8      0.1068        0.7953  |    0.4682/  0.4842/  0.4956            0.4956           0.1638     0.0102  |       0.0367      0.1523
   9      0.0943        0.8123  |    0.4173/  0.4318/  0.4415            0.4415           0.0801     0.0110  |       0.0365      0.1481
  10      0.1068        0.8659  |    0.2320/  0.2483/  0.2614            0.2614          -0.1399     0.0104  |       0.0356      0.1438
  11      0.0928        0.8976  |    0.3127/  0.3305/  0.3428            0.3428          -0.0830     0.0114  |       0.0391      0.1432
  12      0.1027        0.9164  |    0.2199/  0.2355/  0.2453            0.2453          -0.1721     0.0074  |       0.0428      0.1431
  13      0.0450        0.8941  |   -0.1226/ -0.0969/ -0.0838           -0.0838          -0.4059     0.0100  |       0.0459      0.1431
  14      0.0243        0.9310  |   -0.1393/ -0.1045/ -0.0876           -0.0876          -0.3748     0.0189  |       0.0527      0.1431
  15     -0.0399        0.8783  |   -0.2245/ -0.2022/ -0.1846           -0.1846          -0.4339     0.0325  |       0.0677      0.1431
  16     -0.0822        0.6993  |   -0.2000/ -0.1829/ -0.1697           -0.1697          -0.3997     0.0409  |       0.0961      0.1431
  17     -0.0893        0.7376  |   -0.1340/ -0.1180/ -0.1050           -0.1050          -0.3679     0.0373  |       0.1357      0.1431
  18     -0.0855        0.8324  |   -0.1237/ -0.1040/ -0.0908           -0.0908          -0.3813     0.0375  |       0.1727      0.1431
  19     -0.0377        0.8739  |   -0.3462/ -0.3275/ -0.3145           -0.3145          -0.4239     0.0396  |       0.2095      0.1431
  20     -0.0053        0.8840  |   -0.3520/ -0.3369/ -0.3274           -0.3274          -0.4435     0.0361  |       0.2480      0.1431
  21      0.0033        0.9479  |   -0.3172/ -0.2897/ -0.2796           -0.2796          -0.4541     0.0298  |       0.2829      0.1431
  22      0.0108        0.9590  |   -0.3450/ -0.3265/ -0.3140           -0.3140          -0.4468     0.0304  |       0.3049      0.1431
  23      0.0265        0.9540  |   -0.3237/ -0.3070/ -0.2950           -0.2950          -0.4404     0.0305  |       0.3175      0.1431
  24      0.0333        0.9566  |   -0.3702/ -0.3452/ -0.3323           -0.3323          -0.4632     0.0305  |       0.3297      0.1431
  25      0.0325        0.9579  |   -0.3565/ -0.3385/ -0.3273           -0.3273          -0.4754     0.0269  |       0.3434      0.1431
  26      0.0061        0.9743  |   -0.3987/ -0.3840/ -0.3725           -0.3725          -0.4727     0.0280  |       0.3560      0.1431
  27      0.0111        0.9611  |   -0.3455/ -0.3260/ -0.3147           -0.3147          -0.4928     0.0276  |       0.3720      0.1431
  28      0.0190        0.9533  |   -0.3101/ -0.2801/ -0.2645           -0.2645          -0.4734     0.0304  |       0.3874      0.1431
  29      0.0078        0.9630  |   -0.3343/ -0.3186/ -0.3066           -0.3066          -0.4923     0.0295  |       0.4017      0.1431
  30     -0.0123        0.9578  |   -0.3045/ -0.2838/ -0.2657           -0.2657          -0.4604     0.0295  |       0.4173      0.1431
  31     -0.0133        0.9740  |   -0.3170/ -0.3026/ -0.2920           -0.2920          -0.4470     0.0293  |       0.4320      0.1431
  32     -0.0075        0.9415  |   -0.2793/ -0.2551/ -0.2409           -0.2409          -0.4213     0.0251  |       0.4483      0.1431
  33     -0.0068        0.9462  |   -0.2540/ -0.2372/ -0.2184           -0.2184          -0.3887     0.0254  |       0.4596      0.1431
  34      0.0112        0.9119  |   -0.2430/ -0.2262/ -0.2113           -0.2113          -0.3939     0.0339  |       0.4714      0.1431
  35     -0.0078        0.9526  |   -0.1087/ -0.0887/ -0.0709           -0.0709          -0.4061     0.0371  |       0.4830      0.1431
  36     -0.0078        1.0000  |   -0.0894/ -0.0702/ -0.0536           -0.0536          -0.4061     0.0362  |       0.4971      0.1431
  37     -0.0078        1.0000  |   -0.0933/ -0.0724/ -0.0559           -0.0559          -0.4061     0.0370  |       0.4983      0.1431
  38     -0.0078        1.0000  |   -0.0876/ -0.0709/ -0.0565           -0.0565          -0.4061     0.0368  |       0.4984      0.1431
  39     -0.0078        1.0000  |   -0.0916/ -0.0729/ -0.0586           -0.0586          -0.4061     0.0381  |       0.4983      0.1431
  40     -0.0078        1.0000  |   -0.0928/ -0.0771/ -0.0591           -0.0591          -0.4061     0.0379  |       0.4983      0.1431
  41     -0.0078        1.0000  |   -0.1005/ -0.0791/ -0.0604           -0.0604          -0.4061     0.0383  |       0.4984      0.1431
  42     -0.0078        1.0000  |   -0.0992/ -0.0794/ -0.0617           -0.0617          -0.4061     0.0400  |       0.4984      0.1431
  43     -0.0078        1.0000  |   -0.0833/ -0.0649/ -0.0520           -0.0520          -0.4061     0.0388  |       0.4983      0.1431
  44     -0.0078        1.0000  |   -0.0899/ -0.0757/ -0.0585           -0.0585          -0.4061     0.0406  |       0.4983      0.1431
  45     -0.0078        1.0000  |   -0.0913/ -0.0719/ -0.0563           -0.0563          -0.4061     0.0404  |       0.4982      0.1431
  46     -0.0078        1.0000  |   -0.0985/ -0.0769/ -0.0622           -0.0622          -0.4061     0.0386  |       0.4982      0.1431
  47     -0.0078        1.0000  |   -0.0954/ -0.0770/ -0.0620           -0.0620          -0.4061     0.0419  |       0.4982      0.1431
  48     -0.0078        1.0000  |   -0.1029/ -0.0786/ -0.0608           -0.0608          -0.4061     0.0405  |       0.4983      0.1431
  49     -0.0078        1.0000  |   -0.1073/ -0.0843/ -0.0705           -0.0705          -0.4061     0.0400  |       0.4983      0.1431
  50     -0.0078        1.0000  |   -0.0925/ -0.0778/ -0.0623           -0.0623          -0.4061     0.0388  |       0.4984      0.1431
  51     -0.0078        1.0000  |   -0.0908/ -0.0721/ -0.0561           -0.0561          -0.4061     0.0387  |       0.4984      0.1431
  52     -0.0078        1.0000  |   -0.0908/ -0.0732/ -0.0607           -0.0607          -0.4061     0.0387  |       0.4983      0.1431
  53     -0.0078        1.0000  |   -0.1149/ -0.0915/ -0.0750           -0.0750          -0.4061     0.0396  |       0.4983      0.1431
  54     -0.0078        1.0000  |   -0.1114/ -0.0934/ -0.0780           -0.0780          -0.4061     0.0411  |       0.4982      0.1431
  55     -0.0078        1.0000  |   -0.1144/ -0.0898/ -0.0726           -0.0726          -0.4061     0.0363  |       0.4982      0.1431
  56     -0.0078        1.0000  |   -0.0923/ -0.0739/ -0.0601           -0.0601          -0.4061     0.0400  |       0.4983      0.1431
  57     -0.0078        1.0000  |   -0.1036/ -0.0794/ -0.0633           -0.0634          -0.4061     0.0393  |       0.4983      0.1431
  58     -0.0078        1.0000  |   -0.0811/ -0.0670/ -0.0531           -0.0531          -0.4061     0.0377  |       0.4984      0.1431
  59     -0.0078        1.0000  |   -0.0783/ -0.0612/ -0.0471           -0.0471          -0.4061     0.0384  |       0.4984      0.1431
  60     -0.0078        1.0000  |   -0.0904/ -0.0719/ -0.0589           -0.0589          -0.4061     0.0383  |       0.4984      0.1431
  61     -0.0078        1.0000  |   -0.1126/ -0.0926/ -0.0788           -0.0788          -0.4061     0.0403  |       0.4983      0.1431
  62     -0.0078        1.0000  |   -0.1105/ -0.0889/ -0.0699           -0.0699          -0.4061     0.0424  |       0.4983      0.1431
  63     -0.0078        1.0000  |   -0.0956/ -0.0780/ -0.0631           -0.0631          -0.4061     0.0371  |       0.4982      0.1431
  64     -0.0078        1.0000  |   -0.1066/ -0.0843/ -0.0672           -0.0672          -0.4062     0.0394  |       0.4982      0.1431
  65     -0.0078        1.0000  |   -0.1189/ -0.0999/ -0.0805           -0.0805          -0.4062     0.0396  |       0.4983      0.1431
  66     -0.0078        1.0000  |   -0.1056/ -0.0888/ -0.0714           -0.0714          -0.4062     0.0411  |       0.4983      0.1431
  67     -0.0078        1.0000  |   -0.0978/ -0.0761/ -0.0637           -0.0637          -0.4062     0.0388  |       0.4984      0.1431
  68     -0.0078        1.0000  |   -0.0988/ -0.0801/ -0.0644           -0.0644          -0.4062     0.0384  |       0.4984      0.1431
  69     -0.0078        1.0000  |   -0.1093/ -0.0904/ -0.0758           -0.0758          -0.4062     0.0390  |       0.4984      0.1431
  70     -0.0078        1.0000  |   -0.1109/ -0.0842/ -0.0702           -0.0702          -0.4062     0.0411  |       0.4984      0.1431
  71     -0.0078        1.0000  |   -0.0939/ -0.0745/ -0.0605           -0.0605          -0.4062     0.0390  |       0.4983      0.1431
  72     -0.0078        1.0000  |   -0.0962/ -0.0782/ -0.0631           -0.0631          -0.4062     0.0370  |       0.4982      0.1431
  73     -0.0078        1.0000  |   -0.0992/ -0.0783/ -0.0621           -0.0621          -0.4062     0.0376  |       0.4982      0.1431
  74     -0.0078        1.0000  |   -0.0924/ -0.0739/ -0.0607           -0.0607          -0.4062     0.0372  |       0.4983      0.1431
  75     -0.0078        1.0000  |   -0.0855/ -0.0701/ -0.0550           -0.0550          -0.4062     0.0418  |       0.4984      0.1431
  76     -0.0078        1.0000  |   -0.0897/ -0.0735/ -0.0576           -0.0576          -0.4062     0.0385  |       0.4984      0.1431
  77     -0.0078        1.0000  |   -0.0922/ -0.0718/ -0.0560           -0.0560          -0.4062     0.0381  |       0.4984      0.1431
  78     -0.0078        1.0000  |   -0.0865/ -0.0677/ -0.0543           -0.0543          -0.4062     0.0387  |       0.4983      0.1431
  79     -0.0078        1.0000  |   -0.1069/ -0.0801/ -0.0669           -0.0669          -0.4062     0.0387  |       0.4983      0.1431
  80     -0.0078        1.0000  |   -0.1067/ -0.0858/ -0.0709           -0.0709          -0.4062     0.0413  |       0.4982      0.1431
  81     -0.0078        1.0000  |   -0.0860/ -0.0689/ -0.0532           -0.0532          -0.4062     0.0404  |       0.4982      0.1431
  82     -0.0078        1.0000  |   -0.0821/ -0.0617/ -0.0504           -0.0504          -0.4062     0.0364  |       0.4984      0.1431
  83     -0.0078        1.0000  |   -0.0866/ -0.0696/ -0.0546           -0.0546          -0.4062     0.0387  |       0.4984      0.1431
  84     -0.0078        1.0000  |   -0.0923/ -0.0724/ -0.0585           -0.0585          -0.4062     0.0405  |       0.4985      0.1431
  85     -0.0078        1.0000  |   -0.0901/ -0.0647/ -0.0522           -0.0522          -0.4062     0.0389  |       0.4984      0.1431
  86     -0.0078        1.0000  |   -0.0866/ -0.0706/ -0.0550           -0.0550          -0.4062     0.0398  |       0.4984      0.1431
  87     -0.0078        1.0000  |   -0.0997/ -0.0747/ -0.0594           -0.0594          -0.4062     0.0382  |       0.4984      0.1431
  88     -0.0079        1.0000  |   -0.1162/ -0.0866/ -0.0683           -0.0683          -0.4062     0.0391  |       0.4984      0.1431
  89     -0.0079        1.0000  |   -0.1028/ -0.0841/ -0.0687           -0.0687          -0.4062     0.0378  |       0.4985      0.1431
  90     -0.0079        1.0000  |   -0.1065/ -0.0855/ -0.0705           -0.0705          -0.4062     0.0396  |       0.4985      0.1431
  91     -0.0079        1.0000  |   -0.0997/ -0.0787/ -0.0595           -0.0595          -0.4062     0.0413  |       0.4984      0.1431
  92     -0.0079        1.0000  |   -0.0872/ -0.0685/ -0.0529           -0.0529          -0.4062     0.0374  |       0.4984      0.1431
  93     -0.0079        1.0000  |   -0.0949/ -0.0770/ -0.0587           -0.0587          -0.4062     0.0367  |       0.4984      0.1431
  94     -0.0079        1.0000  |   -0.0928/ -0.0747/ -0.0562           -0.0562          -0.4062     0.0374  |       0.4985      0.1431
  95     -0.0079        1.0000  |   -0.0983/ -0.0762/ -0.0603           -0.0603          -0.4062     0.0391  |       0.4985      0.1431
  96     -0.0079        1.0000  |   -0.1118/ -0.0816/ -0.0627           -0.0627          -0.4062     0.0399  |       0.4985      0.1431
  97     -0.0079        1.0000  |   -0.0964/ -0.0796/ -0.0622           -0.0622          -0.4062     0.0396  |       0.4984      0.1431
  98     -0.0079        1.0000  |   -0.1018/ -0.0812/ -0.0667           -0.0667          -0.4062     0.0399  |       0.4984      0.1431
  99     -0.0079        1.0000  |   -0.0997/ -0.0804/ -0.0640           -0.0640          -0.4062     0.0375  |       0.4984      0.1431
 100     -0.0079        1.0000  |   -0.1028/ -0.0860/ -0.0683           -0.0683          -0.4062     0.0391  |       0.4984      0.1431
 101     -0.0074        1.0000  |   -0.1013/ -0.0803/ -0.0663           -0.0663          -0.4070     0.0403  |       0.4985      0.1431
 102     -0.0074        1.0000  |   -0.0950/ -0.0765/ -0.0611           -0.0611          -0.4070     0.0400  |       0.4985      0.1431
 103     -0.0074        1.0000  |   -0.1044/ -0.0759/ -0.0605           -0.0605          -0.4070     0.0385  |       0.4985      0.1431
 104     -0.0079        1.0000  |   -0.1118/ -0.0931/ -0.0793           -0.0793          -0.4062     0.0373  |       0.4984      0.1431
 105     -0.0074        1.0000  |   -0.1183/ -0.0955/ -0.0801           -0.0801          -0.4070     0.0414  |       0.4984      0.1431
 106     -0.0074        1.0000  |   -0.0924/ -0.0731/ -0.0580           -0.0580          -0.4070     0.0371  |       0.4984      0.1431
 107     -0.0074        1.0000  |   -0.0972/ -0.0750/ -0.0599           -0.0599          -0.4070     0.0396  |       0.4984      0.1431
 108     -0.0074        1.0000  |   -0.0903/ -0.0659/ -0.0508           -0.0508          -0.4070     0.0384  |       0.4984      0.1431
 109     -0.0074        1.0000  |   -0.0837/ -0.0637/ -0.0499           -0.0499          -0.4070     0.0363  |       0.4985      0.1431
 110     -0.0074        1.0000  |   -0.0925/ -0.0738/ -0.0593           -0.0593          -0.4070     0.0384  |       0.4985      0.1431
 111     -0.0074        1.0000  |   -0.1043/ -0.0821/ -0.0660           -0.0660          -0.4070     0.0380  |       0.4985      0.1431
 112     -0.0074        1.0000  |   -0.1068/ -0.0808/ -0.0648           -0.0648          -0.4070     0.0379  |       0.4985      0.1431
 113     -0.0074        1.0000  |   -0.1052/ -0.0863/ -0.0680           -0.0680          -0.4070     0.0403  |       0.4984      0.1431
 114     -0.0074        1.0000  |   -0.1033/ -0.0831/ -0.0681           -0.0681          -0.4070     0.0383  |       0.4984      0.1431
 115     -0.0079        1.0000  |   -0.0989/ -0.0793/ -0.0624           -0.0624          -0.4062     0.0396  |       0.4984      0.1431
 116     -0.0074        1.0000  |   -0.0947/ -0.0743/ -0.0616           -0.0616          -0.4069     0.0411  |       0.4985      0.1431
 117     -0.0074        1.0000  |   -0.0908/ -0.0684/ -0.0513           -0.0513          -0.4069     0.0374  |       0.4985      0.1431
 118     -0.0074        1.0000  |   -0.0969/ -0.0791/ -0.0626           -0.0626          -0.4069     0.0360  |       0.4985      0.1431
 119     -0.0074        1.0000  |   -0.1038/ -0.0783/ -0.0624           -0.0624          -0.4069     0.0390  |       0.4985      0.1431
 120     -0.0074        1.0000  |   -0.1040/ -0.0855/ -0.0691           -0.0691          -0.4069     0.0396  |       0.4984      0.1431
 121     -0.0074        1.0000  |   -0.0976/ -0.0768/ -0.0589           -0.0589          -0.4069     0.0379  |       0.4984      0.1431
 122     -0.0074        1.0000  |   -0.0990/ -0.0808/ -0.0653           -0.0653          -0.4069     0.0408  |       0.4984      0.1431
 123     -0.0074        1.0000  |   -0.0840/ -0.0655/ -0.0486           -0.0486          -0.4069     0.0371  |       0.4984      0.1431
 124     -0.0074        1.0000  |   -0.0978/ -0.0702/ -0.0551           -0.0551          -0.4069     0.0378  |       0.4985      0.1431
 125     -0.0074        1.0000  |   -0.0946/ -0.0746/ -0.0585           -0.0585          -0.4069     0.0395  |       0.4985      0.1431
 126     -0.0074        1.0000  |   -0.0828/ -0.0599/ -0.0485           -0.0485          -0.4069     0.0385  |       0.4985      0.1431
 127     -0.0074        1.0000  |   -0.0994/ -0.0801/ -0.0640           -0.0640          -0.4069     0.0400  |       0.4985      0.1431
 128     -0.0074        1.0000  |   -0.1038/ -0.0824/ -0.0654           -0.0654          -0.4069     0.0404  |       0.4985      0.1431
 129     -0.0074        1.0000  |   -0.0966/ -0.0743/ -0.0598           -0.0598          -0.4069     0.0400  |       0.4985      0.1431
 130     -0.0074        1.0000  |   -0.1074/ -0.0807/ -0.0637           -0.0637          -0.4069     0.0386  |       0.4986      0.1431
 131     -0.0074        1.0000  |   -0.0877/ -0.0686/ -0.0505           -0.0505          -0.4069     0.0361  |       0.4986      0.1431
 132     -0.0074        1.0000  |   -0.0914/ -0.0745/ -0.0604           -0.0604          -0.4069     0.0356  |       0.4986      0.1431
 133     -0.0074        1.0000  |   -0.0945/ -0.0741/ -0.0575           -0.0575          -0.4069     0.0382  |       0.4986      0.1431
 134     -0.0074        1.0000  |   -0.0951/ -0.0741/ -0.0600           -0.0600          -0.4069     0.0413  |       0.4986      0.1431
 135     -0.0074        1.0000  |   -0.0988/ -0.0750/ -0.0587           -0.0587          -0.4069     0.0399  |       0.4986      0.1431
 136     -0.0074        1.0000  |   -0.1016/ -0.0809/ -0.0653           -0.0653          -0.4066     0.0376  |       0.4986      0.1431
 137     -0.0074        1.0000  |   -0.1039/ -0.0797/ -0.0650           -0.0650          -0.4069     0.0389  |       0.4986      0.1431
 138     -0.0074        1.0000  |   -0.0998/ -0.0826/ -0.0672           -0.0672          -0.4070     0.0412  |       0.4986      0.1431
 139     -0.0074        1.0000  |   -0.1029/ -0.0830/ -0.0678           -0.0678          -0.4069     0.0387  |       0.4986      0.1431
 140     -0.0074        1.0000  |   -0.1023/ -0.0823/ -0.0647           -0.0647          -0.4069     0.0402  |       0.4986      0.1431
 141     -0.0074        1.0000  |   -0.0906/ -0.0743/ -0.0562           -0.0562          -0.4069     0.0375  |       0.4986      0.1431
 142     -0.0074        1.0000  |   -0.1033/ -0.0817/ -0.0654           -0.0654          -0.4069     0.0404  |       0.4986      0.1431
 143     -0.0074        1.0000  |   -0.1104/ -0.0884/ -0.0726           -0.0726          -0.4066     0.0394  |       0.4986      0.1431
 144     -0.0074        1.0000  |   -0.0879/ -0.0715/ -0.0594           -0.0594          -0.4069     0.0382  |       0.4986      0.1431
 145     -0.0074        1.0000  |   -0.0953/ -0.0772/ -0.0596           -0.0596          -0.4069     0.0399  |       0.4986      0.1431
 146     -0.0074        1.0000  |   -0.0917/ -0.0734/ -0.0574           -0.0574          -0.4066     0.0400  |       0.4986      0.1431
 147     -0.0075        1.0000  |   -0.0983/ -0.0801/ -0.0616           -0.0616          -0.4067     0.0373  |       0.4986      0.1431
 148     -0.0074        1.0000  |   -0.0970/ -0.0776/ -0.0605           -0.0605          -0.4069     0.0393  |       0.4986      0.1431
 149     -0.0074        1.0000  |   -0.0992/ -0.0782/ -0.0613           -0.0613          -0.4069     0.0401  |       0.4986      0.1431
 150     -0.0075        1.0000  |   -0.0989/ -0.0763/ -0.0594           -0.0594          -0.4067     0.0396  |       0.4986      0.1431
 151     -0.0076        1.0000  |   -0.1002/ -0.0769/ -0.0618           -0.0618          -0.4068     0.0389  |       0.4986      0.1431
 152     -0.0076        1.0000  |   -0.0870/ -0.0696/ -0.0539           -0.0539          -0.4068     0.0377  |       0.4986      0.1431
 153     -0.0076        1.0000  |   -0.0982/ -0.0762/ -0.0621           -0.0621          -0.4069     0.0374  |       0.4986      0.1431
 154     -0.0076        1.0000  |   -0.0997/ -0.0810/ -0.0622           -0.0622          -0.4069     0.0376  |       0.4986      0.1431
 155     -0.0076        1.0000  |   -0.1057/ -0.0881/ -0.0709           -0.0709          -0.4068     0.0411  |       0.4986      0.1431
 156     -0.0076        1.0000  |   -0.0920/ -0.0736/ -0.0582           -0.0582          -0.4068     0.0388  |       0.4986      0.1431
 157     -0.0076        1.0000  |   -0.0932/ -0.0705/ -0.0514           -0.0514          -0.4068     0.0380  |       0.4986      0.1431
 158     -0.0076        1.0000  |   -0.0929/ -0.0730/ -0.0601           -0.0601          -0.4068     0.0376  |       0.4986      0.1431
 159     -0.0076        1.0000  |   -0.1016/ -0.0832/ -0.0669           -0.0669          -0.4068     0.0394  |       0.4986      0.1431
 160     -0.0076        1.0000  |   -0.0844/ -0.0696/ -0.0553           -0.0553          -0.4068     0.0380  |       0.4986      0.1431
 161     -0.0076        1.0000  |   -0.0893/ -0.0751/ -0.0601           -0.0601          -0.4068     0.0354  |       0.4986      0.1431
 162     -0.0076        1.0000  |   -0.0946/ -0.0790/ -0.0643           -0.0643          -0.4068     0.0397  |       0.4986      0.1431
 163     -0.0076        1.0000  |   -0.0951/ -0.0771/ -0.0589           -0.0589          -0.4068     0.0367  |       0.4985      0.1431
 164     -0.0077        1.0000  |   -0.0994/ -0.0795/ -0.0644           -0.0644          -0.4069     0.0389  |       0.4985      0.1431
 165     -0.0077        1.0000  |   -0.1136/ -0.0810/ -0.0637           -0.0637          -0.4069     0.0377  |       0.4985      0.1431
 166     -0.0076        1.0000  |   -0.0962/ -0.0762/ -0.0591           -0.0591          -0.4068     0.0386  |       0.4985      0.1431
 167     -0.0076        1.0000  |   -0.1040/ -0.0782/ -0.0624           -0.0624          -0.4068     0.0373  |       0.4985      0.1431
 168     -0.0076        1.0000  |   -0.0955/ -0.0737/ -0.0586           -0.0586          -0.4068     0.0378  |       0.4985      0.1431
 169     -0.0076        1.0000  |   -0.0877/ -0.0723/ -0.0569           -0.0569          -0.4068     0.0383  |       0.4985      0.1431
 170     -0.0076        1.0000  |   -0.1027/ -0.0834/ -0.0690           -0.0690          -0.4068     0.0400  |       0.4985      0.1431
 171     -0.0076        1.0000  |   -0.1013/ -0.0798/ -0.0656           -0.0656          -0.4068     0.0399  |       0.4985      0.1431
 172     -0.0076        1.0000  |   -0.0982/ -0.0789/ -0.0585           -0.0585          -0.4068     0.0378  |       0.4985      0.1431
 173     -0.0077        1.0000  |   -0.0912/ -0.0753/ -0.0607           -0.0607          -0.4069     0.0373  |       0.4985      0.1431
 174     -0.0076        1.0000  |   -0.0927/ -0.0733/ -0.0603           -0.0603          -0.4068     0.0389  |       0.4985      0.1431
 175     -0.0076        1.0000  |   -0.1022/ -0.0842/ -0.0680           -0.0680          -0.4068     0.0394  |       0.4985      0.1431
 176     -0.0076        1.0000  |   -0.1000/ -0.0827/ -0.0682           -0.0682          -0.4068     0.0395  |       0.4985      0.1431
 177     -0.0076        1.0000  |   -0.1078/ -0.0828/ -0.0666           -0.0666          -0.4068     0.0359  |       0.4985      0.1431
 178     -0.0076        1.0000  |   -0.1163/ -0.0915/ -0.0747           -0.0747          -0.4068     0.0394  |       0.4985      0.1431
 179     -0.0077        1.0000  |   -0.0920/ -0.0714/ -0.0564           -0.0564          -0.4069     0.0390  |       0.4985      0.1431
 180     -0.0076        1.0000  |   -0.1013/ -0.0741/ -0.0583           -0.0583          -0.4068     0.0392  |       0.4985      0.1431
 181     -0.0076        1.0000  |   -0.0856/ -0.0710/ -0.0564           -0.0564          -0.4068     0.0396  |       0.4985      0.1431
 182     -0.0076        1.0000  |   -0.0985/ -0.0800/ -0.0654           -0.0654          -0.4068     0.0415  |       0.4985      0.1431
 183     -0.0076        1.0000  |   -0.0995/ -0.0816/ -0.0635           -0.0635          -0.4068     0.0394  |       0.4985      0.1431
 184     -0.0077        1.0000  |   -0.0867/ -0.0688/ -0.0566           -0.0566          -0.4069     0.0380  |       0.4985      0.1431
 185     -0.0076        1.0000  |   -0.0926/ -0.0708/ -0.0557           -0.0557          -0.4068     0.0388  |       0.4985      0.1431
 186     -0.0076        1.0000  |   -0.0983/ -0.0763/ -0.0615           -0.0615          -0.4068     0.0408  |       0.4985      0.1431
 187     -0.0076        1.0000  |   -0.1150/ -0.0924/ -0.0748           -0.0748          -0.4068     0.0408  |       0.4985      0.1431
 188     -0.0077        1.0000  |   -0.0921/ -0.0731/ -0.0564           -0.0564          -0.4069     0.0397  |       0.4985      0.1431
 189     -0.0076        1.0000  |   -0.0963/ -0.0738/ -0.0582           -0.0582          -0.4068     0.0393  |       0.4985      0.1431
 190     -0.0076        1.0000  |   -0.1042/ -0.0860/ -0.0658           -0.0658          -0.4068     0.0392  |       0.4985      0.1431
 191     -0.0076        1.0000  |   -0.0962/ -0.0748/ -0.0558           -0.0558          -0.4068     0.0391  |       0.4985      0.1431
 192     -0.0077        1.0000  |   -0.0992/ -0.0766/ -0.0589           -0.0589          -0.4069     0.0385  |       0.4985      0.1431
 193     -0.0076        1.0000  |   -0.0905/ -0.0706/ -0.0542           -0.0542          -0.4068     0.0382  |       0.4985      0.1431
 194     -0.0076        1.0000  |   -0.0825/ -0.0615/ -0.0481           -0.0481          -0.4068     0.0377  |       0.4985      0.1431
 195     -0.0076        1.0000  |   -0.0831/ -0.0626/ -0.0493           -0.0493          -0.4068     0.0376  |       0.4985      0.1431
 196     -0.0077        1.0000  |   -0.1033/ -0.0857/ -0.0684           -0.0684          -0.4069     0.0401  |       0.4985      0.1431
 197     -0.0076        1.0000  |   -0.1042/ -0.0789/ -0.0621           -0.0621          -0.4068     0.0406  |       0.4985      0.1431
 198     -0.0076        1.0000  |   -0.0869/ -0.0666/ -0.0529           -0.0529          -0.4068     0.0383  |       0.4985      0.1431
 199     -0.0076        1.0000  |   -0.0851/ -0.0707/ -0.0585           -0.0585          -0.4068     0.0386  |       0.4985      0.1431
 200     -0.0077        1.0000  |   -0.1129/ -0.0898/ -0.0713           -0.0713          -0.4069     0.0418  |       0.4985      0.1431
 201     -0.0076        1.0000  |   -0.0796/ -0.0627/ -0.0474           -0.0474          -0.4068     0.0398  |       0.4985      0.1431
 202     -0.0076        1.0000  |   -0.0911/ -0.0702/ -0.0575           -0.0575          -0.4068     0.0373  |       0.4985      0.1431
 203     -0.0076        1.0000  |   -0.0960/ -0.0690/ -0.0533           -0.0533          -0.4068     0.0386  |       0.4985      0.1431
 204     -0.0077        1.0000  |   -0.1060/ -0.0778/ -0.0624           -0.0624          -0.4069     0.0379  |       0.4985      0.1431
 205     -0.0076        1.0000  |   -0.1055/ -0.0825/ -0.0658           -0.0658          -0.4068     0.0407  |       0.4985      0.1431
 206     -0.0076        1.0000  |   -0.1025/ -0.0782/ -0.0597           -0.0597          -0.4068     0.0378  |       0.4985      0.1431
 207     -0.0076        1.0000  |   -0.0867/ -0.0667/ -0.0526           -0.0526          -0.4068     0.0364  |       0.4985      0.1431
 208     -0.0077        1.0000  |   -0.0960/ -0.0753/ -0.0578           -0.0578          -0.4069     0.0388  |       0.4985      0.1431
 209     -0.0079        1.0000  |   -0.1064/ -0.0836/ -0.0675           -0.0675          -0.4067     0.0383  |       0.4985      0.1431
 210     -0.0079        1.0000  |   -0.0979/ -0.0786/ -0.0621           -0.0621          -0.4067     0.0409  |       0.4985      0.1431
 211     -0.0079        1.0000  |   -0.0887/ -0.0708/ -0.0575           -0.0575          -0.4068     0.0375  |       0.4985      0.1431
 212     -0.0079        1.0000  |   -0.0929/ -0.0766/ -0.0627           -0.0627          -0.4067     0.0405  |       0.4985      0.1431
 213     -0.0079        1.0000  |   -0.1052/ -0.0872/ -0.0702           -0.0702          -0.4067     0.0378  |       0.4985      0.1431
 214     -0.0079        1.0000  |   -0.1068/ -0.0861/ -0.0682           -0.0682          -0.4067     0.0383  |       0.4985      0.1431
 215     -0.0079        1.0000  |   -0.0984/ -0.0827/ -0.0694           -0.0694          -0.4068     0.0367  |       0.4985      0.1431
 216     -0.0079        1.0000  |   -0.0951/ -0.0782/ -0.0654           -0.0654          -0.4067     0.0387  |       0.4985      0.1431
 217     -0.0079        1.0000  |   -0.1079/ -0.0862/ -0.0704           -0.0704          -0.4067     0.0419  |       0.4985      0.1431
 218     -0.0079        1.0000  |   -0.1017/ -0.0811/ -0.0666           -0.0666          -0.4068     0.0386  |       0.4985      0.1431
 219     -0.0079        1.0000  |   -0.0980/ -0.0798/ -0.0607           -0.0607          -0.4067     0.0377  |       0.4985      0.1431
 220     -0.0079        1.0000  |   -0.1004/ -0.0809/ -0.0641           -0.0641          -0.4067     0.0383  |       0.4985      0.1431
 221     -0.0079        1.0000  |   -0.0939/ -0.0745/ -0.0561           -0.0561          -0.4067     0.0383  |       0.4985      0.1431
 222     -0.0079        1.0000  |   -0.0973/ -0.0771/ -0.0637           -0.0637          -0.4068     0.0376  |       0.4985      0.1431
 223     -0.0079        1.0000  |   -0.0925/ -0.0729/ -0.0573           -0.0573          -0.4067     0.0398  |       0.4985      0.1431
 224     -0.0079        1.0000  |   -0.0934/ -0.0718/ -0.0570           -0.0570          -0.4067     0.0364  |       0.4985      0.1431
 225     -0.0079        1.0000  |   -0.0945/ -0.0765/ -0.0589           -0.0589          -0.4068     0.0399  |       0.4985      0.1431
 226     -0.0079        1.0000  |   -0.1012/ -0.0802/ -0.0611           -0.0611          -0.4067     0.0400  |       0.4985      0.1431
 227     -0.0079        1.0000  |   -0.0935/ -0.0770/ -0.0640           -0.0640          -0.4067     0.0390  |       0.4985      0.1431
 228     -0.0079        1.0000  |   -0.0879/ -0.0724/ -0.0604           -0.0604          -0.4067     0.0399  |       0.4985      0.1431
 229     -0.0079        1.0000  |   -0.0984/ -0.0782/ -0.0598           -0.0598          -0.4068     0.0368  |       0.4985      0.1431
 230     -0.0079        1.0000  |   -0.1026/ -0.0847/ -0.0685           -0.0685          -0.4067     0.0382  |       0.4985      0.1431
 231     -0.0079        1.0000  |   -0.0974/ -0.0808/ -0.0686           -0.0686          -0.4067     0.0397  |       0.4985      0.1431
 232     -0.0079        1.0000  |   -0.1047/ -0.0855/ -0.0699           -0.0699          -0.4068     0.0412  |       0.4985      0.1431
 233     -0.0079        1.0000  |   -0.0968/ -0.0779/ -0.0644           -0.0644          -0.4068     0.0394  |       0.4985      0.1431
 234     -0.0079        1.0000  |   -0.0881/ -0.0696/ -0.0550           -0.0550          -0.4067     0.0382  |       0.4985      0.1431
 235     -0.0079        1.0000  |   -0.0963/ -0.0778/ -0.0620           -0.0620          -0.4067     0.0384  |       0.4985      0.1431
 236     -0.0079        1.0000  |   -0.0907/ -0.0726/ -0.0557           -0.0557          -0.4068     0.0406  |       0.4985      0.1431
 237     -0.0079        1.0000  |   -0.0986/ -0.0766/ -0.0589           -0.0589          -0.4067     0.0378  |       0.4985      0.1431
 238     -0.0079        1.0000  |   -0.0964/ -0.0718/ -0.0570           -0.0570          -0.4067     0.0402  |       0.4985      0.1431
 239     -0.0079        1.0000  |   -0.0961/ -0.0756/ -0.0583           -0.0583          -0.4070     0.0387  |       0.4985      0.1431
 240     -0.0079        1.0000  |   -0.1070/ -0.0880/ -0.0709           -0.0709          -0.4070     0.0394  |       0.4985      0.1431
 241     -0.0079        1.0000  |   -0.1058/ -0.0834/ -0.0704           -0.0704          -0.4069     0.0402  |       0.4985      0.1431
 242     -0.0079        1.0000  |   -0.0935/ -0.0754/ -0.0574           -0.0574          -0.4069     0.0383  |       0.4985      0.1431
 243     -0.0079        1.0000  |   -0.1018/ -0.0816/ -0.0675           -0.0675          -0.4070     0.0384  |       0.4985      0.1431
 244     -0.0079        1.0000  |   -0.0990/ -0.0785/ -0.0624           -0.0624          -0.4068     0.0391  |       0.4985      0.1431
 245     -0.0079        1.0000  |   -0.1056/ -0.0834/ -0.0694           -0.0694          -0.4068     0.0403  |       0.4985      0.1431
 246     -0.0080        1.0000  |   -0.1155/ -0.0920/ -0.0754           -0.0754          -0.4069     0.0388  |       0.4985      0.1431
 247     -0.0079        1.0000  |   -0.1101/ -0.0895/ -0.0737           -0.0737          -0.4069     0.0370  |       0.4985      0.1431
 248     -0.0079        1.0000  |   -0.1011/ -0.0766/ -0.0610           -0.0610          -0.4069     0.0382  |       0.4985      0.1431
 249     -0.0079        1.0000  |   -0.0907/ -0.0720/ -0.0591           -0.0591          -0.4069     0.0376  |       0.4985      0.1431
 250     -0.0080        1.0000  |   -0.0963/ -0.0786/ -0.0635           -0.0635          -0.4070     0.0396  |       0.4985      0.1431
 251     -0.0079        1.0000  |   -0.0952/ -0.0789/ -0.0661           -0.0661          -0.4070     0.0400  |       0.4985      0.1431
 252     -0.0079        1.0000  |   -0.0946/ -0.0759/ -0.0620           -0.0620          -0.4069     0.0377  |       0.4985      0.1431
 253     -0.0080        1.0000  |   -0.0949/ -0.0779/ -0.0625           -0.0625          -0.4071     0.0391  |       0.4985      0.1431
 254     -0.0079        1.0000  |   -0.0965/ -0.0765/ -0.0610           -0.0610          -0.4070     0.0373  |       0.4985      0.1431
 255     -0.0079        1.0000  |   -0.0957/ -0.0773/ -0.0607           -0.0607          -0.4070     0.0380  |       0.4985      0.1431
 256     -0.0079        1.0000  |   -0.0940/ -0.0720/ -0.0580           -0.0580          -0.4070     0.0375  |       0.4985      0.1431
 257     -0.0080        1.0000  |   -0.1011/ -0.0815/ -0.0651           -0.0651          -0.4071     0.0416  |       0.4985      0.1431
 258     -0.0079        1.0000  |   -0.0865/ -0.0669/ -0.0526           -0.0526          -0.4070     0.0369  |       0.4985      0.1431
 259     -0.0079        1.0000  |   -0.0824/ -0.0629/ -0.0505           -0.0505          -0.4070     0.0383  |       0.4985      0.1431
 260     -0.0080        1.0000  |   -0.0838/ -0.0660/ -0.0528           -0.0528          -0.4071     0.0352  |       0.4985      0.1431
 261     -0.0079        1.0000  |   -0.0940/ -0.0753/ -0.0615           -0.0615          -0.4070     0.0391  |       0.4985      0.1431
 262     -0.0079        1.0000  |   -0.1006/ -0.0824/ -0.0673           -0.0673          -0.4070     0.0377  |       0.4985      0.1431
 263     -0.0080        1.0000  |   -0.1024/ -0.0844/ -0.0668           -0.0668          -0.4071     0.0376  |       0.4985      0.1431
 264     -0.0080        1.0000  |   -0.0899/ -0.0738/ -0.0599           -0.0599          -0.4070     0.0370  |       0.4985      0.1431
 265     -0.0079        1.0000  |   -0.0881/ -0.0709/ -0.0570           -0.0570          -0.4069     0.0371  |       0.4985      0.1431
 266     -0.0079        1.0000  |   -0.1071/ -0.0816/ -0.0601           -0.0601          -0.4070     0.0360  |       0.4985      0.1431
 267     -0.0080        1.0000  |   -0.1049/ -0.0833/ -0.0672           -0.0672          -0.4070     0.0387  |       0.4985      0.1431
 268     -0.0079        1.0000  |   -0.0966/ -0.0802/ -0.0657           -0.0657          -0.4070     0.0394  |       0.4985      0.1431
 269     -0.0079        1.0000  |   -0.0954/ -0.0775/ -0.0618           -0.0618          -0.4069     0.0384  |       0.4985      0.1431
 270     -0.0080        1.0000  |   -0.0957/ -0.0725/ -0.0561           -0.0561          -0.4071     0.0364  |       0.4985      0.1431
 271     -0.0080        1.0000  |   -0.1032/ -0.0827/ -0.0672           -0.0672          -0.4070     0.0379  |       0.4985      0.1431
 272     -0.0079        1.0000  |   -0.1107/ -0.0885/ -0.0693           -0.0693          -0.4069     0.0413  |       0.4985      0.1431
 273     -0.0079        1.0000  |   -0.0965/ -0.0777/ -0.0643           -0.0643          -0.4069     0.0370  |       0.4985      0.1431
 274     -0.0080        1.0000  |   -0.0948/ -0.0789/ -0.0649           -0.0649          -0.4070     0.0378  |       0.4985      0.1431
 275     -0.0079        1.0000  |   -0.1098/ -0.0835/ -0.0680           -0.0680          -0.4069     0.0393  |       0.4985      0.1431
 276     -0.0079        1.0000  |   -0.1000/ -0.0797/ -0.0638           -0.0638          -0.4069     0.0376  |       0.4985      0.1431
 277     -0.0080        1.0000  |   -0.1069/ -0.0843/ -0.0697           -0.0697          -0.4070     0.0387  |       0.4985      0.1431
 278     -0.0080        1.0000  |   -0.1169/ -0.0943/ -0.0794           -0.0794          -0.4070     0.0422  |       0.4985      0.1431
 279     -0.0079        1.0000  |   -0.0916/ -0.0739/ -0.0587           -0.0587          -0.4069     0.0415  |       0.4985      0.1431
 280     -0.0079        1.0000  |   -0.0814/ -0.0601/ -0.0443           -0.0443          -0.4069     0.0390  |       0.4985      0.1431
 281     -0.0080        1.0000  |   -0.0941/ -0.0689/ -0.0546           -0.0546          -0.4070     0.0374  |       0.4985      0.1431
 282     -0.0079        1.0000  |   -0.0916/ -0.0694/ -0.0525           -0.0525          -0.4069     0.0373  |       0.4985      0.1431
 283     -0.0079        1.0000  |   -0.0985/ -0.0768/ -0.0612           -0.0612          -0.4069     0.0375  |       0.4985      0.1431
 284     -0.0080        1.0000  |   -0.1063/ -0.0849/ -0.0697           -0.0697          -0.4070     0.0378  |       0.4985      0.1431
 285     -0.0079        1.0000  |   -0.1023/ -0.0808/ -0.0669           -0.0669          -0.4069     0.0385  |       0.4985      0.1431
 286     -0.0079        1.0000  |   -0.0937/ -0.0791/ -0.0655           -0.0655          -0.4069     0.0371  |       0.4985      0.1431
 287     -0.0080        1.0000  |   -0.0944/ -0.0771/ -0.0630           -0.0630          -0.4070     0.0401  |       0.4985      0.1431
 288     -0.0080        1.0000  |   -0.0900/ -0.0717/ -0.0572           -0.0572          -0.4070     0.0400  |       0.4985      0.1431
 289     -0.0079        1.0000  |   -0.0926/ -0.0719/ -0.0561           -0.0561          -0.4069     0.0381  |       0.4985      0.1431
 290     -0.0079        1.0000  |   -0.1083/ -0.0835/ -0.0694           -0.0694          -0.4069     0.0409  |       0.4985      0.1431
 291     -0.0080        1.0000  |   -0.1034/ -0.0834/ -0.0700           -0.0700          -0.4070     0.0386  |       0.4985      0.1431
 292     -0.0079        1.0000  |   -0.0974/ -0.0791/ -0.0649           -0.0649          -0.4069     0.0385  |       0.4985      0.1431
 293     -0.0079        1.0000  |   -0.1005/ -0.0809/ -0.0665           -0.0665          -0.4069     0.0373  |       0.4985      0.1431
 294     -0.0080        1.0000  |   -0.1030/ -0.0813/ -0.0657           -0.0657          -0.4070     0.0401  |       0.4985      0.1431
 295     -0.0080        1.0000  |   -0.0931/ -0.0727/ -0.0588           -0.0588          -0.4070     0.0382  |       0.4985      0.1431
 296     -0.0079        1.0000  |   -0.0925/ -0.0731/ -0.0565           -0.0565          -0.4069     0.0367  |       0.4985      0.1431
 297     -0.0079        1.0000  |   -0.0969/ -0.0764/ -0.0605           -0.0605          -0.4069     0.0358  |       0.4985      0.1431
 298     -0.0080        1.0000  |   -0.1056/ -0.0823/ -0.0652           -0.0652          -0.4070     0.0406  |       0.4985      0.1431
 299     -0.0079        1.0000  |   -0.1014/ -0.0777/ -0.0624           -0.0624          -0.4069     0.0393  |       0.4985      0.1431
IMAGEIO FFMPEG_WRITER WARNING: input image is not divisible by macro_block_size=16, resizing from (320, 180) to (320, 192) to ensure video compatibility with most codecs and players. To prevent resizing, make your input image divisible by the macro_block_size or set the macro_block_size to 1 (risking incompatibility).

Saved 300 frames -> /home/ashwink/Documents/swms/SWM_copy/rollouts_5_per/expert+subopt/epoch7/epoch7_rollout1_failure.mp4
min dist(green_cube,blue_moon) over episode = 0.1431  ->  FAILURE
Full log written to /home/ashwink/Documents/swms/SWM_copy/rollouts_5_per/expert+subopt/epoch7/epoch7_rollout1_20260723_125229.log
Result json -> /home/ashwink/Documents/swms/SWM_copy/rollouts_5_per/expert+subopt/epoch7/epoch7_rollout1_result.json
