Checkpoint dir epoch: 7  Rollout: 2
Logging to /home/ashwink/Documents/swms/SWM_copy/rollouts_5_per/expert+subopt/epoch7/epoch7_rollout2_20260723_125409.log
Goal (fixed, steps 0-299): the green cube is touching the blue moon. the peg is touching the green cube.

Checkpoint: /home/ashwink/Documents/swms/SWM_copy/training/checkpoints_clip_full_fine-tuned_with_subopt_data/epoch_007.pt
  epoch=7  step=13488

Loading CLIP ViT-L/14 (datacomp_xl_s13b_b90k) + fine-tuned clip_state_dict ...
Parsing model identifier. Schema: None, Identifier: ViT-L-14
Loaded built-in ViT-L-14 model config.
Instantiating model architecture: CLIP
Loading full pretrained weights from: /home/ashwink/.cache/huggingface/hub/models--laion--CLIP-ViT-L-14-DataComp.XL-s13B-b90K/snapshots/84c9828e63dc9a9351d1fe637c346d4c1c4db341/open_clip_pytorch_model.bin
Final image preprocessing configuration set: {'size': (224, 224), 'mode': 'RGB', 'mean': (0.48145466, 0.4578275, 0.40821073), 'std': (0.26862954, 0.26130258, 0.27577711), 'interpolation': 'bicubic', 'resize_mode': 'shortest', 'fill_color': 0}
Model ViT-L-14 creation process complete.
Parsing tokenizer identifier. Schema: None, Identifier: ViT-L-14
Attempting to load config from built-in: ViT-L-14
Using default SimpleTokenizer.
z_star shape: torch.Size([768])

Loading action stats from /home/ashwink/full_data_5000/langtable/demos/ ...
  lo=[-0.03372681140899658, -0.03493623435497284]  hi=[0.03496786952018738, 0.03494429588317871]

Initializing LangTable env ...
Loading URDF plane.urdf
Loading URDF /home/ashwink/Documents/swms/.venv/lib/python3.10/site-packages/language_table/environments/utils/../../../language_table/environments/assets/workspace_real.urdf
Loading URDF xarm/xarm6_robot_white.urdf
Loading URDF /home/ashwink/Documents/swms/.venv/lib/python3.10/site-packages/language_table/environments/utils/../../../language_table/environments/assets/suction/cylinder_real.urdf
Loading URDF /home/ashwink/Documents/swms/.venv/lib/python3.10/site-packages/language_table/environments/utils/../../../language_table/environments/assets/blocks/red_moon.urdf
Loading URDF /home/ashwink/Documents/swms/.venv/lib/python3.10/site-packages/language_table/environments/utils/../../../language_table/environments/assets/blocks/red_cube.urdf
Loading URDF /home/ashwink/Documents/swms/.venv/lib/python3.10/site-packages/language_table/environments/utils/../../../language_table/environments/assets/blocks/red_star.urdf
Loading URDF /home/ashwink/Documents/swms/.venv/lib/python3.10/site-packages/language_table/environments/utils/../../../language_table/environments/assets/blocks/red_pentagon.urdf
Loading URDF /home/ashwink/Documents/swms/.venv/lib/python3.10/site-packages/language_table/environments/utils/../../../language_table/environments/assets/blocks/blue_moon.urdf
Loading URDF /home/ashwink/Documents/swms/.venv/lib/python3.10/site-packages/language_table/environments/utils/../../../language_table/environments/assets/blocks/blue_cube.urdf
Loading URDF /home/ashwink/Documents/swms/.venv/lib/python3.10/site-packages/language_table/environments/utils/../../../language_table/environments/assets/blocks/blue_star.urdf
Loading URDF /home/ashwink/Documents/swms/.venv/lib/python3.10/site-packages/language_table/environments/utils/../../../language_table/environments/assets/blocks/blue_pentagon.urdf
Loading URDF /home/ashwink/Documents/swms/.venv/lib/python3.10/site-packages/language_table/environments/utils/../../../language_table/environments/assets/blocks/yellow_moon.urdf
Loading URDF /home/ashwink/Documents/swms/.venv/lib/python3.10/site-packages/language_table/environments/utils/../../../language_table/environments/assets/blocks/yellow_cube.urdf
Loading URDF /home/ashwink/Documents/swms/.venv/lib/python3.10/site-packages/language_table/environments/utils/../../../language_table/environments/assets/blocks/yellow_star.urdf
Loading URDF /home/ashwink/Documents/swms/.venv/lib/python3.10/site-packages/language_table/environments/utils/../../../language_table/environments/assets/blocks/yellow_pentagon.urdf
Loading URDF /home/ashwink/Documents/swms/.venv/lib/python3.10/site-packages/language_table/environments/utils/../../../language_table/environments/assets/blocks/green_moon.urdf
Loading URDF /home/ashwink/Documents/swms/.venv/lib/python3.10/site-packages/language_table/environments/utils/../../../language_table/environments/assets/blocks/green_cube.urdf
Loading URDF /home/ashwink/Documents/swms/.venv/lib/python3.10/site-packages/language_table/environments/utils/../../../language_table/environments/assets/blocks/green_star.urdf
Loading URDF /home/ashwink/Documents/swms/.venv/lib/python3.10/site-packages/language_table/environments/utils/../../../language_table/environments/assets/blocks/green_pentagon.urdf
Loading URDF /home/ashwink/Documents/swms/.venv/lib/python3.10/site-packages/language_table/environments/utils/../../../language_table/environments/assets/blocks/purple_moon.urdf
Loading URDF /home/ashwink/Documents/swms/.venv/lib/python3.10/site-packages/language_table/environments/utils/../../../language_table/environments/assets/blocks/purple_cube.urdf
Loading URDF /home/ashwink/Documents/swms/.venv/lib/python3.10/site-packages/language_table/environments/utils/../../../language_table/environments/assets/blocks/purple_star.urdf
Loading URDF /home/ashwink/Documents/swms/.venv/lib/python3.10/site-packages/language_table/environments/utils/../../../language_table/environments/assets/blocks/purple_pentagon.urdf
Env ready.

Forced peg start: [0.42843915 0.24419614]  (green_cube=[0.40339102 0.18967466], blue_moon=[0.32039625 0.00902261])
  dist(peg,green_cube)=0.0600  dist(peg,blue_moon)=0.2588  dist(green_cube,blue_moon)=0.1988

step  cos(zt,z*)  cos(zt,zt-1)  |   cos(predK,z*) min/mean/max  cos(pred_sel,z*)   cos(zpred0,z*)  ||a_raw||  |  dist(peg,A)   dist(A,B)
-------------------------------------------------------------------------------------------------------------------------------------------------------------------------------
   0      0.1869           nan  |    0.2312/  0.2621/  0.2891            0.2891           0.6263     0.0217  |       0.0587      0.1988
   1      0.1833        0.9794  |    0.6570/  0.6719/  0.6825            0.6825           0.6349     0.0027  |       0.0432      0.1988
   2      0.1869        0.9943  |    0.6728/  0.6881/  0.6965            0.6965           0.6315     0.0212  |       0.0397      0.1988
   3      0.1365        0.7766  |    0.5877/  0.6063/  0.6206            0.6206           0.5557     0.0147  |       0.0349      0.1854
   4      0.1251        0.8095  |    0.6504/  0.6648/  0.6734            0.6734           0.5619     0.0109  |       0.0335      0.1720
   5      0.1099        0.8594  |    0.6896/  0.7044/  0.7130            0.7130           0.6072     0.0171  |       0.0332      0.1629
   6      0.1065        0.7688  |    0.4668/  0.4839/  0.4984            0.4984           0.2226     0.0106  |       0.0388      0.1427
   7      0.1357        0.8938  |    0.5323/  0.5471/  0.5529            0.5529           0.2869     0.0118  |       0.0342      0.1388
   8      0.1219        0.8296  |    0.5695/  0.5812/  0.5891            0.5891           0.2468     0.0109  |       0.0344      0.1303
   9      0.1127        0.9399  |    0.5704/  0.5855/  0.5938            0.5938           0.2117     0.0094  |       0.0347      0.1248
  10      0.1306        0.9102  |    0.6280/  0.6409/  0.6496            0.6496           0.3990     0.0125  |       0.0354      0.1178
  11      0.1063        0.8947  |    0.5151/  0.5288/  0.5374            0.5374           0.2154     0.0078  |       0.0358      0.1080
  12      0.0979        0.9068  |    0.4751/  0.4929/  0.5036            0.5036           0.1178     0.0102  |       0.0361      0.1026
  13      0.1041        0.8863  |    0.2681/  0.2873/  0.2986            0.2986          -0.1709     0.0100  |       0.0376      0.0988
  14      0.1153        0.9098  |    0.3965/  0.4213/  0.4329            0.4329           0.0252     0.0060  |       0.0371      0.0944
  15      0.0979        0.9309  |    0.2743/  0.3005/  0.3117            0.3117          -0.1004     0.0056  |       0.0376      0.0923
  16      0.0928        0.9080  |    0.2166/  0.2398/  0.2489            0.2489          -0.1831     0.0055  |       0.0386      0.0910
  17      0.0889        0.9390  |    0.2304/  0.2550/  0.2665            0.2665          -0.2143     0.0057  |       0.0373      0.0884
  18      0.0646        0.8852  |    0.0441/  0.0673/  0.0786            0.0786          -0.1997     0.0038  |       0.0365      0.0861
  19      0.0372        0.9509  |    0.1312/  0.1522/  0.1673            0.1673          -0.0685     0.0076  |       0.0366      0.0849
  20      0.0423        0.9508  |   -0.0285/ -0.0076/  0.0030            0.0030          -0.1601     0.0071  |       0.0388      0.0842
  21      0.0318        0.9547  |   -0.0502/ -0.0369/ -0.0254           -0.0254          -0.2106     0.0034  |       0.0423      0.0842
  22      0.0267        0.9830  |   -0.0664/ -0.0472/ -0.0379           -0.0379          -0.2687     0.0059  |       0.0453      0.0842
  23      0.0196        0.9844  |   -0.0344/ -0.0175/ -0.0071           -0.0071          -0.2187     0.0041  |       0.0509      0.0842
  24      0.0037        0.9850  |   -0.1058/ -0.0836/ -0.0733           -0.0733          -0.2714     0.0051  |       0.0546      0.0842
  25      0.0128        0.9779  |   -0.0985/ -0.0822/ -0.0699           -0.0699          -0.2704     0.0055  |       0.0582      0.0842
  26     -0.0074        0.9817  |   -0.1102/ -0.0966/ -0.0887           -0.0887          -0.2756     0.0035  |       0.0635      0.0842
  27     -0.0286        0.9846  |   -0.1839/ -0.1693/ -0.1616           -0.1616          -0.3322     0.0057  |       0.0665      0.0842
  28     -0.0144        0.9690  |   -0.1787/ -0.1582/ -0.1483           -0.1483          -0.3188     0.0073  |       0.0702      0.0842
  29     -0.0360        0.9743  |   -0.2120/ -0.1955/ -0.1877           -0.1877          -0.3360     0.0091  |       0.0769      0.0842
  30     -0.0341        0.9319  |   -0.2732/ -0.2502/ -0.2421           -0.2421          -0.3850     0.0082  |       0.0838      0.0842
  31     -0.0092        0.9635  |   -0.2586/ -0.2338/ -0.2273           -0.2273          -0.3824     0.0091  |       0.0881      0.0842
  32     -0.0149        0.9740  |   -0.2365/ -0.2177/ -0.2096           -0.2096          -0.3790     0.0077  |       0.0938      0.0842
  33     -0.0104        0.9524  |   -0.2311/ -0.2124/ -0.2044           -0.2044          -0.3849     0.0089  |       0.0986      0.0842
  34     -0.0069        0.9676  |   -0.2040/ -0.1814/ -0.1745           -0.1745          -0.3666     0.0104  |       0.1038      0.0842
  35     -0.0142        0.9698  |   -0.1985/ -0.1786/ -0.1715           -0.1715          -0.3678     0.0061  |       0.1111      0.0842
  36     -0.0040        0.9636  |   -0.2164/ -0.1955/ -0.1884           -0.1884          -0.3713     0.0080  |       0.1155      0.0842
  37     -0.0141        0.9353  |   -0.1940/ -0.1706/ -0.1623           -0.1623          -0.3671     0.0074  |       0.1168      0.0842
  38      0.0016        0.9534  |   -0.1711/ -0.1538/ -0.1444           -0.1444          -0.3505     0.0067  |       0.1219      0.0842
  39      0.0206        0.9676  |   -0.2031/ -0.1744/ -0.1674           -0.1674          -0.3436     0.0082  |       0.1259      0.0842
  40      0.0261        0.9386  |   -0.2113/ -0.1841/ -0.1731           -0.1731          -0.3743     0.0087  |       0.1318      0.0842
  41      0.0257        0.9363  |   -0.1784/ -0.1403/ -0.1300           -0.1300          -0.3541     0.0048  |       0.1361      0.0842
  42      0.0352        0.9721  |   -0.1779/ -0.1594/ -0.1502           -0.1502          -0.3685     0.0038  |       0.1409      0.0842
  43      0.0533        0.9786  |   -0.1995/ -0.1808/ -0.1718           -0.1718          -0.3728     0.0070  |       0.1447      0.0842
  44      0.0394        0.9549  |   -0.1923/ -0.1727/ -0.1630           -0.1630          -0.3741     0.0087  |       0.1494      0.0842
  45      0.0461        0.9227  |   -0.2349/ -0.2170/ -0.2070           -0.2070          -0.3932     0.0051  |       0.1561      0.0842
  46      0.0424        0.9640  |   -0.2326/ -0.2155/ -0.2060           -0.2060          -0.3920     0.0066  |       0.1613      0.0842
  47      0.0304        0.9350  |   -0.3023/ -0.2740/ -0.2646           -0.2646          -0.4214     0.0097  |       0.1667      0.0842
  48      0.0368        0.9369  |   -0.3230/ -0.2891/ -0.2630           -0.2630          -0.4447     0.0102  |       0.1760      0.0842
  49      0.0154        0.9128  |   -0.1978/ -0.1683/ -0.1437           -0.1437          -0.4428     0.0195  |       0.1845      0.0842
  50      0.0391        0.8657  |   -0.2631/ -0.2441/ -0.2294           -0.2294          -0.3984     0.0424  |       0.1946      0.0842
  51      0.0616        0.8337  |   -0.3032/ -0.2823/ -0.2617           -0.2617          -0.4245     0.0471  |       0.2060      0.0842
  52      0.0656        0.8612  |   -0.3983/ -0.3721/ -0.3449           -0.3449          -0.4124     0.0474  |       0.2316      0.0842
  53      0.0464        0.8950  |   -0.3190/ -0.3005/ -0.2847           -0.2847          -0.3654     0.0452  |       0.2634      0.0842
  54      0.0444        0.8847  |   -0.3770/ -0.3447/ -0.3108           -0.3108          -0.3552     0.0437  |       0.2999      0.0842
  55      0.0363        0.8979  |   -0.2569/ -0.2302/ -0.2059           -0.2059          -0.3772     0.0217  |       0.3371      0.0842
  56      0.0311        0.9603  |   -0.1905/ -0.1739/ -0.1619           -0.1619          -0.3866     0.0330  |       0.3556      0.0842
  57      0.0330        0.9864  |   -0.1719/ -0.1558/ -0.1436           -0.1436          -0.3977     0.0352  |       0.3689      0.0842
  58      0.0344        0.9908  |   -0.1828/ -0.1683/ -0.1571           -0.1571          -0.3892     0.0341  |       0.3814      0.0842
  59      0.0311        0.9987  |   -0.1933/ -0.1729/ -0.1602           -0.1602          -0.3866     0.0347  |       0.3867      0.0842
  60      0.0311        1.0000  |   -0.1920/ -0.1769/ -0.1648           -0.1648          -0.3866     0.0357  |       0.3907      0.0842
  61      0.0311        1.0000  |   -0.1870/ -0.1725/ -0.1612           -0.1612          -0.3866     0.0351  |       0.3970      0.0842
  62      0.0311        1.0000  |   -0.1935/ -0.1734/ -0.1613           -0.1613          -0.3866     0.0317  |       0.4058      0.0842
  63      0.0311        1.0000  |   -0.1872/ -0.1722/ -0.1607           -0.1607          -0.3866     0.0342  |       0.4158      0.0842
  64      0.0311        1.0000  |   -0.1974/ -0.1751/ -0.1623           -0.1623          -0.3866     0.0336  |       0.4288      0.0842
  65      0.0311        1.0000  |   -0.1935/ -0.1754/ -0.1628           -0.1628          -0.3866     0.0331  |       0.4385      0.0842
  66      0.0311        1.0000  |   -0.1872/ -0.1717/ -0.1589           -0.1589          -0.3866     0.0346  |       0.4393      0.0842
  67      0.0311        1.0000  |   -0.1862/ -0.1705/ -0.1601           -0.1601          -0.3866     0.0335  |       0.4395      0.0842
  68      0.0311        1.0000  |   -0.1860/ -0.1700/ -0.1574           -0.1574          -0.3866     0.0344  |       0.4395      0.0842
  69      0.0311        1.0000  |   -0.1954/ -0.1732/ -0.1619           -0.1619          -0.3866     0.0355  |       0.4396      0.0842
  70      0.0311        1.0000  |   -0.1838/ -0.1674/ -0.1583           -0.1583          -0.3866     0.0336  |       0.4396      0.0842
  71      0.0311        1.0000  |   -0.1888/ -0.1716/ -0.1598           -0.1598          -0.3866     0.0329  |       0.4396      0.0842
  72      0.0311        1.0000  |   -0.1869/ -0.1698/ -0.1593           -0.1593          -0.3866     0.0334  |       0.4395      0.0842
  73      0.0311        1.0000  |   -0.1929/ -0.1731/ -0.1594           -0.1594          -0.3866     0.0322  |       0.4395      0.0842
  74      0.0311        1.0000  |   -0.1946/ -0.1770/ -0.1638           -0.1638          -0.3866     0.0345  |       0.4394      0.0842
  75      0.0311        1.0000  |   -0.1923/ -0.1746/ -0.1627           -0.1627          -0.3866     0.0362  |       0.4394      0.0842
  76      0.0311        1.0000  |   -0.1868/ -0.1723/ -0.1610           -0.1610          -0.3866     0.0351  |       0.4395      0.0842
  77      0.0311        1.0000  |   -0.1869/ -0.1715/ -0.1580           -0.1580          -0.3866     0.0335  |       0.4395      0.0842
  78      0.0311        1.0000  |   -0.1908/ -0.1754/ -0.1640           -0.1640          -0.3866     0.0337  |       0.4396      0.0842
  79      0.0311        1.0000  |   -0.1906/ -0.1726/ -0.1601           -0.1601          -0.3866     0.0334  |       0.4396      0.0842
  80      0.0311        1.0000  |   -0.2137/ -0.1760/ -0.1622           -0.1622          -0.3866     0.0340  |       0.4396      0.0842
  81      0.0311        1.0000  |   -0.1855/ -0.1700/ -0.1592           -0.1592          -0.3866     0.0322  |       0.4396      0.0842
  82      0.0311        1.0000  |   -0.1897/ -0.1744/ -0.1630           -0.1630          -0.3866     0.0346  |       0.4395      0.0842
  83      0.0311        1.0000  |   -0.1917/ -0.1715/ -0.1595           -0.1595          -0.3866     0.0311  |       0.4394      0.0842
  84      0.0311        1.0000  |   -0.1908/ -0.1721/ -0.1597           -0.1597          -0.3866     0.0331  |       0.4394      0.0842
  85      0.0311        1.0000  |   -0.1925/ -0.1748/ -0.1650           -0.1650          -0.3866     0.0351  |       0.4395      0.0842
  86      0.0311        1.0000  |   -0.1991/ -0.1799/ -0.1666           -0.1666          -0.3866     0.0365  |       0.4396      0.0842
  87      0.0311        1.0000  |   -0.1911/ -0.1748/ -0.1617           -0.1617          -0.3866     0.0353  |       0.4396      0.0842
  88      0.0311        1.0000  |   -0.1898/ -0.1745/ -0.1612           -0.1612          -0.3866     0.0321  |       0.4396      0.0842
  89      0.0311        1.0000  |   -0.1853/ -0.1696/ -0.1593           -0.1593          -0.3866     0.0354  |       0.4395      0.0842
  90      0.0311        1.0000  |   -0.1910/ -0.1727/ -0.1627           -0.1627          -0.3866     0.0326  |       0.4395      0.0842
  91      0.0311        1.0000  |   -0.1939/ -0.1755/ -0.1639           -0.1639          -0.3866     0.0348  |       0.4396      0.0842
  92      0.0311        1.0000  |   -0.1957/ -0.1814/ -0.1679           -0.1679          -0.3866     0.0361  |       0.4396      0.0842
  93      0.0311        1.0000  |   -0.1976/ -0.1806/ -0.1676           -0.1676          -0.3866     0.0330  |       0.4396      0.0842
  94      0.0311        1.0000  |   -0.1910/ -0.1733/ -0.1621           -0.1621          -0.3866     0.0305  |       0.4395      0.0842
  95      0.0311        1.0000  |   -0.1942/ -0.1754/ -0.1606           -0.1606          -0.3866     0.0321  |       0.4396      0.0842
  96      0.0311        1.0000  |   -0.1959/ -0.1761/ -0.1644           -0.1644          -0.3866     0.0334  |       0.4396      0.0842
  97      0.0311        1.0000  |   -0.2013/ -0.1829/ -0.1704           -0.1704          -0.3866     0.0342  |       0.4396      0.0842
  98      0.0311        1.0000  |   -0.1982/ -0.1795/ -0.1661           -0.1661          -0.3866     0.0341  |       0.4397      0.0842
  99      0.0311        1.0000  |   -0.1924/ -0.1746/ -0.1622           -0.1622          -0.3866     0.0342  |       0.4396      0.0842
 100      0.0311        1.0000  |   -0.1876/ -0.1729/ -0.1582           -0.1582          -0.3866     0.0349  |       0.4396      0.0842
 101      0.0311        1.0000  |   -0.1941/ -0.1774/ -0.1620           -0.1620          -0.3866     0.0349  |       0.4396      0.0842
 102      0.0311        1.0000  |   -0.1900/ -0.1748/ -0.1611           -0.1611          -0.3866     0.0348  |       0.4397      0.0842
 103      0.0311        1.0000  |   -0.1907/ -0.1753/ -0.1609           -0.1609          -0.3866     0.0322  |       0.4397      0.0842
 104      0.0311        1.0000  |   -0.1960/ -0.1778/ -0.1639           -0.1639          -0.3866     0.0330  |       0.4396      0.0842
 105      0.0311        1.0000  |   -0.1966/ -0.1773/ -0.1649           -0.1649          -0.3866     0.0360  |       0.4395      0.0842
 106      0.0311        1.0000  |   -0.1926/ -0.1766/ -0.1640           -0.1640          -0.3866     0.0368  |       0.4396      0.0842
 107      0.0311        1.0000  |   -0.1946/ -0.1751/ -0.1643           -0.1643          -0.3866     0.0357  |       0.4396      0.0842
 108      0.0311        1.0000  |   -0.1915/ -0.1727/ -0.1623           -0.1623          -0.3866     0.0339  |       0.4396      0.0842
 109      0.0311        1.0000  |   -0.1904/ -0.1717/ -0.1606           -0.1606          -0.3866     0.0327  |       0.4397      0.0842
 110      0.0311        1.0000  |   -0.1936/ -0.1782/ -0.1674           -0.1674          -0.3866     0.0308  |       0.4397      0.0842
 111      0.0311        1.0000  |   -0.1996/ -0.1789/ -0.1668           -0.1668          -0.3866     0.0343  |       0.4396      0.0842
 112      0.0311        1.0000  |   -0.1920/ -0.1789/ -0.1653           -0.1653          -0.3866     0.0336  |       0.4396      0.0842
 113      0.0311        1.0000  |   -0.1939/ -0.1773/ -0.1624           -0.1624          -0.3866     0.0341  |       0.4395      0.0842
 114      0.0311        1.0000  |   -0.1933/ -0.1734/ -0.1604           -0.1604          -0.3866     0.0356  |       0.4396      0.0842
 115      0.0311        1.0000  |   -0.1967/ -0.1814/ -0.1670           -0.1670          -0.3866     0.0313  |       0.4396      0.0842
 116      0.0311        1.0000  |   -0.1964/ -0.1763/ -0.1639           -0.1639          -0.3866     0.0364  |       0.4396      0.0842
 117      0.0311        1.0000  |   -0.1960/ -0.1767/ -0.1637           -0.1637          -0.3866     0.0324  |       0.4397      0.0842
 118      0.0311        1.0000  |   -0.2030/ -0.1788/ -0.1677           -0.1677          -0.3866     0.0323  |       0.4397      0.0842
 119      0.0311        1.0000  |   -0.1984/ -0.1812/ -0.1670           -0.1670          -0.3866     0.0337  |       0.4397      0.0842
 120      0.0311        1.0000  |   -0.1932/ -0.1762/ -0.1656           -0.1656          -0.3866     0.0326  |       0.4396      0.0842
 121      0.0311        1.0000  |   -0.1881/ -0.1723/ -0.1583           -0.1583          -0.3866     0.0330  |       0.4396      0.0842
 122      0.0311        1.0000  |   -0.1885/ -0.1682/ -0.1560           -0.1560          -0.3866     0.0330  |       0.4396      0.0842
 123      0.0311        1.0000  |   -0.1837/ -0.1713/ -0.1591           -0.1591          -0.3866     0.0342  |       0.4397      0.0842
 124      0.0311        1.0000  |   -0.1937/ -0.1758/ -0.1636           -0.1636          -0.3866     0.0344  |       0.4397      0.0842
 125      0.0311        1.0000  |   -0.1961/ -0.1775/ -0.1628           -0.1628          -0.3866     0.0350  |       0.4396      0.0842
 126      0.0311        1.0000  |   -0.1956/ -0.1779/ -0.1640           -0.1640          -0.3866     0.0356  |       0.4396      0.0842
 127      0.0311        1.0000  |   -0.1906/ -0.1725/ -0.1609           -0.1609          -0.3866     0.0357  |       0.4396      0.0842
 128      0.0311        1.0000  |   -0.1873/ -0.1727/ -0.1598           -0.1598          -0.3866     0.0320  |       0.4397      0.0842
 129      0.0311        1.0000  |   -0.1850/ -0.1700/ -0.1578           -0.1578          -0.3866     0.0328  |       0.4397      0.0842
 130      0.0311        1.0000  |   -0.1866/ -0.1722/ -0.1602           -0.1602          -0.3866     0.0341  |       0.4396      0.0842
 131      0.0311        1.0000  |   -0.1937/ -0.1744/ -0.1605           -0.1605          -0.3866     0.0346  |       0.4396      0.0842
 132      0.0311        1.0000  |   -0.1955/ -0.1765/ -0.1650           -0.1650          -0.3866     0.0350  |       0.4396      0.0842
 133      0.0311        1.0000  |   -0.1921/ -0.1752/ -0.1632           -0.1632          -0.3866     0.0330  |       0.4396      0.0842
 134      0.0311        1.0000  |   -0.1949/ -0.1791/ -0.1662           -0.1662          -0.3866     0.0355  |       0.4396      0.0842
 135      0.0311        1.0000  |   -0.1924/ -0.1769/ -0.1640           -0.1640          -0.3866     0.0338  |       0.4397      0.0842
 136      0.0311        1.0000  |   -0.1947/ -0.1760/ -0.1628           -0.1628          -0.3866     0.0354  |       0.4397      0.0842
 137      0.0311        1.0000  |   -0.1893/ -0.1731/ -0.1617           -0.1617          -0.3866     0.0341  |       0.4397      0.0842
 138      0.0311        1.0000  |   -0.1886/ -0.1728/ -0.1598           -0.1598          -0.3866     0.0332  |       0.4397      0.0842
 139      0.0311        1.0000  |   -0.1955/ -0.1750/ -0.1630           -0.1630          -0.3866     0.0345  |       0.4397      0.0842
 140      0.0311        1.0000  |   -0.1882/ -0.1716/ -0.1610           -0.1610          -0.3866     0.0330  |       0.4397      0.0842
 141      0.0311        1.0000  |   -0.1906/ -0.1734/ -0.1606           -0.1606          -0.3866     0.0342  |       0.4397      0.0842
 142      0.0311        1.0000  |   -0.1889/ -0.1721/ -0.1607           -0.1607          -0.3866     0.0313  |       0.4396      0.0842
 143      0.0311        1.0000  |   -0.1909/ -0.1742/ -0.1633           -0.1633          -0.3866     0.0352  |       0.4397      0.0842
 144      0.0311        1.0000  |   -0.1865/ -0.1739/ -0.1631           -0.1631          -0.3866     0.0358  |       0.4397      0.0842
 145      0.0311        1.0000  |   -0.1877/ -0.1713/ -0.1599           -0.1599          -0.3866     0.0338  |       0.4397      0.0842
 146      0.0311        1.0000  |   -0.1876/ -0.1723/ -0.1611           -0.1611          -0.3866     0.0340  |       0.4397      0.0842
 147      0.0311        1.0000  |   -0.1964/ -0.1754/ -0.1624           -0.1624          -0.3866     0.0345  |       0.4397      0.0842
 148      0.0311        1.0000  |   -0.1999/ -0.1777/ -0.1660           -0.1660          -0.3866     0.0341  |       0.4397      0.0842
 149      0.0311        1.0000  |   -0.1926/ -0.1757/ -0.1632           -0.1632          -0.3866     0.0357  |       0.4397      0.0842
 150      0.0311        1.0000  |   -0.1918/ -0.1751/ -0.1631           -0.1631          -0.3866     0.0361  |       0.4397      0.0842
 151      0.0311        1.0000  |   -0.1931/ -0.1763/ -0.1638           -0.1638          -0.3866     0.0345  |       0.4397      0.0842
 152      0.0311        1.0000  |   -0.1932/ -0.1737/ -0.1616           -0.1616          -0.3866     0.0348  |       0.4397      0.0842
 153      0.0311        1.0000  |   -0.1949/ -0.1778/ -0.1648           -0.1648          -0.3866     0.0356  |       0.4397      0.0842
 154      0.0311        1.0000  |   -0.1943/ -0.1786/ -0.1643           -0.1643          -0.3866     0.0357  |       0.4397      0.0842
 155      0.0311        1.0000  |   -0.1955/ -0.1758/ -0.1633           -0.1633          -0.3866     0.0332  |       0.4397      0.0842
 156      0.0311        1.0000  |   -0.1896/ -0.1711/ -0.1598           -0.1598          -0.3866     0.0340  |       0.4397      0.0842
 157      0.0311        1.0000  |   -0.1909/ -0.1757/ -0.1638           -0.1638          -0.3866     0.0358  |       0.4397      0.0842
 158      0.0311        1.0000  |   -0.1866/ -0.1719/ -0.1583           -0.1583          -0.3866     0.0339  |       0.4397      0.0842
 159      0.0311        1.0000  |   -0.1846/ -0.1714/ -0.1557           -0.1557          -0.3866     0.0312  |       0.4397      0.0842
 160      0.0311        1.0000  |   -0.1875/ -0.1729/ -0.1604           -0.1604          -0.3866     0.0345  |       0.4397      0.0842
 161      0.0311        1.0000  |   -0.1919/ -0.1725/ -0.1622           -0.1622          -0.3866     0.0348  |       0.4397      0.0842
 162      0.0311        1.0000  |   -0.1901/ -0.1743/ -0.1637           -0.1637          -0.3866     0.0332  |       0.4397      0.0842
 163      0.0311        1.0000  |   -0.2078/ -0.1726/ -0.1606           -0.1606          -0.3866     0.0355  |       0.4397      0.0842
 164      0.0311        1.0000  |   -0.1946/ -0.1805/ -0.1693           -0.1693          -0.3866     0.0336  |       0.4397      0.0842
 165      0.0311        1.0000  |   -0.1923/ -0.1783/ -0.1662           -0.1662          -0.3866     0.0339  |       0.4397      0.0842
 166      0.0311        1.0000  |   -0.1916/ -0.1713/ -0.1599           -0.1599          -0.3866     0.0345  |       0.4397      0.0842
 167      0.0311        1.0000  |   -0.1907/ -0.1718/ -0.1613           -0.1613          -0.3866     0.0323  |       0.4397      0.0842
 168      0.0311        1.0000  |   -0.1956/ -0.1776/ -0.1651           -0.1651          -0.3866     0.0342  |       0.4397      0.0842
 169      0.0311        1.0000  |   -0.1985/ -0.1775/ -0.1647           -0.1647          -0.3866     0.0348  |       0.4397      0.0842
 170      0.0311        1.0000  |   -0.1886/ -0.1710/ -0.1595           -0.1595          -0.3866     0.0348  |       0.4397      0.0842
 171      0.0311        1.0000  |   -0.1903/ -0.1729/ -0.1593           -0.1593          -0.3866     0.0342  |       0.4397      0.0842
 172      0.0311        1.0000  |   -0.1897/ -0.1720/ -0.1620           -0.1620          -0.3866     0.0336  |       0.4397      0.0842
 173      0.0311        1.0000  |   -0.1936/ -0.1757/ -0.1640           -0.1640          -0.3866     0.0319  |       0.4397      0.0842
 174      0.0311        1.0000  |   -0.1925/ -0.1757/ -0.1617           -0.1617          -0.3866     0.0355  |       0.4397      0.0842
 175      0.0311        1.0000  |   -0.1934/ -0.1759/ -0.1639           -0.1639          -0.3866     0.0336  |       0.4397      0.0842
 176      0.0311        1.0000  |   -0.1937/ -0.1772/ -0.1662           -0.1662          -0.3866     0.0342  |       0.4397      0.0842
 177      0.0311        1.0000  |   -0.1967/ -0.1809/ -0.1679           -0.1679          -0.3866     0.0345  |       0.4397      0.0842
 178      0.0311        1.0000  |   -0.1959/ -0.1782/ -0.1661           -0.1661          -0.3866     0.0332  |       0.4397      0.0842
 179      0.0311        1.0000  |   -0.1996/ -0.1790/ -0.1668           -0.1668          -0.3866     0.0367  |       0.4397      0.0842
 180      0.0311        1.0000  |   -0.1929/ -0.1773/ -0.1645           -0.1645          -0.3866     0.0337  |       0.4397      0.0842
 181      0.0311        1.0000  |   -0.1926/ -0.1748/ -0.1629           -0.1629          -0.3866     0.0350  |       0.4397      0.0842
 182      0.0311        1.0000  |   -0.1890/ -0.1747/ -0.1595           -0.1595          -0.3866     0.0349  |       0.4397      0.0842
 183      0.0311        1.0000  |   -0.1975/ -0.1759/ -0.1643           -0.1643          -0.3866     0.0368  |       0.4397      0.0842
 184      0.0311        1.0000  |   -0.1905/ -0.1731/ -0.1619           -0.1619          -0.3866     0.0343  |       0.4397      0.0842
 185      0.0311        1.0000  |   -0.1894/ -0.1737/ -0.1610           -0.1610          -0.3866     0.0331  |       0.4397      0.0842
 186      0.0311        1.0000  |   -0.1935/ -0.1721/ -0.1618           -0.1618          -0.3866     0.0345  |       0.4397      0.0842
 187      0.0311        1.0000  |   -0.1947/ -0.1738/ -0.1626           -0.1626          -0.3866     0.0356  |       0.4397      0.0842
 188      0.0311        1.0000  |   -0.1925/ -0.1758/ -0.1631           -0.1631          -0.3866     0.0331  |       0.4397      0.0842
 189      0.0311        1.0000  |   -0.2009/ -0.1816/ -0.1689           -0.1689          -0.3866     0.0324  |       0.4397      0.0842
 190      0.0311        1.0000  |   -0.1923/ -0.1754/ -0.1629           -0.1629          -0.3866     0.0337  |       0.4397      0.0842
 191      0.0311        1.0000  |   -0.1869/ -0.1740/ -0.1627           -0.1627          -0.3866     0.0351  |       0.4397      0.0842
 192      0.0311        1.0000  |   -0.1933/ -0.1733/ -0.1594           -0.1594          -0.3866     0.0336  |       0.4397      0.0842
 193      0.0311        1.0000  |   -0.1894/ -0.1732/ -0.1607           -0.1607          -0.3866     0.0320  |       0.4397      0.0842
 194      0.0311        1.0000  |   -0.1867/ -0.1709/ -0.1605           -0.1605          -0.3866     0.0338  |       0.4397      0.0842
 195      0.0311        1.0000  |   -0.1897/ -0.1755/ -0.1611           -0.1611          -0.3866     0.0350  |       0.4397      0.0842
 196      0.0311        1.0000  |   -0.1890/ -0.1737/ -0.1608           -0.1608          -0.3866     0.0345  |       0.4397      0.0842
 197      0.0311        1.0000  |   -0.1975/ -0.1796/ -0.1664           -0.1664          -0.3866     0.0346  |       0.4397      0.0842
 198      0.0311        1.0000  |   -0.1973/ -0.1814/ -0.1678           -0.1678          -0.3866     0.0333  |       0.4397      0.0842
 199      0.0311        1.0000  |   -0.1969/ -0.1755/ -0.1601           -0.1601          -0.3866     0.0337  |       0.4397      0.0842
 200      0.0311        1.0000  |   -0.1859/ -0.1695/ -0.1591           -0.1591          -0.3866     0.0347  |       0.4397      0.0842
 201      0.0311        1.0000  |   -0.1887/ -0.1710/ -0.1602           -0.1602          -0.3866     0.0364  |       0.4397      0.0842
 202      0.0311        1.0000  |   -0.1976/ -0.1788/ -0.1669           -0.1669          -0.3866     0.0352  |       0.4397      0.0842
 203      0.0311        1.0000  |   -0.1949/ -0.1764/ -0.1643           -0.1643          -0.3866     0.0352  |       0.4397      0.0842
 204      0.0311        1.0000  |   -0.1970/ -0.1780/ -0.1643           -0.1643          -0.3866     0.0338  |       0.4397      0.0842
 205      0.0311        1.0000  |   -0.1950/ -0.1788/ -0.1681           -0.1681          -0.3866     0.0357  |       0.4397      0.0842
 206      0.0311        1.0000  |   -0.1906/ -0.1751/ -0.1607           -0.1607          -0.3866     0.0317  |       0.4397      0.0842
 207      0.0311        1.0000  |   -0.1961/ -0.1716/ -0.1590           -0.1590          -0.3866     0.0327  |       0.4397      0.0842
 208      0.0311        1.0000  |   -0.1943/ -0.1777/ -0.1647           -0.1647          -0.3866     0.0344  |       0.4397      0.0842
 209      0.0311        1.0000  |   -0.1970/ -0.1787/ -0.1653           -0.1653          -0.3866     0.0356  |       0.4397      0.0842
 210      0.0311        1.0000  |   -0.1923/ -0.1749/ -0.1629           -0.1629          -0.3866     0.0341  |       0.4397      0.0842
 211      0.0311        1.0000  |   -0.1904/ -0.1743/ -0.1595           -0.1595          -0.3866     0.0309  |       0.4397      0.0842
 212      0.0311        1.0000  |   -0.1867/ -0.1715/ -0.1610           -0.1610          -0.3866     0.0338  |       0.4397      0.0842
 213      0.0311        1.0000  |   -0.1833/ -0.1709/ -0.1584           -0.1584          -0.3866     0.0335  |       0.4397      0.0842
 214      0.0311        1.0000  |   -0.1920/ -0.1740/ -0.1593           -0.1593          -0.3866     0.0351  |       0.4397      0.0842
 215      0.0311        1.0000  |   -0.1874/ -0.1706/ -0.1585           -0.1585          -0.3866     0.0330  |       0.4397      0.0842
 216      0.0311        1.0000  |   -0.1890/ -0.1740/ -0.1628           -0.1628          -0.3866     0.0332  |       0.4397      0.0842
 217      0.0311        1.0000  |   -0.1938/ -0.1769/ -0.1632           -0.1632          -0.3866     0.0356  |       0.4397      0.0842
 218      0.0311        1.0000  |   -0.1916/ -0.1744/ -0.1634           -0.1634          -0.3866     0.0326  |       0.4397      0.0842
 219      0.0311        1.0000  |   -0.1933/ -0.1738/ -0.1617           -0.1617          -0.3866     0.0350  |       0.4397      0.0842
 220      0.0311        1.0000  |   -0.1927/ -0.1727/ -0.1599           -0.1599          -0.3866     0.0352  |       0.4397      0.0842
 221      0.0311        1.0000  |   -0.1923/ -0.1721/ -0.1590           -0.1590          -0.3866     0.0344  |       0.4397      0.0842
 222      0.0311        1.0000  |   -0.1856/ -0.1733/ -0.1606           -0.1606          -0.3866     0.0342  |       0.4397      0.0842
 223      0.0311        1.0000  |   -0.1942/ -0.1758/ -0.1633           -0.1633          -0.3866     0.0353  |       0.4397      0.0842
 224      0.0311        1.0000  |   -0.1952/ -0.1773/ -0.1648           -0.1648          -0.3866     0.0325  |       0.4397      0.0842
 225      0.0311        1.0000  |   -0.1931/ -0.1780/ -0.1639           -0.1639          -0.3866     0.0342  |       0.4397      0.0842
 226      0.0311        1.0000  |   -0.1882/ -0.1730/ -0.1619           -0.1619          -0.3866     0.0346  |       0.4397      0.0842
 227      0.0311        1.0000  |   -0.1904/ -0.1760/ -0.1652           -0.1652          -0.3866     0.0356  |       0.4397      0.0842
 228      0.0311        1.0000  |   -0.1872/ -0.1745/ -0.1620           -0.1620          -0.3866     0.0319  |       0.4397      0.0842
 229      0.0311        1.0000  |   -0.1899/ -0.1740/ -0.1607           -0.1607          -0.3866     0.0339  |       0.4397      0.0842
 230      0.0311        1.0000  |   -0.1895/ -0.1744/ -0.1622           -0.1622          -0.3866     0.0359  |       0.4397      0.0842
 231      0.0311        1.0000  |   -0.1878/ -0.1736/ -0.1616           -0.1616          -0.3866     0.0344  |       0.4397      0.0842
 232      0.0311        1.0000  |   -0.1940/ -0.1774/ -0.1642           -0.1642          -0.3866     0.0327  |       0.4397      0.0842
 233      0.0311        1.0000  |   -0.1972/ -0.1804/ -0.1680           -0.1680          -0.3866     0.0355  |       0.4397      0.0842
 234      0.0311        1.0000  |   -0.2019/ -0.1826/ -0.1657           -0.1657          -0.3866     0.0332  |       0.4397      0.0842
 235      0.0311        1.0000  |   -0.1893/ -0.1739/ -0.1602           -0.1602          -0.3866     0.0328  |       0.4397      0.0842
 236      0.0311        1.0000  |   -0.1920/ -0.1786/ -0.1660           -0.1660          -0.3866     0.0322  |       0.4397      0.0842
 237      0.0311        1.0000  |   -0.2118/ -0.1840/ -0.1690           -0.1690          -0.3866     0.0363  |       0.4397      0.0842
 238      0.0311        1.0000  |   -0.1937/ -0.1794/ -0.1672           -0.1672          -0.3866     0.0335  |       0.4397      0.0842
 239      0.0311        1.0000  |   -0.2019/ -0.1786/ -0.1632           -0.1632          -0.3866     0.0337  |       0.4397      0.0842
 240      0.0311        1.0000  |   -0.1882/ -0.1746/ -0.1641           -0.1641          -0.3866     0.0328  |       0.4397      0.0842
 241      0.0311        1.0000  |   -0.1942/ -0.1745/ -0.1630           -0.1630          -0.3866     0.0368  |       0.4397      0.0842
 242      0.0311        1.0000  |   -0.1895/ -0.1750/ -0.1617           -0.1617          -0.3866     0.0341  |       0.4397      0.0842
 243      0.0311        1.0000  |   -0.1943/ -0.1755/ -0.1651           -0.1651          -0.3866     0.0339  |       0.4397      0.0842
 244      0.0311        1.0000  |   -0.1918/ -0.1740/ -0.1608           -0.1608          -0.3866     0.0321  |       0.4397      0.0842
 245      0.0311        1.0000  |   -0.1880/ -0.1736/ -0.1624           -0.1624          -0.3866     0.0351  |       0.4397      0.0842
 246      0.0311        1.0000  |   -0.1930/ -0.1750/ -0.1636           -0.1636          -0.3866     0.0306  |       0.4397      0.0842
 247      0.0311        1.0000  |   -0.1918/ -0.1736/ -0.1626           -0.1626          -0.3866     0.0335  |       0.4397      0.0842
 248      0.0311        1.0000  |   -0.1888/ -0.1761/ -0.1647           -0.1647          -0.3866     0.0332  |       0.4397      0.0842
 249      0.0311        1.0000  |   -0.1927/ -0.1758/ -0.1644           -0.1644          -0.3866     0.0341  |       0.4397      0.0842
 250      0.0311        1.0000  |   -0.1935/ -0.1775/ -0.1658           -0.1658          -0.3866     0.0333  |       0.4397      0.0842
 251      0.0311        1.0000  |   -0.1915/ -0.1732/ -0.1615           -0.1615          -0.3866     0.0335  |       0.4397      0.0842
 252      0.0311        1.0000  |   -0.1912/ -0.1757/ -0.1648           -0.1648          -0.3866     0.0344  |       0.4397      0.0842
 253      0.0311        1.0000  |   -0.2012/ -0.1792/ -0.1650           -0.1650          -0.3866     0.0342  |       0.4397      0.0842
 254      0.0311        1.0000  |   -0.1924/ -0.1785/ -0.1640           -0.1640          -0.3866     0.0317  |       0.4397      0.0842
 255      0.0311        1.0000  |   -0.1935/ -0.1761/ -0.1640           -0.1640          -0.3866     0.0324  |       0.4397      0.0842
 256      0.0311        1.0000  |   -0.1924/ -0.1771/ -0.1643           -0.1643          -0.3866     0.0363  |       0.4397      0.0842
 257      0.0311        1.0000  |   -0.1982/ -0.1777/ -0.1647           -0.1647          -0.3866     0.0352  |       0.4397      0.0842
 258      0.0311        1.0000  |   -0.1904/ -0.1750/ -0.1619           -0.1619          -0.3866     0.0335  |       0.4397      0.0842
 259      0.0311        1.0000  |   -0.1905/ -0.1740/ -0.1609           -0.1609          -0.3866     0.0329  |       0.4397      0.0842
 260      0.0311        1.0000  |   -0.1919/ -0.1765/ -0.1639           -0.1639          -0.3866     0.0329  |       0.4397      0.0842
 261      0.0311        1.0000  |   -0.1962/ -0.1796/ -0.1648           -0.1648          -0.3866     0.0309  |       0.4397      0.0842
 262      0.0311        1.0000  |   -0.1909/ -0.1755/ -0.1632           -0.1632          -0.3866     0.0343  |       0.4397      0.0842
 263      0.0311        1.0000  |   -0.1900/ -0.1736/ -0.1588           -0.1588          -0.3866     0.0335  |       0.4397      0.0842
 264      0.0311        1.0000  |   -0.1935/ -0.1776/ -0.1628           -0.1628          -0.3866     0.0337  |       0.4397      0.0842
 265      0.0311        1.0000  |   -0.1965/ -0.1798/ -0.1657           -0.1657          -0.3866     0.0345  |       0.4397      0.0842
 266      0.0311        1.0000  |   -0.1943/ -0.1751/ -0.1622           -0.1622          -0.3866     0.0350  |       0.4397      0.0842
 267      0.0311        1.0000  |   -0.1913/ -0.1759/ -0.1633           -0.1633          -0.3866     0.0349  |       0.4397      0.0842
 268      0.0311        1.0000  |   -0.1924/ -0.1750/ -0.1631           -0.1631          -0.3866     0.0334  |       0.4397      0.0842
 269      0.0311        1.0000  |   -0.1919/ -0.1751/ -0.1627           -0.1627          -0.3866     0.0352  |       0.4397      0.0842
 270      0.0311        1.0000  |   -0.1916/ -0.1741/ -0.1618           -0.1618          -0.3866     0.0359  |       0.4397      0.0842
 271      0.0311        1.0000  |   -0.1923/ -0.1753/ -0.1629           -0.1629          -0.3866     0.0337  |       0.4397      0.0842
 272      0.0311        1.0000  |   -0.1886/ -0.1742/ -0.1624           -0.1624          -0.3866     0.0337  |       0.4397      0.0842
 273      0.0311        1.0000  |   -0.1995/ -0.1772/ -0.1665           -0.1665          -0.3866     0.0332  |       0.4397      0.0842
 274      0.0311        1.0000  |   -0.2063/ -0.1776/ -0.1634           -0.1634          -0.3866     0.0323  |       0.4397      0.0842
 275      0.0311        1.0000  |   -0.1909/ -0.1752/ -0.1639           -0.1639          -0.3866     0.0314  |       0.4397      0.0842
 276      0.0311        1.0000  |   -0.1903/ -0.1745/ -0.1607           -0.1607          -0.3866     0.0322  |       0.4397      0.0842
 277      0.0311        1.0000  |   -0.1914/ -0.1753/ -0.1635           -0.1635          -0.3866     0.0353  |       0.4397      0.0842
 278      0.0311        1.0000  |   -0.1938/ -0.1775/ -0.1660           -0.1660          -0.3866     0.0342  |       0.4397      0.0842
 279      0.0311        1.0000  |   -0.2033/ -0.1739/ -0.1608           -0.1608          -0.3866     0.0340  |       0.4397      0.0842
 280      0.0311        1.0000  |   -0.1897/ -0.1727/ -0.1614           -0.1614          -0.3866     0.0340  |       0.4397      0.0842
 281      0.0311        1.0000  |   -0.1931/ -0.1782/ -0.1657           -0.1657          -0.3866     0.0353  |       0.4397      0.0842
 282      0.0311        1.0000  |   -0.1933/ -0.1765/ -0.1615           -0.1615          -0.3866     0.0352  |       0.4397      0.0842
 283      0.0311        1.0000  |   -0.1969/ -0.1757/ -0.1646           -0.1646          -0.3866     0.0355  |       0.4397      0.0842
 284      0.0311        1.0000  |   -0.1999/ -0.1778/ -0.1646           -0.1646          -0.3866     0.0309  |       0.4397      0.0842
 285      0.0311        1.0000  |   -0.1958/ -0.1768/ -0.1634           -0.1634          -0.3866     0.0310  |       0.4397      0.0842
 286      0.0311        1.0000  |   -0.1918/ -0.1767/ -0.1618           -0.1618          -0.3866     0.0352  |       0.4397      0.0842
 287      0.0311        1.0000  |   -0.1877/ -0.1720/ -0.1615           -0.1615          -0.3866     0.0365  |       0.4397      0.0842
 288      0.0311        1.0000  |   -0.1879/ -0.1719/ -0.1610           -0.1610          -0.3866     0.0356  |       0.4397      0.0842
 289      0.0311        1.0000  |   -0.1846/ -0.1699/ -0.1592           -0.1592          -0.3866     0.0336  |       0.4397      0.0842
 290      0.0311        1.0000  |   -0.1966/ -0.1762/ -0.1648           -0.1648          -0.3866     0.0353  |       0.4397      0.0842
 291      0.0311        1.0000  |   -0.1990/ -0.1790/ -0.1654           -0.1654          -0.3866     0.0353  |       0.4397      0.0842
 292      0.0311        1.0000  |   -0.1869/ -0.1722/ -0.1597           -0.1597          -0.3866     0.0339  |       0.4397      0.0842
 293      0.0311        1.0000  |   -0.1936/ -0.1752/ -0.1637           -0.1637          -0.3866     0.0333  |       0.4397      0.0842
 294      0.0311        1.0000  |   -0.1965/ -0.1748/ -0.1616           -0.1616          -0.3866     0.0335  |       0.4397      0.0842
 295      0.0311        1.0000  |   -0.1861/ -0.1703/ -0.1589           -0.1589          -0.3866     0.0346  |       0.4397      0.0842
 296      0.0311        1.0000  |   -0.1895/ -0.1720/ -0.1583           -0.1583          -0.3866     0.0336  |       0.4397      0.0842
 297      0.0311        1.0000  |   -0.1885/ -0.1698/ -0.1595           -0.1595          -0.3866     0.0348  |       0.4397      0.0842
 298      0.0311        1.0000  |   -0.1867/ -0.1700/ -0.1593           -0.1593          -0.3866     0.0340  |       0.4397      0.0842
 299      0.0311        1.0000  |   -0.1824/ -0.1688/ -0.1577           -0.1577          -0.3866     0.0333  |       0.4397      0.0842
IMAGEIO FFMPEG_WRITER WARNING: input image is not divisible by macro_block_size=16, resizing from (320, 180) to (320, 192) to ensure video compatibility with most codecs and players. To prevent resizing, make your input image divisible by the macro_block_size or set the macro_block_size to 1 (risking incompatibility).

Saved 300 frames -> /home/ashwink/Documents/swms/SWM_copy/rollouts_5_per/expert+subopt/epoch7/epoch7_rollout2_failure.mp4
min dist(green_cube,blue_moon) over episode = 0.0842  ->  FAILURE
Full log written to /home/ashwink/Documents/swms/SWM_copy/rollouts_5_per/expert+subopt/epoch7/epoch7_rollout2_20260723_125409.log
Result json -> /home/ashwink/Documents/swms/SWM_copy/rollouts_5_per/expert+subopt/epoch7/epoch7_rollout2_result.json
