Checkpoint dir epoch: 7  Rollout: 4
Logging to /home/ashwink/Documents/swms/SWM_copy/rollouts_5_per/expert+subopt/epoch7/epoch7_rollout4_20260723_125725.log
Goal (fixed, steps 0-299): the green cube is touching the blue moon. the peg is touching the green cube.

Checkpoint: /home/ashwink/Documents/swms/SWM_copy/training/checkpoints_clip_full_fine-tuned_with_subopt_data/epoch_007.pt
  epoch=7  step=13488

Loading CLIP ViT-L/14 (datacomp_xl_s13b_b90k) + fine-tuned clip_state_dict ...
Parsing model identifier. Schema: None, Identifier: ViT-L-14
Loaded built-in ViT-L-14 model config.
Instantiating model architecture: CLIP
Loading full pretrained weights from: /home/ashwink/.cache/huggingface/hub/models--laion--CLIP-ViT-L-14-DataComp.XL-s13B-b90K/snapshots/84c9828e63dc9a9351d1fe637c346d4c1c4db341/open_clip_pytorch_model.bin
Final image preprocessing configuration set: {'size': (224, 224), 'mode': 'RGB', 'mean': (0.48145466, 0.4578275, 0.40821073), 'std': (0.26862954, 0.26130258, 0.27577711), 'interpolation': 'bicubic', 'resize_mode': 'shortest', 'fill_color': 0}
Model ViT-L-14 creation process complete.
Parsing tokenizer identifier. Schema: None, Identifier: ViT-L-14
Attempting to load config from built-in: ViT-L-14
Using default SimpleTokenizer.
z_star shape: torch.Size([768])

Loading action stats from /home/ashwink/full_data_5000/langtable/demos/ ...
  lo=[-0.03372681140899658, -0.03493623435497284]  hi=[0.03496786952018738, 0.03494429588317871]

Initializing LangTable env ...
Loading URDF plane.urdf
Loading URDF /home/ashwink/Documents/swms/.venv/lib/python3.10/site-packages/language_table/environments/utils/../../../language_table/environments/assets/workspace_real.urdf
Loading URDF xarm/xarm6_robot_white.urdf
Loading URDF /home/ashwink/Documents/swms/.venv/lib/python3.10/site-packages/language_table/environments/utils/../../../language_table/environments/assets/suction/cylinder_real.urdf
Loading URDF /home/ashwink/Documents/swms/.venv/lib/python3.10/site-packages/language_table/environments/utils/../../../language_table/environments/assets/blocks/red_moon.urdf
Loading URDF /home/ashwink/Documents/swms/.venv/lib/python3.10/site-packages/language_table/environments/utils/../../../language_table/environments/assets/blocks/red_cube.urdf
Loading URDF /home/ashwink/Documents/swms/.venv/lib/python3.10/site-packages/language_table/environments/utils/../../../language_table/environments/assets/blocks/red_star.urdf
Loading URDF /home/ashwink/Documents/swms/.venv/lib/python3.10/site-packages/language_table/environments/utils/../../../language_table/environments/assets/blocks/red_pentagon.urdf
Loading URDF /home/ashwink/Documents/swms/.venv/lib/python3.10/site-packages/language_table/environments/utils/../../../language_table/environments/assets/blocks/blue_moon.urdf
Loading URDF /home/ashwink/Documents/swms/.venv/lib/python3.10/site-packages/language_table/environments/utils/../../../language_table/environments/assets/blocks/blue_cube.urdf
Loading URDF /home/ashwink/Documents/swms/.venv/lib/python3.10/site-packages/language_table/environments/utils/../../../language_table/environments/assets/blocks/blue_star.urdf
Loading URDF /home/ashwink/Documents/swms/.venv/lib/python3.10/site-packages/language_table/environments/utils/../../../language_table/environments/assets/blocks/blue_pentagon.urdf
Loading URDF /home/ashwink/Documents/swms/.venv/lib/python3.10/site-packages/language_table/environments/utils/../../../language_table/environments/assets/blocks/yellow_moon.urdf
Loading URDF /home/ashwink/Documents/swms/.venv/lib/python3.10/site-packages/language_table/environments/utils/../../../language_table/environments/assets/blocks/yellow_cube.urdf
Loading URDF /home/ashwink/Documents/swms/.venv/lib/python3.10/site-packages/language_table/environments/utils/../../../language_table/environments/assets/blocks/yellow_star.urdf
Loading URDF /home/ashwink/Documents/swms/.venv/lib/python3.10/site-packages/language_table/environments/utils/../../../language_table/environments/assets/blocks/yellow_pentagon.urdf
Loading URDF /home/ashwink/Documents/swms/.venv/lib/python3.10/site-packages/language_table/environments/utils/../../../language_table/environments/assets/blocks/green_moon.urdf
Loading URDF /home/ashwink/Documents/swms/.venv/lib/python3.10/site-packages/language_table/environments/utils/../../../language_table/environments/assets/blocks/green_cube.urdf
Loading URDF /home/ashwink/Documents/swms/.venv/lib/python3.10/site-packages/language_table/environments/utils/../../../language_table/environments/assets/blocks/green_star.urdf
Loading URDF /home/ashwink/Documents/swms/.venv/lib/python3.10/site-packages/language_table/environments/utils/../../../language_table/environments/assets/blocks/green_pentagon.urdf
Loading URDF /home/ashwink/Documents/swms/.venv/lib/python3.10/site-packages/language_table/environments/utils/../../../language_table/environments/assets/blocks/purple_moon.urdf
Loading URDF /home/ashwink/Documents/swms/.venv/lib/python3.10/site-packages/language_table/environments/utils/../../../language_table/environments/assets/blocks/purple_cube.urdf
Loading URDF /home/ashwink/Documents/swms/.venv/lib/python3.10/site-packages/language_table/environments/utils/../../../language_table/environments/assets/blocks/purple_star.urdf
Loading URDF /home/ashwink/Documents/swms/.venv/lib/python3.10/site-packages/language_table/environments/utils/../../../language_table/environments/assets/blocks/purple_pentagon.urdf
Env ready.

Forced peg start: [0.42843915 0.24419614]  (green_cube=[0.40339102 0.18967466], blue_moon=[0.32039625 0.00902261])
  dist(peg,green_cube)=0.0600  dist(peg,blue_moon)=0.2588  dist(green_cube,blue_moon)=0.1988

step  cos(zt,z*)  cos(zt,zt-1)  |   cos(predK,z*) min/mean/max  cos(pred_sel,z*)   cos(zpred0,z*)  ||a_raw||  |  dist(peg,A)   dist(A,B)
-------------------------------------------------------------------------------------------------------------------------------------------------------------------------------
   0      0.1869           nan  |    0.3973/  0.4412/  0.4727            0.4727           0.6263     0.0302  |       0.0587      0.1988
   1      0.1965        0.9790  |    0.6618/  0.6776/  0.6887            0.6887           0.6164     0.0146  |       0.0616      0.1988
   2      0.1931        0.9857  |    0.6698/  0.6935/  0.7016            0.7016           0.6174     0.0145  |       0.0594      0.1988
   3      0.1960        0.9863  |    0.6672/  0.6815/  0.6909            0.6909           0.5933     0.0067  |       0.0516      0.1988
   4      0.2022        0.9826  |    0.6546/  0.6750/  0.6835            0.6835           0.5812     0.0079  |       0.0459      0.1988
   5      0.1868        0.9272  |    0.6658/  0.6844/  0.6921            0.6921           0.5952     0.0098  |       0.0392      0.1988
   6      0.1874        0.8535  |    0.6702/  0.6834/  0.6919            0.6919           0.5784     0.0060  |       0.0362      0.1981
   7      0.1694        0.9300  |    0.6748/  0.6900/  0.6970            0.6970           0.6064     0.0106  |       0.0342      0.1984
   8      0.1625        0.9102  |    0.6365/  0.6513/  0.6596            0.6596           0.4987     0.0076  |       0.0343      0.1962
   9      0.1488        0.9288  |    0.6510/  0.6708/  0.6797            0.6797           0.5156     0.0056  |       0.0325      0.1950
  10      0.1468        0.9314  |    0.6589/  0.6765/  0.6873            0.6873           0.5842     0.0053  |       0.0343      0.1940
  11      0.1338        0.9592  |    0.6029/  0.6187/  0.6297            0.6297           0.3846     0.0028  |       0.0368      0.1940
  12      0.1277        0.9724  |    0.5502/  0.5735/  0.5818            0.5818           0.2932     0.0014  |       0.0371      0.1940
  13      0.1309        0.9914  |    0.5518/  0.5681/  0.5773            0.5773           0.2466     0.0015  |       0.0360      0.1940
  14      0.1270        0.9776  |    0.6021/  0.6190/  0.6270            0.6270           0.3502     0.0037  |       0.0351      0.1940
  15      0.1456        0.9526  |    0.5726/  0.6027/  0.6104            0.6104           0.3136     0.0032  |       0.0340      0.1934
  16      0.1451        0.9448  |    0.5084/  0.5342/  0.5436            0.5436           0.1524     0.0046  |       0.0345      0.1930
  17      0.1296        0.9529  |    0.4356/  0.4515/  0.4617            0.4617           0.1765     0.0043  |       0.0354      0.1930
  18      0.1475        0.9439  |    0.5237/  0.5434/  0.5519            0.5519           0.2963     0.0032  |       0.0337      0.1929
  19      0.1403        0.9374  |    0.5283/  0.5546/  0.5616            0.5616           0.2602     0.0035  |       0.0334      0.1922
  20      0.1255        0.9605  |    0.5380/  0.5545/  0.5625            0.5625           0.2140     0.0059  |       0.0320      0.1923
  21      0.1350        0.9354  |    0.5290/  0.5413/  0.5490            0.5490           0.3172     0.0072  |       0.0340      0.1946
  22      0.1098        0.8873  |    0.4408/  0.4840/  0.4934            0.4934           0.1652     0.0110  |       0.0344      0.1947
  23      0.0555        0.8362  |   -0.0539/ -0.0134/  0.0296            0.0296          -0.2375     0.0100  |       0.0344      0.1961
  24      0.0422        0.9246  |   -0.0200/  0.0003/  0.0156            0.0156          -0.2648     0.0194  |       0.0410      0.1962
  25     -0.0431        0.8929  |   -0.1105/ -0.0875/ -0.0706           -0.0706          -0.3740     0.0267  |       0.0589      0.1962
  26     -0.0579        0.9006  |   -0.2521/ -0.2228/ -0.2131           -0.2131          -0.3862     0.0300  |       0.0848      0.1962
  27     -0.0614        0.8438  |   -0.3096/ -0.2807/ -0.2635           -0.2635          -0.4347     0.0360  |       0.1143      0.1962
  28     -0.1270        0.7002  |   -0.3081/ -0.2876/ -0.2746           -0.2746          -0.3632     0.0350  |       0.1495      0.1962
  29     -0.1110        0.7509  |   -0.3600/ -0.3409/ -0.3308           -0.3308          -0.3821     0.0296  |       0.1836      0.2088
  30     -0.0909        0.8736  |   -0.2814/ -0.2461/ -0.2224           -0.2224          -0.3728     0.0192  |       0.2118      0.2088
  31     -0.0727        0.8941  |   -0.2564/ -0.2362/ -0.2262           -0.2262          -0.3918     0.0086  |       0.2315      0.2088
  32     -0.0407        0.9584  |   -0.2472/ -0.2302/ -0.2223           -0.2223          -0.3990     0.0082  |       0.2397      0.2088
  33     -0.0273        0.9358  |   -0.2324/ -0.2122/ -0.2047           -0.2047          -0.3741     0.0042  |       0.2441      0.2088
  34     -0.0220        0.9579  |   -0.1907/ -0.1713/ -0.1612           -0.1612          -0.3622     0.0061  |       0.2475      0.2088
  35     -0.0160        0.9740  |   -0.2197/ -0.2001/ -0.1909           -0.1909          -0.3735     0.0049  |       0.2495      0.2088
  36     -0.0038        0.9749  |   -0.2196/ -0.1946/ -0.1862           -0.1862          -0.3839     0.0056  |       0.2506      0.2088
  37     -0.0133        0.9434  |   -0.1791/ -0.1616/ -0.1509           -0.1509          -0.3736     0.0026  |       0.2500      0.2088
  38     -0.0114        0.9691  |   -0.2112/ -0.1884/ -0.1783           -0.1783          -0.3764     0.0065  |       0.2487      0.2088
  39      0.0008        0.9549  |   -0.1856/ -0.1667/ -0.1558           -0.1558          -0.3736     0.0066  |       0.2512      0.2088
  40      0.0136        0.9670  |   -0.1753/ -0.1556/ -0.1391           -0.1391          -0.3890     0.0041  |       0.2567      0.2088
  41      0.0256        0.9624  |   -0.2641/ -0.2481/ -0.2372           -0.2372          -0.4051     0.0032  |       0.2585      0.2088
  42      0.0207        0.9770  |   -0.2105/ -0.1877/ -0.1768           -0.1768          -0.3785     0.0066  |       0.2595      0.2088
  43      0.0226        0.9006  |   -0.1962/ -0.1774/ -0.1651           -0.1651          -0.3674     0.0082  |       0.2644      0.2088
  44      0.0038        0.9151  |   -0.2388/ -0.2162/ -0.2045           -0.2045          -0.3909     0.0105  |       0.2718      0.2088
  45     -0.0229        0.8988  |   -0.3110/ -0.2886/ -0.2792           -0.2792          -0.4523     0.0091  |       0.2820      0.2088
  46     -0.0034        0.9248  |   -0.3538/ -0.3301/ -0.3187           -0.3187          -0.4417     0.0130  |       0.2912      0.2088
  47      0.0092        0.9227  |   -0.3614/ -0.3272/ -0.3195           -0.3195          -0.4403     0.0118  |       0.3032      0.2088
  48     -0.0031        0.9303  |   -0.3579/ -0.3363/ -0.3148           -0.3148          -0.4498     0.0172  |       0.3146      0.2088
  49      0.0155        0.9044  |   -0.2648/ -0.2236/ -0.2068           -0.2068          -0.4418     0.0262  |       0.3310      0.2088
  50      0.0441        0.8698  |   -0.2520/ -0.2334/ -0.2228           -0.2228          -0.4635     0.0261  |       0.3549      0.2088
  51      0.0446        0.8308  |   -0.3305/ -0.3161/ -0.3052           -0.3052          -0.4951     0.0288  |       0.3788      0.2088
  52      0.0612        0.9375  |   -0.2684/ -0.2511/ -0.2389           -0.2389          -0.5167     0.0297  |       0.4052      0.2088
  53      0.0415        0.8778  |   -0.2546/ -0.2364/ -0.2255           -0.2255          -0.4542     0.0291  |       0.4270      0.2088
  54      0.0721        0.8544  |   -0.2726/ -0.2586/ -0.2475           -0.2475          -0.4549     0.0311  |       0.4394      0.2088
  55      0.0780        0.9115  |   -0.2817/ -0.2652/ -0.2535           -0.2535          -0.4646     0.0296  |       0.4493      0.2088
  56      0.0693        0.9383  |   -0.3046/ -0.2839/ -0.2744           -0.2744          -0.4726     0.0277  |       0.4594      0.2088
  57      0.0752        0.9416  |   -0.3114/ -0.2914/ -0.2795           -0.2795          -0.4976     0.0324  |       0.4703      0.2088
  58      0.0509        0.9555  |   -0.3046/ -0.2816/ -0.2691           -0.2691          -0.4850     0.0311  |       0.4824      0.2088
  59      0.0525        0.9440  |   -0.3129/ -0.2957/ -0.2853           -0.2853          -0.5205     0.0330  |       0.4966      0.2088
  60      0.0361        0.9150  |   -0.2871/ -0.2701/ -0.2598           -0.2598          -0.5106     0.0288  |       0.5087      0.2088
  61      0.0168        0.9009  |   -0.2784/ -0.2644/ -0.2505           -0.2505          -0.4195     0.0318  |       0.5204      0.2088
  62     -0.0009        0.9377  |   -0.2093/ -0.1941/ -0.1818           -0.1818          -0.3717     0.0349  |       0.5325      0.2088
  63     -0.0009        1.0000  |   -0.2086/ -0.1926/ -0.1804           -0.1804          -0.3717     0.0345  |       0.5439      0.2088
  64     -0.0009        1.0000  |   -0.2129/ -0.1956/ -0.1834           -0.1834          -0.3717     0.0358  |       0.5491      0.2088
  65     -0.0009        1.0000  |   -0.2188/ -0.1992/ -0.1837           -0.1837          -0.3717     0.0336  |       0.5496      0.2088
  66     -0.0009        1.0000  |   -0.2178/ -0.2005/ -0.1849           -0.1849          -0.3717     0.0346  |       0.5497      0.2088
  67     -0.0009        1.0000  |   -0.2102/ -0.1950/ -0.1810           -0.1810          -0.3717     0.0350  |       0.5496      0.2088
  68     -0.0009        1.0000  |   -0.2082/ -0.1903/ -0.1765           -0.1765          -0.3717     0.0327  |       0.5496      0.2088
  69     -0.0009        1.0000  |   -0.2039/ -0.1882/ -0.1777           -0.1777          -0.3717     0.0336  |       0.5495      0.2088
  70     -0.0009        1.0000  |   -0.2080/ -0.1898/ -0.1790           -0.1790          -0.3717     0.0318  |       0.5495      0.2088
  71     -0.0009        1.0000  |   -0.2168/ -0.1919/ -0.1778           -0.1778          -0.3717     0.0324  |       0.5495      0.2088
  72     -0.0009        1.0000  |   -0.2051/ -0.1897/ -0.1785           -0.1785          -0.3717     0.0320  |       0.5496      0.2088
  73     -0.0009        1.0000  |   -0.2044/ -0.1883/ -0.1770           -0.1770          -0.3717     0.0348  |       0.5496      0.2088
  74     -0.0008        1.0000  |   -0.2046/ -0.1910/ -0.1790           -0.1790          -0.3718     0.0350  |       0.5497      0.2088
  75     -0.0008        1.0000  |   -0.2137/ -0.1963/ -0.1850           -0.1850          -0.3718     0.0340  |       0.5496      0.2088
  76     -0.0008        1.0000  |   -0.2137/ -0.1974/ -0.1846           -0.1846          -0.3718     0.0340  |       0.5496      0.2088
  77     -0.0008        1.0000  |   -0.2093/ -0.1911/ -0.1795           -0.1795          -0.3718     0.0327  |       0.5496      0.2088
  78     -0.0008        1.0000  |   -0.2012/ -0.1876/ -0.1775           -0.1775          -0.3718     0.0350  |       0.5496      0.2088
  79     -0.0008        1.0000  |   -0.2155/ -0.1917/ -0.1795           -0.1795          -0.3718     0.0333  |       0.5497      0.2088
  80     -0.0008        1.0000  |   -0.2175/ -0.1903/ -0.1779           -0.1779          -0.3718     0.0348  |       0.5496      0.2088
  81     -0.0008        1.0000  |   -0.2210/ -0.1965/ -0.1832           -0.1832          -0.3718     0.0348  |       0.5496      0.2088
  82     -0.0008        1.0000  |   -0.2129/ -0.1962/ -0.1846           -0.1846          -0.3718     0.0355  |       0.5496      0.2088
  83     -0.0008        1.0000  |   -0.2068/ -0.1933/ -0.1808           -0.1808          -0.3718     0.0326  |       0.5496      0.2088
  84     -0.0008        1.0000  |   -0.2116/ -0.1937/ -0.1798           -0.1798          -0.3718     0.0326  |       0.5497      0.2088
  85     -0.0008        1.0000  |   -0.2110/ -0.1944/ -0.1811           -0.1811          -0.3718     0.0334  |       0.5497      0.2088
  86     -0.0008        1.0000  |   -0.2201/ -0.1949/ -0.1825           -0.1825          -0.3718     0.0352  |       0.5496      0.2088
  87     -0.0008        1.0000  |   -0.2222/ -0.1982/ -0.1845           -0.1845          -0.3718     0.0347  |       0.5496      0.2088
  88     -0.0008        1.0000  |   -0.2100/ -0.1926/ -0.1810           -0.1810          -0.3718     0.0343  |       0.5496      0.2088
  89     -0.0008        1.0000  |   -0.2011/ -0.1866/ -0.1768           -0.1768          -0.3718     0.0327  |       0.5497      0.2088
  90     -0.0008        1.0000  |   -0.2034/ -0.1883/ -0.1775           -0.1775          -0.3718     0.0320  |       0.5497      0.2088
  91     -0.0008        1.0000  |   -0.2089/ -0.1935/ -0.1825           -0.1825          -0.3718     0.0337  |       0.5496      0.2088
  92     -0.0008        1.0000  |   -0.2145/ -0.1966/ -0.1821           -0.1821          -0.3718     0.0359  |       0.5496      0.2088
  93     -0.0008        1.0000  |   -0.2121/ -0.1946/ -0.1826           -0.1826          -0.3718     0.0343  |       0.5496      0.2088
  94     -0.0008        1.0000  |   -0.2075/ -0.1938/ -0.1803           -0.1803          -0.3718     0.0346  |       0.5496      0.2088
  95     -0.0008        1.0000  |   -0.2153/ -0.1977/ -0.1831           -0.1831          -0.3718     0.0352  |       0.5497      0.2088
  96     -0.0008        1.0000  |   -0.2178/ -0.1889/ -0.1790           -0.1790          -0.3718     0.0315  |       0.5497      0.2088
  97     -0.0008        1.0000  |   -0.2125/ -0.1895/ -0.1791           -0.1791          -0.3718     0.0341  |       0.5497      0.2088
  98     -0.0008        1.0000  |   -0.2099/ -0.1924/ -0.1800           -0.1800          -0.3718     0.0351  |       0.5496      0.2088
  99     -0.0008        1.0000  |   -0.2181/ -0.1946/ -0.1820           -0.1820          -0.3718     0.0346  |       0.5496      0.2088
 100     -0.0008        1.0000  |   -0.2076/ -0.1938/ -0.1811           -0.1811          -0.3718     0.0331  |       0.5496      0.2088
 101     -0.0009        1.0000  |   -0.2081/ -0.1918/ -0.1793           -0.1793          -0.3717     0.0350  |       0.5496      0.2088
 102     -0.0009        1.0000  |   -0.2052/ -0.1897/ -0.1792           -0.1792          -0.3717     0.0333  |       0.5496      0.2088
 103     -0.0009        1.0000  |   -0.2138/ -0.1978/ -0.1855           -0.1855          -0.3717     0.0357  |       0.5497      0.2088
 104     -0.0009        1.0000  |   -0.2108/ -0.1946/ -0.1812           -0.1812          -0.3717     0.0326  |       0.5497      0.2088
 105     -0.0009        1.0000  |   -0.2081/ -0.1884/ -0.1762           -0.1762          -0.3717     0.0350  |       0.5497      0.2088
 106     -0.0009        1.0000  |   -0.1979/ -0.1859/ -0.1736           -0.1736          -0.3717     0.0344  |       0.5497      0.2088
 107     -0.0009        1.0000  |   -0.2057/ -0.1879/ -0.1770           -0.1770          -0.3717     0.0341  |       0.5496      0.2088
 108     -0.0009        1.0000  |   -0.2063/ -0.1870/ -0.1765           -0.1765          -0.3717     0.0340  |       0.5496      0.2088
 109     -0.0009        1.0000  |   -0.2039/ -0.1879/ -0.1766           -0.1766          -0.3717     0.0338  |       0.5496      0.2088
 110     -0.0009        1.0000  |   -0.2108/ -0.1882/ -0.1759           -0.1759          -0.3717     0.0329  |       0.5497      0.2088
 111     -0.0009        1.0000  |   -0.2048/ -0.1896/ -0.1774           -0.1774          -0.3717     0.0332  |       0.5497      0.2088
 112     -0.0009        1.0000  |   -0.2107/ -0.1905/ -0.1788           -0.1788          -0.3717     0.0326  |       0.5497      0.2088
 113     -0.0009        1.0000  |   -0.2055/ -0.1895/ -0.1779           -0.1779          -0.3717     0.0328  |       0.5497      0.2088
 114     -0.0009        1.0000  |   -0.2068/ -0.1896/ -0.1779           -0.1779          -0.3717     0.0319  |       0.5497      0.2088
 115     -0.0009        1.0000  |   -0.2092/ -0.1937/ -0.1816           -0.1816          -0.3717     0.0361  |       0.5497      0.2088
 116     -0.0009        1.0000  |   -0.2148/ -0.1970/ -0.1837           -0.1837          -0.3717     0.0352  |       0.5496      0.2088
 117     -0.0009        1.0000  |   -0.2154/ -0.1980/ -0.1839           -0.1839          -0.3717     0.0351  |       0.5496      0.2088
 118     -0.0009        1.0000  |   -0.2178/ -0.1981/ -0.1845           -0.1845          -0.3717     0.0328  |       0.5496      0.2088
 119     -0.0009        1.0000  |   -0.2116/ -0.1944/ -0.1811           -0.1811          -0.3717     0.0333  |       0.5497      0.2088
 120     -0.0009        1.0000  |   -0.2077/ -0.1937/ -0.1813           -0.1813          -0.3717     0.0320  |       0.5497      0.2088
 121     -0.0009        1.0000  |   -0.2045/ -0.1903/ -0.1783           -0.1783          -0.3717     0.0331  |       0.5497      0.2088
 122     -0.0009        1.0000  |   -0.2230/ -0.1928/ -0.1808           -0.1808          -0.3717     0.0330  |       0.5497      0.2088
 123     -0.0009        1.0000  |   -0.2234/ -0.1927/ -0.1798           -0.1798          -0.3717     0.0355  |       0.5497      0.2088
 124     -0.0009        1.0000  |   -0.2049/ -0.1872/ -0.1749           -0.1749          -0.3717     0.0322  |       0.5496      0.2088
 125     -0.0009        1.0000  |   -0.2193/ -0.1911/ -0.1801           -0.1801          -0.3717     0.0320  |       0.5496      0.2088
 126     -0.0009        1.0000  |   -0.2079/ -0.1922/ -0.1810           -0.1810          -0.3717     0.0351  |       0.5496      0.2088
 127     -0.0009        1.0000  |   -0.2113/ -0.1935/ -0.1810           -0.1810          -0.3717     0.0347  |       0.5496      0.2088
 128     -0.0009        1.0000  |   -0.2106/ -0.1956/ -0.1824           -0.1824          -0.3717     0.0352  |       0.5496      0.2088
 129     -0.0009        1.0000  |   -0.2162/ -0.1967/ -0.1841           -0.1841          -0.3717     0.0346  |       0.5496      0.2088
 130     -0.0009        1.0000  |   -0.2225/ -0.2007/ -0.1863           -0.1863          -0.3717     0.0351  |       0.5496      0.2088
 131     -0.0009        1.0000  |   -0.2130/ -0.1957/ -0.1843           -0.1843          -0.3717     0.0317  |       0.5496      0.2088
 132     -0.0009        1.0000  |   -0.2072/ -0.1924/ -0.1795           -0.1795          -0.3717     0.0325  |       0.5496      0.2088
 133     -0.0009        1.0000  |   -0.2100/ -0.1941/ -0.1783           -0.1783          -0.3717     0.0344  |       0.5496      0.2088
 134     -0.0009        1.0000  |   -0.2102/ -0.1925/ -0.1801           -0.1801          -0.3717     0.0359  |       0.5496      0.2088
 135     -0.0009        1.0000  |   -0.2086/ -0.1914/ -0.1783           -0.1783          -0.3717     0.0346  |       0.5496      0.2088
 136     -0.0009        1.0000  |   -0.2089/ -0.1940/ -0.1818           -0.1818          -0.3717     0.0325  |       0.5496      0.2088
 137     -0.0009        1.0000  |   -0.2095/ -0.1908/ -0.1772           -0.1772          -0.3717     0.0357  |       0.5496      0.2088
 138     -0.0010        1.0000  |   -0.2089/ -0.1929/ -0.1798           -0.1798          -0.3718     0.0329  |       0.5496      0.2088
 139     -0.0010        1.0000  |   -0.2087/ -0.1929/ -0.1790           -0.1790          -0.3718     0.0326  |       0.5496      0.2088
 140     -0.0009        1.0000  |   -0.2131/ -0.1906/ -0.1792           -0.1792          -0.3717     0.0332  |       0.5496      0.2088
 141     -0.0009        1.0000  |   -0.2107/ -0.1927/ -0.1822           -0.1822          -0.3717     0.0358  |       0.5496      0.2088
 142     -0.0009        1.0000  |   -0.2093/ -0.1930/ -0.1801           -0.1801          -0.3717     0.0312  |       0.5496      0.2088
 143     -0.0009        1.0000  |   -0.2149/ -0.1901/ -0.1777           -0.1777          -0.3717     0.0331  |       0.5496      0.2088
 144     -0.0009        1.0000  |   -0.2089/ -0.1926/ -0.1809           -0.1809          -0.3717     0.0357  |       0.5496      0.2088
 145     -0.0009        1.0000  |   -0.2123/ -0.1933/ -0.1811           -0.1811          -0.3717     0.0307  |       0.5496      0.2088
 146     -0.0009        1.0000  |   -0.2082/ -0.1904/ -0.1786           -0.1786          -0.3717     0.0341  |       0.5496      0.2088
 147     -0.0009        1.0000  |   -0.2057/ -0.1901/ -0.1785           -0.1785          -0.3717     0.0331  |       0.5496      0.2088
 148     -0.0009        1.0000  |   -0.2048/ -0.1884/ -0.1766           -0.1766          -0.3717     0.0329  |       0.5496      0.2088
 149     -0.0009        1.0000  |   -0.2039/ -0.1874/ -0.1771           -0.1771          -0.3717     0.0335  |       0.5496      0.2088
 150     -0.0009        1.0000  |   -0.2059/ -0.1894/ -0.1794           -0.1794          -0.3717     0.0345  |       0.5496      0.2088
 151     -0.0009        1.0000  |   -0.2090/ -0.1901/ -0.1785           -0.1785          -0.3717     0.0303  |       0.5496      0.2088
 152     -0.0009        1.0000  |   -0.2070/ -0.1894/ -0.1776           -0.1776          -0.3717     0.0326  |       0.5496      0.2088
 153     -0.0010        1.0000  |   -0.2109/ -0.1939/ -0.1810           -0.1810          -0.3718     0.0366  |       0.5496      0.2088
 154     -0.0010        1.0000  |   -0.2140/ -0.1958/ -0.1818           -0.1818          -0.3718     0.0354  |       0.5496      0.2088
 155     -0.0009        1.0000  |   -0.2144/ -0.1984/ -0.1871           -0.1871          -0.3717     0.0347  |       0.5496      0.2088
 156     -0.0009        1.0000  |   -0.2223/ -0.2040/ -0.1912           -0.1912          -0.3717     0.0371  |       0.5496      0.2088
 157     -0.0009        1.0000  |   -0.2186/ -0.1990/ -0.1863           -0.1863          -0.3717     0.0323  |       0.5496      0.2088
 158     -0.0009        1.0000  |   -0.2149/ -0.1983/ -0.1863           -0.1863          -0.3717     0.0358  |       0.5496      0.2088
 159     -0.0009        1.0000  |   -0.2213/ -0.1956/ -0.1799           -0.1799          -0.3717     0.0327  |       0.5496      0.2088
 160     -0.0009        1.0000  |   -0.2134/ -0.1940/ -0.1814           -0.1814          -0.3717     0.0373  |       0.5496      0.2088
 161     -0.0009        1.0000  |   -0.2216/ -0.2009/ -0.1886           -0.1886          -0.3717     0.0349  |       0.5496      0.2088
 162     -0.0009        1.0000  |   -0.2138/ -0.1951/ -0.1810           -0.1810          -0.3717     0.0327  |       0.5496      0.2088
 163     -0.0009        1.0000  |   -0.2164/ -0.1945/ -0.1822           -0.1822          -0.3717     0.0333  |       0.5496      0.2088
 164     -0.0010        1.0000  |   -0.2106/ -0.1929/ -0.1813           -0.1813          -0.3718     0.0331  |       0.5496      0.2088
 165     -0.0010        1.0000  |   -0.2063/ -0.1914/ -0.1807           -0.1807          -0.3718     0.0347  |       0.5496      0.2088
 166     -0.0009        1.0000  |   -0.2189/ -0.1946/ -0.1806           -0.1806          -0.3717     0.0348  |       0.5496      0.2088
 167     -0.0009        1.0000  |   -0.2052/ -0.1899/ -0.1774           -0.1774          -0.3717     0.0350  |       0.5496      0.2088
 168     -0.0009        1.0000  |   -0.2135/ -0.1943/ -0.1846           -0.1846          -0.3717     0.0337  |       0.5496      0.2088
 169     -0.0009        1.0000  |   -0.2137/ -0.1960/ -0.1840           -0.1840          -0.3717     0.0341  |       0.5496      0.2088
 170     -0.0009        1.0000  |   -0.2120/ -0.1955/ -0.1818           -0.1818          -0.3717     0.0335  |       0.5496      0.2088
 171     -0.0009        1.0000  |   -0.2168/ -0.1991/ -0.1849           -0.1849          -0.3717     0.0340  |       0.5496      0.2088
 172     -0.0009        1.0000  |   -0.2120/ -0.1958/ -0.1839           -0.1839          -0.3717     0.0316  |       0.5496      0.2088
 173     -0.0010        1.0000  |   -0.2102/ -0.1920/ -0.1800           -0.1800          -0.3718     0.0333  |       0.5497      0.2088
 174     -0.0009        1.0000  |   -0.2083/ -0.1936/ -0.1794           -0.1794          -0.3717     0.0338  |       0.5497      0.2088
 175     -0.0009        1.0000  |   -0.2104/ -0.1915/ -0.1783           -0.1783          -0.3717     0.0333  |       0.5497      0.2088
 176     -0.0009        1.0000  |   -0.2107/ -0.1914/ -0.1796           -0.1796          -0.3717     0.0340  |       0.5497      0.2088
 177     -0.0009        1.0000  |   -0.2086/ -0.1944/ -0.1827           -0.1827          -0.3717     0.0354  |       0.5497      0.2088
 178     -0.0009        1.0000  |   -0.2066/ -0.1916/ -0.1794           -0.1794          -0.3717     0.0312  |       0.5497      0.2088
 179     -0.0010        1.0000  |   -0.2007/ -0.1858/ -0.1754           -0.1754          -0.3718     0.0315  |       0.5497      0.2088
 180     -0.0009        1.0000  |   -0.2043/ -0.1902/ -0.1795           -0.1795          -0.3717     0.0337  |       0.5497      0.2088
 181     -0.0009        1.0000  |   -0.2059/ -0.1918/ -0.1797           -0.1797          -0.3717     0.0339  |       0.5497      0.2088
 182     -0.0009        1.0000  |   -0.2086/ -0.1914/ -0.1788           -0.1788          -0.3717     0.0332  |       0.5497      0.2088
 183     -0.0009        1.0000  |   -0.2062/ -0.1885/ -0.1787           -0.1787          -0.3717     0.0361  |       0.5497      0.2088
 184     -0.0010        1.0000  |   -0.2096/ -0.1934/ -0.1806           -0.1806          -0.3718     0.0307  |       0.5497      0.2088
 185     -0.0009        1.0000  |   -0.2128/ -0.1923/ -0.1804           -0.1804          -0.3717     0.0336  |       0.5497      0.2088
 186     -0.0009        1.0000  |   -0.2042/ -0.1893/ -0.1791           -0.1791          -0.3717     0.0332  |       0.5497      0.2088
 187     -0.0009        1.0000  |   -0.2146/ -0.1936/ -0.1803           -0.1803          -0.3717     0.0338  |       0.5497      0.2088
 188     -0.0010        1.0000  |   -0.2085/ -0.1953/ -0.1828           -0.1828          -0.3718     0.0333  |       0.5497      0.2088
 189     -0.0009        1.0000  |   -0.2142/ -0.1974/ -0.1849           -0.1849          -0.3717     0.0323  |       0.5497      0.2088
 190     -0.0009        1.0000  |   -0.2153/ -0.1979/ -0.1828           -0.1828          -0.3717     0.0340  |       0.5497      0.2088
 191     -0.0009        1.0000  |   -0.2214/ -0.2001/ -0.1870           -0.1870          -0.3717     0.0339  |       0.5497      0.2088
 192     -0.0010        1.0000  |   -0.2231/ -0.2069/ -0.1915           -0.1915          -0.3718     0.0371  |       0.5497      0.2088
 193     -0.0009        1.0000  |   -0.2112/ -0.1936/ -0.1801           -0.1801          -0.3717     0.0351  |       0.5497      0.2088
 194     -0.0009        1.0000  |   -0.2094/ -0.1901/ -0.1788           -0.1788          -0.3717     0.0335  |       0.5497      0.2088
 195     -0.0009        1.0000  |   -0.2096/ -0.1921/ -0.1820           -0.1820          -0.3717     0.0347  |       0.5497      0.2088
 196     -0.0010        1.0000  |   -0.2206/ -0.2023/ -0.1891           -0.1891          -0.3718     0.0335  |       0.5497      0.2088
 197     -0.0009        1.0000  |   -0.2162/ -0.1999/ -0.1838           -0.1838          -0.3717     0.0338  |       0.5497      0.2088
 198     -0.0009        1.0000  |   -0.2154/ -0.1934/ -0.1822           -0.1822          -0.3717     0.0376  |       0.5497      0.2088
 199     -0.0009        1.0000  |   -0.2103/ -0.1907/ -0.1800           -0.1800          -0.3717     0.0332  |       0.5497      0.2088
 200     -0.0010        1.0000  |   -0.2172/ -0.1880/ -0.1772           -0.1772          -0.3718     0.0346  |       0.5497      0.2088
 201     -0.0009        1.0000  |   -0.2070/ -0.1891/ -0.1779           -0.1779          -0.3717     0.0353  |       0.5497      0.2088
 202     -0.0009        1.0000  |   -0.2085/ -0.1922/ -0.1788           -0.1788          -0.3717     0.0360  |       0.5497      0.2088
 203     -0.0009        1.0000  |   -0.2136/ -0.1923/ -0.1803           -0.1803          -0.3717     0.0317  |       0.5497      0.2088
 204     -0.0010        1.0000  |   -0.2050/ -0.1905/ -0.1807           -0.1807          -0.3718     0.0328  |       0.5497      0.2088
 205     -0.0009        1.0000  |   -0.2084/ -0.1947/ -0.1800           -0.1800          -0.3717     0.0338  |       0.5497      0.2088
 206     -0.0009        1.0000  |   -0.2138/ -0.1924/ -0.1797           -0.1797          -0.3717     0.0323  |       0.5497      0.2088
 207     -0.0009        1.0000  |   -0.2121/ -0.1958/ -0.1842           -0.1842          -0.3717     0.0346  |       0.5497      0.2088
 208     -0.0010        1.0000  |   -0.2134/ -0.1905/ -0.1774           -0.1774          -0.3718     0.0350  |       0.5497      0.2088
 209     -0.0009        1.0000  |   -0.2067/ -0.1945/ -0.1801           -0.1801          -0.3717     0.0348  |       0.5497      0.2088
 210     -0.0009        1.0000  |   -0.2095/ -0.1939/ -0.1821           -0.1821          -0.3717     0.0331  |       0.5497      0.2088
 211     -0.0010        1.0000  |   -0.2088/ -0.1922/ -0.1807           -0.1807          -0.3718     0.0335  |       0.5497      0.2088
 212     -0.0009        1.0000  |   -0.2093/ -0.1920/ -0.1787           -0.1787          -0.3717     0.0346  |       0.5497      0.2088
 213     -0.0009        1.0000  |   -0.2109/ -0.1936/ -0.1810           -0.1810          -0.3717     0.0358  |       0.5497      0.2088
 214     -0.0009        1.0000  |   -0.2108/ -0.1916/ -0.1790           -0.1790          -0.3717     0.0341  |       0.5497      0.2088
 215     -0.0010        1.0000  |   -0.2124/ -0.1919/ -0.1789           -0.1789          -0.3718     0.0321  |       0.5497      0.2088
 216     -0.0009        1.0000  |   -0.2083/ -0.1916/ -0.1788           -0.1788          -0.3717     0.0334  |       0.5497      0.2088
 217     -0.0009        1.0000  |   -0.2033/ -0.1870/ -0.1772           -0.1772          -0.3717     0.0341  |       0.5497      0.2088
 218     -0.0010        1.0000  |   -0.2053/ -0.1887/ -0.1778           -0.1778          -0.3718     0.0321  |       0.5497      0.2088
 219     -0.0009        1.0000  |   -0.2174/ -0.1907/ -0.1775           -0.1775          -0.3717     0.0329  |       0.5497      0.2088
 220     -0.0009        1.0000  |   -0.2148/ -0.1959/ -0.1833           -0.1833          -0.3717     0.0357  |       0.5497      0.2088
 221     -0.0009        1.0000  |   -0.2020/ -0.1898/ -0.1794           -0.1794          -0.3717     0.0352  |       0.5497      0.2088
 222     -0.0010        1.0000  |   -0.2084/ -0.1929/ -0.1798           -0.1798          -0.3718     0.0342  |       0.5497      0.2088
 223     -0.0009        1.0000  |   -0.2143/ -0.1916/ -0.1816           -0.1816          -0.3717     0.0351  |       0.5497      0.2088
 224     -0.0009        1.0000  |   -0.2179/ -0.1981/ -0.1862           -0.1862          -0.3717     0.0377  |       0.5497      0.2088
 225     -0.0010        1.0000  |   -0.2076/ -0.1913/ -0.1827           -0.1827          -0.3718     0.0356  |       0.5497      0.2088
 226     -0.0009        1.0000  |   -0.2076/ -0.1911/ -0.1788           -0.1788          -0.3717     0.0334  |       0.5497      0.2088
 227     -0.0009        1.0000  |   -0.2137/ -0.1925/ -0.1791           -0.1791          -0.3717     0.0325  |       0.5497      0.2088
 228     -0.0009        1.0000  |   -0.2061/ -0.1881/ -0.1783           -0.1783          -0.3717     0.0329  |       0.5497      0.2088
 229     -0.0010        1.0000  |   -0.2083/ -0.1906/ -0.1788           -0.1788          -0.3718     0.0326  |       0.5497      0.2088
 230     -0.0009        1.0000  |   -0.2136/ -0.1956/ -0.1796           -0.1796          -0.3717     0.0325  |       0.5497      0.2088
 231     -0.0009        1.0000  |   -0.2084/ -0.1911/ -0.1799           -0.1799          -0.3717     0.0336  |       0.5497      0.2088
 232     -0.0010        1.0000  |   -0.2069/ -0.1923/ -0.1793           -0.1793          -0.3718     0.0351  |       0.5497      0.2088
 233     -0.0010        1.0000  |   -0.2074/ -0.1902/ -0.1792           -0.1792          -0.3718     0.0333  |       0.5497      0.2088
 234     -0.0009        1.0000  |   -0.2036/ -0.1870/ -0.1754           -0.1754          -0.3717     0.0323  |       0.5497      0.2088
 235     -0.0009        1.0000  |   -0.2060/ -0.1907/ -0.1780           -0.1780          -0.3717     0.0319  |       0.5497      0.2088
 236     -0.0009        1.0000  |   -0.2060/ -0.1907/ -0.1796           -0.1796          -0.3719     0.0338  |       0.5497      0.2088
 237     -0.0008        1.0000  |   -0.2097/ -0.1907/ -0.1792           -0.1792          -0.3718     0.0331  |       0.5497      0.2088
 238     -0.0009        1.0000  |   -0.2072/ -0.1880/ -0.1766           -0.1766          -0.3717     0.0331  |       0.5497      0.2088
 239     -0.0010        1.0000  |   -0.2050/ -0.1900/ -0.1782           -0.1782          -0.3718     0.0343  |       0.5497      0.2088
 240     -0.0010        1.0000  |   -0.2130/ -0.1984/ -0.1831           -0.1831          -0.3718     0.0348  |       0.5497      0.2088
 241     -0.0009        1.0000  |   -0.2097/ -0.1941/ -0.1825           -0.1825          -0.3717     0.0324  |       0.5497      0.2088
 242     -0.0009        1.0000  |   -0.2074/ -0.1917/ -0.1780           -0.1780          -0.3717     0.0350  |       0.5497      0.2088
 243     -0.0010        1.0000  |   -0.2211/ -0.1955/ -0.1814           -0.1814          -0.3718     0.0344  |       0.5497      0.2088
 244     -0.0009        1.0000  |   -0.2125/ -0.1926/ -0.1791           -0.1791          -0.3717     0.0335  |       0.5497      0.2088
 245     -0.0009        1.0000  |   -0.2023/ -0.1871/ -0.1772           -0.1772          -0.3717     0.0319  |       0.5497      0.2088
 246     -0.0010        1.0000  |   -0.2064/ -0.1900/ -0.1771           -0.1771          -0.3718     0.0326  |       0.5497      0.2088
 247     -0.0009        1.0000  |   -0.2137/ -0.1899/ -0.1757           -0.1757          -0.3717     0.0316  |       0.5497      0.2088
 248     -0.0009        1.0000  |   -0.2045/ -0.1854/ -0.1742           -0.1742          -0.3717     0.0332  |       0.5497      0.2088
 249     -0.0009        1.0000  |   -0.2028/ -0.1879/ -0.1776           -0.1776          -0.3717     0.0340  |       0.5497      0.2088
 250     -0.0010        1.0000  |   -0.2146/ -0.1946/ -0.1830           -0.1830          -0.3718     0.0340  |       0.5497      0.2088
 251     -0.0009        1.0000  |   -0.2089/ -0.1938/ -0.1808           -0.1808          -0.3717     0.0335  |       0.5497      0.2088
 252     -0.0009        1.0000  |   -0.2084/ -0.1901/ -0.1787           -0.1787          -0.3717     0.0333  |       0.5497      0.2088
 253     -0.0010        1.0000  |   -0.2061/ -0.1902/ -0.1794           -0.1794          -0.3717     0.0358  |       0.5497      0.2088
 254     -0.0010        1.0000  |   -0.2116/ -0.1958/ -0.1825           -0.1825          -0.3716     0.0334  |       0.5497      0.2088
 255     -0.0009        1.0000  |   -0.2160/ -0.1975/ -0.1836           -0.1836          -0.3717     0.0338  |       0.5497      0.2088
 256     -0.0010        1.0000  |   -0.2125/ -0.1983/ -0.1869           -0.1869          -0.3716     0.0326  |       0.5497      0.2088
 257     -0.0010        1.0000  |   -0.2141/ -0.1977/ -0.1839           -0.1839          -0.3717     0.0354  |       0.5497      0.2088
 258     -0.0010        1.0000  |   -0.2094/ -0.1949/ -0.1833           -0.1833          -0.3716     0.0324  |       0.5497      0.2088
 259     -0.0010        1.0000  |   -0.2083/ -0.1909/ -0.1791           -0.1791          -0.3716     0.0357  |       0.5497      0.2088
 260     -0.0010        1.0000  |   -0.2071/ -0.1910/ -0.1802           -0.1802          -0.3717     0.0357  |       0.5497      0.2088
 261     -0.0010        1.0000  |   -0.2094/ -0.1915/ -0.1789           -0.1789          -0.3716     0.0355  |       0.5497      0.2088
 262     -0.0010        1.0000  |   -0.2072/ -0.1895/ -0.1785           -0.1785          -0.3716     0.0337  |       0.5497      0.2088
 263     -0.0010        1.0000  |   -0.2081/ -0.1932/ -0.1817           -0.1817          -0.3717     0.0337  |       0.5497      0.2088
 264     -0.0010        1.0000  |   -0.2031/ -0.1899/ -0.1787           -0.1787          -0.3717     0.0321  |       0.5497      0.2088
 265     -0.0010        1.0000  |   -0.1975/ -0.1824/ -0.1732           -0.1732          -0.3716     0.0340  |       0.5497      0.2088
 266     -0.0010        1.0000  |   -0.1997/ -0.1861/ -0.1752           -0.1752          -0.3716     0.0320  |       0.5497      0.2088
 267     -0.0010        1.0000  |   -0.2035/ -0.1880/ -0.1784           -0.1784          -0.3717     0.0347  |       0.5497      0.2088
 268     -0.0010        1.0000  |   -0.2025/ -0.1870/ -0.1750           -0.1750          -0.3716     0.0311  |       0.5497      0.2088
 269     -0.0010        1.0000  |   -0.2010/ -0.1835/ -0.1736           -0.1736          -0.3716     0.0315  |       0.5497      0.2088
 270     -0.0010        1.0000  |   -0.2016/ -0.1876/ -0.1783           -0.1783          -0.3717     0.0328  |       0.5497      0.2088
 271     -0.0010        1.0000  |   -0.2035/ -0.1890/ -0.1756           -0.1756          -0.3717     0.0340  |       0.5497      0.2088
 272     -0.0010        1.0000  |   -0.2107/ -0.1931/ -0.1820           -0.1820          -0.3716     0.0328  |       0.5497      0.2088
 273     -0.0010        1.0000  |   -0.2138/ -0.1967/ -0.1850           -0.1850          -0.3716     0.0341  |       0.5497      0.2088
 274     -0.0010        1.0000  |   -0.2116/ -0.1933/ -0.1796           -0.1796          -0.3717     0.0339  |       0.5497      0.2088
 275     -0.0010        1.0000  |   -0.2083/ -0.1932/ -0.1796           -0.1796          -0.3716     0.0331  |       0.5497      0.2088
 276     -0.0010        1.0000  |   -0.2105/ -0.1936/ -0.1793           -0.1793          -0.3716     0.0344  |       0.5497      0.2088
 277     -0.0010        1.0000  |   -0.2018/ -0.1867/ -0.1734           -0.1734          -0.3717     0.0321  |       0.5497      0.2088
 278     -0.0010        1.0000  |   -0.2051/ -0.1871/ -0.1771           -0.1771          -0.3717     0.0351  |       0.5497      0.2088
 279     -0.0010        1.0000  |   -0.2066/ -0.1882/ -0.1749           -0.1749          -0.3716     0.0355  |       0.5497      0.2088
 280     -0.0010        1.0000  |   -0.2039/ -0.1881/ -0.1771           -0.1771          -0.3716     0.0341  |       0.5497      0.2088
 281     -0.0010        1.0000  |   -0.2019/ -0.1868/ -0.1766           -0.1766          -0.3717     0.0330  |       0.5497      0.2088
 282     -0.0010        1.0000  |   -0.2017/ -0.1866/ -0.1762           -0.1762          -0.3716     0.0340  |       0.5497      0.2088
 283     -0.0010        1.0000  |   -0.2030/ -0.1849/ -0.1747           -0.1747          -0.3716     0.0346  |       0.5497      0.2088
 284     -0.0010        1.0000  |   -0.2013/ -0.1867/ -0.1769           -0.1769          -0.3717     0.0343  |       0.5497      0.2088
 285     -0.0010        1.0000  |   -0.2039/ -0.1896/ -0.1788           -0.1788          -0.3716     0.0340  |       0.5497      0.2088
 286     -0.0010        1.0000  |   -0.2131/ -0.1938/ -0.1816           -0.1816          -0.3716     0.0339  |       0.5497      0.2088
 287     -0.0010        1.0000  |   -0.2077/ -0.1938/ -0.1813           -0.1813          -0.3717     0.0349  |       0.5497      0.2088
 288     -0.0010        1.0000  |   -0.2125/ -0.1907/ -0.1786           -0.1786          -0.3717     0.0336  |       0.5497      0.2088
 289     -0.0010        1.0000  |   -0.2176/ -0.1992/ -0.1855           -0.1855          -0.3716     0.0337  |       0.5497      0.2088
 290     -0.0010        1.0000  |   -0.2141/ -0.1978/ -0.1820           -0.1820          -0.3716     0.0361  |       0.5497      0.2088
 291     -0.0010        1.0000  |   -0.2231/ -0.1974/ -0.1848           -0.1848          -0.3717     0.0359  |       0.5497      0.2088
 292     -0.0010        1.0000  |   -0.2150/ -0.1979/ -0.1856           -0.1856          -0.3716     0.0353  |       0.5497      0.2088
 293     -0.0010        1.0000  |   -0.2092/ -0.1916/ -0.1783           -0.1783          -0.3716     0.0343  |       0.5497      0.2088
 294     -0.0010        1.0000  |   -0.2105/ -0.1931/ -0.1820           -0.1820          -0.3717     0.0324  |       0.5497      0.2088
 295     -0.0010        1.0000  |   -0.2010/ -0.1862/ -0.1764           -0.1764          -0.3717     0.0333  |       0.5497      0.2088
 296     -0.0010        1.0000  |   -0.2081/ -0.1914/ -0.1790           -0.1790          -0.3716     0.0327  |       0.5497      0.2088
 297     -0.0010        1.0000  |   -0.2130/ -0.1935/ -0.1808           -0.1808          -0.3716     0.0352  |       0.5497      0.2088
 298     -0.0010        1.0000  |   -0.2132/ -0.1943/ -0.1812           -0.1812          -0.3717     0.0337  |       0.5497      0.2088
 299     -0.0010        1.0000  |   -0.2054/ -0.1903/ -0.1759           -0.1759          -0.3716     0.0344  |       0.5497      0.2088
IMAGEIO FFMPEG_WRITER WARNING: input image is not divisible by macro_block_size=16, resizing from (320, 180) to (320, 192) to ensure video compatibility with most codecs and players. To prevent resizing, make your input image divisible by the macro_block_size or set the macro_block_size to 1 (risking incompatibility).

Saved 300 frames -> /home/ashwink/Documents/swms/SWM_copy/rollouts_5_per/expert+subopt/epoch7/epoch7_rollout4_failure.mp4
min dist(green_cube,blue_moon) over episode = 0.1922  ->  FAILURE
Full log written to /home/ashwink/Documents/swms/SWM_copy/rollouts_5_per/expert+subopt/epoch7/epoch7_rollout4_20260723_125725.log
Result json -> /home/ashwink/Documents/swms/SWM_copy/rollouts_5_per/expert+subopt/epoch7/epoch7_rollout4_result.json
