Checkpoint dir epoch: 14  Rollout: 0
Logging to /home/ashwink/Documents/swms/SWM_copy/rollouts_5_per/expert-only/epoch14/epoch14_rollout0_20260723_134432.log
Goal (fixed, steps 0-299): the green cube is touching the blue moon. the peg is touching the green cube.

Checkpoint: /home/ashwink/Documents/swms/SWM_copy/training/checkpoints_clip_full_finetuned_wider_hl/epoch_014.pt
  epoch=14  step=12870

Loading CLIP ViT-L/14 (datacomp_xl_s13b_b90k) + fine-tuned clip_state_dict ...
Parsing model identifier. Schema: None, Identifier: ViT-L-14
Loaded built-in ViT-L-14 model config.
Instantiating model architecture: CLIP
Loading full pretrained weights from: /home/ashwink/.cache/huggingface/hub/models--laion--CLIP-ViT-L-14-DataComp.XL-s13B-b90K/snapshots/84c9828e63dc9a9351d1fe637c346d4c1c4db341/open_clip_pytorch_model.bin
Final image preprocessing configuration set: {'size': (224, 224), 'mode': 'RGB', 'mean': (0.48145466, 0.4578275, 0.40821073), 'std': (0.26862954, 0.26130258, 0.27577711), 'interpolation': 'bicubic', 'resize_mode': 'shortest', 'fill_color': 0}
Model ViT-L-14 creation process complete.
Parsing tokenizer identifier. Schema: None, Identifier: ViT-L-14
Attempting to load config from built-in: ViT-L-14
Using default SimpleTokenizer.
z_star shape: torch.Size([768])

Loading action stats from /home/ashwink/full_data_5000/langtable/demos/ ...
  lo=[-0.03372681140899658, -0.03493623435497284]  hi=[0.03496786952018738, 0.03494429588317871]

Initializing LangTable env ...
Loading URDF plane.urdf
Loading URDF /home/ashwink/Documents/swms/.venv/lib/python3.10/site-packages/language_table/environments/utils/../../../language_table/environments/assets/workspace_real.urdf
Loading URDF xarm/xarm6_robot_white.urdf
Loading URDF /home/ashwink/Documents/swms/.venv/lib/python3.10/site-packages/language_table/environments/utils/../../../language_table/environments/assets/suction/cylinder_real.urdf
Loading URDF /home/ashwink/Documents/swms/.venv/lib/python3.10/site-packages/language_table/environments/utils/../../../language_table/environments/assets/blocks/red_moon.urdf
Loading URDF /home/ashwink/Documents/swms/.venv/lib/python3.10/site-packages/language_table/environments/utils/../../../language_table/environments/assets/blocks/red_cube.urdf
Loading URDF /home/ashwink/Documents/swms/.venv/lib/python3.10/site-packages/language_table/environments/utils/../../../language_table/environments/assets/blocks/red_star.urdf
Loading URDF /home/ashwink/Documents/swms/.venv/lib/python3.10/site-packages/language_table/environments/utils/../../../language_table/environments/assets/blocks/red_pentagon.urdf
Loading URDF /home/ashwink/Documents/swms/.venv/lib/python3.10/site-packages/language_table/environments/utils/../../../language_table/environments/assets/blocks/blue_moon.urdf
Loading URDF /home/ashwink/Documents/swms/.venv/lib/python3.10/site-packages/language_table/environments/utils/../../../language_table/environments/assets/blocks/blue_cube.urdf
Loading URDF /home/ashwink/Documents/swms/.venv/lib/python3.10/site-packages/language_table/environments/utils/../../../language_table/environments/assets/blocks/blue_star.urdf
Loading URDF /home/ashwink/Documents/swms/.venv/lib/python3.10/site-packages/language_table/environments/utils/../../../language_table/environments/assets/blocks/blue_pentagon.urdf
Loading URDF /home/ashwink/Documents/swms/.venv/lib/python3.10/site-packages/language_table/environments/utils/../../../language_table/environments/assets/blocks/yellow_moon.urdf
Loading URDF /home/ashwink/Documents/swms/.venv/lib/python3.10/site-packages/language_table/environments/utils/../../../language_table/environments/assets/blocks/yellow_cube.urdf
Loading URDF /home/ashwink/Documents/swms/.venv/lib/python3.10/site-packages/language_table/environments/utils/../../../language_table/environments/assets/blocks/yellow_star.urdf
Loading URDF /home/ashwink/Documents/swms/.venv/lib/python3.10/site-packages/language_table/environments/utils/../../../language_table/environments/assets/blocks/yellow_pentagon.urdf
Loading URDF /home/ashwink/Documents/swms/.venv/lib/python3.10/site-packages/language_table/environments/utils/../../../language_table/environments/assets/blocks/green_moon.urdf
Loading URDF /home/ashwink/Documents/swms/.venv/lib/python3.10/site-packages/language_table/environments/utils/../../../language_table/environments/assets/blocks/green_cube.urdf
Loading URDF /home/ashwink/Documents/swms/.venv/lib/python3.10/site-packages/language_table/environments/utils/../../../language_table/environments/assets/blocks/green_star.urdf
Loading URDF /home/ashwink/Documents/swms/.venv/lib/python3.10/site-packages/language_table/environments/utils/../../../language_table/environments/assets/blocks/green_pentagon.urdf
Loading URDF /home/ashwink/Documents/swms/.venv/lib/python3.10/site-packages/language_table/environments/utils/../../../language_table/environments/assets/blocks/purple_moon.urdf
Loading URDF /home/ashwink/Documents/swms/.venv/lib/python3.10/site-packages/language_table/environments/utils/../../../language_table/environments/assets/blocks/purple_cube.urdf
Loading URDF /home/ashwink/Documents/swms/.venv/lib/python3.10/site-packages/language_table/environments/utils/../../../language_table/environments/assets/blocks/purple_star.urdf
Loading URDF /home/ashwink/Documents/swms/.venv/lib/python3.10/site-packages/language_table/environments/utils/../../../language_table/environments/assets/blocks/purple_pentagon.urdf
Env ready.

Forced peg start: [0.42843915 0.24419614]  (green_cube=[0.40339102 0.18967466], blue_moon=[0.32039625 0.00902261])
  dist(peg,green_cube)=0.0600  dist(peg,blue_moon)=0.2588  dist(green_cube,blue_moon)=0.1988

step  cos(zt,z*)  cos(zt,zt-1)  |   cos(predK,z*) min/mean/max  cos(pred_sel,z*)   cos(zpred0,z*)  ||a_raw||  |  dist(peg,A)   dist(A,B)
-------------------------------------------------------------------------------------------------------------------------------------------------------------------------------
   0      0.0931           nan  |    0.4468/  0.7557/  0.7825            0.7825           0.6782     0.0245  |       0.0587      0.1988
   1      0.1010        0.9870  |    0.7285/  0.7701/  0.7786            0.7786           0.6656     0.0134  |       0.0525      0.1988
   2      0.1085        0.9879  |    0.7217/  0.7688/  0.7782            0.7782           0.6637     0.0089  |       0.0521      0.1988
   3      0.1012        0.9907  |    0.7452/  0.7677/  0.7763            0.7763           0.6675     0.0082  |       0.0567      0.1988
   4      0.1095        0.9962  |    0.7121/  0.7678/  0.7774            0.7774           0.6653     0.0060  |       0.0630      0.1988
   5      0.1106        0.9948  |    0.7376/  0.7634/  0.7739            0.7739           0.6581     0.0168  |       0.0607      0.1988
   6      0.1148        0.9920  |    0.6534/  0.7611/  0.7726            0.7726           0.6502     0.0081  |       0.0721      0.1988
   7      0.1181        0.9797  |    0.6937/  0.7476/  0.7599            0.7599           0.6178     0.0165  |       0.0748      0.1988
   8      0.1090        0.9271  |    0.7277/  0.7692/  0.7811            0.7811           0.6570     0.0088  |       0.0836      0.1988
   9      0.1083        0.9856  |    0.6492/  0.7717/  0.7828            0.7828           0.6411     0.0186  |       0.0916      0.1988
  10      0.1108        0.9564  |    0.6998/  0.7693/  0.7799            0.7799           0.6648     0.0030  |       0.1074      0.1988
  11      0.1200        0.9824  |    0.6640/  0.7591/  0.7695            0.7695           0.6579     0.0077  |       0.1094      0.1988
  12      0.1279        0.9696  |    0.7176/  0.7480/  0.7585            0.7585           0.6707     0.0165  |       0.1153      0.1988
  13      0.1186        0.9666  |    0.6904/  0.7385/  0.7513            0.7513           0.6079     0.0188  |       0.1308      0.1988
  14      0.1068        0.9448  |    0.6760/  0.7233/  0.7329            0.7329           0.6067     0.0080  |       0.1461      0.1988
  15      0.1001        0.9528  |    0.6293/  0.7120/  0.7207            0.7207           0.4768     0.0042  |       0.1499      0.1988
  16      0.0774        0.9699  |    0.5165/  0.6054/  0.6195            0.6195           0.1865     0.0057  |       0.1513      0.1988
  17      0.0585        0.9654  |    0.3507/  0.4272/  0.4442            0.4442          -0.1453     0.0256  |       0.1510      0.1988
  18      0.0812        0.8765  |    0.5908/  0.6321/  0.6458            0.6458           0.1063     0.0226  |       0.1452      0.1988
  19      0.0427        0.9018  |    0.4955/  0.5242/  0.5326            0.5326          -0.1248     0.0153  |       0.1375      0.1988
  20      0.0150        0.8494  |    0.4226/  0.4428/  0.4580            0.4580          -0.1991     0.0264  |       0.1438      0.1988
  21      0.0350        0.8703  |    0.3626/  0.4533/  0.4697            0.4697          -0.1967     0.0124  |       0.1481      0.1988
  22     -0.0159        0.9213  |    0.3312/  0.3881/  0.4067            0.4067          -0.2151     0.0225  |       0.1435      0.1988
  23     -0.0418        0.9046  |    0.1968/  0.2228/  0.2419            0.2419          -0.2048     0.0246  |       0.1373      0.1988
  24     -0.0479        0.8103  |    0.2587/  0.3289/  0.3467            0.3467          -0.2033     0.0297  |       0.1272      0.1988
  25     -0.0601        0.7464  |   -0.0140/  0.0634/  0.0829            0.0829          -0.2112     0.0388  |       0.1341      0.2029
  26     -0.0729        0.6800  |   -0.1347/ -0.1046/ -0.0900           -0.0900          -0.3144     0.0296  |       0.1452      0.2033
  27     -0.0714        0.7457  |   -0.3268/ -0.3001/ -0.2861           -0.2861          -0.3201     0.0344  |       0.1610      0.2033
  28     -0.0566        0.7438  |   -0.2595/ -0.2399/ -0.2293           -0.2293          -0.2843     0.0167  |       0.1768      0.2034
  29     -0.0214        0.8112  |   -0.2008/ -0.1615/ -0.1529           -0.1529          -0.3066     0.0188  |       0.1870      0.2034
  30     -0.0188        0.8697  |   -0.2249/ -0.1631/ -0.1480           -0.1480          -0.3203     0.0164  |       0.1929      0.2034
  31     -0.0436        0.7638  |   -0.2143/ -0.1933/ -0.1860           -0.1860          -0.2452     0.0086  |       0.1883      0.2034
  32     -0.0449        0.9042  |   -0.2355/ -0.2177/ -0.2099           -0.2099          -0.2376     0.0076  |       0.1849      0.2034
  33     -0.0292        0.8521  |   -0.0658/ -0.0397/ -0.0288           -0.0288          -0.1939     0.0173  |       0.1796      0.2034
  34     -0.0556        0.8123  |    0.1329/  0.1578/  0.1706            0.1706          -0.2465     0.0315  |       0.1727      0.2034
  35     -0.0506        0.6789  |    0.2790/  0.2946/  0.3059            0.3059          -0.2943     0.0367  |       0.1826      0.2034
  36     -0.0127        0.4859  |   -0.1677/ -0.1389/ -0.1246           -0.1246          -0.3339     0.0354  |       0.1954      0.2034
  37     -0.0072        0.6558  |   -0.1478/ -0.1161/ -0.0949           -0.0949          -0.3150     0.0397  |       0.2269      0.2033
  38      0.0117        0.5345  |   -0.2097/ -0.1685/ -0.1482           -0.1482          -0.3088     0.0463  |       0.2557      0.2033
  39      0.0210        0.6804  |   -0.2854/ -0.2647/ -0.2533           -0.2533          -0.2936     0.0372  |       0.2797      0.2033
  40      0.0232        0.8357  |   -0.2075/ -0.1659/ -0.1516           -0.1516          -0.1977     0.0358  |       0.3055      0.2033
  41      0.0434        0.7488  |   -0.1567/ -0.1206/ -0.0875           -0.0875          -0.2011     0.0438  |       0.3322      0.2033
  42      0.0551        0.7148  |   -0.1157/ -0.0739/ -0.0554           -0.0554          -0.1847     0.0460  |       0.3597      0.2033
  43      0.0258        0.9010  |   -0.1583/ -0.1223/ -0.1050           -0.1050          -0.1903     0.0426  |       0.3857      0.2033
  44      0.0767        0.8296  |    0.4658/  0.4985/  0.5188            0.5188           0.2862     0.0281  |       0.4128      0.2033
  45      0.0586        0.9140  |    0.3569/  0.4011/  0.4212            0.4212           0.0797     0.0053  |       0.4208      0.2033
  46      0.0707        0.9455  |    0.4768/  0.5124/  0.5255            0.5255           0.2628     0.0166  |       0.4246      0.2033
  47      0.0842        0.9608  |    0.3879/  0.4306/  0.4458            0.4458           0.1517     0.0196  |       0.4304      0.2033
  48      0.0616        0.9186  |    0.3496/  0.3900/  0.4060            0.4060           0.0816     0.0122  |       0.4407      0.2033
  49      0.0572        0.9957  |    0.3151/  0.3879/  0.4045            0.4045           0.0746     0.0063  |       0.4427      0.2033
  50      0.0597        0.9991  |    0.3471/  0.4127/  0.4325            0.4325           0.1235     0.0068  |       0.4441      0.2033
  51      0.0600        1.0000  |    0.3304/  0.4167/  0.4350            0.4350           0.1202     0.0240  |       0.4480      0.2033
  52      0.0600        1.0000  |    0.3571/  0.4188/  0.4342            0.4342           0.1202     0.0075  |       0.4532      0.2033
  53      0.0602        1.0000  |    0.3493/  0.4206/  0.4359            0.4359           0.1236     0.0064  |       0.4494      0.2033
  54      0.0600        1.0000  |    0.3346/  0.4169/  0.4389            0.4389           0.1210     0.0158  |       0.4517      0.2033
  55      0.0601        0.9979  |    0.3441/  0.4164/  0.4347            0.4347           0.1033     0.0132  |       0.4523      0.2033
  56      0.0602        1.0000  |    0.3547/  0.4201/  0.4356            0.4356           0.1024     0.0141  |       0.4570      0.2033
  57      0.0601        1.0000  |    0.3470/  0.4158/  0.4345            0.4345           0.1036     0.0206  |       0.4588      0.2033
  58      0.0601        1.0000  |    0.3196/  0.4164/  0.4321            0.4321           0.1015     0.0141  |       0.4632      0.2033
  59      0.0601        1.0000  |    0.3555/  0.4149/  0.4318            0.4318           0.1017     0.0101  |       0.4600      0.2033
  60      0.0600        1.0000  |    0.3384/  0.4224/  0.4370            0.4370           0.1033     0.0150  |       0.4613      0.2033
  61      0.0600        1.0000  |    0.3562/  0.4213/  0.4378            0.4378           0.1025     0.0132  |       0.4637      0.2033
  62      0.0602        1.0000  |    0.3611/  0.4182/  0.4364            0.4364           0.1003     0.0176  |       0.4628      0.2033
  63      0.0603        1.0000  |    0.3852/  0.4219/  0.4373            0.4373           0.1007     0.0147  |       0.4585      0.2033
  64      0.0603        1.0000  |    0.3144/  0.4139/  0.4327            0.4327           0.1007     0.0113  |       0.4586      0.2033
  65      0.0604        1.0000  |    0.3512/  0.4198/  0.4380            0.4380           0.0990     0.0105  |       0.4622      0.2033
  66      0.0601        1.0000  |    0.3668/  0.4201/  0.4356            0.4356           0.0980     0.0147  |       0.4635      0.2033
  67      0.0600        1.0000  |    0.3477/  0.4142/  0.4313            0.4313           0.0979     0.0214  |       0.4602      0.2033
  68      0.0600        1.0000  |    0.3019/  0.4136/  0.4319            0.4319           0.0991     0.0101  |       0.4639      0.2033
  69      0.0620        0.9945  |    0.3502/  0.4104/  0.4276            0.4276           0.1168     0.0102  |       0.4640      0.2033
  70      0.0620        1.0000  |    0.3252/  0.4110/  0.4284            0.4284           0.1199     0.0170  |       0.4696      0.2033
  71      0.0614        1.0000  |    0.3539/  0.4029/  0.4182            0.4182           0.1078     0.0180  |       0.4735      0.2033
  72      0.0614        1.0000  |    0.3502/  0.4026/  0.4201            0.4201           0.1060     0.0048  |       0.4807      0.2033
  73      0.0614        1.0000  |    0.3583/  0.4130/  0.4295            0.4295           0.1063     0.0073  |       0.4811      0.2033
  74      0.0614        1.0000  |    0.3471/  0.3994/  0.4212            0.4212           0.1018     0.0226  |       0.4857      0.2033
  75      0.0610        1.0000  |    0.3006/  0.3935/  0.4096            0.4096           0.1004     0.0057  |       0.5021      0.2033
  76      0.0634        0.9986  |    0.3075/  0.3813/  0.3982            0.3982           0.0823     0.0146  |       0.5015      0.2033
  77      0.0631        1.0000  |    0.3137/  0.3778/  0.3975            0.3975           0.0835     0.0184  |       0.5042      0.2033
  78      0.0630        1.0000  |    0.2893/  0.3802/  0.3968            0.3968           0.0823     0.0148  |       0.5165      0.2033
  79      0.0633        1.0000  |    0.2993/  0.3795/  0.3974            0.3974           0.0796     0.0176  |       0.5162      0.2033
  80      0.0636        1.0000  |    0.3109/  0.3824/  0.4013            0.4013           0.0808     0.0172  |       0.5140      0.2033
  81      0.0636        1.0000  |    0.3105/  0.3857/  0.4058            0.4058           0.0784     0.0171  |       0.5226      0.2033
  82      0.0638        1.0000  |    0.2961/  0.3759/  0.3915            0.3915           0.0791     0.0254  |       0.5135      0.2033
  83      0.0651        0.9965  |    0.3565/  0.4175/  0.4354            0.4354           0.1600     0.0146  |       0.5212      0.2033
  84      0.0651        1.0000  |    0.3476/  0.4226/  0.4410            0.4410           0.1575     0.0141  |       0.5201      0.2033
  85      0.0648        1.0000  |    0.3728/  0.4263/  0.4436            0.4436           0.1561     0.0157  |       0.5233      0.2033
  86      0.0646        1.0000  |    0.3582/  0.4249/  0.4418            0.4418           0.1559     0.0103  |       0.5243      0.2033
  87      0.0650        1.0000  |    0.3472/  0.4206/  0.4359            0.4359           0.1566     0.0134  |       0.5260      0.2033
  88      0.0648        1.0000  |    0.3568/  0.4168/  0.4347            0.4347           0.1540     0.0158  |       0.5227      0.2033
  89      0.0656        0.9997  |    0.3277/  0.4007/  0.4192            0.4192           0.1342     0.0148  |       0.5181      0.2033
  90      0.0657        0.9976  |    0.2283/  0.3589/  0.3765            0.3765           0.0888     0.0128  |       0.5194      0.2033
  91      0.0713        0.9950  |    0.2908/  0.4003/  0.4163            0.4163           0.1502     0.0164  |       0.5222      0.2033
  92      0.0709        1.0000  |    0.3196/  0.4036/  0.4213            0.4213           0.1485     0.0195  |       0.5155      0.2033
  93      0.0711        1.0000  |    0.3222/  0.4004/  0.4193            0.4193           0.1435     0.0004  |       0.5190      0.2033
  94      0.0713        1.0000  |    0.3145/  0.3970/  0.4150            0.4150           0.1452     0.0108  |       0.5192      0.2033
  95      0.0714        1.0000  |    0.3091/  0.4014/  0.4182            0.4182           0.1418     0.0098  |       0.5228      0.2033
  96      0.0712        1.0000  |    0.3270/  0.3880/  0.4059            0.4059           0.1393     0.0147  |       0.5221      0.2033
  97      0.0708        1.0000  |    0.3060/  0.3908/  0.4071            0.4071           0.1362     0.0134  |       0.5220      0.2033
  98      0.0709        1.0000  |    0.3361/  0.3988/  0.4183            0.4183           0.1385     0.0073  |       0.5288      0.2033
  99      0.0709        1.0000  |    0.3423/  0.3921/  0.4100            0.4100           0.1396     0.0150  |       0.5296      0.2033
 100      0.0709        1.0000  |    0.3338/  0.3968/  0.4152            0.4152           0.1402     0.0105  |       0.5298      0.2033
 101      0.0705        1.0000  |    0.3287/  0.3788/  0.3981            0.3981           0.1373     0.0089  |       0.5298      0.2033
 102      0.0705        1.0000  |    0.3421/  0.3893/  0.4087            0.4087           0.1366     0.0216  |       0.5268      0.2033
 103      0.0707        1.0000  |    0.2763/  0.3894/  0.4051            0.4051           0.1372     0.0113  |       0.5293      0.2033
 104      0.0706        1.0000  |    0.3254/  0.3934/  0.4111            0.4111           0.1386     0.0124  |       0.5296      0.2033
 105      0.0705        1.0000  |    0.2800/  0.3918/  0.4086            0.4086           0.1387     0.0134  |       0.5297      0.2033
 106      0.0701        1.0000  |    0.2986/  0.3981/  0.4153            0.4153           0.1397     0.0150  |       0.5298      0.2033
 107      0.0699        1.0000  |    0.2676/  0.4016/  0.4201            0.4201           0.1420     0.0131  |       0.5298      0.2033
 108      0.0699        1.0000  |    0.3403/  0.3874/  0.4034            0.4034           0.1400     0.0026  |       0.5298      0.2033
 109      0.0696        1.0000  |    0.3045/  0.3824/  0.4019            0.4019           0.1384     0.0079  |       0.5298      0.2033
 110      0.0696        1.0000  |    0.3462/  0.3932/  0.4109            0.4109           0.1397     0.0121  |       0.5297      0.2033
 111      0.0699        1.0000  |    0.3505/  0.3939/  0.4094            0.4094           0.1413     0.0076  |       0.5297      0.2033
 112      0.0697        1.0000  |    0.3219/  0.3984/  0.4173            0.4173           0.1401     0.0140  |       0.5298      0.2033
 113      0.0694        0.9997  |    0.2880/  0.3827/  0.4015            0.4015           0.1185     0.0126  |       0.5278      0.2033
 114      0.0694        1.0000  |    0.2657/  0.3752/  0.3932            0.3932           0.1168     0.0154  |       0.5297      0.2033
 115      0.0695        1.0000  |    0.3105/  0.3756/  0.3950            0.3950           0.1181     0.0094  |       0.5298      0.2033
 116      0.0695        1.0000  |    0.2640/  0.3727/  0.3930            0.3930           0.1123     0.0163  |       0.5256      0.2033
 117      0.0692        1.0000  |    0.3222/  0.3741/  0.3980            0.3980           0.1140     0.0099  |       0.5293      0.2033
 118      0.0694        1.0000  |    0.3249/  0.3677/  0.3866            0.3866           0.1166     0.0096  |       0.5298      0.2033
 119      0.0657        0.9974  |    0.2593/  0.3383/  0.3577            0.3577           0.0482     0.0105  |       0.5298      0.2033
 120      0.0657        1.0000  |    0.2453/  0.3342/  0.3532            0.3532           0.0492     0.0093  |       0.5277      0.2033
 121      0.0658        1.0000  |    0.2541/  0.3369/  0.3522            0.3522           0.0491     0.0117  |       0.5291      0.2033
 122      0.0658        1.0000  |    0.2641/  0.3473/  0.3680            0.3680           0.0488     0.0183  |       0.5297      0.2033
 123      0.0658        1.0000  |    0.2749/  0.3364/  0.3529            0.3529           0.0510     0.0140  |       0.5297      0.2033
 124      0.0658        1.0000  |    0.2771/  0.3445/  0.3643            0.3643           0.0489     0.0182  |       0.5299      0.2033
 125      0.0651        0.9999  |    0.2763/  0.3488/  0.3692            0.3692           0.0525     0.0118  |       0.5298      0.2033
 126      0.0651        1.0000  |    0.2909/  0.3454/  0.3638            0.3638           0.0515     0.0165  |       0.5298      0.2033
 127      0.0645        1.0000  |    0.2866/  0.3371/  0.3540            0.3540           0.0494     0.0137  |       0.5298      0.2033
 128      0.0645        1.0000  |    0.2500/  0.3337/  0.3499            0.3499           0.0476     0.0173  |       0.5299      0.2033
 129      0.0643        1.0000  |    0.2633/  0.3454/  0.3665            0.3665           0.0466     0.0161  |       0.5299      0.2033
 130      0.0642        1.0000  |    0.2677/  0.3467/  0.3671            0.3671           0.0471     0.0151  |       0.5299      0.2033
 131      0.0641        0.9980  |    0.2847/  0.3490/  0.3694            0.3694           0.0715     0.0169  |       0.5299      0.2033
 132      0.0639        1.0000  |    0.2756/  0.3618/  0.3812            0.3812           0.0703     0.0145  |       0.5275      0.2033
 133      0.0638        1.0000  |    0.2794/  0.3459/  0.3671            0.3671           0.0714     0.0197  |       0.5296      0.2033
 134      0.0640        1.0000  |    0.2916/  0.3482/  0.3685            0.3685           0.0735     0.0117  |       0.5297      0.2033
 135      0.0661        0.9977  |    0.2841/  0.3846/  0.4037            0.4037           0.1153     0.0074  |       0.5298      0.2033
 136      0.0661        1.0000  |    0.3311/  0.3891/  0.4062            0.4062           0.1153     0.0061  |       0.5299      0.2033
 137      0.0661        1.0000  |    0.3171/  0.3944/  0.4109            0.4109           0.1183     0.0055  |       0.5300      0.2033
 138      0.0704        0.9875  |    0.3327/  0.4041/  0.4236            0.4236           0.1485     0.0096  |       0.5300      0.2033
 139      0.0703        1.0000  |    0.3560/  0.4104/  0.4288            0.4288           0.1497     0.0051  |       0.5298      0.2033
 140      0.0705        1.0000  |    0.3812/  0.4114/  0.4283            0.4283           0.1511     0.0078  |       0.5298      0.2033
 141      0.0708        0.9866  |    0.3251/  0.4144/  0.4327            0.4327           0.1517     0.0105  |       0.5288      0.2033
 142      0.0707        1.0000  |    0.3585/  0.4165/  0.4370            0.4370           0.1514     0.0019  |       0.5297      0.2033
 143      0.0707        1.0000  |    0.3424/  0.4170/  0.4336            0.4336           0.1514     0.0111  |       0.5299      0.2033
 144      0.0707        1.0000  |    0.3560/  0.4246/  0.4462            0.4462           0.1534     0.0116  |       0.5278      0.2033
 145      0.0707        1.0000  |    0.3106/  0.4192/  0.4363            0.4363           0.1530     0.0102  |       0.5270      0.2033
 146      0.0708        1.0000  |    0.3343/  0.4111/  0.4283            0.4283           0.1581     0.0059  |       0.5245      0.2033
 147      0.0703        0.9971  |    0.4121/  0.4745/  0.4921            0.4921           0.2179     0.0140  |       0.5224      0.2033
 148      0.0700        1.0000  |    0.3961/  0.4747/  0.4930            0.4930           0.2186     0.0122  |       0.5238      0.2033
 149      0.0701        1.0000  |    0.4077/  0.4772/  0.4969            0.4969           0.2183     0.0067  |       0.5220      0.2033
 150      0.0702        1.0000  |    0.3719/  0.4691/  0.4899            0.4899           0.2200     0.0210  |       0.5214      0.2033
 151      0.0702        1.0000  |    0.3981/  0.4703/  0.4897            0.4897           0.2195     0.0064  |       0.5172      0.2033
 152      0.0701        1.0000  |    0.4163/  0.4703/  0.4896            0.4896           0.2184     0.0044  |       0.5168      0.2033
 153      0.0694        0.9974  |    0.4864/  0.5416/  0.5645            0.5645           0.3080     0.0157  |       0.5166      0.2033
 154      0.0694        1.0000  |    0.5016/  0.5544/  0.5714            0.5714           0.3061     0.0140  |       0.5148      0.2033
 155      0.0694        1.0000  |    0.4625/  0.5575/  0.5734            0.5734           0.3082     0.0153  |       0.5166      0.2033
 156      0.0695        1.0000  |    0.4422/  0.5443/  0.5590            0.5590           0.3031     0.0092  |       0.5174      0.2033
 157      0.0695        1.0000  |    0.4680/  0.5508/  0.5672            0.5672           0.3029     0.0143  |       0.5158      0.2033
 158      0.0690        1.0000  |    0.4924/  0.5499/  0.5651            0.5651           0.3052     0.0121  |       0.5153      0.2033
 159      0.0690        1.0000  |    0.5110/  0.5530/  0.5681            0.5681           0.3046     0.0049  |       0.5156      0.2033
 160      0.0689        1.0000  |    0.4735/  0.5579/  0.5732            0.5732           0.3072     0.0111  |       0.5155      0.2033
 161      0.0687        1.0000  |    0.5158/  0.5521/  0.5700            0.5700           0.3140     0.0075  |       0.5148      0.2033
 162      0.0685        1.0000  |    0.4945/  0.5657/  0.5839            0.5839           0.3146     0.0113  |       0.5148      0.2033
 163      0.0685        1.0000  |    0.4801/  0.5601/  0.5779            0.5779           0.3174     0.0133  |       0.5150      0.2033
 164      0.0685        1.0000  |    0.5255/  0.5591/  0.5741            0.5741           0.3177     0.0058  |       0.5128      0.2033
 165      0.0684        0.9986  |    0.5250/  0.5632/  0.5788            0.5788           0.3104     0.0081  |       0.5125      0.2033
 166      0.0681        1.0000  |    0.5292/  0.5601/  0.5775            0.5775           0.3116     0.0150  |       0.5113      0.2033
 167      0.0681        1.0000  |    0.4951/  0.5687/  0.5837            0.5837           0.3132     0.0043  |       0.5093      0.2033
 168      0.0678        1.0000  |    0.4907/  0.5599/  0.5744            0.5744           0.3162     0.0164  |       0.5100      0.2033
 169      0.0677        1.0000  |    0.5156/  0.5604/  0.5755            0.5755           0.3223     0.0006  |       0.5085      0.2033
 170      0.0677        1.0000  |    0.5248/  0.5731/  0.5888            0.5888           0.3260     0.0173  |       0.5084      0.2033
 171      0.0685        0.9989  |    0.5234/  0.5819/  0.5951            0.5951           0.3595     0.0104  |       0.5085      0.2033
 172      0.0686        1.0000  |    0.5127/  0.5800/  0.5982            0.5982           0.3634     0.0027  |       0.5065      0.2033
 173      0.0686        1.0000  |    0.4994/  0.5833/  0.5982            0.5982           0.3651     0.0099  |       0.5064      0.2033
 174      0.0687        1.0000  |    0.5368/  0.5887/  0.6025            0.6025           0.3635     0.0050  |       0.5055      0.2033
 175      0.0686        1.0000  |    0.5110/  0.5851/  0.6001            0.6001           0.3642     0.0029  |       0.5060      0.2033
 176      0.0686        1.0000  |    0.5289/  0.5830/  0.5976            0.5976           0.3634     0.0144  |       0.5063      0.2033
 177      0.0682        1.0000  |    0.5067/  0.5805/  0.5967            0.5967           0.3694     0.0067  |       0.5061      0.2033
 178      0.0679        1.0000  |    0.4831/  0.5870/  0.6020            0.6020           0.3697     0.0050  |       0.5060      0.2033
 179      0.0677        1.0000  |    0.5250/  0.5899/  0.6075            0.6075           0.3724     0.0121  |       0.5069      0.2033
 180      0.0679        1.0000  |    0.5183/  0.5901/  0.6043            0.6043           0.3709     0.0079  |       0.5056      0.2033
 181      0.0679        1.0000  |    0.5200/  0.5844/  0.6005            0.6005           0.3702     0.0080  |       0.5063      0.2033
 182      0.0679        1.0000  |    0.5195/  0.5867/  0.6007            0.6007           0.3696     0.0105  |       0.5049      0.2033
 183      0.0678        1.0000  |    0.5156/  0.5879/  0.6014            0.6014           0.3681     0.0077  |       0.5062      0.2033
 184      0.0678        1.0000  |    0.4897/  0.5898/  0.6060            0.6060           0.3701     0.0148  |       0.5060      0.2033
 185      0.0677        1.0000  |    0.5361/  0.5800/  0.5934            0.5934           0.3739     0.0118  |       0.5044      0.2033
 186      0.0677        1.0000  |    0.5302/  0.5836/  0.5996            0.5996           0.3734     0.0099  |       0.5051      0.2033
 187      0.0677        1.0000  |    0.5285/  0.5875/  0.6029            0.6029           0.3753     0.0153  |       0.5032      0.2033
 188      0.0675        1.0000  |    0.5542/  0.5838/  0.5961            0.5961           0.3797     0.0107  |       0.5048      0.2033
 189      0.0673        1.0000  |    0.5185/  0.5858/  0.6003            0.6003           0.3845     0.0106  |       0.5059      0.2033
 190      0.0663        0.9938  |    0.5589/  0.6190/  0.6355            0.6355           0.4281     0.0179  |       0.5046      0.2033
 191      0.0662        1.0000  |    0.5839/  0.6231/  0.6371            0.6371           0.4271     0.0064  |       0.5036      0.2033
 192      0.0661        1.0000  |    0.5580/  0.6260/  0.6402            0.6402           0.4314     0.0056  |       0.5037      0.2033
 193      0.0662        1.0000  |    0.5520/  0.6259/  0.6416            0.6416           0.4328     0.0096  |       0.5029      0.2033
 194      0.0657        0.9999  |    0.5778/  0.6190/  0.6313            0.6313           0.4287     0.0088  |       0.5016      0.2033
 195      0.0657        1.0000  |    0.5889/  0.6215/  0.6341            0.6341           0.4313     0.0095  |       0.5015      0.2033
 196      0.0656        1.0000  |    0.5602/  0.6221/  0.6376            0.6376           0.4303     0.0166  |       0.5017      0.2033
 197      0.0653        1.0000  |    0.5689/  0.6217/  0.6352            0.6352           0.4307     0.0189  |       0.5002      0.2033
 198      0.0653        1.0000  |    0.5594/  0.6266/  0.6407            0.6407           0.4307     0.0056  |       0.4998      0.2033
 199      0.0651        1.0000  |    0.5593/  0.6263/  0.6406            0.6406           0.4316     0.0018  |       0.5000      0.2033
 200      0.0633        0.9994  |    0.5711/  0.6049/  0.6218            0.6218           0.3959     0.0078  |       0.5002      0.2033
 201      0.0632        1.0000  |    0.5712/  0.6109/  0.6247            0.6247           0.3992     0.0106  |       0.4994      0.2033
 202      0.0628        0.9979  |    0.5002/  0.5686/  0.5864            0.5864           0.3046     0.0109  |       0.4987      0.2033
 203      0.0627        1.0000  |    0.5275/  0.5728/  0.5853            0.5853           0.3028     0.0160  |       0.4992      0.2033
 204      0.0625        1.0000  |    0.4705/  0.5681/  0.5871            0.5871           0.3007     0.0052  |       0.4980      0.2033
 205      0.0623        1.0000  |    0.5175/  0.5635/  0.5779            0.5779           0.3004     0.0047  |       0.4953      0.2033
 206      0.0623        1.0000  |    0.5113/  0.5678/  0.5859            0.5859           0.3059     0.0093  |       0.4967      0.2033
 207      0.0622        1.0000  |    0.5268/  0.5722/  0.5888            0.5888           0.3056     0.0148  |       0.4968      0.2033
 208      0.0622        1.0000  |    0.4896/  0.5695/  0.5835            0.5835           0.3073     0.0104  |       0.4970      0.2033
 209      0.0608        0.9941  |    0.5407/  0.5838/  0.5988            0.5988           0.3345     0.0068  |       0.4963      0.2033
 210      0.0595        0.9896  |    0.4554/  0.5358/  0.5556            0.5556           0.2661     0.0074  |       0.4965      0.2033
 211      0.0594        1.0000  |    0.4783/  0.5571/  0.5764            0.5764           0.2660     0.0101  |       0.4959      0.2033
 212      0.0610        0.9965  |    0.4919/  0.5307/  0.5470            0.5470           0.2483     0.0069  |       0.4956      0.2033
 213      0.0594        0.9964  |    0.4505/  0.5374/  0.5590            0.5590           0.2646     0.0058  |       0.4961      0.2033
 214      0.0593        1.0000  |    0.4677/  0.5433/  0.5603            0.5603           0.2646     0.0101  |       0.4965      0.2033
 215      0.0593        1.0000  |    0.4895/  0.5337/  0.5550            0.5550           0.2646     0.0116  |       0.4968      0.2033
 216      0.0593        1.0000  |    0.4741/  0.5420/  0.5599            0.5599           0.2646     0.0116  |       0.4970      0.2033
 217      0.0593        1.0000  |    0.4220/  0.5333/  0.5514            0.5514           0.2646     0.0106  |       0.4977      0.2033
 218      0.0593        1.0000  |    0.4795/  0.5340/  0.5589            0.5589           0.2646     0.0098  |       0.4971      0.2033
 219      0.0592        1.0000  |    0.4603/  0.5438/  0.5598            0.5598           0.2664     0.0066  |       0.4967      0.2033
 220      0.0594        1.0000  |    0.5008/  0.5488/  0.5660            0.5660           0.2643     0.0062  |       0.4965      0.2033
 221      0.0594        1.0000  |    0.4693/  0.5395/  0.5598            0.5598           0.2643     0.0123  |       0.4969      0.2033
 222      0.0594        1.0000  |    0.4298/  0.5412/  0.5630            0.5630           0.2656     0.0143  |       0.4969      0.2033
 223      0.0594        1.0000  |    0.4784/  0.5465/  0.5687            0.5687           0.2673     0.0097  |       0.4971      0.2033
 224      0.0594        1.0000  |    0.4336/  0.5514/  0.5698            0.5698           0.2673     0.0063  |       0.4972      0.2033
 225      0.0594        1.0000  |    0.4828/  0.5474/  0.5640            0.5640           0.2656     0.0083  |       0.4969      0.2033
 226      0.0594        1.0000  |    0.4728/  0.5487/  0.5653            0.5653           0.2656     0.0063  |       0.4967      0.2033
 227      0.0594        1.0000  |    0.4980/  0.5509/  0.5665            0.5665           0.2638     0.0122  |       0.4969      0.2033
 228      0.0596        1.0000  |    0.4759/  0.5437/  0.5620            0.5620           0.2636     0.0108  |       0.4967      0.2033
 229      0.0591        0.9977  |    0.5457/  0.5957/  0.6095            0.6095           0.3714     0.0044  |       0.4971      0.2033
 230      0.0591        1.0000  |    0.5460/  0.5943/  0.6106            0.6106           0.3684     0.0100  |       0.4970      0.2033
 231      0.0591        1.0000  |    0.5089/  0.5896/  0.6049            0.6049           0.3661     0.0097  |       0.4970      0.2033
 232      0.0591        1.0000  |    0.5301/  0.5990/  0.6132            0.6132           0.3666     0.0043  |       0.4973      0.2033
 233      0.0591        1.0000  |    0.5000/  0.5926/  0.6085            0.6085           0.3649     0.0086  |       0.4967      0.2033
 234      0.0591        1.0000  |    0.5568/  0.5901/  0.6018            0.6018           0.3630     0.0080  |       0.4961      0.2033
 235      0.0613        0.9947  |    0.5006/  0.5825/  0.5987            0.5987           0.3379     0.0100  |       0.4966      0.2033
 236      0.0613        1.0000  |    0.5466/  0.5844/  0.6017            0.6017           0.3372     0.0108  |       0.4960      0.2033
 237      0.0613        1.0000  |    0.5206/  0.5866/  0.6004            0.6004           0.3372     0.0030  |       0.4956      0.2033
 238      0.0613        1.0000  |    0.5108/  0.5802/  0.6000            0.6000           0.3372     0.0131  |       0.4943      0.2033
 239      0.0613        1.0000  |    0.5495/  0.5911/  0.6047            0.6047           0.3394     0.0131  |       0.4951      0.2033
 240      0.0591        0.9947  |    0.5328/  0.5890/  0.6038            0.6038           0.3632     0.0061  |       0.4956      0.2033
 241      0.0597        0.9977  |    0.4233/  0.5384/  0.5567            0.5567           0.2522     0.0064  |       0.4957      0.2033
 242      0.0596        1.0000  |    0.4642/  0.5402/  0.5572            0.5572           0.2529     0.0125  |       0.4954      0.2033
 243      0.0590        0.9991  |    0.4707/  0.5525/  0.5705            0.5705           0.2848     0.0056  |       0.4949      0.2033
 244      0.0591        0.9970  |    0.5206/  0.5921/  0.6056            0.6056           0.3413     0.0077  |       0.4947      0.2033
 245      0.0590        1.0000  |    0.5157/  0.5900/  0.6082            0.6082           0.3412     0.0030  |       0.4945      0.2032
 246      0.0587        1.0000  |    0.5303/  0.5892/  0.6046            0.6046           0.3398     0.0123  |       0.4943      0.2032
 247      0.0587        1.0000  |    0.5344/  0.5954/  0.6119            0.6119           0.3390     0.0115  |       0.4942      0.2032
 248      0.0587        1.0000  |    0.5336/  0.5979/  0.6120            0.6120           0.3376     0.0093  |       0.4939      0.2032
 249      0.0586        1.0000  |    0.5273/  0.5876/  0.6036            0.6036           0.3405     0.0136  |       0.4936      0.2032
 250      0.0586        1.0000  |    0.4837/  0.5938/  0.6119            0.6119           0.3399     0.0021  |       0.4933      0.2032
 251      0.0589        1.0000  |    0.5092/  0.5864/  0.6027            0.6027           0.3375     0.0117  |       0.4933      0.2032
 252      0.0591        1.0000  |    0.5259/  0.5927/  0.6095            0.6095           0.3356     0.0105  |       0.4934      0.2032
 253      0.0591        1.0000  |    0.5019/  0.5940/  0.6098            0.6098           0.3369     0.0050  |       0.4925      0.2032
 254      0.0593        1.0000  |    0.5093/  0.5939/  0.6075            0.6075           0.3358     0.0022  |       0.4931      0.2032
 255      0.0626        0.9961  |    0.5151/  0.5821/  0.6001            0.6001           0.3391     0.0084  |       0.4932      0.2032
 256      0.0623        1.0000  |    0.5326/  0.5813/  0.5977            0.5977           0.3425     0.0113  |       0.4932      0.2032
 257      0.0623        1.0000  |    0.5162/  0.5838/  0.5977            0.5977           0.3446     0.0080  |       0.4932      0.2032
 258      0.0623        1.0000  |    0.5316/  0.5812/  0.5950            0.5950           0.3462     0.0107  |       0.4932      0.2032
 259      0.0625        1.0000  |    0.5340/  0.5782/  0.5929            0.5929           0.3441     0.0128  |       0.4932      0.2032
 260      0.0624        1.0000  |    0.5141/  0.5779/  0.5917            0.5917           0.3453     0.0130  |       0.4932      0.2032
 261      0.0624        1.0000  |    0.5382/  0.5859/  0.5982            0.5982           0.3493     0.0097  |       0.4933      0.2032
 262      0.0624        1.0000  |    0.5135/  0.5796/  0.5953            0.5953           0.3467     0.0142  |       0.4934      0.2032
 263      0.0623        1.0000  |    0.5399/  0.5835/  0.5998            0.5998           0.3461     0.0099  |       0.4934      0.2032
 264      0.0623        1.0000  |    0.5241/  0.5787/  0.5955            0.5955           0.3459     0.0103  |       0.4934      0.2032
 265      0.0621        1.0000  |    0.4958/  0.5861/  0.6023            0.6023           0.3435     0.0118  |       0.4936      0.2032
 266      0.0623        1.0000  |    0.4671/  0.5757/  0.5911            0.5911           0.3443     0.0035  |       0.4940      0.2032
 267      0.0626        1.0000  |    0.5028/  0.5810/  0.5968            0.5968           0.3400     0.0081  |       0.4940      0.2032
 268      0.0625        1.0000  |    0.5333/  0.5773/  0.5941            0.5941           0.3452     0.0120  |       0.4937      0.2032
 269      0.0625        1.0000  |    0.5363/  0.5741/  0.5890            0.5890           0.3438     0.0105  |       0.4940      0.2032
 270      0.0602        0.9979  |    0.5245/  0.5669/  0.5826            0.5826           0.3450     0.0133  |       0.4940      0.2032
 271      0.0603        1.0000  |    0.4754/  0.5710/  0.5886            0.5886           0.3437     0.0133  |       0.4944      0.2032
 272      0.0602        1.0000  |    0.5180/  0.5682/  0.5849            0.5849           0.3441     0.0044  |       0.4946      0.2032
 273      0.0602        1.0000  |    0.5157/  0.5621/  0.5768            0.5768           0.3441     0.0106  |       0.4949      0.2032
 274      0.0603        1.0000  |    0.5204/  0.5697/  0.5864            0.5864           0.3449     0.0116  |       0.4954      0.2032
 275      0.0602        1.0000  |    0.5260/  0.5672/  0.5820            0.5820           0.3449     0.0127  |       0.4957      0.2032
 276      0.0578        0.9942  |    0.5419/  0.5744/  0.5886            0.5886           0.3588     0.0119  |       0.4951      0.2032
 277      0.0578        1.0000  |    0.5337/  0.5745/  0.5889            0.5889           0.3609     0.0140  |       0.4962      0.2032
 278      0.0578        1.0000  |    0.5138/  0.5719/  0.5887            0.5887           0.3593     0.0079  |       0.4969      0.2032
 279      0.0577        1.0000  |    0.5194/  0.5731/  0.5900            0.5900           0.3616     0.0105  |       0.4962      0.2032
 280      0.0578        1.0000  |    0.5264/  0.5836/  0.5981            0.5981           0.3641     0.0102  |       0.4965      0.2032
 281      0.0578        1.0000  |    0.5294/  0.5726/  0.5873            0.5873           0.3628     0.0141  |       0.4969      0.2032
 282      0.0578        1.0000  |    0.5225/  0.5761/  0.5931            0.5931           0.3627     0.0035  |       0.4974      0.2032
 283      0.0574        1.0000  |    0.5535/  0.5821/  0.5957            0.5957           0.3661     0.0107  |       0.4979      0.2032
 284      0.0574        1.0000  |    0.5263/  0.5846/  0.6008            0.6008           0.3657     0.0075  |       0.4983      0.2032
 285      0.0574        1.0000  |    0.5176/  0.5744/  0.5891            0.5891           0.3637     0.0110  |       0.4982      0.2032
 286      0.0571        1.0000  |    0.4933/  0.5848/  0.5986            0.5986           0.3661     0.0071  |       0.4986      0.2032
 287      0.0571        1.0000  |    0.5308/  0.5847/  0.6002            0.6002           0.3678     0.0166  |       0.4992      0.2032
 288      0.0571        1.0000  |    0.5195/  0.5828/  0.5977            0.5977           0.3653     0.0064  |       0.5008      0.2032
 289      0.0572        1.0000  |    0.5405/  0.5844/  0.6031            0.6031           0.3664     0.0066  |       0.5020      0.2031
 290      0.0573        1.0000  |    0.5064/  0.5743/  0.5901            0.5901           0.3664     0.0173  |       0.5019      0.2031
 291      0.0573        1.0000  |    0.5030/  0.5805/  0.5965            0.5965           0.3649     0.0100  |       0.5043      0.2031
 292      0.0576        1.0000  |    0.5461/  0.5783/  0.5949            0.5949           0.3611     0.0104  |       0.5049      0.2031
 293      0.0575        1.0000  |    0.5454/  0.5759/  0.5906            0.5906           0.3631     0.0091  |       0.5048      0.2031
 294      0.0575        1.0000  |    0.5216/  0.5835/  0.5999            0.5999           0.3601     0.0067  |       0.5053      0.2031
 295      0.0572        1.0000  |    0.5181/  0.5876/  0.6024            0.6024           0.3605     0.0113  |       0.5064      0.2031
 296      0.0549        0.9962  |    0.5375/  0.6071/  0.6216            0.6216           0.4142     0.0094  |       0.5078      0.2031
 297      0.0548        1.0000  |    0.5628/  0.6097/  0.6268            0.6268           0.4158     0.0053  |       0.5092      0.2031
 298      0.0585        0.9933  |    0.5981/  0.6289/  0.6416            0.6416           0.4616     0.0091  |       0.5102      0.2031
 299      0.0582        1.0000  |    0.5931/  0.6237/  0.6373            0.6373           0.4608     0.0116  |       0.5108      0.2031
IMAGEIO FFMPEG_WRITER WARNING: input image is not divisible by macro_block_size=16, resizing from (320, 180) to (320, 192) to ensure video compatibility with most codecs and players. To prevent resizing, make your input image divisible by the macro_block_size or set the macro_block_size to 1 (risking incompatibility).

Saved 300 frames -> /home/ashwink/Documents/swms/SWM_copy/rollouts_5_per/expert-only/epoch14/epoch14_rollout0_failure.mp4
min dist(green_cube,blue_moon) over episode = 0.1988  ->  FAILURE
Full log written to /home/ashwink/Documents/swms/SWM_copy/rollouts_5_per/expert-only/epoch14/epoch14_rollout0_20260723_134432.log
Result json -> /home/ashwink/Documents/swms/SWM_copy/rollouts_5_per/expert-only/epoch14/epoch14_rollout0_result.json
