Checkpoint dir epoch: 14  Rollout: 2
Logging to /home/ashwink/Documents/swms/SWM_copy/rollouts_5_per/expert-only/epoch14/epoch14_rollout2_20260723_134700.log
Goal (fixed, steps 0-299): the green cube is touching the blue moon. the peg is touching the green cube.

Checkpoint: /home/ashwink/Documents/swms/SWM_copy/training/checkpoints_clip_full_finetuned_wider_hl/epoch_014.pt
  epoch=14  step=12870

Loading CLIP ViT-L/14 (datacomp_xl_s13b_b90k) + fine-tuned clip_state_dict ...
Parsing model identifier. Schema: None, Identifier: ViT-L-14
Loaded built-in ViT-L-14 model config.
Instantiating model architecture: CLIP
Loading full pretrained weights from: /home/ashwink/.cache/huggingface/hub/models--laion--CLIP-ViT-L-14-DataComp.XL-s13B-b90K/snapshots/84c9828e63dc9a9351d1fe637c346d4c1c4db341/open_clip_pytorch_model.bin
Final image preprocessing configuration set: {'size': (224, 224), 'mode': 'RGB', 'mean': (0.48145466, 0.4578275, 0.40821073), 'std': (0.26862954, 0.26130258, 0.27577711), 'interpolation': 'bicubic', 'resize_mode': 'shortest', 'fill_color': 0}
Model ViT-L-14 creation process complete.
Parsing tokenizer identifier. Schema: None, Identifier: ViT-L-14
Attempting to load config from built-in: ViT-L-14
Using default SimpleTokenizer.
z_star shape: torch.Size([768])

Loading action stats from /home/ashwink/full_data_5000/langtable/demos/ ...
  lo=[-0.03372681140899658, -0.03493623435497284]  hi=[0.03496786952018738, 0.03494429588317871]

Initializing LangTable env ...
Loading URDF plane.urdf
Loading URDF /home/ashwink/Documents/swms/.venv/lib/python3.10/site-packages/language_table/environments/utils/../../../language_table/environments/assets/workspace_real.urdf
Loading URDF xarm/xarm6_robot_white.urdf
Loading URDF /home/ashwink/Documents/swms/.venv/lib/python3.10/site-packages/language_table/environments/utils/../../../language_table/environments/assets/suction/cylinder_real.urdf
Loading URDF /home/ashwink/Documents/swms/.venv/lib/python3.10/site-packages/language_table/environments/utils/../../../language_table/environments/assets/blocks/red_moon.urdf
Loading URDF /home/ashwink/Documents/swms/.venv/lib/python3.10/site-packages/language_table/environments/utils/../../../language_table/environments/assets/blocks/red_cube.urdf
Loading URDF /home/ashwink/Documents/swms/.venv/lib/python3.10/site-packages/language_table/environments/utils/../../../language_table/environments/assets/blocks/red_star.urdf
Loading URDF /home/ashwink/Documents/swms/.venv/lib/python3.10/site-packages/language_table/environments/utils/../../../language_table/environments/assets/blocks/red_pentagon.urdf
Loading URDF /home/ashwink/Documents/swms/.venv/lib/python3.10/site-packages/language_table/environments/utils/../../../language_table/environments/assets/blocks/blue_moon.urdf
Loading URDF /home/ashwink/Documents/swms/.venv/lib/python3.10/site-packages/language_table/environments/utils/../../../language_table/environments/assets/blocks/blue_cube.urdf
Loading URDF /home/ashwink/Documents/swms/.venv/lib/python3.10/site-packages/language_table/environments/utils/../../../language_table/environments/assets/blocks/blue_star.urdf
Loading URDF /home/ashwink/Documents/swms/.venv/lib/python3.10/site-packages/language_table/environments/utils/../../../language_table/environments/assets/blocks/blue_pentagon.urdf
Loading URDF /home/ashwink/Documents/swms/.venv/lib/python3.10/site-packages/language_table/environments/utils/../../../language_table/environments/assets/blocks/yellow_moon.urdf
Loading URDF /home/ashwink/Documents/swms/.venv/lib/python3.10/site-packages/language_table/environments/utils/../../../language_table/environments/assets/blocks/yellow_cube.urdf
Loading URDF /home/ashwink/Documents/swms/.venv/lib/python3.10/site-packages/language_table/environments/utils/../../../language_table/environments/assets/blocks/yellow_star.urdf
Loading URDF /home/ashwink/Documents/swms/.venv/lib/python3.10/site-packages/language_table/environments/utils/../../../language_table/environments/assets/blocks/yellow_pentagon.urdf
Loading URDF /home/ashwink/Documents/swms/.venv/lib/python3.10/site-packages/language_table/environments/utils/../../../language_table/environments/assets/blocks/green_moon.urdf
Loading URDF /home/ashwink/Documents/swms/.venv/lib/python3.10/site-packages/language_table/environments/utils/../../../language_table/environments/assets/blocks/green_cube.urdf
Loading URDF /home/ashwink/Documents/swms/.venv/lib/python3.10/site-packages/language_table/environments/utils/../../../language_table/environments/assets/blocks/green_star.urdf
Loading URDF /home/ashwink/Documents/swms/.venv/lib/python3.10/site-packages/language_table/environments/utils/../../../language_table/environments/assets/blocks/green_pentagon.urdf
Loading URDF /home/ashwink/Documents/swms/.venv/lib/python3.10/site-packages/language_table/environments/utils/../../../language_table/environments/assets/blocks/purple_moon.urdf
Loading URDF /home/ashwink/Documents/swms/.venv/lib/python3.10/site-packages/language_table/environments/utils/../../../language_table/environments/assets/blocks/purple_cube.urdf
Loading URDF /home/ashwink/Documents/swms/.venv/lib/python3.10/site-packages/language_table/environments/utils/../../../language_table/environments/assets/blocks/purple_star.urdf
Loading URDF /home/ashwink/Documents/swms/.venv/lib/python3.10/site-packages/language_table/environments/utils/../../../language_table/environments/assets/blocks/purple_pentagon.urdf
Env ready.

Forced peg start: [0.42843915 0.24419614]  (green_cube=[0.40339102 0.18967466], blue_moon=[0.32039625 0.00902261])
  dist(peg,green_cube)=0.0600  dist(peg,blue_moon)=0.2588  dist(green_cube,blue_moon)=0.1988

step  cos(zt,z*)  cos(zt,zt-1)  |   cos(predK,z*) min/mean/max  cos(pred_sel,z*)   cos(zpred0,z*)  ||a_raw||  |  dist(peg,A)   dist(A,B)
-------------------------------------------------------------------------------------------------------------------------------------------------------------------------------
   0      0.0931           nan  |    0.5098/  0.7565/  0.7828            0.7828           0.6782     0.0239  |       0.0587      0.1988
   1      0.0996        0.9918  |    0.7401/  0.7688/  0.7793            0.7793           0.6695     0.0134  |       0.0563      0.1988
   2      0.1049        0.9908  |    0.7172/  0.7623/  0.7711            0.7711           0.6617     0.0048  |       0.0531      0.1988
   3      0.1016        0.9983  |    0.6992/  0.7644/  0.7773            0.7773           0.6638     0.0149  |       0.0544      0.1988
   4      0.1009        0.9913  |    0.7075/  0.7682/  0.7785            0.7785           0.6650     0.0111  |       0.0573      0.1988
   5      0.1125        0.9944  |    0.7266/  0.7697/  0.7797            0.7797           0.6640     0.0218  |       0.0623      0.1988
   6      0.1134        0.9754  |    0.7234/  0.7615/  0.7720            0.7720           0.6447     0.0146  |       0.0698      0.1988
   7      0.1148        0.9900  |    0.6690/  0.7346/  0.7481            0.7481           0.5978     0.0087  |       0.0837      0.1988
   8      0.1176        0.9785  |    0.7142/  0.7645/  0.7765            0.7765           0.6435     0.0204  |       0.0891      0.1988
   9      0.1123        0.9172  |    0.7081/  0.7694/  0.7840            0.7840           0.6527     0.0187  |       0.1039      0.1988
  10      0.1273        0.9530  |    0.6833/  0.7472/  0.7571            0.7571           0.6710     0.0017  |       0.1191      0.1988
  11      0.1237        0.9850  |    0.6600/  0.7380/  0.7490            0.7490           0.6443     0.0073  |       0.1191      0.1988
  12      0.1116        0.9829  |    0.6798/  0.7295/  0.7396            0.7396           0.6176     0.0034  |       0.1241      0.1988
  13      0.1043        0.9790  |    0.6902/  0.7189/  0.7279            0.7279           0.6159     0.0090  |       0.1267      0.1988
  14      0.1161        0.9613  |    0.6813/  0.7184/  0.7302            0.7302           0.5666     0.0113  |       0.1329      0.1988
  15      0.1065        0.9445  |    0.6013/  0.6900/  0.7055            0.7055           0.3599     0.0018  |       0.1425      0.1988
  16      0.0871        0.9850  |    0.5373/  0.6084/  0.6236            0.6236           0.0333     0.0092  |       0.1443      0.1988
  17      0.0646        0.9469  |    0.4355/  0.5045/  0.5240            0.5240          -0.0863     0.0204  |       0.1422      0.1988
  18      0.0969        0.8983  |    0.5962/  0.6292/  0.6400            0.6400           0.0356     0.0195  |       0.1385      0.1988
  19      0.0581        0.8790  |    0.4739/  0.5560/  0.5865            0.5865          -0.2144     0.0090  |       0.1386      0.1988
  20      0.0449        0.8894  |    0.4117/  0.4995/  0.5254            0.5254          -0.2126     0.0117  |       0.1430      0.1988
  21     -0.0003        0.8851  |    0.3125/  0.3820/  0.4005            0.4005          -0.2028     0.0265  |       0.1434      0.1988
  22      0.0322        0.8205  |    0.3272/  0.3726/  0.3900            0.3900          -0.2048     0.0280  |       0.1310      0.1988
  23     -0.0865        0.7567  |    0.0554/  0.0964/  0.1221            0.1221          -0.2068     0.0331  |       0.1240      0.1988
  24     -0.0474        0.8614  |    0.1394/  0.1776/  0.2010            0.2010          -0.2002     0.0259  |       0.1089      0.1988
  25     -0.0402        0.8626  |    0.1678/  0.2072/  0.2212            0.2212          -0.1969     0.0262  |       0.1146      0.1988
  26     -0.0484        0.8909  |    0.0776/  0.1067/  0.1246            0.1246          -0.1747     0.0250  |       0.1234      0.1988
  27     -0.0406        0.7926  |   -0.0507/ -0.0071/  0.0072            0.0072          -0.2702     0.0307  |       0.1324      0.1988
  28     -0.0645        0.8681  |   -0.2198/ -0.1956/ -0.1831           -0.1831          -0.2306     0.0243  |       0.1445      0.1988
  29     -0.0829        0.8642  |   -0.2397/ -0.2251/ -0.2188           -0.2188          -0.2558     0.0049  |       0.1584      0.1988
  30     -0.0812        0.9279  |   -0.2060/ -0.1961/ -0.1910           -0.1910          -0.2102     0.0132  |       0.1563      0.1988
  31     -0.0659        0.8971  |   -0.0335/  0.0119/  0.0442            0.0442          -0.2156     0.0151  |       0.1580      0.1988
  32     -0.0263        0.8641  |    0.2156/  0.2517/  0.2671            0.2671          -0.1080     0.0256  |       0.1632      0.1988
  33      0.0327        0.7592  |    0.1330/  0.1550/  0.1678            0.1678          -0.2209     0.0353  |       0.1636      0.1988
  34     -0.0564        0.6759  |   -0.1809/ -0.1655/ -0.1560           -0.1560          -0.2383     0.0229  |       0.1761      0.1988
  35     -0.0287        0.7683  |   -0.2811/ -0.2661/ -0.2534           -0.2534          -0.3427     0.0173  |       0.1957      0.1988
  36     -0.0426        0.7550  |   -0.2900/ -0.2722/ -0.2598           -0.2598          -0.3242     0.0075  |       0.2103      0.1988
  37      0.0444        0.7605  |   -0.2226/ -0.1970/ -0.1737           -0.1737          -0.2698     0.0080  |       0.2081      0.1988
  38      0.0040        0.8641  |   -0.3227/ -0.2893/ -0.2720           -0.2720          -0.3565     0.0200  |       0.2043      0.1988
  39     -0.0382        0.7716  |   -0.1979/ -0.1615/ -0.1245           -0.1245          -0.3014     0.0187  |       0.1952      0.1988
  40     -0.0638        0.7998  |   -0.1990/ -0.1818/ -0.1700           -0.1700          -0.1975     0.0172  |       0.1782      0.1988
  41      0.0105        0.7685  |   -0.1630/ -0.1408/ -0.1275           -0.1275          -0.2038     0.0068  |       0.1710      0.1988
  42     -0.0220        0.9326  |   -0.1801/ -0.1648/ -0.1547           -0.1547          -0.2162     0.0069  |       0.1699      0.1988
  43     -0.0418        0.8886  |   -0.1940/ -0.1446/ -0.1361           -0.1361          -0.1971     0.0227  |       0.1761      0.1988
  44     -0.0475        0.7523  |   -0.2275/ -0.2135/ -0.2029           -0.2029          -0.2524     0.0028  |       0.1924      0.1988
  45     -0.0513        0.9241  |   -0.2554/ -0.2217/ -0.1957           -0.1957          -0.3074     0.0129  |       0.1936      0.1988
  46     -0.0232        0.8627  |   -0.2909/ -0.2661/ -0.2458           -0.2458          -0.3228     0.0100  |       0.2035      0.1988
  47     -0.0138        0.8764  |   -0.2185/ -0.1914/ -0.1647           -0.1647          -0.3125     0.0111  |       0.1994      0.1988
  48     -0.0459        0.9045  |   -0.2643/ -0.2446/ -0.2261           -0.2261          -0.3021     0.0188  |       0.1890      0.1988
  49     -0.0541        0.8356  |   -0.2119/ -0.1967/ -0.1858           -0.1858          -0.2799     0.0066  |       0.1712      0.1988
  50     -0.0995        0.8399  |   -0.1491/ -0.1350/ -0.1247           -0.1247          -0.1853     0.0131  |       0.1643      0.1988
  51     -0.1146        0.8574  |   -0.1927/ -0.1513/ -0.1432           -0.1432          -0.2531     0.0054  |       0.1602      0.1988
  52     -0.1011        0.8971  |   -0.1888/ -0.1518/ -0.1416           -0.1416          -0.2316     0.0106  |       0.1628      0.1988
  53     -0.1129        0.8824  |   -0.1953/ -0.1507/ -0.1370           -0.1370          -0.3364     0.0095  |       0.1551      0.1988
  54     -0.0780        0.8248  |   -0.1738/ -0.1582/ -0.1491           -0.1491          -0.2485     0.0040  |       0.1517      0.1988
  55     -0.0683        0.9116  |   -0.2172/ -0.1963/ -0.1780           -0.1780          -0.3189     0.0074  |       0.1548      0.1988
  56     -0.0727        0.9095  |   -0.1928/ -0.1780/ -0.1701           -0.1701          -0.2564     0.0056  |       0.1484      0.1988
  57     -0.0355        0.9148  |   -0.1746/ -0.1520/ -0.1445           -0.1445          -0.2724     0.0212  |       0.1528      0.1988
  58     -0.1003        0.7579  |   -0.1796/ -0.1604/ -0.1511           -0.1511          -0.2390     0.0136  |       0.1491      0.1988
  59     -0.0853        0.8198  |   -0.0676/ -0.0400/ -0.0184           -0.0184          -0.2531     0.0119  |       0.1413      0.1988
  60     -0.0919        0.8124  |    0.3476/  0.3860/  0.4220            0.4220          -0.1742     0.0350  |       0.1418      0.1988
  61     -0.0249        0.6753  |    0.3375/  0.3683/  0.3837            0.3837          -0.2247     0.0313  |       0.1234      0.1988
  62     -0.0473        0.8681  |    0.1336/  0.1742/  0.1989            0.1989          -0.2204     0.0333  |       0.0953      0.1988
  63      0.0152        0.7841  |    0.0454/  0.0680/  0.0875            0.0875          -0.2179     0.0262  |       0.0648      0.1988
  64      0.0388        0.8423  |    0.3813/  0.4380/  0.4536            0.4536          -0.1875     0.0357  |       0.0466      0.1988
  65      0.0662        0.8265  |    0.5505/  0.6677/  0.6842            0.6842          -0.0344     0.0278  |       0.0514      0.1988
  66      0.0454        0.8729  |    0.2242/  0.2616/  0.2770            0.2770          -0.1683     0.0255  |       0.0702      0.1988
  67      0.0319        0.8783  |    0.0957/  0.1498/  0.1644            0.1644          -0.1761     0.0352  |       0.0874      0.1988
  68      0.0214        0.7832  |    0.0365/  0.0740/  0.1072            0.1072          -0.2099     0.0364  |       0.1207      0.1988
  69     -0.0489        0.7136  |    0.1842/  0.2082/  0.2259            0.2259          -0.2513     0.0320  |       0.1569      0.1988
  70     -0.0427        0.7721  |    0.2128/  0.2288/  0.2421            0.2421          -0.3069     0.0386  |       0.1880      0.1988
  71     -0.0085        0.8565  |    0.1656/  0.1932/  0.2076            0.2076          -0.2124     0.0448  |       0.2256      0.1988
  72      0.0020        0.6779  |    0.2156/  0.2493/  0.2649            0.2649          -0.2187     0.0417  |       0.2692      0.1988
  73      0.0903        0.7466  |    0.4220/  0.4420/  0.4585            0.4585          -0.3466     0.0422  |       0.3103      0.1988
  74      0.1090        0.9357  |    0.4392/  0.4589/  0.4678            0.4678          -0.3208     0.0461  |       0.3517      0.1988
  75      0.0838        0.9288  |    0.3229/  0.3661/  0.3805            0.3805          -0.2967     0.0448  |       0.3936      0.1988
  76      0.0758        0.9795  |    0.3803/  0.4080/  0.4243            0.4243          -0.2485     0.0390  |       0.4212      0.1988
  77      0.0814        0.9883  |    0.3948/  0.4216/  0.4363            0.4363          -0.2289     0.0436  |       0.4435      0.1988
  78      0.0772        0.9859  |    0.4046/  0.4293/  0.4479            0.4479          -0.0866     0.0408  |       0.4717      0.1988
  79      0.0912        0.9831  |    0.4343/  0.4487/  0.4683            0.4683           0.0056     0.0388  |       0.5004      0.1988
  80      0.1223        0.9413  |    0.5342/  0.5691/  0.5840            0.5840           0.2011     0.0314  |       0.5269      0.1988
  81      0.1043        0.9671  |    0.5957/  0.6657/  0.6764            0.6764           0.4574     0.0192  |       0.5511      0.1988
  82      0.1043        1.0000  |    0.5862/  0.6693/  0.6805            0.6805           0.4574     0.0155  |       0.5536      0.1988
  83      0.1043        1.0000  |    0.6093/  0.6695/  0.6789            0.6789           0.4574     0.0127  |       0.5539      0.1988
  84      0.1043        1.0000  |    0.6318/  0.6681/  0.6781            0.6781           0.4574     0.0183  |       0.5538      0.1988
  85      0.1043        1.0000  |    0.5958/  0.6694/  0.6780            0.6780           0.4574     0.0115  |       0.5538      0.1988
  86      0.1043        1.0000  |    0.6123/  0.6684/  0.6780            0.6780           0.4574     0.0179  |       0.5538      0.1988
  87      0.1043        1.0000  |    0.5489/  0.6701/  0.6806            0.6806           0.4574     0.0188  |       0.5539      0.1988
  88      0.1043        1.0000  |    0.6222/  0.6719/  0.6801            0.6801           0.4574     0.0098  |       0.5539      0.1988
  89      0.1043        1.0000  |    0.6431/  0.6727/  0.6820            0.6820           0.4574     0.0148  |       0.5538      0.1988
  90      0.1043        1.0000  |    0.6337/  0.6691/  0.6793            0.6793           0.4574     0.0149  |       0.5538      0.1988
  91      0.1043        1.0000  |    0.6294/  0.6681/  0.6763            0.6763           0.4574     0.0131  |       0.5539      0.1988
  92      0.1043        1.0000  |    0.6231/  0.6699/  0.6796            0.6796           0.4574     0.0125  |       0.5539      0.1988
  93      0.1043        1.0000  |    0.6297/  0.6721/  0.6810            0.6810           0.4574     0.0176  |       0.5539      0.1988
  94      0.1043        1.0000  |    0.6142/  0.6739/  0.6819            0.6819           0.4574     0.0109  |       0.5538      0.1988
  95      0.1043        1.0000  |    0.6451/  0.6708/  0.6810            0.6810           0.4574     0.0164  |       0.5537      0.1988
  96      0.1043        1.0000  |    0.6166/  0.6704/  0.6790            0.6790           0.4574     0.0044  |       0.5537      0.1988
  97      0.1043        1.0000  |    0.6383/  0.6690/  0.6790            0.6790           0.4574     0.0241  |       0.5537      0.1988
  98      0.1043        1.0000  |    0.5961/  0.6698/  0.6799            0.6799           0.4574     0.0114  |       0.5538      0.1988
  99      0.1043        1.0000  |    0.6426/  0.6705/  0.6793            0.6793           0.4574     0.0101  |       0.5539      0.1988
 100      0.1043        1.0000  |    0.6273/  0.6712/  0.6807            0.6807           0.4574     0.0199  |       0.5539      0.1988
 101      0.1043        1.0000  |    0.6340/  0.6737/  0.6828            0.6828           0.4574     0.0120  |       0.5539      0.1988
 102      0.1043        1.0000  |    0.6276/  0.6720/  0.6819            0.6819           0.4574     0.0113  |       0.5538      0.1988
 103      0.1043        1.0000  |    0.6077/  0.6721/  0.6806            0.6806           0.4574     0.0148  |       0.5538      0.1988
 104      0.1043        1.0000  |    0.5885/  0.6702/  0.6803            0.6803           0.4574     0.0177  |       0.5537      0.1988
 105      0.1043        1.0000  |    0.5911/  0.6691/  0.6783            0.6783           0.4574     0.0146  |       0.5537      0.1988
 106      0.1043        1.0000  |    0.6150/  0.6704/  0.6797            0.6797           0.4574     0.0145  |       0.5537      0.1988
 107      0.1043        1.0000  |    0.6102/  0.6706/  0.6797            0.6797           0.4574     0.0182  |       0.5537      0.1988
 108      0.1043        1.0000  |    0.6220/  0.6695/  0.6791            0.6791           0.4574     0.0043  |       0.5538      0.1988
 109      0.1043        1.0000  |    0.6364/  0.6697/  0.6788            0.6788           0.4574     0.0185  |       0.5538      0.1988
 110      0.1043        1.0000  |    0.6309/  0.6695/  0.6785            0.6785           0.4574     0.0180  |       0.5539      0.1988
 111      0.1043        1.0000  |    0.6378/  0.6702/  0.6793            0.6793           0.4574     0.0091  |       0.5539      0.1988
 112      0.1043        1.0000  |    0.6125/  0.6718/  0.6817            0.6817           0.4574     0.0195  |       0.5539      0.1988
 113      0.1043        1.0000  |    0.6411/  0.6720/  0.6815            0.6815           0.4574     0.0127  |       0.5538      0.1988
 114      0.1043        1.0000  |    0.6366/  0.6699/  0.6802            0.6802           0.4574     0.0191  |       0.5538      0.1988
 115      0.1043        1.0000  |    0.6407/  0.6717/  0.6800            0.6800           0.4574     0.0116  |       0.5537      0.1988
 116      0.1043        1.0000  |    0.6344/  0.6717/  0.6801            0.6801           0.4574     0.0181  |       0.5537      0.1988
 117      0.1043        1.0000  |    0.6379/  0.6711/  0.6804            0.6804           0.4574     0.0181  |       0.5538      0.1988
 118      0.1043        1.0000  |    0.6292/  0.6717/  0.6815            0.6815           0.4574     0.0129  |       0.5538      0.1988
 119      0.1043        1.0000  |    0.6482/  0.6700/  0.6790            0.6790           0.4574     0.0195  |       0.5539      0.1988
 120      0.1043        1.0000  |    0.6328/  0.6739/  0.6816            0.6816           0.4574     0.0069  |       0.5539      0.1988
 121      0.1043        1.0000  |    0.6402/  0.6720/  0.6806            0.6806           0.4574     0.0182  |       0.5539      0.1988
 122      0.1043        1.0000  |    0.6246/  0.6705/  0.6789            0.6789           0.4574     0.0084  |       0.5539      0.1988
 123      0.1043        1.0000  |    0.6421/  0.6727/  0.6814            0.6814           0.4574     0.0199  |       0.5538      0.1988
 124      0.1043        1.0000  |    0.6344/  0.6686/  0.6791            0.6791           0.4574     0.0128  |       0.5538      0.1988
 125      0.1043        1.0000  |    0.6243/  0.6700/  0.6794            0.6794           0.4574     0.0154  |       0.5537      0.1988
 126      0.1043        1.0000  |    0.6186/  0.6718/  0.6822            0.6822           0.4574     0.0205  |       0.5537      0.1988
 127      0.1043        1.0000  |    0.6352/  0.6721/  0.6826            0.6826           0.4574     0.0115  |       0.5538      0.1988
 128      0.1043        1.0000  |    0.6448/  0.6747/  0.6834            0.6834           0.4574     0.0132  |       0.5538      0.1988
 129      0.1043        1.0000  |    0.6272/  0.6724/  0.6806            0.6806           0.4574     0.0137  |       0.5539      0.1988
 130      0.1043        1.0000  |    0.6283/  0.6699/  0.6804            0.6804           0.4574     0.0099  |       0.5540      0.1988
 131      0.1043        1.0000  |    0.6058/  0.6719/  0.6798            0.6798           0.4574     0.0157  |       0.5539      0.1988
 132      0.1043        1.0000  |    0.6345/  0.6738/  0.6829            0.6829           0.4573     0.0152  |       0.5539      0.1988
 133      0.1043        1.0000  |    0.6492/  0.6722/  0.6802            0.6802           0.4573     0.0115  |       0.5538      0.1988
 134      0.1043        1.0000  |    0.6324/  0.6723/  0.6821            0.6821           0.4573     0.0070  |       0.5537      0.1988
 135      0.1043        1.0000  |    0.6450/  0.6721/  0.6815            0.6815           0.4573     0.0125  |       0.5537      0.1988
 136      0.1043        1.0000  |    0.6384/  0.6711/  0.6805            0.6805           0.4573     0.0163  |       0.5538      0.1988
 137      0.1043        1.0000  |    0.6275/  0.6733/  0.6829            0.6829           0.4573     0.0109  |       0.5539      0.1988
 138      0.1043        1.0000  |    0.6470/  0.6723/  0.6811            0.6811           0.4573     0.0208  |       0.5539      0.1988
 139      0.1043        1.0000  |    0.6359/  0.6707/  0.6804            0.6804           0.4573     0.0054  |       0.5539      0.1988
 140      0.1043        1.0000  |    0.6292/  0.6693/  0.6822            0.6822           0.4573     0.0131  |       0.5535      0.1988
 141      0.1043        1.0000  |    0.5986/  0.6709/  0.6793            0.6793           0.4573     0.0113  |       0.5538      0.1988
 142      0.1043        1.0000  |    0.6463/  0.6709/  0.6795            0.6795           0.4573     0.0053  |       0.5539      0.1988
 143      0.1043        1.0000  |    0.6408/  0.6712/  0.6799            0.6799           0.4573     0.0141  |       0.5533      0.1988
 144      0.1043        1.0000  |    0.6014/  0.6687/  0.6788            0.6788           0.4573     0.0123  |       0.5539      0.1988
 145      0.1043        1.0000  |    0.6262/  0.6713/  0.6814            0.6814           0.4573     0.0182  |       0.5539      0.1988
 146      0.1043        1.0000  |    0.6435/  0.6706/  0.6815            0.6815           0.4573     0.0132  |       0.5539      0.1988
 147      0.1043        1.0000  |    0.6138/  0.6722/  0.6835            0.6836           0.4573     0.0124  |       0.5539      0.1988
 148      0.1043        1.0000  |    0.6435/  0.6749/  0.6828            0.6828           0.4573     0.0148  |       0.5540      0.1988
 149      0.1043        1.0000  |    0.6146/  0.6755/  0.6848            0.6848           0.4573     0.0120  |       0.5540      0.1988
 150      0.1043        1.0000  |    0.6497/  0.6726/  0.6810            0.6810           0.4574     0.0123  |       0.5539      0.1988
 151      0.1043        1.0000  |    0.6222/  0.6735/  0.6837            0.6837           0.4574     0.0067  |       0.5539      0.1988
 152      0.1043        1.0000  |    0.6373/  0.6725/  0.6824            0.6824           0.4574     0.0200  |       0.5539      0.1988
 153      0.1043        1.0000  |    0.6193/  0.6722/  0.6811            0.6811           0.4574     0.0117  |       0.5540      0.1988
 154      0.1043        1.0000  |    0.6029/  0.6718/  0.6806            0.6806           0.4574     0.0145  |       0.5540      0.1988
 155      0.1043        1.0000  |    0.6063/  0.6696/  0.6791            0.6791           0.4574     0.0140  |       0.5539      0.1988
 156      0.1043        1.0000  |    0.6301/  0.6701/  0.6787            0.6787           0.4574     0.0123  |       0.5513      0.1988
 157      0.1043        1.0000  |    0.6331/  0.6703/  0.6806            0.6806           0.4574     0.0138  |       0.5537      0.1988
 158      0.1043        1.0000  |    0.6353/  0.6698/  0.6795            0.6795           0.4574     0.0201  |       0.5539      0.1988
 159      0.1043        1.0000  |    0.6414/  0.6719/  0.6818            0.6818           0.4574     0.0129  |       0.5540      0.1988
 160      0.1043        1.0000  |    0.6326/  0.6718/  0.6838            0.6838           0.4574     0.0186  |       0.5540      0.1988
 161      0.1043        1.0000  |    0.6491/  0.6736/  0.6820            0.6820           0.4574     0.0185  |       0.5540      0.1988
 162      0.1042        1.0000  |    0.6054/  0.6740/  0.6834            0.6834           0.4572     0.0172  |       0.5539      0.1988
 163      0.1042        1.0000  |    0.5977/  0.6732/  0.6833            0.6833           0.4571     0.0146  |       0.5539      0.1988
 164      0.1042        1.0000  |    0.6448/  0.6732/  0.6807            0.6808           0.4571     0.0127  |       0.5539      0.1988
 165      0.1042        1.0000  |    0.6217/  0.6747/  0.6835            0.6835           0.4572     0.0084  |       0.5539      0.1988
 166      0.1042        1.0000  |    0.6274/  0.6740/  0.6835            0.6835           0.4571     0.0071  |       0.5540      0.1988
 167      0.1042        1.0000  |    0.6171/  0.6700/  0.6794            0.6794           0.4571     0.0159  |       0.5540      0.1988
 168      0.1042        1.0000  |    0.6234/  0.6714/  0.6807            0.6807           0.4571     0.0167  |       0.5540      0.1988
 169      0.1042        1.0000  |    0.6370/  0.6707/  0.6801            0.6801           0.4571     0.0091  |       0.5540      0.1988
 170      0.1042        1.0000  |    0.6038/  0.6702/  0.6818            0.6818           0.4571     0.0162  |       0.5540      0.1988
 171      0.1042        1.0000  |    0.6311/  0.6718/  0.6827            0.6827           0.4571     0.0194  |       0.5540      0.1988
 172      0.1042        1.0000  |    0.6244/  0.6727/  0.6830            0.6830           0.4571     0.0151  |       0.5540      0.1988
 173      0.1042        1.0000  |    0.6331/  0.6709/  0.6809            0.6809           0.4571     0.0116  |       0.5539      0.1988
 174      0.1042        1.0000  |    0.5730/  0.6722/  0.6815            0.6815           0.4571     0.0123  |       0.5539      0.1988
 175      0.1042        1.0000  |    0.5871/  0.6717/  0.6807            0.6807           0.4571     0.0127  |       0.5539      0.1988
 176      0.1042        1.0000  |    0.6133/  0.6694/  0.6796            0.6796           0.4571     0.0142  |       0.5539      0.1988
 177      0.1043        1.0000  |    0.6171/  0.6713/  0.6799            0.6799           0.4573     0.0155  |       0.5538      0.1988
 178      0.1042        1.0000  |    0.6172/  0.6716/  0.6809            0.6809           0.4571     0.0181  |       0.5538      0.1988
 179      0.1042        1.0000  |    0.6292/  0.6736/  0.6825            0.6825           0.4571     0.0116  |       0.5539      0.1988
 180      0.1042        1.0000  |    0.6349/  0.6711/  0.6811            0.6811           0.4571     0.0150  |       0.5539      0.1988
 181      0.1042        1.0000  |    0.6155/  0.6727/  0.6820            0.6820           0.4571     0.0148  |       0.5539      0.1988
 182      0.1042        1.0000  |    0.6381/  0.6722/  0.6825            0.6825           0.4571     0.0088  |       0.5540      0.1988
 183      0.1042        1.0000  |    0.6321/  0.6700/  0.6787            0.6787           0.4571     0.0210  |       0.5540      0.1988
 184      0.1042        1.0000  |    0.6338/  0.6716/  0.6836            0.6836           0.4571     0.0118  |       0.5540      0.1988
 185      0.1042        1.0000  |    0.6306/  0.6728/  0.6819            0.6819           0.4572     0.0173  |       0.5540      0.1988
 186      0.1042        1.0000  |    0.6407/  0.6712/  0.6807            0.6807           0.4572     0.0144  |       0.5541      0.1988
 187      0.1042        1.0000  |    0.6233/  0.6748/  0.6836            0.6836           0.4572     0.0181  |       0.5540      0.1988
 188      0.1042        1.0000  |    0.6286/  0.6729/  0.6815            0.6815           0.4571     0.0120  |       0.5540      0.1988
 189      0.1042        1.0000  |    0.6051/  0.6704/  0.6799            0.6799           0.4571     0.0100  |       0.5540      0.1988
 190      0.1042        1.0000  |    0.6240/  0.6704/  0.6793            0.6793           0.4571     0.0201  |       0.5539      0.1988
 191      0.1043        1.0000  |    0.6370/  0.6733/  0.6834            0.6834           0.4573     0.0184  |       0.5539      0.1988
 192      0.1042        1.0000  |    0.6305/  0.6721/  0.6797            0.6797           0.4571     0.0058  |       0.5539      0.1988
 193      0.1042        1.0000  |    0.6377/  0.6731/  0.6837            0.6837           0.4571     0.0181  |       0.5539      0.1988
 194      0.1042        1.0000  |    0.6121/  0.6706/  0.6797            0.6797           0.4571     0.0097  |       0.5538      0.1988
 195      0.1042        1.0000  |    0.6345/  0.6701/  0.6784            0.6784           0.4571     0.0137  |       0.5538      0.1988
 196      0.1042        1.0000  |    0.6357/  0.6692/  0.6776            0.6776           0.4571     0.0147  |       0.5538      0.1988
 197      0.1042        1.0000  |    0.6177/  0.6703/  0.6807            0.6807           0.4571     0.0221  |       0.5538      0.1988
 198      0.1042        1.0000  |    0.6215/  0.6702/  0.6796            0.6796           0.4571     0.0118  |       0.5539      0.1988
 199      0.1042        1.0000  |    0.5887/  0.6702/  0.6796            0.6796           0.4571     0.0127  |       0.5539      0.1988
 200      0.1042        1.0000  |    0.5931/  0.6686/  0.6790            0.6790           0.4571     0.0179  |       0.5533      0.1988
 201      0.1043        1.0000  |    0.6459/  0.6702/  0.6788            0.6788           0.4573     0.0083  |       0.5539      0.1988
 202      0.1043        1.0000  |    0.6422/  0.6710/  0.6822            0.6822           0.4573     0.0160  |       0.5540      0.1988
 203      0.1042        1.0000  |    0.6207/  0.6735/  0.6824            0.6824           0.4572     0.0167  |       0.5540      0.1988
 204      0.1042        1.0000  |    0.6400/  0.6730/  0.6826            0.6826           0.4572     0.0134  |       0.5540      0.1988
 205      0.1042        1.0000  |    0.5924/  0.6723/  0.6822            0.6822           0.4572     0.0106  |       0.5540      0.1988
 206      0.1042        1.0000  |    0.6319/  0.6721/  0.6815            0.6815           0.4572     0.0144  |       0.5540      0.1988
 207      0.1042        1.0000  |    0.6305/  0.6717/  0.6814            0.6814           0.4572     0.0156  |       0.5540      0.1988
 208      0.1042        1.0000  |    0.5780/  0.6700/  0.6795            0.6795           0.4572     0.0096  |       0.5541      0.1988
 209      0.1042        1.0000  |    0.5895/  0.6705/  0.6821            0.6821           0.4571     0.0111  |       0.5541      0.1988
 210      0.1043        1.0000  |    0.6097/  0.6733/  0.6830            0.6830           0.4573     0.0186  |       0.5541      0.1988
 211      0.1043        1.0000  |    0.6403/  0.6740/  0.6829            0.6829           0.4573     0.0076  |       0.5541      0.1988
 212      0.1042        1.0000  |    0.6406/  0.6715/  0.6816            0.6816           0.4571     0.0104  |       0.5540      0.1988
 213      0.1042        1.0000  |    0.6410/  0.6722/  0.6819            0.6819           0.4571     0.0172  |       0.5540      0.1988
 214      0.1042        1.0000  |    0.6395/  0.6707/  0.6794            0.6794           0.4571     0.0087  |       0.5540      0.1988
 215      0.1042        1.0000  |    0.6174/  0.6686/  0.6778            0.6778           0.4571     0.0177  |       0.5540      0.1988
 216      0.1043        1.0000  |    0.5928/  0.6699/  0.6818            0.6818           0.4573     0.0145  |       0.5540      0.1988
 217      0.1043        1.0000  |    0.6416/  0.6749/  0.6841            0.6841           0.4573     0.0118  |       0.5540      0.1988
 218      0.1042        1.0000  |    0.6212/  0.6710/  0.6796            0.6796           0.4571     0.0066  |       0.5540      0.1988
 219      0.1042        1.0000  |    0.6347/  0.6706/  0.6810            0.6810           0.4571     0.0149  |       0.5540      0.1988
 220      0.1043        1.0000  |    0.6168/  0.6716/  0.6803            0.6803           0.4573     0.0217  |       0.5540      0.1988
 221      0.1043        1.0000  |    0.6331/  0.6703/  0.6801            0.6801           0.4573     0.0096  |       0.5540      0.1988
 222      0.1042        1.0000  |    0.6254/  0.6718/  0.6805            0.6805           0.4571     0.0130  |       0.5540      0.1988
 223      0.1042        1.0000  |    0.6470/  0.6719/  0.6814            0.6814           0.4571     0.0066  |       0.5540      0.1988
 224      0.1042        1.0000  |    0.6282/  0.6710/  0.6792            0.6792           0.4571     0.0128  |       0.5539      0.1988
 225      0.1043        1.0000  |    0.6226/  0.6714/  0.6806            0.6806           0.4573     0.0162  |       0.5539      0.1988
 226      0.1043        1.0000  |    0.6210/  0.6684/  0.6791            0.6791           0.4573     0.0147  |       0.5539      0.1988
 227      0.1042        1.0000  |    0.6218/  0.6705/  0.6794            0.6794           0.4571     0.0164  |       0.5539      0.1988
 228      0.1042        1.0000  |    0.6327/  0.6707/  0.6814            0.6814           0.4571     0.0145  |       0.5539      0.1988
 229      0.1043        1.0000  |    0.6278/  0.6734/  0.6828            0.6828           0.4573     0.0104  |       0.5539      0.1988
 230      0.1043        1.0000  |    0.6248/  0.6733/  0.6817            0.6817           0.4573     0.0083  |       0.5539      0.1988
 231      0.1042        1.0000  |    0.6221/  0.6717/  0.6806            0.6806           0.4571     0.0172  |       0.5539      0.1988
 232      0.1042        1.0000  |    0.6386/  0.6727/  0.6812            0.6812           0.4571     0.0108  |       0.5539      0.1988
 233      0.1043        1.0000  |    0.6309/  0.6719/  0.6822            0.6822           0.4573     0.0180  |       0.5539      0.1988
 234      0.1043        1.0000  |    0.6395/  0.6721/  0.6810            0.6810           0.4573     0.0105  |       0.5539      0.1988
 235      0.1042        1.0000  |    0.6240/  0.6717/  0.6815            0.6815           0.4571     0.0128  |       0.5539      0.1988
 236      0.1042        1.0000  |    0.6001/  0.6743/  0.6834            0.6834           0.4572     0.0156  |       0.5539      0.1988
 237      0.1043        1.0000  |    0.6351/  0.6735/  0.6845            0.6845           0.4573     0.0042  |       0.5539      0.1988
 238      0.1043        1.0000  |    0.6415/  0.6724/  0.6804            0.6804           0.4573     0.0123  |       0.5539      0.1988
 239      0.1042        1.0000  |    0.6122/  0.6718/  0.6815            0.6815           0.4571     0.0151  |       0.5539      0.1988
 240      0.1043        1.0000  |    0.6286/  0.6737/  0.6825            0.6825           0.4573     0.0089  |       0.5539      0.1988
 241      0.1043        1.0000  |    0.6300/  0.6721/  0.6806            0.6806           0.4573     0.0112  |       0.5539      0.1988
 242      0.1042        1.0000  |    0.6232/  0.6721/  0.6810            0.6810           0.4571     0.0159  |       0.5539      0.1988
 243      0.1042        1.0000  |    0.6326/  0.6717/  0.6820            0.6820           0.4568     0.0104  |       0.5539      0.1988
 244      0.1042        1.0000  |    0.6142/  0.6714/  0.6805            0.6805           0.4571     0.0103  |       0.5539      0.1988
 245      0.1042        1.0000  |    0.6275/  0.6723/  0.6822            0.6822           0.4571     0.0148  |       0.5539      0.1988
 246      0.1042        1.0000  |    0.6249/  0.6705/  0.6801            0.6801           0.4568     0.0182  |       0.5539      0.1988
 247      0.1042        1.0000  |    0.6098/  0.6730/  0.6823            0.6823           0.4568     0.0163  |       0.5539      0.1988
 248      0.1043        1.0000  |    0.6342/  0.6696/  0.6804            0.6804           0.4573     0.0101  |       0.5539      0.1988
 249      0.1042        1.0000  |    0.5826/  0.6706/  0.6799            0.6799           0.4571     0.0145  |       0.5539      0.1988
 250      0.1042        1.0000  |    0.6264/  0.6711/  0.6830            0.6830           0.4568     0.0196  |       0.5539      0.1988
 251      0.1042        1.0000  |    0.6493/  0.6737/  0.6818            0.6818           0.4571     0.0084  |       0.5539      0.1988
 252      0.1042        1.0000  |    0.6360/  0.6737/  0.6818            0.6818           0.4571     0.0131  |       0.5539      0.1988
 253      0.1042        1.0000  |    0.6223/  0.6714/  0.6808            0.6808           0.4568     0.0122  |       0.5539      0.1988
 254      0.1042        1.0000  |    0.6300/  0.6716/  0.6834            0.6834           0.4568     0.0143  |       0.5539      0.1988
 255      0.1042        1.0000  |    0.6395/  0.6720/  0.6807            0.6807           0.4571     0.0188  |       0.5539      0.1988
 256      0.1042        1.0000  |    0.6370/  0.6702/  0.6791            0.6791           0.4571     0.0065  |       0.5539      0.1988
 257      0.1042        1.0000  |    0.6087/  0.6699/  0.6794            0.6794           0.4568     0.0128  |       0.5537      0.1988
 258      0.1042        1.0000  |    0.6367/  0.6719/  0.6802            0.6802           0.4571     0.0150  |       0.5539      0.1988
 259      0.1042        1.0000  |    0.6071/  0.6681/  0.6799            0.6799           0.4571     0.0068  |       0.5539      0.1988
 260      0.1042        1.0000  |    0.6362/  0.6724/  0.6827            0.6827           0.4569     0.0162  |       0.5539      0.1988
 261      0.1042        1.0000  |    0.6057/  0.6713/  0.6805            0.6805           0.4569     0.0196  |       0.5539      0.1988
 262      0.1042        1.0000  |    0.6207/  0.6674/  0.6772            0.6772           0.4571     0.0000  |       0.5539      0.1988
 263      0.1042        1.0000  |    0.6143/  0.6709/  0.6808            0.6808           0.4571     0.0180  |       0.5539      0.1988
 264      0.1042        1.0000  |    0.6345/  0.6721/  0.6806            0.6806           0.4569     0.0145  |       0.5539      0.1988
 265      0.1042        1.0000  |    0.6064/  0.6715/  0.6825            0.6825           0.4571     0.0100  |       0.5539      0.1988
 266      0.1042        1.0000  |    0.6221/  0.6734/  0.6823            0.6823           0.4571     0.0147  |       0.5539      0.1988
 267      0.1042        1.0000  |    0.6399/  0.6716/  0.6805            0.6805           0.4569     0.0091  |       0.5539      0.1988
 268      0.1042        1.0000  |    0.6419/  0.6724/  0.6801            0.6801           0.4569     0.0161  |       0.5539      0.1988
 269      0.1042        1.0000  |    0.6192/  0.6704/  0.6805            0.6805           0.4571     0.0131  |       0.5539      0.1988
 270      0.1042        1.0000  |    0.6013/  0.6703/  0.6805            0.6805           0.4571     0.0117  |       0.5486      0.1988
 271      0.1042        1.0000  |    0.5739/  0.6717/  0.6809            0.6809           0.4569     0.0159  |       0.5532      0.1988
 272      0.1042        1.0000  |    0.6243/  0.6719/  0.6813            0.6813           0.4571     0.0068  |       0.5539      0.1988
 273      0.1042        1.0000  |    0.5866/  0.6710/  0.6816            0.6816           0.4571     0.0123  |       0.5539      0.1988
 274      0.1042        1.0000  |    0.6148/  0.6719/  0.6805            0.6805           0.4569     0.0160  |       0.5539      0.1988
 275      0.1042        1.0000  |    0.6370/  0.6692/  0.6776            0.6776           0.4569     0.0195  |       0.5539      0.1988
 276      0.1042        1.0000  |    0.6242/  0.6704/  0.6803            0.6803           0.4571     0.0058  |       0.5539      0.1988
 277      0.1042        1.0000  |    0.6349/  0.6720/  0.6808            0.6808           0.4571     0.0182  |       0.5539      0.1988
 278      0.1042        1.0000  |    0.6367/  0.6727/  0.6813            0.6813           0.4569     0.0180  |       0.5539      0.1988
 279      0.1042        1.0000  |    0.6334/  0.6711/  0.6799            0.6799           0.4571     0.0087  |       0.5539      0.1988
 280      0.1042        1.0000  |    0.6396/  0.6709/  0.6799            0.6799           0.4571     0.0140  |       0.5539      0.1988
 281      0.1042        1.0000  |    0.6053/  0.6702/  0.6798            0.6798           0.4568     0.0150  |       0.5539      0.1988
 282      0.1042        1.0000  |    0.6259/  0.6694/  0.6800            0.6800           0.4568     0.0183  |       0.5539      0.1988
 283      0.1042        1.0000  |    0.6139/  0.6684/  0.6792            0.6792           0.4571     0.0192  |       0.5539      0.1988
 284      0.1042        1.0000  |    0.6309/  0.6672/  0.6784            0.6784           0.4568     0.0149  |       0.5539      0.1988
 285      0.1042        1.0000  |    0.6362/  0.6705/  0.6800            0.6800           0.4568     0.0155  |       0.5539      0.1988
 286      0.1042        1.0000  |    0.6207/  0.6708/  0.6807            0.6807           0.4571     0.0093  |       0.5539      0.1988
 287      0.1042        1.0000  |    0.6402/  0.6681/  0.6789            0.6789           0.4571     0.0138  |       0.5539      0.1988
 288      0.1042        1.0000  |    0.6304/  0.6733/  0.6833            0.6833           0.4568     0.0160  |       0.5539      0.1988
 289      0.1042        1.0000  |    0.6520/  0.6716/  0.6811            0.6811           0.4568     0.0140  |       0.5539      0.1988
 290      0.1042        1.0000  |    0.6414/  0.6690/  0.6787            0.6787           0.4571     0.0079  |       0.5539      0.1988
 291      0.1042        1.0000  |    0.6201/  0.6707/  0.6796            0.6796           0.4569     0.0170  |       0.5539      0.1988
 292      0.1042        1.0000  |    0.6155/  0.6690/  0.6791            0.6791           0.4569     0.0184  |       0.5539      0.1988
 293      0.1042        1.0000  |    0.6304/  0.6723/  0.6823            0.6823           0.4571     0.0145  |       0.5539      0.1988
 294      0.1042        1.0000  |    0.6192/  0.6744/  0.6827            0.6827           0.4571     0.0146  |       0.5539      0.1988
 295      0.1042        1.0000  |    0.6093/  0.6734/  0.6828            0.6828           0.4569     0.0089  |       0.5539      0.1988
 296      0.1042        1.0000  |    0.6380/  0.6733/  0.6824            0.6824           0.4569     0.0209  |       0.5539      0.1988
 297      0.1042        1.0000  |    0.6364/  0.6723/  0.6799            0.6799           0.4571     0.0055  |       0.5539      0.1988
 298      0.1042        1.0000  |    0.6025/  0.6701/  0.6800            0.6800           0.4569     0.0171  |       0.5539      0.1988
 299      0.1042        1.0000  |    0.6149/  0.6696/  0.6790            0.6790           0.4569     0.0117  |       0.5539      0.1988
IMAGEIO FFMPEG_WRITER WARNING: input image is not divisible by macro_block_size=16, resizing from (320, 180) to (320, 192) to ensure video compatibility with most codecs and players. To prevent resizing, make your input image divisible by the macro_block_size or set the macro_block_size to 1 (risking incompatibility).

Saved 300 frames -> /home/ashwink/Documents/swms/SWM_copy/rollouts_5_per/expert-only/epoch14/epoch14_rollout2_failure.mp4
min dist(green_cube,blue_moon) over episode = 0.1988  ->  FAILURE
Full log written to /home/ashwink/Documents/swms/SWM_copy/rollouts_5_per/expert-only/epoch14/epoch14_rollout2_20260723_134700.log
Result json -> /home/ashwink/Documents/swms/SWM_copy/rollouts_5_per/expert-only/epoch14/epoch14_rollout2_result.json
