Checkpoint dir epoch: 14  Rollout: 4
Logging to /home/ashwink/Documents/swms/SWM_copy/rollouts_5_per/expert-only/epoch14/epoch14_rollout4_20260723_134926.log
Goal (fixed, steps 0-299): the green cube is touching the blue moon. the peg is touching the green cube.

Checkpoint: /home/ashwink/Documents/swms/SWM_copy/training/checkpoints_clip_full_finetuned_wider_hl/epoch_014.pt
  epoch=14  step=12870

Loading CLIP ViT-L/14 (datacomp_xl_s13b_b90k) + fine-tuned clip_state_dict ...
Parsing model identifier. Schema: None, Identifier: ViT-L-14
Loaded built-in ViT-L-14 model config.
Instantiating model architecture: CLIP
Loading full pretrained weights from: /home/ashwink/.cache/huggingface/hub/models--laion--CLIP-ViT-L-14-DataComp.XL-s13B-b90K/snapshots/84c9828e63dc9a9351d1fe637c346d4c1c4db341/open_clip_pytorch_model.bin
Final image preprocessing configuration set: {'size': (224, 224), 'mode': 'RGB', 'mean': (0.48145466, 0.4578275, 0.40821073), 'std': (0.26862954, 0.26130258, 0.27577711), 'interpolation': 'bicubic', 'resize_mode': 'shortest', 'fill_color': 0}
Model ViT-L-14 creation process complete.
Parsing tokenizer identifier. Schema: None, Identifier: ViT-L-14
Attempting to load config from built-in: ViT-L-14
Using default SimpleTokenizer.
z_star shape: torch.Size([768])

Loading action stats from /home/ashwink/full_data_5000/langtable/demos/ ...
  lo=[-0.03372681140899658, -0.03493623435497284]  hi=[0.03496786952018738, 0.03494429588317871]

Initializing LangTable env ...
Loading URDF plane.urdf
Loading URDF /home/ashwink/Documents/swms/.venv/lib/python3.10/site-packages/language_table/environments/utils/../../../language_table/environments/assets/workspace_real.urdf
Loading URDF xarm/xarm6_robot_white.urdf
Loading URDF /home/ashwink/Documents/swms/.venv/lib/python3.10/site-packages/language_table/environments/utils/../../../language_table/environments/assets/suction/cylinder_real.urdf
Loading URDF /home/ashwink/Documents/swms/.venv/lib/python3.10/site-packages/language_table/environments/utils/../../../language_table/environments/assets/blocks/red_moon.urdf
Loading URDF /home/ashwink/Documents/swms/.venv/lib/python3.10/site-packages/language_table/environments/utils/../../../language_table/environments/assets/blocks/red_cube.urdf
Loading URDF /home/ashwink/Documents/swms/.venv/lib/python3.10/site-packages/language_table/environments/utils/../../../language_table/environments/assets/blocks/red_star.urdf
Loading URDF /home/ashwink/Documents/swms/.venv/lib/python3.10/site-packages/language_table/environments/utils/../../../language_table/environments/assets/blocks/red_pentagon.urdf
Loading URDF /home/ashwink/Documents/swms/.venv/lib/python3.10/site-packages/language_table/environments/utils/../../../language_table/environments/assets/blocks/blue_moon.urdf
Loading URDF /home/ashwink/Documents/swms/.venv/lib/python3.10/site-packages/language_table/environments/utils/../../../language_table/environments/assets/blocks/blue_cube.urdf
Loading URDF /home/ashwink/Documents/swms/.venv/lib/python3.10/site-packages/language_table/environments/utils/../../../language_table/environments/assets/blocks/blue_star.urdf
Loading URDF /home/ashwink/Documents/swms/.venv/lib/python3.10/site-packages/language_table/environments/utils/../../../language_table/environments/assets/blocks/blue_pentagon.urdf
Loading URDF /home/ashwink/Documents/swms/.venv/lib/python3.10/site-packages/language_table/environments/utils/../../../language_table/environments/assets/blocks/yellow_moon.urdf
Loading URDF /home/ashwink/Documents/swms/.venv/lib/python3.10/site-packages/language_table/environments/utils/../../../language_table/environments/assets/blocks/yellow_cube.urdf
Loading URDF /home/ashwink/Documents/swms/.venv/lib/python3.10/site-packages/language_table/environments/utils/../../../language_table/environments/assets/blocks/yellow_star.urdf
Loading URDF /home/ashwink/Documents/swms/.venv/lib/python3.10/site-packages/language_table/environments/utils/../../../language_table/environments/assets/blocks/yellow_pentagon.urdf
Loading URDF /home/ashwink/Documents/swms/.venv/lib/python3.10/site-packages/language_table/environments/utils/../../../language_table/environments/assets/blocks/green_moon.urdf
Loading URDF /home/ashwink/Documents/swms/.venv/lib/python3.10/site-packages/language_table/environments/utils/../../../language_table/environments/assets/blocks/green_cube.urdf
Loading URDF /home/ashwink/Documents/swms/.venv/lib/python3.10/site-packages/language_table/environments/utils/../../../language_table/environments/assets/blocks/green_star.urdf
Loading URDF /home/ashwink/Documents/swms/.venv/lib/python3.10/site-packages/language_table/environments/utils/../../../language_table/environments/assets/blocks/green_pentagon.urdf
Loading URDF /home/ashwink/Documents/swms/.venv/lib/python3.10/site-packages/language_table/environments/utils/../../../language_table/environments/assets/blocks/purple_moon.urdf
Loading URDF /home/ashwink/Documents/swms/.venv/lib/python3.10/site-packages/language_table/environments/utils/../../../language_table/environments/assets/blocks/purple_cube.urdf
Loading URDF /home/ashwink/Documents/swms/.venv/lib/python3.10/site-packages/language_table/environments/utils/../../../language_table/environments/assets/blocks/purple_star.urdf
Loading URDF /home/ashwink/Documents/swms/.venv/lib/python3.10/site-packages/language_table/environments/utils/../../../language_table/environments/assets/blocks/purple_pentagon.urdf
Env ready.

Forced peg start: [0.42843915 0.24419614]  (green_cube=[0.40339102 0.18967466], blue_moon=[0.32039625 0.00902261])
  dist(peg,green_cube)=0.0600  dist(peg,blue_moon)=0.2588  dist(green_cube,blue_moon)=0.1988

step  cos(zt,z*)  cos(zt,zt-1)  |   cos(predK,z*) min/mean/max  cos(pred_sel,z*)   cos(zpred0,z*)  ||a_raw||  |  dist(peg,A)   dist(A,B)
-------------------------------------------------------------------------------------------------------------------------------------------------------------------------------
   0      0.0931           nan  |    0.4533/  0.7562/  0.7831            0.7831           0.6782     0.0195  |       0.0587      0.1988
   1      0.0968        0.9929  |    0.7341/  0.7694/  0.7790            0.7790           0.6687     0.0109  |       0.0560      0.1988
   2      0.1030        0.9880  |    0.7372/  0.7737/  0.7832            0.7832           0.6689     0.0102  |       0.0614      0.1988
   3      0.0994        0.9930  |    0.7031/  0.7657/  0.7756            0.7756           0.6674     0.0090  |       0.0615      0.1988
   4      0.1057        0.9954  |    0.7366/  0.7673/  0.7773            0.7773           0.6663     0.0080  |       0.0637      0.1988
   5      0.1112        0.9939  |    0.7254/  0.7674/  0.7780            0.7780           0.6608     0.0166  |       0.0630      0.1988
   6      0.1123        0.9891  |    0.7282/  0.7601/  0.7704            0.7704           0.6532     0.0125  |       0.0702      0.1988
   7      0.1098        0.9935  |    0.7123/  0.7555/  0.7673            0.7673           0.6410     0.0127  |       0.0824      0.1988
   8      0.1148        0.9892  |    0.6870/  0.7330/  0.7465            0.7465           0.5976     0.0139  |       0.0838      0.1988
   9      0.1030        0.9357  |    0.7320/  0.7695/  0.7806            0.7806           0.6609     0.0095  |       0.0874      0.1988
  10      0.1043        0.9226  |    0.6871/  0.7720/  0.7860            0.7860           0.6633     0.0180  |       0.0880      0.1988
  11      0.1212        0.9646  |    0.6914/  0.7603/  0.7705            0.7705           0.6728     0.0151  |       0.1037      0.1988
  12      0.1180        0.9488  |    0.6738/  0.7453/  0.7553            0.7553           0.6507     0.0090  |       0.1128      0.1988
  13      0.1043        0.9658  |    0.6544/  0.6993/  0.7096            0.7096           0.5640     0.0055  |       0.1214      0.1988
  14      0.0970        0.9725  |    0.6448/  0.6920/  0.7047            0.7047           0.4595     0.0093  |       0.1215      0.1988
  15      0.0822        0.9443  |    0.4174/  0.4766/  0.4911            0.4911           0.0188     0.0074  |       0.1254      0.1988
  16      0.0938        0.9557  |    0.6162/  0.6658/  0.6797            0.6797           0.2837     0.0154  |       0.1248      0.1988
  17      0.0857        0.8860  |    0.4907/  0.5529/  0.5720            0.5720          -0.1126     0.0064  |       0.1252      0.1988
  18      0.0969        0.9647  |    0.4435/  0.5186/  0.5405            0.5405          -0.1546     0.0100  |       0.1310      0.1988
  19      0.0611        0.9442  |    0.3892/  0.4484/  0.4670            0.4670          -0.2278     0.0141  |       0.1389      0.1988
  20      0.0289        0.9226  |    0.4103/  0.4592/  0.4726            0.4726          -0.2043     0.0158  |       0.1312      0.1988
  21      0.0312        0.9185  |    0.4567/  0.4995/  0.5172            0.5172          -0.1640     0.0242  |       0.1203      0.1988
  22      0.0238        0.9294  |    0.3980/  0.4424/  0.4582            0.4582          -0.1662     0.0196  |       0.1003      0.1988
  23      0.0427        0.9279  |    0.5856/  0.6168/  0.6294            0.6294           0.4651     0.0218  |       0.0841      0.1988
  24      0.0482        0.9507  |    0.6315/  0.6551/  0.6653            0.6653           0.5933     0.0103  |       0.0729      0.1988
  25      0.0556        0.9667  |    0.6215/  0.6955/  0.7017            0.7017           0.6291     0.0012  |       0.0688      0.1988
  26      0.0531        0.9876  |    0.6308/  0.6792/  0.6863            0.6863           0.6140     0.0130  |       0.0676      0.1988
  27      0.0544        0.9342  |    0.6540/  0.6750/  0.6823            0.6823           0.5949     0.0100  |       0.0791      0.1988
  28      0.0419        0.9359  |    0.6207/  0.6662/  0.6751            0.6751           0.5549     0.0167  |       0.0891      0.1988
  29      0.0052        0.9030  |    0.4173/  0.5287/  0.5467            0.5467          -0.0096     0.0079  |       0.1049      0.1988
  30      0.0012        0.9239  |    0.4471/  0.6320/  0.6550            0.6550          -0.0321     0.0074  |       0.1133      0.1988
  31      0.0157        0.9664  |    0.5938/  0.6598/  0.6762            0.6762           0.3900     0.0086  |       0.1106      0.1988
  32      0.0345        0.9511  |    0.5570/  0.6195/  0.6337            0.6337           0.2733     0.0072  |       0.1027      0.1988
  33      0.0112        0.9596  |    0.4815/  0.5782/  0.5963            0.5963           0.1108     0.0104  |       0.1064      0.1988
  34      0.0501        0.9474  |    0.5709/  0.6173/  0.6312            0.6312           0.5510     0.0120  |       0.0986      0.1988
  35      0.0484        0.9404  |    0.6389/  0.6632/  0.6706            0.6706           0.6062     0.0134  |       0.0947      0.1988
  36      0.0096        0.9274  |    0.5227/  0.5909/  0.6042            0.6042           0.1553     0.0101  |       0.1055      0.1988
  37      0.0045        0.9629  |    0.4255/  0.5683/  0.5957            0.5957          -0.0404     0.0116  |       0.1093      0.1988
  38      0.0285        0.9501  |    0.5683/  0.6168/  0.6275            0.6275           0.4938     0.0058  |       0.1018      0.1988
  39      0.0304        0.9694  |    0.5629/  0.6283/  0.6390            0.6390           0.4834     0.0118  |       0.1020      0.1988
  40      0.0479        0.9434  |    0.5833/  0.6070/  0.6186            0.6186           0.5031     0.0123  |       0.0953      0.1988
  41      0.0206        0.9489  |    0.5018/  0.5660/  0.5833            0.5833           0.2472     0.0050  |       0.1030      0.1988
  42      0.0212        0.9789  |    0.5735/  0.6222/  0.6335            0.6335           0.4611     0.0067  |       0.1021      0.1988
  43      0.0598        0.9534  |    0.6066/  0.6337/  0.6470            0.6470           0.5480     0.0120  |       0.0996      0.1988
  44      0.0240        0.9485  |    0.5141/  0.6071/  0.6209            0.6209           0.3144     0.0035  |       0.1077      0.1988
  45      0.0043        0.9751  |    0.4791/  0.5894/  0.6058            0.6058           0.2348     0.0091  |       0.1114      0.1988
  46      0.0132        0.9412  |    0.5378/  0.5952/  0.6110            0.6110           0.1442     0.0114  |       0.1038      0.1988
  47      0.0386        0.9364  |    0.5589/  0.6155/  0.6278            0.6278           0.4998     0.0005  |       0.0936      0.1988
  48      0.0453        0.9836  |    0.5692/  0.6086/  0.6172            0.6172           0.4843     0.0043  |       0.0925      0.1988
  49      0.0345        0.9862  |    0.5448/  0.5871/  0.5957            0.5957           0.3988     0.0041  |       0.0909      0.1988
  50      0.0324        0.9807  |    0.5647/  0.5953/  0.6035            0.6035           0.4698     0.0060  |       0.0901      0.1988
  51      0.0470        0.9625  |    0.6085/  0.6484/  0.6573            0.6573           0.5723     0.0031  |       0.0949      0.1988
  52      0.0306        0.9755  |    0.5468/  0.6092/  0.6212            0.6212           0.4625     0.0143  |       0.0928      0.1988
  53      0.0129        0.9163  |    0.4994/  0.6027/  0.6261            0.6261          -0.0769     0.0102  |       0.1053      0.1988
  54      0.0472        0.9397  |    0.5809/  0.6044/  0.6148            0.6148           0.4625     0.0021  |       0.1006      0.1988
  55      0.0313        0.9790  |    0.5440/  0.5767/  0.5859            0.5859           0.3949     0.0034  |       0.1012      0.1988
  56      0.0453        0.9794  |    0.5781/  0.6371/  0.6470            0.6470           0.4919     0.0069  |       0.1034      0.1988
  57     -0.0073        0.9079  |    0.4184/  0.5018/  0.5207            0.5207          -0.0527     0.0031  |       0.1095      0.1988
  58     -0.0112        0.9764  |    0.4609/  0.5236/  0.5437            0.5437          -0.0486     0.0136  |       0.1080      0.1988
  59      0.0217        0.9562  |    0.5294/  0.5834/  0.6017            0.6017           0.2094     0.0065  |       0.1030      0.1988
  60      0.0396        0.9540  |    0.5596/  0.6104/  0.6203            0.6203           0.4901     0.0065  |       0.0967      0.1988
  61      0.0365        0.9666  |    0.5632/  0.6075/  0.6188            0.6188           0.2831     0.0038  |       0.1019      0.1988
  62      0.0090        0.9565  |    0.4087/  0.5557/  0.5759            0.5759           0.0439     0.0103  |       0.1058      0.1988
  63      0.0378        0.9265  |    0.4262/  0.4908/  0.5041            0.5041           0.2269     0.0084  |       0.0999      0.1988
  64      0.0423        0.9707  |    0.5338/  0.5661/  0.5748            0.5748           0.4767     0.0062  |       0.0947      0.1988
  65      0.0359        0.9716  |    0.5858/  0.6401/  0.6508            0.6508           0.5104     0.0042  |       0.0919      0.1988
  66      0.0482        0.9625  |    0.5963/  0.6222/  0.6315            0.6315           0.5498     0.0073  |       0.0954      0.1988
  67      0.0209        0.9423  |    0.5283/  0.5877/  0.6021            0.6021           0.3282     0.0096  |       0.1024      0.1988
  68     -0.0073        0.9391  |    0.5517/  0.6307/  0.6451            0.6451           0.1904     0.0087  |       0.1099      0.1988
  69      0.0221        0.9755  |    0.6086/  0.6496/  0.6593            0.6593           0.4347     0.0054  |       0.1117      0.1988
  70     -0.0164        0.9460  |    0.4440/  0.5385/  0.5659            0.5659          -0.0975     0.0224  |       0.1169      0.1988
  71      0.0472        0.8862  |    0.6251/  0.6523/  0.6629            0.6629           0.6062     0.0126  |       0.0971      0.1988
  72      0.0378        0.8898  |    0.4468/  0.5186/  0.5302            0.5302           0.3678     0.0153  |       0.0910      0.1988
  73      0.0335        0.9253  |    0.5821/  0.6354/  0.6435            0.6435           0.5206     0.0068  |       0.1045      0.1988
  74     -0.0071        0.9413  |    0.5063/  0.5928/  0.6050            0.6050           0.2852     0.0129  |       0.1114      0.1988
  75      0.0117        0.9577  |    0.5850/  0.6453/  0.6584            0.6584           0.3900     0.0087  |       0.1136      0.1988
  76     -0.0399        0.9344  |    0.2044/  0.2736/  0.2985            0.2985          -0.1029     0.0141  |       0.1217      0.1988
  77     -0.0490        0.9182  |   -0.0113/  0.0246/  0.0528            0.0528          -0.2204     0.0197  |       0.1352      0.1988
  78     -0.0610        0.8108  |   -0.0489/ -0.0136/  0.0011            0.0011          -0.3262     0.0241  |       0.1543      0.1988
  79     -0.0489        0.8592  |   -0.1740/ -0.1376/ -0.1236           -0.1236          -0.3649     0.0275  |       0.1704      0.1988
  80     -0.0657        0.8237  |   -0.3121/ -0.2938/ -0.2836           -0.2836          -0.3365     0.0195  |       0.1835      0.1988
  81     -0.0482        0.8237  |   -0.2487/ -0.1937/ -0.1751           -0.1751          -0.3111     0.0160  |       0.1914      0.1988
  82     -0.0237        0.8128  |   -0.2183/ -0.1645/ -0.1572           -0.1572          -0.2907     0.0051  |       0.1939      0.1988
  83     -0.0192        0.9376  |   -0.2239/ -0.1806/ -0.1654           -0.1654          -0.3194     0.0082  |       0.1924      0.1988
  84     -0.0304        0.9431  |   -0.2534/ -0.2138/ -0.2036           -0.2036          -0.2969     0.0126  |       0.1950      0.1988
  85     -0.0217        0.8947  |   -0.2519/ -0.2138/ -0.2048           -0.2048          -0.2822     0.0135  |       0.1862      0.1988
  86     -0.0113        0.9029  |   -0.1979/ -0.1609/ -0.1341           -0.1341          -0.2798     0.0303  |       0.1842      0.1988
  87     -0.0013        0.6072  |    0.0735/  0.0982/  0.1139            0.1139          -0.2892     0.0270  |       0.1857      0.1988
  88     -0.0193        0.8440  |    0.2518/  0.2723/  0.2831            0.2831          -0.2572     0.0328  |       0.1984      0.1988
  89     -0.0257        0.7758  |    0.0790/  0.0947/  0.1041            0.1041          -0.1810     0.0338  |       0.2112      0.1988
  90      0.0269        0.6455  |   -0.2651/ -0.2400/ -0.2223           -0.2223          -0.3578     0.0394  |       0.2305      0.1988
  91      0.0857        0.5308  |   -0.1183/ -0.0880/ -0.0743           -0.0743          -0.2698     0.0350  |       0.2321      0.1988
  92     -0.0380        0.6230  |   -0.2350/ -0.2014/ -0.1700           -0.1700          -0.2923     0.0283  |       0.2221      0.1988
  93     -0.0239        0.8708  |   -0.1855/ -0.1630/ -0.1310           -0.1310          -0.2125     0.0051  |       0.2184      0.1988
  94     -0.0559        0.9263  |   -0.1408/ -0.0540/ -0.0042           -0.0042          -0.2744     0.0117  |       0.2197      0.1988
  95     -0.0052        0.7874  |   -0.1948/ -0.1405/ -0.0918           -0.0918          -0.2647     0.0162  |       0.2177      0.1988
  96     -0.0017        0.8650  |   -0.2423/ -0.2167/ -0.2010           -0.2010          -0.3066     0.0117  |       0.2097      0.1988
  97     -0.0230        0.8568  |   -0.3036/ -0.2757/ -0.2552           -0.2552          -0.3650     0.0162  |       0.2025      0.1988
  98     -0.0820        0.7967  |   -0.2206/ -0.1926/ -0.1813           -0.1813          -0.2306     0.0171  |       0.1951      0.1988
  99      0.0045        0.5977  |   -0.1470/ -0.0674/ -0.0132           -0.0132          -0.2704     0.0092  |       0.1966      0.1988
 100     -0.0320        0.8739  |   -0.0522/ -0.0143/  0.0164            0.0164          -0.3204     0.0369  |       0.1886      0.1988
 101      0.0180        0.7182  |   -0.1642/ -0.1372/ -0.1175           -0.1175          -0.3556     0.0343  |       0.2196      0.1988
 102      0.0426        0.7665  |    0.1372/  0.1616/  0.1797            0.1797          -0.2831     0.0370  |       0.2461      0.1988
 103      0.0570        0.6451  |   -0.0033/  0.0185/  0.0352            0.0352          -0.2729     0.0391  |       0.2404      0.1988
 104      0.0831        0.7321  |   -0.0854/ -0.0464/ -0.0158           -0.0158          -0.2580     0.0251  |       0.2301      0.1988
 105     -0.0209        0.6152  |   -0.1981/ -0.1757/ -0.1553           -0.1553          -0.2641     0.0199  |       0.2224      0.1988
 106      0.0173        0.8087  |   -0.2800/ -0.2430/ -0.2253           -0.2253          -0.3106     0.0131  |       0.2265      0.1988
 107      0.0347        0.8235  |   -0.2344/ -0.2096/ -0.1910           -0.1910          -0.3020     0.0127  |       0.2280      0.1988
 108      0.1223        0.8614  |   -0.1380/ -0.1238/ -0.1128           -0.1128          -0.1823     0.0128  |       0.2315      0.1988
 109      0.0402        0.8069  |   -0.2485/ -0.2026/ -0.1821           -0.1821          -0.2906     0.0122  |       0.2284      0.1988
 110      0.0111        0.7580  |   -0.2374/ -0.2094/ -0.1910           -0.1910          -0.2891     0.0099  |       0.2261      0.1988
 111     -0.0277        0.8319  |   -0.2098/ -0.1684/ -0.1464           -0.1464          -0.2738     0.0135  |       0.2222      0.1988
 112     -0.0552        0.8743  |   -0.1854/ -0.1554/ -0.1407           -0.1407          -0.2112     0.0150  |       0.2188      0.1988
 113     -0.0641        0.7569  |   -0.0090/  0.0600/  0.0849            0.0849          -0.1867     0.0084  |       0.2148      0.1988
 114     -0.0638        0.9165  |   -0.1789/ -0.0812/ -0.0645           -0.0645          -0.2060     0.0103  |       0.2135      0.1988
 115     -0.0673        0.8718  |    0.0052/  0.0995/  0.1250            0.1250          -0.1346     0.0174  |       0.2154      0.1988
 116     -0.0337        0.7632  |   -0.2677/ -0.2128/ -0.2042           -0.2042          -0.2595     0.0158  |       0.2220      0.1988
 117     -0.0276        0.9479  |   -0.2181/ -0.1969/ -0.1840           -0.1840          -0.2525     0.0220  |       0.2212      0.1988
 118      0.0501        0.5682  |   -0.1337/ -0.0720/ -0.0448           -0.0448          -0.2864     0.0089  |       0.2293      0.1988
 119      0.1219        0.8459  |    0.2035/  0.2360/  0.2619            0.2619           0.0201     0.0163  |       0.2321      0.1988
 120      0.0844        0.8987  |   -0.1882/ -0.1570/ -0.1312           -0.1312          -0.2563     0.0206  |       0.2345      0.1988
 121      0.0620        0.7610  |    0.0301/  0.0588/  0.0754            0.0754          -0.2180     0.0333  |       0.2408      0.1988
 122      0.0445        0.7890  |   -0.1127/ -0.0849/ -0.0684           -0.0684          -0.2205     0.0312  |       0.2372      0.1988
 123      0.1140        0.8797  |   -0.1033/ -0.0517/ -0.0363           -0.0363          -0.1962     0.0276  |       0.2337      0.1988
 124      0.0343        0.7979  |   -0.1693/ -0.1146/ -0.0949           -0.0949          -0.2863     0.0162  |       0.2287      0.1988
 125      0.0366        0.8854  |   -0.2431/ -0.2252/ -0.2042           -0.2042          -0.2729     0.0190  |       0.2277      0.1988
 126      0.0085        0.8127  |   -0.1549/ -0.1257/ -0.1097           -0.1097          -0.2593     0.0204  |       0.2254      0.1988
 127      0.0180        0.9219  |   -0.2693/ -0.2365/ -0.2178           -0.2178          -0.3006     0.0094  |       0.2265      0.1988
 128     -0.0058        0.8891  |   -0.1980/ -0.1659/ -0.1520           -0.1520          -0.2823     0.0155  |       0.2240      0.1988
 129     -0.0556        0.8018  |   -0.2159/ -0.1864/ -0.1737           -0.1737          -0.2346     0.0066  |       0.2196      0.1988
 130     -0.0475        0.9410  |   -0.1678/ -0.1367/ -0.1092           -0.1092          -0.2480     0.0121  |       0.2214      0.1988
 131     -0.0220        0.9349  |   -0.2334/ -0.1909/ -0.1729           -0.1729          -0.2608     0.0142  |       0.2224      0.1988
 132      0.0052        0.9159  |   -0.1944/ -0.1655/ -0.1492           -0.1492          -0.2580     0.0024  |       0.2245      0.1988
 133     -0.0128        0.9124  |   -0.2119/ -0.1825/ -0.1670           -0.1670          -0.2816     0.0127  |       0.2240      0.1988
 134     -0.0424        0.8328  |   -0.2387/ -0.2211/ -0.2080           -0.2080          -0.2465     0.0103  |       0.2201      0.1988
 135     -0.0352        0.9256  |   -0.2635/ -0.2350/ -0.2185           -0.2185          -0.2826     0.0164  |       0.2221      0.1988
 136     -0.0532        0.7501  |   -0.1516/ -0.1101/ -0.0766           -0.0766          -0.2359     0.0135  |       0.2164      0.1988
 137     -0.0682        0.8145  |   -0.0759/  0.0028/  0.0235            0.0235          -0.2120     0.0179  |       0.2127      0.1988
 138     -0.0647        0.9137  |   -0.0807/ -0.0014/  0.0165            0.0165          -0.1743     0.0120  |       0.2143      0.1988
 139     -0.0200        0.7556  |   -0.1943/ -0.1695/ -0.1543           -0.1543          -0.2151     0.0089  |       0.2186      0.1988
 140     -0.0425        0.9345  |   -0.1819/ -0.1490/ -0.1267           -0.1267          -0.2418     0.0136  |       0.2202      0.1988
 141      0.0201        0.8076  |   -0.2293/ -0.2032/ -0.1771           -0.1771          -0.2791     0.0183  |       0.2261      0.1988
 142     -0.0326        0.8539  |   -0.1723/ -0.1444/ -0.1231           -0.1231          -0.2440     0.0124  |       0.2216      0.1988
 143     -0.0283        0.9305  |   -0.2525/ -0.2329/ -0.2148           -0.2148          -0.2850     0.0087  |       0.2224      0.1988
 144      0.0158        0.8490  |   -0.2480/ -0.2108/ -0.1960           -0.1960          -0.2679     0.0277  |       0.2232      0.1988
 145      0.0062        0.8950  |   -0.2224/ -0.1655/ -0.1456           -0.1456          -0.2664     0.0223  |       0.2239      0.1988
 146     -0.0316        0.8409  |   -0.2140/ -0.1900/ -0.1753           -0.1753          -0.2470     0.0065  |       0.2212      0.1988
 147     -0.0229        0.8608  |   -0.2689/ -0.2419/ -0.2161           -0.2161          -0.2867     0.0128  |       0.2211      0.1988
 148     -0.0087        0.9435  |   -0.2222/ -0.1965/ -0.1803           -0.1803          -0.2630     0.0172  |       0.2235      0.1988
 149     -0.0062        0.9117  |   -0.2210/ -0.2012/ -0.1871           -0.1871          -0.2533     0.0048  |       0.2231      0.1988
 150      0.0092        0.9427  |   -0.1835/ -0.1606/ -0.1443           -0.1443          -0.2547     0.0172  |       0.2245      0.1988
 151     -0.0465        0.6930  |   -0.1273/ -0.1039/ -0.0894           -0.0894          -0.1917     0.0142  |       0.2172      0.1988
 152     -0.0352        0.7843  |   -0.1885/ -0.1395/ -0.1128           -0.1128          -0.2764     0.0142  |       0.2224      0.1988
 153     -0.0073        0.8828  |   -0.2281/ -0.2104/ -0.1958           -0.1958          -0.2678     0.0209  |       0.2237      0.1988
 154     -0.0629        0.6681  |   -0.0935/ -0.0633/ -0.0460           -0.0460          -0.1702     0.0137  |       0.2128      0.1988
 155     -0.0657        0.7481  |   -0.1270/ -0.0251/  0.0020            0.0020          -0.1857     0.0049  |       0.2115      0.1988
 156     -0.0751        0.9193  |   -0.1959/ -0.1250/ -0.1085           -0.1085          -0.2170     0.0175  |       0.2131      0.1988
 157     -0.0445        0.6718  |   -0.0474/ -0.0208/ -0.0008           -0.0008          -0.1929     0.0110  |       0.2181      0.1988
 158     -0.0581        0.7550  |   -0.1108/ -0.0637/ -0.0480           -0.0480          -0.1894     0.0165  |       0.2151      0.1988
 159     -0.0295        0.7319  |   -0.1686/ -0.1204/ -0.0952           -0.0952          -0.2563     0.0108  |       0.2217      0.1988
 160     -0.0075        0.9586  |   -0.2422/ -0.2234/ -0.2115           -0.2115          -0.2611     0.0137  |       0.2227      0.1988
 161      0.0232        0.8448  |   -0.2266/ -0.1972/ -0.1607           -0.1607          -0.2669     0.0036  |       0.2261      0.1988
 162      0.0240        0.8842  |   -0.2229/ -0.2033/ -0.1890           -0.1890          -0.2711     0.0113  |       0.2272      0.1988
 163      0.0162        0.9229  |   -0.2459/ -0.2096/ -0.1933           -0.1933          -0.2890     0.0095  |       0.2263      0.1988
 164      0.0407        0.8913  |   -0.2507/ -0.2251/ -0.2075           -0.2075          -0.2687     0.0177  |       0.2277      0.1988
 165      0.0248        0.9282  |   -0.2587/ -0.2417/ -0.2264           -0.2264          -0.2877     0.0060  |       0.2268      0.1988
 166      0.0309        0.9174  |   -0.2472/ -0.2071/ -0.1892           -0.1892          -0.3010     0.0146  |       0.2281      0.1988
 167      0.0078        0.7665  |   -0.2155/ -0.1808/ -0.1625           -0.1625          -0.2646     0.0114  |       0.2252      0.1988
 168     -0.0155        0.9091  |   -0.2434/ -0.2131/ -0.1912           -0.1912          -0.2595     0.0076  |       0.2231      0.1988
 169     -0.0350        0.9279  |   -0.1850/ -0.1463/ -0.1282           -0.1282          -0.2590     0.0136  |       0.2218      0.1988
 170     -0.0417        0.8520  |   -0.1231/ -0.0970/ -0.0801           -0.0801          -0.1955     0.0062  |       0.2182      0.1988
 171     -0.0518        0.9300  |   -0.2012/ -0.1811/ -0.1708           -0.1708          -0.2462     0.0093  |       0.2197      0.1988
 172     -0.0564        0.9531  |   -0.1691/ -0.1374/ -0.1246           -0.1246          -0.1998     0.0105  |       0.2190      0.1988
 173     -0.0315        0.9020  |   -0.1929/ -0.1732/ -0.1574           -0.1574          -0.2371     0.0139  |       0.2207      0.1988
 174      0.0191        0.8558  |   -0.2236/ -0.1946/ -0.1776           -0.1776          -0.2523     0.0026  |       0.2249      0.1988
 175     -0.0091        0.9438  |   -0.2277/ -0.2030/ -0.1872           -0.1872          -0.2668     0.0088  |       0.2241      0.1988
 176     -0.0000        0.9294  |   -0.2565/ -0.2344/ -0.2227           -0.2227          -0.2796     0.0098  |       0.2253      0.1988
 177      0.0396        0.8248  |   -0.2151/ -0.1844/ -0.1622           -0.1622          -0.2629     0.0057  |       0.2276      0.1988
 178      0.0357        0.9433  |   -0.2080/ -0.1872/ -0.1692           -0.1692          -0.2814     0.0064  |       0.2284      0.1988
 179      0.0430        0.9168  |   -0.2081/ -0.1811/ -0.1666           -0.1666          -0.2914     0.0044  |       0.2294      0.1988
 180      0.0255        0.8627  |   -0.2748/ -0.2507/ -0.2368           -0.2368          -0.3166     0.0135  |       0.2274      0.1988
 181      0.0353        0.8758  |   -0.2098/ -0.1807/ -0.1672           -0.1672          -0.2951     0.0064  |       0.2286      0.1988
 182      0.0177        0.7897  |   -0.2335/ -0.2026/ -0.1845           -0.1845          -0.2865     0.0130  |       0.2263      0.1988
 183      0.0346        0.8611  |   -0.1980/ -0.1706/ -0.1487           -0.1487          -0.2917     0.0144  |       0.2283      0.1988
 184      0.0199        0.7960  |   -0.2044/ -0.1812/ -0.1642           -0.1642          -0.2459     0.0106  |       0.2249      0.1988
 185      0.0213        0.9847  |   -0.2323/ -0.1919/ -0.1701           -0.1701          -0.2446     0.0074  |       0.2250      0.1988
 186     -0.0073        0.9249  |   -0.2418/ -0.2219/ -0.2006           -0.2006          -0.2763     0.0097  |       0.2234      0.1988
 187     -0.0378        0.8759  |   -0.2013/ -0.1742/ -0.1654           -0.1654          -0.2153     0.0113  |       0.2192      0.1988
 188     -0.0095        0.8341  |   -0.2645/ -0.2253/ -0.2056           -0.2056          -0.2706     0.0153  |       0.2219      0.1988
 189      0.1200        0.7212  |   -0.1558/ -0.1226/ -0.1018           -0.1018          -0.2022     0.0210  |       0.2306      0.1988
 190     -0.0097        0.7132  |   -0.2209/ -0.2025/ -0.1890           -0.1890          -0.2799     0.0111  |       0.2240      0.1988
 191     -0.0400        0.8799  |   -0.2428/ -0.2129/ -0.1812           -0.1812          -0.2851     0.0074  |       0.2220      0.1988
 192     -0.0053        0.9249  |   -0.2363/ -0.2215/ -0.2081           -0.2081          -0.2570     0.0212  |       0.2229      0.1988
 193     -0.0334        0.8767  |   -0.1670/ -0.1215/ -0.1029           -0.1029          -0.2289     0.0174  |       0.2205      0.1988
 194     -0.0421        0.9539  |   -0.1633/ -0.1336/ -0.1152           -0.1152          -0.2527     0.0078  |       0.2204      0.1988
 195     -0.0406        0.8648  |   -0.2800/ -0.2594/ -0.2479           -0.2479          -0.2968     0.0077  |       0.2160      0.1988
 196     -0.0253        0.9222  |   -0.2379/ -0.2150/ -0.1955           -0.1955          -0.2874     0.0132  |       0.2221      0.1988
 197     -0.0378        0.8587  |   -0.0957/ -0.0701/ -0.0449           -0.0449          -0.1855     0.0116  |       0.2181      0.1988
 198     -0.0456        0.8285  |   -0.1701/ -0.1250/ -0.0855           -0.0855          -0.2475     0.0043  |       0.2164      0.1988
 199     -0.0683        0.9126  |   -0.0684/ -0.0326/ -0.0196           -0.0196          -0.1778     0.0176  |       0.2148      0.1988
 200     -0.0370        0.7620  |   -0.1928/ -0.1642/ -0.1460           -0.1460          -0.2509     0.0128  |       0.2215      0.1988
 201     -0.0119        0.8288  |   -0.2496/ -0.2292/ -0.2135           -0.2135          -0.2779     0.0049  |       0.2239      0.1988
 202      0.0097        0.8996  |   -0.1881/ -0.1419/ -0.1077           -0.1077          -0.2473     0.0029  |       0.2254      0.1988
 203      0.0170        0.8428  |   -0.2668/ -0.2422/ -0.2289           -0.2289          -0.3067     0.0148  |       0.2269      0.1988
 204     -0.0423        0.7003  |   -0.1850/ -0.1639/ -0.1463           -0.1463          -0.2538     0.0125  |       0.2207      0.1988
 205      0.0021        0.8010  |   -0.2087/ -0.1752/ -0.1612           -0.1612          -0.2668     0.0090  |       0.2257      0.1988
 206      0.0276        0.8670  |   -0.2360/ -0.2149/ -0.1996           -0.1996          -0.2658     0.0146  |       0.2273      0.1988
 207      0.0947        0.8405  |   -0.1074/ -0.0738/ -0.0532           -0.0532          -0.2424     0.0139  |       0.2303      0.1988
 208      0.0158        0.7571  |   -0.2253/ -0.2033/ -0.1852           -0.1852          -0.2931     0.0131  |       0.2263      0.1988
 209      0.0178        0.9579  |   -0.2794/ -0.2546/ -0.2352           -0.2352          -0.3130     0.0117  |       0.2266      0.1988
 210      0.0268        0.8541  |   -0.2010/ -0.1723/ -0.1532           -0.1532          -0.3130     0.0151  |       0.2282      0.1988
 211      0.0020        0.7411  |   -0.2375/ -0.2188/ -0.2009           -0.2009          -0.2785     0.0128  |       0.2253      0.1988
 212      0.0411        0.7713  |   -0.2170/ -0.1835/ -0.1683           -0.1683          -0.2677     0.0089  |       0.2285      0.1988
 213      0.0624        0.8934  |   -0.1656/ -0.1126/ -0.0941           -0.0941          -0.2601     0.0078  |       0.2300      0.1988
 214      0.1308        0.8782  |   -0.1617/ -0.1309/ -0.1195           -0.1195          -0.1954     0.0186  |       0.2315      0.1988
 215      0.0327        0.8197  |   -0.2296/ -0.1990/ -0.1785           -0.1785          -0.3004     0.0138  |       0.2282      0.1988
 216      0.0237        0.8646  |   -0.2647/ -0.2230/ -0.2073           -0.2073          -0.2568     0.0107  |       0.2270      0.1988
 217      0.0560        0.8843  |   -0.2095/ -0.1701/ -0.1558           -0.1558          -0.2402     0.0035  |       0.2249      0.1988
 218      0.0040        0.9574  |   -0.2089/ -0.1842/ -0.1638           -0.1638          -0.2722     0.0153  |       0.2247      0.1988
 219      0.0250        0.8653  |   -0.2345/ -0.2075/ -0.1891           -0.1891          -0.2733     0.0179  |       0.2271      0.1988
 220     -0.0242        0.8366  |   -0.2321/ -0.2127/ -0.1965           -0.1965          -0.2593     0.0129  |       0.2223      0.1988
 221     -0.0567        0.9147  |   -0.2335/ -0.1956/ -0.1853           -0.1853          -0.2298     0.0192  |       0.2196      0.1988
 222     -0.0122        0.8485  |   -0.2450/ -0.2187/ -0.2025           -0.2025          -0.2653     0.0075  |       0.2232      0.1988
 223     -0.0047        0.9492  |   -0.2279/ -0.2045/ -0.1896           -0.1896          -0.2570     0.0123  |       0.2226      0.1988
 224     -0.0453        0.8067  |   -0.1990/ -0.1849/ -0.1764           -0.1764          -0.2092     0.0019  |       0.2176      0.1988
 225     -0.0389        0.9654  |   -0.2200/ -0.1943/ -0.1822           -0.1822          -0.2349     0.0112  |       0.2167      0.1988
 226     -0.0487        0.8831  |   -0.1227/ -0.1059/ -0.0936           -0.0936          -0.1705     0.0067  |       0.2170      0.1988
 227     -0.0484        0.9866  |   -0.0935/ -0.0676/ -0.0517           -0.0517          -0.1890     0.0080  |       0.2171      0.1988
 228     -0.0607        0.9760  |   -0.1277/ -0.0960/ -0.0813           -0.0813          -0.2297     0.0078  |       0.2170      0.1988
 229     -0.0742        0.8674  |   -0.0704/ -0.0422/ -0.0289           -0.0289          -0.1687     0.0183  |       0.2145      0.1988
 230     -0.0405        0.8098  |   -0.0747/ -0.0443/ -0.0363           -0.0363          -0.1389     0.0237  |       0.2175      0.1988
 231     -0.0240        0.8457  |   -0.2113/ -0.1900/ -0.1762           -0.1762          -0.2489     0.0106  |       0.2214      0.1988
 232     -0.0159        0.8777  |   -0.2399/ -0.2169/ -0.1890           -0.1890          -0.2832     0.0104  |       0.2235      0.1988
 233     -0.0075        0.9308  |   -0.2377/ -0.2091/ -0.1938           -0.1938          -0.2591     0.0105  |       0.2226      0.1988
 234      0.0052        0.8946  |   -0.2216/ -0.2004/ -0.1857           -0.1857          -0.2730     0.0157  |       0.2241      0.1988
 235     -0.0271        0.9157  |   -0.2189/ -0.1821/ -0.1647           -0.1647          -0.2667     0.0098  |       0.2223      0.1988
 236     -0.0181        0.9904  |   -0.2358/ -0.2184/ -0.2016           -0.2016          -0.2533     0.0032  |       0.2223      0.1988
 237     -0.0180        0.9488  |   -0.2408/ -0.2144/ -0.1979           -0.1979          -0.2934     0.0107  |       0.2234      0.1988
 238     -0.0523        0.9014  |   -0.1807/ -0.1536/ -0.1356           -0.1356          -0.2530     0.0193  |       0.2216      0.1988
 239     -0.0488        0.8281  |   -0.1308/ -0.0680/ -0.0463           -0.0463          -0.1875     0.0074  |       0.2168      0.1988
 240     -0.0419        0.9659  |   -0.0594/ -0.0082/  0.0252            0.0252          -0.1499     0.0142  |       0.2173      0.1988
 241     -0.0439        0.9592  |   -0.1719/ -0.1329/ -0.1056           -0.1056          -0.2129     0.0071  |       0.2166      0.1988
 242     -0.0428        0.9420  |   -0.1637/ -0.1384/ -0.1221           -0.1221          -0.2112     0.0089  |       0.2160      0.1988
 243     -0.0525        0.9367  |   -0.1430/ -0.1154/ -0.1038           -0.1038          -0.1926     0.0115  |       0.2168      0.1988
 244     -0.0382        0.8611  |   -0.1889/ -0.1479/ -0.1243           -0.1243          -0.2508     0.0099  |       0.2205      0.1988
 245     -0.0477        0.9404  |   -0.1565/ -0.1284/ -0.1132           -0.1132          -0.2512     0.0107  |       0.2200      0.1988
 246     -0.0368        0.9093  |   -0.1176/ -0.0916/ -0.0730           -0.0730          -0.2330     0.0061  |       0.2182      0.1988
 247     -0.0423        0.8965  |   -0.1777/ -0.1373/ -0.1165           -0.1165          -0.2363     0.0144  |       0.2197      0.1988
 248     -0.0092        0.8807  |   -0.2596/ -0.2378/ -0.2174           -0.2174          -0.2711     0.0110  |       0.2231      0.1988
 249     -0.0372        0.9013  |   -0.1885/ -0.1416/ -0.0948           -0.0948          -0.2710     0.0066  |       0.2219      0.1988
 250     -0.0322        0.9694  |   -0.2010/ -0.1713/ -0.1514           -0.1514          -0.2541     0.0011  |       0.2218      0.1988
 251     -0.0243        0.9612  |   -0.2406/ -0.2238/ -0.2084           -0.2084          -0.2560     0.0106  |       0.2209      0.1988
 252     -0.0066        0.8558  |   -0.2179/ -0.1803/ -0.1592           -0.1592          -0.2820     0.0089  |       0.2243      0.1988
 253     -0.0144        0.9123  |   -0.2507/ -0.2373/ -0.2226           -0.2226          -0.2597     0.0119  |       0.2227      0.1988
 254      0.0052        0.8757  |   -0.2301/ -0.1894/ -0.1713           -0.1713          -0.2550     0.0247  |       0.2258      0.1988
 255     -0.0387        0.7522  |   -0.0571/ -0.0232/ -0.0004           -0.0004          -0.2099     0.0092  |       0.2182      0.1988
 256     -0.0594        0.7699  |   -0.1009/ -0.0711/ -0.0598           -0.0598          -0.1910     0.0210  |       0.2150      0.1988
 257     -0.0125        0.6709  |   -0.2407/ -0.2159/ -0.1952           -0.1952          -0.2629     0.0036  |       0.2231      0.1988
 258      0.0050        0.9279  |   -0.2340/ -0.2039/ -0.1795           -0.1795          -0.2675     0.0051  |       0.2245      0.1988
 259      0.0205        0.8825  |   -0.2320/ -0.2125/ -0.1996           -0.1996          -0.2752     0.0157  |       0.2266      0.1988
 260     -0.0309        0.7988  |   -0.2311/ -0.2063/ -0.1915           -0.1915          -0.2688     0.0065  |       0.2223      0.1988
 261     -0.0361        0.9712  |   -0.2226/ -0.2009/ -0.1843           -0.1843          -0.2699     0.0160  |       0.2225      0.1988
 262     -0.0111        0.9273  |   -0.2427/ -0.2178/ -0.1960           -0.1960          -0.2858     0.0052  |       0.2234      0.1988
 263     -0.0109        0.9466  |   -0.2419/ -0.2245/ -0.2106           -0.2106          -0.2590     0.0012  |       0.2230      0.1988
 264     -0.0261        0.9316  |   -0.2350/ -0.2104/ -0.1913           -0.1913          -0.2909     0.0124  |       0.2219      0.1988
 265     -0.0250        0.9484  |   -0.2564/ -0.2381/ -0.2210           -0.2210          -0.2688     0.0053  |       0.2228      0.1988
 266     -0.0275        0.8979  |   -0.1663/ -0.1209/ -0.1055           -0.1055          -0.2478     0.0164  |       0.2207      0.1988
 267     -0.0669        0.7718  |   -0.1007/ -0.0609/ -0.0425           -0.0425          -0.1952     0.0048  |       0.2153      0.1988
 268     -0.0569        0.9210  |   -0.1600/ -0.1346/ -0.1220           -0.1220          -0.2412     0.0100  |       0.2165      0.1988
 269     -0.0482        0.7807  |   -0.2310/ -0.1807/ -0.1694           -0.1694          -0.2198     0.0045  |       0.2196      0.1988
 270     -0.0378        0.9431  |   -0.2179/ -0.1942/ -0.1804           -0.1804          -0.2499     0.0134  |       0.2216      0.1988
 271     -0.0097        0.8618  |   -0.2544/ -0.2132/ -0.1906           -0.1906          -0.2810     0.0051  |       0.2248      0.1988
 272     -0.0189        0.9597  |   -0.2420/ -0.2197/ -0.1971           -0.1971          -0.2756     0.0101  |       0.2239      0.1988
 273      0.0044        0.9178  |   -0.2123/ -0.1863/ -0.1713           -0.1713          -0.2788     0.0052  |       0.2260      0.1988
 274     -0.0124        0.9161  |   -0.2345/ -0.2165/ -0.2015           -0.2015          -0.2709     0.0117  |       0.2239      0.1988
 275     -0.0167        0.9725  |   -0.2549/ -0.2160/ -0.1974           -0.1974          -0.2893     0.0069  |       0.2241      0.1988
 276     -0.0094        0.8921  |   -0.2433/ -0.2218/ -0.2055           -0.2055          -0.2612     0.0109  |       0.2228      0.1988
 277     -0.0326        0.9251  |   -0.2145/ -0.1836/ -0.1599           -0.1599          -0.2507     0.0116  |       0.2217      0.1988
 278     -0.0155        0.9055  |   -0.2460/ -0.2293/ -0.2164           -0.2164          -0.2532     0.0111  |       0.2230      0.1988
 279     -0.0414        0.9016  |   -0.2104/ -0.1780/ -0.1480           -0.1480          -0.2508     0.0196  |       0.2216      0.1988
 280     -0.0388        0.9298  |   -0.1692/ -0.1491/ -0.1371           -0.1371          -0.2209     0.0063  |       0.2194      0.1988
 281     -0.0420        0.9411  |   -0.1628/ -0.1408/ -0.1229           -0.1229          -0.2353     0.0044  |       0.2209      0.1988
 282     -0.0206        0.9233  |   -0.1902/ -0.1659/ -0.1436           -0.1436          -0.2548     0.0100  |       0.2179      0.1988
 283     -0.0569        0.8771  |   -0.1877/ -0.1558/ -0.1361           -0.1361          -0.2046     0.0098  |       0.2130      0.1988
 284     -0.0513        0.8994  |   -0.1628/ -0.1392/ -0.1193           -0.1193          -0.2577     0.0153  |       0.2187      0.1988
 285     -0.0768        0.6985  |   -0.1676/ -0.1390/ -0.1259           -0.1259          -0.2161     0.0193  |       0.2136      0.1988
 286     -0.0615        0.6553  |   -0.2454/ -0.2172/ -0.2068           -0.2068          -0.2393     0.0063  |       0.2202      0.1988
 287     -0.0647        0.9731  |   -0.2271/ -0.2136/ -0.2005           -0.2005          -0.2311     0.0113  |       0.2203      0.1988
 288     -0.0194        0.8104  |   -0.2341/ -0.1798/ -0.1623           -0.1623          -0.2767     0.0043  |       0.2215      0.1988
 289      0.0048        0.9257  |   -0.2043/ -0.1540/ -0.1362           -0.1362          -0.2639     0.0052  |       0.2252      0.1988
 290     -0.0075        0.9052  |   -0.2026/ -0.1657/ -0.1468           -0.1468          -0.2914     0.0137  |       0.2211      0.1988
 291      0.0276        0.8603  |   -0.2697/ -0.2430/ -0.2242           -0.2243          -0.3051     0.0098  |       0.2272      0.1988
 292      0.0371        0.9001  |   -0.1876/ -0.1509/ -0.1360           -0.1360          -0.2941     0.0121  |       0.2290      0.1988
 293      0.1137        0.8099  |   -0.1634/ -0.1327/ -0.1184           -0.1184          -0.2462     0.0182  |       0.2339      0.1988
 294      0.1241        0.9185  |    0.1679/  0.1990/  0.2245            0.2245           0.0655     0.0224  |       0.2326      0.1988
 295      0.0723        0.8489  |    0.3743/  0.4458/  0.4779            0.4779          -0.1357     0.0172  |       0.2354      0.1988
 296      0.0878        0.7613  |    0.3680/  0.4139/  0.4481            0.4481          -0.0135     0.0318  |       0.2407      0.1988
 297      0.0045        0.4556  |   -0.0404/ -0.0158/  0.0043            0.0043          -0.3182     0.0266  |       0.2560      0.1988
 298     -0.0271        0.7233  |   -0.0575/ -0.0360/ -0.0241           -0.0241          -0.2870     0.0158  |       0.2600      0.1988
 299     -0.0256        0.7287  |    0.1576/  0.1774/  0.1916            0.1916          -0.3146     0.0322  |       0.2744      0.1988
IMAGEIO FFMPEG_WRITER WARNING: input image is not divisible by macro_block_size=16, resizing from (320, 180) to (320, 192) to ensure video compatibility with most codecs and players. To prevent resizing, make your input image divisible by the macro_block_size or set the macro_block_size to 1 (risking incompatibility).

Saved 300 frames -> /home/ashwink/Documents/swms/SWM_copy/rollouts_5_per/expert-only/epoch14/epoch14_rollout4_failure.mp4
min dist(green_cube,blue_moon) over episode = 0.1988  ->  FAILURE
Full log written to /home/ashwink/Documents/swms/SWM_copy/rollouts_5_per/expert-only/epoch14/epoch14_rollout4_20260723_134926.log
Result json -> /home/ashwink/Documents/swms/SWM_copy/rollouts_5_per/expert-only/epoch14/epoch14_rollout4_result.json
