Checkpoint dir epoch: 10  Rollout: 0
Logging to /home/ashwink/Documents/swms/SWM_copy/rollouts_5_per/expert-only/epoch10/epoch10_rollout0_20260723_131403.log
Goal (fixed, steps 0-299): the green cube is touching the blue moon. the peg is touching the green cube.

Checkpoint: /home/ashwink/Documents/swms/SWM_copy/training/checkpoints_clip_full_finetuned_wider_hl/epoch_010.pt
  epoch=10  step=9438

Loading CLIP ViT-L/14 (datacomp_xl_s13b_b90k) + fine-tuned clip_state_dict ...
Parsing model identifier. Schema: None, Identifier: ViT-L-14
Loaded built-in ViT-L-14 model config.
Instantiating model architecture: CLIP
Loading full pretrained weights from: /home/ashwink/.cache/huggingface/hub/models--laion--CLIP-ViT-L-14-DataComp.XL-s13B-b90K/snapshots/84c9828e63dc9a9351d1fe637c346d4c1c4db341/open_clip_pytorch_model.bin
Final image preprocessing configuration set: {'size': (224, 224), 'mode': 'RGB', 'mean': (0.48145466, 0.4578275, 0.40821073), 'std': (0.26862954, 0.26130258, 0.27577711), 'interpolation': 'bicubic', 'resize_mode': 'shortest', 'fill_color': 0}
Model ViT-L-14 creation process complete.
Parsing tokenizer identifier. Schema: None, Identifier: ViT-L-14
Attempting to load config from built-in: ViT-L-14
Using default SimpleTokenizer.
z_star shape: torch.Size([768])

Loading action stats from /home/ashwink/full_data_5000/langtable/demos/ ...
  lo=[-0.03372681140899658, -0.03493623435497284]  hi=[0.03496786952018738, 0.03494429588317871]

Initializing LangTable env ...
Loading URDF plane.urdf
Loading URDF /home/ashwink/Documents/swms/.venv/lib/python3.10/site-packages/language_table/environments/utils/../../../language_table/environments/assets/workspace_real.urdf
Loading URDF xarm/xarm6_robot_white.urdf
Loading URDF /home/ashwink/Documents/swms/.venv/lib/python3.10/site-packages/language_table/environments/utils/../../../language_table/environments/assets/suction/cylinder_real.urdf
Loading URDF /home/ashwink/Documents/swms/.venv/lib/python3.10/site-packages/language_table/environments/utils/../../../language_table/environments/assets/blocks/red_moon.urdf
Loading URDF /home/ashwink/Documents/swms/.venv/lib/python3.10/site-packages/language_table/environments/utils/../../../language_table/environments/assets/blocks/red_cube.urdf
Loading URDF /home/ashwink/Documents/swms/.venv/lib/python3.10/site-packages/language_table/environments/utils/../../../language_table/environments/assets/blocks/red_star.urdf
Loading URDF /home/ashwink/Documents/swms/.venv/lib/python3.10/site-packages/language_table/environments/utils/../../../language_table/environments/assets/blocks/red_pentagon.urdf
Loading URDF /home/ashwink/Documents/swms/.venv/lib/python3.10/site-packages/language_table/environments/utils/../../../language_table/environments/assets/blocks/blue_moon.urdf
Loading URDF /home/ashwink/Documents/swms/.venv/lib/python3.10/site-packages/language_table/environments/utils/../../../language_table/environments/assets/blocks/blue_cube.urdf
Loading URDF /home/ashwink/Documents/swms/.venv/lib/python3.10/site-packages/language_table/environments/utils/../../../language_table/environments/assets/blocks/blue_star.urdf
Loading URDF /home/ashwink/Documents/swms/.venv/lib/python3.10/site-packages/language_table/environments/utils/../../../language_table/environments/assets/blocks/blue_pentagon.urdf
Loading URDF /home/ashwink/Documents/swms/.venv/lib/python3.10/site-packages/language_table/environments/utils/../../../language_table/environments/assets/blocks/yellow_moon.urdf
Loading URDF /home/ashwink/Documents/swms/.venv/lib/python3.10/site-packages/language_table/environments/utils/../../../language_table/environments/assets/blocks/yellow_cube.urdf
Loading URDF /home/ashwink/Documents/swms/.venv/lib/python3.10/site-packages/language_table/environments/utils/../../../language_table/environments/assets/blocks/yellow_star.urdf
Loading URDF /home/ashwink/Documents/swms/.venv/lib/python3.10/site-packages/language_table/environments/utils/../../../language_table/environments/assets/blocks/yellow_pentagon.urdf
Loading URDF /home/ashwink/Documents/swms/.venv/lib/python3.10/site-packages/language_table/environments/utils/../../../language_table/environments/assets/blocks/green_moon.urdf
Loading URDF /home/ashwink/Documents/swms/.venv/lib/python3.10/site-packages/language_table/environments/utils/../../../language_table/environments/assets/blocks/green_cube.urdf
Loading URDF /home/ashwink/Documents/swms/.venv/lib/python3.10/site-packages/language_table/environments/utils/../../../language_table/environments/assets/blocks/green_star.urdf
Loading URDF /home/ashwink/Documents/swms/.venv/lib/python3.10/site-packages/language_table/environments/utils/../../../language_table/environments/assets/blocks/green_pentagon.urdf
Loading URDF /home/ashwink/Documents/swms/.venv/lib/python3.10/site-packages/language_table/environments/utils/../../../language_table/environments/assets/blocks/purple_moon.urdf
Loading URDF /home/ashwink/Documents/swms/.venv/lib/python3.10/site-packages/language_table/environments/utils/../../../language_table/environments/assets/blocks/purple_cube.urdf
Loading URDF /home/ashwink/Documents/swms/.venv/lib/python3.10/site-packages/language_table/environments/utils/../../../language_table/environments/assets/blocks/purple_star.urdf
Loading URDF /home/ashwink/Documents/swms/.venv/lib/python3.10/site-packages/language_table/environments/utils/../../../language_table/environments/assets/blocks/purple_pentagon.urdf
Env ready.

Forced peg start: [0.42843915 0.24419614]  (green_cube=[0.40339102 0.18967466], blue_moon=[0.32039625 0.00902261])
  dist(peg,green_cube)=0.0600  dist(peg,blue_moon)=0.2588  dist(green_cube,blue_moon)=0.1988

step  cos(zt,z*)  cos(zt,zt-1)  |   cos(predK,z*) min/mean/max  cos(pred_sel,z*)   cos(zpred0,z*)  ||a_raw||  |  dist(peg,A)   dist(A,B)
-------------------------------------------------------------------------------------------------------------------------------------------------------------------------------
   0      0.1395           nan  |    0.5621/  0.7520/  0.7746            0.7746           0.6609     0.0109  |       0.0587      0.1988
   1      0.1450        0.9938  |    0.7350/  0.7622/  0.7709            0.7709           0.6586     0.0006  |       0.0496      0.1988
   2      0.1454        0.9983  |    0.6838/  0.7634/  0.7740            0.7740           0.6614     0.0074  |       0.0489      0.1988
   3      0.1502        0.9939  |    0.7411/  0.7598/  0.7709            0.7709           0.6624     0.0091  |       0.0493      0.1988
   4      0.1448        0.9903  |    0.6939/  0.7564/  0.7669            0.7669           0.6620     0.0074  |       0.0444      0.1988
   5      0.1450        0.9924  |    0.6795/  0.7592/  0.7718            0.7718           0.6661     0.0036  |       0.0459      0.1988
   6      0.1404        0.9967  |    0.7236/  0.7583/  0.7703            0.7703           0.6627     0.0115  |       0.0491      0.1988
   7      0.1429        0.9937  |    0.7269/  0.7627/  0.7736            0.7736           0.6599     0.0015  |       0.0545      0.1988
   8      0.1444        0.9950  |    0.7232/  0.7641/  0.7754            0.7754           0.6653     0.0032  |       0.0540      0.1988
   9      0.1451        0.9978  |    0.7274/  0.7678/  0.7784            0.7784           0.6648     0.0057  |       0.0561      0.1988
  10      0.1502        0.9917  |    0.7258/  0.7700/  0.7805            0.7805           0.6667     0.0034  |       0.0540      0.1988
  11      0.1506        0.9950  |    0.6917/  0.7637/  0.7784            0.7784           0.6606     0.0076  |       0.0533      0.1988
  12      0.1448        0.9925  |    0.7127/  0.7647/  0.7765            0.7765           0.6667     0.0035  |       0.0597      0.1988
  13      0.1481        0.9948  |    0.7332/  0.7687/  0.7807            0.7807           0.6674     0.0120  |       0.0587      0.1988
  14      0.1482        0.9782  |    0.7275/  0.7673/  0.7817            0.7817           0.6640     0.0090  |       0.0563      0.1988
  15      0.1550        0.9882  |    0.7203/  0.7719/  0.7844            0.7844           0.6696     0.0028  |       0.0644      0.1988
  16      0.1567        0.9949  |    0.6887/  0.7679/  0.7792            0.7792           0.6655     0.0060  |       0.0662      0.1988
  17      0.1638        0.9829  |    0.7196/  0.7622/  0.7736            0.7736           0.6601     0.0071  |       0.0610      0.1988
  18      0.1573        0.9797  |    0.7248/  0.7657/  0.7799            0.7799           0.6618     0.0055  |       0.0664      0.1988
  19      0.1563        0.9034  |    0.6772/  0.7326/  0.7431            0.7431           0.6133     0.0118  |       0.0683      0.1988
  20      0.0882        0.8691  |    0.5047/  0.5384/  0.5522            0.5522           0.1892     0.0095  |       0.0736      0.1988
  21      0.1082        0.9290  |    0.5284/  0.5554/  0.5708            0.5708           0.2217     0.0112  |       0.0686      0.1988
  22      0.1374        0.9379  |    0.6028/  0.6259/  0.6388            0.6388           0.2718     0.0091  |       0.0590      0.1988
  23      0.1060        0.9182  |    0.4963/  0.5249/  0.5340            0.5340           0.1446     0.0138  |       0.0527      0.1988
  24      0.1359        0.9236  |    0.6611/  0.6930/  0.7032            0.7032           0.5613     0.0153  |       0.0441      0.1988
  25      0.1304        0.9040  |    0.6766/  0.6945/  0.7053            0.7053           0.5676     0.0117  |       0.0342      0.1983
  26      0.1286        0.8754  |    0.5554/  0.6016/  0.6141            0.6141           0.1988     0.0123  |       0.0364      0.1982
  27      0.1118        0.8952  |    0.3912/  0.4175/  0.4363            0.4363          -0.0453     0.0124  |       0.0440      0.1982
  28      0.0433        0.8893  |    0.0893/  0.1271/  0.1468            0.1468          -0.2738     0.0231  |       0.0542      0.1982
  29      0.0204        0.8703  |    0.0035/  0.0274/  0.0487            0.0487          -0.2599     0.0353  |       0.0723      0.1982
  30      0.0222        0.8347  |   -0.1812/ -0.1445/ -0.1124           -0.1124          -0.2464     0.0312  |       0.0963      0.1982
  31      0.0527        0.8050  |   -0.3236/ -0.2972/ -0.2777           -0.2777          -0.3848     0.0121  |       0.1224      0.1982
  32      0.0261        0.9259  |   -0.1014/ -0.0712/ -0.0418           -0.0418          -0.3221     0.0239  |       0.1296      0.1982
  33      0.0154        0.8256  |   -0.2338/ -0.1996/ -0.1690           -0.1690          -0.3694     0.0420  |       0.1471      0.1982
  34     -0.0506        0.7324  |   -0.4059/ -0.3676/ -0.3411           -0.3411          -0.5147     0.0131  |       0.1757      0.1982
  35     -0.0269        0.8977  |   -0.3211/ -0.2436/ -0.2328           -0.2328          -0.4265     0.0060  |       0.1862      0.1982
  36     -0.0231        0.9206  |   -0.2451/ -0.2217/ -0.2082           -0.2082          -0.3938     0.0117  |       0.1896      0.1982
  37     -0.0157        0.8037  |   -0.2333/ -0.1900/ -0.1731           -0.1731          -0.4259     0.0177  |       0.1995      0.1982
  38     -0.0128        0.8596  |   -0.2701/ -0.2153/ -0.2035           -0.2035          -0.3397     0.0067  |       0.1978      0.1982
  39     -0.0094        0.8755  |   -0.3312/ -0.2080/ -0.1964           -0.1964          -0.4436     0.0104  |       0.2034      0.1982
  40     -0.0285        0.8821  |   -0.3376/ -0.3093/ -0.2887           -0.2887          -0.4398     0.0051  |       0.1947      0.1982
  41     -0.0390        0.9595  |   -0.3193/ -0.2658/ -0.2462           -0.2462          -0.4603     0.0036  |       0.1921      0.1982
  42     -0.0571        0.9490  |   -0.4457/ -0.3453/ -0.3265           -0.3265          -0.5265     0.0074  |       0.1886      0.1982
  43     -0.0323        0.9190  |   -0.2950/ -0.2264/ -0.2081           -0.2081          -0.4388     0.0096  |       0.1949      0.1982
  44     -0.0155        0.8799  |   -0.3644/ -0.2132/ -0.1985           -0.1985          -0.4598     0.0090  |       0.2039      0.1982
  45     -0.0533        0.8622  |   -0.2586/ -0.2068/ -0.1975           -0.1975          -0.4147     0.0091  |       0.2122      0.1982
  46     -0.0129        0.8211  |   -0.2615/ -0.1968/ -0.1841           -0.1841          -0.3670     0.0104  |       0.2175      0.1982
  47     -0.0022        0.8710  |   -0.2918/ -0.2488/ -0.2374           -0.2374          -0.3565     0.0121  |       0.2228      0.1982
  48     -0.0289        0.8280  |   -0.2849/ -0.2325/ -0.2159           -0.2159          -0.4580     0.0159  |       0.2126      0.1982
  49      0.0397        0.8042  |   -0.4844/ -0.4639/ -0.4424           -0.4424          -0.4424     0.0221  |       0.2068      0.1982
  50      0.0215        0.7619  |   -0.4584/ -0.4342/ -0.4075           -0.4075          -0.4263     0.0450  |       0.2208      0.1982
  51      0.0125        0.7543  |   -0.1672/ -0.1392/ -0.1186           -0.1186          -0.3840     0.0409  |       0.2589      0.1982
  52      0.0552        0.8313  |   -0.2479/ -0.2217/ -0.2065           -0.2065          -0.4125     0.0427  |       0.2958      0.1982
  53      0.0747        0.6585  |   -0.0935/ -0.0640/ -0.0377           -0.0377          -0.3751     0.0406  |       0.3349      0.1982
  54      0.0768        0.7893  |    0.3597/  0.3930/  0.4261            0.4261          -0.3445     0.0384  |       0.3640      0.1982
  55      0.0519        0.8504  |    0.2034/  0.2411/  0.2627            0.2627          -0.4238     0.0343  |       0.3915      0.1982
  56      0.0854        0.8256  |    0.3617/  0.3802/  0.3967            0.3967           0.2072     0.0328  |       0.4180      0.1982
  57      0.1163        0.7739  |    0.4203/  0.4544/  0.4874            0.4874           0.4177     0.0281  |       0.4487      0.1982
  58      0.1163        1.0000  |    0.5596/  0.6019/  0.6184            0.6184           0.4177     0.0037  |       0.4741      0.1982
  59      0.1163        1.0000  |    0.4770/  0.6117/  0.6305            0.6305           0.4177     0.0118  |       0.4753      0.1982
  60      0.1163        1.0000  |    0.5570/  0.6100/  0.6232            0.6232           0.4177     0.0154  |       0.4851      0.1982
  61      0.1163        1.0000  |    0.5531/  0.6044/  0.6188            0.6188           0.4177     0.0053  |       0.4726      0.1982
  62      0.1163        1.0000  |    0.5436/  0.6014/  0.6205            0.6205           0.4177     0.0060  |       0.4738      0.1982
  63      0.1163        1.0000  |    0.5502/  0.6125/  0.6284            0.6284           0.4177     0.0128  |       0.4691      0.1982
  64      0.1163        1.0000  |    0.5562/  0.6048/  0.6189            0.6189           0.4177     0.0040  |       0.4753      0.1982
  65      0.1163        1.0000  |    0.5665/  0.6063/  0.6245            0.6245           0.4177     0.0106  |       0.4732      0.1982
  66      0.1163        1.0000  |    0.5574/  0.6054/  0.6188            0.6188           0.4177     0.0053  |       0.4709      0.1982
  67      0.1163        1.0000  |    0.5494/  0.6029/  0.6180            0.6180           0.4177     0.0034  |       0.4681      0.1982
  68      0.1163        1.0000  |    0.5616/  0.6073/  0.6231            0.6231           0.4177     0.0099  |       0.4661      0.1982
  69      0.1163        1.0000  |    0.5557/  0.6061/  0.6218            0.6218           0.4177     0.0073  |       0.4743      0.1982
  70      0.1163        1.0000  |    0.4238/  0.6042/  0.6218            0.6218           0.4177     0.0104  |       0.4797      0.1982
  71      0.1163        1.0000  |    0.5733/  0.6064/  0.6201            0.6201           0.4177     0.0131  |       0.4735      0.1982
  72      0.1163        1.0000  |    0.5646/  0.6074/  0.6238            0.6238           0.4177     0.0067  |       0.4731      0.1982
  73      0.1163        1.0000  |    0.5419/  0.6066/  0.6224            0.6224           0.4177     0.0049  |       0.4777      0.1982
  74      0.1163        1.0000  |    0.5446/  0.6113/  0.6266            0.6266           0.4177     0.0045  |       0.4810      0.1982
  75      0.1163        1.0000  |    0.5686/  0.6093/  0.6255            0.6255           0.4179     0.0111  |       0.4775      0.1982
  76      0.1163        1.0000  |    0.5207/  0.6099/  0.6262            0.6262           0.4179     0.0053  |       0.4785      0.1982
  77      0.1163        1.0000  |    0.5679/  0.6080/  0.6204            0.6204           0.4179     0.0040  |       0.4805      0.1982
  78      0.1163        1.0000  |    0.5667/  0.6043/  0.6185            0.6185           0.4179     0.0074  |       0.4833      0.1982
  79      0.1163        1.0000  |    0.5571/  0.6040/  0.6204            0.6204           0.4179     0.0057  |       0.4789      0.1982
  80      0.1163        1.0000  |    0.5309/  0.6073/  0.6226            0.6226           0.4179     0.0023  |       0.4832      0.1982
  81      0.1163        1.0000  |    0.5530/  0.6046/  0.6199            0.6199           0.4179     0.0025  |       0.4842      0.1982
  82      0.1163        1.0000  |    0.5515/  0.6049/  0.6199            0.6199           0.4179     0.0048  |       0.4861      0.1982
  83      0.1163        1.0000  |    0.5733/  0.6055/  0.6209            0.6209           0.4179     0.0071  |       0.4838      0.1982
  84      0.1163        1.0000  |    0.5519/  0.6072/  0.6238            0.6238           0.4179     0.0107  |       0.4828      0.1982
  85      0.1163        1.0000  |    0.5586/  0.6034/  0.6202            0.6202           0.4179     0.0042  |       0.4900      0.1982
  86      0.1163        1.0000  |    0.5259/  0.6072/  0.6226            0.6226           0.4179     0.0031  |       0.4935      0.1982
  87      0.1163        1.0000  |    0.5528/  0.6093/  0.6251            0.6251           0.4180     0.0023  |       0.4962      0.1982
  88      0.1163        1.0000  |    0.5549/  0.6028/  0.6199            0.6199           0.4180     0.0041  |       0.4949      0.1982
  89      0.1163        1.0000  |    0.5458/  0.6067/  0.6227            0.6227           0.4180     0.0077  |       0.4943      0.1982
  90      0.1163        1.0000  |    0.5353/  0.6109/  0.6277            0.6277           0.4180     0.0049  |       0.4983      0.1982
  91      0.1163        1.0000  |    0.5439/  0.6078/  0.6212            0.6212           0.4180     0.0080  |       0.5008      0.1982
  92      0.1163        1.0000  |    0.5636/  0.6130/  0.6271            0.6271           0.4180     0.0055  |       0.4969      0.1982
  93      0.1163        1.0000  |    0.5500/  0.6092/  0.6239            0.6239           0.4180     0.0075  |       0.4976      0.1982
  94      0.1163        1.0000  |    0.5699/  0.6051/  0.6207            0.6207           0.4180     0.0068  |       0.5037      0.1982
  95      0.1163        1.0000  |    0.5557/  0.6065/  0.6218            0.6218           0.4180     0.0094  |       0.4993      0.1982
  96      0.1163        1.0000  |    0.5548/  0.5979/  0.6119            0.6119           0.4180     0.0127  |       0.4952      0.1982
  97      0.1163        1.0000  |    0.5550/  0.6096/  0.6264            0.6264           0.4180     0.0106  |       0.5038      0.1982
  98      0.1163        1.0000  |    0.5390/  0.6108/  0.6284            0.6284           0.4180     0.0086  |       0.5046      0.1982
  99      0.1163        1.0000  |    0.5385/  0.6049/  0.6201            0.6201           0.4180     0.0070  |       0.5078      0.1982
 100      0.1163        1.0000  |    0.5572/  0.6006/  0.6137            0.6137           0.4180     0.0048  |       0.5041      0.1982
 101      0.1163        1.0000  |    0.5513/  0.6089/  0.6264            0.6264           0.4180     0.0078  |       0.5030      0.1982
 102      0.1163        1.0000  |    0.5486/  0.6079/  0.6233            0.6233           0.4180     0.0047  |       0.5083      0.1982
 103      0.1163        1.0000  |    0.5601/  0.6057/  0.6237            0.6237           0.4180     0.0070  |       0.5082      0.1982
 104      0.1164        1.0000  |    0.5707/  0.6102/  0.6261            0.6261           0.4221     0.0115  |       0.5026      0.1982
 105      0.1165        1.0000  |    0.5513/  0.6051/  0.6190            0.6190           0.4173     0.0139  |       0.5000      0.1982
 106      0.1166        1.0000  |    0.5194/  0.6098/  0.6265            0.6265           0.4214     0.0109  |       0.5111      0.1982
 107      0.1166        1.0000  |    0.5438/  0.6050/  0.6199            0.6199           0.4214     0.0099  |       0.5033      0.1982
 108      0.1166        1.0000  |    0.5742/  0.6166/  0.6322            0.6322           0.4214     0.0064  |       0.5093      0.1982
 109      0.1166        1.0000  |    0.5422/  0.6147/  0.6338            0.6338           0.4214     0.0101  |       0.5054      0.1982
 110      0.1166        1.0000  |    0.5609/  0.6097/  0.6238            0.6238           0.4214     0.0169  |       0.5081      0.1982
 111      0.1166        1.0000  |    0.5530/  0.6059/  0.6205            0.6205           0.4214     0.0098  |       0.4968      0.1982
 112      0.1166        1.0000  |    0.5475/  0.6074/  0.6241            0.6241           0.4214     0.0125  |       0.4919      0.1982
 113      0.1166        1.0000  |    0.5472/  0.6068/  0.6222            0.6222           0.4214     0.0038  |       0.5009      0.1982
 114      0.1166        1.0000  |    0.5549/  0.6026/  0.6185            0.6185           0.4214     0.0114  |       0.5026      0.1982
 115      0.1166        1.0000  |    0.5456/  0.6044/  0.6184            0.6184           0.4214     0.0086  |       0.5011      0.1982
 116      0.1166        1.0000  |    0.5512/  0.6096/  0.6241            0.6241           0.4214     0.0068  |       0.5058      0.1982
 117      0.1166        1.0000  |    0.5208/  0.6052/  0.6245            0.6245           0.4214     0.0029  |       0.5080      0.1982
 118      0.1166        1.0000  |    0.5691/  0.6095/  0.6241            0.6241           0.4214     0.0056  |       0.5104      0.1982
 119      0.1166        1.0000  |    0.5705/  0.6083/  0.6245            0.6245           0.4214     0.0114  |       0.5085      0.1982
 120      0.1166        1.0000  |    0.5650/  0.6067/  0.6229            0.6229           0.4214     0.0022  |       0.5001      0.1982
 121      0.1166        1.0000  |    0.5597/  0.6095/  0.6264            0.6264           0.4214     0.0095  |       0.5004      0.1982
 122      0.1166        1.0000  |    0.4759/  0.6068/  0.6255            0.6255           0.4214     0.0047  |       0.5071      0.1982
 123      0.1166        1.0000  |    0.5285/  0.6089/  0.6243            0.6243           0.4214     0.0049  |       0.5049      0.1982
 124      0.1166        1.0000  |    0.5724/  0.6113/  0.6280            0.6280           0.4214     0.0072  |       0.5029      0.1982
 125      0.1166        1.0000  |    0.5497/  0.6116/  0.6301            0.6301           0.4214     0.0062  |       0.4994      0.1982
 126      0.1166        1.0000  |    0.5624/  0.6088/  0.6234            0.6234           0.4211     0.0073  |       0.5027      0.1982
 127      0.1166        1.0000  |    0.5468/  0.6073/  0.6233            0.6233           0.4214     0.0126  |       0.4970      0.1982
 128      0.1166        1.0000  |    0.5515/  0.6111/  0.6255            0.6255           0.4231     0.0046  |       0.4928      0.1982
 129      0.1167        1.0000  |    0.5621/  0.6164/  0.6320            0.6320           0.4228     0.0115  |       0.4960      0.1982
 130      0.1167        1.0000  |    0.5511/  0.6114/  0.6272            0.6272           0.4228     0.0055  |       0.4927      0.1982
 131      0.1166        1.0000  |    0.5445/  0.6069/  0.6225            0.6225           0.4231     0.0047  |       0.4964      0.1982
 132      0.1166        1.0000  |    0.5358/  0.6172/  0.6315            0.6315           0.4231     0.0096  |       0.4928      0.1982
 133      0.1167        1.0000  |    0.5562/  0.6104/  0.6271            0.6271           0.4228     0.0075  |       0.4858      0.1982
 134      0.1167        1.0000  |    0.5481/  0.6107/  0.6272            0.6272           0.4228     0.0048  |       0.4878      0.1982
 135      0.1167        1.0000  |    0.5445/  0.6117/  0.6277            0.6277           0.4228     0.0086  |       0.4886      0.1982
 136      0.1167        1.0000  |    0.5641/  0.6168/  0.6308            0.6308           0.4228     0.0110  |       0.4881      0.1982
 137      0.1167        1.0000  |    0.5420/  0.6032/  0.6166            0.6166           0.4228     0.0081  |       0.4791      0.1982
 138      0.1167        1.0000  |    0.5580/  0.6090/  0.6239            0.6239           0.4228     0.0070  |       0.4840      0.1982
 139      0.1167        1.0000  |    0.5758/  0.6050/  0.6199            0.6199           0.4228     0.0039  |       0.4881      0.1982
 140      0.1167        1.0000  |    0.5682/  0.6123/  0.6284            0.6284           0.4228     0.0115  |       0.4910      0.1982
 141      0.1167        1.0000  |    0.5571/  0.6050/  0.6199            0.6199           0.4228     0.0086  |       0.4838      0.1982
 142      0.1167        1.0000  |    0.5689/  0.6119/  0.6287            0.6287           0.4228     0.0053  |       0.4902      0.1982
 143      0.1167        1.0000  |    0.5605/  0.6071/  0.6216            0.6216           0.4228     0.0029  |       0.4910      0.1982
 144      0.1167        1.0000  |    0.5590/  0.6069/  0.6225            0.6225           0.4228     0.0084  |       0.4907      0.1982
 145      0.1167        1.0000  |    0.5328/  0.6130/  0.6280            0.6280           0.4228     0.0155  |       0.4888      0.1982
 146      0.1168        1.0000  |    0.5744/  0.6166/  0.6283            0.6283           0.4259     0.0074  |       0.4973      0.1982
 147      0.1167        1.0000  |    0.5698/  0.6081/  0.6214            0.6214           0.4228     0.0152  |       0.5041      0.1982
 148      0.1167        1.0000  |    0.5652/  0.6069/  0.6226            0.6226           0.4228     0.0019  |       0.4950      0.1982
 149      0.1168        1.0000  |    0.5434/  0.6116/  0.6256            0.6256           0.4259     0.0055  |       0.4927      0.1982
 150      0.1168        1.0000  |    0.5687/  0.6167/  0.6304            0.6304           0.4259     0.0057  |       0.4940      0.1982
 151      0.1168        1.0000  |    0.5702/  0.6108/  0.6256            0.6256           0.4259     0.0171  |       0.4953      0.1982
 152      0.1168        1.0000  |    0.5410/  0.6158/  0.6316            0.6316           0.4259     0.0082  |       0.4843      0.1982
 153      0.1168        1.0000  |    0.5444/  0.6112/  0.6261            0.6261           0.4259     0.0078  |       0.4867      0.1982
 154      0.1168        1.0000  |    0.5416/  0.6080/  0.6246            0.6246           0.4259     0.0128  |       0.4831      0.1982
 155      0.1168        1.0000  |    0.5447/  0.6078/  0.6224            0.6224           0.4259     0.0033  |       0.4899      0.1982
 156      0.1168        1.0000  |    0.5551/  0.6080/  0.6225            0.6225           0.4259     0.0021  |       0.4896      0.1982
 157      0.1169        1.0000  |    0.5648/  0.6154/  0.6272            0.6272           0.4273     0.0077  |       0.4900      0.1982
 158      0.1169        1.0000  |    0.5391/  0.6042/  0.6215            0.6215           0.4273     0.0112  |       0.4875      0.1982
 159      0.1169        1.0000  |    0.5816/  0.6138/  0.6272            0.6272           0.4273     0.0094  |       0.4881      0.1982
 160      0.1169        1.0000  |    0.5616/  0.6085/  0.6238            0.6238           0.4273     0.0036  |       0.4872      0.1982
 161      0.1169        1.0000  |    0.5653/  0.6111/  0.6272            0.6272           0.4273     0.0064  |       0.4843      0.1982
 162      0.1169        1.0000  |    0.5774/  0.6134/  0.6287            0.6287           0.4273     0.0068  |       0.4832      0.1982
 163      0.1169        1.0000  |    0.5524/  0.6073/  0.6232            0.6232           0.4273     0.0064  |       0.4867      0.1982
 164      0.1169        1.0000  |    0.5657/  0.6126/  0.6269            0.6269           0.4273     0.0023  |       0.4896      0.1982
 165      0.1169        1.0000  |    0.5505/  0.6143/  0.6293            0.6293           0.4273     0.0073  |       0.4879      0.1982
 166      0.1169        1.0000  |    0.5750/  0.6178/  0.6317            0.6317           0.4273     0.0043  |       0.4930      0.1982
 167      0.1169        1.0000  |    0.5794/  0.6117/  0.6267            0.6267           0.4273     0.0071  |       0.4939      0.1982
 168      0.1169        1.0000  |    0.5649/  0.6137/  0.6283            0.6283           0.4273     0.0064  |       0.4930      0.1982
 169      0.1169        1.0000  |    0.5739/  0.6083/  0.6233            0.6233           0.4273     0.0132  |       0.4910      0.1982
 170      0.1169        1.0000  |    0.5389/  0.6075/  0.6236            0.6236           0.4273     0.0073  |       0.5015      0.1982
 171      0.1169        1.0000  |    0.5652/  0.6126/  0.6289            0.6289           0.4273     0.0108  |       0.4993      0.1982
 172      0.1168        1.0000  |    0.5634/  0.6136/  0.6314            0.6314           0.4273     0.0063  |       0.5065      0.1982
 173      0.1168        1.0000  |    0.5538/  0.6132/  0.6275            0.6275           0.4273     0.0155  |       0.5107      0.1982
 174      0.1168        1.0000  |    0.5631/  0.6108/  0.6259            0.6259           0.4277     0.0039  |       0.5040      0.1982
 175      0.1168        1.0000  |    0.5458/  0.6059/  0.6205            0.6205           0.4273     0.0069  |       0.5063      0.1982
 176      0.1168        1.0000  |    0.5457/  0.6094/  0.6234            0.6234           0.4273     0.0098  |       0.5110      0.1982
 177      0.1168        1.0000  |    0.5691/  0.6142/  0.6295            0.6295           0.4273     0.0060  |       0.5052      0.1982
 178      0.1168        1.0000  |    0.5684/  0.6123/  0.6278            0.6278           0.4277     0.0056  |       0.5096      0.1982
 179      0.1168        1.0000  |    0.5396/  0.6077/  0.6237            0.6237           0.4273     0.0112  |       0.5147      0.1982
 180      0.1168        1.0000  |    0.5784/  0.6087/  0.6241            0.6241           0.4273     0.0038  |       0.5097      0.1982
 181      0.1168        1.0000  |    0.5676/  0.6119/  0.6274            0.6274           0.4277     0.0117  |       0.5091      0.1982
 182      0.1168        1.0000  |    0.5527/  0.6047/  0.6229            0.6229           0.4277     0.0037  |       0.5180      0.1982
 183      0.1168        1.0000  |    0.5343/  0.6108/  0.6287            0.6287           0.4273     0.0059  |       0.5216      0.1982
 184      0.1168        1.0000  |    0.5566/  0.6060/  0.6205            0.6205           0.4277     0.0091  |       0.5172      0.1982
 185      0.1168        1.0000  |    0.5845/  0.6190/  0.6332            0.6332           0.4277     0.0140  |       0.5242      0.1982
 186      0.1168        1.0000  |    0.5589/  0.6122/  0.6272            0.6272           0.4277     0.0107  |       0.5137      0.1982
 187      0.1168        1.0000  |    0.5721/  0.6160/  0.6303            0.6303           0.4277     0.0064  |       0.5187      0.1982
 188      0.1168        1.0000  |    0.5658/  0.6130/  0.6267            0.6267           0.4277     0.0077  |       0.5227      0.1982
 189      0.1168        1.0000  |    0.5781/  0.6104/  0.6246            0.6246           0.4277     0.0043  |       0.5186      0.1982
 190      0.1168        1.0000  |    0.5556/  0.6118/  0.6262            0.6262           0.4280     0.0053  |       0.5183      0.1982
 191      0.1168        1.0000  |    0.5491/  0.6121/  0.6276            0.6276           0.4282     0.0090  |       0.5211      0.1982
 192      0.1168        1.0000  |    0.5592/  0.6113/  0.6282            0.6282           0.4280     0.0059  |       0.5156      0.1982
 193      0.1167        1.0000  |    0.5349/  0.6081/  0.6227            0.6227           0.4286     0.0086  |       0.5124      0.1982
 194      0.1167        1.0000  |    0.5665/  0.6128/  0.6265            0.6265           0.4286     0.0075  |       0.5194      0.1982
 195      0.1167        1.0000  |    0.5620/  0.6161/  0.6301            0.6301           0.4286     0.0100  |       0.5182      0.1982
 196      0.1167        1.0000  |    0.5381/  0.6120/  0.6266            0.6266           0.4286     0.0018  |       0.5222      0.1982
 197      0.1167        1.0000  |    0.5411/  0.6185/  0.6295            0.6295           0.4286     0.0048  |       0.5217      0.1982
 198      0.1167        1.0000  |    0.5703/  0.6067/  0.6211            0.6211           0.4286     0.0014  |       0.5250      0.1982
 199      0.1167        1.0000  |    0.5706/  0.6073/  0.6204            0.6204           0.4289     0.0034  |       0.5266      0.1982
 200      0.1167        1.0000  |    0.5336/  0.6109/  0.6249            0.6249           0.4289     0.0105  |       0.5265      0.1982
 201      0.1167        1.0000  |    0.5587/  0.6099/  0.6255            0.6255           0.4289     0.0018  |       0.5315      0.1982
 202      0.1167        1.0000  |    0.5255/  0.6092/  0.6264            0.6264           0.4289     0.0178  |       0.5316      0.1982
 203      0.1167        1.0000  |    0.5792/  0.6122/  0.6232            0.6232           0.4289     0.0066  |       0.5283      0.1982
 204      0.1167        1.0000  |    0.5418/  0.6086/  0.6245            0.6245           0.4289     0.0141  |       0.5305      0.1982
 205      0.1167        1.0000  |    0.5386/  0.6062/  0.6200            0.6200           0.4289     0.0131  |       0.5287      0.1982
 206      0.1167        1.0000  |    0.5539/  0.6097/  0.6237            0.6237           0.4289     0.0040  |       0.5234      0.1982
 207      0.1167        1.0000  |    0.5351/  0.6147/  0.6297            0.6297           0.4289     0.0040  |       0.5242      0.1982
 208      0.1167        1.0000  |    0.5501/  0.6052/  0.6220            0.6220           0.4289     0.0107  |       0.5273      0.1982
 209      0.1167        1.0000  |    0.5519/  0.6172/  0.6298            0.6298           0.4289     0.0112  |       0.5303      0.1982
 210      0.1167        1.0000  |    0.5446/  0.6022/  0.6200            0.6200           0.4289     0.0063  |       0.5318      0.1982
 211      0.1167        1.0000  |    0.5676/  0.6134/  0.6279            0.6279           0.4289     0.0103  |       0.5267      0.1982
 212      0.1167        1.0000  |    0.5536/  0.6146/  0.6296            0.6296           0.4289     0.0034  |       0.5281      0.1982
 213      0.1167        1.0000  |    0.5614/  0.6122/  0.6256            0.6256           0.4289     0.0068  |       0.5285      0.1982
 214      0.1167        1.0000  |    0.5758/  0.6098/  0.6248            0.6248           0.4289     0.0102  |       0.5313      0.1982
 215      0.1167        1.0000  |    0.5716/  0.6169/  0.6324            0.6324           0.4289     0.0085  |       0.5227      0.1982
 216      0.1167        1.0000  |    0.5355/  0.6092/  0.6221            0.6221           0.4289     0.0119  |       0.5256      0.1982
 217      0.1167        1.0000  |    0.5433/  0.6072/  0.6237            0.6237           0.4289     0.0025  |       0.5278      0.1982
 218      0.1167        1.0000  |    0.5470/  0.6134/  0.6280            0.6280           0.4289     0.0034  |       0.5301      0.1982
 219      0.1167        1.0000  |    0.5531/  0.6063/  0.6217            0.6217           0.4289     0.0163  |       0.5277      0.1982
 220      0.1167        1.0000  |    0.5482/  0.6110/  0.6288            0.6288           0.4289     0.0183  |       0.5275      0.1982
 221      0.1167        1.0000  |    0.5431/  0.6065/  0.6220            0.6220           0.4289     0.0020  |       0.5275      0.1982
 222      0.1167        1.0000  |    0.5465/  0.6093/  0.6239            0.6239           0.4289     0.0059  |       0.5294      0.1982
 223      0.1167        1.0000  |    0.5381/  0.6106/  0.6262            0.6262           0.4289     0.0065  |       0.5310      0.1982
 224      0.1167        1.0000  |    0.5526/  0.6046/  0.6223            0.6223           0.4289     0.0086  |       0.5319      0.1982
 225      0.1167        1.0000  |    0.5600/  0.6057/  0.6223            0.6223           0.4289     0.0033  |       0.5280      0.1982
 226      0.1167        1.0000  |    0.5561/  0.6095/  0.6239            0.6239           0.4289     0.0128  |       0.5267      0.1982
 227      0.1167        1.0000  |    0.5463/  0.6098/  0.6262            0.6262           0.4281     0.0032  |       0.5315      0.1982
 228      0.1167        1.0000  |    0.5336/  0.6055/  0.6224            0.6224           0.4281     0.0054  |       0.5293      0.1982
 229      0.1167        1.0000  |    0.5530/  0.6071/  0.6237            0.6237           0.4296     0.0120  |       0.5269      0.1982
 230      0.1167        1.0000  |    0.5612/  0.6147/  0.6316            0.6316           0.4296     0.0065  |       0.5291      0.1982
 231      0.1167        1.0000  |    0.5492/  0.6035/  0.6162            0.6162           0.4296     0.0035  |       0.5297      0.1982
 232      0.1167        1.0000  |    0.5831/  0.6135/  0.6270            0.6270           0.4296     0.0100  |       0.5292      0.1982
 233      0.1167        1.0000  |    0.5544/  0.6084/  0.6229            0.6229           0.4296     0.0098  |       0.5315      0.1982
 234      0.1167        1.0000  |    0.5422/  0.6072/  0.6237            0.6237           0.4296     0.0038  |       0.5320      0.1982
 235      0.1167        1.0000  |    0.5617/  0.6106/  0.6253            0.6253           0.4296     0.0086  |       0.5292      0.1982
 236      0.1167        1.0000  |    0.5575/  0.6099/  0.6244            0.6244           0.4296     0.0035  |       0.5218      0.1982
 237      0.1167        1.0000  |    0.5560/  0.6116/  0.6260            0.6260           0.4296     0.0136  |       0.5210      0.1982
 238      0.1167        1.0000  |    0.5438/  0.6180/  0.6351            0.6351           0.4296     0.0043  |       0.5219      0.1982
 239      0.1167        1.0000  |    0.5275/  0.6016/  0.6172            0.6172           0.4296     0.0026  |       0.5187      0.1982
 240      0.1167        1.0000  |    0.5656/  0.6154/  0.6293            0.6293           0.4296     0.0061  |       0.5202      0.1982
 241      0.1167        1.0000  |    0.5710/  0.6132/  0.6274            0.6274           0.4296     0.0077  |       0.5172      0.1982
 242      0.1167        1.0000  |    0.5418/  0.6139/  0.6288            0.6288           0.4296     0.0006  |       0.5221      0.1982
 243      0.1167        1.0000  |    0.5367/  0.6094/  0.6234            0.6234           0.4296     0.0051  |       0.5222      0.1982
 244      0.1167        1.0000  |    0.5562/  0.6090/  0.6253            0.6253           0.4296     0.0055  |       0.5197      0.1982
 245      0.1167        1.0000  |    0.5386/  0.6060/  0.6190            0.6190           0.4296     0.0082  |       0.5238      0.1982
 246      0.1167        1.0000  |    0.5578/  0.6097/  0.6242            0.6242           0.4296     0.0060  |       0.5288      0.1982
 247      0.1167        1.0000  |    0.5500/  0.6118/  0.6277            0.6277           0.4296     0.0091  |       0.5315      0.1982
 248      0.1167        1.0000  |    0.5565/  0.6047/  0.6209            0.6209           0.4296     0.0035  |       0.5320      0.1982
 249      0.1167        1.0000  |    0.5691/  0.6124/  0.6332            0.6332           0.4295     0.0113  |       0.5317      0.1982
 250      0.1167        1.0000  |    0.5474/  0.6088/  0.6236            0.6236           0.4295     0.0098  |       0.5229      0.1982
 251      0.1167        1.0000  |    0.5609/  0.6151/  0.6297            0.6297           0.4296     0.0073  |       0.5300      0.1982
 252      0.1167        1.0000  |    0.5768/  0.6065/  0.6209            0.6209           0.4296     0.0053  |       0.5245      0.1982
 253      0.1167        1.0000  |    0.5585/  0.6141/  0.6285            0.6285           0.4296     0.0074  |       0.5253      0.1982
 254      0.1167        1.0000  |    0.5572/  0.6127/  0.6296            0.6296           0.4296     0.0093  |       0.5313      0.1982
 255      0.1167        1.0000  |    0.5633/  0.6150/  0.6264            0.6264           0.4296     0.0067  |       0.5315      0.1982
 256      0.1167        1.0000  |    0.5720/  0.6135/  0.6297            0.6297           0.4296     0.0047  |       0.5307      0.1982
 257      0.1167        1.0000  |    0.5576/  0.6184/  0.6351            0.6351           0.4296     0.0075  |       0.5303      0.1982
 258      0.1167        1.0000  |    0.5640/  0.6102/  0.6244            0.6244           0.4296     0.0009  |       0.5308      0.1982
 259      0.1167        1.0000  |    0.5397/  0.6125/  0.6280            0.6280           0.4296     0.0165  |       0.5300      0.1982
 260      0.1167        1.0000  |    0.5166/  0.6094/  0.6261            0.6261           0.4296     0.0103  |       0.5168      0.1982
 261      0.1167        1.0000  |    0.5584/  0.6180/  0.6336            0.6336           0.4296     0.0108  |       0.5233      0.1982
 262      0.1167        1.0000  |    0.5576/  0.6075/  0.6224            0.6224           0.4296     0.0060  |       0.5189      0.1982
 263      0.1167        1.0000  |    0.5785/  0.6149/  0.6304            0.6304           0.4296     0.0048  |       0.5203      0.1982
 264      0.1167        1.0000  |    0.5431/  0.6089/  0.6243            0.6243           0.4296     0.0023  |       0.5240      0.1982
 265      0.1167        1.0000  |    0.5088/  0.6073/  0.6203            0.6203           0.4297     0.0049  |       0.5230      0.1982
 266      0.1167        1.0000  |    0.5548/  0.6094/  0.6239            0.6239           0.4297     0.0122  |       0.5254      0.1982
 267      0.1167        1.0000  |    0.5578/  0.6144/  0.6293            0.6293           0.4296     0.0053  |       0.5312      0.1982
 268      0.1167        1.0000  |    0.5530/  0.6111/  0.6272            0.6272           0.4296     0.0079  |       0.5311      0.1982
 269      0.1167        1.0000  |    0.5645/  0.6084/  0.6234            0.6234           0.4297     0.0116  |       0.5306      0.1982
 270      0.1167        1.0000  |    0.5418/  0.6148/  0.6307            0.6307           0.4297     0.0096  |       0.5274      0.1982
 271      0.1167        1.0000  |    0.5323/  0.6116/  0.6254            0.6254           0.4297     0.0047  |       0.5285      0.1982
 272      0.1167        1.0000  |    0.5551/  0.6106/  0.6242            0.6242           0.4297     0.0079  |       0.5317      0.1982
 273      0.1167        1.0000  |    0.5413/  0.6124/  0.6261            0.6261           0.4297     0.0089  |       0.5271      0.1982
 274      0.1167        1.0000  |    0.5575/  0.6069/  0.6222            0.6222           0.4297     0.0132  |       0.5212      0.1982
 275      0.1167        1.0000  |    0.5679/  0.6141/  0.6304            0.6304           0.4297     0.0076  |       0.5283      0.1982
 276      0.1167        1.0000  |    0.5585/  0.6062/  0.6259            0.6259           0.4297     0.0101  |       0.5315      0.1982
 277      0.1168        1.0000  |    0.5568/  0.6105/  0.6246            0.6246           0.4281     0.0055  |       0.5265      0.1982
 278      0.1168        1.0000  |    0.5664/  0.6120/  0.6279            0.6279           0.4286     0.0119  |       0.5289      0.1982
 279      0.1168        1.0000  |    0.5025/  0.6069/  0.6242            0.6242           0.4286     0.0074  |       0.5318      0.1982
 280      0.1168        1.0000  |    0.5622/  0.6070/  0.6219            0.6219           0.4286     0.0061  |       0.5258      0.1982
 281      0.1168        1.0000  |    0.5393/  0.6090/  0.6266            0.6266           0.4286     0.0066  |       0.5275      0.1982
 282      0.1168        1.0000  |    0.5634/  0.6132/  0.6275            0.6275           0.4286     0.0078  |       0.5316      0.1982
 283      0.1168        1.0000  |    0.5164/  0.6048/  0.6210            0.6210           0.4286     0.0016  |       0.5321      0.1982
 284      0.1168        1.0000  |    0.5624/  0.6113/  0.6238            0.6238           0.4286     0.0033  |       0.5308      0.1982
 285      0.1168        1.0000  |    0.5692/  0.6054/  0.6248            0.6248           0.4286     0.0100  |       0.5298      0.1982
 286      0.1168        1.0000  |    0.5685/  0.6107/  0.6263            0.6263           0.4286     0.0096  |       0.5318      0.1982
 287      0.1168        1.0000  |    0.5461/  0.6132/  0.6292            0.6292           0.4286     0.0011  |       0.5278      0.1982
 288      0.1168        1.0000  |    0.5255/  0.6095/  0.6265            0.6265           0.4286     0.0069  |       0.5283      0.1982
 289      0.1168        1.0000  |    0.5528/  0.6091/  0.6256            0.6256           0.4286     0.0147  |       0.5310      0.1982
 290      0.1168        1.0000  |    0.5522/  0.6079/  0.6277            0.6277           0.4286     0.0058  |       0.5245      0.1982
 291      0.1168        1.0000  |    0.5591/  0.6101/  0.6246            0.6246           0.4286     0.0071  |       0.5244      0.1982
 292      0.1168        1.0000  |    0.5455/  0.6069/  0.6231            0.6231           0.4286     0.0070  |       0.5280      0.1982
 293      0.1168        1.0000  |    0.5791/  0.6122/  0.6261            0.6261           0.4286     0.0083  |       0.5256      0.1982
 294      0.1168        1.0000  |    0.5527/  0.6101/  0.6263            0.6263           0.4286     0.0081  |       0.5289      0.1982
 295      0.1168        1.0000  |    0.5581/  0.6070/  0.6204            0.6204           0.4286     0.0067  |       0.5318      0.1982
 296      0.1168        1.0000  |    0.5517/  0.6006/  0.6149            0.6149           0.4286     0.0009  |       0.5265      0.1982
 297      0.1168        1.0000  |    0.5645/  0.6059/  0.6241            0.6241           0.4287     0.0084  |       0.5264      0.1982
 298      0.1168        1.0000  |    0.5412/  0.6110/  0.6291            0.6291           0.4287     0.0044  |       0.5314      0.1982
 299      0.1168        1.0000  |    0.5607/  0.6113/  0.6251            0.6251           0.4287     0.0063  |       0.5292      0.1982
IMAGEIO FFMPEG_WRITER WARNING: input image is not divisible by macro_block_size=16, resizing from (320, 180) to (320, 192) to ensure video compatibility with most codecs and players. To prevent resizing, make your input image divisible by the macro_block_size or set the macro_block_size to 1 (risking incompatibility).

Saved 300 frames -> /home/ashwink/Documents/swms/SWM_copy/rollouts_5_per/expert-only/epoch10/epoch10_rollout0_failure.mp4
min dist(green_cube,blue_moon) over episode = 0.1982  ->  FAILURE
Full log written to /home/ashwink/Documents/swms/SWM_copy/rollouts_5_per/expert-only/epoch10/epoch10_rollout0_20260723_131403.log
Result json -> /home/ashwink/Documents/swms/SWM_copy/rollouts_5_per/expert-only/epoch10/epoch10_rollout0_result.json
