Checkpoint dir epoch: 10  Rollout: 2
Logging to /home/ashwink/Documents/swms/SWM_copy/rollouts_5_per/expert-only/epoch10/epoch10_rollout2_20260723_131724.log
Goal (fixed, steps 0-299): the green cube is touching the blue moon. the peg is touching the green cube.

Checkpoint: /home/ashwink/Documents/swms/SWM_copy/training/checkpoints_clip_full_finetuned_wider_hl/epoch_010.pt
  epoch=10  step=9438

Loading CLIP ViT-L/14 (datacomp_xl_s13b_b90k) + fine-tuned clip_state_dict ...
Parsing model identifier. Schema: None, Identifier: ViT-L-14
Loaded built-in ViT-L-14 model config.
Instantiating model architecture: CLIP
Loading full pretrained weights from: /home/ashwink/.cache/huggingface/hub/models--laion--CLIP-ViT-L-14-DataComp.XL-s13B-b90K/snapshots/84c9828e63dc9a9351d1fe637c346d4c1c4db341/open_clip_pytorch_model.bin
Final image preprocessing configuration set: {'size': (224, 224), 'mode': 'RGB', 'mean': (0.48145466, 0.4578275, 0.40821073), 'std': (0.26862954, 0.26130258, 0.27577711), 'interpolation': 'bicubic', 'resize_mode': 'shortest', 'fill_color': 0}
Model ViT-L-14 creation process complete.
Parsing tokenizer identifier. Schema: None, Identifier: ViT-L-14
Attempting to load config from built-in: ViT-L-14
Using default SimpleTokenizer.
z_star shape: torch.Size([768])

Loading action stats from /home/ashwink/full_data_5000/langtable/demos/ ...
  lo=[-0.03372681140899658, -0.03493623435497284]  hi=[0.03496786952018738, 0.03494429588317871]

Initializing LangTable env ...
Loading URDF plane.urdf
Loading URDF /home/ashwink/Documents/swms/.venv/lib/python3.10/site-packages/language_table/environments/utils/../../../language_table/environments/assets/workspace_real.urdf
Loading URDF xarm/xarm6_robot_white.urdf
Loading URDF /home/ashwink/Documents/swms/.venv/lib/python3.10/site-packages/language_table/environments/utils/../../../language_table/environments/assets/suction/cylinder_real.urdf
Loading URDF /home/ashwink/Documents/swms/.venv/lib/python3.10/site-packages/language_table/environments/utils/../../../language_table/environments/assets/blocks/red_moon.urdf
Loading URDF /home/ashwink/Documents/swms/.venv/lib/python3.10/site-packages/language_table/environments/utils/../../../language_table/environments/assets/blocks/red_cube.urdf
Loading URDF /home/ashwink/Documents/swms/.venv/lib/python3.10/site-packages/language_table/environments/utils/../../../language_table/environments/assets/blocks/red_star.urdf
Loading URDF /home/ashwink/Documents/swms/.venv/lib/python3.10/site-packages/language_table/environments/utils/../../../language_table/environments/assets/blocks/red_pentagon.urdf
Loading URDF /home/ashwink/Documents/swms/.venv/lib/python3.10/site-packages/language_table/environments/utils/../../../language_table/environments/assets/blocks/blue_moon.urdf
Loading URDF /home/ashwink/Documents/swms/.venv/lib/python3.10/site-packages/language_table/environments/utils/../../../language_table/environments/assets/blocks/blue_cube.urdf
Loading URDF /home/ashwink/Documents/swms/.venv/lib/python3.10/site-packages/language_table/environments/utils/../../../language_table/environments/assets/blocks/blue_star.urdf
Loading URDF /home/ashwink/Documents/swms/.venv/lib/python3.10/site-packages/language_table/environments/utils/../../../language_table/environments/assets/blocks/blue_pentagon.urdf
Loading URDF /home/ashwink/Documents/swms/.venv/lib/python3.10/site-packages/language_table/environments/utils/../../../language_table/environments/assets/blocks/yellow_moon.urdf
Loading URDF /home/ashwink/Documents/swms/.venv/lib/python3.10/site-packages/language_table/environments/utils/../../../language_table/environments/assets/blocks/yellow_cube.urdf
Loading URDF /home/ashwink/Documents/swms/.venv/lib/python3.10/site-packages/language_table/environments/utils/../../../language_table/environments/assets/blocks/yellow_star.urdf
Loading URDF /home/ashwink/Documents/swms/.venv/lib/python3.10/site-packages/language_table/environments/utils/../../../language_table/environments/assets/blocks/yellow_pentagon.urdf
Loading URDF /home/ashwink/Documents/swms/.venv/lib/python3.10/site-packages/language_table/environments/utils/../../../language_table/environments/assets/blocks/green_moon.urdf
Loading URDF /home/ashwink/Documents/swms/.venv/lib/python3.10/site-packages/language_table/environments/utils/../../../language_table/environments/assets/blocks/green_cube.urdf
Loading URDF /home/ashwink/Documents/swms/.venv/lib/python3.10/site-packages/language_table/environments/utils/../../../language_table/environments/assets/blocks/green_star.urdf
Loading URDF /home/ashwink/Documents/swms/.venv/lib/python3.10/site-packages/language_table/environments/utils/../../../language_table/environments/assets/blocks/green_pentagon.urdf
Loading URDF /home/ashwink/Documents/swms/.venv/lib/python3.10/site-packages/language_table/environments/utils/../../../language_table/environments/assets/blocks/purple_moon.urdf
Loading URDF /home/ashwink/Documents/swms/.venv/lib/python3.10/site-packages/language_table/environments/utils/../../../language_table/environments/assets/blocks/purple_cube.urdf
Loading URDF /home/ashwink/Documents/swms/.venv/lib/python3.10/site-packages/language_table/environments/utils/../../../language_table/environments/assets/blocks/purple_star.urdf
Loading URDF /home/ashwink/Documents/swms/.venv/lib/python3.10/site-packages/language_table/environments/utils/../../../language_table/environments/assets/blocks/purple_pentagon.urdf
Env ready.

Forced peg start: [0.42843915 0.24419614]  (green_cube=[0.40339102 0.18967466], blue_moon=[0.32039625 0.00902261])
  dist(peg,green_cube)=0.0600  dist(peg,blue_moon)=0.2588  dist(green_cube,blue_moon)=0.1988

step  cos(zt,z*)  cos(zt,zt-1)  |   cos(predK,z*) min/mean/max  cos(pred_sel,z*)   cos(zpred0,z*)  ||a_raw||  |  dist(peg,A)   dist(A,B)
-------------------------------------------------------------------------------------------------------------------------------------------------------------------------------
   0      0.1395           nan  |    0.4404/  0.7455/  0.7744            0.7744           0.6609     0.0114  |       0.0587      0.1988
   1      0.1427        0.9939  |    0.7213/  0.7556/  0.7657            0.7657           0.6568     0.0014  |       0.0524      0.1988
   2      0.1463        0.9971  |    0.7220/  0.7531/  0.7644            0.7644           0.6614     0.0067  |       0.0525      0.1988
   3      0.1470        0.9905  |    0.7163/  0.7502/  0.7629            0.7629           0.6656     0.0102  |       0.0581      0.1988
   4      0.1416        0.9897  |    0.7124/  0.7538/  0.7640            0.7640           0.6638     0.0148  |       0.0517      0.1988
   5      0.1441        0.9954  |    0.7197/  0.7534/  0.7648            0.7648           0.6583     0.0138  |       0.0600      0.1988
   6      0.1419        0.9923  |    0.6989/  0.7626/  0.7726            0.7726           0.6606     0.0052  |       0.0491      0.1988
   7      0.1419        0.9957  |    0.6983/  0.7561/  0.7677            0.7677           0.6584     0.0063  |       0.0435      0.1988
   8      0.1455        0.9906  |    0.7196/  0.7603/  0.7749            0.7749           0.6562     0.0052  |       0.0438      0.1988
   9      0.1419        0.9952  |    0.7322/  0.7597/  0.7714            0.7714           0.6596     0.0073  |       0.0468      0.1988
  10      0.1577        0.9243  |    0.7154/  0.7602/  0.7725            0.7725           0.6338     0.0093  |       0.0415      0.1988
  11      0.1580        0.9519  |    0.7157/  0.7491/  0.7608            0.7608           0.6290     0.0090  |       0.0455      0.1988
  12      0.1637        0.9532  |    0.7034/  0.7456/  0.7605            0.7605           0.6205     0.0046  |       0.0475      0.1988
  13      0.1579        0.9533  |    0.6754/  0.7056/  0.7158            0.7158           0.5669     0.0131  |       0.0511      0.1988
  14      0.1332        0.9108  |    0.6573/  0.6968/  0.7100            0.7100           0.5375     0.0025  |       0.0454      0.1988
  15      0.1353        0.9729  |    0.6899/  0.7290/  0.7412            0.7412           0.5895     0.0075  |       0.0455      0.1988
  16      0.1394        0.9484  |    0.6984/  0.7197/  0.7307            0.7307           0.5541     0.0116  |       0.0429      0.1988
  17      0.1442        0.9210  |    0.7001/  0.7321/  0.7442            0.7442           0.5774     0.0078  |       0.0335      0.1986
  18      0.1152        0.8913  |    0.7059/  0.7370/  0.7479            0.7479           0.5982     0.0033  |       0.0323      0.1964
  19      0.1348        0.9453  |    0.7036/  0.7307/  0.7424            0.7424           0.5811     0.0089  |       0.0322      0.1966
  20      0.1125        0.8590  |    0.6730/  0.7215/  0.7312            0.7312           0.5647     0.0010  |       0.0326      0.1962
  21      0.1220        0.9538  |    0.6861/  0.7149/  0.7277            0.7277           0.5242     0.0075  |       0.0328      0.1962
  22      0.1219        0.8793  |    0.6462/  0.6670/  0.6789            0.6789           0.4206     0.0100  |       0.0355      0.1961
  23      0.1353        0.9178  |    0.5279/  0.5524/  0.5737            0.5737           0.1204     0.0148  |       0.0424      0.1961
  24      0.0656        0.8582  |    0.1983/  0.2314/  0.2669            0.2669          -0.2651     0.0180  |       0.0549      0.1961
  25     -0.0002        0.8720  |   -0.2089/ -0.1692/ -0.1358           -0.1358          -0.2898     0.0321  |       0.0677      0.1961
  26      0.0380        0.8688  |   -0.0788/ -0.0417/ -0.0169           -0.0169          -0.2771     0.0451  |       0.0732      0.1961
  27      0.0207        0.7996  |    0.0219/  0.0520/  0.0768            0.0768          -0.4121     0.0474  |       0.1093      0.1961
  28     -0.0656        0.6266  |   -0.0735/ -0.0452/ -0.0236           -0.0236          -0.3677     0.0477  |       0.1538      0.1961
  29     -0.0712        0.8357  |   -0.1047/ -0.0783/ -0.0521           -0.0521          -0.3854     0.0465  |       0.1998      0.2284
  30      0.0519        0.8326  |   -0.2809/ -0.2504/ -0.2082           -0.2082          -0.4510     0.0347  |       0.2450      0.2303
  31      0.0899        0.7400  |   -0.1581/ -0.1249/ -0.1001           -0.1001          -0.4382     0.0326  |       0.2776      0.2303
  32      0.0625        0.7719  |   -0.2329/ -0.2110/ -0.1927           -0.1927          -0.3918     0.0391  |       0.3074      0.2303
  33      0.0829        0.8361  |    0.0162/  0.0404/  0.0545            0.0545          -0.4268     0.0339  |       0.3261      0.2303
  34      0.0765        0.8401  |   -0.1774/ -0.1629/ -0.1547           -0.1547          -0.4018     0.0354  |       0.3286      0.2303
  35      0.0968        0.8578  |   -0.1375/ -0.1126/ -0.0977           -0.0977          -0.3760     0.0345  |       0.3293      0.2303
  36      0.0853        0.9289  |   -0.2455/ -0.2229/ -0.2091           -0.2091          -0.4554     0.0335  |       0.3356      0.2303
  37      0.0753        0.9352  |   -0.2818/ -0.2502/ -0.2343           -0.2343          -0.4438     0.0380  |       0.3503      0.2303
  38      0.0403        0.9201  |   -0.2414/ -0.2165/ -0.1962           -0.1962          -0.4519     0.0348  |       0.3680      0.2303
  39      0.0631        0.9223  |   -0.2541/ -0.2342/ -0.2228           -0.2228          -0.4498     0.0388  |       0.3841      0.2303
  40      0.0500        0.7904  |    0.0329/  0.0589/  0.0816            0.0816          -0.4013     0.0324  |       0.4116      0.2303
  41      0.0463        0.8957  |    0.1037/  0.1243/  0.1418            0.1418          -0.4073     0.0431  |       0.4351      0.2303
  42      0.0239        0.9705  |    0.1981/  0.2203/  0.2414            0.2414          -0.3756     0.0393  |       0.4738      0.2303
  43      0.0239        1.0000  |    0.2071/  0.2308/  0.2522            0.2522          -0.3758     0.0469  |       0.5121      0.2303
  44      0.0239        1.0000  |    0.1705/  0.1971/  0.2178            0.2178          -0.3758     0.0348  |       0.5131      0.2303
  45      0.0239        1.0000  |    0.1606/  0.1866/  0.2077            0.2077          -0.3758     0.0346  |       0.5105      0.2303
  46      0.0239        1.0000  |    0.1781/  0.2043/  0.2255            0.2255          -0.3756     0.0364  |       0.5115      0.2303
  47      0.0239        1.0000  |    0.1911/  0.2159/  0.2358            0.2358          -0.3756     0.0348  |       0.5142      0.2303
  48      0.0239        1.0000  |    0.1899/  0.2149/  0.2342            0.2342          -0.3756     0.0382  |       0.5161      0.2303
  49      0.0239        1.0000  |    0.2123/  0.2357/  0.2538            0.2538          -0.3756     0.0345  |       0.5123      0.2303
  50      0.0239        1.0000  |    0.1859/  0.2212/  0.2461            0.2461          -0.3756     0.0369  |       0.5107      0.2303
  51      0.0239        1.0000  |    0.2053/  0.2339/  0.2520            0.2520          -0.3756     0.0415  |       0.5080      0.2303
  52      0.0239        1.0000  |    0.1934/  0.2188/  0.2385            0.2385          -0.3756     0.0327  |       0.5034      0.2303
  53      0.0239        1.0000  |    0.1978/  0.2321/  0.2502            0.2502          -0.3756     0.0355  |       0.5030      0.2303
  54      0.0239        1.0000  |    0.1849/  0.2098/  0.2319            0.2319          -0.3756     0.0348  |       0.5011      0.2303
  55      0.0239        1.0000  |    0.2070/  0.2323/  0.2493            0.2493          -0.3756     0.0433  |       0.5004      0.2303
  56      0.0239        1.0000  |    0.1957/  0.2218/  0.2437            0.2437          -0.3756     0.0358  |       0.4972      0.2303
  57      0.0239        1.0000  |    0.2109/  0.2357/  0.2546            0.2546          -0.3756     0.0372  |       0.4981      0.2303
  58      0.0239        1.0000  |    0.2000/  0.2279/  0.2475            0.2475          -0.3756     0.0371  |       0.4968      0.2303
  59      0.0239        1.0000  |    0.2130/  0.2343/  0.2537            0.2537          -0.3756     0.0337  |       0.4956      0.2303
  60      0.0239        1.0000  |    0.2403/  0.2582/  0.2752            0.2752          -0.3756     0.0341  |       0.4953      0.2303
  61      0.0239        1.0000  |    0.2076/  0.2365/  0.2558            0.2558          -0.3756     0.0412  |       0.4950      0.2303
  62      0.0239        1.0000  |    0.1826/  0.2124/  0.2403            0.2403          -0.3756     0.0386  |       0.4942      0.2303
  63      0.0239        1.0000  |    0.1903/  0.2121/  0.2331            0.2331          -0.3756     0.0352  |       0.4941      0.2303
  64      0.0239        1.0000  |    0.2211/  0.2432/  0.2626            0.2626          -0.3756     0.0468  |       0.4939      0.2303
  65      0.0239        1.0000  |    0.1990/  0.2250/  0.2468            0.2468          -0.3756     0.0416  |       0.4952      0.2303
  66      0.0239        1.0000  |    0.2046/  0.2406/  0.2644            0.2644          -0.3756     0.0341  |       0.4973      0.2303
  67      0.0239        1.0000  |    0.2059/  0.2326/  0.2539            0.2539          -0.3756     0.0333  |       0.4975      0.2303
  68      0.0239        1.0000  |    0.1863/  0.2214/  0.2405            0.2405          -0.3756     0.0394  |       0.4982      0.2303
  69      0.0239        1.0000  |    0.2047/  0.2359/  0.2592            0.2592          -0.3756     0.0333  |       0.5013      0.2303
  70      0.0239        1.0000  |    0.2348/  0.2565/  0.2731            0.2731          -0.3756     0.0392  |       0.5006      0.2303
  71      0.0239        1.0000  |    0.2305/  0.2488/  0.2648            0.2648          -0.3756     0.0357  |       0.5037      0.2303
  72      0.0239        1.0000  |    0.2184/  0.2432/  0.2602            0.2602          -0.3756     0.0304  |       0.5065      0.2303
  73      0.0239        1.0000  |    0.2125/  0.2440/  0.2610            0.2610          -0.3756     0.0447  |       0.5075      0.2303
  74      0.0239        1.0000  |    0.2083/  0.2391/  0.2604            0.2604          -0.3756     0.0345  |       0.5142      0.2303
  75      0.0239        1.0000  |    0.1977/  0.2211/  0.2411            0.2411          -0.3756     0.0398  |       0.5152      0.2303
  76      0.0239        1.0000  |    0.1791/  0.2033/  0.2258            0.2258          -0.3756     0.0362  |       0.5211      0.2303
  77      0.0239        1.0000  |    0.1704/  0.1960/  0.2179            0.2179          -0.3756     0.0348  |       0.5249      0.2303
  78      0.0239        1.0000  |    0.1813/  0.2119/  0.2356            0.2356          -0.3756     0.0348  |       0.5253      0.2303
  79      0.0239        1.0000  |    0.2078/  0.2337/  0.2561            0.2561          -0.3756     0.0340  |       0.5264      0.2303
  80      0.0239        1.0000  |    0.2035/  0.2315/  0.2527            0.2527          -0.3756     0.0342  |       0.5271      0.2303
  81      0.0239        1.0000  |    0.1910/  0.2199/  0.2399            0.2399          -0.3756     0.0426  |       0.5292      0.2303
  82      0.0239        1.0000  |    0.1943/  0.2165/  0.2411            0.2411          -0.3756     0.0340  |       0.5379      0.2303
  83      0.0239        1.0000  |    0.2053/  0.2350/  0.2605            0.2605          -0.3756     0.0345  |       0.5373      0.2303
  84      0.0239        1.0000  |    0.2152/  0.2453/  0.2629            0.2629          -0.3756     0.0374  |       0.5360      0.2303
  85      0.0239        1.0000  |    0.2057/  0.2356/  0.2585            0.2585          -0.3756     0.0355  |       0.5408      0.2303
  86      0.0239        1.0000  |    0.2100/  0.2364/  0.2571            0.2571          -0.3756     0.0371  |       0.5452      0.2303
  87      0.0239        1.0000  |    0.1902/  0.2205/  0.2400            0.2400          -0.3756     0.0346  |       0.5503      0.2303
  88      0.0239        1.0000  |    0.1887/  0.2162/  0.2430            0.2430          -0.3756     0.0446  |       0.5507      0.2303
  89      0.0239        1.0000  |    0.2001/  0.2240/  0.2424            0.2424          -0.3756     0.0355  |       0.5508      0.2303
  90      0.0239        1.0000  |    0.1762/  0.1963/  0.2156            0.2156          -0.3756     0.0366  |       0.5474      0.2303
  91      0.0239        1.0000  |    0.1477/  0.1833/  0.2188            0.2188          -0.3756     0.0393  |       0.5418      0.2303
  92      0.0239        1.0000  |    0.1803/  0.2044/  0.2291            0.2291          -0.3756     0.0337  |       0.5487      0.2303
  93      0.0239        1.0000  |    0.2163/  0.2399/  0.2599            0.2599          -0.3756     0.0352  |       0.5480      0.2303
  94      0.0239        1.0000  |    0.1749/  0.2052/  0.2346            0.2346          -0.3756     0.0349  |       0.5505      0.2303
  95      0.0239        1.0000  |    0.1826/  0.2087/  0.2320            0.2320          -0.3756     0.0346  |       0.5508      0.2303
  96      0.0239        1.0000  |    0.2195/  0.2464/  0.2723            0.2723          -0.3756     0.0341  |       0.5508      0.2303
  97      0.0239        1.0000  |    0.2076/  0.2335/  0.2539            0.2539          -0.3756     0.0413  |       0.5481      0.2303
  98      0.0239        1.0000  |    0.2011/  0.2382/  0.2600            0.2600          -0.3756     0.0348  |       0.5506      0.2303
  99      0.0239        1.0000  |    0.2038/  0.2250/  0.2481            0.2481          -0.3756     0.0346  |       0.5507      0.2303
 100      0.0239        1.0000  |    0.1646/  0.1947/  0.2228            0.2228          -0.3756     0.0400  |       0.5507      0.2303
 101      0.0239        1.0000  |    0.1741/  0.2060/  0.2239            0.2239          -0.3756     0.0354  |       0.5507      0.2303
 102      0.0239        1.0000  |    0.1972/  0.2242/  0.2437            0.2437          -0.3756     0.0344  |       0.5477      0.2303
 103      0.0239        1.0000  |    0.2353/  0.2568/  0.2727            0.2727          -0.3756     0.0371  |       0.5449      0.2303
 104      0.0239        1.0000  |    0.2147/  0.2358/  0.2544            0.2544          -0.3756     0.0355  |       0.5503      0.2303
 105      0.0239        1.0000  |    0.2097/  0.2327/  0.2522            0.2522          -0.3756     0.0382  |       0.5508      0.2303
 106      0.0239        1.0000  |    0.1758/  0.1987/  0.2229            0.2229          -0.3756     0.0340  |       0.5509      0.2303
 107      0.0239        1.0000  |    0.1885/  0.2153/  0.2449            0.2449          -0.3756     0.0361  |       0.5508      0.2303
 108      0.0239        1.0000  |    0.1985/  0.2243/  0.2404            0.2404          -0.3756     0.0346  |       0.5507      0.2303
 109      0.0239        1.0000  |    0.2037/  0.2350/  0.2560            0.2560          -0.3756     0.0353  |       0.5507      0.2303
 110      0.0239        1.0000  |    0.1665/  0.2079/  0.2348            0.2348          -0.3756     0.0351  |       0.5508      0.2303
 111      0.0239        1.0000  |    0.1905/  0.2204/  0.2465            0.2465          -0.3756     0.0351  |       0.5508      0.2303
 112      0.0239        1.0000  |    0.1724/  0.2003/  0.2206            0.2206          -0.3756     0.0344  |       0.5508      0.2303
 113      0.0239        1.0000  |    0.1626/  0.1905/  0.2141            0.2141          -0.3756     0.0351  |       0.5507      0.2303
 114      0.0239        1.0000  |    0.1659/  0.2019/  0.2287            0.2287          -0.3756     0.0352  |       0.5508      0.2303
 115      0.0239        1.0000  |    0.1941/  0.2259/  0.2521            0.2521          -0.3756     0.0344  |       0.5508      0.2303
 116      0.0239        1.0000  |    0.1725/  0.2022/  0.2287            0.2287          -0.3756     0.0368  |       0.5508      0.2303
 117      0.0239        1.0000  |    0.1995/  0.2230/  0.2403            0.2403          -0.3756     0.0359  |       0.5508      0.2303
 118      0.0239        1.0000  |    0.1542/  0.1855/  0.2048            0.2048          -0.3756     0.0354  |       0.5508      0.2303
 119      0.0239        1.0000  |    0.1648/  0.1889/  0.2057            0.2057          -0.3756     0.0362  |       0.5507      0.2303
 120      0.0239        1.0000  |    0.2105/  0.2390/  0.2612            0.2612          -0.3756     0.0358  |       0.5459      0.2303
 121      0.0239        1.0000  |    0.2039/  0.2267/  0.2478            0.2478          -0.3756     0.0389  |       0.5417      0.2303
 122      0.0239        1.0000  |    0.1699/  0.2024/  0.2317            0.2317          -0.3756     0.0429  |       0.5486      0.2303
 123      0.0239        1.0000  |    0.1713/  0.2118/  0.2341            0.2341          -0.3756     0.0355  |       0.5506      0.2303
 124      0.0239        1.0000  |    0.2064/  0.2256/  0.2446            0.2446          -0.3756     0.0360  |       0.5474      0.2303
 125      0.0239        1.0000  |    0.1778/  0.2084/  0.2280            0.2280          -0.3756     0.0339  |       0.5505      0.2303
 126      0.0239        1.0000  |    0.1931/  0.2182/  0.2409            0.2409          -0.3756     0.0341  |       0.5499      0.2303
 127      0.0239        1.0000  |    0.2115/  0.2364/  0.2588            0.2588          -0.3756     0.0432  |       0.5502      0.2303
 128      0.0239        1.0000  |    0.1827/  0.2139/  0.2338            0.2338          -0.3756     0.0349  |       0.5508      0.2303
 129      0.0239        1.0000  |    0.2056/  0.2324/  0.2566            0.2566          -0.3756     0.0339  |       0.5508      0.2303
 130      0.0239        1.0000  |    0.2073/  0.2322/  0.2552            0.2552          -0.3756     0.0339  |       0.5508      0.2303
 131      0.0239        1.0000  |    0.1798/  0.2100/  0.2352            0.2352          -0.3756     0.0371  |       0.5508      0.2303
 132      0.0239        1.0000  |    0.1796/  0.2106/  0.2321            0.2321          -0.3756     0.0349  |       0.5508      0.2303
 133      0.0239        1.0000  |    0.1981/  0.2285/  0.2527            0.2527          -0.3756     0.0356  |       0.5484      0.2303
 134      0.0239        1.0000  |    0.1900/  0.2174/  0.2362            0.2362          -0.3756     0.0435  |       0.5506      0.2303
 135      0.0239        1.0000  |    0.1672/  0.1953/  0.2152            0.2152          -0.3756     0.0363  |       0.5508      0.2303
 136      0.0239        1.0000  |    0.1802/  0.2036/  0.2280            0.2280          -0.3756     0.0344  |       0.5508      0.2303
 137      0.0239        1.0000  |    0.1867/  0.2126/  0.2312            0.2312          -0.3756     0.0349  |       0.5508      0.2303
 138      0.0238        1.0000  |    0.1655/  0.1905/  0.2112            0.2112          -0.3762     0.0341  |       0.5484      0.2303
 139      0.0238        1.0000  |    0.1842/  0.2126/  0.2366            0.2366          -0.3762     0.0368  |       0.5484      0.2303
 140      0.0239        1.0000  |    0.1767/  0.2045/  0.2267            0.2267          -0.3756     0.0395  |       0.5506      0.2303
 141      0.0239        1.0000  |    0.1599/  0.1984/  0.2174            0.2174          -0.3756     0.0371  |       0.5430      0.2303
 142      0.0239        1.0000  |    0.1993/  0.2236/  0.2434            0.2434          -0.3756     0.0349  |       0.5474      0.2303
 143      0.0239        1.0000  |    0.2050/  0.2378/  0.2597            0.2597          -0.3756     0.0351  |       0.5453      0.2303
 144      0.0239        1.0000  |    0.1903/  0.2158/  0.2380            0.2380          -0.3756     0.0475  |       0.5482      0.2303
 145      0.0239        1.0000  |    0.1682/  0.1944/  0.2158            0.2158          -0.3756     0.0389  |       0.5506      0.2303
 146      0.0239        1.0000  |    0.1599/  0.1817/  0.2036            0.2036          -0.3756     0.0348  |       0.5437      0.2303
 147      0.0239        1.0000  |    0.1995/  0.2285/  0.2516            0.2516          -0.3756     0.0347  |       0.5438      0.2303
 148      0.0239        1.0000  |    0.1952/  0.2179/  0.2391            0.2391          -0.3756     0.0349  |       0.5419      0.2303
 149      0.0239        1.0000  |    0.1820/  0.2139/  0.2457            0.2457          -0.3756     0.0352  |       0.5441      0.2303
 150      0.0239        1.0000  |    0.1520/  0.1820/  0.2075            0.2075          -0.3756     0.0370  |       0.5474      0.2303
 151      0.0239        1.0000  |    0.1872/  0.2098/  0.2288            0.2288          -0.3752     0.0341  |       0.5506      0.2303
 152      0.0239        1.0000  |    0.1865/  0.2091/  0.2271            0.2271          -0.3756     0.0367  |       0.5508      0.2303
 153      0.0238        1.0000  |    0.1987/  0.2274/  0.2542            0.2542          -0.3762     0.0356  |       0.5458      0.2303
 154      0.0238        1.0000  |    0.1921/  0.2147/  0.2309            0.2309          -0.3762     0.0360  |       0.5481      0.2303
 155      0.0239        1.0000  |    0.2012/  0.2308/  0.2554            0.2554          -0.3756     0.0342  |       0.5506      0.2303
 156      0.0239        1.0000  |    0.2172/  0.2451/  0.2657            0.2657          -0.3756     0.0374  |       0.5508      0.2303
 157      0.0239        1.0000  |    0.2136/  0.2336/  0.2546            0.2546          -0.3752     0.0411  |       0.5509      0.2303
 158      0.0239        1.0000  |    0.1983/  0.2234/  0.2479            0.2479          -0.3752     0.0358  |       0.5509      0.2303
 159      0.0239        1.0000  |    0.2047/  0.2285/  0.2486            0.2486          -0.3756     0.0345  |       0.5509      0.2303
 160      0.0239        1.0000  |    0.2087/  0.2319/  0.2498            0.2498          -0.3752     0.0360  |       0.5499      0.2303
 161      0.0239        1.0000  |    0.2105/  0.2340/  0.2572            0.2572          -0.3756     0.0337  |       0.5508      0.2303
 162      0.0239        1.0000  |    0.2022/  0.2260/  0.2461            0.2461          -0.3752     0.0358  |       0.5508      0.2303
 163      0.0239        1.0000  |    0.1853/  0.2143/  0.2362            0.2362          -0.3756     0.0421  |       0.5509      0.2303
 164      0.0238        1.0000  |    0.1750/  0.2110/  0.2303            0.2303          -0.3758     0.0355  |       0.5509      0.2303
 165      0.0238        1.0000  |    0.1782/  0.2071/  0.2300            0.2300          -0.3762     0.0357  |       0.5509      0.2303
 166      0.0239        1.0000  |    0.1897/  0.2192/  0.2416            0.2416          -0.3752     0.0365  |       0.5480      0.2303
 167      0.0239        1.0000  |    0.1861/  0.2071/  0.2295            0.2295          -0.3752     0.0345  |       0.5506      0.2303
 168      0.0239        1.0000  |    0.2223/  0.2452/  0.2684            0.2684          -0.3752     0.0376  |       0.5504      0.2303
 169      0.0239        1.0000  |    0.2059/  0.2281/  0.2497            0.2497          -0.3756     0.0347  |       0.5508      0.2303
 170      0.0239        1.0000  |    0.2095/  0.2274/  0.2483            0.2483          -0.3752     0.0341  |       0.5509      0.2303
 171      0.0239        1.0000  |    0.1978/  0.2291/  0.2555            0.2555          -0.3752     0.0349  |       0.5509      0.2303
 172      0.0239        1.0000  |    0.2017/  0.2342/  0.2600            0.2600          -0.3756     0.0378  |       0.5509      0.2303
 173      0.0238        1.0000  |    0.1759/  0.2015/  0.2209            0.2209          -0.3758     0.0358  |       0.5509      0.2303
 174      0.0239        1.0000  |    0.1913/  0.2175/  0.2383            0.2383          -0.3756     0.0345  |       0.5509      0.2303
 175      0.0239        1.0000  |    0.1970/  0.2256/  0.2495            0.2495          -0.3752     0.0348  |       0.5488      0.2303
 176      0.0239        1.0000  |    0.1912/  0.2215/  0.2419            0.2419          -0.3756     0.0349  |       0.5490      0.2303
 177      0.0239        1.0000  |    0.2108/  0.2418/  0.2638            0.2638          -0.3752     0.0390  |       0.5492      0.2303
 178      0.0239        1.0000  |    0.2114/  0.2428/  0.2665            0.2665          -0.3752     0.0334  |       0.5507      0.2303
 179      0.0238        1.0000  |    0.2209/  0.2432/  0.2643            0.2643          -0.3758     0.0404  |       0.5509      0.2303
 180      0.0239        1.0000  |    0.1826/  0.2053/  0.2263            0.2263          -0.3752     0.0377  |       0.5509      0.2303
 181      0.0239        1.0000  |    0.1856/  0.2121/  0.2369            0.2369          -0.3752     0.0346  |       0.5509      0.2303
 182      0.0239        1.0000  |    0.1949/  0.2178/  0.2368            0.2368          -0.3752     0.0341  |       0.5505      0.2303
 183      0.0239        1.0000  |    0.2023/  0.2282/  0.2497            0.2497          -0.3752     0.0379  |       0.5509      0.2303
 184      0.0238        1.0000  |    0.2005/  0.2384/  0.2536            0.2536          -0.3758     0.0347  |       0.5509      0.2303
 185      0.0239        1.0000  |    0.2214/  0.2496/  0.2676            0.2676          -0.3752     0.0338  |       0.5509      0.2303
 186      0.0239        1.0000  |    0.2158/  0.2396/  0.2600            0.2600          -0.3752     0.0358  |       0.5509      0.2303
 187      0.0239        1.0000  |    0.1893/  0.2178/  0.2403            0.2403          -0.3752     0.0431  |       0.5509      0.2303
 188      0.0238        1.0000  |    0.1513/  0.1971/  0.2229            0.2229          -0.3758     0.0354  |       0.5509      0.2303
 189      0.0239        1.0000  |    0.1599/  0.1870/  0.2062            0.2062          -0.3752     0.0349  |       0.5509      0.2303
 190      0.0239        1.0000  |    0.1751/  0.2001/  0.2186            0.2186          -0.3756     0.0376  |       0.5477      0.2303
 191      0.0239        1.0000  |    0.1640/  0.1955/  0.2260            0.2260          -0.3752     0.0345  |       0.5414      0.2303
 192      0.0238        1.0000  |    0.1931/  0.2154/  0.2395            0.2395          -0.3758     0.0359  |       0.5399      0.2303
 193      0.0239        1.0000  |    0.2127/  0.2347/  0.2577            0.2577          -0.3752     0.0334  |       0.5435      0.2303
 194      0.0238        1.0000  |    0.1906/  0.2154/  0.2386            0.2386          -0.3761     0.0405  |       0.5448      0.2303
 195      0.0239        1.0000  |    0.2021/  0.2285/  0.2484            0.2484          -0.3752     0.0359  |       0.5504      0.2303
 196      0.0238        1.0000  |    0.2034/  0.2334/  0.2506            0.2506          -0.3758     0.0359  |       0.5508      0.2303
 197      0.0239        1.0000  |    0.2083/  0.2335/  0.2550            0.2550          -0.3752     0.0395  |       0.5460      0.2303
 198      0.0239        1.0000  |    0.1936/  0.2266/  0.2471            0.2471          -0.3752     0.0370  |       0.5505      0.2303
 199      0.0235        1.0000  |    0.1940/  0.2191/  0.2425            0.2425          -0.3747     0.0340  |       0.5508      0.2303
 200      0.0238        1.0000  |    0.1909/  0.2119/  0.2361            0.2361          -0.3758     0.0357  |       0.5495      0.2303
 201      0.0239        1.0000  |    0.1780/  0.2079/  0.2296            0.2296          -0.3752     0.0349  |       0.5507      0.2303
 202      0.0239        1.0000  |    0.1679/  0.1926/  0.2143            0.2143          -0.3752     0.0347  |       0.5509      0.2303
 203      0.0239        1.0000  |    0.1995/  0.2274/  0.2434            0.2434          -0.3752     0.0351  |       0.5509      0.2303
 204      0.0238        1.0000  |    0.1828/  0.2107/  0.2303            0.2303          -0.3758     0.0351  |       0.5509      0.2303
 205      0.0238        1.0000  |    0.1533/  0.1838/  0.2052            0.2052          -0.3761     0.0359  |       0.5477      0.2303
 206      0.0239        1.0000  |    0.1809/  0.2156/  0.2478            0.2478          -0.3752     0.0358  |       0.5506      0.2303
 207      0.0239        1.0000  |    0.1536/  0.1764/  0.2039            0.2039          -0.3752     0.0348  |       0.5509      0.2303
 208      0.0238        1.0000  |    0.1982/  0.2259/  0.2475            0.2475          -0.3758     0.0343  |       0.5509      0.2303
 209      0.0239        1.0000  |    0.1863/  0.2087/  0.2303            0.2303          -0.3752     0.0349  |       0.5509      0.2303
 210      0.0239        1.0000  |    0.1958/  0.2209/  0.2421            0.2421          -0.3752     0.0347  |       0.5509      0.2303
 211      0.0239        1.0000  |    0.1862/  0.2143/  0.2373            0.2373          -0.3759     0.0345  |       0.5509      0.2303
 212      0.0240        1.0000  |    0.2056/  0.2299/  0.2506            0.2506          -0.3753     0.0386  |       0.5489      0.2303
 213      0.0240        1.0000  |    0.2135/  0.2468/  0.2657            0.2657          -0.3753     0.0349  |       0.5507      0.2303
 214      0.0240        1.0000  |    0.2206/  0.2505/  0.2712            0.2712          -0.3753     0.0427  |       0.5473      0.2303
 215      0.0239        1.0000  |    0.1697/  0.1997/  0.2183            0.2183          -0.3759     0.0393  |       0.5506      0.2303
 216      0.0240        1.0000  |    0.1643/  0.1932/  0.2200            0.2200          -0.3753     0.0348  |       0.5508      0.2303
 217      0.0238        1.0000  |    0.2079/  0.2328/  0.2528            0.2528          -0.3757     0.0351  |       0.5477      0.2303
 218      0.0239        1.0000  |    0.1843/  0.2113/  0.2408            0.2408          -0.3759     0.0391  |       0.5451      0.2303
 219      0.0240        1.0000  |    0.1780/  0.2065/  0.2356            0.2356          -0.3753     0.0358  |       0.5504      0.2303
 220      0.0240        1.0000  |    0.2137/  0.2347/  0.2566            0.2566          -0.3753     0.0352  |       0.5508      0.2303
 221      0.0240        1.0000  |    0.2005/  0.2314/  0.2513            0.2513          -0.3753     0.0359  |       0.5509      0.2303
 222      0.0239        1.0000  |    0.2127/  0.2419/  0.2632            0.2632          -0.3759     0.0360  |       0.5509      0.2303
 223      0.0238        1.0000  |    0.2359/  0.2619/  0.2784            0.2784          -0.3757     0.0447  |       0.5509      0.2303
 224      0.0240        1.0000  |    0.1778/  0.2040/  0.2262            0.2262          -0.3753     0.0391  |       0.5509      0.2303
 225      0.0239        1.0000  |    0.1962/  0.2214/  0.2412            0.2412          -0.3759     0.0342  |       0.5509      0.2303
 226      0.0240        1.0000  |    0.2146/  0.2433/  0.2601            0.2601          -0.3753     0.0340  |       0.5487      0.2303
 227      0.0240        1.0000  |    0.1887/  0.2123/  0.2325            0.2325          -0.3753     0.0337  |       0.5507      0.2303
 228      0.0240        1.0000  |    0.1739/  0.2042/  0.2270            0.2270          -0.3753     0.0387  |       0.5509      0.2303
 229      0.0239        1.0000  |    0.1701/  0.2061/  0.2344            0.2344          -0.3759     0.0344  |       0.5509      0.2303
 230      0.0238        1.0000  |    0.1593/  0.1891/  0.2185            0.2185          -0.3757     0.0342  |       0.5498      0.2303
 231      0.0240        1.0000  |    0.1626/  0.1864/  0.2142            0.2142          -0.3753     0.0386  |       0.5495      0.2303
 232      0.0238        1.0000  |    0.1792/  0.2055/  0.2260            0.2260          -0.3763     0.0399  |       0.5508      0.2303
 233      0.0238        1.0000  |    0.2192/  0.2415/  0.2572            0.2572          -0.3763     0.0347  |       0.5430      0.2303
 234      0.0235        1.0000  |    0.2135/  0.2371/  0.2601            0.2601          -0.3747     0.0338  |       0.5408      0.2303
 235      0.0238        1.0000  |    0.1692/  0.1928/  0.2131            0.2131          -0.3757     0.0367  |       0.5433      0.2303
 236      0.0238        1.0000  |    0.1566/  0.1809/  0.2041            0.2041          -0.3763     0.0348  |       0.5492      0.2303
 237      0.0238        1.0000  |    0.1729/  0.2008/  0.2222            0.2222          -0.3757     0.0352  |       0.5504      0.2303
 238      0.0238        1.0000  |    0.1813/  0.2053/  0.2224            0.2224          -0.3757     0.0356  |       0.5470      0.2303
 239      0.0238        1.0000  |    0.1717/  0.1956/  0.2168            0.2168          -0.3763     0.0348  |       0.5506      0.2303
 240      0.0238        1.0000  |    0.1928/  0.2141/  0.2336            0.2336          -0.3763     0.0451  |       0.5508      0.2303
 241      0.0238        1.0000  |    0.1736/  0.2172/  0.2486            0.2486          -0.3757     0.0382  |       0.5389      0.2303
 242      0.0238        1.0000  |    0.1578/  0.1842/  0.2097            0.2097          -0.3757     0.0426  |       0.5442      0.2303
 243      0.0238        1.0000  |    0.1834/  0.2063/  0.2315            0.2315          -0.3763     0.0335  |       0.5503      0.2303
 244      0.0238        1.0000  |    0.2060/  0.2301/  0.2481            0.2481          -0.3757     0.0333  |       0.5474      0.2303
 245      0.0238        1.0000  |    0.1950/  0.2216/  0.2381            0.2381          -0.3757     0.0360  |       0.5460      0.2303
 246      0.0238        1.0000  |    0.1958/  0.2183/  0.2424            0.2424          -0.3763     0.0349  |       0.5498      0.2303
 247      0.0238        1.0000  |    0.2165/  0.2414/  0.2600            0.2600          -0.3757     0.0378  |       0.5471      0.2303
 248      0.0238        1.0000  |    0.2126/  0.2405/  0.2608            0.2608          -0.3757     0.0378  |       0.5506      0.2303
 249      0.0238        1.0000  |    0.2215/  0.2430/  0.2591            0.2591          -0.3757     0.0349  |       0.5508      0.2303
 250      0.0238        1.0000  |    0.1981/  0.2269/  0.2482            0.2482          -0.3763     0.0360  |       0.5509      0.2303
 251      0.0238        1.0000  |    0.2102/  0.2330/  0.2533            0.2533          -0.3757     0.0371  |       0.5509      0.2303
 252      0.0238        1.0000  |    0.2089/  0.2311/  0.2523            0.2523          -0.3757     0.0339  |       0.5509      0.2303
 253      0.0238        1.0000  |    0.2295/  0.2503/  0.2692            0.2692          -0.3763     0.0348  |       0.5509      0.2303
 254      0.0238        1.0000  |    0.1881/  0.2267/  0.2464            0.2464          -0.3757     0.0415  |       0.5509      0.2303
 255      0.0238        1.0000  |    0.1730/  0.1964/  0.2181            0.2181          -0.3757     0.0348  |       0.5509      0.2303
 256      0.0238        1.0000  |    0.1709/  0.2050/  0.2303            0.2303          -0.3757     0.0352  |       0.5509      0.2303
 257      0.0238        1.0000  |    0.1996/  0.2279/  0.2460            0.2460          -0.3763     0.0332  |       0.5477      0.2303
 258      0.0238        1.0000  |    0.1877/  0.2074/  0.2264            0.2264          -0.3757     0.0375  |       0.5488      0.2303
 259      0.0238        1.0000  |    0.1901/  0.2157/  0.2393            0.2393          -0.3757     0.0335  |       0.5507      0.2303
 260      0.0238        1.0000  |    0.2017/  0.2321/  0.2536            0.2536          -0.3763     0.0340  |       0.5509      0.2303
 261      0.0238        1.0000  |    0.1962/  0.2252/  0.2483            0.2483          -0.3757     0.0349  |       0.5508      0.2303
 262      0.0238        1.0000  |    0.1918/  0.2183/  0.2371            0.2371          -0.3757     0.0368  |       0.5509      0.2303
 263      0.0238        1.0000  |    0.1883/  0.2100/  0.2344            0.2344          -0.3763     0.0343  |       0.5509      0.2303
 264      0.0238        1.0000  |    0.1864/  0.2119/  0.2326            0.2326          -0.3763     0.0355  |       0.5499      0.2303
 265      0.0238        1.0000  |    0.1570/  0.1781/  0.2038            0.2038          -0.3757     0.0364  |       0.5508      0.2303
 266      0.0238        1.0000  |    0.1568/  0.1846/  0.2052            0.2052          -0.3757     0.0430  |       0.5509      0.2303
 267      0.0238        1.0000  |    0.1745/  0.1971/  0.2178            0.2178          -0.3763     0.0371  |       0.5411      0.2303
 268      0.0238        1.0000  |    0.1900/  0.2238/  0.2475            0.2475          -0.3757     0.0352  |       0.5455      0.2303
 269      0.0238        1.0000  |    0.2002/  0.2217/  0.2459            0.2459          -0.3757     0.0347  |       0.5484      0.2303
 270      0.0238        1.0000  |    0.2151/  0.2461/  0.2712            0.2712          -0.3763     0.0354  |       0.5451      0.2303
 271      0.0238        1.0000  |    0.2009/  0.2241/  0.2462            0.2462          -0.3763     0.0355  |       0.5487      0.2303
 272      0.0238        1.0000  |    0.1964/  0.2217/  0.2413            0.2413          -0.3757     0.0380  |       0.5507      0.2303
 273      0.0238        1.0000  |    0.1829/  0.2126/  0.2335            0.2335          -0.3757     0.0319  |       0.5508      0.2303
 274      0.0238        1.0000  |    0.1985/  0.2239/  0.2426            0.2426          -0.3763     0.0392  |       0.5491      0.2303
 275      0.0238        1.0000  |    0.1898/  0.2097/  0.2310            0.2310          -0.3757     0.0348  |       0.5507      0.2303
 276      0.0238        1.0000  |    0.1973/  0.2356/  0.2610            0.2610          -0.3757     0.0379  |       0.5501      0.2303
 277      0.0238        1.0000  |    0.1831/  0.2023/  0.2212            0.2212          -0.3763     0.0364  |       0.5508      0.2303
 278      0.0238        1.0000  |    0.2212/  0.2452/  0.2647            0.2647          -0.3763     0.0343  |       0.5509      0.2303
 279      0.0238        1.0000  |    0.2282/  0.2527/  0.2686            0.2686          -0.3757     0.0343  |       0.5509      0.2303
 280      0.0238        1.0000  |    0.2099/  0.2358/  0.2504            0.2504          -0.3757     0.0384  |       0.5509      0.2303
 281      0.0238        1.0000  |    0.2131/  0.2367/  0.2585            0.2585          -0.3763     0.0335  |       0.5509      0.2303
 282      0.0238        1.0000  |    0.2340/  0.2596/  0.2766            0.2766          -0.3757     0.0338  |       0.5499      0.2303
 283      0.0238        1.0000  |    0.2122/  0.2345/  0.2551            0.2551          -0.3757     0.0391  |       0.5508      0.2303
 284      0.0238        1.0000  |    0.2051/  0.2398/  0.2649            0.2649          -0.3763     0.0376  |       0.5509      0.2303
 285      0.0238        1.0000  |    0.2196/  0.2439/  0.2684            0.2684          -0.3757     0.0374  |       0.5509      0.2303
 286      0.0238        1.0000  |    0.2027/  0.2320/  0.2531            0.2531          -0.3757     0.0341  |       0.5509      0.2303
 287      0.0238        1.0000  |    0.1869/  0.2088/  0.2320            0.2320          -0.3763     0.0379  |       0.5509      0.2303
 288      0.0238        1.0000  |    0.1695/  0.1968/  0.2186            0.2186          -0.3763     0.0347  |       0.5509      0.2303
 289      0.0238        1.0000  |    0.1864/  0.2028/  0.2200            0.2200          -0.3757     0.0361  |       0.5496      0.2303
 290      0.0238        1.0000  |    0.2146/  0.2364/  0.2525            0.2525          -0.3757     0.0387  |       0.5449      0.2303
 291      0.0238        1.0000  |    0.2155/  0.2369/  0.2576            0.2576          -0.3763     0.0329  |       0.5504      0.2303
 292      0.0238        1.0000  |    0.2153/  0.2403/  0.2558            0.2558          -0.3757     0.0347  |       0.5508      0.2303
 293      0.0238        1.0000  |    0.2181/  0.2392/  0.2594            0.2594          -0.3757     0.0363  |       0.5509      0.2303
 294      0.0238        1.0000  |    0.1954/  0.2361/  0.2531            0.2531          -0.3763     0.0379  |       0.5509      0.2303
 295      0.0238        1.0000  |    0.2039/  0.2337/  0.2541            0.2541          -0.3763     0.0331  |       0.5509      0.2303
 296      0.0239        1.0000  |    0.2357/  0.2592/  0.2776            0.2776          -0.3757     0.0388  |       0.5494      0.2303
 297      0.0239        1.0000  |    0.1823/  0.2043/  0.2302            0.2302          -0.3757     0.0372  |       0.5507      0.2303
 298      0.0238        1.0000  |    0.1872/  0.2105/  0.2316            0.2316          -0.3763     0.0335  |       0.5509      0.2303
 299      0.0239        1.0000  |    0.1793/  0.2004/  0.2188            0.2188          -0.3757     0.0348  |       0.5509      0.2303
IMAGEIO FFMPEG_WRITER WARNING: input image is not divisible by macro_block_size=16, resizing from (320, 180) to (320, 192) to ensure video compatibility with most codecs and players. To prevent resizing, make your input image divisible by the macro_block_size or set the macro_block_size to 1 (risking incompatibility).

Saved 300 frames -> /home/ashwink/Documents/swms/SWM_copy/rollouts_5_per/expert-only/epoch10/epoch10_rollout2_failure.mp4
min dist(green_cube,blue_moon) over episode = 0.1961  ->  FAILURE
Full log written to /home/ashwink/Documents/swms/SWM_copy/rollouts_5_per/expert-only/epoch10/epoch10_rollout2_20260723_131724.log
Result json -> /home/ashwink/Documents/swms/SWM_copy/rollouts_5_per/expert-only/epoch10/epoch10_rollout2_result.json
