Checkpoint dir epoch: 8  Rollout: 3
Logging to /home/ashwink/Documents/swms/SWM_copy/rollouts_5_per/expert-only/epoch8/epoch8_rollout3_20260723_130227.log
Goal (fixed, steps 0-299): the green cube is touching the blue moon. the peg is touching the green cube.

Checkpoint: /home/ashwink/Documents/swms/SWM_copy/training/checkpoints_clip_full_finetuned_wider_hl/epoch_008.pt
  epoch=8  step=7722

Loading CLIP ViT-L/14 (datacomp_xl_s13b_b90k) + fine-tuned clip_state_dict ...
Parsing model identifier. Schema: None, Identifier: ViT-L-14
Loaded built-in ViT-L-14 model config.
Instantiating model architecture: CLIP
Loading full pretrained weights from: /home/ashwink/.cache/huggingface/hub/models--laion--CLIP-ViT-L-14-DataComp.XL-s13B-b90K/snapshots/84c9828e63dc9a9351d1fe637c346d4c1c4db341/open_clip_pytorch_model.bin
Final image preprocessing configuration set: {'size': (224, 224), 'mode': 'RGB', 'mean': (0.48145466, 0.4578275, 0.40821073), 'std': (0.26862954, 0.26130258, 0.27577711), 'interpolation': 'bicubic', 'resize_mode': 'shortest', 'fill_color': 0}
Model ViT-L-14 creation process complete.
Parsing tokenizer identifier. Schema: None, Identifier: ViT-L-14
Attempting to load config from built-in: ViT-L-14
Using default SimpleTokenizer.
z_star shape: torch.Size([768])

Loading action stats from /home/ashwink/full_data_5000/langtable/demos/ ...
  lo=[-0.03372681140899658, -0.03493623435497284]  hi=[0.03496786952018738, 0.03494429588317871]

Initializing LangTable env ...
Loading URDF plane.urdf
Loading URDF /home/ashwink/Documents/swms/.venv/lib/python3.10/site-packages/language_table/environments/utils/../../../language_table/environments/assets/workspace_real.urdf
Loading URDF xarm/xarm6_robot_white.urdf
Loading URDF /home/ashwink/Documents/swms/.venv/lib/python3.10/site-packages/language_table/environments/utils/../../../language_table/environments/assets/suction/cylinder_real.urdf
Loading URDF /home/ashwink/Documents/swms/.venv/lib/python3.10/site-packages/language_table/environments/utils/../../../language_table/environments/assets/blocks/red_moon.urdf
Loading URDF /home/ashwink/Documents/swms/.venv/lib/python3.10/site-packages/language_table/environments/utils/../../../language_table/environments/assets/blocks/red_cube.urdf
Loading URDF /home/ashwink/Documents/swms/.venv/lib/python3.10/site-packages/language_table/environments/utils/../../../language_table/environments/assets/blocks/red_star.urdf
Loading URDF /home/ashwink/Documents/swms/.venv/lib/python3.10/site-packages/language_table/environments/utils/../../../language_table/environments/assets/blocks/red_pentagon.urdf
Loading URDF /home/ashwink/Documents/swms/.venv/lib/python3.10/site-packages/language_table/environments/utils/../../../language_table/environments/assets/blocks/blue_moon.urdf
Loading URDF /home/ashwink/Documents/swms/.venv/lib/python3.10/site-packages/language_table/environments/utils/../../../language_table/environments/assets/blocks/blue_cube.urdf
Loading URDF /home/ashwink/Documents/swms/.venv/lib/python3.10/site-packages/language_table/environments/utils/../../../language_table/environments/assets/blocks/blue_star.urdf
Loading URDF /home/ashwink/Documents/swms/.venv/lib/python3.10/site-packages/language_table/environments/utils/../../../language_table/environments/assets/blocks/blue_pentagon.urdf
Loading URDF /home/ashwink/Documents/swms/.venv/lib/python3.10/site-packages/language_table/environments/utils/../../../language_table/environments/assets/blocks/yellow_moon.urdf
Loading URDF /home/ashwink/Documents/swms/.venv/lib/python3.10/site-packages/language_table/environments/utils/../../../language_table/environments/assets/blocks/yellow_cube.urdf
Loading URDF /home/ashwink/Documents/swms/.venv/lib/python3.10/site-packages/language_table/environments/utils/../../../language_table/environments/assets/blocks/yellow_star.urdf
Loading URDF /home/ashwink/Documents/swms/.venv/lib/python3.10/site-packages/language_table/environments/utils/../../../language_table/environments/assets/blocks/yellow_pentagon.urdf
Loading URDF /home/ashwink/Documents/swms/.venv/lib/python3.10/site-packages/language_table/environments/utils/../../../language_table/environments/assets/blocks/green_moon.urdf
Loading URDF /home/ashwink/Documents/swms/.venv/lib/python3.10/site-packages/language_table/environments/utils/../../../language_table/environments/assets/blocks/green_cube.urdf
Loading URDF /home/ashwink/Documents/swms/.venv/lib/python3.10/site-packages/language_table/environments/utils/../../../language_table/environments/assets/blocks/green_star.urdf
Loading URDF /home/ashwink/Documents/swms/.venv/lib/python3.10/site-packages/language_table/environments/utils/../../../language_table/environments/assets/blocks/green_pentagon.urdf
Loading URDF /home/ashwink/Documents/swms/.venv/lib/python3.10/site-packages/language_table/environments/utils/../../../language_table/environments/assets/blocks/purple_moon.urdf
Loading URDF /home/ashwink/Documents/swms/.venv/lib/python3.10/site-packages/language_table/environments/utils/../../../language_table/environments/assets/blocks/purple_cube.urdf
Loading URDF /home/ashwink/Documents/swms/.venv/lib/python3.10/site-packages/language_table/environments/utils/../../../language_table/environments/assets/blocks/purple_star.urdf
Loading URDF /home/ashwink/Documents/swms/.venv/lib/python3.10/site-packages/language_table/environments/utils/../../../language_table/environments/assets/blocks/purple_pentagon.urdf
Env ready.

Forced peg start: [0.42843915 0.24419614]  (green_cube=[0.40339102 0.18967466], blue_moon=[0.32039625 0.00902261])
  dist(peg,green_cube)=0.0600  dist(peg,blue_moon)=0.2588  dist(green_cube,blue_moon)=0.1988

step  cos(zt,z*)  cos(zt,zt-1)  |   cos(predK,z*) min/mean/max  cos(pred_sel,z*)   cos(zpred0,z*)  ||a_raw||  |  dist(peg,A)   dist(A,B)
-------------------------------------------------------------------------------------------------------------------------------------------------------------------------------
   0      0.1188           nan  |    0.5023/  0.7388/  0.7609            0.7609           0.6373     0.0203  |       0.0587      0.1988
   1      0.1270        0.9882  |    0.6708/  0.7450/  0.7575            0.7575           0.6358     0.0087  |       0.0668      0.1988
   2      0.1254        0.9890  |    0.6815/  0.7355/  0.7463            0.7463           0.6259     0.0105  |       0.0597      0.1988
   3      0.1234        0.9950  |    0.6789/  0.7446/  0.7561            0.7561           0.6235     0.0107  |       0.0615      0.1988
   4      0.1265        0.9909  |    0.6155/  0.7495/  0.7658            0.7658           0.6352     0.0075  |       0.0631      0.1988
   5      0.1233        0.9935  |    0.6572/  0.7497/  0.7614            0.7614           0.6303     0.0001  |       0.0587      0.1988
   6      0.1233        0.9985  |    0.6515/  0.7475/  0.7607            0.7607           0.6277     0.0057  |       0.0584      0.1988
   7      0.1249        0.9933  |    0.6701/  0.7477/  0.7609            0.7609           0.6282     0.0044  |       0.0592      0.1988
   8      0.1291        0.9938  |    0.6708/  0.7512/  0.7654            0.7654           0.6294     0.0053  |       0.0555      0.1988
   9      0.1219        0.9944  |    0.6789/  0.7548/  0.7664            0.7664           0.6319     0.0008  |       0.0560      0.1988
  10      0.1215        0.9996  |    0.6936/  0.7519/  0.7647            0.7647           0.6307     0.0003  |       0.0558      0.1988
  11      0.1215        1.0000  |    0.6835/  0.7550/  0.7659            0.7659           0.6307     0.0130  |       0.0558      0.1988
  12      0.1189        0.9942  |    0.6890/  0.7478/  0.7616            0.7616           0.6278     0.0045  |       0.0558      0.1988
  13      0.1195        0.9977  |    0.6901/  0.7443/  0.7554            0.7554           0.6247     0.0027  |       0.0598      0.1988
  14      0.1188        0.9979  |    0.6820/  0.7489/  0.7597            0.7597           0.6247     0.0084  |       0.0590      0.1988
  15      0.1249        0.9936  |    0.6595/  0.7451/  0.7570            0.7570           0.6246     0.0031  |       0.0658      0.1988
  16      0.1274        0.9957  |    0.6797/  0.7511/  0.7625            0.7625           0.6284     0.0035  |       0.0640      0.1988
  17      0.1222        0.9974  |    0.6495/  0.7468/  0.7589            0.7589           0.6268     0.0054  |       0.0646      0.1988
  18      0.1231        0.9973  |    0.6478/  0.7482/  0.7614            0.7614           0.6279     0.0034  |       0.0602      0.1988
  19      0.1220        0.9968  |    0.6389/  0.7460/  0.7597            0.7597           0.6260     0.0018  |       0.0594      0.1988
  20      0.1207        0.9958  |    0.6936/  0.7474/  0.7608            0.7608           0.6247     0.0029  |       0.0580      0.1988
  21      0.1192        0.9957  |    0.6512/  0.7471/  0.7576            0.7576           0.6251     0.0054  |       0.0553      0.1988
  22      0.1183        0.9971  |    0.5352/  0.7483/  0.7600            0.7600           0.6260     0.0071  |       0.0576      0.1988
  23      0.1212        0.9957  |    0.6748/  0.7503/  0.7618            0.7618           0.6271     0.0072  |       0.0521      0.1988
  24      0.1187        0.9960  |    0.6922/  0.7465/  0.7589            0.7589           0.6206     0.0016  |       0.0499      0.1988
  25      0.1198        0.9962  |    0.6446/  0.7479/  0.7602            0.7602           0.6264     0.0096  |       0.0505      0.1988
  26      0.1198        0.9933  |    0.6642/  0.7459/  0.7601            0.7601           0.6223     0.0019  |       0.0445      0.1988
  27      0.1176        0.9970  |    0.6960/  0.7454/  0.7555            0.7555           0.6157     0.0016  |       0.0442      0.1988
  28      0.1185        0.9959  |    0.6909/  0.7453/  0.7587            0.7587           0.6250     0.0038  |       0.0437      0.1988
  29      0.1222        0.9977  |    0.6924/  0.7486/  0.7588            0.7588           0.6184     0.0036  |       0.0456      0.1988
  30      0.1233        0.9979  |    0.6505/  0.7420/  0.7558            0.7558           0.6165     0.0029  |       0.0470      0.1988
  31      0.1205        0.9979  |    0.6849/  0.7467/  0.7587            0.7587           0.6157     0.0055  |       0.0461      0.1988
  32      0.1199        0.9983  |    0.6595/  0.7451/  0.7566            0.7566           0.6210     0.0049  |       0.0511      0.1988
  33      0.1188        0.9974  |    0.6352/  0.7444/  0.7576            0.7576           0.6214     0.0045  |       0.0544      0.1988
  34      0.1224        0.9975  |    0.6925/  0.7483/  0.7590            0.7590           0.6233     0.0069  |       0.0527      0.1988
  35      0.1216        0.9962  |    0.6820/  0.7444/  0.7539            0.7539           0.6159     0.0067  |       0.0485      0.1988
  36      0.1245        0.9964  |    0.6668/  0.7459/  0.7572            0.7572           0.6182     0.0039  |       0.0529      0.1988
  37      0.1225        0.9986  |    0.6750/  0.7454/  0.7560            0.7560           0.6210     0.0014  |       0.0523      0.1988
  38      0.1220        0.9989  |    0.6912/  0.7451/  0.7574            0.7574           0.6185     0.0067  |       0.0532      0.1988
  39      0.1227        0.9973  |    0.6797/  0.7461/  0.7595            0.7595           0.6176     0.0048  |       0.0474      0.1988
  40      0.1177        0.9969  |    0.6654/  0.7458/  0.7576            0.7576           0.6185     0.0066  |       0.0489      0.1988
  41      0.1189        0.9948  |    0.6875/  0.7417/  0.7515            0.7515           0.6179     0.0072  |       0.0525      0.1988
  42      0.1191        0.9976  |    0.6434/  0.7385/  0.7519            0.7519           0.6171     0.0027  |       0.0478      0.1988
  43      0.1213        0.9973  |    0.6579/  0.7418/  0.7533            0.7533           0.6166     0.0025  |       0.0494      0.1988
  44      0.1177        0.9968  |    0.6159/  0.7424/  0.7547            0.7547           0.6146     0.0089  |       0.0474      0.1988
  45      0.1270        0.9882  |    0.6519/  0.7421/  0.7554            0.7554           0.6154     0.0040  |       0.0519      0.1988
  46      0.1369        0.9266  |    0.6520/  0.7593/  0.7698            0.7698           0.6213     0.0014  |       0.0530      0.1988
  47      0.1542        0.9768  |    0.6890/  0.7422/  0.7539            0.7539           0.6118     0.0083  |       0.0531      0.1988
  48      0.1314        0.9735  |    0.6857/  0.7519/  0.7621            0.7621           0.6217     0.0020  |       0.0600      0.1988
  49      0.1349        0.9895  |    0.6790/  0.7534/  0.7665            0.7665           0.6157     0.0078  |       0.0598      0.1988
  50      0.1187        0.9147  |    0.7015/  0.7424/  0.7529            0.7529           0.6138     0.0070  |       0.0641      0.1988
  51      0.1227        0.9442  |    0.7241/  0.7622/  0.7721            0.7721           0.6202     0.0039  |       0.0620      0.1988
  52      0.1363        0.9673  |    0.6986/  0.7517/  0.7650            0.7650           0.6160     0.0060  |       0.0642      0.1988
  53      0.1178        0.9266  |    0.6470/  0.7453/  0.7584            0.7584           0.6135     0.0082  |       0.0626      0.1988
  54      0.1342        0.9653  |    0.7056/  0.7571/  0.7675            0.7675           0.6163     0.0023  |       0.0684      0.1988
  55      0.1389        0.9833  |    0.6903/  0.7536/  0.7646            0.7646           0.6120     0.0096  |       0.0674      0.1988
  56      0.1148        0.9214  |    0.6814/  0.7331/  0.7435            0.7435           0.6027     0.0052  |       0.0719      0.1988
  57      0.1122        0.9976  |    0.7025/  0.7355/  0.7454            0.7454           0.6110     0.0095  |       0.0675      0.1988
  58      0.1169        0.9932  |    0.6812/  0.7432/  0.7555            0.7555           0.6166     0.0044  |       0.0614      0.1988
  59      0.1171        0.9985  |    0.6651/  0.7427/  0.7539            0.7539           0.6167     0.0051  |       0.0644      0.1988
  60      0.1164        0.9985  |    0.6986/  0.7402/  0.7528            0.7528           0.6118     0.0039  |       0.0656      0.1988
  61      0.1145        0.9984  |    0.7027/  0.7389/  0.7496            0.7496           0.6116     0.0064  |       0.0652      0.1988
  62      0.1353        0.9231  |    0.7207/  0.7519/  0.7619            0.7619           0.6168     0.0043  |       0.0605      0.1988
  63      0.1118        0.9255  |    0.6997/  0.7415/  0.7524            0.7524           0.6148     0.0048  |       0.0632      0.1988
  64      0.1169        0.9969  |    0.6557/  0.7412/  0.7519            0.7519           0.6128     0.0046  |       0.0630      0.1988
  65      0.1154        0.9986  |    0.6845/  0.7311/  0.7426            0.7426           0.6142     0.0021  |       0.0663      0.1988
  66      0.1178        0.9993  |    0.6987/  0.7394/  0.7525            0.7525           0.6152     0.0060  |       0.0651      0.1988
  67      0.1187        0.9970  |    0.6767/  0.7323/  0.7446            0.7446           0.6055     0.0073  |       0.0705      0.1988
  68      0.1147        0.9966  |    0.6284/  0.7424/  0.7533            0.7533           0.6157     0.0048  |       0.0644      0.1988
  69      0.1266        0.9828  |    0.6828/  0.7473/  0.7595            0.7595           0.6157     0.0075  |       0.0632      0.1988
  70      0.1344        0.9766  |    0.7064/  0.7560/  0.7682            0.7682           0.6165     0.0076  |       0.0692      0.1988
  71      0.1370        0.9409  |    0.7064/  0.7540/  0.7656            0.7656           0.6207     0.0017  |       0.0667      0.1988
  72      0.1345        0.9941  |    0.6965/  0.7510/  0.7625            0.7625           0.6229     0.0050  |       0.0679      0.1988
  73      0.1420        0.9777  |    0.6869/  0.7491/  0.7642            0.7642           0.6134     0.0021  |       0.0668      0.1988
  74      0.1358        0.9868  |    0.6717/  0.7495/  0.7606            0.7606           0.6117     0.0029  |       0.0652      0.1988
  75      0.1355        0.9880  |    0.6263/  0.7537/  0.7690            0.7690           0.6251     0.0030  |       0.0654      0.1988
  76      0.1307        0.9889  |    0.7194/  0.7566/  0.7662            0.7662           0.6188     0.0050  |       0.0630      0.1988
  77      0.1330        0.9752  |    0.6899/  0.7470/  0.7592            0.7592           0.6189     0.0090  |       0.0590      0.1988
  78      0.1388        0.9731  |    0.6804/  0.7536/  0.7672            0.7672           0.6318     0.0031  |       0.0646      0.1988
  79      0.1366        0.9896  |    0.6660/  0.7559/  0.7683            0.7683           0.6235     0.0044  |       0.0670      0.1988
  80      0.1353        0.9906  |    0.6870/  0.7532/  0.7645            0.7645           0.6201     0.0072  |       0.0712      0.1988
  81      0.1529        0.9738  |    0.6748/  0.7427/  0.7555            0.7555           0.6271     0.0005  |       0.0708      0.1988
  82      0.1565        0.9901  |    0.6655/  0.7368/  0.7496            0.7496           0.6180     0.0047  |       0.0704      0.1988
  83      0.1602        0.9853  |    0.6670/  0.7424/  0.7526            0.7526           0.6266     0.0042  |       0.0673      0.1988
  84      0.1529        0.9867  |    0.6599/  0.7420/  0.7547            0.7547           0.6241     0.0020  |       0.0691      0.1988
  85      0.1562        0.9888  |    0.6940/  0.7509/  0.7617            0.7617           0.6240     0.0044  |       0.0685      0.1988
  86      0.1508        0.9893  |    0.6701/  0.7438/  0.7581            0.7581           0.6266     0.0047  |       0.0724      0.1988
  87      0.1608        0.9783  |    0.6707/  0.7436/  0.7549            0.7549           0.6224     0.0102  |       0.0707      0.1988
  88      0.1512        0.9560  |    0.6897/  0.7392/  0.7510            0.7510           0.6278     0.0064  |       0.0692      0.1988
  89      0.1569        0.9741  |    0.7054/  0.7523/  0.7653            0.7653           0.6392     0.0051  |       0.0707      0.1988
  90      0.1340        0.9784  |    0.7204/  0.7497/  0.7601            0.7601           0.6265     0.0011  |       0.0746      0.1988
  91      0.1434        0.9902  |    0.7127/  0.7468/  0.7563            0.7563           0.6345     0.0096  |       0.0741      0.1988
  92      0.1413        0.9643  |    0.6842/  0.7220/  0.7310            0.7310           0.6137     0.0023  |       0.0812      0.1988
  93      0.1436        0.9924  |    0.6682/  0.7181/  0.7272            0.7272           0.6163     0.0027  |       0.0797      0.1988
  94      0.1496        0.9853  |    0.6813/  0.7245/  0.7367            0.7367           0.6178     0.0021  |       0.0780      0.1988
  95      0.1494        0.9849  |    0.6859/  0.7266/  0.7383            0.7383           0.6059     0.0091  |       0.0778      0.1988
  96      0.1372        0.9737  |    0.6661/  0.6994/  0.7118            0.7118           0.5988     0.0030  |       0.0747      0.1988
  97      0.1333        0.9820  |    0.6664/  0.6987/  0.7097            0.7097           0.6049     0.0049  |       0.0732      0.1988
  98      0.1149        0.9601  |    0.6493/  0.6799/  0.6911            0.6911           0.5314     0.0061  |       0.0773      0.1988
  99      0.1316        0.9758  |    0.6717/  0.7133/  0.7258            0.7258           0.5824     0.0107  |       0.0752      0.1988
 100      0.1244        0.9419  |    0.6826/  0.7248/  0.7390            0.7390           0.6225     0.0009  |       0.0702      0.1988
 101      0.1207        0.9922  |    0.6704/  0.6994/  0.7107            0.7107           0.6167     0.0078  |       0.0698      0.1988
 102      0.1250        0.9779  |    0.6669/  0.6978/  0.7053            0.7053           0.6005     0.0072  |       0.0731      0.1988
 103      0.1169        0.9630  |    0.6765/  0.6993/  0.7074            0.7074           0.6109     0.0065  |       0.0736      0.1988
 104      0.1181        0.9672  |    0.6656/  0.6949/  0.7040            0.7040           0.6066     0.0082  |       0.0773      0.1988
 105      0.1177        0.9454  |    0.6388/  0.6597/  0.6662            0.6662           0.5684     0.0121  |       0.0808      0.1988
 106      0.1037        0.9486  |    0.6277/  0.6678/  0.6775            0.6775           0.5490     0.0068  |       0.0836      0.1988
 107      0.0998        0.9763  |    0.5718/  0.5980/  0.6056            0.6056           0.4535     0.0135  |       0.0867      0.1988
 108      0.0957        0.9540  |    0.4327/  0.4555/  0.4669            0.4669           0.2503     0.0166  |       0.0962      0.1988
 109      0.0855        0.9347  |    0.2822/  0.3040/  0.3209            0.3209          -0.0470     0.0203  |       0.1025      0.1988
 110      0.0148        0.9311  |   -0.2824/ -0.2483/ -0.2306           -0.2306          -0.3527     0.0181  |       0.1138      0.1988
 111     -0.0074        0.9251  |   -0.3486/ -0.3366/ -0.3287           -0.3287          -0.3633     0.0092  |       0.1224      0.1988
 112     -0.0126        0.8904  |   -0.4003/ -0.3862/ -0.3774           -0.3774          -0.3860     0.0099  |       0.1291      0.1988
 113     -0.0048        0.8797  |   -0.2804/ -0.2600/ -0.2507           -0.2507          -0.3204     0.0067  |       0.1347      0.1988
 114     -0.0226        0.9598  |   -0.3052/ -0.2868/ -0.2775           -0.2775          -0.3402     0.0053  |       0.1394      0.1988
 115     -0.0343        0.9813  |   -0.2618/ -0.2429/ -0.2337           -0.2337          -0.2989     0.0161  |       0.1382      0.1988
 116     -0.0656        0.9310  |   -0.2855/ -0.2235/ -0.2146           -0.2146          -0.2931     0.0089  |       0.1422      0.1988
 117     -0.0516        0.9356  |   -0.2896/ -0.2554/ -0.2459           -0.2459          -0.3037     0.0132  |       0.1504      0.1988
 118     -0.0329        0.8074  |   -0.3306/ -0.3076/ -0.2953           -0.2953          -0.3549     0.0191  |       0.1621      0.1988
 119     -0.0139        0.9008  |   -0.3971/ -0.3734/ -0.3628           -0.3628          -0.4384     0.0247  |       0.1704      0.1988
 120     -0.0195        0.7809  |   -0.4559/ -0.4353/ -0.4220           -0.4220          -0.4427     0.0024  |       0.1805      0.1988
 121     -0.0117        0.9393  |   -0.3994/ -0.3843/ -0.3759           -0.3759          -0.3998     0.0086  |       0.1803      0.1988
 122      0.0096        0.8451  |   -0.4880/ -0.4654/ -0.4563           -0.4563          -0.4755     0.0043  |       0.1843      0.1988
 123     -0.0255        0.8819  |   -0.2458/ -0.2039/ -0.1790           -0.1790          -0.4876     0.0149  |       0.1865      0.1988
 124      0.0085        0.6328  |   -0.2552/ -0.2366/ -0.2250           -0.2250          -0.4038     0.0236  |       0.1855      0.1988
 125      0.0165        0.8319  |    0.1848/  0.2027/  0.2137            0.2137          -0.2839     0.0259  |       0.1947      0.1988
 126     -0.0352        0.8439  |   -0.2541/ -0.2218/ -0.2094           -0.2094          -0.3797     0.0218  |       0.2042      0.1988
 127     -0.0068        0.8263  |   -0.0533/ -0.0349/ -0.0228           -0.0228          -0.3541     0.0297  |       0.2177      0.1988
 128     -0.0155        0.3539  |   -0.4416/ -0.4107/ -0.3761           -0.3761          -0.5157     0.0279  |       0.2153      0.1988
 129      0.0141        0.7824  |   -0.2383/ -0.2166/ -0.2061           -0.2061          -0.3482     0.0367  |       0.2109      0.1988
 130     -0.0403        0.6065  |   -0.2866/ -0.2468/ -0.2195           -0.2195          -0.4253     0.0330  |       0.2087      0.1988
 131     -0.0784        0.6586  |    0.1989/  0.2334/  0.2569            0.2569          -0.3095     0.0176  |       0.1999      0.1988
 132     -0.0778        0.8469  |    0.2359/  0.2750/  0.2927            0.2927          -0.2352     0.0243  |       0.1854      0.1988
 133     -0.0626        0.8122  |    0.3301/  0.3812/  0.3960            0.3960          -0.1283     0.0102  |       0.1659      0.1988
 134     -0.0445        0.8699  |    0.3669/  0.4293/  0.4504            0.4504          -0.1001     0.0111  |       0.1563      0.1988
 135     -0.0833        0.8734  |    0.4085/  0.4551/  0.4724            0.4724          -0.2502     0.0138  |       0.1483      0.1988
 136     -0.1340        0.8386  |    0.1614/  0.1857/  0.2077            0.2077          -0.2694     0.0194  |       0.1436      0.1988
 137     -0.1033        0.9059  |    0.2322/  0.2836/  0.3052            0.3052          -0.2955     0.0195  |       0.1295      0.1988
 138     -0.0857        0.8891  |    0.2270/  0.2997/  0.3193            0.3193          -0.2924     0.0166  |       0.1134      0.1988
 139     -0.0505        0.8918  |    0.1457/  0.1869/  0.2035            0.2035          -0.3099     0.0138  |       0.0992      0.1988
 140     -0.0286        0.8948  |    0.1367/  0.1961/  0.2143            0.2143          -0.3450     0.0229  |       0.0880      0.1988
 141     -0.0652        0.8106  |   -0.1200/ -0.0332/ -0.0137           -0.0137          -0.3455     0.0188  |       0.0762      0.1988
 142     -0.0479        0.9087  |   -0.1268/ -0.0926/ -0.0765           -0.0765          -0.3461     0.0267  |       0.0653      0.1988
 143      0.0228        0.8666  |   -0.1424/ -0.1117/ -0.0862           -0.0862          -0.3090     0.0221  |       0.0521      0.1988
 144      0.0245        0.9232  |    0.1528/  0.2652/  0.3062            0.3062          -0.2788     0.0081  |       0.0634      0.1988
 145      0.0555        0.9556  |    0.4511/  0.5202/  0.5376            0.5376          -0.0789     0.0121  |       0.0705      0.1988
 146      0.0227        0.9290  |    0.2088/  0.3001/  0.3201            0.3201          -0.2831     0.0244  |       0.0818      0.1988
 147      0.0121        0.8301  |    0.4846/  0.5816/  0.6075            0.6075          -0.2878     0.0140  |       0.0763      0.1988
 148      0.0473        0.8958  |    0.1192/  0.2087/  0.2319            0.2319          -0.2700     0.0219  |       0.0781      0.1988
 149      0.0156        0.9012  |    0.0398/  0.1359/  0.1565            0.1565          -0.2607     0.0177  |       0.0791      0.1988
 150     -0.0202        0.8328  |   -0.2034/ -0.1185/ -0.0925           -0.0925          -0.2927     0.0107  |       0.0942      0.1988
 151     -0.0198        0.9011  |   -0.2639/ -0.1738/ -0.1509           -0.1509          -0.2907     0.0166  |       0.1030      0.1988
 152     -0.0357        0.8835  |   -0.2993/ -0.1737/ -0.1581           -0.1581          -0.2586     0.0155  |       0.1143      0.1988
 153     -0.0151        0.8969  |   -0.2244/ -0.0960/ -0.0520           -0.0520          -0.2574     0.0092  |       0.1279      0.1988
 154     -0.0111        0.8978  |    0.2514/  0.4029/  0.4266            0.4266          -0.1285     0.0060  |       0.1372      0.1988
 155     -0.0190        0.9271  |   -0.2208/ -0.1487/ -0.1321           -0.1321          -0.2648     0.0165  |       0.1408      0.1988
 156     -0.0186        0.8732  |   -0.3555/ -0.1996/ -0.1766           -0.1766          -0.3321     0.0089  |       0.1339      0.1988
 157     -0.0430        0.9277  |   -0.3007/ -0.2396/ -0.2223           -0.2223          -0.3695     0.0047  |       0.1321      0.1988
 158     -0.0546        0.9419  |   -0.2799/ -0.2157/ -0.1993           -0.1993          -0.3609     0.0169  |       0.1363      0.1988
 159     -0.0635        0.8989  |   -0.2186/ -0.1814/ -0.1684           -0.1684          -0.3620     0.0118  |       0.1330      0.1988
 160     -0.0723        0.9036  |   -0.2306/ -0.2053/ -0.1931           -0.1931          -0.3060     0.0131  |       0.1281      0.1988
 161     -0.0554        0.9313  |   -0.1123/ -0.0751/ -0.0499           -0.0499          -0.3252     0.0164  |       0.1220      0.1988
 162     -0.0496        0.9197  |   -0.2289/ -0.2093/ -0.1849           -0.1849          -0.3140     0.0255  |       0.1075      0.1988
 163      0.0813        0.8545  |    0.4426/  0.4640/  0.4784            0.4784           0.3224     0.0200  |       0.0830      0.1988
 164      0.0983        0.9031  |    0.3253/  0.3533/  0.3653            0.3653           0.1367     0.0039  |       0.0661      0.1988
 165      0.1090        0.9643  |    0.4243/  0.4459/  0.4602            0.4602           0.2405     0.0103  |       0.0638      0.1988
 166      0.1181        0.9438  |    0.5876/  0.6019/  0.6155            0.6155           0.5053     0.0071  |       0.0688      0.1988
 167      0.1094        0.9439  |    0.5057/  0.5281/  0.5413            0.5413           0.3760     0.0115  |       0.0674      0.1988
 168      0.0444        0.9092  |    0.1895/  0.2156/  0.2310            0.2310          -0.2369     0.0191  |       0.0772      0.1988
 169      0.0501        0.8468  |    0.1267/  0.1679/  0.1870            0.1870          -0.2843     0.0157  |       0.0844      0.1988
 170     -0.0032        0.9117  |   -0.2773/ -0.2119/ -0.1961           -0.1961          -0.2754     0.0043  |       0.0926      0.1988
 171      0.0084        0.9758  |   -0.3152/ -0.1921/ -0.1701           -0.1701          -0.2848     0.0209  |       0.0893      0.1988
 172      0.0489        0.9024  |   -0.2507/ -0.1535/ -0.1203           -0.1203          -0.3165     0.0072  |       0.0971      0.1988
 173      0.0544        0.9475  |   -0.3171/ -0.2765/ -0.2568           -0.2568          -0.3581     0.0217  |       0.0913      0.1988
 174      0.0100        0.7945  |   -0.2481/ -0.1014/ -0.0720           -0.0720          -0.2530     0.0315  |       0.1032      0.1988
 175      0.0704        0.8502  |   -0.1067/ -0.0091/  0.0350            0.0350          -0.2952     0.0225  |       0.0850      0.1988
 176      0.0303        0.9220  |    0.1135/  0.1782/  0.2062            0.2062          -0.2323     0.0257  |       0.0966      0.1988
 177     -0.0112        0.8356  |   -0.2525/ -0.1766/ -0.1620           -0.1620          -0.2477     0.0166  |       0.1205      0.1988
 178     -0.0372        0.8811  |   -0.2938/ -0.2471/ -0.2370           -0.2370          -0.2990     0.0085  |       0.1246      0.1988
 179     -0.0204        0.9457  |   -0.1762/ -0.1401/ -0.1149           -0.1149          -0.3248     0.0251  |       0.1328      0.1988
 180      0.0212        0.7726  |   -0.0772/ -0.0435/ -0.0198           -0.0198          -0.2457     0.0175  |       0.1509      0.1988
 181     -0.0171        0.8451  |   -0.2113/ -0.1615/ -0.1462           -0.1462          -0.2412     0.0169  |       0.1393      0.1988
 182     -0.0503        0.8938  |   -0.2381/ -0.1509/ -0.1348           -0.1348          -0.2265     0.0111  |       0.1274      0.1988
 183     -0.0352        0.8542  |   -0.2683/ -0.1567/ -0.1384           -0.1384          -0.2163     0.0024  |       0.1332      0.1988
 184     -0.0380        0.9486  |   -0.2667/ -0.1605/ -0.1416           -0.1416          -0.2280     0.0060  |       0.1356      0.1988
 185     -0.0391        0.9049  |   -0.2946/ -0.1527/ -0.1379           -0.1379          -0.2245     0.0153  |       0.1342      0.1988
 186      0.0182        0.8093  |   -0.2767/ -0.2329/ -0.2200           -0.2200          -0.2655     0.0073  |       0.1232      0.1988
 187      0.0142        0.9478  |   -0.2589/ -0.2241/ -0.2083           -0.2083          -0.2779     0.0007  |       0.1248      0.1988
 188      0.0183        0.9818  |   -0.2861/ -0.2518/ -0.2356           -0.2356          -0.2913     0.0030  |       0.1247      0.1988
 189      0.0241        0.9709  |   -0.2900/ -0.2027/ -0.1802           -0.1802          -0.2748     0.0154  |       0.1230      0.1988
 190     -0.0015        0.8816  |   -0.0738/  0.0389/  0.0668            0.0668          -0.2520     0.0087  |       0.1369      0.1988
 191     -0.0010        0.9143  |   -0.1866/ -0.1314/ -0.0965           -0.0965          -0.2479     0.0116  |       0.1441      0.1988
 192     -0.0322        0.8430  |   -0.2814/ -0.1364/ -0.1184           -0.1184          -0.2321     0.0064  |       0.1413      0.1988
 193     -0.0291        0.9301  |   -0.2309/ -0.1224/ -0.1045           -0.1045          -0.2231     0.0232  |       0.1402      0.1988
 194      0.0331        0.7590  |    0.1766/  0.2212/  0.2418            0.2418          -0.1541     0.0097  |       0.1415      0.1988
 195      0.0340        0.9129  |    0.2336/  0.2816/  0.3065            0.3065          -0.0632     0.0246  |       0.1489      0.1988
 196     -0.0454        0.7910  |   -0.2206/ -0.1881/ -0.1771           -0.1771          -0.3224     0.0104  |       0.1357      0.1988
 197     -0.0446        0.8484  |   -0.2607/ -0.2345/ -0.2256           -0.2256          -0.3483     0.0146  |       0.1442      0.1988
 198     -0.0054        0.7973  |   -0.1474/ -0.1119/ -0.0759           -0.0759          -0.2987     0.0133  |       0.1578      0.1988
 199     -0.0040        0.8524  |   -0.0748/ -0.0494/ -0.0289           -0.0289          -0.2176     0.0310  |       0.1628      0.1988
 200      0.0132        0.7585  |    0.2283/  0.2727/  0.2973            0.2973          -0.1801     0.0080  |       0.1354      0.1988
 201      0.0067        0.9529  |   -0.1599/ -0.1027/ -0.0778           -0.0778          -0.2452     0.0123  |       0.1382      0.1988
 202      0.0221        0.8955  |   -0.2291/ -0.1433/ -0.1159           -0.1159          -0.2509     0.0134  |       0.1282      0.1988
 203     -0.0247        0.9122  |   -0.2544/ -0.2272/ -0.2171           -0.2171          -0.2529     0.0122  |       0.1169      0.1988
 204     -0.0237        0.9360  |   -0.2807/ -0.2375/ -0.2104           -0.2104          -0.3228     0.0059  |       0.1238      0.1988
 205     -0.0259        0.9587  |   -0.1632/ -0.1429/ -0.1263           -0.1263          -0.2464     0.0298  |       0.1191      0.1988
 206      0.0038        0.9129  |   -0.1969/ -0.1772/ -0.1590           -0.1590          -0.2422     0.0294  |       0.1040      0.1988
 207      0.0358        0.8972  |   -0.1628/ -0.1166/ -0.0865           -0.0865          -0.2894     0.0189  |       0.1005      0.1988
 208      0.0164        0.8955  |   -0.1181/ -0.0374/ -0.0094           -0.0094          -0.3070     0.0291  |       0.1071      0.1988
 209     -0.0225        0.6968  |   -0.3615/ -0.1982/ -0.1847           -0.1847          -0.3217     0.0176  |       0.1340      0.1988
 210     -0.0337        0.8430  |   -0.2385/ -0.1726/ -0.1592           -0.1592          -0.3219     0.0203  |       0.1510      0.1988
 211     -0.0085        0.8564  |   -0.2642/ -0.1487/ -0.1340           -0.1340          -0.2618     0.0128  |       0.1515      0.1988
 212     -0.0544        0.9078  |   -0.2576/ -0.1401/ -0.1267           -0.1267          -0.2433     0.0230  |       0.1445      0.1988
 213      0.0008        0.8096  |   -0.3076/ -0.1924/ -0.1680           -0.1680          -0.2956     0.0144  |       0.1308      0.1988
 214      0.0217        0.7915  |   -0.2010/ -0.1332/ -0.1041           -0.1041          -0.3165     0.0199  |       0.1174      0.1988
 215      0.0030        0.9151  |   -0.1827/ -0.1344/ -0.1111           -0.1111          -0.2762     0.0176  |       0.1312      0.1988
 216      0.0292        0.8846  |    0.2238/  0.3113/  0.3356            0.3356          -0.0778     0.0152  |       0.1437      0.1988
 217     -0.0217        0.7617  |   -0.2418/ -0.1627/ -0.1499           -0.1499          -0.2400     0.0262  |       0.1573      0.1988
 218     -0.0045        0.6278  |   -0.3896/ -0.3349/ -0.3170           -0.3170          -0.3717     0.0187  |       0.1819      0.1988
 219      0.0183        0.7747  |    0.1984/  0.2463/  0.2592            0.2592          -0.1659     0.0183  |       0.2010      0.1988
 220     -0.0028        0.7418  |    0.1078/  0.1258/  0.1449            0.1449          -0.2492     0.0034  |       0.2135      0.1988
 221     -0.0167        0.8989  |    0.2216/  0.2472/  0.2692            0.2692          -0.2607     0.0278  |       0.2149      0.1988
 222     -0.0046        0.7671  |    0.0319/  0.0913/  0.1354            0.1354          -0.2495     0.0208  |       0.1935      0.1988
 223     -0.0334        0.7992  |   -0.1275/ -0.1099/ -0.1003           -0.1003          -0.2681     0.0220  |       0.1994      0.1988
 224     -0.1242        0.7002  |   -0.2983/ -0.2756/ -0.2565           -0.2565          -0.2702     0.0210  |       0.2113      0.1988
 225     -0.0736        0.7268  |   -0.2742/ -0.2047/ -0.1820           -0.1820          -0.3324     0.0197  |       0.2284      0.1988
 226     -0.0396        0.6275  |   -0.2351/ -0.1610/ -0.1151           -0.1151          -0.3309     0.0182  |       0.2412      0.1988
 227      0.0040        0.8274  |   -0.0551/ -0.0184/  0.0082            0.0082          -0.3161     0.0123  |       0.2566      0.1988
 228      0.0568        0.9057  |    0.3038/  0.3339/  0.3513            0.3513          -0.1795     0.0204  |       0.2668      0.1988
 229     -0.0029        0.8098  |   -0.0222/  0.0029/  0.0219            0.0219          -0.4036     0.0188  |       0.2495      0.1988
 230      0.0690        0.7985  |    0.0572/  0.0891/  0.1167            0.1167          -0.2033     0.0178  |       0.2475      0.1988
 231      0.0016        0.7233  |   -0.0236/  0.0008/  0.0179            0.0179          -0.3769     0.0372  |       0.2409      0.1988
 232     -0.0763        0.6366  |   -0.3512/ -0.3192/ -0.3022           -0.3022          -0.4408     0.0215  |       0.2239      0.1988
 233     -0.0819        0.8734  |   -0.2257/ -0.1938/ -0.1719           -0.1719          -0.4100     0.0346  |       0.2206      0.1988
 234     -0.0990        0.6391  |   -0.3165/ -0.2871/ -0.2751           -0.2751          -0.3746     0.0236  |       0.2079      0.1988
 235     -0.1138        0.7663  |   -0.2871/ -0.2725/ -0.2602           -0.2602          -0.2611     0.0221  |       0.2018      0.1988
 236     -0.0781        0.8395  |   -0.2883/ -0.2556/ -0.2398           -0.2398          -0.3015     0.0172  |       0.1957      0.1988
 237     -0.1117        0.8376  |   -0.3343/ -0.3147/ -0.2998           -0.2998          -0.3033     0.0066  |       0.1953      0.1988
 238     -0.1348        0.9449  |   -0.3043/ -0.2767/ -0.2650           -0.2650          -0.2872     0.0061  |       0.1951      0.1988
 239     -0.0870        0.9170  |   -0.3210/ -0.2997/ -0.2766           -0.2766          -0.4186     0.0175  |       0.1909      0.1988
 240      0.0686        0.8554  |    0.5748/  0.6525/  0.6695            0.6695           0.3609     0.0197  |       0.1751      0.1988
 241      0.0650        0.8161  |    0.5817/  0.6233/  0.6351            0.6351           0.4382     0.0081  |       0.1561      0.1988
 242      0.0920        0.9512  |    0.5638/  0.6392/  0.6493            0.6493           0.5050     0.0067  |       0.1470      0.1988
 243      0.0266        0.9219  |    0.4552/  0.4796/  0.4920            0.4920           0.2726     0.0072  |       0.1419      0.1988
 244     -0.0295        0.9019  |   -0.0920/ -0.0634/ -0.0471           -0.0471          -0.2545     0.0169  |       0.1393      0.1988
 245     -0.0402        0.9090  |   -0.3021/ -0.2722/ -0.2496           -0.2496          -0.3287     0.0326  |       0.1292      0.1988
 246     -0.1226        0.8396  |   -0.3905/ -0.3743/ -0.3612           -0.3612          -0.3721     0.0285  |       0.1037      0.1988
 247      0.0778        0.8189  |   -0.0486/ -0.0213/ -0.0024           -0.0024          -0.1814     0.0055  |       0.0770      0.1988
 248      0.0880        0.9251  |    0.0832/  0.1039/  0.1158            0.1158          -0.0655     0.0087  |       0.0748      0.1988
 249      0.1097        0.9466  |    0.2487/  0.2683/  0.2790            0.2790          -0.0054     0.0133  |       0.0699      0.1988
 250      0.1197        0.9436  |    0.4959/  0.5331/  0.5460            0.5460           0.2969     0.0141  |       0.0579      0.1988
 251      0.1016        0.9104  |    0.5073/  0.5382/  0.5507            0.5507           0.3201     0.0050  |       0.0557      0.1988
 252      0.0956        0.9473  |    0.5125/  0.5421/  0.5547            0.5547           0.3188     0.0048  |       0.0564      0.1988
 253      0.0925        0.9569  |    0.5638/  0.5829/  0.5951            0.5951           0.4308     0.0151  |       0.0603      0.1988
 254      0.0888        0.9252  |    0.6183/  0.6424/  0.6530            0.6530           0.5069     0.0066  |       0.0613      0.1988
 255      0.0863        0.9725  |    0.5811/  0.6356/  0.6465            0.6465           0.4837     0.0092  |       0.0650      0.1988
 256      0.0975        0.9588  |    0.5942/  0.6302/  0.6369            0.6369           0.4899     0.0023  |       0.0716      0.1988
 257      0.0946        0.9908  |    0.5841/  0.6558/  0.6657            0.6657           0.5203     0.0121  |       0.0705      0.1988
 258      0.0902        0.9768  |    0.5977/  0.6355/  0.6447            0.6447           0.4713     0.0121  |       0.0755      0.1988
 259      0.0920        0.9673  |    0.4613/  0.5586/  0.5695            0.5695           0.3425     0.0113  |       0.0846      0.1988
 260      0.0953        0.9498  |    0.4858/  0.5446/  0.5547            0.5547           0.4017     0.0099  |       0.0904      0.1988
 261      0.1094        0.9464  |    0.5260/  0.5437/  0.5549            0.5549           0.4594     0.0097  |       0.0997      0.1988
 262      0.1234        0.9759  |    0.5233/  0.5473/  0.5576            0.5576           0.4510     0.0123  |       0.1041      0.1988
 263      0.1064        0.9423  |    0.2251/  0.2726/  0.2994            0.2994           0.0782     0.0287  |       0.1149      0.1988
 264      0.0985        0.7479  |   -0.1491/ -0.1167/ -0.0943           -0.0943          -0.3256     0.0224  |       0.1333      0.1988
 265      0.0361        0.7058  |   -0.0773/ -0.0532/ -0.0344           -0.0344          -0.4041     0.0306  |       0.1527      0.1988
 266     -0.0311        0.7939  |   -0.0902/ -0.0453/ -0.0337           -0.0337          -0.2865     0.0342  |       0.1573      0.1988
 267     -0.0469        0.7580  |   -0.3009/ -0.2109/ -0.1987           -0.1987          -0.2739     0.0274  |       0.1590      0.1988
 268     -0.0163        0.7016  |   -0.3116/ -0.2747/ -0.2508           -0.2508          -0.3892     0.0311  |       0.1594      0.1988
 269     -0.0893        0.7353  |   -0.2812/ -0.2523/ -0.2393           -0.2393          -0.3309     0.0235  |       0.1624      0.1988
 270     -0.1077        0.8320  |   -0.3442/ -0.3180/ -0.2938           -0.2938          -0.3901     0.0082  |       0.1631      0.1988
 271     -0.1052        0.9238  |   -0.3556/ -0.3315/ -0.3153           -0.3153          -0.3982     0.0218  |       0.1574      0.1988
 272     -0.0476        0.8433  |   -0.3017/ -0.2838/ -0.2649           -0.2649          -0.3833     0.0155  |       0.1456      0.1988
 273     -0.0200        0.9341  |   -0.2753/ -0.2559/ -0.2404           -0.2404          -0.3599     0.0162  |       0.1324      0.1988
 274      0.0219        0.9484  |    0.1546/  0.1726/  0.1837            0.1837          -0.1498     0.0182  |       0.1188      0.1988
 275      0.0765        0.9282  |    0.1503/  0.1703/  0.1826            0.1826          -0.2284     0.0170  |       0.1048      0.1988
 276      0.1304        0.9267  |    0.4848/  0.4989/  0.5094            0.5094           0.3213     0.0079  |       0.0948      0.1988
 277      0.1158        0.9664  |    0.4843/  0.5015/  0.5090            0.5090           0.3182     0.0036  |       0.0923      0.1988
 278      0.1362        0.9842  |    0.5509/  0.5652/  0.5768            0.5768           0.4027     0.0077  |       0.0908      0.1988
 279      0.1413        0.9710  |    0.5555/  0.5728/  0.5807            0.5807           0.4261     0.0033  |       0.0875      0.1988
 280      0.1337        0.9742  |    0.5216/  0.5487/  0.5590            0.5590           0.3746     0.0070  |       0.0858      0.1988
 281      0.1295        0.9736  |    0.5546/  0.5738/  0.5824            0.5824           0.4270     0.0080  |       0.0905      0.1988
 282      0.1286        0.9534  |    0.5067/  0.5237/  0.5310            0.5310           0.4116     0.0054  |       0.0961      0.1988
 283      0.1336        0.9656  |    0.5016/  0.5192/  0.5282            0.5282           0.4032     0.0086  |       0.0991      0.1988
 284      0.1357        0.9547  |    0.3972/  0.4196/  0.4319            0.4319           0.2470     0.0036  |       0.1046      0.1988
 285      0.1380        0.9708  |    0.4101/  0.4431/  0.4572            0.4572           0.1858     0.0029  |       0.1073      0.1988
 286      0.1387        0.9853  |    0.3868/  0.4336/  0.4483            0.4483           0.1393     0.0095  |       0.1068      0.1988
 287      0.1194        0.9565  |    0.0291/  0.0594/  0.0772            0.0772          -0.1599     0.0109  |       0.1129      0.1988
 288      0.0874        0.9269  |   -0.3013/ -0.2825/ -0.2680           -0.2680          -0.3056     0.0012  |       0.1212      0.1988
 289      0.0868        0.9911  |   -0.1410/ -0.1121/ -0.0892           -0.0892          -0.2320     0.0225  |       0.1211      0.1988
 290      0.0937        0.6727  |   -0.1146/ -0.0910/ -0.0736           -0.0736          -0.3151     0.0125  |       0.1399      0.1988
 291      0.0993        0.9371  |   -0.0670/ -0.0449/ -0.0259           -0.0259          -0.2721     0.0303  |       0.1461      0.1988
 292      0.0957        0.9173  |   -0.1341/ -0.1114/ -0.0955           -0.0955          -0.3176     0.0229  |       0.1359      0.1988
 293      0.0790        0.8937  |   -0.1383/ -0.1149/ -0.1000           -0.1000          -0.3098     0.0209  |       0.1343      0.1988
 294      0.0834        0.8692  |   -0.3290/ -0.3015/ -0.2760           -0.2760          -0.3454     0.0217  |       0.1330      0.1988
 295      0.0299        0.8222  |   -0.0936/ -0.0672/ -0.0442           -0.0442          -0.4183     0.0160  |       0.1209      0.1988
 296      0.0763        0.9350  |    0.1104/  0.1233/  0.1367            0.1367          -0.2358     0.0117  |       0.1060      0.1988
 297      0.0878        0.9549  |    0.3586/  0.3791/  0.3899            0.3899           0.0362     0.0093  |       0.1027      0.1988
 298      0.1132        0.9533  |    0.2772/  0.2938/  0.3050            0.3050          -0.0156     0.0089  |       0.0969      0.1988
 299      0.1376        0.9432  |    0.5756/  0.5978/  0.6087            0.6087           0.4104     0.0105  |       0.0895      0.1988
IMAGEIO FFMPEG_WRITER WARNING: input image is not divisible by macro_block_size=16, resizing from (320, 180) to (320, 192) to ensure video compatibility with most codecs and players. To prevent resizing, make your input image divisible by the macro_block_size or set the macro_block_size to 1 (risking incompatibility).

Saved 300 frames -> /home/ashwink/Documents/swms/SWM_copy/rollouts_5_per/expert-only/epoch8/epoch8_rollout3_failure.mp4
min dist(green_cube,blue_moon) over episode = 0.1988  ->  FAILURE
Full log written to /home/ashwink/Documents/swms/SWM_copy/rollouts_5_per/expert-only/epoch8/epoch8_rollout3_20260723_130227.log
Result json -> /home/ashwink/Documents/swms/SWM_copy/rollouts_5_per/expert-only/epoch8/epoch8_rollout3_result.json
