Checkpoint dir epoch: 8  Rollout: 0
Logging to /home/ashwink/Documents/swms/SWM_copy/rollouts_5_per/expert-only/epoch8/epoch8_rollout0_20260723_125725.log
Goal (fixed, steps 0-299): the green cube is touching the blue moon. the peg is touching the green cube.

Checkpoint: /home/ashwink/Documents/swms/SWM_copy/training/checkpoints_clip_full_finetuned_wider_hl/epoch_008.pt
  epoch=8  step=7722

Loading CLIP ViT-L/14 (datacomp_xl_s13b_b90k) + fine-tuned clip_state_dict ...
Parsing model identifier. Schema: None, Identifier: ViT-L-14
Loaded built-in ViT-L-14 model config.
Instantiating model architecture: CLIP
Loading full pretrained weights from: /home/ashwink/.cache/huggingface/hub/models--laion--CLIP-ViT-L-14-DataComp.XL-s13B-b90K/snapshots/84c9828e63dc9a9351d1fe637c346d4c1c4db341/open_clip_pytorch_model.bin
Final image preprocessing configuration set: {'size': (224, 224), 'mode': 'RGB', 'mean': (0.48145466, 0.4578275, 0.40821073), 'std': (0.26862954, 0.26130258, 0.27577711), 'interpolation': 'bicubic', 'resize_mode': 'shortest', 'fill_color': 0}
Model ViT-L-14 creation process complete.
Parsing tokenizer identifier. Schema: None, Identifier: ViT-L-14
Attempting to load config from built-in: ViT-L-14
Using default SimpleTokenizer.
z_star shape: torch.Size([768])

Loading action stats from /home/ashwink/full_data_5000/langtable/demos/ ...
  lo=[-0.03372681140899658, -0.03493623435497284]  hi=[0.03496786952018738, 0.03494429588317871]

Initializing LangTable env ...
Loading URDF plane.urdf
Loading URDF /home/ashwink/Documents/swms/.venv/lib/python3.10/site-packages/language_table/environments/utils/../../../language_table/environments/assets/workspace_real.urdf
Loading URDF xarm/xarm6_robot_white.urdf
Loading URDF /home/ashwink/Documents/swms/.venv/lib/python3.10/site-packages/language_table/environments/utils/../../../language_table/environments/assets/suction/cylinder_real.urdf
Loading URDF /home/ashwink/Documents/swms/.venv/lib/python3.10/site-packages/language_table/environments/utils/../../../language_table/environments/assets/blocks/red_moon.urdf
Loading URDF /home/ashwink/Documents/swms/.venv/lib/python3.10/site-packages/language_table/environments/utils/../../../language_table/environments/assets/blocks/red_cube.urdf
Loading URDF /home/ashwink/Documents/swms/.venv/lib/python3.10/site-packages/language_table/environments/utils/../../../language_table/environments/assets/blocks/red_star.urdf
Loading URDF /home/ashwink/Documents/swms/.venv/lib/python3.10/site-packages/language_table/environments/utils/../../../language_table/environments/assets/blocks/red_pentagon.urdf
Loading URDF /home/ashwink/Documents/swms/.venv/lib/python3.10/site-packages/language_table/environments/utils/../../../language_table/environments/assets/blocks/blue_moon.urdf
Loading URDF /home/ashwink/Documents/swms/.venv/lib/python3.10/site-packages/language_table/environments/utils/../../../language_table/environments/assets/blocks/blue_cube.urdf
Loading URDF /home/ashwink/Documents/swms/.venv/lib/python3.10/site-packages/language_table/environments/utils/../../../language_table/environments/assets/blocks/blue_star.urdf
Loading URDF /home/ashwink/Documents/swms/.venv/lib/python3.10/site-packages/language_table/environments/utils/../../../language_table/environments/assets/blocks/blue_pentagon.urdf
Loading URDF /home/ashwink/Documents/swms/.venv/lib/python3.10/site-packages/language_table/environments/utils/../../../language_table/environments/assets/blocks/yellow_moon.urdf
Loading URDF /home/ashwink/Documents/swms/.venv/lib/python3.10/site-packages/language_table/environments/utils/../../../language_table/environments/assets/blocks/yellow_cube.urdf
Loading URDF /home/ashwink/Documents/swms/.venv/lib/python3.10/site-packages/language_table/environments/utils/../../../language_table/environments/assets/blocks/yellow_star.urdf
Loading URDF /home/ashwink/Documents/swms/.venv/lib/python3.10/site-packages/language_table/environments/utils/../../../language_table/environments/assets/blocks/yellow_pentagon.urdf
Loading URDF /home/ashwink/Documents/swms/.venv/lib/python3.10/site-packages/language_table/environments/utils/../../../language_table/environments/assets/blocks/green_moon.urdf
Loading URDF /home/ashwink/Documents/swms/.venv/lib/python3.10/site-packages/language_table/environments/utils/../../../language_table/environments/assets/blocks/green_cube.urdf
Loading URDF /home/ashwink/Documents/swms/.venv/lib/python3.10/site-packages/language_table/environments/utils/../../../language_table/environments/assets/blocks/green_star.urdf
Loading URDF /home/ashwink/Documents/swms/.venv/lib/python3.10/site-packages/language_table/environments/utils/../../../language_table/environments/assets/blocks/green_pentagon.urdf
Loading URDF /home/ashwink/Documents/swms/.venv/lib/python3.10/site-packages/language_table/environments/utils/../../../language_table/environments/assets/blocks/purple_moon.urdf
Loading URDF /home/ashwink/Documents/swms/.venv/lib/python3.10/site-packages/language_table/environments/utils/../../../language_table/environments/assets/blocks/purple_cube.urdf
Loading URDF /home/ashwink/Documents/swms/.venv/lib/python3.10/site-packages/language_table/environments/utils/../../../language_table/environments/assets/blocks/purple_star.urdf
Loading URDF /home/ashwink/Documents/swms/.venv/lib/python3.10/site-packages/language_table/environments/utils/../../../language_table/environments/assets/blocks/purple_pentagon.urdf
Env ready.

Forced peg start: [0.42843915 0.24419614]  (green_cube=[0.40339102 0.18967466], blue_moon=[0.32039625 0.00902261])
  dist(peg,green_cube)=0.0600  dist(peg,blue_moon)=0.2588  dist(green_cube,blue_moon)=0.1988

step  cos(zt,z*)  cos(zt,zt-1)  |   cos(predK,z*) min/mean/max  cos(pred_sel,z*)   cos(zpred0,z*)  ||a_raw||  |  dist(peg,A)   dist(A,B)
-------------------------------------------------------------------------------------------------------------------------------------------------------------------------------
   0      0.1188           nan  |    0.5060/  0.7427/  0.7672            0.7672           0.6373     0.0097  |       0.0587      0.1988
   1      0.1245        0.9914  |    0.6928/  0.7432/  0.7561            0.7561           0.6241     0.0047  |       0.0592      0.1988
   2      0.1208        0.9937  |    0.6249/  0.7475/  0.7611            0.7611           0.6309     0.0052  |       0.0637      0.1988
   3      0.1185        0.9954  |    0.6457/  0.7471/  0.7596            0.7596           0.6303     0.0064  |       0.0623      0.1988
   4      0.1212        0.9908  |    0.6173/  0.7519/  0.7655            0.7655           0.6358     0.0107  |       0.0598      0.1988
   5      0.1277        0.9923  |    0.6749/  0.7512/  0.7629            0.7629           0.6310     0.0054  |       0.0563      0.1988
   6      0.1239        0.9968  |    0.6921/  0.7526/  0.7654            0.7654           0.6309     0.0031  |       0.0516      0.1988
   7      0.1303        0.9975  |    0.6995/  0.7595/  0.7710            0.7710           0.6313     0.0041  |       0.0502      0.1988
   8      0.1270        0.9953  |    0.6592/  0.7471/  0.7595            0.7595           0.6219     0.0054  |       0.0481      0.1988
   9      0.1264        0.9938  |    0.7070/  0.7556/  0.7668            0.7668           0.6304     0.0081  |       0.0485      0.1988
  10      0.1193        0.9815  |    0.6714/  0.7448/  0.7557            0.7557           0.6178     0.0052  |       0.0451      0.1988
  11      0.1247        0.9892  |    0.6809/  0.7527/  0.7645            0.7645           0.6269     0.0043  |       0.0473      0.1988
  12      0.1252        0.9963  |    0.7032/  0.7448/  0.7552            0.7552           0.6243     0.0025  |       0.0491      0.1988
  13      0.1293        0.9978  |    0.7099/  0.7511/  0.7621            0.7621           0.6256     0.0063  |       0.0498      0.1988
  14      0.1195        0.9901  |    0.6210/  0.7424/  0.7546            0.7546           0.6242     0.0025  |       0.0483      0.1988
  15      0.1178        0.9963  |    0.6661/  0.7444/  0.7562            0.7562           0.6199     0.0050  |       0.0459      0.1988
  16      0.1198        0.9951  |    0.6450/  0.7422/  0.7545            0.7545           0.6275     0.0062  |       0.0502      0.1988
  17      0.1205        0.9947  |    0.6775/  0.7538/  0.7655            0.7655           0.6241     0.0029  |       0.0452      0.1988
  18      0.1204        0.9944  |    0.6711/  0.7455/  0.7558            0.7558           0.6192     0.0052  |       0.0449      0.1988
  19      0.1198        0.9970  |    0.6831/  0.7452/  0.7577            0.7577           0.6251     0.0018  |       0.0488      0.1988
  20      0.1213        0.9976  |    0.6630/  0.7493/  0.7627            0.7627           0.6270     0.0037  |       0.0475      0.1988
  21      0.1195        0.9960  |    0.7056/  0.7523/  0.7625            0.7625           0.6193     0.0046  |       0.0449      0.1988
  22      0.1184        0.9953  |    0.6669/  0.7500/  0.7610            0.7610           0.6272     0.0039  |       0.0483      0.1988
  23      0.1160        0.9975  |    0.6650/  0.7494/  0.7600            0.7600           0.6276     0.0024  |       0.0472      0.1988
  24      0.1186        0.9980  |    0.6858/  0.7507/  0.7630            0.7630           0.6227     0.0071  |       0.0465      0.1988
  25      0.1238        0.9950  |    0.6820/  0.7444/  0.7563            0.7563           0.6277     0.0011  |       0.0529      0.1988
  26      0.1223        0.9984  |    0.6625/  0.7541/  0.7662            0.7662           0.6284     0.0028  |       0.0524      0.1988
  27      0.1221        0.9982  |    0.7030/  0.7448/  0.7559            0.7559           0.6245     0.0033  |       0.0541      0.1988
  28      0.1236        0.9984  |    0.6943/  0.7514/  0.7632            0.7632           0.6312     0.0038  |       0.0540      0.1988
  29      0.1243        0.9974  |    0.5729/  0.7464/  0.7597            0.7597           0.6234     0.0062  |       0.0575      0.1988
  30      0.1177        0.9932  |    0.6985/  0.7455/  0.7580            0.7580           0.6248     0.0050  |       0.0578      0.1988
  31      0.1267        0.9947  |    0.6848/  0.7531/  0.7644            0.7644           0.6320     0.0017  |       0.0605      0.1988
  32      0.1248        0.9969  |    0.6466/  0.7504/  0.7615            0.7615           0.6283     0.0013  |       0.0615      0.1988
  33      0.1261        0.9978  |    0.6868/  0.7479/  0.7610            0.7610           0.6295     0.0070  |       0.0605      0.1988
  34      0.1253        0.9959  |    0.6733/  0.7479/  0.7596            0.7596           0.6260     0.0037  |       0.0659      0.1988
  35      0.1227        0.9985  |    0.6315/  0.7471/  0.7597            0.7597           0.6257     0.0012  |       0.0646      0.1988
  36      0.1234        0.9964  |    0.7012/  0.7498/  0.7600            0.7600           0.6333     0.0105  |       0.0637      0.1988
  37      0.1200        0.9929  |    0.6600/  0.7488/  0.7623            0.7623           0.6273     0.0095  |       0.0545      0.1988
  38      0.1241        0.9962  |    0.6899/  0.7454/  0.7582            0.7582           0.6284     0.0060  |       0.0610      0.1988
  39      0.1208        0.9969  |    0.6269/  0.7482/  0.7614            0.7614           0.6284     0.0026  |       0.0595      0.1988
  40      0.1153        0.9978  |    0.6622/  0.7464/  0.7602            0.7602           0.6259     0.0034  |       0.0588      0.1988
  41      0.1176        0.9980  |    0.6735/  0.7514/  0.7633            0.7633           0.6221     0.0056  |       0.0605      0.1988
  42      0.1218        0.9977  |    0.6729/  0.7461/  0.7591            0.7591           0.6268     0.0062  |       0.0600      0.1988
  43      0.1217        0.9967  |    0.6915/  0.7466/  0.7588            0.7588           0.6198     0.0023  |       0.0634      0.1988
  44      0.1217        0.9984  |    0.6415/  0.7423/  0.7566            0.7566           0.6173     0.0011  |       0.0656      0.1988
  45      0.1195        0.9985  |    0.6579/  0.7482/  0.7604            0.7604           0.6221     0.0079  |       0.0650      0.1988
  46      0.1213        0.9940  |    0.6788/  0.7412/  0.7514            0.7514           0.6143     0.0042  |       0.0719      0.1988
  47      0.1155        0.9969  |    0.6982/  0.7408/  0.7532            0.7532           0.6193     0.0035  |       0.0746      0.1988
  48      0.1171        0.9980  |    0.6353/  0.7457/  0.7584            0.7584           0.6221     0.0030  |       0.0770      0.1988
  49      0.1204        0.9986  |    0.6872/  0.7475/  0.7589            0.7589           0.6222     0.0085  |       0.0763      0.1988
  50      0.1159        0.9969  |    0.6933/  0.7436/  0.7542            0.7542           0.6182     0.0045  |       0.0791      0.1988
  51      0.1202        0.9973  |    0.6440/  0.7460/  0.7589            0.7589           0.6237     0.0032  |       0.0787      0.1988
  52      0.1176        0.9967  |    0.6853/  0.7456/  0.7569            0.7569           0.6178     0.0019  |       0.0789      0.1988
  53      0.1222        0.9965  |    0.6814/  0.7503/  0.7614            0.7614           0.6201     0.0025  |       0.0781      0.1988
  54      0.1219        0.9982  |    0.6844/  0.7431/  0.7540            0.7540           0.6192     0.0047  |       0.0758      0.1988
  55      0.1154        0.9976  |    0.6468/  0.7438/  0.7554            0.7554           0.6178     0.0031  |       0.0788      0.1988
  56      0.1173        0.9985  |    0.6666/  0.7443/  0.7550            0.7550           0.6180     0.0051  |       0.0799      0.1988
  57      0.1146        0.9983  |    0.6438/  0.7394/  0.7512            0.7512           0.6160     0.0146  |       0.0755      0.1988
  58      0.1208        0.9953  |    0.6857/  0.7412/  0.7533            0.7533           0.6139     0.0100  |       0.0690      0.1988
  59      0.1133        0.9969  |    0.6666/  0.7394/  0.7520            0.7520           0.6179     0.0088  |       0.0735      0.1988
  60      0.1212        0.9960  |    0.6162/  0.7355/  0.7481            0.7481           0.6119     0.0001  |       0.0679      0.1988
  61      0.1200        0.9965  |    0.6645/  0.7451/  0.7568            0.7568           0.6177     0.0017  |       0.0673      0.1988
  62      0.1211        0.9979  |    0.6761/  0.7429/  0.7541            0.7541           0.6146     0.0068  |       0.0679      0.1988
  63      0.1208        0.9960  |    0.6934/  0.7503/  0.7624            0.7624           0.6208     0.0025  |       0.0624      0.1988
  64      0.1220        0.9988  |    0.6519/  0.7487/  0.7595            0.7595           0.6210     0.0073  |       0.0629      0.1988
  65      0.1196        0.9952  |    0.6841/  0.7350/  0.7477            0.7477           0.6093     0.0030  |       0.0686      0.1988
  66      0.1200        0.9978  |    0.6692/  0.7444/  0.7551            0.7551           0.6164     0.0023  |       0.0678      0.1988
  67      0.1176        0.9975  |    0.6571/  0.7353/  0.7471            0.7471           0.6087     0.0057  |       0.0695      0.1988
  68      0.1184        0.9974  |    0.6904/  0.7344/  0.7464            0.7464           0.6102     0.0088  |       0.0709      0.1988
  69      0.1190        0.9981  |    0.6629/  0.7440/  0.7567            0.7567           0.6145     0.0033  |       0.0676      0.1988
  70      0.1235        0.9983  |    0.6896/  0.7491/  0.7606            0.7606           0.6193     0.0020  |       0.0657      0.1988
  71      0.1208        0.9988  |    0.6989/  0.7439/  0.7575            0.7575           0.6167     0.0028  |       0.0640      0.1988
  72      0.1221        0.9985  |    0.6816/  0.7486/  0.7599            0.7599           0.6211     0.0026  |       0.0630      0.1988
  73      0.1222        0.9985  |    0.6563/  0.7483/  0.7619            0.7619           0.6212     0.0008  |       0.0648      0.1988
  74      0.1228        0.9984  |    0.6217/  0.7457/  0.7570            0.7570           0.6195     0.0051  |       0.0642      0.1988
  75      0.1224        0.9968  |    0.6792/  0.7509/  0.7620            0.7620           0.6220     0.0035  |       0.0629      0.1988
  76      0.1211        0.9970  |    0.6824/  0.7516/  0.7625            0.7625           0.6260     0.0050  |       0.0613      0.1988
  77      0.1181        0.9975  |    0.6851/  0.7518/  0.7619            0.7619           0.6216     0.0045  |       0.0595      0.1988
  78      0.1211        0.9976  |    0.6444/  0.7473/  0.7601            0.7601           0.6240     0.0070  |       0.0621      0.1988
  79      0.1228        0.9952  |    0.6654/  0.7509/  0.7618            0.7618           0.6279     0.0041  |       0.0639      0.1988
  80      0.1219        0.9972  |    0.7000/  0.7429/  0.7562            0.7562           0.6276     0.0042  |       0.0612      0.1988
  81      0.1234        0.9971  |    0.6793/  0.7483/  0.7611            0.7611           0.6281     0.0018  |       0.0645      0.1988
  82      0.1235        0.9986  |    0.6205/  0.7478/  0.7596            0.7596           0.6281     0.0039  |       0.0659      0.1988
  83      0.1255        0.9968  |    0.6708/  0.7514/  0.7654            0.7654           0.6329     0.0003  |       0.0627      0.1988
  84      0.1219        0.9983  |    0.7004/  0.7480/  0.7595            0.7595           0.6281     0.0017  |       0.0623      0.1988
  85      0.1245        0.9986  |    0.6293/  0.7487/  0.7606            0.7606           0.6312     0.0077  |       0.0634      0.1988
  86      0.1211        0.9919  |    0.6767/  0.7474/  0.7586            0.7586           0.6217     0.0071  |       0.0704      0.1988
  87      0.1186        0.9977  |    0.6843/  0.7426/  0.7547            0.7547           0.6202     0.0032  |       0.0729      0.1988
  88      0.1209        0.9972  |    0.6847/  0.7424/  0.7532            0.7532           0.6168     0.0042  |       0.0703      0.1988
  89      0.1199        0.9980  |    0.6787/  0.7429/  0.7572            0.7572           0.6236     0.0063  |       0.0716      0.1988
  90      0.1156        0.9968  |    0.6924/  0.7450/  0.7561            0.7561           0.6187     0.0049  |       0.0730      0.1988
  91      0.1162        0.9978  |    0.6967/  0.7404/  0.7536            0.7536           0.6159     0.0024  |       0.0773      0.1988
  92      0.1179        0.9976  |    0.6715/  0.7452/  0.7565            0.7565           0.6191     0.0020  |       0.0775      0.1988
  93      0.1155        0.9962  |    0.6766/  0.7363/  0.7489            0.7489           0.6138     0.0086  |       0.0792      0.1988
  94      0.1176        0.9962  |    0.6762/  0.7382/  0.7487            0.7487           0.6096     0.0045  |       0.0789      0.1988
  95      0.1181        0.9991  |    0.6802/  0.7361/  0.7468            0.7468           0.6067     0.0012  |       0.0789      0.1988
  96      0.1169        0.9992  |    0.6313/  0.7358/  0.7464            0.7464           0.6073     0.0023  |       0.0779      0.1988
  97      0.1154        0.9979  |    0.6469/  0.7350/  0.7457            0.7457           0.6011     0.0013  |       0.0774      0.1988
  98      0.1153        1.0000  |    0.6937/  0.7338/  0.7452            0.7452           0.6012     0.0007  |       0.0778      0.1988
  99      0.1151        0.9997  |    0.6852/  0.7309/  0.7420            0.7420           0.5991     0.0090  |       0.0773      0.1988
 100      0.1161        0.9945  |    0.6861/  0.7365/  0.7498            0.7498           0.6094     0.0048  |       0.0720      0.1988
 101      0.1174        0.9987  |    0.6984/  0.7402/  0.7513            0.7513           0.6111     0.0048  |       0.0755      0.1988
 102      0.1181        0.9984  |    0.6708/  0.7348/  0.7457            0.7457           0.6067     0.0105  |       0.0737      0.1988
 103      0.1179        0.9962  |    0.7062/  0.7448/  0.7568            0.7568           0.6151     0.0035  |       0.0665      0.1988
 104      0.1156        0.9971  |    0.6960/  0.7454/  0.7558            0.7558           0.6197     0.0029  |       0.0680      0.1988
 105      0.1162        0.9972  |    0.6982/  0.7404/  0.7518            0.7518           0.6140     0.0024  |       0.0684      0.1988
 106      0.1170        0.9987  |    0.7013/  0.7386/  0.7486            0.7486           0.6080     0.0018  |       0.0706      0.1988
 107      0.1161        0.9986  |    0.6946/  0.7346/  0.7485            0.7485           0.6097     0.0031  |       0.0720      0.1988
 108      0.1179        0.9983  |    0.6504/  0.7415/  0.7539            0.7539           0.6133     0.0030  |       0.0734      0.1988
 109      0.1153        0.9986  |    0.6937/  0.7353/  0.7469            0.7469           0.6083     0.0058  |       0.0729      0.1988
 110      0.1165        0.9980  |    0.6965/  0.7415/  0.7541            0.7541           0.6157     0.0062  |       0.0775      0.1988
 111      0.1164        0.9969  |    0.6848/  0.7357/  0.7472            0.7472           0.6049     0.0107  |       0.0810      0.1988
 112      0.1159        0.9950  |    0.6598/  0.7447/  0.7568            0.7568           0.6192     0.0026  |       0.0769      0.1988
 113      0.1155        0.9990  |    0.6719/  0.7449/  0.7556            0.7556           0.6195     0.0046  |       0.0744      0.1988
 114      0.1173        0.9986  |    0.6639/  0.7412/  0.7567            0.7567           0.6188     0.0064  |       0.0782      0.1988
 115      0.1154        0.9976  |    0.6651/  0.7455/  0.7575            0.7575           0.6208     0.0011  |       0.0771      0.1988
 116      0.1205        0.9977  |    0.6797/  0.7431/  0.7543            0.7543           0.6187     0.0041  |       0.0781      0.1988
 117      0.1197        0.9980  |    0.7059/  0.7465/  0.7580            0.7580           0.6171     0.0049  |       0.0778      0.1988
 118      0.1151        0.9971  |    0.6864/  0.7490/  0.7599            0.7599           0.6228     0.0066  |       0.0749      0.1988
 119      0.1177        0.9957  |    0.6588/  0.7377/  0.7513            0.7513           0.6138     0.0037  |       0.0794      0.1988
 120      0.1171        0.9953  |    0.6836/  0.7445/  0.7562            0.7562           0.6216     0.0038  |       0.0764      0.1988
 121      0.1218        0.9980  |    0.6931/  0.7471/  0.7589            0.7589           0.6190     0.0080  |       0.0727      0.1988
 122      0.1225        0.9970  |    0.6885/  0.7458/  0.7581            0.7581           0.6198     0.0042  |       0.0794      0.1988
 123      0.1177        0.9954  |    0.6572/  0.7400/  0.7528            0.7528           0.6215     0.0073  |       0.0761      0.1988
 124      0.1215        0.9965  |    0.6426/  0.7441/  0.7566            0.7566           0.6173     0.0076  |       0.0826      0.1988
 125      0.1234        0.9975  |    0.6830/  0.7424/  0.7520            0.7520           0.6127     0.0046  |       0.0796      0.1988
 126      0.1243        0.9967  |    0.6909/  0.7350/  0.7457            0.7457           0.6063     0.0056  |       0.0817      0.1988
 127      0.1219        0.9964  |    0.7001/  0.7439/  0.7565            0.7565           0.6222     0.0066  |       0.0805      0.1988
 128      0.1193        0.9972  |    0.6793/  0.7472/  0.7596            0.7596           0.6198     0.0064  |       0.0745      0.1988
 129      0.1157        0.9942  |    0.6794/  0.7340/  0.7455            0.7455           0.6098     0.0050  |       0.0792      0.1988
 130      0.1174        0.9957  |    0.6692/  0.7455/  0.7575            0.7575           0.6197     0.0046  |       0.0750      0.1988
 131      0.1182        0.9973  |    0.6465/  0.7424/  0.7535            0.7535           0.6153     0.0037  |       0.0784      0.1988
 132      0.1152        0.9967  |    0.6624/  0.7327/  0.7447            0.7447           0.6145     0.0064  |       0.0754      0.1988
 133      0.1164        0.9952  |    0.6899/  0.7457/  0.7595            0.7595           0.6229     0.0012  |       0.0765      0.1988
 134      0.1198        0.9972  |    0.6772/  0.7400/  0.7530            0.7530           0.6168     0.0015  |       0.0776      0.1988
 135      0.1173        0.9982  |    0.6921/  0.7476/  0.7587            0.7587           0.6208     0.0021  |       0.0775      0.1988
 136      0.1186        0.9968  |    0.6450/  0.7455/  0.7576            0.7576           0.6209     0.0040  |       0.0783      0.1988
 137      0.1205        0.9984  |    0.6705/  0.7460/  0.7572            0.7572           0.6169     0.0065  |       0.0820      0.1988
 138      0.1243        0.9967  |    0.6996/  0.7426/  0.7527            0.7527           0.6147     0.0050  |       0.0798      0.1988
 139      0.1217        0.9965  |    0.6584/  0.7375/  0.7500            0.7500           0.6132     0.0030  |       0.0831      0.1988
 140      0.1220        0.9982  |    0.6488/  0.7389/  0.7513            0.7513           0.6095     0.0076  |       0.0858      0.1988
 141      0.1187        0.9964  |    0.6667/  0.7341/  0.7437            0.7437           0.6135     0.0048  |       0.0793      0.1988
 142      0.1198        0.9960  |    0.6988/  0.7423/  0.7530            0.7530           0.6165     0.0046  |       0.0744      0.1988
 143      0.1220        0.9981  |    0.6768/  0.7416/  0.7536            0.7536           0.6155     0.0015  |       0.0777      0.1988
 144      0.1219        0.9999  |    0.6797/  0.7399/  0.7524            0.7524           0.6143     0.0031  |       0.0774      0.1988
 145      0.1171        0.9967  |    0.6458/  0.7428/  0.7563            0.7563           0.6186     0.0032  |       0.0774      0.1988
 146      0.1181        0.9985  |    0.6392/  0.7459/  0.7573            0.7573           0.6170     0.0057  |       0.0764      0.1988
 147      0.1177        0.9987  |    0.6653/  0.7435/  0.7559            0.7559           0.6223     0.0078  |       0.0787      0.1988
 148      0.1155        0.9975  |    0.6405/  0.7378/  0.7501            0.7501           0.6176     0.0046  |       0.0752      0.1988
 149      0.1171        0.9968  |    0.6564/  0.7406/  0.7519            0.7519           0.6174     0.0036  |       0.0710      0.1988
 150      0.1196        0.9981  |    0.6761/  0.7432/  0.7567            0.7567           0.6203     0.0032  |       0.0723      0.1988
 151      0.1187        0.9982  |    0.6434/  0.7417/  0.7537            0.7537           0.6214     0.0033  |       0.0739      0.1988
 152      0.1213        0.9982  |    0.6165/  0.7458/  0.7577            0.7577           0.6192     0.0001  |       0.0719      0.1988
 153      0.1213        1.0000  |    0.6819/  0.7428/  0.7554            0.7554           0.6193     0.0053  |       0.0716      0.1988
 154      0.1203        0.9968  |    0.6860/  0.7402/  0.7529            0.7529           0.6156     0.0012  |       0.0687      0.1988
 155      0.1194        0.9987  |    0.6940/  0.7426/  0.7556            0.7556           0.6183     0.0020  |       0.0676      0.1988
 156      0.1200        0.9981  |    0.7014/  0.7402/  0.7516            0.7516           0.6145     0.0047  |       0.0687      0.1988
 157      0.1200        0.9986  |    0.6537/  0.7411/  0.7540            0.7540           0.6171     0.0029  |       0.0691      0.1988
 158      0.1213        0.9982  |    0.6904/  0.7400/  0.7508            0.7508           0.6140     0.0001  |       0.0681      0.1988
 159      0.1213        1.0000  |    0.7120/  0.7403/  0.7510            0.7510           0.6140     0.0079  |       0.0679      0.1988
 160      0.1195        0.9958  |    0.6887/  0.7446/  0.7577            0.7577           0.6182     0.0022  |       0.0729      0.1988
 161      0.1184        0.9982  |    0.6773/  0.7429/  0.7547            0.7547           0.6189     0.0031  |       0.0743      0.1988
 162      0.1167        0.9979  |    0.6781/  0.7485/  0.7608            0.7608           0.6215     0.0096  |       0.0746      0.1988
 163      0.1162        0.9958  |    0.6483/  0.7361/  0.7472            0.7472           0.6110     0.0058  |       0.0716      0.1988
 164      0.1200        0.9966  |    0.6823/  0.7425/  0.7559            0.7559           0.6169     0.0044  |       0.0681      0.1988
 165      0.1169        0.9982  |    0.6980/  0.7424/  0.7536            0.7536           0.6172     0.0042  |       0.0716      0.1988
 166      0.1160        0.9989  |    0.6857/  0.7387/  0.7510            0.7510           0.6131     0.0053  |       0.0739      0.1988
 167      0.1186        0.9969  |    0.6961/  0.7419/  0.7535            0.7535           0.6161     0.0058  |       0.0692      0.1988
 168      0.1173        0.9969  |    0.6781/  0.7372/  0.7480            0.7480           0.6114     0.0022  |       0.0727      0.1988
 169      0.1148        0.9986  |    0.6442/  0.7351/  0.7479            0.7479           0.6076     0.0041  |       0.0736      0.1988
 170      0.1184        0.9987  |    0.6745/  0.7383/  0.7484            0.7484           0.6099     0.0025  |       0.0737      0.1988
 171      0.1161        0.9965  |    0.6356/  0.7453/  0.7567            0.7567           0.6182     0.0063  |       0.0715      0.1988
 172      0.1152        0.9969  |    0.6696/  0.7360/  0.7481            0.7481           0.6163     0.0025  |       0.0765      0.1988
 173      0.1134        0.9980  |    0.6427/  0.7348/  0.7459            0.7459           0.6093     0.0031  |       0.0768      0.1988
 174      0.1124        0.9991  |    0.6813/  0.7396/  0.7505            0.7505           0.6159     0.0048  |       0.0758      0.1988
 175      0.1191        0.9961  |    0.6706/  0.7401/  0.7506            0.7506           0.6169     0.0050  |       0.0719      0.1988
 176      0.1190        0.9981  |    0.6738/  0.7408/  0.7512            0.7512           0.6122     0.0015  |       0.0689      0.1988
 177      0.1195        0.9980  |    0.6786/  0.7436/  0.7549            0.7549           0.6187     0.0052  |       0.0680      0.1988
 178      0.1230        0.9955  |    0.6827/  0.7473/  0.7575            0.7575           0.6206     0.0018  |       0.0649      0.1988
 179      0.1172        0.9944  |    0.7097/  0.7474/  0.7582            0.7582           0.6197     0.0034  |       0.0664      0.1988
 180      0.1187        0.9958  |    0.7118/  0.7359/  0.7463            0.7463           0.6157     0.0067  |       0.0687      0.1988
 181      0.1179        0.9977  |    0.6897/  0.7374/  0.7480            0.7480           0.6141     0.0035  |       0.0707      0.1988
 182      0.1198        0.9984  |    0.6936/  0.7429/  0.7557            0.7557           0.6169     0.0024  |       0.0679      0.1988
 183      0.1241        0.9980  |    0.6698/  0.7467/  0.7584            0.7584           0.6178     0.0068  |       0.0655      0.1988
 184      0.1235        0.9975  |    0.6899/  0.7496/  0.7597            0.7597           0.6185     0.0072  |       0.0603      0.1988
 185      0.1166        0.9976  |    0.6760/  0.7431/  0.7563            0.7563           0.6171     0.0031  |       0.0651      0.1988
 186      0.1204        0.9985  |    0.6891/  0.7457/  0.7569            0.7569           0.6187     0.0047  |       0.0629      0.1988
 187      0.1177        0.9984  |    0.6643/  0.7456/  0.7570            0.7570           0.6182     0.0040  |       0.0585      0.1988
 188      0.1151        0.9974  |    0.6951/  0.7392/  0.7495            0.7495           0.6204     0.0056  |       0.0564      0.1988
 189      0.1204        0.9967  |    0.6603/  0.7436/  0.7543            0.7543           0.6193     0.0050  |       0.0558      0.1988
 190      0.1158        0.9968  |    0.6733/  0.7431/  0.7550            0.7550           0.6153     0.0051  |       0.0546      0.1988
 191      0.1148        0.9978  |    0.6154/  0.7375/  0.7480            0.7480           0.6154     0.0060  |       0.0556      0.1988
 192      0.1302        0.9788  |    0.6750/  0.7439/  0.7572            0.7572           0.6188     0.0032  |       0.0507      0.1988
 193      0.1304        0.9476  |    0.6628/  0.7695/  0.7813            0.7813           0.6176     0.0045  |       0.0493      0.1988
 194      0.1359        0.9857  |    0.6711/  0.7504/  0.7631            0.7631           0.6060     0.0071  |       0.0532      0.1988
 195      0.1337        0.9821  |    0.6914/  0.7545/  0.7661            0.7661           0.6157     0.0037  |       0.0475      0.1988
 196      0.1348        0.9936  |    0.7086/  0.7536/  0.7656            0.7656           0.6053     0.0032  |       0.0504      0.1988
 197      0.1309        0.9885  |    0.7150/  0.7598/  0.7711            0.7711           0.6095     0.0077  |       0.0530      0.1988
 198      0.1551        0.9352  |    0.6745/  0.7429/  0.7534            0.7534           0.6260     0.0005  |       0.0463      0.1988
 199      0.1514        0.9934  |    0.6630/  0.7416/  0.7546            0.7546           0.6255     0.0056  |       0.0460      0.1988
 200      0.1364        0.9114  |    0.7172/  0.7557/  0.7688            0.7688           0.6214     0.0071  |       0.0475      0.1988
 201      0.1205        0.9635  |    0.6802/  0.7382/  0.7507            0.7507           0.6122     0.0022  |       0.0484      0.1988
 202      0.1176        0.9960  |    0.7128/  0.7466/  0.7588            0.7588           0.6189     0.0065  |       0.0497      0.1988
 203      0.1144        0.9954  |    0.6934/  0.7437/  0.7543            0.7543           0.6198     0.0022  |       0.0544      0.1988
 204      0.1110        0.9983  |    0.6452/  0.7377/  0.7525            0.7525           0.6180     0.0016  |       0.0549      0.1988
 205      0.1152        0.9969  |    0.6782/  0.7376/  0.7488            0.7488           0.6146     0.0051  |       0.0536      0.1988
 206      0.1300        0.9601  |    0.6824/  0.7476/  0.7584            0.7584           0.5988     0.0029  |       0.0568      0.1988
 207      0.1174        0.9631  |    0.6959/  0.7460/  0.7564            0.7564           0.6181     0.0060  |       0.0595      0.1988
 208      0.1444        0.8716  |    0.6666/  0.7418/  0.7538            0.7538           0.6196     0.0039  |       0.0576      0.1988
 209      0.1578        0.9834  |    0.6740/  0.7592/  0.7705            0.7705           0.6294     0.0066  |       0.0544      0.1988
 210      0.1385        0.9809  |    0.6909/  0.7507/  0.7636            0.7636           0.6201     0.0036  |       0.0601      0.1988
 211      0.1277        0.9466  |    0.6742/  0.7498/  0.7621            0.7621           0.6160     0.0046  |       0.0613      0.1988
 212      0.1336        0.9448  |    0.6843/  0.7534/  0.7663            0.7663           0.6245     0.0050  |       0.0591      0.1988
 213      0.1464        0.9759  |    0.6915/  0.7586/  0.7705            0.7705           0.6266     0.0086  |       0.0596      0.1988
 214      0.1531        0.9866  |    0.6408/  0.7513/  0.7649            0.7649           0.6293     0.0066  |       0.0518      0.1988
 215      0.1574        0.9791  |    0.6762/  0.7480/  0.7637            0.7637           0.6182     0.0038  |       0.0537      0.1988
 216      0.1608        0.9867  |    0.6806/  0.7458/  0.7579            0.7579           0.6150     0.0016  |       0.0548      0.1988
 217      0.1585        0.9936  |    0.6729/  0.7507/  0.7634            0.7634           0.6193     0.0025  |       0.0535      0.1988
 218      0.1649        0.9887  |    0.6921/  0.7488/  0.7612            0.7612           0.6172     0.0016  |       0.0514      0.1988
 219      0.1585        0.9916  |    0.7076/  0.7519/  0.7650            0.7650           0.6263     0.0025  |       0.0499      0.1988
 220      0.1599        0.9951  |    0.6816/  0.7500/  0.7637            0.7637           0.6209     0.0029  |       0.0475      0.1988
 221      0.1615        0.9869  |    0.7184/  0.7582/  0.7710            0.7710           0.6176     0.0046  |       0.0457      0.1988
 222      0.1600        0.9874  |    0.6950/  0.7552/  0.7684            0.7684           0.6328     0.0081  |       0.0426      0.1988
 223      0.1614        0.9632  |    0.6527/  0.7626/  0.7755            0.7755           0.6380     0.0029  |       0.0418      0.1988
 224      0.1661        0.9888  |    0.6383/  0.7515/  0.7642            0.7642           0.6337     0.0044  |       0.0445      0.1988
 225      0.1550        0.9877  |    0.7085/  0.7552/  0.7685            0.7685           0.6488     0.0069  |       0.0407      0.1988
 226      0.1626        0.9536  |    0.7039/  0.7644/  0.7794            0.7794           0.6522     0.0016  |       0.0402      0.1988
 227      0.1523        0.9895  |    0.6979/  0.7742/  0.7875            0.7875           0.6570     0.0053  |       0.0387      0.1988
 228      0.1531        0.9833  |    0.7240/  0.7712/  0.7847            0.7847           0.6530     0.0057  |       0.0434      0.1988
 229      0.1484        0.9814  |    0.6426/  0.7637/  0.7765            0.7765           0.6566     0.0039  |       0.0478      0.1988
 230      0.1493        0.9898  |    0.6754/  0.7749/  0.7862            0.7862           0.6562     0.0027  |       0.0448      0.1988
 231      0.1553        0.9844  |    0.7123/  0.7697/  0.7808            0.7808           0.6505     0.0053  |       0.0449      0.1988
 232      0.1463        0.9732  |    0.7347/  0.7726/  0.7836            0.7836           0.6543     0.0046  |       0.0465      0.1988
 233      0.1511        0.9822  |    0.7094/  0.7724/  0.7858            0.7858           0.6479     0.0040  |       0.0503      0.1988
 234      0.1390        0.9801  |    0.7290/  0.7785/  0.7897            0.7897           0.6413     0.0064  |       0.0525      0.1988
 235      0.1521        0.9736  |    0.7202/  0.7785/  0.7908            0.7908           0.6513     0.0018  |       0.0488      0.1988
 236      0.1417        0.9800  |    0.7431/  0.7851/  0.7970            0.7970           0.6540     0.0068  |       0.0469      0.1988
 237      0.1384        0.9690  |    0.6504/  0.7675/  0.7821            0.7821           0.6468     0.0064  |       0.0471      0.1988
 238      0.1397        0.9823  |    0.7187/  0.7638/  0.7745            0.7745           0.6388     0.0078  |       0.0519      0.1988
 239      0.1283        0.9504  |    0.6726/  0.6943/  0.7054            0.7054           0.5839     0.0052  |       0.0519      0.1988
 240      0.1214        0.9667  |    0.6852/  0.7114/  0.7207            0.7207           0.5874     0.0081  |       0.0514      0.1988
 241      0.1236        0.9337  |    0.6724/  0.7354/  0.7476            0.7476           0.6289     0.0081  |       0.0542      0.1988
 242      0.1200        0.9723  |    0.7011/  0.7255/  0.7348            0.7348           0.6248     0.0031  |       0.0546      0.1988
 243      0.1307        0.9742  |    0.6349/  0.7083/  0.7180            0.7180           0.6037     0.0086  |       0.0555      0.1988
 244      0.1121        0.9548  |    0.6686/  0.7159/  0.7260            0.7260           0.5936     0.0091  |       0.0617      0.1988
 245      0.1208        0.9594  |    0.5698/  0.6208/  0.6309            0.6309           0.3548     0.0105  |       0.0626      0.1988
 246      0.0927        0.9449  |    0.4618/  0.4816/  0.4927            0.4927           0.2128     0.0163  |       0.0685      0.1988
 247      0.0568        0.8980  |   -0.0716/ -0.0021/  0.0179            0.0179          -0.2815     0.0163  |       0.0710      0.1988
 248      0.0352        0.9274  |   -0.0695/ -0.0362/ -0.0090           -0.0090          -0.2809     0.0171  |       0.0841      0.1988
 249      0.0527        0.8673  |   -0.2598/ -0.2286/ -0.2184           -0.2184          -0.3116     0.0216  |       0.0946      0.1988
 250     -0.0090        0.7924  |   -0.2666/ -0.2309/ -0.2221           -0.2221          -0.2834     0.0136  |       0.1105      0.1988
 251     -0.0050        0.8327  |   -0.2918/ -0.1404/ -0.1216           -0.1216          -0.2446     0.0105  |       0.1209      0.1988
 252     -0.0234        0.8878  |   -0.2578/ -0.1592/ -0.1478           -0.1478          -0.2775     0.0210  |       0.1301      0.1988
 253      0.0210        0.8572  |   -0.0846/ -0.0562/ -0.0355           -0.0355          -0.2677     0.0294  |       0.1385      0.1988
 254     -0.0408        0.6923  |   -0.2499/ -0.1920/ -0.1825           -0.1825          -0.2298     0.0146  |       0.1324      0.1988
 255     -0.0657        0.8023  |   -0.2467/ -0.1329/ -0.1203           -0.1203          -0.2116     0.0199  |       0.1399      0.1988
 256     -0.1020        0.7548  |   -0.2409/ -0.2241/ -0.2083           -0.2083          -0.2379     0.0099  |       0.1461      0.1988
 257     -0.0896        0.7932  |   -0.3238/ -0.2957/ -0.2791           -0.2791          -0.4562     0.0203  |       0.1498      0.1988
 258     -0.0739        0.8129  |   -0.2171/ -0.1918/ -0.1804           -0.1804          -0.3015     0.0356  |       0.1318      0.1988
 259     -0.0151        0.7586  |   -0.0593/ -0.0158/  0.0037            0.0037          -0.2303     0.0249  |       0.1010      0.1993
 260     -0.0282        0.9044  |   -0.0982/ -0.0470/ -0.0328           -0.0328          -0.2271     0.0240  |       0.0794      0.1997
 261      0.0163        0.8913  |   -0.0328/ -0.0066/  0.0092            0.0092          -0.2435     0.0202  |       0.0727      0.2003
 262      0.0141        0.8975  |    0.2274/  0.2659/  0.2851            0.2851          -0.1801     0.0196  |       0.0667      0.2014
 263      0.0917        0.8872  |    0.4766/  0.5834/  0.6029            0.6029           0.4618     0.0186  |       0.0712      0.2014
 264      0.1025        0.9209  |    0.5756/  0.5968/  0.6041            0.6041           0.5373     0.0100  |       0.0864      0.2014
 265      0.0992        0.9477  |    0.4026/  0.4270/  0.4387            0.4387           0.2888     0.0071  |       0.0900      0.2014
 266      0.0879        0.9482  |    0.4889/  0.5127/  0.5266            0.5266           0.3544     0.0049  |       0.0943      0.2014
 267      0.0783        0.9699  |    0.3549/  0.3799/  0.3959            0.3959           0.1783     0.0039  |       0.0978      0.2014
 268      0.0925        0.9803  |    0.4275/  0.4452/  0.4590            0.4590           0.3052     0.0064  |       0.0947      0.2014
 269      0.0780        0.9616  |    0.4235/  0.4388/  0.4498            0.4498           0.3067     0.0041  |       0.0987      0.2014
 270      0.0607        0.9763  |    0.3574/  0.3788/  0.3910            0.3910           0.2238     0.0055  |       0.1027      0.2014
 271      0.0522        0.9640  |    0.1675/  0.1886/  0.2003            0.2003           0.0329     0.0025  |       0.1080      0.2014
 272      0.0521        0.9827  |    0.2328/  0.2492/  0.2627            0.2627           0.0666     0.0051  |       0.1062      0.2013
 273      0.0436        0.9793  |    0.2647/  0.2840/  0.2949            0.2949           0.1248     0.0052  |       0.1078      0.2013
 274      0.0210        0.9765  |   -0.0702/ -0.0467/ -0.0331           -0.0331          -0.2241     0.0059  |       0.1105      0.2013
 275      0.0012        0.9623  |   -0.3786/ -0.3622/ -0.3456           -0.3456          -0.4388     0.0109  |       0.1133      0.2013
 276      0.0144        0.9586  |   -0.2270/ -0.2099/ -0.1959           -0.1959          -0.3315     0.0159  |       0.1151      0.2013
 277     -0.0328        0.9057  |   -0.4186/ -0.4036/ -0.3939           -0.3939          -0.4186     0.0106  |       0.1258      0.2013
 278     -0.0573        0.9654  |   -0.3104/ -0.2926/ -0.2833           -0.2833          -0.3137     0.0126  |       0.1275      0.2013
 279     -0.0528        0.9362  |   -0.4457/ -0.4279/ -0.4187           -0.4187          -0.4486     0.0051  |       0.1389      0.2013
 280     -0.0664        0.9763  |   -0.4360/ -0.4170/ -0.4007           -0.4007          -0.4531     0.0155  |       0.1432      0.2013
 281     -0.0678        0.9522  |   -0.3003/ -0.2792/ -0.2690           -0.2690          -0.3249     0.0090  |       0.1487      0.2013
 282     -0.0750        0.9486  |   -0.4231/ -0.4007/ -0.3915           -0.3915          -0.4353     0.0128  |       0.1574      0.2013
 283     -0.0743        0.8944  |   -0.4028/ -0.3817/ -0.3622           -0.3622          -0.4666     0.0115  |       0.1671      0.2013
 284     -0.0777        0.9720  |   -0.3749/ -0.3474/ -0.3270           -0.3270          -0.4698     0.0127  |       0.1781      0.2013
 285     -0.0733        0.9403  |   -0.3470/ -0.3200/ -0.2936           -0.2936          -0.4577     0.0046  |       0.1887      0.2013
 286     -0.0650        0.9671  |   -0.4274/ -0.3896/ -0.3727           -0.3727          -0.4747     0.0085  |       0.1934      0.2013
 287     -0.0641        0.9494  |   -0.4006/ -0.3595/ -0.3494           -0.3494          -0.4565     0.0209  |       0.2002      0.2013
 288     -0.0478        0.9281  |   -0.3467/ -0.2996/ -0.2873           -0.2873          -0.4155     0.0194  |       0.2130      0.2013
 289     -0.0384        0.8521  |   -0.3467/ -0.2710/ -0.2578           -0.2578          -0.4052     0.0163  |       0.2165      0.2020
 290     -0.0281        0.8380  |   -0.3153/ -0.2238/ -0.2088           -0.2088          -0.4009     0.0054  |       0.2170      0.1998
 291     -0.0430        0.9378  |   -0.3062/ -0.1960/ -0.1824           -0.1824          -0.3718     0.0164  |       0.2146      0.1989
 292     -0.0769        0.8789  |   -0.2731/ -0.1961/ -0.1859           -0.1859          -0.3767     0.0154  |       0.2061      0.1892
 293     -0.0367        0.8580  |   -0.2754/ -0.2113/ -0.2001           -0.2001          -0.3679     0.0135  |       0.2017      0.1845
 294     -0.0426        0.8488  |   -0.3248/ -0.1976/ -0.1816           -0.1816          -0.3740     0.0181  |       0.2010      0.1816
 295     -0.0447        0.8011  |   -0.2728/ -0.2018/ -0.1933           -0.1933          -0.3495     0.0156  |       0.1996      0.1769
 296     -0.0608        0.8491  |   -0.1746/ -0.1318/ -0.1183           -0.1183          -0.3283     0.0058  |       0.1915      0.1694
 297     -0.0494        0.8873  |   -0.2089/ -0.1681/ -0.1541           -0.1541          -0.3760     0.0013  |       0.1961      0.1693
 298     -0.0383        0.9785  |   -0.2799/ -0.1664/ -0.1499           -0.1499          -0.3818     0.0095  |       0.1953      0.1693
 299     -0.0526        0.9334  |   -0.2847/ -0.1719/ -0.1557           -0.1557          -0.3935     0.0059  |       0.2009      0.1693
IMAGEIO FFMPEG_WRITER WARNING: input image is not divisible by macro_block_size=16, resizing from (320, 180) to (320, 192) to ensure video compatibility with most codecs and players. To prevent resizing, make your input image divisible by the macro_block_size or set the macro_block_size to 1 (risking incompatibility).

Saved 300 frames -> /home/ashwink/Documents/swms/SWM_copy/rollouts_5_per/expert-only/epoch8/epoch8_rollout0_failure.mp4
min dist(green_cube,blue_moon) over episode = 0.1693  ->  FAILURE
Full log written to /home/ashwink/Documents/swms/SWM_copy/rollouts_5_per/expert-only/epoch8/epoch8_rollout0_20260723_125725.log
Result json -> /home/ashwink/Documents/swms/SWM_copy/rollouts_5_per/expert-only/epoch8/epoch8_rollout0_result.json
