Checkpoint dir epoch: 8  Rollout: 4
Logging to /home/ashwink/Documents/swms/SWM_copy/rollouts_5_per/expert-only/epoch8/epoch8_rollout4_20260723_130402.log
Goal (fixed, steps 0-299): the green cube is touching the blue moon. the peg is touching the green cube.

Checkpoint: /home/ashwink/Documents/swms/SWM_copy/training/checkpoints_clip_full_finetuned_wider_hl/epoch_008.pt
  epoch=8  step=7722

Loading CLIP ViT-L/14 (datacomp_xl_s13b_b90k) + fine-tuned clip_state_dict ...
Parsing model identifier. Schema: None, Identifier: ViT-L-14
Loaded built-in ViT-L-14 model config.
Instantiating model architecture: CLIP
Loading full pretrained weights from: /home/ashwink/.cache/huggingface/hub/models--laion--CLIP-ViT-L-14-DataComp.XL-s13B-b90K/snapshots/84c9828e63dc9a9351d1fe637c346d4c1c4db341/open_clip_pytorch_model.bin
Final image preprocessing configuration set: {'size': (224, 224), 'mode': 'RGB', 'mean': (0.48145466, 0.4578275, 0.40821073), 'std': (0.26862954, 0.26130258, 0.27577711), 'interpolation': 'bicubic', 'resize_mode': 'shortest', 'fill_color': 0}
Model ViT-L-14 creation process complete.
Parsing tokenizer identifier. Schema: None, Identifier: ViT-L-14
Attempting to load config from built-in: ViT-L-14
Using default SimpleTokenizer.
z_star shape: torch.Size([768])

Loading action stats from /home/ashwink/full_data_5000/langtable/demos/ ...
  lo=[-0.03372681140899658, -0.03493623435497284]  hi=[0.03496786952018738, 0.03494429588317871]

Initializing LangTable env ...
Loading URDF plane.urdf
Loading URDF /home/ashwink/Documents/swms/.venv/lib/python3.10/site-packages/language_table/environments/utils/../../../language_table/environments/assets/workspace_real.urdf
Loading URDF xarm/xarm6_robot_white.urdf
Loading URDF /home/ashwink/Documents/swms/.venv/lib/python3.10/site-packages/language_table/environments/utils/../../../language_table/environments/assets/suction/cylinder_real.urdf
Loading URDF /home/ashwink/Documents/swms/.venv/lib/python3.10/site-packages/language_table/environments/utils/../../../language_table/environments/assets/blocks/red_moon.urdf
Loading URDF /home/ashwink/Documents/swms/.venv/lib/python3.10/site-packages/language_table/environments/utils/../../../language_table/environments/assets/blocks/red_cube.urdf
Loading URDF /home/ashwink/Documents/swms/.venv/lib/python3.10/site-packages/language_table/environments/utils/../../../language_table/environments/assets/blocks/red_star.urdf
Loading URDF /home/ashwink/Documents/swms/.venv/lib/python3.10/site-packages/language_table/environments/utils/../../../language_table/environments/assets/blocks/red_pentagon.urdf
Loading URDF /home/ashwink/Documents/swms/.venv/lib/python3.10/site-packages/language_table/environments/utils/../../../language_table/environments/assets/blocks/blue_moon.urdf
Loading URDF /home/ashwink/Documents/swms/.venv/lib/python3.10/site-packages/language_table/environments/utils/../../../language_table/environments/assets/blocks/blue_cube.urdf
Loading URDF /home/ashwink/Documents/swms/.venv/lib/python3.10/site-packages/language_table/environments/utils/../../../language_table/environments/assets/blocks/blue_star.urdf
Loading URDF /home/ashwink/Documents/swms/.venv/lib/python3.10/site-packages/language_table/environments/utils/../../../language_table/environments/assets/blocks/blue_pentagon.urdf
Loading URDF /home/ashwink/Documents/swms/.venv/lib/python3.10/site-packages/language_table/environments/utils/../../../language_table/environments/assets/blocks/yellow_moon.urdf
Loading URDF /home/ashwink/Documents/swms/.venv/lib/python3.10/site-packages/language_table/environments/utils/../../../language_table/environments/assets/blocks/yellow_cube.urdf
Loading URDF /home/ashwink/Documents/swms/.venv/lib/python3.10/site-packages/language_table/environments/utils/../../../language_table/environments/assets/blocks/yellow_star.urdf
Loading URDF /home/ashwink/Documents/swms/.venv/lib/python3.10/site-packages/language_table/environments/utils/../../../language_table/environments/assets/blocks/yellow_pentagon.urdf
Loading URDF /home/ashwink/Documents/swms/.venv/lib/python3.10/site-packages/language_table/environments/utils/../../../language_table/environments/assets/blocks/green_moon.urdf
Loading URDF /home/ashwink/Documents/swms/.venv/lib/python3.10/site-packages/language_table/environments/utils/../../../language_table/environments/assets/blocks/green_cube.urdf
Loading URDF /home/ashwink/Documents/swms/.venv/lib/python3.10/site-packages/language_table/environments/utils/../../../language_table/environments/assets/blocks/green_star.urdf
Loading URDF /home/ashwink/Documents/swms/.venv/lib/python3.10/site-packages/language_table/environments/utils/../../../language_table/environments/assets/blocks/green_pentagon.urdf
Loading URDF /home/ashwink/Documents/swms/.venv/lib/python3.10/site-packages/language_table/environments/utils/../../../language_table/environments/assets/blocks/purple_moon.urdf
Loading URDF /home/ashwink/Documents/swms/.venv/lib/python3.10/site-packages/language_table/environments/utils/../../../language_table/environments/assets/blocks/purple_cube.urdf
Loading URDF /home/ashwink/Documents/swms/.venv/lib/python3.10/site-packages/language_table/environments/utils/../../../language_table/environments/assets/blocks/purple_star.urdf
Loading URDF /home/ashwink/Documents/swms/.venv/lib/python3.10/site-packages/language_table/environments/utils/../../../language_table/environments/assets/blocks/purple_pentagon.urdf
Env ready.

Forced peg start: [0.42843915 0.24419614]  (green_cube=[0.40339102 0.18967466], blue_moon=[0.32039625 0.00902261])
  dist(peg,green_cube)=0.0600  dist(peg,blue_moon)=0.2588  dist(green_cube,blue_moon)=0.1988

step  cos(zt,z*)  cos(zt,zt-1)  |   cos(predK,z*) min/mean/max  cos(pred_sel,z*)   cos(zpred0,z*)  ||a_raw||  |  dist(peg,A)   dist(A,B)
-------------------------------------------------------------------------------------------------------------------------------------------------------------------------------
   0      0.1188           nan  |    0.3399/  0.7346/  0.7640            0.7640           0.6373     0.0175  |       0.0587      0.1988
   1      0.1251        0.9923  |    0.6777/  0.7453/  0.7552            0.7552           0.6306     0.0061  |       0.0480      0.1988
   2      0.1216        0.9926  |    0.6369/  0.7454/  0.7582            0.7582           0.6280     0.0116  |       0.0444      0.1988
   3      0.1218        0.9929  |    0.6776/  0.7542/  0.7654            0.7654           0.6298     0.0110  |       0.0374      0.1988
   4      0.1196        0.9893  |    0.6825/  0.7367/  0.7508            0.7508           0.6184     0.0061  |       0.0450      0.1988
   5      0.1183        0.9958  |    0.6533/  0.7421/  0.7543            0.7543           0.6183     0.0051  |       0.0420      0.1988
   6      0.1278        0.9872  |    0.6773/  0.7506/  0.7625            0.7625           0.6273     0.0073  |       0.0406      0.1988
   7      0.1236        0.9908  |    0.7148/  0.7554/  0.7673            0.7673           0.6368     0.0045  |       0.0386      0.1988
   8      0.1184        0.9884  |    0.6878/  0.7416/  0.7520            0.7520           0.6150     0.0057  |       0.0417      0.1988
   9      0.1206        0.9915  |    0.7003/  0.7526/  0.7630            0.7630           0.6327     0.0011  |       0.0373      0.1988
  10      0.1221        0.9939  |    0.6694/  0.7586/  0.7702            0.7702           0.6393     0.0037  |       0.0362      0.1988
  11      0.1182        0.9726  |    0.6682/  0.7370/  0.7498            0.7498           0.6156     0.0052  |       0.0375      0.1981
  12      0.1133        0.9874  |    0.7071/  0.7452/  0.7564            0.7564           0.6293     0.0053  |       0.0391      0.1981
  13      0.1114        0.9926  |    0.6786/  0.7322/  0.7461            0.7461           0.6099     0.0044  |       0.0439      0.1981
  14      0.1121        0.9927  |    0.6720/  0.7326/  0.7464            0.7464           0.6171     0.0040  |       0.0482      0.1981
  15      0.1128        0.9962  |    0.6667/  0.7376/  0.7499            0.7499           0.6170     0.0069  |       0.0459      0.1981
  16      0.1166        0.9917  |    0.6351/  0.7393/  0.7533            0.7533           0.6223     0.0036  |       0.0519      0.1981
  17      0.1175        0.9976  |    0.6424/  0.7374/  0.7500            0.7500           0.6191     0.0034  |       0.0536      0.1981
  18      0.1199        0.9961  |    0.6540/  0.7342/  0.7466            0.7466           0.6197     0.0040  |       0.0507      0.1981
  19      0.1088        0.9900  |    0.6742/  0.7394/  0.7505            0.7505           0.6200     0.0053  |       0.0511      0.1981
  20      0.1230        0.9831  |    0.6915/  0.7381/  0.7506            0.7506           0.6209     0.0017  |       0.0521      0.1981
  21      0.1181        0.9973  |    0.6544/  0.7392/  0.7518            0.7518           0.6227     0.0024  |       0.0518      0.1981
  22      0.1205        0.9975  |    0.6459/  0.7412/  0.7526            0.7526           0.6217     0.0065  |       0.0529      0.1981
  23      0.1143        0.9965  |    0.6302/  0.7365/  0.7487            0.7487           0.6205     0.0062  |       0.0496      0.1981
  24      0.1120        0.9918  |    0.6571/  0.7464/  0.7591            0.7591           0.6237     0.0024  |       0.0454      0.1981
  25      0.1112        0.9990  |    0.6578/  0.7434/  0.7557            0.7557           0.6240     0.0018  |       0.0473      0.1981
  26      0.1106        0.9956  |    0.6821/  0.7420/  0.7543            0.7543           0.6201     0.0031  |       0.0486      0.1981
  27      0.1108        0.9971  |    0.6668/  0.7423/  0.7541            0.7541           0.6147     0.0043  |       0.0459      0.1981
  28      0.1101        0.9979  |    0.6654/  0.7388/  0.7514            0.7514           0.6145     0.0072  |       0.0480      0.1981
  29      0.1085        0.9951  |    0.6611/  0.7511/  0.7622            0.7622           0.6264     0.0024  |       0.0417      0.1981
  30      0.1098        0.9969  |    0.6809/  0.7367/  0.7511            0.7511           0.6180     0.0019  |       0.0434      0.1981
  31      0.1124        0.9970  |    0.6149/  0.7421/  0.7559            0.7559           0.6223     0.0060  |       0.0452      0.1981
  32      0.1100        0.9951  |    0.6548/  0.7468/  0.7617            0.7617           0.6239     0.0070  |       0.0503      0.1981
  33      0.1103        0.9923  |    0.6573/  0.7388/  0.7503            0.7503           0.6171     0.0094  |       0.0496      0.1981
  34      0.1111        0.9925  |    0.6363/  0.7408/  0.7536            0.7536           0.6263     0.0075  |       0.0550      0.1981
  35      0.1143        0.9951  |    0.6678/  0.7432/  0.7549            0.7549           0.6255     0.0074  |       0.0616      0.1981
  36      0.1103        0.9940  |    0.5873/  0.7373/  0.7513            0.7513           0.6207     0.0141  |       0.0624      0.1981
  37      0.1147        0.9925  |    0.6934/  0.7380/  0.7507            0.7507           0.6193     0.0070  |       0.0545      0.1981
  38      0.1155        0.9960  |    0.6695/  0.7375/  0.7518            0.7518           0.6196     0.0033  |       0.0601      0.1981
  39      0.1158        0.9978  |    0.5977/  0.7360/  0.7475            0.7475           0.6191     0.0054  |       0.0585      0.1981
  40      0.1094        0.9953  |    0.6479/  0.7394/  0.7507            0.7507           0.6186     0.0082  |       0.0609      0.1981
  41      0.1101        0.9958  |    0.6406/  0.7399/  0.7547            0.7547           0.6199     0.0023  |       0.0604      0.1981
  42      0.1096        0.9976  |    0.6602/  0.7428/  0.7552            0.7552           0.6231     0.0038  |       0.0589      0.1981
  43      0.1089        0.9984  |    0.6793/  0.7402/  0.7536            0.7536           0.6217     0.0056  |       0.0568      0.1981
  44      0.1111        0.9970  |    0.6348/  0.7388/  0.7523            0.7523           0.6232     0.0045  |       0.0617      0.1981
  45      0.1071        0.9960  |    0.6908/  0.7429/  0.7554            0.7554           0.6239     0.0038  |       0.0594      0.1981
  46      0.1125        0.9968  |    0.7023/  0.7482/  0.7589            0.7589           0.6269     0.0017  |       0.0621      0.1981
  47      0.1130        0.9984  |    0.6780/  0.7440/  0.7553            0.7553           0.6258     0.0021  |       0.0619      0.1981
  48      0.1151        0.9969  |    0.6734/  0.7410/  0.7533            0.7533           0.6259     0.0027  |       0.0637      0.1981
  49      0.1110        0.9954  |    0.6702/  0.7425/  0.7555            0.7555           0.6230     0.0012  |       0.0663      0.1981
  50      0.1132        0.9990  |    0.6632/  0.7407/  0.7521            0.7521           0.6218     0.0040  |       0.0676      0.1981
  51      0.1125        0.9960  |    0.6521/  0.7436/  0.7558            0.7558           0.6239     0.0048  |       0.0652      0.1981
  52      0.1162        0.9975  |    0.6169/  0.7424/  0.7577            0.7577           0.6259     0.0057  |       0.0641      0.1981
  53      0.1108        0.9953  |    0.6720/  0.7438/  0.7566            0.7566           0.6215     0.0077  |       0.0618      0.1981
  54      0.1068        0.9939  |    0.6623/  0.7373/  0.7514            0.7514           0.6183     0.0014  |       0.0569      0.1981
  55      0.1084        0.9985  |    0.6228/  0.7368/  0.7493            0.7493           0.6192     0.0055  |       0.0555      0.1981
  56      0.1116        0.9960  |    0.6531/  0.7416/  0.7556            0.7556           0.6251     0.0094  |       0.0602      0.1981
  57      0.1069        0.9965  |    0.7107/  0.7415/  0.7512            0.7512           0.6189     0.0063  |       0.0563      0.1981
  58      0.1093        0.9967  |    0.6872/  0.7402/  0.7519            0.7519           0.6185     0.0022  |       0.0520      0.1981
  59      0.1126        0.9982  |    0.6948/  0.7382/  0.7492            0.7492           0.6144     0.0054  |       0.0499      0.1981
  60      0.1111        0.9974  |    0.6869/  0.7350/  0.7498            0.7498           0.6152     0.0052  |       0.0541      0.1981
  61      0.1105        0.9975  |    0.6495/  0.7351/  0.7457            0.7457           0.6129     0.0081  |       0.0502      0.1981
  62      0.1100        0.9964  |    0.6911/  0.7348/  0.7476            0.7476           0.6102     0.0025  |       0.0555      0.1981
  63      0.1091        0.9989  |    0.6917/  0.7369/  0.7492            0.7492           0.6123     0.0015  |       0.0553      0.1981
  64      0.1108        0.9972  |    0.6730/  0.7290/  0.7408            0.7408           0.6072     0.0042  |       0.0566      0.1981
  65      0.1070        0.9935  |    0.6985/  0.7417/  0.7537            0.7537           0.6140     0.0029  |       0.0550      0.1981
  66      0.1120        0.9953  |    0.6888/  0.7373/  0.7498            0.7498           0.6100     0.0010  |       0.0572      0.1981
  67      0.1108        0.9965  |    0.6971/  0.7464/  0.7595            0.7595           0.6187     0.0031  |       0.0578      0.1981
  68      0.1166        0.9958  |    0.6438/  0.7325/  0.7445            0.7445           0.6120     0.0107  |       0.0562      0.1981
  69      0.1094        0.9957  |    0.6406/  0.7415/  0.7549            0.7549           0.6155     0.0050  |       0.0485      0.1981
  70      0.1112        0.9967  |    0.6594/  0.7379/  0.7508            0.7508           0.6174     0.0029  |       0.0522      0.1981
  71      0.1131        0.9974  |    0.6726/  0.7356/  0.7484            0.7484           0.6162     0.0040  |       0.0551      0.1981
  72      0.1069        0.9975  |    0.7044/  0.7400/  0.7506            0.7506           0.6182     0.0059  |       0.0567      0.1981
  73      0.1133        0.9970  |    0.6901/  0.7391/  0.7524            0.7524           0.6136     0.0061  |       0.0614      0.1981
  74      0.1123        0.9973  |    0.6282/  0.7408/  0.7525            0.7525           0.6210     0.0088  |       0.0651      0.1981
  75      0.1134        0.9957  |    0.6831/  0.7408/  0.7530            0.7530           0.6236     0.0028  |       0.0597      0.1981
  76      0.1123        0.9976  |    0.7026/  0.7427/  0.7534            0.7534           0.6223     0.0021  |       0.0602      0.1981
  77      0.1095        0.9987  |    0.6763/  0.7386/  0.7491            0.7491           0.6190     0.0027  |       0.0605      0.1981
  78      0.1085        0.9979  |    0.5162/  0.7414/  0.7543            0.7543           0.6214     0.0040  |       0.0581      0.1981
  79      0.1131        0.9981  |    0.6758/  0.7394/  0.7515            0.7515           0.6232     0.0085  |       0.0612      0.1981
  80      0.1117        0.9972  |    0.6738/  0.7436/  0.7559            0.7559           0.6235     0.0036  |       0.0538      0.1981
  81      0.1119        0.9987  |    0.6609/  0.7475/  0.7590            0.7590           0.6241     0.0064  |       0.0504      0.1981
  82      0.1105        0.9940  |    0.6499/  0.7378/  0.7511            0.7511           0.6266     0.0074  |       0.0539      0.1981
  83      0.1081        0.9943  |    0.6460/  0.7418/  0.7537            0.7537           0.6228     0.0014  |       0.0516      0.1981
  84      0.1103        0.9981  |    0.6797/  0.7361/  0.7487            0.7487           0.6159     0.0026  |       0.0512      0.1981
  85      0.1099        0.9953  |    0.6606/  0.7482/  0.7593            0.7593           0.6260     0.0059  |       0.0497      0.1981
  86      0.1095        0.9921  |    0.6565/  0.7415/  0.7543            0.7543           0.6206     0.0046  |       0.0472      0.1981
  87      0.1110        0.9976  |    0.6456/  0.7401/  0.7515            0.7515           0.6165     0.0036  |       0.0465      0.1981
  88      0.1114        0.9988  |    0.6536/  0.7462/  0.7567            0.7567           0.6195     0.0084  |       0.0466      0.1981
  89      0.1166        0.9951  |    0.5918/  0.7381/  0.7513            0.7513           0.6223     0.0014  |       0.0518      0.1981
  90      0.1157        0.9992  |    0.6786/  0.7400/  0.7510            0.7510           0.6227     0.0058  |       0.0519      0.1981
  91      0.1187        0.9958  |    0.6935/  0.7419/  0.7509            0.7509           0.6146     0.0092  |       0.0481      0.1981
  92      0.1124        0.9909  |    0.6459/  0.7368/  0.7498            0.7498           0.6217     0.0045  |       0.0487      0.1981
  93      0.1138        0.9974  |    0.6680/  0.7358/  0.7476            0.7476           0.6118     0.0034  |       0.0449      0.1981
  94      0.1115        0.9966  |    0.6253/  0.7386/  0.7517            0.7517           0.6130     0.0036  |       0.0415      0.1981
  95      0.1128        0.9970  |    0.6564/  0.7369/  0.7490            0.7490           0.6151     0.0049  |       0.0443      0.1981
  96      0.1122        0.9961  |    0.6846/  0.7443/  0.7551            0.7551           0.6239     0.0073  |       0.0406      0.1981
  97      0.1113        0.9963  |    0.6578/  0.7410/  0.7543            0.7543           0.6227     0.0017  |       0.0402      0.1981
  98      0.1144        0.9836  |    0.6778/  0.7474/  0.7586            0.7586           0.6187     0.0088  |       0.0398      0.1979
  99      0.1233        0.9931  |    0.6734/  0.7393/  0.7507            0.7507           0.6075     0.0052  |       0.0456      0.1979
 100      0.1211        0.9935  |    0.6489/  0.7373/  0.7494            0.7494           0.5997     0.0071  |       0.0420      0.1979
 101      0.1223        0.9974  |    0.6823/  0.7361/  0.7476            0.7476           0.5931     0.0058  |       0.0440      0.1979
 102      0.1204        0.9962  |    0.6788/  0.7274/  0.7403            0.7403           0.5939     0.0092  |       0.0486      0.1979
 103      0.1210        0.9940  |    0.6779/  0.7369/  0.7513            0.7513           0.6138     0.0033  |       0.0513      0.1979
 104      0.1203        0.9957  |    0.6566/  0.7339/  0.7445            0.7445           0.6123     0.0023  |       0.0537      0.1979
 105      0.1236        0.9958  |    0.6946/  0.7405/  0.7519            0.7519           0.6231     0.0008  |       0.0552      0.1979
 106      0.1242        0.9986  |    0.6442/  0.7466/  0.7594            0.7594           0.6212     0.0027  |       0.0546      0.1979
 107      0.1182        0.9950  |    0.6911/  0.7331/  0.7448            0.7448           0.6094     0.0047  |       0.0539      0.1979
 108      0.1248        0.9925  |    0.6724/  0.7411/  0.7528            0.7528           0.6190     0.0035  |       0.0521      0.1979
 109      0.1224        0.9943  |    0.6908/  0.7384/  0.7503            0.7503           0.6160     0.0040  |       0.0508      0.1979
 110      0.1219        0.9973  |    0.6870/  0.7296/  0.7408            0.7408           0.6106     0.0023  |       0.0544      0.1979
 111      0.1188        0.9982  |    0.6733/  0.7349/  0.7492            0.7492           0.6179     0.0057  |       0.0529      0.1979
 112      0.1256        0.9948  |    0.6855/  0.7431/  0.7528            0.7528           0.6139     0.0046  |       0.0527      0.1979
 113      0.1197        0.9933  |    0.6634/  0.7299/  0.7418            0.7418           0.6100     0.0014  |       0.0520      0.1979
 114      0.1191        0.9964  |    0.6936/  0.7376/  0.7520            0.7520           0.6161     0.0045  |       0.0522      0.1979
 115      0.1222        0.9955  |    0.6928/  0.7473/  0.7598            0.7598           0.6210     0.0038  |       0.0493      0.1979
 116      0.1216        0.9964  |    0.6300/  0.7386/  0.7508            0.7508           0.6113     0.0015  |       0.0514      0.1979
 117      0.1203        0.9980  |    0.6977/  0.7419/  0.7532            0.7532           0.6150     0.0023  |       0.0519      0.1979
 118      0.1221        0.9989  |    0.6777/  0.7404/  0.7514            0.7514           0.6160     0.0022  |       0.0536      0.1979
 119      0.1219        0.9991  |    0.6956/  0.7371/  0.7490            0.7490           0.6135     0.0072  |       0.0518      0.1979
 120      0.1226        0.9936  |    0.6359/  0.7411/  0.7526            0.7526           0.6162     0.0057  |       0.0583      0.1979
 121      0.1204        0.9974  |    0.6881/  0.7353/  0.7471            0.7471           0.6151     0.0051  |       0.0570      0.1979
 122      0.1219        0.9982  |    0.6829/  0.7339/  0.7440            0.7440           0.6114     0.0031  |       0.0527      0.1979
 123      0.1214        0.9987  |    0.6853/  0.7366/  0.7481            0.7481           0.6102     0.0051  |       0.0530      0.1979
 124      0.1207        0.9974  |    0.6263/  0.7368/  0.7494            0.7494           0.6140     0.0038  |       0.0530      0.1979
 125      0.1207        0.9969  |    0.6655/  0.7320/  0.7450            0.7450           0.6089     0.0047  |       0.0562      0.1979
 126      0.1220        0.9973  |    0.6615/  0.7413/  0.7528            0.7528           0.6174     0.0078  |       0.0548      0.1979
 127      0.1168        0.9918  |    0.6703/  0.7433/  0.7553            0.7553           0.6071     0.0061  |       0.0546      0.1979
 128      0.1180        0.9930  |    0.6736/  0.7328/  0.7452            0.7452           0.6093     0.0050  |       0.0553      0.1979
 129      0.1161        0.9946  |    0.6820/  0.7486/  0.7606            0.7606           0.6210     0.0065  |       0.0527      0.1979
 130      0.1163        0.9950  |    0.6656/  0.7357/  0.7483            0.7483           0.6054     0.0065  |       0.0570      0.1979
 131      0.1218        0.9954  |    0.6775/  0.7386/  0.7517            0.7517           0.6024     0.0060  |       0.0526      0.1979
 132      0.1173        0.9970  |    0.6608/  0.7359/  0.7487            0.7487           0.5998     0.0027  |       0.0576      0.1979
 133      0.1244        0.9952  |    0.6976/  0.7416/  0.7532            0.7532           0.6099     0.0069  |       0.0604      0.1979
 134      0.1223        0.9974  |    0.6716/  0.7449/  0.7566            0.7566           0.6103     0.0065  |       0.0646      0.1979
 135      0.1207        0.9963  |    0.6134/  0.7376/  0.7507            0.7507           0.6103     0.0058  |       0.0636      0.1979
 136      0.1185        0.9943  |    0.6559/  0.7416/  0.7541            0.7541           0.6138     0.0049  |       0.0610      0.1979
 137      0.1182        0.9945  |    0.6739/  0.7381/  0.7501            0.7501           0.6042     0.0059  |       0.0612      0.1979
 138      0.1188        0.9981  |    0.6845/  0.7348/  0.7477            0.7477           0.5980     0.0074  |       0.0626      0.1979
 139      0.1218        0.9959  |    0.6577/  0.7288/  0.7415            0.7415           0.5987     0.0035  |       0.0695      0.1979
 140      0.1198        0.9983  |    0.6835/  0.7350/  0.7459            0.7459           0.5999     0.0012  |       0.0679      0.1979
 141      0.1199        0.9996  |    0.6686/  0.7358/  0.7476            0.7476           0.6001     0.0035  |       0.0683      0.1979
 142      0.1211        0.9983  |    0.6929/  0.7302/  0.7426            0.7426           0.5991     0.0030  |       0.0705      0.1979
 143      0.1204        0.9989  |    0.7046/  0.7373/  0.7488            0.7488           0.6020     0.0045  |       0.0685      0.1979
 144      0.1226        0.9961  |    0.6379/  0.7317/  0.7458            0.7458           0.6074     0.0049  |       0.0711      0.1979
 145      0.1198        0.9973  |    0.6712/  0.7366/  0.7491            0.7491           0.5999     0.0052  |       0.0682      0.1979
 146      0.1203        0.9977  |    0.6998/  0.7412/  0.7524            0.7524           0.6092     0.0058  |       0.0716      0.1979
 147      0.1211        0.9978  |    0.6792/  0.7386/  0.7519            0.7519           0.6097     0.0067  |       0.0750      0.1979
 148      0.1139        0.9953  |    0.6595/  0.7301/  0.7431            0.7431           0.6025     0.0065  |       0.0768      0.1979
 149      0.1196        0.9973  |    0.7007/  0.7399/  0.7507            0.7507           0.6110     0.0047  |       0.0810      0.1979
 150      0.1194        0.9975  |    0.7033/  0.7314/  0.7422            0.7422           0.6034     0.0046  |       0.0794      0.1979
 151      0.1150        0.9955  |    0.6604/  0.7295/  0.7440            0.7440           0.5987     0.0074  |       0.0801      0.1979
 152      0.1220        0.9957  |    0.6702/  0.7373/  0.7497            0.7497           0.6011     0.0059  |       0.0860      0.1979
 153      0.1213        0.9984  |    0.7011/  0.7333/  0.7455            0.7455           0.5970     0.0038  |       0.0830      0.1979
 154      0.1246        0.9982  |    0.6864/  0.7334/  0.7445            0.7445           0.6003     0.0046  |       0.0827      0.1979
 155      0.1213        0.9982  |    0.6474/  0.7338/  0.7462            0.7462           0.5971     0.0068  |       0.0831      0.1979
 156      0.1245        0.9962  |    0.6717/  0.7404/  0.7522            0.7522           0.6007     0.0034  |       0.0877      0.1979
 157      0.1246        0.9979  |    0.6791/  0.7470/  0.7584            0.7584           0.6099     0.0083  |       0.0853      0.1979
 158      0.1063        0.9723  |    0.6594/  0.6889/  0.6979            0.6979           0.5434     0.0072  |       0.0922      0.1979
 159      0.1080        0.9995  |    0.6428/  0.6969/  0.7064            0.7064           0.5487     0.0034  |       0.0906      0.1979
 160      0.1193        0.9879  |    0.6640/  0.7271/  0.7404            0.7404           0.5888     0.0107  |       0.0874      0.1979
 161      0.1173        0.9952  |    0.6737/  0.7208/  0.7317            0.7317           0.5757     0.0083  |       0.0889      0.1979
 162      0.1021        0.9897  |    0.6304/  0.6724/  0.6829            0.6829           0.5100     0.0049  |       0.0955      0.1979
 163      0.1021        1.0000  |    0.6037/  0.6692/  0.6788            0.6788           0.5100     0.0113  |       0.1006      0.1979
 164      0.1021        1.0000  |    0.5893/  0.6693/  0.6835            0.6835           0.5099     0.0075  |       0.1015      0.1979
 165      0.1021        1.0000  |    0.5952/  0.6725/  0.6846            0.6846           0.5099     0.0057  |       0.1038      0.1979
 166      0.1021        1.0000  |    0.6177/  0.6726/  0.6818            0.6818           0.5100     0.0148  |       0.1087      0.1979
 167      0.1021        1.0000  |    0.6351/  0.6739/  0.6854            0.6854           0.5100     0.0032  |       0.1144      0.1979
 168      0.1021        1.0000  |    0.6224/  0.6707/  0.6814            0.6814           0.5100     0.0091  |       0.1178      0.1979
 169      0.1021        1.0000  |    0.5935/  0.6711/  0.6806            0.6806           0.5100     0.0047  |       0.1256      0.1979
 170      0.1021        1.0000  |    0.6193/  0.6758/  0.6853            0.6853           0.5100     0.0077  |       0.1285      0.1979
 171      0.1021        1.0000  |    0.6216/  0.6737/  0.6833            0.6833           0.5100     0.0089  |       0.1304      0.1979
 172      0.1021        1.0000  |    0.5458/  0.6708/  0.6824            0.6824           0.5100     0.0075  |       0.1345      0.1979
 173      0.1021        1.0000  |    0.6252/  0.6738/  0.6848            0.6848           0.5099     0.0031  |       0.1379      0.1979
 174      0.1021        1.0000  |    0.6422/  0.6744/  0.6843            0.6843           0.5100     0.0051  |       0.1398      0.1979
 175      0.1021        1.0000  |    0.5846/  0.6732/  0.6821            0.6821           0.5100     0.0067  |       0.1415      0.1979
 176      0.1021        1.0000  |    0.5923/  0.6724/  0.6832            0.6832           0.5100     0.0050  |       0.1421      0.1979
 177      0.1021        1.0000  |    0.6279/  0.6757/  0.6840            0.6840           0.5100     0.0033  |       0.1439      0.1979
 178      0.1021        1.0000  |    0.6141/  0.6711/  0.6814            0.6814           0.5100     0.0052  |       0.1455      0.1979
 179      0.1021        1.0000  |    0.6334/  0.6724/  0.6829            0.6829           0.5099     0.0125  |       0.1482      0.1979
 180      0.1021        1.0000  |    0.6106/  0.6759/  0.6861            0.6861           0.5100     0.0046  |       0.1546      0.1979
 181      0.1021        1.0000  |    0.5820/  0.6745/  0.6838            0.6838           0.5100     0.0086  |       0.1562      0.1979
 182      0.1021        1.0000  |    0.6188/  0.6716/  0.6837            0.6837           0.5101     0.0078  |       0.1606      0.1979
 183      0.1021        1.0000  |    0.5686/  0.6713/  0.6861            0.6861           0.5100     0.0024  |       0.1652      0.1979
 184      0.1021        1.0000  |    0.6309/  0.6760/  0.6851            0.6851           0.5100     0.0089  |       0.1666      0.1979
 185      0.1021        1.0000  |    0.6285/  0.6739/  0.6825            0.6825           0.5101     0.0104  |       0.1718      0.1979
 186      0.1021        1.0000  |    0.6002/  0.6695/  0.6804            0.6804           0.5101     0.0044  |       0.1787      0.1979
 187      0.1021        1.0000  |    0.6178/  0.6730/  0.6837            0.6837           0.5101     0.0032  |       0.1824      0.1979
 188      0.1021        1.0000  |    0.5997/  0.6751/  0.6845            0.6845           0.5100     0.0076  |       0.1853      0.1979
 189      0.1021        1.0000  |    0.6322/  0.6717/  0.6811            0.6811           0.5101     0.0077  |       0.1906      0.1979
 190      0.1021        1.0000  |    0.6074/  0.6718/  0.6850            0.6850           0.5101     0.0070  |       0.1953      0.1979
 191      0.1021        1.0000  |    0.5825/  0.6751/  0.6843            0.6843           0.5101     0.0059  |       0.2007      0.1979
 192      0.1021        1.0000  |    0.6322/  0.6731/  0.6820            0.6820           0.5099     0.0081  |       0.2035      0.1979
 193      0.1021        1.0000  |    0.6203/  0.6737/  0.6838            0.6838           0.5100     0.0069  |       0.2094      0.1979
 194      0.1021        1.0000  |    0.6334/  0.6751/  0.6840            0.6840           0.5100     0.0057  |       0.2147      0.1979
 195      0.1021        1.0000  |    0.5975/  0.6740/  0.6847            0.6847           0.5100     0.0016  |       0.2186      0.1979
 196      0.1021        1.0000  |    0.6014/  0.6721/  0.6820            0.6820           0.5099     0.0083  |       0.2193      0.1979
 197      0.1021        1.0000  |    0.6195/  0.6701/  0.6839            0.6839           0.5100     0.0105  |       0.2247      0.1979
 198      0.1021        1.0000  |    0.5893/  0.6734/  0.6846            0.6846           0.5100     0.0075  |       0.2256      0.1979
 199      0.1021        1.0000  |    0.6237/  0.6741/  0.6836            0.6836           0.5100     0.0034  |       0.2257      0.1979
 200      0.1021        1.0000  |    0.6486/  0.6737/  0.6828            0.6828           0.5099     0.0037  |       0.2248      0.1979
 201      0.1021        1.0000  |    0.6064/  0.6735/  0.6832            0.6832           0.5100     0.0053  |       0.2256      0.1979
 202      0.1021        1.0000  |    0.6416/  0.6751/  0.6827            0.6827           0.5100     0.0070  |       0.2257      0.1979
 203      0.1021        1.0000  |    0.6027/  0.6720/  0.6811            0.6811           0.5100     0.0070  |       0.2258      0.1979
 204      0.1021        1.0000  |    0.6341/  0.6704/  0.6812            0.6812           0.5099     0.0038  |       0.2258      0.1979
 205      0.1021        1.0000  |    0.5989/  0.6722/  0.6824            0.6824           0.5100     0.0106  |       0.2258      0.1979
 206      0.1021        1.0000  |    0.6217/  0.6746/  0.6834            0.6834           0.5100     0.0076  |       0.2258      0.1979
 207      0.1021        1.0000  |    0.6213/  0.6747/  0.6829            0.6829           0.5100     0.0073  |       0.2258      0.1979
 208      0.1021        1.0000  |    0.6089/  0.6755/  0.6844            0.6844           0.5099     0.0052  |       0.2258      0.1979
 209      0.1021        1.0000  |    0.6164/  0.6740/  0.6845            0.6845           0.5100     0.0114  |       0.2258      0.1979
 210      0.1021        1.0000  |    0.6448/  0.6720/  0.6818            0.6818           0.5100     0.0068  |       0.2258      0.1979
 211      0.1021        1.0000  |    0.6093/  0.6743/  0.6833            0.6833           0.5101     0.0022  |       0.2258      0.1979
 212      0.1021        1.0000  |    0.5996/  0.6746/  0.6852            0.6852           0.5100     0.0025  |       0.2258      0.1979
 213      0.1022        1.0000  |    0.6212/  0.6711/  0.6814            0.6814           0.5102     0.0142  |       0.2248      0.1979
 214      0.1022        1.0000  |    0.6086/  0.6736/  0.6832            0.6832           0.5102     0.0069  |       0.2256      0.1979
 215      0.1021        1.0000  |    0.6269/  0.6749/  0.6841            0.6841           0.5101     0.0064  |       0.2258      0.1979
 216      0.1022        1.0000  |    0.6049/  0.6747/  0.6849            0.6849           0.5102     0.0022  |       0.2258      0.1979
 217      0.1022        1.0000  |    0.6338/  0.6709/  0.6806            0.6806           0.5102     0.0102  |       0.2254      0.1979
 218      0.1021        1.0000  |    0.6257/  0.6735/  0.6829            0.6829           0.5101     0.0066  |       0.2258      0.1979
 219      0.1022        1.0000  |    0.6216/  0.6748/  0.6852            0.6852           0.5102     0.0060  |       0.2258      0.1979
 220      0.1022        1.0000  |    0.5992/  0.6734/  0.6829            0.6829           0.5102     0.0071  |       0.2258      0.1979
 221      0.1022        1.0000  |    0.6285/  0.6737/  0.6834            0.6834           0.5102     0.0050  |       0.2255      0.1979
 222      0.1021        1.0000  |    0.6303/  0.6716/  0.6826            0.6826           0.5101     0.0080  |       0.2258      0.1979
 223      0.1022        1.0000  |    0.6315/  0.6734/  0.6835            0.6835           0.5102     0.0038  |       0.2258      0.1979
 224      0.1022        1.0000  |    0.6111/  0.6734/  0.6840            0.6840           0.5102     0.0081  |       0.2239      0.1979
 225      0.1021        1.0000  |    0.6145/  0.6726/  0.6828            0.6828           0.5101     0.0078  |       0.2250      0.1979
 226      0.1022        1.0000  |    0.6112/  0.6765/  0.6861            0.6861           0.5102     0.0034  |       0.2236      0.1979
 227      0.1022        1.0000  |    0.6425/  0.6712/  0.6807            0.6807           0.5102     0.0076  |       0.2247      0.1979
 228      0.1022        1.0000  |    0.6280/  0.6747/  0.6845            0.6845           0.5102     0.0095  |       0.2257      0.1979
 229      0.1021        1.0000  |    0.5989/  0.6756/  0.6857            0.6857           0.5101     0.0035  |       0.2258      0.1979
 230      0.1022        1.0000  |    0.6337/  0.6749/  0.6851            0.6851           0.5102     0.0057  |       0.2244      0.1979
 231      0.1022        1.0000  |    0.6080/  0.6743/  0.6844            0.6844           0.5098     0.0027  |       0.2256      0.1979
 232      0.1022        1.0000  |    0.6397/  0.6770/  0.6861            0.6861           0.5096     0.0048  |       0.2251      0.1979
 233      0.1022        1.0000  |    0.6263/  0.6715/  0.6841            0.6841           0.5096     0.0086  |       0.2240      0.1979
 234      0.1021        1.0000  |    0.6187/  0.6727/  0.6829            0.6829           0.5102     0.0089  |       0.2256      0.1979
 235      0.1021        1.0000  |    0.6020/  0.6749/  0.6856            0.6856           0.5102     0.0056  |       0.2258      0.1979
 236      0.1020        1.0000  |    0.6336/  0.6746/  0.6842            0.6842           0.5101     0.0102  |       0.2258      0.1979
 237      0.1021        1.0000  |    0.6330/  0.6745/  0.6845            0.6845           0.5102     0.0084  |       0.2258      0.1979
 238      0.1021        1.0000  |    0.6422/  0.6757/  0.6850            0.6850           0.5102     0.0056  |       0.2258      0.1979
 239      0.1020        1.0000  |    0.6254/  0.6740/  0.6843            0.6843           0.5101     0.0097  |       0.2259      0.1979
 240      0.1020        1.0000  |    0.6035/  0.6710/  0.6811            0.6811           0.5101     0.0081  |       0.2259      0.1979
 241      0.1021        1.0000  |    0.6029/  0.6723/  0.6815            0.6815           0.5102     0.0041  |       0.2255      0.1979
 242      0.1021        1.0000  |    0.6308/  0.6772/  0.6862            0.6862           0.5102     0.0053  |       0.2255      0.1979
 243      0.1020        1.0000  |    0.6029/  0.6747/  0.6847            0.6847           0.5101     0.0052  |       0.2258      0.1979
 244      0.1021        1.0000  |    0.6424/  0.6727/  0.6827            0.6827           0.5102     0.0092  |       0.2258      0.1979
 245      0.1021        1.0000  |    0.6340/  0.6734/  0.6847            0.6847           0.5102     0.0073  |       0.2259      0.1979
 246      0.1020        1.0000  |    0.6095/  0.6731/  0.6830            0.6830           0.5101     0.0070  |       0.2259      0.1979
 247      0.1021        1.0000  |    0.6155/  0.6757/  0.6853            0.6853           0.5102     0.0086  |       0.2259      0.1979
 248      0.1021        1.0000  |    0.6270/  0.6708/  0.6805            0.6805           0.5102     0.0058  |       0.2259      0.1979
 249      0.1021        1.0000  |    0.6279/  0.6741/  0.6834            0.6834           0.5102     0.0045  |       0.2259      0.1979
 250      0.1051        0.9986  |    0.6513/  0.6858/  0.6952            0.6952           0.5201     0.0044  |       0.2259      0.1979
 251      0.1051        1.0000  |    0.6352/  0.6868/  0.6991            0.6991           0.5202     0.0028  |       0.2259      0.1979
 252      0.1051        1.0000  |    0.6517/  0.6863/  0.6986            0.6986           0.5202     0.0028  |       0.2259      0.1979
 253      0.1051        1.0000  |    0.6154/  0.6866/  0.6958            0.6958           0.5201     0.0128  |       0.2256      0.1979
 254      0.1051        1.0000  |    0.6265/  0.6858/  0.6973            0.6973           0.5202     0.0055  |       0.2258      0.1979
 255      0.1051        1.0000  |    0.5395/  0.6843/  0.6957            0.6957           0.5202     0.0046  |       0.2259      0.1979
 256      0.1051        1.0000  |    0.6136/  0.6871/  0.6972            0.6972           0.5202     0.0078  |       0.2259      0.1979
 257      0.1051        1.0000  |    0.6413/  0.6864/  0.6962            0.6962           0.5201     0.0102  |       0.2259      0.1979
 258      0.1051        1.0000  |    0.6396/  0.6854/  0.6946            0.6946           0.5202     0.0041  |       0.2252      0.1979
 259      0.1051        1.0000  |    0.6363/  0.6847/  0.6948            0.6948           0.5202     0.0131  |       0.2258      0.1979
 260      0.1051        1.0000  |    0.6449/  0.6858/  0.6957            0.6957           0.5201     0.0036  |       0.2259      0.1979
 261      0.1051        1.0000  |    0.6412/  0.6859/  0.6964            0.6964           0.5202     0.0092  |       0.2249      0.1979
 262      0.1051        1.0000  |    0.6485/  0.6893/  0.6978            0.6978           0.5202     0.0063  |       0.2251      0.1979
 263      0.1051        1.0000  |    0.6363/  0.6860/  0.6976            0.6976           0.5201     0.0035  |       0.2258      0.1979
 264      0.1051        1.0000  |    0.6117/  0.6887/  0.6978            0.6978           0.5201     0.0046  |       0.2259      0.1979
 265      0.1051        1.0000  |    0.6414/  0.6855/  0.6958            0.6958           0.5202     0.0053  |       0.2259      0.1979
 266      0.1051        1.0000  |    0.6110/  0.6865/  0.6970            0.6970           0.5202     0.0078  |       0.2259      0.1979
 267      0.1051        1.0000  |    0.6395/  0.6886/  0.6979            0.6979           0.5201     0.0063  |       0.2259      0.1979
 268      0.1051        1.0000  |    0.6097/  0.6852/  0.6959            0.6959           0.5202     0.0085  |       0.2259      0.1979
 269      0.1051        1.0000  |    0.6365/  0.6869/  0.6973            0.6973           0.5202     0.0076  |       0.2259      0.1979
 270      0.1051        1.0000  |    0.6417/  0.6894/  0.6996            0.6996           0.5201     0.0089  |       0.2259      0.1979
 271      0.1051        1.0000  |    0.6190/  0.6843/  0.6946            0.6946           0.5201     0.0085  |       0.2259      0.1979
 272      0.1051        1.0000  |    0.6299/  0.6849/  0.6965            0.6965           0.5202     0.0044  |       0.2259      0.1979
 273      0.1051        1.0000  |    0.6277/  0.6888/  0.6986            0.6986           0.5202     0.0058  |       0.2259      0.1979
 274      0.1051        1.0000  |    0.6127/  0.6853/  0.6963            0.6963           0.5201     0.0071  |       0.2259      0.1979
 275      0.1051        1.0000  |    0.6262/  0.6874/  0.6964            0.6964           0.5202     0.0058  |       0.2258      0.1979
 276      0.1051        1.0000  |    0.6402/  0.6860/  0.6967            0.6967           0.5202     0.0056  |       0.2259      0.1979
 277      0.1051        1.0000  |    0.6188/  0.6882/  0.6982            0.6982           0.5201     0.0074  |       0.2259      0.1979
 278      0.1051        1.0000  |    0.6425/  0.6874/  0.6976            0.6976           0.5201     0.0031  |       0.2259      0.1979
 279      0.1051        1.0000  |    0.6375/  0.6870/  0.6974            0.6974           0.5202     0.0100  |       0.2259      0.1979
 280      0.1051        1.0000  |    0.6558/  0.6865/  0.7001            0.7001           0.5202     0.0043  |       0.2259      0.1979
 281      0.1051        1.0000  |    0.6417/  0.6897/  0.6991            0.6991           0.5201     0.0022  |       0.2253      0.1979
 282      0.1051        1.0000  |    0.5958/  0.6879/  0.6981            0.6981           0.5202     0.0080  |       0.2253      0.1979
 283      0.1051        1.0000  |    0.6521/  0.6851/  0.6963            0.6963           0.5202     0.0109  |       0.2258      0.1979
 284      0.1051        1.0000  |    0.6046/  0.6866/  0.6999            0.6999           0.5201     0.0038  |       0.2259      0.1979
 285      0.1051        1.0000  |    0.6280/  0.6887/  0.6983            0.6983           0.5202     0.0044  |       0.2256      0.1979
 286      0.1051        1.0000  |    0.6361/  0.6849/  0.6957            0.6957           0.5202     0.0113  |       0.2259      0.1979
 287      0.1051        1.0000  |    0.6065/  0.6849/  0.6973            0.6973           0.5201     0.0059  |       0.2259      0.1979
 288      0.1051        1.0000  |    0.6143/  0.6865/  0.6986            0.6986           0.5201     0.0060  |       0.2235      0.1979
 289      0.1051        1.0000  |    0.6359/  0.6882/  0.6973            0.6973           0.5202     0.0042  |       0.2235      0.1979
 290      0.1051        1.0000  |    0.6165/  0.6873/  0.6976            0.6976           0.5202     0.0061  |       0.2239      0.1979
 291      0.1051        1.0000  |    0.6434/  0.6837/  0.6975            0.6975           0.5201     0.0081  |       0.2256      0.1979
 292      0.1051        1.0000  |    0.6025/  0.6865/  0.6962            0.6962           0.5202     0.0085  |       0.2259      0.1979
 293      0.1051        1.0000  |    0.5972/  0.6857/  0.6953            0.6953           0.5202     0.0055  |       0.2259      0.1979
 294      0.1051        1.0000  |    0.6461/  0.6891/  0.6976            0.6976           0.5201     0.0049  |       0.2259      0.1979
 295      0.1051        1.0000  |    0.6406/  0.6836/  0.6971            0.6971           0.5201     0.0083  |       0.2259      0.1979
 296      0.1051        1.0000  |    0.6351/  0.6876/  0.7015            0.7015           0.5202     0.0086  |       0.2259      0.1979
 297      0.1051        1.0000  |    0.6166/  0.6855/  0.6991            0.6991           0.5202     0.0059  |       0.2259      0.1979
 298      0.1051        1.0000  |    0.5934/  0.6835/  0.6946            0.6946           0.5201     0.0111  |       0.2240      0.1979
 299      0.1051        1.0000  |    0.6143/  0.6872/  0.6974            0.6974           0.5202     0.0035  |       0.2222      0.1979
IMAGEIO FFMPEG_WRITER WARNING: input image is not divisible by macro_block_size=16, resizing from (320, 180) to (320, 192) to ensure video compatibility with most codecs and players. To prevent resizing, make your input image divisible by the macro_block_size or set the macro_block_size to 1 (risking incompatibility).

Saved 300 frames -> /home/ashwink/Documents/swms/SWM_copy/rollouts_5_per/expert-only/epoch8/epoch8_rollout4_failure.mp4
min dist(green_cube,blue_moon) over episode = 0.1979  ->  FAILURE
Full log written to /home/ashwink/Documents/swms/SWM_copy/rollouts_5_per/expert-only/epoch8/epoch8_rollout4_20260723_130402.log
Result json -> /home/ashwink/Documents/swms/SWM_copy/rollouts_5_per/expert-only/epoch8/epoch8_rollout4_result.json
