Checkpoint dir epoch: 3  Rollout: 2
Logging to /home/ashwink/Documents/swms/SWM_copy/rollouts_5_per/expert-only/epoch3/epoch3_rollout2_20260723_121927.log
Goal (fixed, steps 0-299): the green cube is touching the blue moon. the peg is touching the green cube.

Checkpoint: /home/ashwink/Documents/swms/SWM_copy/training/checkpoints_clip_full_finetuned_wider_hl/epoch_003.pt
  epoch=3  step=3432

Loading CLIP ViT-L/14 (datacomp_xl_s13b_b90k) + fine-tuned clip_state_dict ...
Parsing model identifier. Schema: None, Identifier: ViT-L-14
Loaded built-in ViT-L-14 model config.
Instantiating model architecture: CLIP
Loading full pretrained weights from: /home/ashwink/.cache/huggingface/hub/models--laion--CLIP-ViT-L-14-DataComp.XL-s13B-b90K/snapshots/84c9828e63dc9a9351d1fe637c346d4c1c4db341/open_clip_pytorch_model.bin
Final image preprocessing configuration set: {'size': (224, 224), 'mode': 'RGB', 'mean': (0.48145466, 0.4578275, 0.40821073), 'std': (0.26862954, 0.26130258, 0.27577711), 'interpolation': 'bicubic', 'resize_mode': 'shortest', 'fill_color': 0}
Model ViT-L-14 creation process complete.
Parsing tokenizer identifier. Schema: None, Identifier: ViT-L-14
Attempting to load config from built-in: ViT-L-14
Using default SimpleTokenizer.
z_star shape: torch.Size([768])

Loading action stats from /home/ashwink/full_data_5000/langtable/demos/ ...
  lo=[-0.03372681140899658, -0.03493623435497284]  hi=[0.03496786952018738, 0.03494429588317871]

Initializing LangTable env ...
Loading URDF plane.urdf
Loading URDF /home/ashwink/Documents/swms/.venv/lib/python3.10/site-packages/language_table/environments/utils/../../../language_table/environments/assets/workspace_real.urdf
Loading URDF xarm/xarm6_robot_white.urdf
Loading URDF /home/ashwink/Documents/swms/.venv/lib/python3.10/site-packages/language_table/environments/utils/../../../language_table/environments/assets/suction/cylinder_real.urdf
Loading URDF /home/ashwink/Documents/swms/.venv/lib/python3.10/site-packages/language_table/environments/utils/../../../language_table/environments/assets/blocks/red_moon.urdf
Loading URDF /home/ashwink/Documents/swms/.venv/lib/python3.10/site-packages/language_table/environments/utils/../../../language_table/environments/assets/blocks/red_cube.urdf
Loading URDF /home/ashwink/Documents/swms/.venv/lib/python3.10/site-packages/language_table/environments/utils/../../../language_table/environments/assets/blocks/red_star.urdf
Loading URDF /home/ashwink/Documents/swms/.venv/lib/python3.10/site-packages/language_table/environments/utils/../../../language_table/environments/assets/blocks/red_pentagon.urdf
Loading URDF /home/ashwink/Documents/swms/.venv/lib/python3.10/site-packages/language_table/environments/utils/../../../language_table/environments/assets/blocks/blue_moon.urdf
Loading URDF /home/ashwink/Documents/swms/.venv/lib/python3.10/site-packages/language_table/environments/utils/../../../language_table/environments/assets/blocks/blue_cube.urdf
Loading URDF /home/ashwink/Documents/swms/.venv/lib/python3.10/site-packages/language_table/environments/utils/../../../language_table/environments/assets/blocks/blue_star.urdf
Loading URDF /home/ashwink/Documents/swms/.venv/lib/python3.10/site-packages/language_table/environments/utils/../../../language_table/environments/assets/blocks/blue_pentagon.urdf
Loading URDF /home/ashwink/Documents/swms/.venv/lib/python3.10/site-packages/language_table/environments/utils/../../../language_table/environments/assets/blocks/yellow_moon.urdf
Loading URDF /home/ashwink/Documents/swms/.venv/lib/python3.10/site-packages/language_table/environments/utils/../../../language_table/environments/assets/blocks/yellow_cube.urdf
Loading URDF /home/ashwink/Documents/swms/.venv/lib/python3.10/site-packages/language_table/environments/utils/../../../language_table/environments/assets/blocks/yellow_star.urdf
Loading URDF /home/ashwink/Documents/swms/.venv/lib/python3.10/site-packages/language_table/environments/utils/../../../language_table/environments/assets/blocks/yellow_pentagon.urdf
Loading URDF /home/ashwink/Documents/swms/.venv/lib/python3.10/site-packages/language_table/environments/utils/../../../language_table/environments/assets/blocks/green_moon.urdf
Loading URDF /home/ashwink/Documents/swms/.venv/lib/python3.10/site-packages/language_table/environments/utils/../../../language_table/environments/assets/blocks/green_cube.urdf
Loading URDF /home/ashwink/Documents/swms/.venv/lib/python3.10/site-packages/language_table/environments/utils/../../../language_table/environments/assets/blocks/green_star.urdf
Loading URDF /home/ashwink/Documents/swms/.venv/lib/python3.10/site-packages/language_table/environments/utils/../../../language_table/environments/assets/blocks/green_pentagon.urdf
Loading URDF /home/ashwink/Documents/swms/.venv/lib/python3.10/site-packages/language_table/environments/utils/../../../language_table/environments/assets/blocks/purple_moon.urdf
Loading URDF /home/ashwink/Documents/swms/.venv/lib/python3.10/site-packages/language_table/environments/utils/../../../language_table/environments/assets/blocks/purple_cube.urdf
Loading URDF /home/ashwink/Documents/swms/.venv/lib/python3.10/site-packages/language_table/environments/utils/../../../language_table/environments/assets/blocks/purple_star.urdf
Loading URDF /home/ashwink/Documents/swms/.venv/lib/python3.10/site-packages/language_table/environments/utils/../../../language_table/environments/assets/blocks/purple_pentagon.urdf
Env ready.

Forced peg start: [0.42843915 0.24419614]  (green_cube=[0.40339102 0.18967466], blue_moon=[0.32039625 0.00902261])
  dist(peg,green_cube)=0.0600  dist(peg,blue_moon)=0.2588  dist(green_cube,blue_moon)=0.1988

step  cos(zt,z*)  cos(zt,zt-1)  |   cos(predK,z*) min/mean/max  cos(pred_sel,z*)   cos(zpred0,z*)  ||a_raw||  |  dist(peg,A)   dist(A,B)
-------------------------------------------------------------------------------------------------------------------------------------------------------------------------------
   0      0.1351           nan  |    0.6518/  0.7207/  0.7344            0.7344           0.5801     0.0175  |       0.0587      0.1988
   1      0.1405        0.9952  |    0.6193/  0.6592/  0.6789            0.6789           0.5748     0.0065  |       0.0609      0.1988
   2      0.1407        0.9967  |    0.6433/  0.6788/  0.6933            0.6933           0.5804     0.0009  |       0.0553      0.1988
   3      0.1391        0.9992  |    0.6624/  0.6913/  0.7066            0.7066           0.5807     0.0076  |       0.0551      0.1988
   4      0.1389        0.9926  |    0.6421/  0.6888/  0.7038            0.7038           0.5795     0.0059  |       0.0508      0.1988
   5      0.1273        0.9921  |    0.6170/  0.6567/  0.6740            0.6740           0.5628     0.0013  |       0.0450      0.1988
   6      0.1277        0.9991  |    0.6395/  0.6678/  0.6837            0.6837           0.5624     0.0077  |       0.0456      0.1988
   7      0.1280        0.9961  |    0.6117/  0.6738/  0.6914            0.6914           0.5670     0.0090  |       0.0513      0.1988
   8      0.1295        0.9963  |    0.6311/  0.6803/  0.6974            0.6974           0.5740     0.0055  |       0.0438      0.1988
   9      0.1307        0.9971  |    0.6373/  0.6792/  0.6976            0.6976           0.5760     0.0095  |       0.0387      0.1988
  10      0.1227        0.9971  |    0.6170/  0.6749/  0.6927            0.6927           0.5758     0.0052  |       0.0412      0.1988
  11      0.1245        0.9965  |    0.6457/  0.6688/  0.6839            0.6839           0.5695     0.0106  |       0.0434      0.1988
  12      0.1513        0.9156  |    0.6710/  0.7203/  0.7350            0.7350           0.5706     0.0076  |       0.0400      0.1979
  13      0.1492        0.9458  |    0.6729/  0.7185/  0.7343            0.7343           0.5783     0.0108  |       0.0384      0.1965
  14      0.1492        0.9697  |    0.6532/  0.6962/  0.7163            0.7163           0.5491     0.0056  |       0.0403      0.1965
  15      0.1598        0.9825  |    0.6700/  0.7336/  0.7529            0.7529           0.5708     0.0012  |       0.0357      0.1965
  16      0.1523        0.9879  |    0.6647/  0.7129/  0.7301            0.7301           0.5616     0.0025  |       0.0343      0.1964
  17      0.1375        0.9844  |    0.6643/  0.7167/  0.7309            0.7309           0.5713     0.0020  |       0.0360      0.1964
  18      0.1462        0.9873  |    0.6764/  0.7325/  0.7500            0.7500           0.5851     0.0083  |       0.0345      0.1964
  19      0.1318        0.9625  |    0.6980/  0.7422/  0.7604            0.7604           0.5696     0.0039  |       0.0358      0.1964
  20      0.1435        0.9764  |    0.6444/  0.7215/  0.7378            0.7378           0.5413     0.0050  |       0.0379      0.1964
  21      0.1465        0.9751  |    0.6379/  0.7129/  0.7300            0.7300           0.5501     0.0153  |       0.0422      0.1964
  22      0.1139        0.9381  |    0.6668/  0.6948/  0.7115            0.7115           0.5624     0.0015  |       0.0546      0.1964
  23      0.1108        0.9875  |    0.6380/  0.6628/  0.6804            0.6804           0.5345     0.0070  |       0.0569      0.1964
  24      0.0943        0.9585  |    0.5388/  0.5729/  0.5922            0.5922           0.4276     0.0026  |       0.0576      0.1964
  25      0.0937        0.9827  |    0.5505/  0.5742/  0.5927            0.5927           0.4534     0.0056  |       0.0601      0.1964
  26      0.0932        0.9769  |    0.5577/  0.5738/  0.5872            0.5872           0.4613     0.0025  |       0.0644      0.1964
  27      0.0947        0.9882  |    0.5459/  0.5688/  0.5815            0.5815           0.4389     0.0066  |       0.0642      0.1964
  28      0.1140        0.9871  |    0.5772/  0.5966/  0.6092            0.6092           0.4669     0.0021  |       0.0696      0.1964
  29      0.1129        0.9875  |    0.5659/  0.5973/  0.6141            0.6141           0.4622     0.0043  |       0.0713      0.1964
  30      0.0980        0.9877  |    0.4873/  0.5223/  0.5372            0.5372           0.3628     0.0011  |       0.0726      0.1964
  31      0.0951        0.9930  |    0.5032/  0.5247/  0.5402            0.5402           0.3936     0.0062  |       0.0719      0.1964
  32      0.0826        0.9720  |    0.3186/  0.3660/  0.3865            0.3865           0.1612     0.0025  |       0.0770      0.1964
  33      0.0796        0.9895  |    0.3708/  0.4061/  0.4238            0.4238           0.1640     0.0039  |       0.0797      0.1964
  34      0.0711        0.9784  |    0.3555/  0.3929/  0.4115            0.4115           0.1701     0.0071  |       0.0810      0.1964
  35      0.0717        0.9573  |    0.2906/  0.3137/  0.3402            0.3402           0.0219     0.0121  |       0.0860      0.1964
  36      0.1010        0.9265  |    0.4134/  0.4365/  0.4514            0.4514           0.1976     0.0041  |       0.0935      0.1964
  37      0.0892        0.9830  |    0.4419/  0.4646/  0.4836            0.4836           0.2106     0.0104  |       0.0941      0.1964
  38      0.0764        0.9587  |    0.3307/  0.3476/  0.3608            0.3608           0.0308     0.0079  |       0.0972      0.1964
  39      0.0802        0.9568  |    0.1553/  0.1807/  0.2035            0.2035          -0.0828     0.0091  |       0.1015      0.1964
  40      0.0798        0.9545  |    0.2255/  0.2574/  0.2848            0.2848          -0.0611     0.0056  |       0.1079      0.1964
  41      0.0484        0.9562  |    0.1669/  0.1976/  0.2157            0.2157          -0.0674     0.0085  |       0.1131      0.1964
  42      0.0232        0.9728  |   -0.0087/  0.0304/  0.0565            0.0565          -0.1994     0.0093  |       0.1173      0.1964
  43     -0.0063        0.9613  |   -0.1426/ -0.0848/ -0.0628           -0.0628          -0.3132     0.0121  |       0.1257      0.1964
  44     -0.0531        0.9247  |   -0.2072/ -0.1577/ -0.1335           -0.1335          -0.3320     0.0239  |       0.1347      0.1964
  45     -0.0707        0.9019  |   -0.2297/ -0.1636/ -0.1410           -0.1410          -0.3235     0.0188  |       0.1448      0.1964
  46     -0.0651        0.9037  |   -0.2098/ -0.1185/ -0.0922           -0.0922          -0.2960     0.0224  |       0.1599      0.1964
  47     -0.0550        0.8564  |   -0.2201/ -0.1716/ -0.1530           -0.1530          -0.3152     0.0102  |       0.1777      0.1964
  48     -0.0146        0.9135  |   -0.2379/ -0.1744/ -0.1497           -0.1497          -0.3856     0.0122  |       0.1879      0.1964
  49     -0.0558        0.8487  |   -0.1732/ -0.1115/ -0.0882           -0.0882          -0.2875     0.0164  |       0.1996      0.1964
  50     -0.0022        0.8519  |   -0.2701/ -0.2275/ -0.2082           -0.2082          -0.4124     0.0193  |       0.2118      0.1964
  51     -0.0455        0.8666  |   -0.2252/ -0.1189/ -0.0871           -0.0871          -0.3730     0.0122  |       0.2274      0.1964
  52     -0.0285        0.9244  |   -0.2390/ -0.1514/ -0.1258           -0.1258          -0.3878     0.0259  |       0.2363      0.1964
  53     -0.0098        0.8858  |   -0.2145/ -0.1178/ -0.0876           -0.0876          -0.3772     0.0106  |       0.2598      0.1964
  54      0.0267        0.9692  |   -0.2255/ -0.1118/ -0.0744           -0.0744          -0.3359     0.0218  |       0.2678      0.1964
  55     -0.0028        0.9520  |   -0.2330/ -0.1678/ -0.1354           -0.1354          -0.3482     0.0248  |       0.2867      0.1964
  56      0.0456        0.9098  |   -0.1954/ -0.1606/ -0.1338           -0.1338          -0.2936     0.0184  |       0.3100      0.1964
  57      0.0651        0.9755  |   -0.0561/ -0.0215/  0.0130            0.0130          -0.1892     0.0236  |       0.3252      0.1964
  58      0.0698        0.9563  |    0.2549/  0.2820/  0.3049            0.3049           0.1164     0.0114  |       0.3474      0.1964
  59      0.0676        0.9824  |    0.2418/  0.2750/  0.2974            0.2974           0.0935     0.0106  |       0.3571      0.1964
  60      0.0770        0.9791  |    0.2928/  0.3142/  0.3332            0.3332           0.1583     0.0079  |       0.3677      0.1964
  61      0.0838        0.9775  |    0.2839/  0.3122/  0.3338            0.3338           0.1622     0.0117  |       0.3757      0.1964
  62      0.1165        0.9536  |    0.4899/  0.5117/  0.5282            0.5282           0.3793     0.0049  |       0.3870      0.1964
  63      0.0937        0.9569  |    0.5460/  0.5849/  0.6008            0.6008           0.4474     0.0104  |       0.3921      0.1964
  64      0.1007        0.9676  |    0.5593/  0.5803/  0.5991            0.5991           0.4677     0.0063  |       0.3958      0.1964
  65      0.0975        0.9893  |    0.5361/  0.5571/  0.5726            0.5726           0.4530     0.0057  |       0.3987      0.1964
  66      0.1022        0.9764  |    0.5174/  0.5418/  0.5617            0.5617           0.4196     0.0051  |       0.4038      0.1964
  67      0.0724        0.9493  |    0.5415/  0.5755/  0.5912            0.5912           0.3533     0.0014  |       0.4081      0.1964
  68      0.0814        0.9794  |    0.5105/  0.5829/  0.6022            0.6022           0.4168     0.0028  |       0.4082      0.1964
  69      0.0884        0.9828  |    0.5676/  0.5931/  0.6099            0.6099           0.4334     0.0041  |       0.4061      0.1964
  70      0.0715        0.9797  |    0.5654/  0.5943/  0.6095            0.6095           0.4360     0.0044  |       0.4096      0.1964
  71      0.0772        0.9893  |    0.5367/  0.5761/  0.5924            0.5924           0.3941     0.0048  |       0.4115      0.1964
  72      0.0770        0.9912  |    0.5654/  0.6047/  0.6218            0.6218           0.4571     0.0063  |       0.4137      0.1964
  73      0.0795        0.9946  |    0.5927/  0.6257/  0.6421            0.6421           0.4528     0.0049  |       0.4196      0.1964
  74      0.0778        0.9974  |    0.5573/  0.6080/  0.6275            0.6275           0.4419     0.0024  |       0.4211      0.1964
  75      0.0773        0.9974  |    0.5920/  0.6250/  0.6400            0.6400           0.4591     0.0024  |       0.4196      0.1964
  76      0.0773        0.9978  |    0.5748/  0.6155/  0.6325            0.6325           0.4592     0.0025  |       0.4217      0.1964
  77      0.0767        0.9980  |    0.5800/  0.6081/  0.6241            0.6241           0.4393     0.0086  |       0.4238      0.1964
  78      0.0798        0.9945  |    0.5483/  0.6003/  0.6224            0.6224           0.4223     0.0050  |       0.4300      0.1964
  79      0.0828        0.9958  |    0.5930/  0.6308/  0.6468            0.6468           0.4603     0.0052  |       0.4346      0.1964
  80      0.0660        0.9769  |    0.5321/  0.5944/  0.6126            0.6126           0.3936     0.0041  |       0.4398      0.1964
  81      0.0661        1.0000  |    0.5618/  0.6058/  0.6244            0.6244           0.3924     0.0058  |       0.4400      0.1964
  82      0.0682        0.9998  |    0.5407/  0.6044/  0.6201            0.6201           0.4000     0.0078  |       0.4400      0.1964
  83      0.0779        0.9974  |    0.5887/  0.6264/  0.6415            0.6415           0.4492     0.0004  |       0.4470      0.1964
  84      0.0783        1.0000  |    0.5727/  0.6239/  0.6400            0.6400           0.4500     0.0048  |       0.4480      0.1964
  85      0.0782        1.0000  |    0.5643/  0.6225/  0.6435            0.6435           0.4506     0.0014  |       0.4490      0.1964
  86      0.0782        1.0000  |    0.5856/  0.6141/  0.6318            0.6318           0.4506     0.0019  |       0.4490      0.1964
  87      0.0779        1.0000  |    0.6022/  0.6263/  0.6415            0.6415           0.4492     0.0046  |       0.4506      0.1964
  88      0.0779        1.0000  |    0.6014/  0.6285/  0.6443            0.6443           0.4492     0.0037  |       0.4506      0.1964
  89      0.0783        1.0000  |    0.5642/  0.6270/  0.6434            0.6434           0.4499     0.0035  |       0.4498      0.1964
  90      0.0782        1.0000  |    0.5966/  0.6290/  0.6465            0.6465           0.4506     0.0049  |       0.4519      0.1964
  91      0.0783        1.0000  |    0.5871/  0.6297/  0.6490            0.6490           0.4506     0.0042  |       0.4539      0.1964
  92      0.0783        1.0000  |    0.5751/  0.6235/  0.6397            0.6397           0.4506     0.0060  |       0.4516      0.1964
  93      0.0783        1.0000  |    0.5866/  0.6237/  0.6417            0.6417           0.4506     0.0076  |       0.4557      0.1964
  94      0.0783        1.0000  |    0.5834/  0.6189/  0.6365            0.6365           0.4506     0.0056  |       0.4593      0.1964
  95      0.0783        1.0000  |    0.5796/  0.6175/  0.6351            0.6351           0.4506     0.0013  |       0.4642      0.1964
  96      0.0783        1.0000  |    0.5885/  0.6227/  0.6429            0.6429           0.4506     0.0044  |       0.4638      0.1964
  97      0.0783        1.0000  |    0.5785/  0.6217/  0.6374            0.6374           0.4499     0.0067  |       0.4598      0.1964
  98      0.0782        1.0000  |    0.5994/  0.6266/  0.6417            0.6417           0.4498     0.0008  |       0.4652      0.1964
  99      0.0782        1.0000  |    0.5860/  0.6258/  0.6415            0.6415           0.4498     0.0044  |       0.4649      0.1964
 100      0.0783        1.0000  |    0.6009/  0.6230/  0.6389            0.6389           0.4507     0.0072  |       0.4629      0.1964
 101      0.0783        1.0000  |    0.5836/  0.6254/  0.6411            0.6411           0.4506     0.0005  |       0.4646      0.1964
 102      0.0783        1.0000  |    0.5818/  0.6217/  0.6368            0.6368           0.4506     0.0039  |       0.4643      0.1964
 103      0.0779        1.0000  |    0.5805/  0.6277/  0.6429            0.6429           0.4492     0.0040  |       0.4665      0.1964
 104      0.0782        1.0000  |    0.5766/  0.6248/  0.6471            0.6471           0.4498     0.0073  |       0.4688      0.1964
 105      0.0782        1.0000  |    0.5587/  0.6176/  0.6347            0.6347           0.4498     0.0023  |       0.4755      0.1964
 106      0.0782        1.0000  |    0.5681/  0.6250/  0.6445            0.6445           0.4498     0.0019  |       0.4780      0.1964
 107      0.0782        1.0000  |    0.5975/  0.6243/  0.6389            0.6389           0.4498     0.0059  |       0.4769      0.1964
 108      0.0782        1.0000  |    0.5939/  0.6205/  0.6362            0.6362           0.4498     0.0044  |       0.4754      0.1964
 109      0.0782        1.0000  |    0.5849/  0.6177/  0.6346            0.6346           0.4498     0.0018  |       0.4754      0.1964
 110      0.0782        1.0000  |    0.5947/  0.6273/  0.6447            0.6447           0.4498     0.0051  |       0.4767      0.1964
 111      0.0779        1.0000  |    0.5942/  0.6209/  0.6365            0.6365           0.4492     0.0014  |       0.4814      0.1964
 112      0.0783        1.0000  |    0.5924/  0.6256/  0.6431            0.6431           0.4499     0.0028  |       0.4825      0.1964
 113      0.0782        1.0000  |    0.5921/  0.6271/  0.6422            0.6422           0.4498     0.0024  |       0.4841      0.1964
 114      0.0782        1.0000  |    0.5789/  0.6227/  0.6404            0.6404           0.4498     0.0035  |       0.4839      0.1964
 115      0.0782        1.0000  |    0.5860/  0.6234/  0.6443            0.6443           0.4498     0.0049  |       0.4870      0.1964
 116      0.0782        1.0000  |    0.5866/  0.6283/  0.6454            0.6454           0.4498     0.0073  |       0.4912      0.1964
 117      0.0783        1.0000  |    0.5629/  0.6289/  0.6454            0.6454           0.4507     0.0093  |       0.4921      0.1964
 118      0.0783        1.0000  |    0.5784/  0.6283/  0.6462            0.6462           0.4506     0.0044  |       0.4928      0.1964
 119      0.0783        1.0000  |    0.5710/  0.6216/  0.6381            0.6381           0.4506     0.0081  |       0.4931      0.1964
 120      0.0779        1.0000  |    0.5799/  0.6205/  0.6375            0.6375           0.4492     0.0030  |       0.4932      0.1964
 121      0.0779        1.0000  |    0.6007/  0.6254/  0.6406            0.6406           0.4492     0.0060  |       0.4905      0.1964
 122      0.0779        1.0000  |    0.5778/  0.6201/  0.6387            0.6387           0.4492     0.0036  |       0.4910      0.1964
 123      0.0783        1.0000  |    0.5614/  0.6237/  0.6383            0.6383           0.4507     0.0034  |       0.4939      0.1964
 124      0.0783        1.0000  |    0.5930/  0.6265/  0.6419            0.6419           0.4507     0.0089  |       0.4941      0.1964
 125      0.0782        1.0000  |    0.5858/  0.6228/  0.6394            0.6394           0.4505     0.0005  |       0.4950      0.1964
 126      0.0782        1.0000  |    0.5657/  0.6268/  0.6453            0.6453           0.4505     0.0042  |       0.4947      0.1964
 127      0.0782        1.0000  |    0.5918/  0.6193/  0.6366            0.6366           0.4505     0.0031  |       0.4951      0.1964
 128      0.0782        1.0000  |    0.5744/  0.6195/  0.6381            0.6381           0.4505     0.0051  |       0.4949      0.1964
 129      0.0782        1.0000  |    0.6001/  0.6256/  0.6458            0.6458           0.4505     0.0077  |       0.4963      0.1964
 130      0.0779        1.0000  |    0.5982/  0.6256/  0.6435            0.6435           0.4492     0.0027  |       0.4956      0.1964
 131      0.0779        1.0000  |    0.5732/  0.6115/  0.6343            0.6343           0.4492     0.0001  |       0.4976      0.1964
 132      0.0783        1.0000  |    0.5579/  0.6248/  0.6397            0.6397           0.4497     0.0008  |       0.4976      0.1964
 133      0.0779        1.0000  |    0.5776/  0.6270/  0.6443            0.6443           0.4493     0.0030  |       0.4979      0.1964
 134      0.0782        1.0000  |    0.5860/  0.6243/  0.6432            0.6432           0.4506     0.0072  |       0.4962      0.1964
 135      0.0782        1.0000  |    0.5526/  0.6080/  0.6254            0.6254           0.4506     0.0067  |       0.4982      0.1964
 136      0.0782        1.0000  |    0.5865/  0.6252/  0.6429            0.6429           0.4506     0.0060  |       0.4983      0.1964
 137      0.0782        1.0000  |    0.5922/  0.6172/  0.6346            0.6346           0.4506     0.0020  |       0.4991      0.1964
 138      0.0782        1.0000  |    0.5938/  0.6237/  0.6413            0.6413           0.4506     0.0037  |       0.4985      0.1964
 139      0.0783        1.0000  |    0.5610/  0.6265/  0.6449            0.6449           0.4507     0.0009  |       0.4997      0.1964
 140      0.0783        1.0000  |    0.5937/  0.6282/  0.6433            0.6433           0.4507     0.0027  |       0.4996      0.1964
 141      0.0783        1.0000  |    0.5936/  0.6308/  0.6484            0.6484           0.4506     0.0042  |       0.4994      0.1964
 142      0.0782        1.0000  |    0.5472/  0.6237/  0.6405            0.6405           0.4506     0.0067  |       0.4962      0.1964
 143      0.0782        1.0000  |    0.5620/  0.6224/  0.6408            0.6408           0.4506     0.0034  |       0.4999      0.1964
 144      0.0782        1.0000  |    0.5892/  0.6311/  0.6489            0.6489           0.4506     0.0026  |       0.5006      0.1964
 145      0.0782        1.0000  |    0.5867/  0.6266/  0.6454            0.6454           0.4505     0.0038  |       0.5010      0.1964
 146      0.0782        1.0000  |    0.5839/  0.6231/  0.6380            0.6380           0.4505     0.0057  |       0.5012      0.1964
 147      0.0782        1.0000  |    0.5827/  0.6224/  0.6394            0.6394           0.4505     0.0040  |       0.5030      0.1964
 148      0.0782        1.0000  |    0.5724/  0.6211/  0.6428            0.6428           0.4506     0.0023  |       0.5033      0.1964
 149      0.0782        1.0000  |    0.5802/  0.6191/  0.6344            0.6344           0.4506     0.0099  |       0.5037      0.1964
 150      0.0782        1.0000  |    0.5895/  0.6253/  0.6417            0.6417           0.4506     0.0044  |       0.5053      0.1964
 151      0.0783        1.0000  |    0.5718/  0.6268/  0.6434            0.6434           0.4506     0.0044  |       0.5060      0.1964
 152      0.0782        1.0000  |    0.5711/  0.6178/  0.6360            0.6360           0.4497     0.0063  |       0.5069      0.1964
 153      0.0782        1.0000  |    0.5828/  0.6174/  0.6373            0.6373           0.4497     0.0032  |       0.5085      0.1964
 154      0.0782        1.0000  |    0.5975/  0.6290/  0.6425            0.6425           0.4497     0.0010  |       0.5089      0.1964
 155      0.0782        1.0000  |    0.5827/  0.6274/  0.6415            0.6415           0.4497     0.0031  |       0.5089      0.1964
 156      0.0782        1.0000  |    0.5765/  0.6230/  0.6429            0.6429           0.4497     0.0007  |       0.5094      0.1964
 157      0.0782        1.0000  |    0.5891/  0.6202/  0.6356            0.6356           0.4503     0.0029  |       0.5096      0.1964
 158      0.0782        1.0000  |    0.5814/  0.6160/  0.6348            0.6348           0.4506     0.0062  |       0.5103      0.1964
 159      0.0783        1.0000  |    0.5909/  0.6283/  0.6424            0.6424           0.4506     0.0026  |       0.5113      0.1964
 160      0.0783        1.0000  |    0.5925/  0.6259/  0.6405            0.6405           0.4506     0.0020  |       0.5118      0.1964
 161      0.0782        1.0000  |    0.5931/  0.6247/  0.6421            0.6421           0.4506     0.0029  |       0.5102      0.1964
 162      0.0782        1.0000  |    0.5626/  0.6204/  0.6370            0.6370           0.4506     0.0078  |       0.5083      0.1964
 163      0.0783        1.0000  |    0.5931/  0.6271/  0.6452            0.6452           0.4507     0.0042  |       0.5122      0.1964
 164      0.0783        1.0000  |    0.5909/  0.6237/  0.6423            0.6423           0.4500     0.0012  |       0.5124      0.1964
 165      0.0782        1.0000  |    0.5761/  0.6279/  0.6413            0.6413           0.4506     0.0047  |       0.5124      0.1964
 166      0.0782        1.0000  |    0.5988/  0.6272/  0.6436            0.6436           0.4506     0.0024  |       0.5132      0.1964
 167      0.0782        1.0000  |    0.5578/  0.6252/  0.6425            0.6425           0.4506     0.0058  |       0.5138      0.1964
 168      0.0783        1.0000  |    0.5704/  0.6232/  0.6427            0.6427           0.4507     0.0017  |       0.5155      0.1964
 169      0.0782        1.0000  |    0.5582/  0.6228/  0.6406            0.6406           0.4505     0.0044  |       0.5147      0.1964
 170      0.0782        1.0000  |    0.5876/  0.6209/  0.6360            0.6360           0.4506     0.0079  |       0.5155      0.1964
 171      0.0782        1.0000  |    0.5639/  0.6256/  0.6453            0.6453           0.4506     0.0066  |       0.5169      0.1964
 172      0.0782        1.0000  |    0.5868/  0.6185/  0.6342            0.6342           0.4506     0.0015  |       0.5151      0.1964
 173      0.0782        1.0000  |    0.5975/  0.6267/  0.6454            0.6454           0.4506     0.0032  |       0.5145      0.1964
 174      0.0782        1.0000  |    0.5687/  0.6251/  0.6419            0.6419           0.4506     0.0038  |       0.5136      0.1964
 175      0.0782        1.0000  |    0.5888/  0.6181/  0.6348            0.6348           0.4507     0.0038  |       0.5140      0.1964
 176      0.0782        1.0000  |    0.6063/  0.6264/  0.6414            0.6414           0.4506     0.0016  |       0.5151      0.1964
 177      0.0782        1.0000  |    0.5951/  0.6230/  0.6388            0.6388           0.4503     0.0029  |       0.5155      0.1964
 178      0.0782        1.0000  |    0.5988/  0.6277/  0.6453            0.6453           0.4506     0.0056  |       0.5157      0.1964
 179      0.0782        1.0000  |    0.5927/  0.6208/  0.6412            0.6412           0.4506     0.0045  |       0.5166      0.1964
 180      0.0782        1.0000  |    0.5857/  0.6161/  0.6348            0.6348           0.4506     0.0024  |       0.5176      0.1964
 181      0.0782        1.0000  |    0.5787/  0.6286/  0.6466            0.6466           0.4507     0.0011  |       0.5164      0.1964
 182      0.0782        1.0000  |    0.5790/  0.6228/  0.6407            0.6407           0.4509     0.0014  |       0.5173      0.1964
 183      0.0782        1.0000  |    0.5870/  0.6261/  0.6474            0.6474           0.4509     0.0044  |       0.5185      0.1964
 184      0.0782        1.0000  |    0.5916/  0.6293/  0.6453            0.6453           0.4509     0.0012  |       0.5197      0.1964
 185      0.0783        1.0000  |    0.5319/  0.6283/  0.6468            0.6468           0.4510     0.0030  |       0.5198      0.1964
 186      0.0782        1.0000  |    0.5867/  0.6181/  0.6343            0.6343           0.4509     0.0033  |       0.5202      0.1964
 187      0.0782        1.0000  |    0.5952/  0.6246/  0.6442            0.6442           0.4509     0.0003  |       0.5205      0.1964
 188      0.0782        1.0000  |    0.5875/  0.6204/  0.6362            0.6362           0.4509     0.0048  |       0.5206      0.1964
 189      0.0782        1.0000  |    0.5820/  0.6269/  0.6411            0.6411           0.4509     0.0032  |       0.5195      0.1964
 190      0.0782        1.0000  |    0.5780/  0.6210/  0.6391            0.6391           0.4509     0.0024  |       0.5202      0.1964
 191      0.0782        1.0000  |    0.5825/  0.6278/  0.6437            0.6437           0.4509     0.0039  |       0.5196      0.1964
 192      0.0782        1.0000  |    0.5883/  0.6199/  0.6380            0.6380           0.4509     0.0030  |       0.5205      0.1964
 193      0.0781        1.0000  |    0.5849/  0.6216/  0.6388            0.6388           0.4509     0.0094  |       0.5212      0.1964
 194      0.0782        1.0000  |    0.5840/  0.6225/  0.6414            0.6414           0.4510     0.0037  |       0.5230      0.1964
 195      0.0782        1.0000  |    0.5834/  0.6251/  0.6420            0.6420           0.4510     0.0025  |       0.5235      0.1964
 196      0.0781        1.0000  |    0.6032/  0.6289/  0.6468            0.6468           0.4509     0.0095  |       0.5214      0.1964
 197      0.0782        1.0000  |    0.5909/  0.6211/  0.6406            0.6406           0.4506     0.0027  |       0.5190      0.1964
 198      0.0782        1.0000  |    0.5877/  0.6178/  0.6362            0.6362           0.4507     0.0015  |       0.5213      0.1964
 199      0.0782        1.0000  |    0.6016/  0.6282/  0.6458            0.6458           0.4510     0.0050  |       0.5227      0.1964
 200      0.0782        1.0000  |    0.5854/  0.6308/  0.6459            0.6459           0.4510     0.0019  |       0.5269      0.1964
 201      0.0782        1.0000  |    0.5651/  0.6223/  0.6400            0.6400           0.4510     0.0005  |       0.5260      0.1964
 202      0.0782        1.0000  |    0.5852/  0.6184/  0.6354            0.6354           0.4510     0.0042  |       0.5264      0.1964
 203      0.0782        1.0000  |    0.5910/  0.6205/  0.6392            0.6392           0.4509     0.0038  |       0.5277      0.1964
 204      0.0782        1.0000  |    0.5918/  0.6279/  0.6444            0.6444           0.4509     0.0051  |       0.5298      0.1964
 205      0.0782        1.0000  |    0.5954/  0.6224/  0.6390            0.6390           0.4509     0.0043  |       0.5310      0.1964
 206      0.0782        1.0000  |    0.5724/  0.6263/  0.6414            0.6414           0.4509     0.0051  |       0.5303      0.1964
 207      0.0782        1.0000  |    0.5511/  0.6173/  0.6376            0.6376           0.4509     0.0015  |       0.5278      0.1964
 208      0.0781        1.0000  |    0.5904/  0.6276/  0.6453            0.6453           0.4509     0.0039  |       0.5287      0.1964
 209      0.0782        1.0000  |    0.5788/  0.6239/  0.6407            0.6407           0.4510     0.0054  |       0.5319      0.1964
 210      0.0782        1.0000  |    0.5553/  0.6262/  0.6435            0.6435           0.4509     0.0039  |       0.5309      0.1964
 211      0.0782        1.0000  |    0.5785/  0.6270/  0.6445            0.6445           0.4509     0.0020  |       0.5322      0.1964
 212      0.0782        1.0000  |    0.5893/  0.6234/  0.6396            0.6396           0.4505     0.0038  |       0.5305      0.1964
 213      0.0782        1.0000  |    0.5825/  0.6280/  0.6506            0.6506           0.4509     0.0064  |       0.5323      0.1964
 214      0.0782        1.0000  |    0.5735/  0.6228/  0.6386            0.6386           0.4509     0.0042  |       0.5342      0.1964
 215      0.0782        1.0000  |    0.5834/  0.6220/  0.6435            0.6435           0.4509     0.0014  |       0.5305      0.1964
 216      0.0782        1.0000  |    0.5575/  0.6094/  0.6259            0.6259           0.4510     0.0052  |       0.5315      0.1964
 217      0.0782        1.0000  |    0.5762/  0.6231/  0.6398            0.6398           0.4510     0.0043  |       0.5345      0.1964
 218      0.0782        1.0000  |    0.5437/  0.6268/  0.6445            0.6445           0.4509     0.0025  |       0.5364      0.1964
 219      0.0782        1.0000  |    0.5881/  0.6227/  0.6394            0.6394           0.4509     0.0066  |       0.5370      0.1964
 220      0.0782        1.0000  |    0.5869/  0.6206/  0.6396            0.6396           0.4509     0.0068  |       0.5368      0.1964
 221      0.0782        1.0000  |    0.5940/  0.6282/  0.6430            0.6430           0.4510     0.0040  |       0.5392      0.1964
 222      0.0782        1.0000  |    0.5902/  0.6269/  0.6458            0.6458           0.4508     0.0027  |       0.5387      0.1964
 223      0.0782        1.0000  |    0.5820/  0.6246/  0.6416            0.6416           0.4506     0.0020  |       0.5394      0.1964
 224      0.0782        1.0000  |    0.5842/  0.6197/  0.6387            0.6387           0.4506     0.0021  |       0.5398      0.1964
 225      0.0781        1.0000  |    0.5853/  0.6206/  0.6371            0.6371           0.4509     0.0007  |       0.5399      0.1964
 226      0.0781        1.0000  |    0.5974/  0.6285/  0.6427            0.6427           0.4509     0.0039  |       0.5406      0.1964
 227      0.0781        1.0000  |    0.6022/  0.6333/  0.6470            0.6470           0.4509     0.0022  |       0.5399      0.1964
 228      0.0782        1.0000  |    0.5790/  0.6191/  0.6352            0.6352           0.4509     0.0031  |       0.5391      0.1964
 229      0.0782        1.0000  |    0.5768/  0.6303/  0.6468            0.6468           0.4509     0.0057  |       0.5381      0.1964
 230      0.0782        1.0000  |    0.5961/  0.6250/  0.6457            0.6457           0.4510     0.0078  |       0.5416      0.1964
 231      0.0783        1.0000  |    0.5671/  0.6246/  0.6431            0.6431           0.4507     0.0038  |       0.5450      0.1964
 232      0.0782        1.0000  |    0.5949/  0.6265/  0.6432            0.6432           0.4505     0.0013  |       0.5468      0.1964
 233      0.0782        1.0000  |    0.5815/  0.6106/  0.6284            0.6284           0.4509     0.0055  |       0.5472      0.1964
 234      0.0782        1.0000  |    0.5779/  0.6180/  0.6338            0.6338           0.4510     0.0054  |       0.5472      0.1964
 235      0.0782        1.0000  |    0.5764/  0.6275/  0.6447            0.6447           0.4510     0.0011  |       0.5507      0.1964
 236      0.0781        1.0000  |    0.5881/  0.6290/  0.6432            0.6432           0.4509     0.0029  |       0.5514      0.1964
 237      0.0782        1.0000  |    0.5809/  0.6220/  0.6385            0.6385           0.4506     0.0071  |       0.5518      0.1964
 238      0.0782        1.0000  |    0.5904/  0.6258/  0.6420            0.6420           0.4506     0.0031  |       0.5483      0.1964
 239      0.0781        1.0000  |    0.5942/  0.6226/  0.6374            0.6374           0.4509     0.0048  |       0.5469      0.1964
 240      0.0781        1.0000  |    0.5924/  0.6272/  0.6445            0.6445           0.4509     0.0061  |       0.5502      0.1964
 241      0.0782        1.0000  |    0.5932/  0.6239/  0.6392            0.6392           0.4509     0.0025  |       0.5476      0.1964
 242      0.0782        1.0000  |    0.5765/  0.6183/  0.6335            0.6335           0.4506     0.0087  |       0.5459      0.1964
 243      0.0782        1.0000  |    0.5738/  0.6221/  0.6381            0.6381           0.4507     0.0006  |       0.5435      0.1964
 244      0.0782        1.0000  |    0.5950/  0.6245/  0.6443            0.6443           0.4510     0.0020  |       0.5427      0.1964
 245      0.0782        1.0000  |    0.5734/  0.6254/  0.6452            0.6452           0.4509     0.0025  |       0.5444      0.1964
 246      0.0783        1.0000  |    0.5706/  0.6255/  0.6423            0.6423           0.4506     0.0024  |       0.5460      0.1964
 247      0.0783        1.0000  |    0.5485/  0.6237/  0.6417            0.6417           0.4506     0.0024  |       0.5479      0.1964
 248      0.0782        1.0000  |    0.5904/  0.6299/  0.6463            0.6463           0.4509     0.0030  |       0.5462      0.1964
 249      0.0782        1.0000  |    0.5763/  0.6190/  0.6351            0.6351           0.4509     0.0058  |       0.5438      0.1964
 250      0.0782        1.0000  |    0.5933/  0.6209/  0.6360            0.6360           0.4506     0.0032  |       0.5480      0.1964
 251      0.0782        1.0000  |    0.5820/  0.6279/  0.6441            0.6441           0.4506     0.0020  |       0.5497      0.1964
 252      0.0782        1.0000  |    0.5793/  0.6243/  0.6427            0.6427           0.4509     0.0068  |       0.5510      0.1964
 253      0.0782        1.0000  |    0.5914/  0.6197/  0.6349            0.6349           0.4510     0.0051  |       0.5518      0.1964
 254      0.0782        1.0000  |    0.5892/  0.6219/  0.6377            0.6377           0.4506     0.0048  |       0.5508      0.1964
 255      0.0782        1.0000  |    0.5831/  0.6266/  0.6437            0.6437           0.4506     0.0015  |       0.5517      0.1964
 256      0.0781        1.0000  |    0.5729/  0.6192/  0.6335            0.6335           0.4509     0.0050  |       0.5518      0.1964
 257      0.0781        1.0000  |    0.5675/  0.6197/  0.6361            0.6361           0.4509     0.0076  |       0.5518      0.1964
 258      0.0782        1.0000  |    0.5756/  0.6203/  0.6409            0.6409           0.4506     0.0022  |       0.5518      0.1964
 259      0.0782        1.0000  |    0.5877/  0.6176/  0.6362            0.6362           0.4506     0.0063  |       0.5498      0.1964
 260      0.0799        0.9993  |    0.5724/  0.6221/  0.6398            0.6398           0.4461     0.0052  |       0.5504      0.1964
 261      0.0782        0.9993  |    0.5786/  0.6277/  0.6446            0.6446           0.4510     0.0028  |       0.5517      0.1964
 262      0.0782        1.0000  |    0.5930/  0.6273/  0.6453            0.6453           0.4505     0.0037  |       0.5498      0.1964
 263      0.0782        1.0000  |    0.5806/  0.6220/  0.6421            0.6421           0.4505     0.0034  |       0.5509      0.1964
 264      0.0782        1.0000  |    0.5798/  0.6234/  0.6421            0.6421           0.4508     0.0043  |       0.5489      0.1964
 265      0.0782        1.0000  |    0.5908/  0.6197/  0.6379            0.6379           0.4505     0.0078  |       0.5472      0.1964
 266      0.0782        1.0000  |    0.5784/  0.6294/  0.6467            0.6467           0.4505     0.0013  |       0.5514      0.1964
 267      0.0782        1.0000  |    0.5802/  0.6224/  0.6402            0.6402           0.4508     0.0028  |       0.5518      0.1964
 268      0.0780        1.0000  |    0.5719/  0.6188/  0.6350            0.6350           0.4509     0.0026  |       0.5518      0.1964
 269      0.0782        1.0000  |    0.5854/  0.6273/  0.6453            0.6453           0.4505     0.0043  |       0.5518      0.1964
 270      0.0782        1.0000  |    0.5382/  0.6208/  0.6367            0.6367           0.4505     0.0054  |       0.5494      0.1964
 271      0.0782        1.0000  |    0.5576/  0.6133/  0.6316            0.6316           0.4508     0.0036  |       0.5485      0.1964
 272      0.0782        1.0000  |    0.5957/  0.6300/  0.6475            0.6475           0.4509     0.0031  |       0.5459      0.1964
 273      0.0783        1.0000  |    0.5898/  0.6255/  0.6448            0.6448           0.4507     0.0027  |       0.5468      0.1964
 274      0.0782        1.0000  |    0.5851/  0.6257/  0.6422            0.6422           0.4506     0.0024  |       0.5473      0.1964
 275      0.0782        1.0000  |    0.5819/  0.6252/  0.6414            0.6414           0.4508     0.0030  |       0.5452      0.1964
 276      0.0781        1.0000  |    0.6061/  0.6287/  0.6428            0.6428           0.4504     0.0008  |       0.5444      0.1964
 277      0.0781        1.0000  |    0.5900/  0.6226/  0.6393            0.6393           0.4504     0.0034  |       0.5442      0.1964
 278      0.0799        0.9993  |    0.5946/  0.6300/  0.6445            0.6445           0.4460     0.0041  |       0.5417      0.1964
 279      0.0799        1.0000  |    0.5841/  0.6271/  0.6456            0.6456           0.4461     0.0050  |       0.5450      0.1964
 280      0.0783        0.9992  |    0.5920/  0.6230/  0.6394            0.6394           0.4506     0.0046  |       0.5496      0.1964
 281      0.0783        1.0000  |    0.5621/  0.6312/  0.6476            0.6476           0.4507     0.0101  |       0.5488      0.1964
 282      0.0782        1.0000  |    0.6028/  0.6315/  0.6474            0.6474           0.4509     0.0018  |       0.5516      0.1964
 283      0.0782        1.0000  |    0.5738/  0.6164/  0.6380            0.6380           0.4505     0.0059  |       0.5504      0.1964
 284      0.0782        1.0000  |    0.5775/  0.6198/  0.6369            0.6369           0.4505     0.0069  |       0.5517      0.1964
 285      0.0782        1.0000  |    0.6038/  0.6246/  0.6412            0.6412           0.4509     0.0017  |       0.5518      0.1964
 286      0.0799        0.9992  |    0.5969/  0.6235/  0.6401            0.6401           0.4461     0.0041  |       0.5515      0.1964
 287      0.0799        1.0000  |    0.5549/  0.6258/  0.6476            0.6476           0.4458     0.0015  |       0.5504      0.1964
 288      0.0782        0.9992  |    0.5906/  0.6236/  0.6415            0.6415           0.4505     0.0058  |       0.5510      0.1964
 289      0.0782        1.0000  |    0.5662/  0.6167/  0.6367            0.6367           0.4510     0.0008  |       0.5517      0.1964
 290      0.0783        1.0000  |    0.5857/  0.6211/  0.6393            0.6393           0.4507     0.0031  |       0.5517      0.1964
 291      0.0799        0.9992  |    0.5932/  0.6316/  0.6464            0.6464           0.4458     0.0030  |       0.5492      0.1964
 292      0.0780        0.9993  |    0.5931/  0.6289/  0.6453            0.6453           0.4509     0.0050  |       0.5467      0.1964
 293      0.0780        1.0000  |    0.5966/  0.6217/  0.6371            0.6371           0.4508     0.0020  |       0.5505      0.1964
 294      0.0781        1.0000  |    0.5660/  0.6225/  0.6391            0.6391           0.4504     0.0021  |       0.5513      0.1964
 295      0.0781        1.0000  |    0.5885/  0.6281/  0.6437            0.6437           0.4504     0.0029  |       0.5518      0.1964
 296      0.0780        1.0000  |    0.5841/  0.6201/  0.6358            0.6358           0.4508     0.0025  |       0.5518      0.1964
 297      0.0781        1.0000  |    0.5751/  0.6216/  0.6389            0.6389           0.4504     0.0025  |       0.5511      0.1964
 298      0.0782        1.0000  |    0.5959/  0.6243/  0.6412            0.6412           0.4505     0.0019  |       0.5518      0.1964
 299      0.0799        0.9992  |    0.5912/  0.6247/  0.6409            0.6409           0.4461     0.0030  |       0.5507      0.1964
IMAGEIO FFMPEG_WRITER WARNING: input image is not divisible by macro_block_size=16, resizing from (320, 180) to (320, 192) to ensure video compatibility with most codecs and players. To prevent resizing, make your input image divisible by the macro_block_size or set the macro_block_size to 1 (risking incompatibility).

Saved 300 frames -> /home/ashwink/Documents/swms/SWM_copy/rollouts_5_per/expert-only/epoch3/epoch3_rollout2_failure.mp4
min dist(green_cube,blue_moon) over episode = 0.1964  ->  FAILURE
Full log written to /home/ashwink/Documents/swms/SWM_copy/rollouts_5_per/expert-only/epoch3/epoch3_rollout2_20260723_121927.log
Result json -> /home/ashwink/Documents/swms/SWM_copy/rollouts_5_per/expert-only/epoch3/epoch3_rollout2_result.json
