Checkpoint dir epoch: 3  Rollout: 4
Logging to /home/ashwink/Documents/swms/SWM_copy/rollouts_5_per/expert-only/epoch3/epoch3_rollout4_20260723_122434.log
Goal (fixed, steps 0-299): the green cube is touching the blue moon. the peg is touching the green cube.

Checkpoint: /home/ashwink/Documents/swms/SWM_copy/training/checkpoints_clip_full_finetuned_wider_hl/epoch_003.pt
  epoch=3  step=3432

Loading CLIP ViT-L/14 (datacomp_xl_s13b_b90k) + fine-tuned clip_state_dict ...
Parsing model identifier. Schema: None, Identifier: ViT-L-14
Loaded built-in ViT-L-14 model config.
Instantiating model architecture: CLIP
Loading full pretrained weights from: /home/ashwink/.cache/huggingface/hub/models--laion--CLIP-ViT-L-14-DataComp.XL-s13B-b90K/snapshots/84c9828e63dc9a9351d1fe637c346d4c1c4db341/open_clip_pytorch_model.bin
Final image preprocessing configuration set: {'size': (224, 224), 'mode': 'RGB', 'mean': (0.48145466, 0.4578275, 0.40821073), 'std': (0.26862954, 0.26130258, 0.27577711), 'interpolation': 'bicubic', 'resize_mode': 'shortest', 'fill_color': 0}
Model ViT-L-14 creation process complete.
Parsing tokenizer identifier. Schema: None, Identifier: ViT-L-14
Attempting to load config from built-in: ViT-L-14
Using default SimpleTokenizer.
z_star shape: torch.Size([768])

Loading action stats from /home/ashwink/full_data_5000/langtable/demos/ ...
  lo=[-0.03372681140899658, -0.03493623435497284]  hi=[0.03496786952018738, 0.03494429588317871]

Initializing LangTable env ...
Loading URDF plane.urdf
Loading URDF /home/ashwink/Documents/swms/.venv/lib/python3.10/site-packages/language_table/environments/utils/../../../language_table/environments/assets/workspace_real.urdf
Loading URDF xarm/xarm6_robot_white.urdf
Loading URDF /home/ashwink/Documents/swms/.venv/lib/python3.10/site-packages/language_table/environments/utils/../../../language_table/environments/assets/suction/cylinder_real.urdf
Loading URDF /home/ashwink/Documents/swms/.venv/lib/python3.10/site-packages/language_table/environments/utils/../../../language_table/environments/assets/blocks/red_moon.urdf
Loading URDF /home/ashwink/Documents/swms/.venv/lib/python3.10/site-packages/language_table/environments/utils/../../../language_table/environments/assets/blocks/red_cube.urdf
Loading URDF /home/ashwink/Documents/swms/.venv/lib/python3.10/site-packages/language_table/environments/utils/../../../language_table/environments/assets/blocks/red_star.urdf
Loading URDF /home/ashwink/Documents/swms/.venv/lib/python3.10/site-packages/language_table/environments/utils/../../../language_table/environments/assets/blocks/red_pentagon.urdf
Loading URDF /home/ashwink/Documents/swms/.venv/lib/python3.10/site-packages/language_table/environments/utils/../../../language_table/environments/assets/blocks/blue_moon.urdf
Loading URDF /home/ashwink/Documents/swms/.venv/lib/python3.10/site-packages/language_table/environments/utils/../../../language_table/environments/assets/blocks/blue_cube.urdf
Loading URDF /home/ashwink/Documents/swms/.venv/lib/python3.10/site-packages/language_table/environments/utils/../../../language_table/environments/assets/blocks/blue_star.urdf
Loading URDF /home/ashwink/Documents/swms/.venv/lib/python3.10/site-packages/language_table/environments/utils/../../../language_table/environments/assets/blocks/blue_pentagon.urdf
Loading URDF /home/ashwink/Documents/swms/.venv/lib/python3.10/site-packages/language_table/environments/utils/../../../language_table/environments/assets/blocks/yellow_moon.urdf
Loading URDF /home/ashwink/Documents/swms/.venv/lib/python3.10/site-packages/language_table/environments/utils/../../../language_table/environments/assets/blocks/yellow_cube.urdf
Loading URDF /home/ashwink/Documents/swms/.venv/lib/python3.10/site-packages/language_table/environments/utils/../../../language_table/environments/assets/blocks/yellow_star.urdf
Loading URDF /home/ashwink/Documents/swms/.venv/lib/python3.10/site-packages/language_table/environments/utils/../../../language_table/environments/assets/blocks/yellow_pentagon.urdf
Loading URDF /home/ashwink/Documents/swms/.venv/lib/python3.10/site-packages/language_table/environments/utils/../../../language_table/environments/assets/blocks/green_moon.urdf
Loading URDF /home/ashwink/Documents/swms/.venv/lib/python3.10/site-packages/language_table/environments/utils/../../../language_table/environments/assets/blocks/green_cube.urdf
Loading URDF /home/ashwink/Documents/swms/.venv/lib/python3.10/site-packages/language_table/environments/utils/../../../language_table/environments/assets/blocks/green_star.urdf
Loading URDF /home/ashwink/Documents/swms/.venv/lib/python3.10/site-packages/language_table/environments/utils/../../../language_table/environments/assets/blocks/green_pentagon.urdf
Loading URDF /home/ashwink/Documents/swms/.venv/lib/python3.10/site-packages/language_table/environments/utils/../../../language_table/environments/assets/blocks/purple_moon.urdf
Loading URDF /home/ashwink/Documents/swms/.venv/lib/python3.10/site-packages/language_table/environments/utils/../../../language_table/environments/assets/blocks/purple_cube.urdf
Loading URDF /home/ashwink/Documents/swms/.venv/lib/python3.10/site-packages/language_table/environments/utils/../../../language_table/environments/assets/blocks/purple_star.urdf
Loading URDF /home/ashwink/Documents/swms/.venv/lib/python3.10/site-packages/language_table/environments/utils/../../../language_table/environments/assets/blocks/purple_pentagon.urdf
Env ready.

Forced peg start: [0.42843915 0.24419614]  (green_cube=[0.40339102 0.18967466], blue_moon=[0.32039625 0.00902261])
  dist(peg,green_cube)=0.0600  dist(peg,blue_moon)=0.2588  dist(green_cube,blue_moon)=0.1988

step  cos(zt,z*)  cos(zt,zt-1)  |   cos(predK,z*) min/mean/max  cos(pred_sel,z*)   cos(zpred0,z*)  ||a_raw||  |  dist(peg,A)   dist(A,B)
-------------------------------------------------------------------------------------------------------------------------------------------------------------------------------
   0      0.1351           nan  |    0.6007/  0.7203/  0.7340            0.7340           0.5801     0.0072  |       0.0587      0.1988
   1      0.1364        0.9974  |    0.6199/  0.6425/  0.6604            0.6604           0.5753     0.0018  |       0.0586      0.1988
   2      0.1351        0.9981  |    0.6270/  0.6639/  0.6837            0.6837           0.5781     0.0010  |       0.0578      0.1988
   3      0.1337        0.9992  |    0.6437/  0.6816/  0.6963            0.6963           0.5785     0.0073  |       0.0570      0.1988
   4      0.1376        0.9943  |    0.6517/  0.6768/  0.6933            0.6933           0.5820     0.0064  |       0.0505      0.1988
   5      0.1316        0.9926  |    0.6209/  0.6821/  0.6990            0.6990           0.5825     0.0033  |       0.0465      0.1988
   6      0.1322        0.9982  |    0.6543/  0.6793/  0.6961            0.6961           0.5801     0.0066  |       0.0471      0.1988
   7      0.1327        0.9964  |    0.6544/  0.6817/  0.6977            0.6976           0.5825     0.0062  |       0.0424      0.1988
   8      0.1387        0.9960  |    0.6465/  0.6868/  0.7059            0.7059           0.5875     0.0101  |       0.0391      0.1988
   9      0.1351        0.9653  |    0.6409/  0.6848/  0.7041            0.7041           0.5706     0.0010  |       0.0340      0.1962
  10      0.1425        0.9802  |    0.6468/  0.6969/  0.7127            0.7127           0.5840     0.0099  |       0.0333      0.1957
  11      0.1068        0.9343  |    0.6572/  0.7002/  0.7157            0.7157           0.5582     0.0036  |       0.0333      0.1886
  12      0.1134        0.9723  |    0.6479/  0.7048/  0.7244            0.7244           0.5631     0.0050  |       0.0335      0.1867
  13      0.1049        0.9853  |    0.6739/  0.6981/  0.7108            0.7108           0.5427     0.0044  |       0.0371      0.1867
  14      0.1007        0.9795  |    0.6759/  0.7035/  0.7226            0.7226           0.5716     0.0078  |       0.0348      0.1854
  15      0.1414        0.8343  |    0.6595/  0.7162/  0.7317            0.7317           0.5657     0.0050  |       0.0358      0.1811
  16      0.1377        0.9756  |    0.6224/  0.7376/  0.7540            0.7540           0.5671     0.0117  |       0.0371      0.1787
  17      0.1329        0.9140  |    0.6462/  0.7297/  0.7509            0.7509           0.5225     0.0051  |       0.0363      0.1713
  18      0.1478        0.9552  |    0.6811/  0.7482/  0.7632            0.7632           0.5539     0.0059  |       0.0369      0.1692
  19      0.1361        0.9379  |    0.6506/  0.7218/  0.7387            0.7387           0.5156     0.0072  |       0.0367      0.1663
  20      0.1238        0.9441  |    0.6480/  0.6930/  0.7145            0.7145           0.4805     0.0033  |       0.0372      0.1633
  21      0.1186        0.9504  |    0.5467/  0.5980/  0.6142            0.6142           0.3159     0.0086  |       0.0370      0.1615
  22      0.1220        0.9695  |    0.5862/  0.6385/  0.6550            0.6550           0.3411     0.0038  |       0.0407      0.1615
  23      0.1184        0.9888  |    0.5776/  0.6301/  0.6472            0.6472           0.3293     0.0078  |       0.0392      0.1615
  24      0.1217        0.9296  |    0.6441/  0.7141/  0.7355            0.7355           0.4653     0.0088  |       0.0382      0.1588
  25      0.1328        0.9395  |    0.6418/  0.6917/  0.7088            0.7088           0.4975     0.0041  |       0.0383      0.1561
  26      0.1431        0.9670  |    0.6217/  0.6628/  0.6841            0.6841           0.4610     0.0051  |       0.0394      0.1556
  27      0.1241        0.9474  |    0.6398/  0.6838/  0.6992            0.6992           0.4327     0.0091  |       0.0377      0.1538
  28      0.1236        0.9652  |    0.6439/  0.6894/  0.7071            0.7071           0.5106     0.0057  |       0.0384      0.1523
  29      0.1344        0.9666  |    0.5816/  0.6277/  0.6439            0.6439           0.4510     0.0049  |       0.0409      0.1523
  30      0.1307        0.9847  |    0.5972/  0.6308/  0.6477            0.6477           0.4792     0.0130  |       0.0435      0.1523
  31      0.1259        0.9546  |    0.5302/  0.5669/  0.5813            0.5813           0.3305     0.0061  |       0.0431      0.1523
  32      0.1237        0.9656  |    0.5353/  0.5566/  0.5713            0.5713           0.3402     0.0078  |       0.0471      0.1523
  33      0.1031        0.9656  |    0.2403/  0.2691/  0.2895            0.2895           0.0911     0.0084  |       0.0504      0.1523
  34      0.0954        0.9626  |    0.2628/  0.2868/  0.3043            0.3043           0.0701     0.0107  |       0.0538      0.1523
  35      0.0882        0.9737  |    0.2693/  0.2958/  0.3127            0.3127           0.0527     0.0036  |       0.0560      0.1523
  36      0.0885        0.9874  |    0.2621/  0.2934/  0.3149            0.3149           0.0708     0.0078  |       0.0567      0.1523
  37      0.0837        0.9735  |    0.2225/  0.2536/  0.2716            0.2716          -0.0060     0.0115  |       0.0602      0.1523
  38      0.0698        0.9429  |    0.0722/  0.1306/  0.1569            0.1569          -0.1681     0.0041  |       0.0652      0.1523
  39      0.0510        0.9774  |   -0.1047/ -0.0732/ -0.0486           -0.0486          -0.2215     0.0100  |       0.0693      0.1523
  40     -0.0311        0.8924  |   -0.2761/ -0.2581/ -0.2470           -0.2470          -0.2973     0.0134  |       0.0787      0.1523
  41     -0.0188        0.8981  |   -0.3578/ -0.3231/ -0.3167           -0.3167          -0.3855     0.0078  |       0.0910      0.1523
  42     -0.0369        0.9168  |   -0.2846/ -0.2635/ -0.2550           -0.2550          -0.3717     0.0094  |       0.0967      0.1523
  43     -0.0266        0.9554  |   -0.2770/ -0.2406/ -0.2294           -0.2294          -0.3821     0.0093  |       0.1014      0.1523
  44     -0.0263        0.9629  |   -0.2801/ -0.2553/ -0.2460           -0.2460          -0.4193     0.0035  |       0.1079      0.1523
  45     -0.0300        0.9672  |   -0.2672/ -0.2353/ -0.2230           -0.2230          -0.4125     0.0096  |       0.1107      0.1523
  46     -0.0203        0.9335  |   -0.3588/ -0.1882/ -0.1739           -0.1739          -0.3713     0.0151  |       0.1196      0.1523
  47     -0.0113        0.8912  |   -0.2168/ -0.1422/ -0.1206           -0.1206          -0.3917     0.0195  |       0.1283      0.1523
  48     -0.0104        0.8609  |   -0.1600/ -0.1091/ -0.0859           -0.0859          -0.3735     0.0197  |       0.1467      0.1523
  49     -0.0041        0.8136  |   -0.1314/ -0.0763/ -0.0528           -0.0528          -0.3686     0.0290  |       0.1646      0.1523
  50     -0.0074        0.7205  |   -0.0902/ -0.0442/  0.0059            0.0059          -0.4097     0.0373  |       0.1923      0.1523
  51     -0.0089        0.7731  |   -0.0999/ -0.0578/ -0.0188           -0.0188          -0.4009     0.0355  |       0.2271      0.1523
  52      0.0027        0.8275  |   -0.0048/  0.0324/  0.0592            0.0592          -0.3750     0.0359  |       0.2623      0.1523
  53     -0.0093        0.8618  |   -0.1007/ -0.0558/ -0.0356           -0.0356          -0.3207     0.0230  |       0.2976      0.1523
  54      0.0082        0.9438  |   -0.1074/ -0.0822/ -0.0521           -0.0521          -0.3295     0.0290  |       0.3202      0.1523
  55     -0.0339        0.8433  |    0.0214/  0.0629/  0.0937            0.0937          -0.3341     0.0350  |       0.3485      0.1523
  56     -0.0478        0.8350  |   -0.0281/  0.0413/  0.0969            0.0969          -0.4573     0.0348  |       0.3828      0.1523
  57     -0.0349        0.9788  |    0.1314/  0.1737/  0.2037            0.2037          -0.4271     0.0349  |       0.4175      0.1523
  58     -0.0349        1.0000  |    0.1309/  0.1603/  0.1870            0.1870          -0.4273     0.0380  |       0.4383      0.1523
  59     -0.0349        1.0000  |    0.1056/  0.1377/  0.1661            0.1661          -0.4272     0.0490  |       0.4418      0.1523
  60     -0.0349        1.0000  |   -0.0581/ -0.0222/  0.0141            0.0141          -0.4272     0.0391  |       0.4476      0.1523
  61     -0.0349        1.0000  |   -0.0732/ -0.0426/ -0.0123           -0.0123          -0.4272     0.0483  |       0.4519      0.1523
  62     -0.0349        1.0000  |   -0.0233/  0.0216/  0.0569            0.0569          -0.4273     0.0492  |       0.4606      0.1523
  63     -0.0349        1.0000  |    0.1353/  0.1738/  0.2025            0.2025          -0.4272     0.0345  |       0.4716      0.1523
  64     -0.0349        1.0000  |    0.1483/  0.1939/  0.2210            0.2210          -0.4270     0.0394  |       0.4735      0.1523
  65     -0.0349        1.0000  |    0.0802/  0.1099/  0.1396            0.1396          -0.4264     0.0397  |       0.4766      0.1523
  66     -0.0349        1.0000  |    0.0581/  0.1047/  0.1373            0.1373          -0.4268     0.0492  |       0.4772      0.1523
  67     -0.0349        1.0000  |    0.0879/  0.1253/  0.1548            0.1548          -0.4271     0.0350  |       0.4772      0.1523
  68     -0.0349        1.0000  |    0.1274/  0.1525/  0.1766            0.1766          -0.4272     0.0481  |       0.4772      0.1523
  69     -0.0349        1.0000  |    0.0709/  0.1036/  0.1280            0.1280          -0.4272     0.0380  |       0.4771      0.1523
  70     -0.0349        1.0000  |   -0.0824/ -0.0526/ -0.0323           -0.0323          -0.4272     0.0487  |       0.4771      0.1523
  71     -0.0349        1.0000  |   -0.2503/ -0.1882/ -0.1018           -0.1018          -0.4272     0.0349  |       0.4772      0.1523
  72     -0.0348        1.0000  |   -0.1846/ -0.1420/ -0.1060           -0.1060          -0.4266     0.0494  |       0.4773      0.1523
  73     -0.0348        1.0000  |   -0.2900/ -0.2596/ -0.2339           -0.2339          -0.4266     0.0270  |       0.4774      0.1523
  74     -0.0348        1.0000  |   -0.2146/ -0.1276/ -0.0404           -0.0404          -0.4268     0.0294  |       0.4767      0.1523
  75     -0.0348        1.0000  |   -0.0418/  0.0103/  0.0533            0.0533          -0.4268     0.0361  |       0.4772      0.1523
  76     -0.0348        1.0000  |    0.0719/  0.1172/  0.1533            0.1533          -0.4268     0.0384  |       0.4773      0.1523
  77     -0.0348        1.0000  |    0.0559/  0.0912/  0.1231            0.1231          -0.4263     0.0374  |       0.4773      0.1523
  78     -0.0348        1.0000  |   -0.0155/  0.0133/  0.0416            0.0416          -0.4263     0.0397  |       0.4773      0.1523
  79     -0.0348        1.0000  |   -0.0494/ -0.0009/  0.0371            0.0371          -0.4263     0.0478  |       0.4773      0.1523
  80     -0.0348        1.0000  |   -0.3023/ -0.2645/ -0.2361           -0.2361          -0.4263     0.0338  |       0.4772      0.1523
  81     -0.0348        1.0000  |   -0.2226/ -0.1378/ -0.0636           -0.0636          -0.4263     0.0391  |       0.4772      0.1523
  82     -0.0348        1.0000  |   -0.0587/  0.0008/  0.0424            0.0424          -0.4263     0.0307  |       0.4772      0.1523
  83     -0.0348        1.0000  |    0.0320/  0.0627/  0.0904            0.0904          -0.4263     0.0380  |       0.4772      0.1523
  84     -0.0348        1.0000  |    0.0875/  0.1147/  0.1396            0.1396          -0.4263     0.0360  |       0.4772      0.1523
  85     -0.0348        1.0000  |    0.0365/  0.0633/  0.0990            0.0990          -0.4263     0.0390  |       0.4772      0.1523
  86     -0.0348        1.0000  |    0.1600/  0.1910/  0.2122            0.2122          -0.4263     0.0463  |       0.4772      0.1523
  87     -0.0348        1.0000  |    0.1326/  0.1565/  0.1772            0.1772          -0.4263     0.0476  |       0.4772      0.1523
  88     -0.0348        1.0000  |    0.0912/  0.1255/  0.1483            0.1483          -0.4263     0.0483  |       0.4771      0.1523
  89     -0.0348        1.0000  |    0.0743/  0.1207/  0.1502            0.1502          -0.4263     0.0465  |       0.4771      0.1523
  90     -0.0348        1.0000  |    0.1135/  0.1543/  0.1883            0.1883          -0.4263     0.0382  |       0.4771      0.1523
  91     -0.0348        1.0000  |    0.0712/  0.1028/  0.1318            0.1318          -0.4263     0.0385  |       0.4772      0.1523
  92     -0.0348        1.0000  |    0.0601/  0.0923/  0.1234            0.1234          -0.4263     0.0481  |       0.4773      0.1523
  93     -0.0348        1.0000  |    0.0635/  0.0844/  0.1066            0.1066          -0.4263     0.0464  |       0.4774      0.1523
  94     -0.0348        1.0000  |    0.0868/  0.1172/  0.1432            0.1432          -0.4263     0.0472  |       0.4774      0.1523
  95     -0.0348        1.0000  |    0.0498/  0.0702/  0.0878            0.0878          -0.4263     0.0477  |       0.4773      0.1523
  96     -0.0348        1.0000  |   -0.0028/  0.0413/  0.0846            0.0846          -0.4263     0.0398  |       0.4774      0.1523
  97     -0.0348        1.0000  |   -0.0121/  0.0235/  0.0547            0.0547          -0.4263     0.0439  |       0.4775      0.1523
  98     -0.0348        1.0000  |   -0.0023/  0.0439/  0.0786            0.0786          -0.4263     0.0487  |       0.4774      0.1523
  99     -0.0348        1.0000  |   -0.0315/ -0.0013/  0.0247            0.0247          -0.4263     0.0369  |       0.4774      0.1523
 100     -0.0349        1.0000  |    0.0267/  0.0649/  0.1027            0.1027          -0.4262     0.0486  |       0.4737      0.1523
 101     -0.0349        1.0000  |   -0.1346/ -0.1082/ -0.0815           -0.0815          -0.4262     0.0478  |       0.4766      0.1523
 102     -0.0349        1.0000  |   -0.3492/ -0.3168/ -0.2900           -0.2900          -0.4262     0.0347  |       0.4772      0.1523
 103     -0.0349        1.0000  |   -0.2908/ -0.2623/ -0.2200           -0.2200          -0.4262     0.0148  |       0.4774      0.1523
 104     -0.0349        1.0000  |   -0.2713/ -0.2425/ -0.1878           -0.1878          -0.4262     0.0233  |       0.4775      0.1523
 105     -0.0349        1.0000  |    0.0222/  0.0598/  0.0890            0.0890          -0.4262     0.0231  |       0.4776      0.1523
 106     -0.0349        1.0000  |    0.1726/  0.1949/  0.2158            0.2158          -0.4262     0.0406  |       0.4774      0.1523
 107     -0.0349        1.0000  |    0.0783/  0.1223/  0.1552            0.1552          -0.4262     0.0425  |       0.4774      0.1523
 108     -0.0349        1.0000  |    0.0896/  0.1183/  0.1453            0.1453          -0.4262     0.0415  |       0.4775      0.1523
 109     -0.0349        1.0000  |    0.0942/  0.1280/  0.1587            0.1587          -0.4262     0.0487  |       0.4776      0.1523
 110     -0.0349        1.0000  |   -0.0816/ -0.0400/ -0.0016           -0.0016          -0.4262     0.0491  |       0.4776      0.1523
 111     -0.0349        1.0000  |    0.0231/  0.0871/  0.1279            0.1279          -0.4262     0.0395  |       0.4775      0.1523
 112     -0.0349        1.0000  |   -0.0350/  0.0056/  0.0442            0.0442          -0.4262     0.0463  |       0.4775      0.1523
 113     -0.0349        1.0000  |    0.0650/  0.0906/  0.1145            0.1145          -0.4262     0.0476  |       0.4775      0.1523
 114     -0.0349        1.0000  |   -0.0118/  0.0438/  0.0873            0.0873          -0.4262     0.0398  |       0.4776      0.1523
 115     -0.0352        1.0000  |   -0.0898/ -0.0547/ -0.0249           -0.0249          -0.4278     0.0392  |       0.4776      0.1523
 116     -0.0352        1.0000  |    0.1398/  0.1757/  0.2011            0.2011          -0.4278     0.0490  |       0.4776      0.1523
 117     -0.0349        1.0000  |   -0.0411/  0.0002/  0.0393            0.0393          -0.4262     0.0447  |       0.4775      0.1523
 118     -0.0352        1.0000  |    0.0214/  0.0613/  0.0910            0.0910          -0.4278     0.0369  |       0.4775      0.1523
 119     -0.0352        1.0000  |   -0.0143/  0.0556/  0.1034            0.1034          -0.4278     0.0482  |       0.4776      0.1523
 120     -0.0352        1.0000  |    0.1578/  0.1963/  0.2172            0.2172          -0.4278     0.0407  |       0.4776      0.1523
 121     -0.0352        1.0000  |    0.0858/  0.1122/  0.1364            0.1364          -0.4278     0.0491  |       0.4776      0.1523
 122     -0.0352        1.0000  |    0.0763/  0.1076/  0.1357            0.1357          -0.4278     0.0353  |       0.4776      0.1523
 123     -0.0352        1.0000  |    0.0996/  0.1314/  0.1614            0.1614          -0.4278     0.0487  |       0.4751      0.1523
 124     -0.0352        1.0000  |   -0.0279/  0.0106/  0.0438            0.0438          -0.4278     0.0347  |       0.4771      0.1523
 125     -0.0352        1.0000  |    0.0474/  0.0884/  0.1373            0.1373          -0.4278     0.0487  |       0.4767      0.1523
 126     -0.0352        1.0000  |    0.1036/  0.1386/  0.1716            0.1716          -0.4278     0.0390  |       0.4773      0.1523
 127     -0.0352        1.0000  |   -0.0554/ -0.0371/ -0.0149           -0.0149          -0.4278     0.0427  |       0.4775      0.1523
 128     -0.0352        1.0000  |   -0.0806/ -0.0343/  0.0119            0.0119          -0.4278     0.0473  |       0.4776      0.1523
 129     -0.0352        1.0000  |    0.0907/  0.1212/  0.1480            0.1480          -0.4278     0.0354  |       0.4776      0.1523
 130     -0.0352        1.0000  |    0.1694/  0.1915/  0.2140            0.2140          -0.4278     0.0405  |       0.4776      0.1523
 131     -0.0352        1.0000  |    0.1421/  0.1661/  0.1866            0.1866          -0.4278     0.0474  |       0.4777      0.1523
 132     -0.0352        1.0000  |    0.1687/  0.2015/  0.2229            0.2229          -0.4278     0.0461  |       0.4776      0.1523
 133     -0.0352        1.0000  |    0.0418/  0.0658/  0.0904            0.0904          -0.4278     0.0408  |       0.4775      0.1523
 134     -0.0352        1.0000  |    0.0129/  0.0474/  0.0786            0.0786          -0.4278     0.0399  |       0.4776      0.1523
 135     -0.0352        1.0000  |    0.0621/  0.1067/  0.1594            0.1594          -0.4278     0.0486  |       0.4776      0.1523
 136     -0.0352        1.0000  |    0.0984/  0.1300/  0.1557            0.1557          -0.4278     0.0426  |       0.4776      0.1523
 137     -0.0352        1.0000  |    0.0472/  0.0752/  0.1046            0.1046          -0.4278     0.0478  |       0.4777      0.1523
 138     -0.0352        1.0000  |    0.0459/  0.0944/  0.1409            0.1409          -0.4278     0.0346  |       0.4777      0.1523
 139     -0.0352        1.0000  |    0.0748/  0.1073/  0.1393            0.1393          -0.4278     0.0492  |       0.4777      0.1523
 140     -0.0352        1.0000  |    0.1282/  0.1578/  0.1847            0.1847          -0.4278     0.0391  |       0.4777      0.1523
 141     -0.0352        1.0000  |    0.0724/  0.1070/  0.1486            0.1486          -0.4278     0.0435  |       0.4777      0.1523
 142     -0.0352        1.0000  |    0.0241/  0.0657/  0.1021            0.1021          -0.4278     0.0399  |       0.4776      0.1523
 143     -0.0352        1.0000  |   -0.0229/  0.0144/  0.0428            0.0428          -0.4278     0.0481  |       0.4776      0.1523
 144     -0.0352        1.0000  |   -0.2473/ -0.2244/ -0.2034           -0.2034          -0.4278     0.0493  |       0.4776      0.1523
 145     -0.0352        1.0000  |   -0.3292/ -0.3011/ -0.2615           -0.2615          -0.4278     0.0355  |       0.4775      0.1523
 146     -0.0352        1.0000  |   -0.2848/ -0.2598/ -0.2349           -0.2349          -0.4278     0.0136  |       0.4775      0.1523
 147     -0.0352        1.0000  |   -0.0201/  0.0299/  0.0834            0.0834          -0.4278     0.0349  |       0.4775      0.1523
 148     -0.0352        1.0000  |    0.1057/  0.1424/  0.1758            0.1758          -0.4278     0.0301  |       0.4775      0.1523
 149     -0.0352        1.0000  |    0.1099/  0.1318/  0.1525            0.1525          -0.4278     0.0416  |       0.4776      0.1523
 150     -0.0352        1.0000  |    0.1426/  0.1867/  0.2090            0.2090          -0.4278     0.0426  |       0.4776      0.1523
 151     -0.0352        1.0000  |    0.0621/  0.1009/  0.1312            0.1312          -0.4278     0.0447  |       0.4777      0.1523
 152     -0.0352        1.0000  |    0.0954/  0.1245/  0.1630            0.1630          -0.4278     0.0486  |       0.4777      0.1523
 153     -0.0352        1.0000  |    0.1295/  0.1655/  0.1908            0.1908          -0.4278     0.0475  |       0.4777      0.1523
 154     -0.0352        1.0000  |   -0.0480/  0.0047/  0.0412            0.0412          -0.4278     0.0420  |       0.4778      0.1523
 155     -0.0352        1.0000  |    0.0471/  0.0845/  0.1171            0.1171          -0.4278     0.0444  |       0.4777      0.1523
 156     -0.0352        1.0000  |    0.0252/  0.0609/  0.0934            0.0934          -0.4278     0.0433  |       0.4777      0.1523
 157     -0.0352        1.0000  |    0.0669/  0.1019/  0.1373            0.1373          -0.4278     0.0476  |       0.4777      0.1523
 158     -0.0352        1.0000  |   -0.0187/  0.0278/  0.0630            0.0630          -0.4278     0.0361  |       0.4777      0.1523
 159     -0.0352        1.0000  |    0.0035/  0.0452/  0.0744            0.0744          -0.4278     0.0484  |       0.4776      0.1523
 160     -0.0352        1.0000  |    0.0027/  0.0392/  0.0725            0.0725          -0.4278     0.0392  |       0.4776      0.1523
 161     -0.0352        1.0000  |    0.1380/  0.1722/  0.2053            0.2053          -0.4278     0.0383  |       0.4776      0.1523
 162     -0.0352        1.0000  |    0.0016/  0.0468/  0.0895            0.0895          -0.4278     0.0461  |       0.4775      0.1523
 163     -0.0352        1.0000  |    0.1008/  0.1372/  0.1750            0.1750          -0.4278     0.0349  |       0.4775      0.1523
 164     -0.0352        1.0000  |    0.1433/  0.1770/  0.2005            0.2005          -0.4277     0.0376  |       0.4761      0.1523
 165     -0.0352        1.0000  |    0.0301/  0.0625/  0.0947            0.0947          -0.4277     0.0355  |       0.4773      0.1523
 166     -0.0352        1.0000  |    0.0592/  0.1009/  0.1384            0.1384          -0.4277     0.0485  |       0.4776      0.1523
 167     -0.0352        1.0000  |    0.0855/  0.1165/  0.1437            0.1437          -0.4277     0.0436  |       0.4777      0.1523
 168     -0.0352        1.0000  |    0.0256/  0.0725/  0.1085            0.1085          -0.4277     0.0482  |       0.4777      0.1523
 169     -0.0352        1.0000  |   -0.0889/ -0.0478/ -0.0067           -0.0067          -0.4277     0.0350  |       0.4777      0.1523
 170     -0.0352        1.0000  |   -0.0013/  0.0440/  0.0848            0.0848          -0.4277     0.0413  |       0.4769      0.1523
 171     -0.0352        1.0000  |   -0.1728/ -0.1427/ -0.1184           -0.1184          -0.4277     0.0386  |       0.4776      0.1523
 172     -0.0352        1.0000  |   -0.0666/ -0.0268/  0.0164            0.0164          -0.4277     0.0463  |       0.4777      0.1523
 173     -0.0352        1.0000  |   -0.1266/ -0.0852/ -0.0412           -0.0412          -0.4277     0.0486  |       0.4778      0.1523
 174     -0.0352        1.0000  |   -0.1181/ -0.0641/ -0.0039           -0.0039          -0.4277     0.0426  |       0.4777      0.1523
 175     -0.0352        1.0000  |   -0.1769/ -0.1504/ -0.1267           -0.1267          -0.4277     0.0493  |       0.4777      0.1523
 176     -0.0352        1.0000  |   -0.0911/ -0.0560/ -0.0266           -0.0266          -0.4277     0.0389  |       0.4777      0.1523
 177     -0.0352        1.0000  |   -0.0259/  0.0312/  0.0719            0.0719          -0.4277     0.0478  |       0.4777      0.1523
 178     -0.0352        1.0000  |   -0.0122/  0.0352/  0.0800            0.0800          -0.4277     0.0351  |       0.4776      0.1523
 179     -0.0352        1.0000  |    0.0731/  0.1091/  0.1481            0.1481          -0.4277     0.0445  |       0.4776      0.1523
 180     -0.0352        1.0000  |    0.1501/  0.1739/  0.1945            0.1945          -0.4277     0.0477  |       0.4776      0.1523
 181     -0.0352        1.0000  |    0.1413/  0.1703/  0.1922            0.1922          -0.4277     0.0472  |       0.4776      0.1523
 182     -0.0352        1.0000  |    0.0622/  0.0978/  0.1330            0.1330          -0.4277     0.0449  |       0.4777      0.1523
 183     -0.0352        1.0000  |   -0.1366/ -0.0982/ -0.0677           -0.0677          -0.4277     0.0455  |       0.4778      0.1523
 184     -0.0352        1.0000  |   -0.0389/  0.0038/  0.0459            0.0459          -0.4277     0.0391  |       0.4778      0.1523
 185     -0.0352        1.0000  |   -0.0386/ -0.0007/  0.0280            0.0280          -0.4277     0.0408  |       0.4725      0.1523
 186     -0.0352        1.0000  |    0.0077/  0.0475/  0.0881            0.0881          -0.4277     0.0365  |       0.4767      0.1523
 187     -0.0352        1.0000  |    0.0752/  0.1058/  0.1441            0.1441          -0.4275     0.0476  |       0.4777      0.1523
 188     -0.0352        1.0000  |    0.0412/  0.0742/  0.1010            0.1010          -0.4275     0.0343  |       0.4779      0.1523
 189     -0.0352        1.0000  |   -0.0232/  0.0164/  0.0614            0.0614          -0.4275     0.0486  |       0.4779      0.1523
 190     -0.0352        1.0000  |   -0.1264/ -0.0836/ -0.0515           -0.0515          -0.4275     0.0484  |       0.4779      0.1523
 191     -0.0352        1.0000  |   -0.0995/ -0.0498/  0.0017            0.0017          -0.4277     0.0395  |       0.4779      0.1523
 192     -0.0352        1.0000  |   -0.0602/ -0.0020/  0.0587            0.0587          -0.4275     0.0362  |       0.4779      0.1523
 193     -0.0352        1.0000  |   -0.0060/  0.0353/  0.0673            0.0673          -0.4275     0.0374  |       0.4779      0.1523
 194     -0.0352        1.0000  |    0.0779/  0.1110/  0.1357            0.1357          -0.4275     0.0484  |       0.4779      0.1523
 195     -0.0352        1.0000  |    0.0895/  0.1253/  0.1512            0.1512          -0.4275     0.0486  |       0.4779      0.1523
 196     -0.0352        1.0000  |    0.1411/  0.1711/  0.2092            0.2092          -0.4275     0.0488  |       0.4779      0.1523
 197     -0.0352        1.0000  |    0.0675/  0.1001/  0.1249            0.1249          -0.4275     0.0382  |       0.4778      0.1523
 198     -0.0352        1.0000  |    0.0453/  0.0805/  0.1131            0.1131          -0.4275     0.0470  |       0.4778      0.1523
 199     -0.0352        1.0000  |    0.0589/  0.0865/  0.1151            0.1151          -0.4275     0.0398  |       0.4778      0.1523
 200     -0.0352        1.0000  |    0.1328/  0.1595/  0.1786            0.1786          -0.4275     0.0491  |       0.4778      0.1523
 201     -0.0352        1.0000  |    0.1405/  0.1654/  0.1847            0.1847          -0.4275     0.0372  |       0.4778      0.1523
 202     -0.0352        1.0000  |    0.0098/  0.0338/  0.0574            0.0574          -0.4275     0.0417  |       0.4778      0.1523
 203     -0.0352        1.0000  |   -0.0306/  0.0144/  0.0605            0.0605          -0.4274     0.0461  |       0.4778      0.1523
 204     -0.0352        1.0000  |    0.0203/  0.0536/  0.0893            0.0893          -0.4274     0.0480  |       0.4778      0.1523
 205     -0.0352        1.0000  |   -0.0406/ -0.0370/ -0.0331           -0.0331          -0.4274     0.0351  |       0.4778      0.1523
 206     -0.0352        1.0000  |   -0.0143/  0.0117/  0.0417            0.0417          -0.4274     0.0353  |       0.4778      0.1523
 207     -0.0352        1.0000  |   -0.1254/ -0.0943/ -0.0653           -0.0653          -0.4274     0.0470  |       0.4762      0.1523
 208     -0.0352        1.0000  |   -0.1216/ -0.0634/ -0.0201           -0.0201          -0.4274     0.0490  |       0.4774      0.1523
 209     -0.0352        1.0000  |    0.0626/  0.1072/  0.1486            0.1486          -0.4274     0.0357  |       0.4777      0.1523
 210     -0.0352        1.0000  |    0.1076/  0.1419/  0.1727            0.1727          -0.4274     0.0361  |       0.4777      0.1523
 211     -0.0352        1.0000  |    0.1292/  0.1652/  0.1924            0.1924          -0.4274     0.0491  |       0.4777      0.1523
 212     -0.0352        1.0000  |    0.0797/  0.1084/  0.1319            0.1319          -0.4274     0.0348  |       0.4777      0.1523
 213     -0.0352        1.0000  |    0.0592/  0.1153/  0.1450            0.1450          -0.4274     0.0386  |       0.4777      0.1523
 214     -0.0352        1.0000  |    0.0592/  0.0981/  0.1243            0.1243          -0.4274     0.0491  |       0.4777      0.1523
 215     -0.0352        1.0000  |    0.1087/  0.1486/  0.1788            0.1788          -0.4274     0.0483  |       0.4777      0.1523
 216     -0.0352        1.0000  |    0.0077/  0.0363/  0.0650            0.0650          -0.4274     0.0491  |       0.4777      0.1523
 217     -0.0352        1.0000  |    0.0439/  0.0900/  0.1248            0.1248          -0.4274     0.0349  |       0.4777      0.1523
 218     -0.0352        1.0000  |    0.0637/  0.0903/  0.1165            0.1165          -0.4274     0.0406  |       0.4774      0.1523
 219     -0.0352        1.0000  |    0.0644/  0.0823/  0.0984            0.0984          -0.4274     0.0485  |       0.4776      0.1523
 220     -0.0352        1.0000  |   -0.0695/ -0.0281/  0.0110            0.0110          -0.4274     0.0487  |       0.4777      0.1523
 221     -0.0352        1.0000  |   -0.0579/ -0.0216/  0.0082            0.0082          -0.4274     0.0482  |       0.4777      0.1523
 222     -0.0352        1.0000  |   -0.0005/  0.0442/  0.0939            0.0939          -0.4274     0.0350  |       0.4777      0.1523
 223     -0.0352        1.0000  |   -0.0733/ -0.0556/ -0.0382           -0.0382          -0.4274     0.0471  |       0.4777      0.1523
 224     -0.0352        1.0000  |    0.0509/  0.1066/  0.1469            0.1469          -0.4274     0.0258  |       0.4777      0.1523
 225     -0.0352        1.0000  |    0.0941/  0.1353/  0.1581            0.1581          -0.4274     0.0479  |       0.4777      0.1523
 226     -0.0352        1.0000  |    0.1155/  0.1428/  0.1712            0.1712          -0.4274     0.0389  |       0.4777      0.1523
 227     -0.0352        1.0000  |    0.0671/  0.1084/  0.1444            0.1444          -0.4274     0.0364  |       0.4777      0.1523
 228     -0.0352        1.0000  |    0.0714/  0.0975/  0.1278            0.1278          -0.4274     0.0458  |       0.4777      0.1523
 229     -0.0352        1.0000  |    0.0589/  0.0800/  0.1029            0.1029          -0.4274     0.0456  |       0.4777      0.1523
 230     -0.0352        1.0000  |   -0.0163/  0.0318/  0.0778            0.0778          -0.4274     0.0492  |       0.4777      0.1523
 231     -0.0352        1.0000  |   -0.0176/  0.0405/  0.0849            0.0849          -0.4274     0.0392  |       0.4777      0.1523
 232     -0.0352        1.0000  |   -0.0672/ -0.0306/  0.0041            0.0041          -0.4274     0.0425  |       0.4777      0.1523
 233     -0.0352        1.0000  |   -0.1329/ -0.0796/ -0.0478           -0.0478          -0.4274     0.0492  |       0.4777      0.1523
 234     -0.0352        1.0000  |   -0.0820/ -0.0332/  0.0046            0.0046          -0.4274     0.0472  |       0.4777      0.1523
 235     -0.0352        1.0000  |   -0.2451/ -0.2007/ -0.1520           -0.1520          -0.4274     0.0490  |       0.4777      0.1523
 236     -0.0352        1.0000  |   -0.3236/ -0.2707/ -0.2254           -0.2254          -0.4274     0.0492  |       0.4777      0.1523
 237     -0.0352        1.0000  |   -0.3377/ -0.3094/ -0.2853           -0.2853          -0.4274     0.0388  |       0.4777      0.1523
 238     -0.0352        1.0000  |   -0.3380/ -0.3210/ -0.3003           -0.3003          -0.4274     0.0487  |       0.4619      0.1523
 239     -0.0352        1.0000  |   -0.3058/ -0.2857/ -0.2675           -0.2675          -0.4274     0.0479  |       0.4326      0.1523
 240     -0.0352        1.0000  |   -0.2881/ -0.2703/ -0.2488           -0.2488          -0.4281     0.0478  |       0.3892      0.1523
 241     -0.0098        0.6713  |   -0.1867/ -0.1607/ -0.1380           -0.1380          -0.3126     0.0444  |       0.3442      0.1523
 242     -0.0189        0.7126  |   -0.1912/ -0.1786/ -0.1693           -0.1693          -0.3269     0.0327  |       0.3044      0.1523
 243     -0.0211        0.7763  |   -0.0084/  0.0184/  0.0378            0.0378          -0.4250     0.0460  |       0.3013      0.1523
 244     -0.0238        0.7665  |   -0.1993/ -0.1771/ -0.1533           -0.1533          -0.2754     0.0478  |       0.3276      0.1523
 245     -0.0338        0.6782  |    0.1029/  0.1441/  0.1793            0.1793          -0.3779     0.0484  |       0.3597      0.1523
 246     -0.0411        0.8552  |    0.1200/  0.1492/  0.1757            0.1757          -0.3783     0.0432  |       0.3956      0.1523
 247     -0.0334        0.9815  |    0.1653/  0.1864/  0.2041            0.2041          -0.3586     0.0417  |       0.4326      0.1523
 248     -0.0333        1.0000  |    0.0942/  0.1237/  0.1534            0.1534          -0.3583     0.0348  |       0.4451      0.1523
 249     -0.0334        1.0000  |    0.1379/  0.1679/  0.2049            0.2049          -0.3586     0.0351  |       0.4464      0.1523
 250     -0.0334        1.0000  |    0.0268/  0.0534/  0.0854            0.0854          -0.3588     0.0364  |       0.4473      0.1523
 251     -0.0334        1.0000  |    0.0992/  0.1317/  0.1597            0.1597          -0.3588     0.0462  |       0.4495      0.1523
 252     -0.0334        1.0000  |    0.0421/  0.0807/  0.1093            0.1093          -0.3588     0.0355  |       0.4569      0.1523
 253     -0.0334        1.0000  |   -0.0147/  0.0181/  0.0496            0.0496          -0.3588     0.0477  |       0.4592      0.1523
 254     -0.0334        1.0000  |   -0.0539/ -0.0178/  0.0097            0.0097          -0.3588     0.0473  |       0.4696      0.1523
 255     -0.0334        1.0000  |   -0.0552/ -0.0188/  0.0255            0.0255          -0.3588     0.0472  |       0.4819      0.1523
 256     -0.0334        1.0000  |   -0.0342/ -0.0032/  0.0153            0.0153          -0.3588     0.0477  |       0.4961      0.1523
 257     -0.0334        1.0000  |    0.0264/  0.0601/  0.0888            0.0888          -0.3588     0.0406  |       0.5063      0.1523
 258     -0.0334        1.0000  |    0.0499/  0.0852/  0.1252            0.1252          -0.3588     0.0480  |       0.5071      0.1523
 259     -0.0334        1.0000  |    0.0543/  0.0885/  0.1187            0.1187          -0.3588     0.0479  |       0.5071      0.1523
 260     -0.0334        1.0000  |    0.1202/  0.1514/  0.1788            0.1788          -0.3588     0.0439  |       0.5072      0.1523
 261     -0.0334        1.0000  |    0.0607/  0.1006/  0.1266            0.1266          -0.3588     0.0474  |       0.5072      0.1523
 262     -0.0312        0.9993  |    0.1059/  0.1301/  0.1522            0.1522          -0.3606     0.0352  |       0.5072      0.1523
 263     -0.0312        1.0000  |    0.0666/  0.1111/  0.1437            0.1437          -0.3606     0.0369  |       0.5046      0.1523
 264     -0.0312        1.0000  |    0.1022/  0.1356/  0.1601            0.1601          -0.3606     0.0425  |       0.5069      0.1523
 265     -0.0312        1.0000  |    0.0585/  0.0979/  0.1292            0.1292          -0.3606     0.0356  |       0.5071      0.1523
 266     -0.0312        1.0000  |   -0.0427/ -0.0049/  0.0295            0.0295          -0.3606     0.0484  |       0.5072      0.1523
 267     -0.0312        1.0000  |   -0.0525/ -0.0187/  0.0094            0.0094          -0.3606     0.0420  |       0.5072      0.1523
 268     -0.0312        1.0000  |   -0.0659/ -0.0385/ -0.0145           -0.0145          -0.3606     0.0439  |       0.5072      0.1523
 269     -0.0312        1.0000  |   -0.0855/ -0.0500/ -0.0167           -0.0167          -0.3606     0.0475  |       0.5072      0.1523
 270     -0.0312        1.0000  |   -0.1849/ -0.1518/ -0.1101           -0.1101          -0.3606     0.0480  |       0.5072      0.1523
 271     -0.0312        1.0000  |   -0.2952/ -0.2580/ -0.2233           -0.2233          -0.3606     0.0480  |       0.5072      0.1523
 272     -0.0312        1.0000  |   -0.3577/ -0.3215/ -0.2872           -0.2872          -0.3606     0.0363  |       0.5072      0.1523
 273     -0.0312        1.0000  |   -0.3102/ -0.2869/ -0.2630           -0.2630          -0.3606     0.0437  |       0.5071      0.1523
 274     -0.0328        0.9980  |   -0.2997/ -0.2756/ -0.2517           -0.2517          -0.3787     0.0403  |       0.4848      0.1523
 275     -0.0355        0.8588  |   -0.0541/ -0.0240/  0.0064            0.0064          -0.4348     0.0353  |       0.4644      0.1523
 276     -0.0374        0.9838  |    0.1014/  0.1275/  0.1501            0.1501          -0.4230     0.0294  |       0.4545      0.1523
 277     -0.0350        0.9936  |    0.1703/  0.1962/  0.2213            0.2213          -0.4178     0.0434  |       0.4536      0.1523
 278     -0.0309        0.9461  |    0.1703/  0.1907/  0.2084            0.2084          -0.4143     0.0478  |       0.4798      0.1523
 279     -0.0312        0.9429  |    0.1834/  0.2083/  0.2346            0.2346          -0.3605     0.0389  |       0.5048      0.1523
 280     -0.0312        1.0000  |    0.0231/  0.0584/  0.0921            0.0921          -0.3605     0.0467  |       0.5070      0.1523
 281     -0.0312        1.0000  |    0.1867/  0.2060/  0.2203            0.2203          -0.3605     0.0370  |       0.5071      0.1523
 282     -0.0312        1.0000  |   -0.0154/  0.0186/  0.0474            0.0474          -0.3605     0.0343  |       0.5015      0.1523
 283     -0.0312        1.0000  |   -0.0616/ -0.0171/  0.0172            0.0172          -0.3605     0.0471  |       0.5012      0.1523
 284     -0.0312        1.0000  |   -0.0252/  0.0238/  0.0618            0.0618          -0.3605     0.0492  |       0.5067      0.1523
 285     -0.0312        1.0000  |   -0.0901/ -0.0451/  0.0036            0.0036          -0.3605     0.0408  |       0.4920      0.1523
 286     -0.0312        1.0000  |   -0.0377/ -0.0021/  0.0206            0.0206          -0.3605     0.0482  |       0.5003      0.1523
 287     -0.0312        1.0000  |   -0.0265/  0.0070/  0.0310            0.0310          -0.3605     0.0487  |       0.4869      0.1523
 288     -0.0312        1.0000  |    0.0130/  0.0510/  0.0788            0.0788          -0.3605     0.0475  |       0.4732      0.1523
 289     -0.0312        1.0000  |    0.0411/  0.0724/  0.0999            0.0999          -0.3605     0.0469  |       0.4840      0.1523
 290     -0.0312        1.0000  |    0.0744/  0.1185/  0.1557            0.1557          -0.3605     0.0473  |       0.4985      0.1523
 291     -0.0312        1.0000  |    0.0241/  0.0589/  0.0905            0.0905          -0.3605     0.0481  |       0.5065      0.1523
 292     -0.0312        1.0000  |    0.0714/  0.1163/  0.1466            0.1466          -0.3605     0.0363  |       0.5071      0.1523
 293     -0.0312        1.0000  |   -0.0713/ -0.0192/  0.0474            0.0474          -0.3605     0.0468  |       0.5071      0.1523
 294     -0.0312        1.0000  |   -0.0119/  0.0200/  0.0479            0.0479          -0.3605     0.0477  |       0.5071      0.1523
 295     -0.0312        1.0000  |    0.1056/  0.1271/  0.1475            0.1475          -0.3605     0.0348  |       0.5071      0.1523
 296     -0.0312        1.0000  |    0.1216/  0.1414/  0.1610            0.1610          -0.3605     0.0358  |       0.5048      0.1523
 297     -0.0312        1.0000  |    0.1031/  0.1286/  0.1523            0.1523          -0.3605     0.0478  |       0.5069      0.1523
 298     -0.0312        1.0000  |   -0.0145/  0.0173/  0.0476            0.0476          -0.3605     0.0478  |       0.5071      0.1523
 299     -0.0312        1.0000  |   -0.0482/  0.0034/  0.0535            0.0535          -0.3605     0.0351  |       0.5071      0.1523
IMAGEIO FFMPEG_WRITER WARNING: input image is not divisible by macro_block_size=16, resizing from (320, 180) to (320, 192) to ensure video compatibility with most codecs and players. To prevent resizing, make your input image divisible by the macro_block_size or set the macro_block_size to 1 (risking incompatibility).

Saved 300 frames -> /home/ashwink/Documents/swms/SWM_copy/rollouts_5_per/expert-only/epoch3/epoch3_rollout4_failure.mp4
min dist(green_cube,blue_moon) over episode = 0.1523  ->  FAILURE
Full log written to /home/ashwink/Documents/swms/SWM_copy/rollouts_5_per/expert-only/epoch3/epoch3_rollout4_20260723_122434.log
Result json -> /home/ashwink/Documents/swms/SWM_copy/rollouts_5_per/expert-only/epoch3/epoch3_rollout4_result.json
