Checkpoint dir epoch: 7  Rollout: 0
Logging to /home/ashwink/Documents/swms/SWM_copy/rollouts_5_per/expert-only/epoch7/epoch7_rollout0_20260723_124908.log
Goal (fixed, steps 0-299): the green cube is touching the blue moon. the peg is touching the green cube.

Checkpoint: /home/ashwink/Documents/swms/SWM_copy/training/checkpoints_clip_full_finetuned_wider_hl/epoch_007.pt
  epoch=7  step=6864

Loading CLIP ViT-L/14 (datacomp_xl_s13b_b90k) + fine-tuned clip_state_dict ...
Parsing model identifier. Schema: None, Identifier: ViT-L-14
Loaded built-in ViT-L-14 model config.
Instantiating model architecture: CLIP
Loading full pretrained weights from: /home/ashwink/.cache/huggingface/hub/models--laion--CLIP-ViT-L-14-DataComp.XL-s13B-b90K/snapshots/84c9828e63dc9a9351d1fe637c346d4c1c4db341/open_clip_pytorch_model.bin
Final image preprocessing configuration set: {'size': (224, 224), 'mode': 'RGB', 'mean': (0.48145466, 0.4578275, 0.40821073), 'std': (0.26862954, 0.26130258, 0.27577711), 'interpolation': 'bicubic', 'resize_mode': 'shortest', 'fill_color': 0}
Model ViT-L-14 creation process complete.
Parsing tokenizer identifier. Schema: None, Identifier: ViT-L-14
Attempting to load config from built-in: ViT-L-14
Using default SimpleTokenizer.
z_star shape: torch.Size([768])

Loading action stats from /home/ashwink/full_data_5000/langtable/demos/ ...
  lo=[-0.03372681140899658, -0.03493623435497284]  hi=[0.03496786952018738, 0.03494429588317871]

Initializing LangTable env ...
Loading URDF plane.urdf
Loading URDF /home/ashwink/Documents/swms/.venv/lib/python3.10/site-packages/language_table/environments/utils/../../../language_table/environments/assets/workspace_real.urdf
Loading URDF xarm/xarm6_robot_white.urdf
Loading URDF /home/ashwink/Documents/swms/.venv/lib/python3.10/site-packages/language_table/environments/utils/../../../language_table/environments/assets/suction/cylinder_real.urdf
Loading URDF /home/ashwink/Documents/swms/.venv/lib/python3.10/site-packages/language_table/environments/utils/../../../language_table/environments/assets/blocks/red_moon.urdf
Loading URDF /home/ashwink/Documents/swms/.venv/lib/python3.10/site-packages/language_table/environments/utils/../../../language_table/environments/assets/blocks/red_cube.urdf
Loading URDF /home/ashwink/Documents/swms/.venv/lib/python3.10/site-packages/language_table/environments/utils/../../../language_table/environments/assets/blocks/red_star.urdf
Loading URDF /home/ashwink/Documents/swms/.venv/lib/python3.10/site-packages/language_table/environments/utils/../../../language_table/environments/assets/blocks/red_pentagon.urdf
Loading URDF /home/ashwink/Documents/swms/.venv/lib/python3.10/site-packages/language_table/environments/utils/../../../language_table/environments/assets/blocks/blue_moon.urdf
Loading URDF /home/ashwink/Documents/swms/.venv/lib/python3.10/site-packages/language_table/environments/utils/../../../language_table/environments/assets/blocks/blue_cube.urdf
Loading URDF /home/ashwink/Documents/swms/.venv/lib/python3.10/site-packages/language_table/environments/utils/../../../language_table/environments/assets/blocks/blue_star.urdf
Loading URDF /home/ashwink/Documents/swms/.venv/lib/python3.10/site-packages/language_table/environments/utils/../../../language_table/environments/assets/blocks/blue_pentagon.urdf
Loading URDF /home/ashwink/Documents/swms/.venv/lib/python3.10/site-packages/language_table/environments/utils/../../../language_table/environments/assets/blocks/yellow_moon.urdf
Loading URDF /home/ashwink/Documents/swms/.venv/lib/python3.10/site-packages/language_table/environments/utils/../../../language_table/environments/assets/blocks/yellow_cube.urdf
Loading URDF /home/ashwink/Documents/swms/.venv/lib/python3.10/site-packages/language_table/environments/utils/../../../language_table/environments/assets/blocks/yellow_star.urdf
Loading URDF /home/ashwink/Documents/swms/.venv/lib/python3.10/site-packages/language_table/environments/utils/../../../language_table/environments/assets/blocks/yellow_pentagon.urdf
Loading URDF /home/ashwink/Documents/swms/.venv/lib/python3.10/site-packages/language_table/environments/utils/../../../language_table/environments/assets/blocks/green_moon.urdf
Loading URDF /home/ashwink/Documents/swms/.venv/lib/python3.10/site-packages/language_table/environments/utils/../../../language_table/environments/assets/blocks/green_cube.urdf
Loading URDF /home/ashwink/Documents/swms/.venv/lib/python3.10/site-packages/language_table/environments/utils/../../../language_table/environments/assets/blocks/green_star.urdf
Loading URDF /home/ashwink/Documents/swms/.venv/lib/python3.10/site-packages/language_table/environments/utils/../../../language_table/environments/assets/blocks/green_pentagon.urdf
Loading URDF /home/ashwink/Documents/swms/.venv/lib/python3.10/site-packages/language_table/environments/utils/../../../language_table/environments/assets/blocks/purple_moon.urdf
Loading URDF /home/ashwink/Documents/swms/.venv/lib/python3.10/site-packages/language_table/environments/utils/../../../language_table/environments/assets/blocks/purple_cube.urdf
Loading URDF /home/ashwink/Documents/swms/.venv/lib/python3.10/site-packages/language_table/environments/utils/../../../language_table/environments/assets/blocks/purple_star.urdf
Loading URDF /home/ashwink/Documents/swms/.venv/lib/python3.10/site-packages/language_table/environments/utils/../../../language_table/environments/assets/blocks/purple_pentagon.urdf
Env ready.

Forced peg start: [0.42843915 0.24419614]  (green_cube=[0.40339102 0.18967466], blue_moon=[0.32039625 0.00902261])
  dist(peg,green_cube)=0.0600  dist(peg,blue_moon)=0.2588  dist(green_cube,blue_moon)=0.1988

step  cos(zt,z*)  cos(zt,zt-1)  |   cos(predK,z*) min/mean/max  cos(pred_sel,z*)   cos(zpred0,z*)  ||a_raw||  |  dist(peg,A)   dist(A,B)
-------------------------------------------------------------------------------------------------------------------------------------------------------------------------------
   0      0.1080           nan  |    0.6378/  0.7681/  0.7879            0.7879           0.6858     0.0187  |       0.0587      0.1988
   1      0.1102        0.9928  |    0.7346/  0.7707/  0.7813            0.7813           0.6903     0.0081  |       0.0646      0.1988
   2      0.1107        0.9915  |    0.7310/  0.7605/  0.7720            0.7720           0.6882     0.0025  |       0.0625      0.1988
   3      0.1116        0.9955  |    0.7366/  0.7720/  0.7841            0.7841           0.6857     0.0117  |       0.0624      0.1988
   4      0.1116        0.9931  |    0.7563/  0.7698/  0.7789            0.7789           0.6890     0.0015  |       0.0579      0.1988
   5      0.1104        0.9981  |    0.6964/  0.7682/  0.7805            0.7805           0.6871     0.0104  |       0.0578      0.1988
   6      0.1109        0.9947  |    0.7425/  0.7729/  0.7837            0.7837           0.6893     0.0027  |       0.0598      0.1988
   7      0.1117        0.9965  |    0.7259/  0.7695/  0.7801            0.7801           0.6880     0.0024  |       0.0610      0.1988
   8      0.1130        0.9982  |    0.7379/  0.7698/  0.7811            0.7811           0.6869     0.0047  |       0.0619      0.1988
   9      0.1120        0.9961  |    0.6861/  0.7723/  0.7847            0.7847           0.6874     0.0100  |       0.0584      0.1988
  10      0.1112        0.9919  |    0.7374/  0.7677/  0.7784            0.7784           0.6852     0.0007  |       0.0632      0.1988
  11      0.1103        0.9980  |    0.7453/  0.7686/  0.7802            0.7802           0.6886     0.0077  |       0.0628      0.1988
  12      0.1093        0.9918  |    0.6698/  0.7708/  0.7832            0.7832           0.6882     0.0100  |       0.0651      0.1988
  13      0.1052        0.9941  |    0.7504/  0.7782/  0.7887            0.7887           0.6907     0.0025  |       0.0628      0.1988
  14      0.1026        0.9972  |    0.7497/  0.7688/  0.7794            0.7794           0.6930     0.0003  |       0.0640      0.1988
  15      0.1026        1.0000  |    0.7400/  0.7724/  0.7854            0.7854           0.6930     0.0070  |       0.0640      0.1988
  16      0.1034        0.9980  |    0.7440/  0.7698/  0.7803            0.7803           0.6910     0.0024  |       0.0658      0.1988
  17      0.1027        0.9978  |    0.7433/  0.7742/  0.7839            0.7839           0.6908     0.0066  |       0.0639      0.1988
  18      0.1041        0.9949  |    0.7469/  0.7762/  0.7865            0.7865           0.6895     0.0038  |       0.0592      0.1988
  19      0.1006        0.9975  |    0.7414/  0.7734/  0.7848            0.7848           0.6893     0.0048  |       0.0559      0.1988
  20      0.0969        0.9968  |    0.7405/  0.7756/  0.7858            0.7858           0.6906     0.0020  |       0.0518      0.1988
  21      0.0950        0.9974  |    0.7169/  0.7707/  0.7832            0.7832           0.6873     0.0037  |       0.0525      0.1988
  22      0.0984        0.9969  |    0.7384/  0.7732/  0.7829            0.7829           0.6900     0.0005  |       0.0538      0.1988
  23      0.0979        0.9994  |    0.7540/  0.7742/  0.7847            0.7847           0.6895     0.0065  |       0.0535      0.1988
  24      0.0976        0.9971  |    0.7355/  0.7715/  0.7825            0.7825           0.6873     0.0055  |       0.0486      0.1988
  25      0.0952        0.9960  |    0.7322/  0.7741/  0.7844            0.7844           0.6894     0.0081  |       0.0468      0.1988
  26      0.0952        0.9969  |    0.7472/  0.7712/  0.7819            0.7819           0.6914     0.0043  |       0.0432      0.1988
  27      0.0955        0.9978  |    0.7425/  0.7715/  0.7827            0.7827           0.6871     0.0011  |       0.0463      0.1988
  28      0.0973        0.9993  |    0.7211/  0.7711/  0.7845            0.7845           0.6890     0.0015  |       0.0458      0.1988
  29      0.0993        0.9988  |    0.7405/  0.7689/  0.7815            0.7815           0.6877     0.0024  |       0.0470      0.1988
  30      0.0988        0.9968  |    0.7575/  0.7760/  0.7876            0.7876           0.6894     0.0032  |       0.0471      0.1988
  31      0.1010        0.9980  |    0.7433/  0.7738/  0.7870            0.7870           0.6894     0.0040  |       0.0480      0.1988
  32      0.0969        0.9962  |    0.7269/  0.7718/  0.7829            0.7829           0.6905     0.0126  |       0.0445      0.1988
  33      0.0937        0.9954  |    0.7408/  0.7622/  0.7775            0.7775           0.6865     0.0036  |       0.0558      0.1988
  34      0.1004        0.9976  |    0.7451/  0.7707/  0.7838            0.7838           0.6888     0.0041  |       0.0551      0.1988
  35      0.1000        0.9976  |    0.7380/  0.7675/  0.7790            0.7790           0.6880     0.0062  |       0.0551      0.1988
  36      0.0974        0.9952  |    0.7340/  0.7673/  0.7807            0.7807           0.6886     0.0107  |       0.0495      0.1988
  37      0.1076        0.9907  |    0.7333/  0.7739/  0.7856            0.7856           0.6890     0.0083  |       0.0509      0.1988
  38      0.0974        0.9900  |    0.7297/  0.7657/  0.7780            0.7780           0.6889     0.0041  |       0.0470      0.1988
  39      0.1049        0.9931  |    0.7448/  0.7696/  0.7795            0.7795           0.6849     0.0052  |       0.0469      0.1988
  40      0.0989        0.9947  |    0.7006/  0.7661/  0.7805            0.7805           0.6877     0.0049  |       0.0459      0.1988
  41      0.0992        0.9972  |    0.7340/  0.7724/  0.7836            0.7836           0.6896     0.0080  |       0.0414      0.1988
  42      0.0988        0.9616  |    0.7051/  0.7778/  0.7877            0.7877           0.7039     0.0077  |       0.0367      0.1964
  43      0.0879        0.9897  |    0.7335/  0.7644/  0.7761            0.7761           0.6975     0.0078  |       0.0411      0.1964
  44      0.0990        0.9263  |    0.7120/  0.7716/  0.7840            0.7840           0.6749     0.0067  |       0.0395      0.1930
  45      0.0965        0.9858  |    0.7298/  0.7659/  0.7787            0.7787           0.6792     0.0063  |       0.0426      0.1930
  46      0.1026        0.9399  |    0.7171/  0.7344/  0.7486            0.7486           0.6470     0.0140  |       0.0408      0.1917
  47      0.1024        0.9531  |    0.7126/  0.7524/  0.7637            0.7637           0.6767     0.0032  |       0.0387      0.1910
  48      0.0989        0.9837  |    0.7035/  0.7369/  0.7475            0.7475           0.6533     0.0076  |       0.0368      0.1908
  49      0.0861        0.9337  |    0.6680/  0.7139/  0.7252            0.7252           0.6633     0.0065  |       0.0348      0.1869
  50      0.0713        0.9678  |    0.7007/  0.7409/  0.7498            0.7498           0.6813     0.0045  |       0.0338      0.1869
  51      0.1033        0.8684  |    0.5938/  0.7694/  0.7795            0.7795           0.6818     0.0073  |       0.0333      0.1860
  52      0.1290        0.8679  |    0.6858/  0.7696/  0.7796            0.7796           0.6723     0.0036  |       0.0338      0.1813
  53      0.1315        0.9660  |    0.6404/  0.7586/  0.7710            0.7710           0.6644     0.0039  |       0.0360      0.1813
  54      0.1228        0.9853  |    0.6510/  0.7519/  0.7644            0.7644           0.6653     0.0015  |       0.0376      0.1813
  55      0.1101        0.9738  |    0.5705/  0.7401/  0.7524            0.7524           0.6592     0.0082  |       0.0383      0.1813
  56      0.1121        0.9178  |    0.5918/  0.7770/  0.7899            0.7899           0.6834     0.0023  |       0.0347      0.1781
  57      0.1141        0.9765  |    0.6911/  0.7777/  0.7897            0.7897           0.6817     0.0028  |       0.0342      0.1776
  58      0.1194        0.9729  |    0.6717/  0.7725/  0.7864            0.7864           0.6750     0.0080  |       0.0363      0.1776
  59      0.1187        0.9730  |    0.6738/  0.7552/  0.7676            0.7676           0.6729     0.0092  |       0.0385      0.1776
  60      0.1212        0.9490  |    0.6557/  0.7563/  0.7674            0.7674           0.6590     0.0095  |       0.0350      0.1769
  61      0.1209        0.9267  |    0.6789/  0.7365/  0.7481            0.7481           0.6632     0.0025  |       0.0422      0.1769
  62      0.1288        0.9682  |    0.6201/  0.7461/  0.7561            0.7561           0.6698     0.0053  |       0.0445      0.1769
  63      0.1163        0.9792  |    0.6595/  0.7324/  0.7420            0.7420           0.6793     0.0039  |       0.0484      0.1769
  64      0.1163        0.9741  |    0.6034/  0.7540/  0.7654            0.7654           0.6836     0.0067  |       0.0462      0.1769
  65      0.1226        0.9762  |    0.5548/  0.7312/  0.7430            0.7430           0.6702     0.0030  |       0.0460      0.1769
  66      0.1320        0.9822  |    0.6610/  0.7288/  0.7422            0.7422           0.6636     0.0112  |       0.0479      0.1769
  67      0.1147        0.9417  |    0.5941/  0.6599/  0.6737            0.6737           0.5492     0.0057  |       0.0473      0.1769
  68      0.1107        0.9611  |    0.6188/  0.6479/  0.6600            0.6600           0.5241     0.0101  |       0.0487      0.1769
  69      0.1104        0.9333  |    0.6744/  0.7415/  0.7518            0.7518           0.6470     0.0160  |       0.0457      0.1769
  70      0.0981        0.8482  |    0.6518/  0.6905/  0.7016            0.7016           0.5771     0.0078  |       0.0474      0.1769
  71      0.1094        0.9101  |    0.5225/  0.6300/  0.6476            0.6476           0.5049     0.0057  |       0.0466      0.1769
  72      0.1064        0.9538  |    0.4579/  0.4943/  0.5388            0.5388           0.2808     0.0177  |       0.0514      0.1769
  73      0.0826        0.8328  |    0.5976/  0.6628/  0.6801            0.6801           0.3544     0.0134  |       0.0520      0.1769
  74     -0.0180        0.8477  |    0.1742/  0.1962/  0.2069            0.2069          -0.1832     0.0152  |       0.0629      0.1769
  75     -0.0393        0.8549  |    0.1849/  0.2137/  0.2346            0.2346          -0.1798     0.0237  |       0.0662      0.1769
  76      0.0050        0.8897  |    0.0115/  0.0436/  0.0629            0.0629          -0.2172     0.0375  |       0.0563      0.1769
  77      0.0169        0.8019  |   -0.2704/ -0.2521/ -0.2372           -0.2372          -0.3554     0.0123  |       0.0789      0.1769
  78      0.0644        0.8389  |    0.0775/  0.0982/  0.1116            0.1116          -0.1502     0.0212  |       0.0797      0.1769
  79     -0.0093        0.8197  |   -0.2336/ -0.1330/ -0.1153           -0.1153          -0.3147     0.0183  |       0.0914      0.1769
  80     -0.0259        0.8311  |   -0.2222/ -0.1184/ -0.1031           -0.1031          -0.2721     0.0076  |       0.1022      0.1769
  81      0.0009        0.9318  |   -0.1898/ -0.1454/ -0.1363           -0.1363          -0.2842     0.0169  |       0.0984      0.1769
  82      0.0021        0.8343  |   -0.1792/ -0.1653/ -0.1551           -0.1551          -0.2352     0.0061  |       0.0889      0.1769
  83      0.0319        0.9294  |   -0.2374/ -0.2194/ -0.1972           -0.1972          -0.3279     0.0077  |       0.0847      0.1769
  84      0.0505        0.9648  |   -0.1507/ -0.1228/ -0.1036           -0.1036          -0.2892     0.0112  |       0.0870      0.1769
  85      0.0267        0.9257  |   -0.3509/ -0.3318/ -0.3201           -0.3201          -0.3787     0.0020  |       0.0881      0.1769
  86      0.0087        0.9781  |   -0.3506/ -0.3343/ -0.3238           -0.3238          -0.3964     0.0060  |       0.0898      0.1769
  87      0.0046        0.9611  |   -0.4251/ -0.4064/ -0.3956           -0.3956          -0.4303     0.0010  |       0.0933      0.1769
  88      0.0115        0.9819  |   -0.3784/ -0.3671/ -0.3574           -0.3574          -0.3972     0.0033  |       0.0931      0.1769
  89      0.0104        0.9659  |   -0.4236/ -0.3998/ -0.3859           -0.3859          -0.4303     0.0060  |       0.0936      0.1769
  90      0.0311        0.9627  |   -0.3983/ -0.3827/ -0.3713           -0.3713          -0.4089     0.0072  |       0.0891      0.1769
  91      0.0315        0.9502  |   -0.3616/ -0.3360/ -0.3041           -0.3041          -0.3853     0.0073  |       0.0825      0.1769
  92      0.0730        0.8910  |    0.3133/  0.3355/  0.3473            0.3473           0.0544     0.0120  |       0.0761      0.1769
  93      0.0486        0.8379  |   -0.3272/ -0.2971/ -0.2754           -0.2754          -0.3909     0.0109  |       0.0853      0.1769
  94      0.0761        0.8445  |    0.5394/  0.5607/  0.5690            0.5690           0.3807     0.0111  |       0.0763      0.1769
  95      0.0548        0.8422  |   -0.2950/ -0.2637/ -0.2380           -0.2380          -0.3700     0.0113  |       0.0854      0.1769
  96      0.0275        0.9038  |   -0.2893/ -0.2639/ -0.2458           -0.2458          -0.3639     0.0103  |       0.0845      0.1769
  97      0.0603        0.8734  |    0.3944/  0.4200/  0.4333            0.4333           0.1766     0.0132  |       0.0761      0.1769
  98      0.0925        0.9250  |    0.6301/  0.6477/  0.6556            0.6556           0.5603     0.0109  |       0.0721      0.1769
  99      0.0430        0.8557  |   -0.2412/ -0.2209/ -0.2032           -0.2032          -0.3038     0.0007  |       0.0814      0.1769
 100      0.0538        0.9729  |   -0.2392/ -0.2171/ -0.2032           -0.2032          -0.3234     0.0084  |       0.0816      0.1769
 101      0.0608        0.9535  |    0.0791/  0.1040/  0.1243            0.1243          -0.1802     0.0115  |       0.0776      0.1769
 102      0.0483        0.9206  |    0.0528/  0.0636/  0.0730            0.0730          -0.1996     0.0035  |       0.0799      0.1769
 103      0.0368        0.9457  |   -0.3675/ -0.3372/ -0.3092           -0.3092          -0.3732     0.0138  |       0.0834      0.1769
 104      0.0644        0.8187  |    0.4439/  0.4710/  0.4879            0.4879           0.2928     0.0142  |       0.0724      0.1769
 105      0.0296        0.9437  |    0.0500/  0.0686/  0.0893            0.0893          -0.1624     0.0021  |       0.0829      0.1769
 106      0.0294        0.9749  |    0.0449/  0.0587/  0.0690            0.0690          -0.1626     0.0148  |       0.0857      0.1769
 107      0.0035        0.8334  |   -0.3993/ -0.3828/ -0.3678           -0.3678          -0.3989     0.0087  |       0.0931      0.1769
 108      0.0263        0.9402  |   -0.3873/ -0.3716/ -0.3576           -0.3576          -0.3869     0.0024  |       0.0893      0.1769
 109      0.0318        0.9628  |   -0.2667/ -0.2447/ -0.2317           -0.2317          -0.3673     0.0076  |       0.0902      0.1769
 110      0.0378        0.9332  |   -0.4207/ -0.4041/ -0.3847           -0.3847          -0.4257     0.0020  |       0.0869      0.1769
 111      0.0336        0.9778  |   -0.3589/ -0.3461/ -0.3386           -0.3386          -0.3825     0.0064  |       0.0869      0.1769
 112      0.0361        0.9092  |   -0.2649/ -0.2100/ -0.1905           -0.1905          -0.3460     0.0154  |       0.0818      0.1769
 113      0.0527        0.8707  |    0.2480/  0.2653/  0.2837            0.2837           0.0086     0.0222  |       0.0822      0.1769
 114     -0.0452        0.8636  |   -0.1960/ -0.1780/ -0.1663           -0.1663          -0.2130     0.0080  |       0.0952      0.1769
 115      0.0046        0.9559  |   -0.1375/ -0.1013/ -0.0873           -0.0873          -0.2116     0.0081  |       0.0962      0.1769
 116     -0.0246        0.9305  |   -0.2671/ -0.2401/ -0.2277           -0.2277          -0.2932     0.0187  |       0.1002      0.1769
 117      0.0177        0.8212  |   -0.4219/ -0.4009/ -0.3722           -0.3722          -0.4058     0.0158  |       0.0989      0.1769
 118      0.0390        0.9260  |   -0.3818/ -0.3544/ -0.3397           -0.3397          -0.3976     0.0078  |       0.0853      0.1769
 119      0.0547        0.9235  |    0.2836/  0.3128/  0.3219            0.3219           0.0529     0.0067  |       0.0778      0.1769
 120      0.0514        0.9191  |   -0.4028/ -0.3781/ -0.3451           -0.3451          -0.4154     0.0085  |       0.0826      0.1769
 121      0.0773        0.8897  |    0.4518/  0.4724/  0.4832            0.4832           0.2798     0.0078  |       0.0770      0.1769
 122      0.0664        0.9042  |   -0.2486/ -0.2211/ -0.1966           -0.1966          -0.3324     0.0191  |       0.0809      0.1769
 123      0.0494        0.8332  |    0.2251/  0.2460/  0.2635            0.2635          -0.0037     0.0156  |       0.0785      0.1769
 124      0.0006        0.8663  |   -0.3001/ -0.2827/ -0.2661           -0.2661          -0.3440     0.0126  |       0.0927      0.1769
 125      0.0132        0.9452  |   -0.3806/ -0.3612/ -0.3436           -0.3436          -0.4043     0.0305  |       0.0862      0.1769
 126      0.1037        0.7459  |    0.6427/  0.6600/  0.6749            0.6749           0.5990     0.0115  |       0.0621      0.1769
 127      0.1222        0.9580  |    0.6516/  0.7234/  0.7342            0.7342           0.6427     0.0120  |       0.0586      0.1769
 128      0.1107        0.9198  |    0.6629/  0.6784/  0.6877            0.6877           0.6037     0.0023  |       0.0648      0.1769
 129      0.0918        0.9706  |    0.5118/  0.5321/  0.5458            0.5458           0.3798     0.0045  |       0.0671      0.1769
 130      0.0946        0.9699  |    0.5429/  0.5637/  0.5739            0.5739           0.3943     0.0140  |       0.0699      0.1769
 131     -0.0062        0.8437  |   -0.1736/ -0.1545/ -0.1440           -0.1440          -0.2235     0.0097  |       0.0828      0.1769
 132     -0.0005        0.9455  |   -0.2497/ -0.2255/ -0.2141           -0.2141          -0.3010     0.0110  |       0.0865      0.1769
 133     -0.0071        0.8741  |   -0.2008/ -0.1527/ -0.1440           -0.1440          -0.3217     0.0030  |       0.0945      0.1769
 134      0.0160        0.9295  |   -0.1988/ -0.1733/ -0.1627           -0.1627          -0.3302     0.0113  |       0.0976      0.1769
 135     -0.0039        0.9324  |   -0.2418/ -0.2172/ -0.2046           -0.2046          -0.3312     0.0070  |       0.0933      0.1769
 136      0.0104        0.9552  |   -0.2768/ -0.2590/ -0.2466           -0.2466          -0.3710     0.0059  |       0.0953      0.1769
 137      0.0005        0.9580  |   -0.3413/ -0.3219/ -0.3123           -0.3123          -0.3711     0.0043  |       0.0934      0.1769
 138      0.0092        0.9732  |   -0.3843/ -0.3710/ -0.3614           -0.3614          -0.4009     0.0027  |       0.0952      0.1769
 139      0.0022        0.9786  |   -0.3918/ -0.3700/ -0.3601           -0.3601          -0.4044     0.0047  |       0.0940      0.1769
 140      0.0384        0.9450  |   -0.3168/ -0.2979/ -0.2813           -0.2813          -0.3708     0.0118  |       0.0896      0.1769
 141      0.0195        0.9218  |   -0.3559/ -0.3406/ -0.3323           -0.3323          -0.3899     0.0015  |       0.0894      0.1769
 142      0.0312        0.9847  |   -0.3322/ -0.3103/ -0.2963           -0.2963          -0.3803     0.0087  |       0.0888      0.1769
 143      0.0140        0.9026  |   -0.2824/ -0.2610/ -0.2375           -0.2375          -0.3721     0.0049  |       0.0842      0.1769
 144      0.0348        0.9204  |    0.0532/  0.0694/  0.0809            0.0809          -0.1802     0.0105  |       0.0821      0.1769
 145      0.0462        0.8580  |   -0.3924/ -0.3713/ -0.3560           -0.3560          -0.4016     0.0204  |       0.0861      0.1769
 146      0.0579        0.9001  |   -0.3531/ -0.3385/ -0.3289           -0.3289          -0.3165     0.0261  |       0.0800      0.1769
 147      0.0933        0.7658  |    0.5121/  0.5327/  0.5526            0.5526           0.3821     0.0144  |       0.0672      0.1769
 148      0.0850        0.9490  |    0.6512/  0.6706/  0.6789            0.6789           0.6073     0.0058  |       0.0671      0.1769
 149      0.0933        0.9555  |    0.5594/  0.5799/  0.5905            0.5905           0.4598     0.0135  |       0.0726      0.1769
 150      0.0268        0.8987  |   -0.1457/ -0.1228/ -0.1067           -0.1067          -0.2456     0.0038  |       0.0820      0.1769
 151     -0.0146        0.9475  |   -0.1812/ -0.1594/ -0.1479           -0.1479          -0.2300     0.0065  |       0.0834      0.1769
 152     -0.0028        0.9415  |   -0.1908/ -0.1743/ -0.1638           -0.1638          -0.2443     0.0069  |       0.0878      0.1769
 153      0.0283        0.9467  |   -0.1314/ -0.1069/ -0.0812           -0.0812          -0.2242     0.0099  |       0.0818      0.1769
 154      0.0385        0.9490  |   -0.2343/ -0.2137/ -0.1978           -0.1978          -0.2628     0.0097  |       0.0799      0.1769
 155     -0.0066        0.9255  |   -0.1889/ -0.1692/ -0.1586           -0.1586          -0.2618     0.0101  |       0.0876      0.1769
 156      0.0403        0.9316  |   -0.2049/ -0.1878/ -0.1713           -0.1713          -0.2660     0.0042  |       0.0799      0.1769
 157      0.0316        0.9753  |   -0.1941/ -0.1793/ -0.1689           -0.1689          -0.2480     0.0079  |       0.0811      0.1769
 158     -0.0031        0.9358  |   -0.2094/ -0.1924/ -0.1822           -0.1822          -0.2749     0.0117  |       0.0848      0.1769
 159      0.0323        0.9316  |   -0.2844/ -0.2548/ -0.2446           -0.2446          -0.3064     0.0028  |       0.0829      0.1769
 160      0.0238        0.9744  |   -0.2559/ -0.2399/ -0.2294           -0.2294          -0.3067     0.0067  |       0.0845      0.1769
 161      0.0158        0.9460  |   -0.2397/ -0.2170/ -0.2005           -0.2005          -0.3127     0.0082  |       0.0865      0.1769
 162      0.0479        0.9292  |   -0.2496/ -0.2228/ -0.2004           -0.2004          -0.3571     0.0101  |       0.0848      0.1769
 163      0.0596        0.9112  |    0.0337/  0.0606/  0.0778            0.0778          -0.1607     0.0076  |       0.0790      0.1769
 164      0.0277        0.9375  |   -0.3754/ -0.3612/ -0.3463           -0.3463          -0.3895     0.0027  |       0.0843      0.1769
 165      0.0383        0.9729  |   -0.3221/ -0.2938/ -0.2660           -0.2660          -0.3505     0.0071  |       0.0823      0.1769
 166      0.0421        0.8908  |    0.1973/  0.2128/  0.2251            0.2251          -0.0979     0.0083  |       0.0777      0.1769
 167      0.0449        0.9639  |    0.2579/  0.2797/  0.2992            0.2992           0.0054     0.0070  |       0.0808      0.1769
 168      0.0290        0.9411  |   -0.1316/ -0.1103/ -0.0961           -0.0961          -0.3238     0.0119  |       0.0839      0.1769
 169      0.0612        0.8887  |   -0.2781/ -0.2581/ -0.2467           -0.2467          -0.3495     0.0112  |       0.0829      0.1769
 170      0.0844        0.8691  |    0.6065/  0.6260/  0.6399            0.6399           0.5641     0.0187  |       0.0748      0.1769
 171      0.0904        0.9055  |    0.3780/  0.4214/  0.4332            0.4332           0.0861     0.0104  |       0.0729      0.1769
 172      0.0412        0.9243  |   -0.2544/ -0.2334/ -0.2176           -0.2176          -0.2975     0.0050  |       0.0822      0.1769
 173      0.0237        0.9708  |   -0.2163/ -0.2034/ -0.1910           -0.1910          -0.2750     0.0055  |       0.0840      0.1769
 174      0.0300        0.9643  |   -0.2517/ -0.2248/ -0.2092           -0.2092          -0.3125     0.0077  |       0.0826      0.1769
 175      0.0662        0.9322  |   -0.0506/ -0.0265/ -0.0090           -0.0090          -0.2363     0.0161  |       0.0756      0.1769
 176      0.0455        0.9129  |   -0.2603/ -0.2341/ -0.2150           -0.2150          -0.3429     0.0071  |       0.0877      0.1769
 177      0.0180        0.9597  |   -0.4078/ -0.3890/ -0.3788           -0.3788          -0.4145     0.0082  |       0.0895      0.1769
 178      0.0545        0.9603  |   -0.2262/ -0.1989/ -0.1809           -0.1809          -0.3488     0.0119  |       0.0857      0.1769
 179      0.0329        0.9314  |   -0.3572/ -0.3289/ -0.3138           -0.3138          -0.3897     0.0096  |       0.0912      0.1769
 180      0.0186        0.9264  |   -0.3472/ -0.3231/ -0.3118           -0.3118          -0.4037     0.0025  |       0.0929      0.1769
 181      0.0249        0.9662  |   -0.4118/ -0.3935/ -0.3812           -0.3812          -0.4074     0.0041  |       0.0940      0.1769
 182      0.0196        0.9551  |   -0.2195/ -0.1909/ -0.1692           -0.1692          -0.3415     0.0143  |       0.0952      0.1769
 183     -0.0168        0.8405  |   -0.2444/ -0.2286/ -0.2200           -0.2200          -0.2620     0.0119  |       0.0995      0.1769
 184     -0.0499        0.9114  |   -0.2016/ -0.1752/ -0.1625           -0.1625          -0.2239     0.0082  |       0.1048      0.1769
 185     -0.0306        0.9296  |   -0.2029/ -0.1877/ -0.1765           -0.1765          -0.2452     0.0069  |       0.0995      0.1769
 186     -0.0357        0.9334  |   -0.1913/ -0.1792/ -0.1694           -0.1694          -0.2138     0.0224  |       0.0944      0.1769
 187      0.0228        0.9069  |   -0.1123/ -0.0957/ -0.0789           -0.0789          -0.2319     0.0125  |       0.0861      0.1769
 188      0.0321        0.8907  |   -0.2480/ -0.2314/ -0.2222           -0.2222          -0.3718     0.0215  |       0.0835      0.1769
 189      0.0888        0.8819  |    0.4404/  0.4587/  0.4715            0.4715           0.2499     0.0144  |       0.0733      0.1769
 190      0.0395        0.8813  |   -0.2084/ -0.1891/ -0.1711           -0.1711          -0.2797     0.0097  |       0.0806      0.1769
 191      0.0961        0.9259  |    0.4128/  0.4332/  0.4479            0.4479           0.1593     0.0120  |       0.0727      0.1769
 192      0.0392        0.8923  |   -0.2061/ -0.1911/ -0.1797           -0.1797          -0.2771     0.0045  |       0.0830      0.1769
 193      0.0044        0.9469  |   -0.2303/ -0.2131/ -0.2023           -0.2023          -0.2790     0.0032  |       0.0873      0.1769
 194      0.0058        0.9618  |   -0.2556/ -0.2293/ -0.2171           -0.2171          -0.2988     0.0048  |       0.0899      0.1769
 195     -0.0082        0.9430  |   -0.3065/ -0.2880/ -0.2771           -0.2771          -0.3476     0.0066  |       0.0917      0.1769
 196      0.0262        0.9343  |   -0.3244/ -0.3026/ -0.2846           -0.2846          -0.3795     0.0095  |       0.0861      0.1769
 197      0.0453        0.9341  |   -0.1092/ -0.0883/ -0.0655           -0.0655          -0.3019     0.0156  |       0.0810      0.1769
 198      0.0323        0.8759  |   -0.2892/ -0.2655/ -0.2433           -0.2433          -0.3924     0.0185  |       0.0826      0.1769
 199      0.0374        0.8189  |   -0.0087/  0.0204/  0.0465            0.0465          -0.1671     0.0021  |       0.0721      0.1769
 200      0.0154        0.9632  |   -0.1564/ -0.1413/ -0.1268           -0.1268          -0.1960     0.0139  |       0.0727      0.1769
 201      0.0725        0.9319  |    0.3902/  0.4484/  0.4598            0.4598           0.1965     0.0251  |       0.0619      0.1769
 202      0.0755        0.8080  |    0.5591/  0.5745/  0.5830            0.5830           0.4785     0.0102  |       0.0742      0.1769
 203      0.0501        0.8737  |   -0.2023/ -0.1742/ -0.1539           -0.1539          -0.2970     0.0058  |       0.0813      0.1769
 204      0.0613        0.9659  |   -0.1974/ -0.1707/ -0.1490           -0.1490          -0.3157     0.0074  |       0.0818      0.1769
 205      0.0568        0.9172  |    0.1122/  0.1299/  0.1428            0.1428          -0.1499     0.0100  |       0.0778      0.1769
 206      0.0434        0.8974  |   -0.3388/ -0.3191/ -0.3029           -0.3029          -0.3686     0.0061  |       0.0866      0.1769
 207      0.0171        0.9396  |   -0.3782/ -0.3632/ -0.3525           -0.3525          -0.4024     0.0040  |       0.0881      0.1769
 208      0.0206        0.9552  |   -0.4022/ -0.3777/ -0.3654           -0.3654          -0.4031     0.0065  |       0.0857      0.1769
 209      0.0618        0.9503  |    0.0057/  0.0331/  0.0488            0.0488          -0.2373     0.0028  |       0.0810      0.1769
 210      0.0593        0.9873  |   -0.1179/ -0.0975/ -0.0812           -0.0812          -0.2821     0.0137  |       0.0817      0.1769
 211      0.0313        0.9193  |   -0.2135/ -0.1913/ -0.1666           -0.1666          -0.3039     0.0067  |       0.0865      0.1769
 212      0.0108        0.9219  |   -0.4232/ -0.4065/ -0.3870           -0.3870          -0.4194     0.0152  |       0.0881      0.1769
 213      0.0702        0.8736  |    0.3996/  0.4173/  0.4315            0.4315           0.2553     0.0192  |       0.0762      0.1769
 214      0.0507        0.8128  |   -0.2937/ -0.2743/ -0.2552           -0.2552          -0.3634     0.0063  |       0.0806      0.1769
 215      0.0730        0.9333  |    0.0641/  0.0921/  0.1077            0.1077          -0.1593     0.0197  |       0.0754      0.1769
 216      0.0206        0.8683  |   -0.3641/ -0.3421/ -0.3338           -0.3338          -0.3836     0.0027  |       0.0918      0.1769
 217      0.0365        0.9749  |   -0.3389/ -0.3122/ -0.3007           -0.3007          -0.3730     0.0077  |       0.0912      0.1769
 218      0.0361        0.9431  |   -0.3479/ -0.3235/ -0.3114           -0.3114          -0.3857     0.0052  |       0.0898      0.1769
 219      0.0139        0.9554  |   -0.4314/ -0.4136/ -0.3981           -0.3981          -0.4379     0.0022  |       0.0896      0.1769
 220      0.0237        0.9806  |   -0.3984/ -0.3808/ -0.3692           -0.3692          -0.4189     0.0056  |       0.0883      0.1769
 221      0.0433        0.9451  |   -0.3293/ -0.3095/ -0.2898           -0.2898          -0.3637     0.0067  |       0.0832      0.1769
 222      0.0469        0.8987  |    0.0672/  0.0859/  0.0980            0.0980          -0.1492     0.0030  |       0.0783      0.1769
 223      0.0502        0.9671  |    0.0131/  0.0367/  0.0501            0.0501          -0.2218     0.0064  |       0.0802      0.1769
 224      0.0365        0.9046  |   -0.4019/ -0.3804/ -0.3572           -0.3572          -0.3949     0.0091  |       0.0857      0.1769
 225      0.0781        0.9435  |   -0.1879/ -0.1624/ -0.1414           -0.1414          -0.3323     0.0142  |       0.0805      0.1769
 226      0.0841        0.8555  |    0.5694/  0.5836/  0.5932            0.5932           0.4809     0.0063  |       0.0693      0.1769
 227      0.0752        0.9620  |    0.4525/  0.4751/  0.4914            0.4914           0.2371     0.0028  |       0.0742      0.1769
 228      0.0674        0.9741  |    0.3138/  0.3335/  0.3457            0.3457           0.0259     0.0058  |       0.0771      0.1769
 229      0.0361        0.9318  |   -0.3197/ -0.2952/ -0.2803           -0.2803          -0.3472     0.0152  |       0.0819      0.1769
 230      0.0868        0.9267  |    0.5739/  0.6036/  0.6193            0.6193           0.5231     0.0147  |       0.0744      0.1769
 231      0.0463        0.8700  |   -0.2145/ -0.1968/ -0.1809           -0.1809          -0.2749     0.0047  |       0.0815      0.1769
 232      0.0721        0.9564  |   -0.0918/ -0.0631/ -0.0443           -0.0443          -0.2413     0.0032  |       0.0785      0.1769
 233      0.0583        0.9503  |   -0.2073/ -0.1877/ -0.1701           -0.1701          -0.2730     0.0063  |       0.0810      0.1769
 234      0.0593        0.9342  |   -0.1497/ -0.1271/ -0.1049           -0.1049          -0.2921     0.0104  |       0.0778      0.1769
 235      0.0747        0.9471  |    0.2408/  0.2616/  0.2775            0.2775          -0.0527     0.0057  |       0.0785      0.1769
 236      0.0638        0.9264  |    0.3624/  0.3847/  0.3961            0.3961           0.1021     0.0063  |       0.0793      0.1769
 237      0.0548        0.9256  |   -0.2732/ -0.2381/ -0.2084           -0.2084          -0.3661     0.0074  |       0.0838      0.1769
 238      0.0153        0.9602  |   -0.3890/ -0.3709/ -0.3596           -0.3596          -0.4096     0.0059  |       0.0890      0.1769
 239      0.0228        0.9248  |   -0.3656/ -0.3347/ -0.3152           -0.3152          -0.3824     0.0088  |       0.0860      0.1769
 240      0.0411        0.8923  |    0.1566/  0.1746/  0.1886            0.1886          -0.0738     0.0110  |       0.0821      0.1769
 241      0.0192        0.8761  |   -0.3562/ -0.3219/ -0.2990           -0.2990          -0.3608     0.0073  |       0.0870      0.1769
 242      0.0395        0.9531  |   -0.2288/ -0.2114/ -0.1988           -0.1988          -0.3116     0.0061  |       0.0816      0.1769
 243      0.0430        0.9125  |   -0.3980/ -0.3792/ -0.3616           -0.3616          -0.3817     0.0038  |       0.0854      0.1769
 244      0.0447        0.9651  |   -0.3497/ -0.3263/ -0.3032           -0.3032          -0.3921     0.0053  |       0.0841      0.1769
 245      0.0552        0.9411  |   -0.2226/ -0.1965/ -0.1764           -0.1764          -0.3441     0.0190  |       0.0819      0.1769
 246      0.0375        0.8321  |    0.0935/  0.1128/  0.1326            0.1326          -0.1264     0.0093  |       0.0826      0.1769
 247      0.0085        0.9339  |   -0.0631/ -0.0360/ -0.0166           -0.0166          -0.1809     0.0132  |       0.0828      0.1769
 248      0.0018        0.9009  |   -0.2127/ -0.1883/ -0.1782           -0.1782          -0.2576     0.0248  |       0.0945      0.1769
 249      0.0172        0.7698  |   -0.4237/ -0.4069/ -0.3933           -0.3933          -0.4289     0.0111  |       0.0883      0.1769
 250      0.0513        0.9343  |   -0.1220/ -0.1018/ -0.0837           -0.0837          -0.3001     0.0134  |       0.0845      0.1769
 251      0.0187        0.9267  |   -0.3843/ -0.3653/ -0.3488           -0.3488          -0.3766     0.0020  |       0.0859      0.1769
 252      0.0221        0.9751  |   -0.2720/ -0.2510/ -0.2349           -0.2349          -0.3701     0.0079  |       0.0844      0.1769
 253      0.0613        0.9359  |    0.1637/  0.1882/  0.2041            0.2041          -0.0790     0.0065  |       0.0776      0.1769
 254      0.0702        0.9347  |    0.3868/  0.4031/  0.4138            0.4138           0.2100     0.0117  |       0.0778      0.1769
 255      0.0333        0.8891  |   -0.3570/ -0.3396/ -0.3198           -0.3198          -0.3856     0.0093  |       0.0886      0.1769
 256      0.0505        0.9192  |   -0.2672/ -0.2385/ -0.2145           -0.2145          -0.3644     0.0082  |       0.0830      0.1769
 257      0.0466        0.8832  |    0.0744/  0.0957/  0.1137            0.1137          -0.1736     0.0052  |       0.0793      0.1769
 258      0.0682        0.9650  |    0.4532/  0.4673/  0.4775            0.4775           0.2540     0.0043  |       0.0743      0.1769
 259      0.0509        0.9648  |    0.1681/  0.1958/  0.2180            0.2180          -0.0845     0.0063  |       0.0779      0.1769
 260      0.0273        0.8947  |   -0.3163/ -0.2996/ -0.2879           -0.2879          -0.3895     0.0075  |       0.0834      0.1769
 261      0.0520        0.9533  |   -0.1211/ -0.0569/ -0.0308           -0.0308          -0.2347     0.0017  |       0.0804      0.1769
 262      0.0656        0.9615  |    0.1448/  0.1655/  0.1859            0.1859          -0.0320     0.0075  |       0.0787      0.1769
 263      0.0501        0.9191  |   -0.3371/ -0.3154/ -0.2828           -0.2828          -0.3585     0.0071  |       0.0855      0.1769
 264      0.0319        0.9480  |   -0.4026/ -0.3836/ -0.3675           -0.3675          -0.4037     0.0082  |       0.0858      0.1769
 265      0.0521        0.9072  |   -0.0600/ -0.0408/ -0.0260           -0.0260          -0.2797     0.0042  |       0.0786      0.1769
 266      0.0665        0.9290  |    0.4212/  0.4386/  0.4515            0.4515           0.1885     0.0071  |       0.0743      0.1769
 267      0.0702        0.9329  |    0.3157/  0.3383/  0.3513            0.3513           0.1229     0.0047  |       0.0766      0.1769
 268      0.0584        0.9349  |   -0.0626/ -0.0385/ -0.0177           -0.0177          -0.2661     0.0086  |       0.0811      0.1769
 269      0.0311        0.9539  |   -0.4167/ -0.3962/ -0.3769           -0.3769          -0.4064     0.0051  |       0.0851      0.1769
 270      0.0283        0.9557  |   -0.3583/ -0.3420/ -0.3304           -0.3304          -0.3759     0.0070  |       0.0875      0.1769
 271      0.0726        0.9441  |    0.0514/  0.0757/  0.0899            0.0899          -0.2055     0.0111  |       0.0813      0.1769
 272      0.0307        0.9432  |   -0.3600/ -0.3367/ -0.3146           -0.3146          -0.4040     0.0056  |       0.0888      0.1769
 273      0.0090        0.9322  |   -0.2916/ -0.2607/ -0.2471           -0.2471          -0.3694     0.0233  |       0.0849      0.1769
 274      0.0156        0.7948  |   -0.0711/ -0.0531/ -0.0422           -0.0422          -0.1597     0.0289  |       0.0773      0.1769
 275      0.0773        0.8546  |    0.3078/  0.3285/  0.3430            0.3430           0.0284     0.0083  |       0.0839      0.1769
 276      0.0980        0.9512  |    0.4918/  0.5177/  0.5289            0.5289           0.3030     0.0103  |       0.0773      0.1769
 277      0.0902        0.9320  |    0.6656/  0.6897/  0.6989            0.6989           0.6240     0.0157  |       0.0786      0.1769
 278      0.0424        0.8439  |   -0.0709/ -0.0565/ -0.0421           -0.0421          -0.1736     0.0086  |       0.0802      0.1769
 279      0.1051        0.9251  |    0.6049/  0.6295/  0.6412            0.6412           0.4806     0.0148  |       0.0779      0.1769
 280      0.0962        0.8842  |    0.4623/  0.4830/  0.4953            0.4953           0.3393     0.0103  |       0.0796      0.1769
 281      0.0776        0.8594  |   -0.2287/ -0.1979/ -0.1745           -0.1745          -0.3284     0.0052  |       0.0815      0.1769
 282      0.0673        0.9811  |   -0.2090/ -0.1893/ -0.1667           -0.1667          -0.3382     0.0076  |       0.0836      0.1769
 283      0.0688        0.9379  |   -0.3064/ -0.2860/ -0.2692           -0.2692          -0.3377     0.0031  |       0.0863      0.1769
 284      0.0736        0.9731  |   -0.3391/ -0.3137/ -0.2787           -0.2787          -0.3601     0.0054  |       0.0850      0.1769
 285      0.0904        0.9603  |   -0.1191/ -0.0930/ -0.0713           -0.0713          -0.3060     0.0017  |       0.0833      0.1769
 286      0.0798        0.9700  |   -0.3308/ -0.3075/ -0.2825           -0.2825          -0.3631     0.0012  |       0.0845      0.1769
 287      0.0656        0.9743  |   -0.3623/ -0.3400/ -0.3266           -0.3266          -0.3695     0.0038  |       0.0854      0.1769
 288      0.0817        0.9740  |   -0.3472/ -0.3320/ -0.3190           -0.3190          -0.3761     0.0039  |       0.0827      0.1769
 289      0.0737        0.9680  |   -0.3429/ -0.3230/ -0.3049           -0.3049          -0.3519     0.0089  |       0.0859      0.1769
 290      0.0872        0.9432  |   -0.0541/ -0.0257/ -0.0021           -0.0021          -0.2944     0.0053  |       0.0797      0.1769
 291      0.0777        0.9490  |   -0.3019/ -0.2798/ -0.2560           -0.2560          -0.3507     0.0021  |       0.0840      0.1769
 292      0.0708        0.9773  |   -0.2285/ -0.1979/ -0.1775           -0.1775          -0.3304     0.0090  |       0.0827      0.1769
 293      0.1103        0.8984  |    0.5403/  0.5571/  0.5684            0.5684           0.4012     0.0110  |       0.0761      0.1769
 294      0.0729        0.8807  |   -0.1886/ -0.1527/ -0.1289           -0.1289          -0.3192     0.0019  |       0.0836      0.1769
 295      0.0795        0.9815  |   -0.1435/ -0.1229/ -0.1032           -0.1032          -0.2874     0.0067  |       0.0826      0.1769
 296      0.0635        0.9391  |   -0.2263/ -0.1969/ -0.1730           -0.1730          -0.3386     0.0087  |       0.0885      0.1769
 297      0.0643        0.9238  |   -0.2961/ -0.2790/ -0.2669           -0.2669          -0.3247     0.0040  |       0.0878      0.1769
 298      0.0398        0.9673  |   -0.3139/ -0.2999/ -0.2864           -0.2864          -0.3305     0.0022  |       0.0899      0.1769
 299      0.0558        0.9667  |   -0.3042/ -0.2928/ -0.2816           -0.2816          -0.3344     0.0044  |       0.0885      0.1769
IMAGEIO FFMPEG_WRITER WARNING: input image is not divisible by macro_block_size=16, resizing from (320, 180) to (320, 192) to ensure video compatibility with most codecs and players. To prevent resizing, make your input image divisible by the macro_block_size or set the macro_block_size to 1 (risking incompatibility).

Saved 300 frames -> /home/ashwink/Documents/swms/SWM_copy/rollouts_5_per/expert-only/epoch7/epoch7_rollout0_failure.mp4
min dist(green_cube,blue_moon) over episode = 0.1769  ->  FAILURE
Full log written to /home/ashwink/Documents/swms/SWM_copy/rollouts_5_per/expert-only/epoch7/epoch7_rollout0_20260723_124908.log
Result json -> /home/ashwink/Documents/swms/SWM_copy/rollouts_5_per/expert-only/epoch7/epoch7_rollout0_result.json
