Checkpoint dir epoch: 7  Rollout: 1
Logging to /home/ashwink/Documents/swms/SWM_copy/rollouts_5_per/expert-only/epoch7/epoch7_rollout1_20260723_125046.log
Goal (fixed, steps 0-299): the green cube is touching the blue moon. the peg is touching the green cube.

Checkpoint: /home/ashwink/Documents/swms/SWM_copy/training/checkpoints_clip_full_finetuned_wider_hl/epoch_007.pt
  epoch=7  step=6864

Loading CLIP ViT-L/14 (datacomp_xl_s13b_b90k) + fine-tuned clip_state_dict ...
Parsing model identifier. Schema: None, Identifier: ViT-L-14
Loaded built-in ViT-L-14 model config.
Instantiating model architecture: CLIP
Loading full pretrained weights from: /home/ashwink/.cache/huggingface/hub/models--laion--CLIP-ViT-L-14-DataComp.XL-s13B-b90K/snapshots/84c9828e63dc9a9351d1fe637c346d4c1c4db341/open_clip_pytorch_model.bin
Final image preprocessing configuration set: {'size': (224, 224), 'mode': 'RGB', 'mean': (0.48145466, 0.4578275, 0.40821073), 'std': (0.26862954, 0.26130258, 0.27577711), 'interpolation': 'bicubic', 'resize_mode': 'shortest', 'fill_color': 0}
Model ViT-L-14 creation process complete.
Parsing tokenizer identifier. Schema: None, Identifier: ViT-L-14
Attempting to load config from built-in: ViT-L-14
Using default SimpleTokenizer.
z_star shape: torch.Size([768])

Loading action stats from /home/ashwink/full_data_5000/langtable/demos/ ...
  lo=[-0.03372681140899658, -0.03493623435497284]  hi=[0.03496786952018738, 0.03494429588317871]

Initializing LangTable env ...
Loading URDF plane.urdf
Loading URDF /home/ashwink/Documents/swms/.venv/lib/python3.10/site-packages/language_table/environments/utils/../../../language_table/environments/assets/workspace_real.urdf
Loading URDF xarm/xarm6_robot_white.urdf
Loading URDF /home/ashwink/Documents/swms/.venv/lib/python3.10/site-packages/language_table/environments/utils/../../../language_table/environments/assets/suction/cylinder_real.urdf
Loading URDF /home/ashwink/Documents/swms/.venv/lib/python3.10/site-packages/language_table/environments/utils/../../../language_table/environments/assets/blocks/red_moon.urdf
Loading URDF /home/ashwink/Documents/swms/.venv/lib/python3.10/site-packages/language_table/environments/utils/../../../language_table/environments/assets/blocks/red_cube.urdf
Loading URDF /home/ashwink/Documents/swms/.venv/lib/python3.10/site-packages/language_table/environments/utils/../../../language_table/environments/assets/blocks/red_star.urdf
Loading URDF /home/ashwink/Documents/swms/.venv/lib/python3.10/site-packages/language_table/environments/utils/../../../language_table/environments/assets/blocks/red_pentagon.urdf
Loading URDF /home/ashwink/Documents/swms/.venv/lib/python3.10/site-packages/language_table/environments/utils/../../../language_table/environments/assets/blocks/blue_moon.urdf
Loading URDF /home/ashwink/Documents/swms/.venv/lib/python3.10/site-packages/language_table/environments/utils/../../../language_table/environments/assets/blocks/blue_cube.urdf
Loading URDF /home/ashwink/Documents/swms/.venv/lib/python3.10/site-packages/language_table/environments/utils/../../../language_table/environments/assets/blocks/blue_star.urdf
Loading URDF /home/ashwink/Documents/swms/.venv/lib/python3.10/site-packages/language_table/environments/utils/../../../language_table/environments/assets/blocks/blue_pentagon.urdf
Loading URDF /home/ashwink/Documents/swms/.venv/lib/python3.10/site-packages/language_table/environments/utils/../../../language_table/environments/assets/blocks/yellow_moon.urdf
Loading URDF /home/ashwink/Documents/swms/.venv/lib/python3.10/site-packages/language_table/environments/utils/../../../language_table/environments/assets/blocks/yellow_cube.urdf
Loading URDF /home/ashwink/Documents/swms/.venv/lib/python3.10/site-packages/language_table/environments/utils/../../../language_table/environments/assets/blocks/yellow_star.urdf
Loading URDF /home/ashwink/Documents/swms/.venv/lib/python3.10/site-packages/language_table/environments/utils/../../../language_table/environments/assets/blocks/yellow_pentagon.urdf
Loading URDF /home/ashwink/Documents/swms/.venv/lib/python3.10/site-packages/language_table/environments/utils/../../../language_table/environments/assets/blocks/green_moon.urdf
Loading URDF /home/ashwink/Documents/swms/.venv/lib/python3.10/site-packages/language_table/environments/utils/../../../language_table/environments/assets/blocks/green_cube.urdf
Loading URDF /home/ashwink/Documents/swms/.venv/lib/python3.10/site-packages/language_table/environments/utils/../../../language_table/environments/assets/blocks/green_star.urdf
Loading URDF /home/ashwink/Documents/swms/.venv/lib/python3.10/site-packages/language_table/environments/utils/../../../language_table/environments/assets/blocks/green_pentagon.urdf
Loading URDF /home/ashwink/Documents/swms/.venv/lib/python3.10/site-packages/language_table/environments/utils/../../../language_table/environments/assets/blocks/purple_moon.urdf
Loading URDF /home/ashwink/Documents/swms/.venv/lib/python3.10/site-packages/language_table/environments/utils/../../../language_table/environments/assets/blocks/purple_cube.urdf
Loading URDF /home/ashwink/Documents/swms/.venv/lib/python3.10/site-packages/language_table/environments/utils/../../../language_table/environments/assets/blocks/purple_star.urdf
Loading URDF /home/ashwink/Documents/swms/.venv/lib/python3.10/site-packages/language_table/environments/utils/../../../language_table/environments/assets/blocks/purple_pentagon.urdf
Env ready.

Forced peg start: [0.42843915 0.24419614]  (green_cube=[0.40339102 0.18967466], blue_moon=[0.32039625 0.00902261])
  dist(peg,green_cube)=0.0600  dist(peg,blue_moon)=0.2588  dist(green_cube,blue_moon)=0.1988

step  cos(zt,z*)  cos(zt,zt-1)  |   cos(predK,z*) min/mean/max  cos(pred_sel,z*)   cos(zpred0,z*)  ||a_raw||  |  dist(peg,A)   dist(A,B)
-------------------------------------------------------------------------------------------------------------------------------------------------------------------------------
   0      0.1080           nan  |    0.6713/  0.7684/  0.7871            0.7871           0.6858     0.0083  |       0.0587      0.1988
   1      0.1120        0.9938  |    0.7316/  0.7561/  0.7682            0.7682           0.6862     0.0020  |       0.0575      0.1988
   2      0.1095        0.9973  |    0.7300/  0.7610/  0.7715            0.7715           0.6874     0.0043  |       0.0562      0.1988
   3      0.1096        0.9959  |    0.7240/  0.7649/  0.7760            0.7760           0.6870     0.0061  |       0.0601      0.1988
   4      0.1145        0.9931  |    0.7097/  0.7633/  0.7776            0.7776           0.6871     0.0081  |       0.0633      0.1988
   5      0.1152        0.9966  |    0.7305/  0.7712/  0.7838            0.7838           0.6881     0.0073  |       0.0657      0.1988
   6      0.1047        0.9925  |    0.7092/  0.7639/  0.7764            0.7764           0.6846     0.0012  |       0.0606      0.1988
   7      0.1114        0.9957  |    0.7279/  0.7687/  0.7784            0.7784           0.6846     0.0081  |       0.0592      0.1988
   8      0.1128        0.9958  |    0.7322/  0.7695/  0.7821            0.7821           0.6879     0.0076  |       0.0624      0.1988
   9      0.1110        0.9969  |    0.7313/  0.7707/  0.7814            0.7814           0.6884     0.0093  |       0.0568      0.1988
  10      0.1098        0.9954  |    0.7383/  0.7735/  0.7858            0.7858           0.6896     0.0086  |       0.0567      0.1988
  11      0.1022        0.9943  |    0.7325/  0.7750/  0.7864            0.7864           0.6881     0.0078  |       0.0496      0.1988
  12      0.1122        0.9925  |    0.7395/  0.7709/  0.7818            0.7818           0.6888     0.0040  |       0.0539      0.1988
  13      0.1072        0.9963  |    0.7304/  0.7717/  0.7824            0.7824           0.6884     0.0095  |       0.0528      0.1988
  14      0.0985        0.9918  |    0.7478/  0.7711/  0.7817            0.7817           0.6931     0.0052  |       0.0480      0.1988
  15      0.1047        0.9954  |    0.7169/  0.7717/  0.7826            0.7826           0.6890     0.0029  |       0.0486      0.1988
  16      0.1040        0.9973  |    0.6964/  0.7697/  0.7807            0.7807           0.6897     0.0062  |       0.0487      0.1988
  17      0.1092        0.9945  |    0.7152/  0.7766/  0.7871            0.7871           0.6901     0.0053  |       0.0431      0.1988
  18      0.1015        0.9946  |    0.7416/  0.7708/  0.7818            0.7818           0.6907     0.0024  |       0.0470      0.1988
  19      0.1005        0.9980  |    0.7472/  0.7732/  0.7853            0.7853           0.6890     0.0034  |       0.0451      0.1988
  20      0.1055        0.9977  |    0.7413/  0.7756/  0.7869            0.7869           0.6882     0.0027  |       0.0478      0.1988
  21      0.1011        0.9978  |    0.7280/  0.7683/  0.7825            0.7825           0.6903     0.0041  |       0.0458      0.1988
  22      0.1004        0.9965  |    0.7360/  0.7789/  0.7884            0.7884           0.6934     0.0069  |       0.0419      0.1988
  23      0.1005        0.9956  |    0.7524/  0.7763/  0.7868            0.7868           0.6915     0.0032  |       0.0421      0.1988
  24      0.1033        0.9939  |    0.7289/  0.7761/  0.7888            0.7888           0.6917     0.0046  |       0.0416      0.1988
  25      0.1100        0.9962  |    0.7344/  0.7784/  0.7888            0.7888           0.6922     0.0074  |       0.0383      0.1988
  26      0.1076        0.9965  |    0.7095/  0.7699/  0.7823            0.7823           0.6911     0.0039  |       0.0398      0.1988
  27      0.1101        0.9958  |    0.7417/  0.7771/  0.7890            0.7890           0.6902     0.0091  |       0.0370      0.1988
  28      0.1082        0.9942  |    0.6756/  0.7763/  0.7870            0.7870           0.6893     0.0028  |       0.0442      0.1988
  29      0.1010        0.9967  |    0.7413/  0.7735/  0.7863            0.7863           0.6903     0.0058  |       0.0427      0.1988
  30      0.1058        0.9944  |    0.7238/  0.7793/  0.7920            0.7920           0.6924     0.0028  |       0.0399      0.1988
  31      0.1080        0.9973  |    0.6856/  0.7826/  0.7906            0.7906           0.6904     0.0015  |       0.0390      0.1988
  32      0.1084        0.9966  |    0.7517/  0.7733/  0.7851            0.7851           0.6920     0.0056  |       0.0377      0.1988
  33      0.0972        0.9876  |    0.7423/  0.7749/  0.7867            0.7867           0.6925     0.0022  |       0.0402      0.1988
  34      0.1013        0.9967  |    0.7517/  0.7778/  0.7880            0.7880           0.6895     0.0033  |       0.0388      0.1988
  35      0.0970        0.9953  |    0.7358/  0.7746/  0.7859            0.7859           0.6918     0.0020  |       0.0390      0.1988
  36      0.0999        0.9988  |    0.7305/  0.7728/  0.7853            0.7853           0.6913     0.0027  |       0.0409      0.1988
  37      0.1022        0.9965  |    0.7302/  0.7770/  0.7869            0.7869           0.6920     0.0034  |       0.0393      0.1988
  38      0.1043        0.9907  |    0.7326/  0.7741/  0.7858            0.7858           0.6953     0.0039  |       0.0363      0.1988
  39      0.1005        0.9941  |    0.7342/  0.7716/  0.7828            0.7828           0.6899     0.0071  |       0.0394      0.1988
  40      0.1071        0.9657  |    0.7147/  0.7794/  0.7909            0.7909           0.6979     0.0035  |       0.0363      0.1962
  41      0.1104        0.9557  |    0.7339/  0.7573/  0.7692            0.7692           0.6874     0.0027  |       0.0365      0.1946
  42      0.1178        0.9824  |    0.7170/  0.7607/  0.7730            0.7730           0.6838     0.0073  |       0.0353      0.1940
  43      0.1053        0.9706  |    0.7428/  0.7605/  0.7733            0.7733           0.6697     0.0021  |       0.0335      0.1934
  44      0.1092        0.9861  |    0.7325/  0.7721/  0.7851            0.7851           0.6773     0.0071  |       0.0339      0.1934
  45      0.0921        0.9294  |    0.7406/  0.7752/  0.7848            0.7848           0.6623     0.0081  |       0.0337      0.1899
  46      0.1134        0.8483  |    0.7425/  0.7737/  0.7842            0.7842           0.6898     0.0049  |       0.0341      0.1836
  47      0.1285        0.8973  |    0.6819/  0.7869/  0.8062            0.8062           0.6754     0.0097  |       0.0344      0.1787
  48      0.1121        0.8934  |    0.6638/  0.7463/  0.7690            0.7690           0.6721     0.0056  |       0.0353      0.1705
  49      0.1209        0.9340  |    0.6234/  0.7359/  0.7515            0.7515           0.6448     0.0117  |       0.0349      0.1669
  50      0.1336        0.9303  |    0.6776/  0.7452/  0.7573            0.7573           0.6274     0.0074  |       0.0341      0.1617
  51      0.1081        0.9262  |    0.6770/  0.7714/  0.7823            0.7823           0.6759     0.0055  |       0.0340      0.1553
  52      0.1022        0.9281  |    0.6724/  0.7392/  0.7531            0.7531           0.6589     0.0033  |       0.0345      0.1495
  53      0.1038        0.9751  |    0.6751/  0.7420/  0.7550            0.7550           0.6591     0.0141  |       0.0368      0.1495
  54      0.1169        0.9090  |    0.6022/  0.7580/  0.7722            0.7722           0.6670     0.0069  |       0.0356      0.1416
  55      0.1221        0.9109  |    0.6877/  0.7407/  0.7521            0.7521           0.5975     0.0085  |       0.0361      0.1366
  56      0.1138        0.9422  |    0.6857/  0.7305/  0.7415            0.7415           0.6351     0.0075  |       0.0352      0.1319
  57      0.1216        0.9200  |    0.6247/  0.7675/  0.7793            0.7793           0.6555     0.0040  |       0.0357      0.1250
  58      0.1176        0.9279  |    0.6361/  0.7432/  0.7552            0.7552           0.6319     0.0092  |       0.0352      0.1217
  59      0.1138        0.9359  |    0.6722/  0.7236/  0.7367            0.7367           0.5786     0.0063  |       0.0395      0.1217
  60      0.1094        0.9528  |    0.6588/  0.7224/  0.7349            0.7349           0.5958     0.0093  |       0.0456      0.1217
  61      0.0985        0.9489  |    0.6742/  0.7296/  0.7408            0.7408           0.6077     0.0055  |       0.0391      0.1217
  62      0.1095        0.9528  |    0.6569/  0.7622/  0.7733            0.7733           0.6566     0.0036  |       0.0346      0.1217
  63      0.0954        0.9711  |    0.6199/  0.7379/  0.7492            0.7492           0.6221     0.0069  |       0.0374      0.1217
  64      0.0857        0.9387  |    0.6412/  0.7454/  0.7603            0.7603           0.6087     0.0145  |       0.0344      0.1188
  65      0.0562        0.9246  |    0.6054/  0.7170/  0.7376            0.7376           0.4475     0.0049  |       0.0417      0.1188
  66      0.0726        0.9281  |    0.6464/  0.6959/  0.7122            0.7122           0.4921     0.0166  |       0.0387      0.1188
  67      0.0902        0.9427  |    0.6780/  0.7354/  0.7472            0.7472           0.6286     0.0086  |       0.0341      0.1187
  68      0.1015        0.9463  |    0.6886/  0.7471/  0.7604            0.7604           0.6235     0.0134  |       0.0403      0.1187
  69      0.0998        0.9120  |    0.6181/  0.7454/  0.7579            0.7579           0.6473     0.0081  |       0.0346      0.1159
  70      0.0789        0.9415  |    0.6731/  0.6931/  0.7053            0.7053           0.6022     0.0063  |       0.0340      0.1152
  71      0.0925        0.9684  |    0.6665/  0.6966/  0.7072            0.7072           0.6176     0.0047  |       0.0392      0.1152
  72      0.0847        0.9815  |    0.5389/  0.7274/  0.7377            0.7377           0.6439     0.0136  |       0.0395      0.1152
  73      0.0894        0.9185  |    0.6002/  0.7715/  0.7842            0.7842           0.6716     0.0102  |       0.0345      0.1108
  74      0.0868        0.9695  |    0.6404/  0.7644/  0.7749            0.7749           0.6833     0.0021  |       0.0368      0.1108
  75      0.0931        0.9817  |    0.6713/  0.7643/  0.7755            0.7755           0.6763     0.0034  |       0.0357      0.1103
  76      0.0944        0.9655  |    0.4829/  0.7613/  0.7745            0.7745           0.6426     0.0047  |       0.0352      0.1087
  77      0.0931        0.9508  |    0.6895/  0.7655/  0.7772            0.7772           0.6823     0.0022  |       0.0350      0.1053
  78      0.0782        0.9674  |    0.6872/  0.7707/  0.7846            0.7846           0.6882     0.0077  |       0.0348      0.1050
  79      0.1026        0.9469  |    0.5761/  0.7507/  0.7664            0.7664           0.6496     0.0139  |       0.0394      0.1050
  80      0.0762        0.9155  |    0.7113/  0.7639/  0.7744            0.7744           0.6918     0.0082  |       0.0361      0.0960
  81      0.0695        0.9638  |    0.6553/  0.7628/  0.7744            0.7744           0.6688     0.0057  |       0.0408      0.0960
  82      0.0713        0.9333  |    0.5824/  0.7665/  0.7787            0.7787           0.6853     0.0089  |       0.0369      0.0951
  83      0.0879        0.9291  |    0.6254/  0.7832/  0.7987            0.7987           0.6925     0.0164  |       0.0350      0.0886
  84      0.0771        0.8505  |    0.6548/  0.7255/  0.7450            0.7450           0.5695     0.0135  |       0.0492      0.0886
  85      0.0901        0.9282  |    0.6777/  0.7669/  0.7812            0.7812           0.6600     0.0066  |       0.0416      0.0886
  86      0.0982        0.9379  |    0.6059/  0.7808/  0.7933            0.7933           0.7005     0.0041  |       0.0424      0.0886
  87      0.1084        0.9304  |    0.6740/  0.7592/  0.7716            0.7716           0.6730     0.0100  |       0.0418      0.0886
  88      0.0958        0.9191  |    0.5425/  0.7731/  0.7870            0.7870           0.6881     0.0127  |       0.0507      0.0886
  89      0.0565        0.8493  |    0.1567/  0.3563/  0.3994            0.3994          -0.0318     0.0332  |       0.0610      0.0886
  90      0.0738        0.6191  |    0.1309/  0.1726/  0.2047            0.2047           0.0583     0.0072  |       0.0661      0.0886
  91      0.0966        0.8774  |    0.2837/  0.3031/  0.3194            0.3194          -0.0163     0.0055  |       0.0605      0.0886
  92      0.0825        0.8837  |    0.0834/  0.1110/  0.1274            0.1274          -0.0986     0.0033  |       0.0625      0.0886
  93      0.1087        0.9487  |    0.3530/  0.3735/  0.3919            0.3919           0.1227     0.0045  |       0.0597      0.0886
  94      0.0779        0.9243  |    0.1203/  0.1439/  0.1647            0.1647          -0.1504     0.0076  |       0.0576      0.0886
  95      0.1260        0.8712  |    0.4638/  0.4823/  0.5023            0.5023           0.2944     0.0030  |       0.0555      0.0886
  96      0.1208        0.9699  |    0.3431/  0.3690/  0.3945            0.3945           0.1643     0.0125  |       0.0526      0.0886
  97      0.1252        0.8440  |    0.7124/  0.7308/  0.7392            0.7392           0.6909     0.0113  |       0.0424      0.0886
  98      0.0835        0.7754  |    0.6398/  0.7442/  0.7550            0.7550           0.6781     0.0110  |       0.0362      0.0886
  99      0.1246        0.8438  |    0.7041/  0.7699/  0.7783            0.7783           0.7054     0.0033  |       0.0330      0.0869
 100      0.1384        0.9242  |    0.7452/  0.7842/  0.7958            0.7958           0.7134     0.0163  |       0.0324      0.0868
 101      0.1294        0.8563  |    0.5661/  0.7800/  0.7973            0.7973           0.6915     0.0146  |       0.0334      0.0820
 102      0.1337        0.8226  |    0.6682/  0.7840/  0.7963            0.7963           0.6877     0.0111  |       0.0341      0.0824
 103      0.1229        0.8483  |    0.6651/  0.6876/  0.7038            0.7038           0.4498     0.0085  |       0.0398      0.0824
 104      0.1274        0.9214  |    0.5531/  0.5915/  0.6104            0.6104           0.2280     0.0059  |       0.0455      0.0824
 105      0.1215        0.9545  |    0.2884/  0.3336/  0.3578            0.3578          -0.0781     0.0084  |       0.0479      0.0824
 106      0.1055        0.9381  |    0.0390/  0.1026/  0.1277            0.1277          -0.2335     0.0115  |       0.0548      0.0824
 107      0.0771        0.8590  |   -0.2264/ -0.1735/ -0.1577           -0.1577          -0.3453     0.0120  |       0.0653      0.0824
 108     -0.0109        0.8772  |   -0.3313/ -0.2258/ -0.2003           -0.2003          -0.3378     0.0111  |       0.0738      0.0824
 109     -0.0140        0.8897  |   -0.3039/ -0.1560/ -0.1413           -0.1413          -0.2761     0.0041  |       0.0797      0.0824
 110     -0.0367        0.9199  |   -0.3022/ -0.1278/ -0.1092           -0.1092          -0.2838     0.0033  |       0.0771      0.0824
 111     -0.0227        0.9090  |   -0.3275/ -0.1741/ -0.1531           -0.1531          -0.3293     0.0132  |       0.0749      0.0824
 112     -0.0347        0.8483  |   -0.2642/ -0.1235/ -0.1025           -0.1025          -0.3172     0.0047  |       0.0831      0.0862
 113      0.0011        0.8736  |   -0.2520/ -0.1503/ -0.1350           -0.1350          -0.2553     0.0105  |       0.0881      0.0862
 114     -0.0432        0.8839  |   -0.2285/ -0.1700/ -0.1545           -0.1545          -0.2881     0.0137  |       0.0852      0.0862
 115     -0.0011        0.9025  |   -0.2830/ -0.1590/ -0.1446           -0.1446          -0.2545     0.0070  |       0.0913      0.0862
 116     -0.0400        0.9597  |   -0.2842/ -0.1838/ -0.1692           -0.1692          -0.2747     0.0064  |       0.0856      0.0862
 117     -0.0199        0.9209  |   -0.3133/ -0.1953/ -0.1773           -0.1773          -0.3086     0.0134  |       0.0794      0.0862
 118      0.0125        0.8906  |   -0.3122/ -0.1582/ -0.1398           -0.1398          -0.2688     0.0097  |       0.0712      0.0862
 119      0.0306        0.9402  |   -0.3007/ -0.1772/ -0.1533           -0.1533          -0.3032     0.0113  |       0.0665      0.0862
 120     -0.0256        0.8921  |   -0.2646/ -0.1557/ -0.1390           -0.1390          -0.2894     0.0084  |       0.0622      0.0862
 121     -0.0501        0.9346  |   -0.3466/ -0.1622/ -0.1437           -0.1437          -0.2990     0.0041  |       0.0665      0.0902
 122      0.0200        0.8972  |   -0.2976/ -0.1882/ -0.1644           -0.1644          -0.3203     0.0126  |       0.0706      0.0920
 123      0.0015        0.9018  |   -0.3655/ -0.1801/ -0.1613           -0.1613          -0.2836     0.0094  |       0.0809      0.1012
 124     -0.0592        0.8815  |   -0.2458/ -0.1588/ -0.1407           -0.1407          -0.2848     0.0074  |       0.0900      0.1089
 125     -0.0647        0.9148  |   -0.2698/ -0.1576/ -0.1420           -0.1420          -0.2770     0.0035  |       0.0936      0.1138
 126     -0.0138        0.9399  |   -0.2313/ -0.1705/ -0.1539           -0.1539          -0.3015     0.0047  |       0.0971      0.1168
 127     -0.0617        0.9228  |   -0.2369/ -0.1683/ -0.1535           -0.1535          -0.2725     0.0084  |       0.0992      0.1199
 128     -0.0304        0.9296  |   -0.2461/ -0.1878/ -0.1735           -0.1735          -0.2757     0.0038  |       0.1054      0.1270
 129     -0.0059        0.9485  |   -0.2558/ -0.1647/ -0.1501           -0.1501          -0.2630     0.0076  |       0.1027      0.1270
 130     -0.0009        0.9050  |   -0.3028/ -0.1851/ -0.1665           -0.1665          -0.2942     0.0163  |       0.1046      0.1283
 131      0.0256        0.8739  |   -0.2355/ -0.1702/ -0.1575           -0.1575          -0.2773     0.0118  |       0.1133      0.1392
 132     -0.0095        0.8889  |   -0.2757/ -0.1633/ -0.1483           -0.1483          -0.2723     0.0091  |       0.1224      0.1487
 133      0.0010        0.9387  |   -0.2573/ -0.1708/ -0.1537           -0.1537          -0.2868     0.0073  |       0.1281      0.1537
 134     -0.0050        0.9246  |   -0.2541/ -0.1531/ -0.1323           -0.1323          -0.2891     0.0072  |       0.1336      0.1583
 135     -0.0266        0.9490  |   -0.2948/ -0.2060/ -0.1903           -0.1903          -0.3194     0.0084  |       0.1359      0.1615
 136     -0.0129        0.9364  |   -0.2708/ -0.1684/ -0.1515           -0.1515          -0.3354     0.0010  |       0.1344      0.1615
 137     -0.0095        0.9936  |   -0.2827/ -0.1776/ -0.1573           -0.1573          -0.3436     0.0086  |       0.1338      0.1615
 138     -0.0193        0.9402  |   -0.3742/ -0.2033/ -0.1801           -0.1801          -0.3443     0.0002  |       0.1340      0.1615
 139     -0.0233        0.9890  |   -0.3044/ -0.2119/ -0.1918           -0.1918          -0.3637     0.0053  |       0.1340      0.1615
 140     -0.0358        0.9534  |   -0.3022/ -0.2339/ -0.2145           -0.2145          -0.4028     0.0079  |       0.1296      0.1615
 141     -0.0307        0.9427  |   -0.2732/ -0.1792/ -0.1599           -0.1599          -0.3378     0.0064  |       0.1360      0.1615
 142     -0.0097        0.9479  |   -0.2792/ -0.1644/ -0.1433           -0.1433          -0.3347     0.0056  |       0.1409      0.1629
 143     -0.0360        0.9564  |   -0.2919/ -0.1625/ -0.1456           -0.1456          -0.3069     0.0023  |       0.1464      0.1668
 144     -0.0264        0.9826  |   -0.2730/ -0.1768/ -0.1608           -0.1608          -0.2897     0.0046  |       0.1449      0.1668
 145     -0.0293        0.9241  |   -0.2543/ -0.1951/ -0.1794           -0.1794          -0.3072     0.0039  |       0.1458      0.1679
 146     -0.0338        0.9860  |   -0.3547/ -0.2007/ -0.1818           -0.1818          -0.3075     0.0037  |       0.1424      0.1679
 147     -0.0182        0.9706  |   -0.2623/ -0.2032/ -0.1891           -0.1891          -0.3170     0.0039  |       0.1404      0.1679
 148     -0.0401        0.9406  |   -0.3230/ -0.1978/ -0.1827           -0.1827          -0.2860     0.0037  |       0.1431      0.1679
 149     -0.0710        0.9160  |   -0.2618/ -0.1879/ -0.1691           -0.1691          -0.2967     0.0072  |       0.1464      0.1711
 150     -0.0381        0.9466  |   -0.2563/ -0.1944/ -0.1791           -0.1791          -0.2880     0.0087  |       0.1429      0.1711
 151     -0.0566        0.9467  |   -0.2737/ -0.2194/ -0.2042           -0.2042          -0.3003     0.0036  |       0.1492      0.1711
 152     -0.0542        0.9774  |   -0.3097/ -0.1960/ -0.1800           -0.1800          -0.2906     0.0063  |       0.1525      0.1722
 153     -0.0626        0.9203  |   -0.3208/ -0.2178/ -0.2030           -0.2030          -0.3214     0.0043  |       0.1576      0.1755
 154     -0.0857        0.9264  |   -0.2561/ -0.2032/ -0.1886           -0.1886          -0.3121     0.0072  |       0.1565      0.1760
 155     -0.0892        0.9505  |   -0.2886/ -0.2551/ -0.2425           -0.2425          -0.3416     0.0089  |       0.1618      0.1780
 156     -0.1098        0.9244  |   -0.3390/ -0.2241/ -0.2068           -0.2068          -0.3375     0.0098  |       0.1701      0.1812
 157     -0.1009        0.8862  |   -0.2912/ -0.2758/ -0.2627           -0.2627          -0.3311     0.0058  |       0.1778      0.1864
 158     -0.0882        0.9846  |   -0.3176/ -0.2982/ -0.2840           -0.2840          -0.3486     0.0074  |       0.1735      0.1864
 159     -0.0733        0.9150  |   -0.3317/ -0.2826/ -0.2687           -0.2687          -0.3687     0.0048  |       0.1777      0.1894
 160     -0.0494        0.9184  |   -0.4554/ -0.4260/ -0.4034           -0.4034          -0.4668     0.0094  |       0.1823      0.1920
 161     -0.0497        0.7812  |   -0.2965/ -0.2603/ -0.2474           -0.2474          -0.3505     0.0229  |       0.1883      0.1974
 162     -0.0730        0.7848  |   -0.2663/ -0.2465/ -0.2368           -0.2368          -0.3120     0.0063  |       0.2090      0.2036
 163     -0.0790        0.9909  |   -0.2918/ -0.2506/ -0.2368           -0.2368          -0.3188     0.0050  |       0.2060      0.2036
 164     -0.0463        0.9340  |   -0.2748/ -0.2413/ -0.2314           -0.2314          -0.3118     0.0026  |       0.2013      0.2037
 165     -0.0891        0.9194  |   -0.2758/ -0.2489/ -0.2399           -0.2399          -0.3212     0.0059  |       0.2030      0.2043
 166     -0.0794        0.9757  |   -0.2667/ -0.2436/ -0.2347           -0.2347          -0.3147     0.0185  |       0.1981      0.2043
 167     -0.0660        0.8360  |   -0.3999/ -0.3746/ -0.3588           -0.3588          -0.3898     0.0124  |       0.1872      0.2043
 168     -0.0902        0.9521  |   -0.3266/ -0.2879/ -0.2763           -0.2763          -0.3449     0.0075  |       0.1953      0.2043
 169     -0.0646        0.9242  |   -0.2807/ -0.2411/ -0.2316           -0.2316          -0.3129     0.0106  |       0.1995      0.2043
 170     -0.0691        0.9747  |   -0.2921/ -0.2583/ -0.2470           -0.2470          -0.3155     0.0094  |       0.2071      0.2043
 171     -0.0759        0.9632  |   -0.3015/ -0.2596/ -0.2506           -0.2506          -0.3227     0.0164  |       0.1997      0.2043
 172     -0.0811        0.9783  |   -0.2962/ -0.2602/ -0.2488           -0.2488          -0.3294     0.0096  |       0.1856      0.2043
 173     -0.0573        0.9545  |   -0.3870/ -0.3539/ -0.3419           -0.3419          -0.3853     0.0104  |       0.1779      0.2043
 174     -0.0303        0.9264  |   -0.3437/ -0.3033/ -0.2839           -0.2839          -0.4069     0.0108  |       0.1691      0.2043
 175     -0.0538        0.9649  |   -0.3362/ -0.3000/ -0.2830           -0.2830          -0.4283     0.0361  |       0.1600      0.2043
 176     -0.0268        0.9255  |   -0.2587/ -0.2380/ -0.2177           -0.2177          -0.4350     0.0476  |       0.1267      0.2043
 177      0.0225        0.8896  |   -0.0867/ -0.0643/ -0.0521           -0.0521          -0.3499     0.0478  |       0.0821      0.2043
 178      0.1159        0.7520  |    0.1538/  0.1773/  0.2014            0.2014          -0.2313     0.0150  |       0.0408      0.2043
 179      0.1098        0.8894  |   -0.2160/ -0.1842/ -0.1654           -0.1654          -0.3884     0.0223  |       0.0403      0.2143
 180      0.1329        0.7841  |    0.6697/  0.7240/  0.7348            0.7348           0.5595     0.0186  |       0.0429      0.2320
 181      0.1297        0.8948  |    0.7136/  0.7524/  0.7645            0.7645           0.5712     0.0244  |       0.0344      0.2338
 182      0.1342        0.8766  |    0.6498/  0.6875/  0.6971            0.6971           0.2915     0.0139  |       0.0364      0.2397
 183      0.1406        0.9258  |    0.6746/  0.7550/  0.7669            0.7669           0.6102     0.0177  |       0.0364      0.2399
 184      0.1270        0.9086  |    0.5304/  0.5713/  0.5866            0.5866           0.2393     0.0061  |       0.0525      0.2399
 185      0.1296        0.9705  |    0.5536/  0.5746/  0.5880            0.5880           0.2827     0.0119  |       0.0594      0.2399
 186      0.1169        0.9316  |    0.3530/  0.3828/  0.3986            0.3986           0.0997     0.0061  |       0.0679      0.2399
 187      0.1178        0.9614  |    0.1701/  0.1970/  0.2162            0.2162          -0.0895     0.0045  |       0.0695      0.2399
 188      0.1196        0.9713  |    0.3690/  0.3903/  0.4122            0.4122           0.1189     0.0117  |       0.0696      0.2399
 189      0.1074        0.9341  |   -0.0747/ -0.0466/ -0.0200           -0.0200          -0.2293     0.0057  |       0.0787      0.2399
 190      0.1218        0.9570  |    0.0725/  0.0976/  0.1277            0.1277          -0.1086     0.0141  |       0.0761      0.2399
 191      0.0878        0.8511  |   -0.3005/ -0.2799/ -0.2644           -0.2644          -0.3376     0.0166  |       0.0875      0.2399
 192      0.1245        0.8730  |    0.0240/  0.0584/  0.0875            0.0875          -0.1451     0.0114  |       0.0737      0.2399
 193      0.1222        0.9335  |    0.5030/  0.5196/  0.5355            0.5355           0.2659     0.0077  |       0.0633      0.2399
 194      0.1238        0.9562  |    0.3014/  0.3199/  0.3363            0.3363           0.0344     0.0089  |       0.0674      0.2399
 195      0.1181        0.9650  |    0.1580/  0.1653/  0.1733            0.1733           0.0038     0.0111  |       0.0687      0.2399
 196      0.0956        0.9273  |   -0.2066/ -0.1840/ -0.1676           -0.1676          -0.3081     0.0072  |       0.0786      0.2399
 197      0.1154        0.9611  |   -0.0090/  0.0148/  0.0397            0.0397          -0.1859     0.0133  |       0.0769      0.2399
 198      0.0707        0.8566  |   -0.2437/ -0.2296/ -0.2148           -0.2148          -0.3035     0.0090  |       0.0858      0.2399
 199      0.0974        0.9292  |   -0.1651/ -0.1439/ -0.1292           -0.1292          -0.2807     0.0266  |       0.0784      0.2399
 200      0.1400        0.8501  |    0.5332/  0.5563/  0.5737            0.5737           0.1590     0.0110  |       0.0631      0.2399
 201      0.0790        0.8794  |   -0.1806/ -0.0950/ -0.0620           -0.0620          -0.3151     0.0068  |       0.0714      0.2399
 202      0.1357        0.9004  |    0.2198/  0.2513/  0.2783            0.2783          -0.0888     0.0053  |       0.0677      0.2399
 203      0.1334        0.9435  |    0.2854/  0.3083/  0.3300            0.3300          -0.0004     0.0092  |       0.0690      0.2399
 204      0.1215        0.9487  |    0.1367/  0.1587/  0.1829            0.1829          -0.1121     0.0154  |       0.0686      0.2399
 205      0.1056        0.9358  |   -0.1875/ -0.1624/ -0.1445           -0.1445          -0.2905     0.0059  |       0.0774      0.2399
 206      0.1012        0.9311  |   -0.1851/ -0.1685/ -0.1514           -0.1514          -0.2782     0.0210  |       0.0810      0.2399
 207      0.1288        0.9189  |    0.4089/  0.4380/  0.4610            0.4610           0.1829     0.0138  |       0.0664      0.2399
 208      0.1010        0.9245  |   -0.1884/ -0.1676/ -0.1485           -0.1485          -0.2788     0.0198  |       0.0766      0.2399
 209      0.1234        0.8250  |    0.6080/  0.6558/  0.6662            0.6662           0.4794     0.0067  |       0.0593      0.2399
 210      0.1226        0.9647  |    0.4568/  0.4801/  0.5010            0.5010           0.2293     0.0058  |       0.0637      0.2399
 211      0.1203        0.9463  |    0.4402/  0.4608/  0.4796            0.4796           0.1807     0.0095  |       0.0689      0.2399
 212      0.1116        0.9485  |   -0.0809/ -0.0607/ -0.0427           -0.0427          -0.2446     0.0078  |       0.0723      0.2399
 213      0.0924        0.9633  |   -0.2160/ -0.1954/ -0.1781           -0.1781          -0.3092     0.0188  |       0.0788      0.2399
 214      0.1238        0.9438  |    0.3781/  0.4035/  0.4229            0.4229           0.1843     0.0105  |       0.0671      0.2399
 215      0.1329        0.9364  |    0.6100/  0.6781/  0.6931            0.6931           0.4866     0.0225  |       0.0619      0.2399
 216      0.0879        0.8574  |   -0.2305/ -0.2125/ -0.1966           -0.1966          -0.3059     0.0140  |       0.0793      0.2399
 217      0.1194        0.9060  |    0.3318/  0.3593/  0.3814            0.3814           0.0635     0.0035  |       0.0679      0.2399
 218      0.1145        0.9773  |    0.3721/  0.4018/  0.4188            0.4188           0.0903     0.0195  |       0.0682      0.2399
 219      0.0884        0.9102  |   -0.2318/ -0.2085/ -0.1881           -0.1881          -0.3227     0.0244  |       0.0811      0.2399
 220      0.1250        0.8881  |    0.0343/  0.0473/  0.0612            0.0612          -0.1191     0.0020  |       0.0691      0.2399
 221      0.1257        0.9813  |    0.1258/  0.1717/  0.2068            0.2068          -0.0897     0.0166  |       0.0701      0.2399
 222      0.1229        0.8997  |    0.2697/  0.2980/  0.3151            0.3151           0.0117     0.0080  |       0.0691      0.2399
 223      0.1105        0.9535  |   -0.0606/ -0.0314/ -0.0082           -0.0082          -0.2318     0.0043  |       0.0758      0.2399
 224      0.1182        0.9750  |    0.1160/  0.1500/  0.1765            0.1765          -0.1373     0.0056  |       0.0760      0.2399
 225      0.1132        0.9698  |   -0.0385/ -0.0141/  0.0111            0.0111          -0.2345     0.0077  |       0.0754      0.2399
 226      0.1116        0.9447  |    0.0835/  0.0954/  0.1030            0.1030          -0.1041     0.0076  |       0.0689      0.2399
 227      0.1011        0.9453  |   -0.1273/ -0.0961/ -0.0723           -0.0723          -0.2703     0.0033  |       0.0741      0.2399
 228      0.1170        0.9771  |    0.1969/  0.2226/  0.2459            0.2459          -0.0738     0.0084  |       0.0738      0.2399
 229      0.1008        0.9590  |   -0.1990/ -0.1740/ -0.1584           -0.1584          -0.3127     0.0149  |       0.0765      0.2399
 230      0.1243        0.9111  |    0.1398/  0.1644/  0.1842            0.1842          -0.0831     0.0015  |       0.0738      0.2399
 231      0.1148        0.9737  |   -0.0063/  0.0409/  0.0684            0.0684          -0.1790     0.0082  |       0.0749      0.2399
 232      0.1068        0.9444  |   -0.1956/ -0.1776/ -0.1648           -0.1648          -0.2798     0.0130  |       0.0801      0.2399
 233      0.0909        0.9249  |   -0.1945/ -0.1638/ -0.1441           -0.1441          -0.3055     0.0104  |       0.0816      0.2399
 234      0.1066        0.9655  |   -0.0846/ -0.0557/ -0.0300           -0.0300          -0.2556     0.0225  |       0.0755      0.2399
 235      0.1373        0.9153  |    0.5517/  0.5992/  0.6137            0.6137           0.3946     0.0127  |       0.0654      0.2399
 236      0.1122        0.9161  |   -0.1347/ -0.1104/ -0.0883           -0.0883          -0.2433     0.0051  |       0.0746      0.2399
 237      0.1241        0.9499  |   -0.0030/  0.0305/  0.0583            0.0583          -0.2104     0.0052  |       0.0708      0.2399
 238      0.1156        0.9557  |   -0.1896/ -0.1700/ -0.1548           -0.1548          -0.2631     0.0085  |       0.0742      0.2399
 239      0.1211        0.9330  |    0.0252/  0.0588/  0.0852            0.0852          -0.1475     0.0108  |       0.0709      0.2399
 240      0.1238        0.9254  |    0.4744/  0.4913/  0.5063            0.5063           0.2558     0.0181  |       0.0611      0.2399
 241      0.1001        0.8555  |   -0.1793/ -0.1568/ -0.1348           -0.1348          -0.2902     0.0144  |       0.0769      0.2399
 242      0.1336        0.9203  |    0.3455/  0.3775/  0.4034            0.4034           0.0749     0.0102  |       0.0679      0.2399
 243      0.1314        0.9644  |   -0.0189/  0.0040/  0.0251            0.0251          -0.2082     0.0055  |       0.0728      0.2399
 244      0.1077        0.9636  |   -0.2130/ -0.1871/ -0.1684           -0.1684          -0.2833     0.0053  |       0.0765      0.2399
 245      0.0988        0.9489  |   -0.1880/ -0.1671/ -0.1479           -0.1479          -0.2892     0.0182  |       0.0788      0.2399
 246      0.1383        0.8959  |    0.3666/  0.3946/  0.4172            0.4172           0.0293     0.0088  |       0.0671      0.2399
 247      0.1321        0.9289  |    0.5223/  0.5730/  0.5909            0.5909           0.2309     0.0118  |       0.0584      0.2399
 248      0.1320        0.9207  |    0.6144/  0.6790/  0.6899            0.6899           0.5154     0.0126  |       0.0563      0.2399
 249      0.1195        0.9261  |    0.2061/  0.2340/  0.2543            0.2543          -0.0721     0.0079  |       0.0674      0.2399
 250      0.1218        0.9759  |    0.1760/  0.2089/  0.2315            0.2315          -0.1057     0.0023  |       0.0713      0.2399
 251      0.1105        0.9642  |   -0.0559/ -0.0298/ -0.0028           -0.0028          -0.2504     0.0065  |       0.0712      0.2399
 252      0.1026        0.9702  |   -0.1923/ -0.1640/ -0.1432           -0.1432          -0.3056     0.0103  |       0.0767      0.2399
 253      0.1154        0.9694  |    0.0894/  0.1189/  0.1418            0.1418          -0.0832     0.0165  |       0.0695      0.2399
 254      0.0958        0.8878  |   -0.2039/ -0.1789/ -0.1629           -0.1629          -0.2757     0.0106  |       0.0778      0.2399
 255      0.1229        0.9431  |    0.1499/  0.1941/  0.2235            0.2235          -0.0834     0.0199  |       0.0701      0.2399
 256      0.0850        0.9197  |   -0.2543/ -0.2378/ -0.2225           -0.2225          -0.3074     0.0157  |       0.0849      0.2399
 257      0.0739        0.9000  |   -0.2265/ -0.2129/ -0.1992           -0.1992          -0.2941     0.0197  |       0.0842      0.2399
 258      0.0856        0.9116  |   -0.2038/ -0.1614/ -0.1427           -0.1427          -0.3243     0.0185  |       0.0741      0.2399
 259      0.1137        0.8834  |    0.1905/  0.2272/  0.2583            0.2583          -0.2134     0.0200  |       0.0663      0.2399
 260      0.1316        0.8931  |    0.3782/  0.4060/  0.4282            0.4282           0.0625     0.0155  |       0.0654      0.2399
 261      0.1133        0.9112  |    0.0178/  0.0658/  0.0938            0.0938          -0.2005     0.0127  |       0.0689      0.2399
 262      0.1161        0.9087  |    0.2898/  0.3195/  0.3361            0.3361           0.0735     0.0009  |       0.0668      0.2399
 263      0.1203        0.9939  |    0.3217/  0.3397/  0.3525            0.3525           0.0828     0.0160  |       0.0676      0.2399
 264      0.0867        0.9466  |   -0.1599/ -0.1326/ -0.1137           -0.1137          -0.3117     0.0183  |       0.0817      0.2399
 265      0.1068        0.8970  |   -0.0842/ -0.0617/ -0.0418           -0.0418          -0.2237     0.0144  |       0.0771      0.2399
 266      0.1255        0.9299  |    0.1754/  0.2078/  0.2348            0.2348          -0.0797     0.0118  |       0.0693      0.2399
 267      0.1280        0.8998  |    0.5824/  0.6026/  0.6195            0.6195           0.4071     0.0078  |       0.0598      0.2399
 268      0.1244        0.9304  |    0.4265/  0.4535/  0.4764            0.4764           0.2143     0.0132  |       0.0657      0.2399
 269      0.0990        0.9148  |   -0.0980/ -0.0709/ -0.0483           -0.0483          -0.2425     0.0069  |       0.0757      0.2399
 270      0.1235        0.9554  |    0.1253/  0.1590/  0.1857            0.1857          -0.1032     0.0091  |       0.0705      0.2399
 271      0.1205        0.9551  |   -0.1327/ -0.1046/ -0.0862           -0.0862          -0.2500     0.0048  |       0.0763      0.2399
 272      0.0827        0.9607  |   -0.2345/ -0.2111/ -0.1887           -0.1887          -0.3396     0.0169  |       0.0797      0.2399
 273      0.1223        0.8750  |    0.2838/  0.3057/  0.3272            0.3272           0.0552     0.0185  |       0.0650      0.2399
 274      0.1206        0.8792  |   -0.0091/  0.0198/  0.0489            0.0489          -0.2047     0.0149  |       0.0736      0.2399
 275      0.1252        0.9139  |    0.5473/  0.5970/  0.6127            0.6127           0.3581     0.0087  |       0.0609      0.2399
 276      0.1200        0.9608  |    0.4366/  0.4652/  0.4866            0.4866           0.1884     0.0112  |       0.0669      0.2399
 277      0.0990        0.9141  |   -0.1742/ -0.1528/ -0.1355           -0.1355          -0.2727     0.0121  |       0.0774      0.2399
 278      0.1035        0.9142  |   -0.2127/ -0.1927/ -0.1722           -0.1722          -0.3121     0.0102  |       0.0770      0.2399
 279      0.1133        0.9696  |    0.0729/  0.1055/  0.1385            0.1385          -0.1342     0.0060  |       0.0702      0.2399
 280      0.1168        0.9811  |    0.3830/  0.4123/  0.4303            0.4303           0.0835     0.0061  |       0.0678      0.2399
 281      0.1174        0.9503  |    0.0415/  0.0753/  0.1043            0.1043          -0.1705     0.0043  |       0.0732      0.2399
 282      0.1018        0.9514  |   -0.1699/ -0.1418/ -0.1243           -0.1243          -0.2600     0.0027  |       0.0775      0.2399
 283      0.0998        0.9661  |   -0.2483/ -0.2271/ -0.2121           -0.2121          -0.3116     0.0067  |       0.0802      0.2399
 284      0.1133        0.9597  |   -0.0374/ -0.0158/  0.0041            0.0041          -0.1916     0.0064  |       0.0748      0.2399
 285      0.0939        0.9257  |   -0.2121/ -0.1902/ -0.1760           -0.1760          -0.2972     0.0120  |       0.0767      0.2399
 286      0.0877        0.9184  |   -0.2132/ -0.1503/ -0.1256           -0.1256          -0.2927     0.0029  |       0.0748      0.2399
 287      0.0928        0.9594  |   -0.1144/ -0.0737/ -0.0403           -0.0403          -0.2703     0.0095  |       0.0729      0.2399
 288      0.0721        0.9370  |   -0.2142/ -0.1971/ -0.1867           -0.1867          -0.3245     0.0067  |       0.0805      0.2399
 289      0.0817        0.9464  |   -0.2275/ -0.1866/ -0.1711           -0.1711          -0.2936     0.0029  |       0.0840      0.2399
 290      0.0717        0.9682  |   -0.2047/ -0.1736/ -0.1555           -0.1555          -0.3393     0.0252  |       0.0826      0.2399
 291      0.0806        0.8001  |   -0.2277/ -0.1915/ -0.1817           -0.1817          -0.3529     0.0109  |       0.0832      0.2399
 292      0.0310        0.9127  |   -0.2591/ -0.1903/ -0.1787           -0.1787          -0.3388     0.0081  |       0.0893      0.2399
 293      0.0421        0.8091  |   -0.2893/ -0.2184/ -0.2041           -0.2041          -0.3916     0.0092  |       0.0968      0.2399
 294      0.0228        0.8296  |   -0.3257/ -0.2220/ -0.2092           -0.2092          -0.3946     0.0093  |       0.1040      0.2399
 295      0.0001        0.8404  |   -0.3184/ -0.2044/ -0.1902           -0.1902          -0.3743     0.0174  |       0.1129      0.2399
 296      0.0057        0.8509  |   -0.2409/ -0.2002/ -0.1896           -0.1896          -0.3202     0.0189  |       0.1237      0.2399
 297      0.0088        0.7945  |   -0.2777/ -0.1902/ -0.1796           -0.1796          -0.3521     0.0052  |       0.1370      0.2399
 298     -0.0071        0.8195  |   -0.2484/ -0.2130/ -0.2044           -0.2044          -0.3432     0.0171  |       0.1420      0.2399
 299     -0.0274        0.7898  |   -0.3345/ -0.1933/ -0.1814           -0.1814          -0.3242     0.0063  |       0.1544      0.2399
IMAGEIO FFMPEG_WRITER WARNING: input image is not divisible by macro_block_size=16, resizing from (320, 180) to (320, 192) to ensure video compatibility with most codecs and players. To prevent resizing, make your input image divisible by the macro_block_size or set the macro_block_size to 1 (risking incompatibility).

Saved 300 frames -> /home/ashwink/Documents/swms/SWM_copy/rollouts_5_per/expert-only/epoch7/epoch7_rollout1_failure.mp4
min dist(green_cube,blue_moon) over episode = 0.0820  ->  FAILURE
Full log written to /home/ashwink/Documents/swms/SWM_copy/rollouts_5_per/expert-only/epoch7/epoch7_rollout1_20260723_125046.log
Result json -> /home/ashwink/Documents/swms/SWM_copy/rollouts_5_per/expert-only/epoch7/epoch7_rollout1_result.json
