Checkpoint dir epoch: 7  Rollout: 2
Logging to /home/ashwink/Documents/swms/SWM_copy/rollouts_5_per/expert-only/epoch7/epoch7_rollout2_20260723_125229.log
Goal (fixed, steps 0-299): the green cube is touching the blue moon. the peg is touching the green cube.

Checkpoint: /home/ashwink/Documents/swms/SWM_copy/training/checkpoints_clip_full_finetuned_wider_hl/epoch_007.pt
  epoch=7  step=6864

Loading CLIP ViT-L/14 (datacomp_xl_s13b_b90k) + fine-tuned clip_state_dict ...
Parsing model identifier. Schema: None, Identifier: ViT-L-14
Loaded built-in ViT-L-14 model config.
Instantiating model architecture: CLIP
Loading full pretrained weights from: /home/ashwink/.cache/huggingface/hub/models--laion--CLIP-ViT-L-14-DataComp.XL-s13B-b90K/snapshots/84c9828e63dc9a9351d1fe637c346d4c1c4db341/open_clip_pytorch_model.bin
Final image preprocessing configuration set: {'size': (224, 224), 'mode': 'RGB', 'mean': (0.48145466, 0.4578275, 0.40821073), 'std': (0.26862954, 0.26130258, 0.27577711), 'interpolation': 'bicubic', 'resize_mode': 'shortest', 'fill_color': 0}
Model ViT-L-14 creation process complete.
Parsing tokenizer identifier. Schema: None, Identifier: ViT-L-14
Attempting to load config from built-in: ViT-L-14
Using default SimpleTokenizer.
z_star shape: torch.Size([768])

Loading action stats from /home/ashwink/full_data_5000/langtable/demos/ ...
  lo=[-0.03372681140899658, -0.03493623435497284]  hi=[0.03496786952018738, 0.03494429588317871]

Initializing LangTable env ...
Loading URDF plane.urdf
Loading URDF /home/ashwink/Documents/swms/.venv/lib/python3.10/site-packages/language_table/environments/utils/../../../language_table/environments/assets/workspace_real.urdf
Loading URDF xarm/xarm6_robot_white.urdf
Loading URDF /home/ashwink/Documents/swms/.venv/lib/python3.10/site-packages/language_table/environments/utils/../../../language_table/environments/assets/suction/cylinder_real.urdf
Loading URDF /home/ashwink/Documents/swms/.venv/lib/python3.10/site-packages/language_table/environments/utils/../../../language_table/environments/assets/blocks/red_moon.urdf
Loading URDF /home/ashwink/Documents/swms/.venv/lib/python3.10/site-packages/language_table/environments/utils/../../../language_table/environments/assets/blocks/red_cube.urdf
Loading URDF /home/ashwink/Documents/swms/.venv/lib/python3.10/site-packages/language_table/environments/utils/../../../language_table/environments/assets/blocks/red_star.urdf
Loading URDF /home/ashwink/Documents/swms/.venv/lib/python3.10/site-packages/language_table/environments/utils/../../../language_table/environments/assets/blocks/red_pentagon.urdf
Loading URDF /home/ashwink/Documents/swms/.venv/lib/python3.10/site-packages/language_table/environments/utils/../../../language_table/environments/assets/blocks/blue_moon.urdf
Loading URDF /home/ashwink/Documents/swms/.venv/lib/python3.10/site-packages/language_table/environments/utils/../../../language_table/environments/assets/blocks/blue_cube.urdf
Loading URDF /home/ashwink/Documents/swms/.venv/lib/python3.10/site-packages/language_table/environments/utils/../../../language_table/environments/assets/blocks/blue_star.urdf
Loading URDF /home/ashwink/Documents/swms/.venv/lib/python3.10/site-packages/language_table/environments/utils/../../../language_table/environments/assets/blocks/blue_pentagon.urdf
Loading URDF /home/ashwink/Documents/swms/.venv/lib/python3.10/site-packages/language_table/environments/utils/../../../language_table/environments/assets/blocks/yellow_moon.urdf
Loading URDF /home/ashwink/Documents/swms/.venv/lib/python3.10/site-packages/language_table/environments/utils/../../../language_table/environments/assets/blocks/yellow_cube.urdf
Loading URDF /home/ashwink/Documents/swms/.venv/lib/python3.10/site-packages/language_table/environments/utils/../../../language_table/environments/assets/blocks/yellow_star.urdf
Loading URDF /home/ashwink/Documents/swms/.venv/lib/python3.10/site-packages/language_table/environments/utils/../../../language_table/environments/assets/blocks/yellow_pentagon.urdf
Loading URDF /home/ashwink/Documents/swms/.venv/lib/python3.10/site-packages/language_table/environments/utils/../../../language_table/environments/assets/blocks/green_moon.urdf
Loading URDF /home/ashwink/Documents/swms/.venv/lib/python3.10/site-packages/language_table/environments/utils/../../../language_table/environments/assets/blocks/green_cube.urdf
Loading URDF /home/ashwink/Documents/swms/.venv/lib/python3.10/site-packages/language_table/environments/utils/../../../language_table/environments/assets/blocks/green_star.urdf
Loading URDF /home/ashwink/Documents/swms/.venv/lib/python3.10/site-packages/language_table/environments/utils/../../../language_table/environments/assets/blocks/green_pentagon.urdf
Loading URDF /home/ashwink/Documents/swms/.venv/lib/python3.10/site-packages/language_table/environments/utils/../../../language_table/environments/assets/blocks/purple_moon.urdf
Loading URDF /home/ashwink/Documents/swms/.venv/lib/python3.10/site-packages/language_table/environments/utils/../../../language_table/environments/assets/blocks/purple_cube.urdf
Loading URDF /home/ashwink/Documents/swms/.venv/lib/python3.10/site-packages/language_table/environments/utils/../../../language_table/environments/assets/blocks/purple_star.urdf
Loading URDF /home/ashwink/Documents/swms/.venv/lib/python3.10/site-packages/language_table/environments/utils/../../../language_table/environments/assets/blocks/purple_pentagon.urdf
Env ready.

Forced peg start: [0.42843915 0.24419614]  (green_cube=[0.40339102 0.18967466], blue_moon=[0.32039625 0.00902261])
  dist(peg,green_cube)=0.0600  dist(peg,blue_moon)=0.2588  dist(green_cube,blue_moon)=0.1988

step  cos(zt,z*)  cos(zt,zt-1)  |   cos(predK,z*) min/mean/max  cos(pred_sel,z*)   cos(zpred0,z*)  ||a_raw||  |  dist(peg,A)   dist(A,B)
-------------------------------------------------------------------------------------------------------------------------------------------------------------------------------
   0      0.1080           nan  |    0.5397/  0.7600/  0.7856            0.7856           0.6858     0.0096  |       0.0587      0.1988
   1      0.1135        0.9956  |    0.7107/  0.7681/  0.7785            0.7785           0.6879     0.0076  |       0.0505      0.1988
   2      0.1052        0.9952  |    0.7294/  0.7722/  0.7831            0.7831           0.6878     0.0078  |       0.0517      0.1988
   3      0.1004        0.9957  |    0.7410/  0.7722/  0.7821            0.7821           0.6919     0.0097  |       0.0462      0.1988
   4      0.1083        0.9958  |    0.7002/  0.7744/  0.7867            0.7867           0.6905     0.0123  |       0.0452      0.1988
   5      0.1140        0.9951  |    0.7459/  0.7711/  0.7825            0.7825           0.6882     0.0076  |       0.0504      0.1988
   6      0.1088        0.9968  |    0.7270/  0.7741/  0.7841            0.7841           0.6890     0.0035  |       0.0489      0.1988
   7      0.1122        0.9981  |    0.7400/  0.7718/  0.7836            0.7836           0.6882     0.0051  |       0.0500      0.1988
   8      0.1043        0.9931  |    0.7269/  0.7767/  0.7879            0.7879           0.6892     0.0030  |       0.0455      0.1988
   9      0.1091        0.9963  |    0.7278/  0.7775/  0.7883            0.7883           0.6911     0.0048  |       0.0424      0.1988
  10      0.1005        0.9956  |    0.7280/  0.7723/  0.7824            0.7824           0.6913     0.0122  |       0.0456      0.1988
  11      0.1075        0.9901  |    0.7486/  0.7795/  0.7902            0.7902           0.6939     0.0046  |       0.0358      0.1988
  12      0.1096        0.9934  |    0.7305/  0.7811/  0.7904            0.7904           0.6869     0.0022  |       0.0379      0.1988
  13      0.1002        0.9940  |    0.7420/  0.7769/  0.7868            0.7868           0.6913     0.0032  |       0.0400      0.1988
  14      0.1098        0.9895  |    0.7291/  0.7742/  0.7856            0.7856           0.6895     0.0046  |       0.0381      0.1988
  15      0.1088        0.9956  |    0.7492/  0.7806/  0.7898            0.7898           0.6907     0.0077  |       0.0420      0.1988
  16      0.1080        0.9954  |    0.7502/  0.7786/  0.7891            0.7891           0.6889     0.0019  |       0.0354      0.1988
  17      0.1105        0.9964  |    0.7360/  0.7833/  0.7937            0.7937           0.6932     0.0059  |       0.0357      0.1988
  18      0.1281        0.9444  |    0.7204/  0.7775/  0.7889            0.7889           0.6914     0.0097  |       0.0345      0.1952
  19      0.1056        0.9572  |    0.7625/  0.7832/  0.7942            0.7942           0.7024     0.0038  |       0.0383      0.1952
  20      0.1100        0.9934  |    0.7608/  0.7832/  0.7943            0.7943           0.7005     0.0072  |       0.0384      0.1952
  21      0.1294        0.9219  |    0.7514/  0.7778/  0.7898            0.7898           0.6910     0.0009  |       0.0345      0.1927
  22      0.1314        0.9904  |    0.7514/  0.7813/  0.7910            0.7910           0.6939     0.0043  |       0.0346      0.1927
  23      0.1344        0.9785  |    0.7267/  0.7773/  0.7884            0.7884           0.6941     0.0080  |       0.0354      0.1923
  24      0.0660        0.8924  |    0.7143/  0.7496/  0.7616            0.7616           0.6672     0.0071  |       0.0355      0.1864
  25      0.1183        0.7323  |    0.6889/  0.7677/  0.7777            0.7777           0.6704     0.0070  |       0.0356      0.1807
  26      0.1158        0.9405  |    0.7014/  0.7675/  0.7785            0.7785           0.6720     0.0037  |       0.0352      0.1762
  27      0.1259        0.9680  |    0.6698/  0.7698/  0.7798            0.7798           0.6679     0.0076  |       0.0349      0.1746
  28      0.1173        0.9098  |    0.7409/  0.7691/  0.7796            0.7796           0.6840     0.0057  |       0.0357      0.1699
  29      0.1280        0.9458  |    0.7311/  0.7693/  0.7768            0.7768           0.6819     0.0077  |       0.0351      0.1685
  30      0.0997        0.9083  |    0.7085/  0.7563/  0.7648            0.7648           0.6632     0.0073  |       0.0347      0.1646
  31      0.1355        0.9387  |    0.6892/  0.7582/  0.7671            0.7671           0.6592     0.0074  |       0.0352      0.1632
  32      0.1156        0.8885  |    0.6951/  0.7484/  0.7580            0.7580           0.6330     0.0062  |       0.0342      0.1610
  33      0.1275        0.8860  |    0.7312/  0.7718/  0.7802            0.7802           0.6690     0.0087  |       0.0350      0.1594
  34      0.1521        0.8768  |    0.7371/  0.7680/  0.7825            0.7825           0.6882     0.0044  |       0.0353      0.1563
  35      0.1352        0.9210  |    0.6948/  0.7901/  0.8017            0.8017           0.6929     0.0107  |       0.0349      0.1554
  36      0.1226        0.9104  |    0.7234/  0.7854/  0.7978            0.7978           0.6721     0.0138  |       0.0347      0.1510
  37      0.0885        0.8184  |    0.6468/  0.7459/  0.7622            0.7622           0.5751     0.0102  |       0.0349      0.1511
  38      0.0969        0.8648  |    0.6241/  0.7738/  0.7846            0.7846           0.6766     0.0091  |       0.0350      0.1471
  39      0.1026        0.8650  |    0.6629/  0.7847/  0.7979            0.7979           0.6869     0.0167  |       0.0349      0.1437
  40      0.0908        0.8551  |    0.7110/  0.7820/  0.7933            0.7933           0.6867     0.0094  |       0.0371      0.1496
  41      0.0975        0.9484  |    0.4349/  0.8403/  0.8574            0.8574           0.6850     0.0034  |       0.0341      0.1510
  42      0.0876        0.9499  |    0.7976/  0.8502/  0.8646            0.8646           0.6880     0.0205  |       0.0339      0.1524
  43      0.1219        0.8326  |    0.7326/  0.7663/  0.7799            0.7799           0.6418     0.0162  |       0.0384      0.1619
  44      0.1441        0.8677  |    0.7625/  0.8141/  0.8338            0.8338           0.6585     0.0114  |       0.0346      0.1656
  45      0.1237        0.8995  |    0.7740/  0.7962/  0.8065            0.8065           0.6509     0.0064  |       0.0348      0.1700
  46      0.0985        0.8858  |    0.6907/  0.7823/  0.7963            0.7963           0.5943     0.0137  |       0.0350      0.1726
  47      0.1286        0.7637  |    0.6629/  0.7112/  0.7225            0.7225           0.6194     0.0071  |       0.0357      0.1763
  48      0.1446        0.8988  |    0.6850/  0.7633/  0.7736            0.7736           0.6345     0.0109  |       0.0343      0.1768
  49      0.1428        0.8013  |    0.7089/  0.7605/  0.7765            0.7765           0.6375     0.0112  |       0.0352      0.1750
  50      0.1531        0.8280  |    0.7346/  0.7910/  0.8009            0.8009           0.6257     0.0049  |       0.0356      0.1772
  51      0.1361        0.8756  |    0.7237/  0.7682/  0.7864            0.7864           0.6350     0.0105  |       0.0358      0.1783
  52      0.1149        0.8787  |    0.6883/  0.7422/  0.7526            0.7526           0.6219     0.0028  |       0.0429      0.1783
  53      0.1081        0.9687  |    0.6866/  0.7054/  0.7183            0.7183           0.5913     0.0041  |       0.0453      0.1783
  54      0.1043        0.9733  |    0.6777/  0.7429/  0.7560            0.7560           0.6291     0.0092  |       0.0442      0.1783
  55      0.1300        0.9338  |    0.7235/  0.7641/  0.7758            0.7758           0.6455     0.0126  |       0.0412      0.1783
  56      0.1307        0.7831  |    0.7200/  0.7605/  0.7694            0.7694           0.6517     0.0063  |       0.0400      0.1771
  57      0.1290        0.8259  |    0.6935/  0.7384/  0.7532            0.7532           0.5954     0.0169  |       0.0409      0.1793
  58      0.1065        0.5419  |    0.7026/  0.7343/  0.7446            0.7446           0.5380     0.0060  |       0.0410      0.1853
  59      0.1206        0.8989  |    0.6759/  0.7199/  0.7297            0.7297           0.5302     0.0071  |       0.0436      0.1854
  60      0.1362        0.9258  |    0.6764/  0.7225/  0.7314            0.7314           0.4918     0.0059  |       0.0428      0.1854
  61      0.1236        0.8980  |    0.7214/  0.7514/  0.7625            0.7625           0.6250     0.0190  |       0.0436      0.1854
  62      0.1405        0.6905  |    0.7340/  0.7797/  0.7887            0.7887           0.6737     0.0049  |       0.0366      0.1854
  63      0.1274        0.9350  |    0.7319/  0.7552/  0.7669            0.7669           0.6810     0.0069  |       0.0390      0.1854
  64      0.1266        0.9165  |    0.6663/  0.7455/  0.7594            0.7594           0.6878     0.0080  |       0.0444      0.1854
  65      0.1307        0.8418  |    0.6825/  0.7619/  0.7720            0.7720           0.6682     0.0047  |       0.0398      0.1854
  66      0.1011        0.9057  |    0.7013/  0.7373/  0.7479            0.7479           0.6471     0.0058  |       0.0382      0.1854
  67      0.0860        0.8446  |    0.6599/  0.7394/  0.7515            0.7515           0.6596     0.0028  |       0.0372      0.1854
  68      0.0787        0.9377  |    0.6958/  0.7385/  0.7467            0.7467           0.6396     0.0091  |       0.0369      0.1854
  69      0.1006        0.8524  |    0.6495/  0.7312/  0.7428            0.7428           0.6658     0.0196  |       0.0428      0.1854
  70      0.0633        0.7327  |    0.5080/  0.5203/  0.5328            0.5328           0.4618     0.0088  |       0.0361      0.1822
  71      0.1043        0.8325  |    0.6647/  0.7224/  0.7323            0.7323           0.6363     0.0114  |       0.0366      0.1825
  72      0.1221        0.8688  |    0.6986/  0.7515/  0.7588            0.7588           0.6728     0.0150  |       0.0339      0.1771
  73      0.1182        0.8736  |    0.7379/  0.7580/  0.7654            0.7654           0.6598     0.0026  |       0.0335      0.1762
  74      0.1135        0.9094  |    0.6994/  0.7612/  0.7719            0.7719           0.6594     0.0066  |       0.0329      0.1762
  75      0.1334        0.9229  |    0.7231/  0.7738/  0.7835            0.7835           0.6601     0.0067  |       0.0331      0.1722
  76      0.1318        0.9113  |    0.7272/  0.7570/  0.7657            0.7657           0.6172     0.0126  |       0.0330      0.1708
  77      0.1128        0.8738  |    0.7096/  0.7566/  0.7643            0.7643           0.6362     0.0130  |       0.0333      0.1631
  78      0.1084        0.9110  |    0.7174/  0.7554/  0.7649            0.7649           0.6097     0.0103  |       0.0329      0.1624
  79      0.1154        0.8697  |    0.7101/  0.7479/  0.7586            0.7586           0.6324     0.0097  |       0.0329      0.1561
  80      0.1187        0.8899  |    0.7273/  0.7612/  0.7705            0.7705           0.6580     0.0173  |       0.0330      0.1477
  81      0.1215        0.8473  |    0.7276/  0.7590/  0.7687            0.7687           0.6613     0.0106  |       0.0335      0.1380
  82      0.0944        0.8881  |    0.7256/  0.7562/  0.7661            0.7661           0.6654     0.0100  |       0.0330      0.1292
  83      0.0962        0.8780  |    0.7316/  0.7656/  0.7759            0.7759           0.6500     0.0151  |       0.0331      0.1212
  84      0.0842        0.8708  |    0.7354/  0.7707/  0.7813            0.7813           0.6703     0.0177  |       0.0335      0.1118
  85      0.0987        0.8802  |    0.7340/  0.7667/  0.7758            0.7758           0.6815     0.0063  |       0.0332      0.1098
  86      0.1113        0.9161  |    0.7010/  0.7583/  0.7672            0.7672           0.6668     0.0135  |       0.0337      0.1098
  87      0.1271        0.8677  |    0.7293/  0.7597/  0.7700            0.7700           0.6838     0.0096  |       0.0336      0.1026
  88      0.1172        0.8616  |    0.7230/  0.7454/  0.7553            0.7553           0.6072     0.0128  |       0.0334      0.0971
  89      0.1261        0.8265  |    0.6025/  0.6614/  0.6762            0.6762          -0.1165     0.0150  |       0.0333      0.0918
  90      0.1429        0.8496  |    0.6503/  0.7172/  0.7297            0.7297           0.0696     0.0058  |       0.0339      0.0923
  91      0.1219        0.8800  |    0.3938/  0.4388/  0.4662            0.4662          -0.1708     0.0069  |       0.0335      0.0948
  92      0.1242        0.9548  |    0.4641/  0.5116/  0.5268            0.5268          -0.1567     0.0052  |       0.0339      0.0951
  93      0.0972        0.9440  |    0.4931/  0.5451/  0.5688            0.5688          -0.1699     0.0148  |       0.0336      0.0972
  94      0.1366        0.8563  |    0.6485/  0.6828/  0.6924            0.6924           0.4627     0.0177  |       0.0343      0.1002
  95      0.1139        0.8452  |    0.6838/  0.7337/  0.7452            0.7452           0.6751     0.0137  |       0.0342      0.1033
  96      0.1162        0.8822  |    0.7045/  0.7328/  0.7409            0.7409           0.6957     0.0058  |       0.0340      0.1110
  97      0.1367        0.9342  |    0.6579/  0.7335/  0.7472            0.7472           0.6894     0.0084  |       0.0334      0.1130
  98      0.1258        0.9241  |    0.7196/  0.7550/  0.7659            0.7659           0.6983     0.0105  |       0.0338      0.1160
  99      0.1407        0.8779  |    0.6620/  0.7451/  0.7570            0.7570           0.6563     0.0153  |       0.0424      0.1160
 100      0.1459        0.9068  |    0.7329/  0.7693/  0.7798            0.7798           0.7092     0.0077  |       0.0376      0.1190
 101      0.1241        0.9252  |    0.6168/  0.6464/  0.6582            0.6582           0.4849     0.0051  |       0.0433      0.1190
 102      0.1010        0.9381  |    0.4781/  0.5063/  0.5220            0.5220           0.1332     0.0041  |       0.0465      0.1190
 103      0.0758        0.9382  |   -0.2121/ -0.1768/ -0.1608           -0.1608          -0.2234     0.0024  |       0.0490      0.1190
 104      0.0869        0.9757  |    0.2017/  0.2380/  0.2548            0.2548          -0.1058     0.0106  |       0.0485      0.1190
 105      0.0837        0.9553  |    0.1329/  0.1768/  0.1959            0.1959          -0.1922     0.0120  |       0.0518      0.1190
 106      0.1086        0.9222  |    0.5751/  0.6019/  0.6128            0.6128           0.2623     0.0098  |       0.0494      0.1190
 107      0.1265        0.9448  |    0.3579/  0.3890/  0.4102            0.4102           0.0217     0.0033  |       0.0503      0.1190
 108      0.1076        0.9791  |    0.1853/  0.2096/  0.2261            0.2261          -0.1835     0.0182  |       0.0529      0.1190
 109      0.0662        0.8949  |   -0.2595/ -0.2361/ -0.2294           -0.2294          -0.2592     0.0095  |       0.0592      0.1190
 110      0.0237        0.9253  |   -0.2262/ -0.2134/ -0.2062           -0.2062          -0.2392     0.0074  |       0.0575      0.1190
 111      0.0184        0.9610  |   -0.2301/ -0.2153/ -0.2082           -0.2082          -0.2447     0.0155  |       0.0559      0.1190
 112     -0.0279        0.8920  |   -0.2995/ -0.2530/ -0.2420           -0.2420          -0.2961     0.0211  |       0.0605      0.1190
 113     -0.0723        0.8897  |   -0.3267/ -0.2548/ -0.2439           -0.2439          -0.3349     0.0055  |       0.0802      0.1190
 114     -0.0774        0.9448  |   -0.3080/ -0.2753/ -0.2625           -0.2625          -0.3553     0.0116  |       0.0787      0.1190
 115     -0.0300        0.9414  |   -0.3400/ -0.2589/ -0.2489           -0.2489          -0.3067     0.0083  |       0.0681      0.1190
 116     -0.0394        0.9712  |   -0.3829/ -0.3230/ -0.3073           -0.3073          -0.3724     0.0109  |       0.0737      0.1190
 117     -0.0710        0.9348  |   -0.3540/ -0.2966/ -0.2836           -0.2836          -0.3675     0.0169  |       0.0819      0.1190
 118     -0.0860        0.8767  |   -0.3379/ -0.2132/ -0.2015           -0.2015          -0.3003     0.0149  |       0.0977      0.1190
 119     -0.0936        0.8282  |   -0.2528/ -0.1472/ -0.1299           -0.1299          -0.2570     0.0084  |       0.1125      0.1190
 120     -0.0879        0.8457  |   -0.3164/ -0.2572/ -0.2422           -0.2422          -0.3880     0.0165  |       0.1074      0.1190
 121     -0.0647        0.8062  |   -0.3178/ -0.2849/ -0.2716           -0.2716          -0.4294     0.0229  |       0.0953      0.1190
 122     -0.0956        0.8334  |   -0.2964/ -0.2376/ -0.2243           -0.2243          -0.3193     0.0233  |       0.0807      0.1190
 123     -0.0223        0.7695  |    0.0028/  0.0866/  0.1636            0.1636          -0.2930     0.0124  |       0.0855      0.1190
 124     -0.0321        0.8960  |   -0.1110/ -0.0824/ -0.0651           -0.0651          -0.3017     0.0233  |       0.0952      0.1190
 125     -0.0194        0.8212  |   -0.2107/ -0.1883/ -0.1713           -0.1713          -0.3320     0.0307  |       0.0964      0.1190
 126     -0.0294        0.8092  |   -0.2901/ -0.2427/ -0.2276           -0.2276          -0.3356     0.0168  |       0.0763      0.1190
 127      0.0478        0.8315  |    0.0955/  0.1029/  0.1099            0.1099          -0.1321     0.0164  |       0.0634      0.1190
 128      0.0966        0.9096  |    0.5913/  0.6195/  0.6365            0.6365           0.2744     0.0256  |       0.0488      0.1190
 129      0.1054        0.8247  |    0.7667/  0.8093/  0.8254            0.8254           0.6835     0.0205  |       0.0397      0.1217
 130      0.0626        0.8077  |   -0.0213/ -0.0056/  0.0106            0.0106          -0.0577     0.0050  |       0.0570      0.1216
 131      0.0756        0.9893  |    0.3894/  0.4257/  0.4441            0.4441           0.0064     0.0141  |       0.0572      0.1216
 132      0.0986        0.8872  |    0.5837/  0.6224/  0.6350            0.6350           0.1989     0.0047  |       0.0447      0.1216
 133      0.0987        0.9501  |    0.5578/  0.6112/  0.6238            0.6238           0.2619     0.0082  |       0.0456      0.1216
 134      0.1094        0.8881  |    0.7135/  0.7730/  0.7842            0.7842           0.6633     0.0096  |       0.0409      0.1238
 135      0.0759        0.8688  |    0.3514/  0.3900/  0.4047            0.4047          -0.1412     0.0151  |       0.0404      0.1301
 136      0.0956        0.8608  |    0.6567/  0.7013/  0.7187            0.7187           0.5982     0.0118  |       0.0462      0.1301
 137      0.0830        0.9285  |    0.6828/  0.7371/  0.7506            0.7506           0.4475     0.0164  |       0.0410      0.1349
 138      0.0652        0.8692  |    0.0837/  0.1133/  0.1406            0.1406          -0.3116     0.0225  |       0.0408      0.1421
 139      0.1000        0.8331  |    0.6714/  0.7050/  0.7229            0.7229           0.4928     0.0227  |       0.0433      0.1530
 140      0.0937        0.8641  |    0.0763/  0.0983/  0.1297            0.1297          -0.3408     0.0121  |       0.0420      0.1674
 141      0.0911        0.9235  |    0.1852/  0.2117/  0.2286            0.2286          -0.3399     0.0292  |       0.0407      0.1769
 142      0.1147        0.8605  |    0.1262/  0.1343/  0.1418            0.1418          -0.2615     0.0241  |       0.0427      0.1909
 143      0.0916        0.9012  |    0.0423/  0.0671/  0.0831            0.0831          -0.4001     0.0044  |       0.0385      0.1909
 144      0.1058        0.9401  |    0.4133/  0.4485/  0.4663            0.4663          -0.0060     0.0186  |       0.0374      0.1909
 145      0.1020        0.9434  |    0.2969/  0.3370/  0.3496            0.3496          -0.1015     0.0320  |       0.0524      0.1909
 146      0.0343        0.8971  |   -0.0457/ -0.0203/ -0.0024           -0.0024          -0.2689     0.0160  |       0.0797      0.1909
 147      0.0068        0.9750  |   -0.0430/ -0.0174/  0.0040            0.0040          -0.2286     0.0340  |       0.0964      0.1909
 148     -0.0130        0.9666  |   -0.1451/ -0.1082/ -0.0828           -0.0828          -0.2208     0.0316  |       0.1280      0.1909
 149     -0.0072        0.9615  |   -0.2298/ -0.1892/ -0.1738           -0.1738          -0.2941     0.0068  |       0.1536      0.1909
 150     -0.0165        0.9808  |   -0.2571/ -0.1716/ -0.1613           -0.1613          -0.2470     0.0194  |       0.1544      0.1909
 151      0.0586        0.9309  |   -0.3533/ -0.3074/ -0.2953           -0.2953          -0.3815     0.0022  |       0.1501      0.1909
 152      0.0601        0.9874  |   -0.3448/ -0.2821/ -0.2539           -0.2539          -0.3980     0.0210  |       0.1482      0.1909
 153      0.0565        0.9469  |   -0.3385/ -0.3116/ -0.2886           -0.2886          -0.3596     0.0121  |       0.1425      0.1909
 154      0.0410        0.9732  |   -0.3534/ -0.2822/ -0.2693           -0.2693          -0.3951     0.0190  |       0.1319      0.1909
 155      0.0288        0.9431  |   -0.2686/ -0.2035/ -0.1893           -0.1893          -0.3192     0.0174  |       0.1147      0.1909
 156      0.0246        0.9811  |   -0.3227/ -0.2809/ -0.2671           -0.2671          -0.3677     0.0151  |       0.1010      0.1909
 157      0.0683        0.9532  |   -0.1398/ -0.0573/ -0.0299           -0.0299          -0.3225     0.0226  |       0.0862      0.1909
 158      0.1169        0.9599  |    0.4397/  0.4762/  0.5041            0.5041           0.2249     0.0257  |       0.0714      0.1909
 159      0.1440        0.9356  |    0.6725/  0.7254/  0.7386            0.7386           0.6095     0.0064  |       0.0503      0.1909
 160      0.1499        0.9832  |    0.6436/  0.7360/  0.7478            0.7478           0.6298     0.0027  |       0.0446      0.1909
 161      0.1481        0.9918  |    0.6828/  0.7356/  0.7473            0.7473           0.6459     0.0030  |       0.0445      0.1909
 162      0.1474        0.9919  |    0.5911/  0.7425/  0.7559            0.7559           0.6548     0.0076  |       0.0440      0.1909
 163      0.1512        0.9764  |    0.6423/  0.7246/  0.7375            0.7375           0.6294     0.0059  |       0.0499      0.1909
 164      0.1386        0.9869  |    0.6794/  0.7318/  0.7430            0.7430           0.6200     0.0021  |       0.0552      0.1909
 165      0.1360        0.9908  |    0.6586/  0.6942/  0.7065            0.7065           0.5769     0.0037  |       0.0562      0.1909
 166      0.1427        0.9842  |    0.6041/  0.7120/  0.7230            0.7230           0.5965     0.0119  |       0.0551      0.1909
 167      0.1375        0.9495  |    0.6158/  0.6810/  0.6919            0.6919           0.5378     0.0129  |       0.0604      0.1909
 168      0.1248        0.9554  |    0.6383/  0.6830/  0.6930            0.6930           0.5198     0.0043  |       0.0704      0.1909
 169      0.1146        0.9772  |    0.5161/  0.5438/  0.5551            0.5551           0.2086     0.0103  |       0.0744      0.1909
 170     -0.0342        0.8729  |   -0.3533/ -0.3319/ -0.3164           -0.3164          -0.3665     0.0119  |       0.0801      0.1909
 171     -0.0327        0.9996  |   -0.3427/ -0.3073/ -0.3008           -0.3008          -0.3635     0.0067  |       0.0847      0.1909
 172      0.0076        0.9872  |   -0.3416/ -0.3021/ -0.2953           -0.2953          -0.3674     0.0091  |       0.0853      0.1909
 173      0.0987        0.8928  |   -0.1744/ -0.0860/ -0.0534           -0.0534          -0.3860     0.0254  |       0.0817      0.1909
 174     -0.0128        0.8789  |   -0.3667/ -0.3397/ -0.3253           -0.3253          -0.3793     0.0018  |       0.0750      0.1909
 175     -0.0232        0.9978  |   -0.3437/ -0.3261/ -0.3191           -0.3191          -0.3808     0.0131  |       0.0742      0.1909
 176      0.1331        0.8181  |    0.5827/  0.6624/  0.6852            0.6852           0.5119     0.0028  |       0.0697      0.1909
 177      0.1323        0.9906  |    0.6465/  0.6683/  0.6789            0.6789           0.5164     0.0025  |       0.0680      0.1909
 178      0.1315        0.9820  |    0.6404/  0.7110/  0.7214            0.7214           0.5637     0.0004  |       0.0691      0.1909
 179      0.1314        0.9986  |    0.6025/  0.7177/  0.7315            0.7315           0.5937     0.0030  |       0.0688      0.1909
 180      0.1237        0.9832  |    0.6177/  0.6447/  0.6544            0.6544           0.4627     0.0080  |       0.0695      0.1909
 181     -0.0329        0.8389  |   -0.3567/ -0.3336/ -0.3177           -0.3177          -0.3639     0.0120  |       0.0755      0.1909
 182     -0.0326        1.0000  |   -0.3318/ -0.3098/ -0.3027           -0.3027          -0.3638     0.0104  |       0.0835      0.1909
 183      0.0974        0.9038  |    0.0819/  0.1319/  0.1579            0.1579          -0.2527     0.0085  |       0.0802      0.1909
 184     -0.0148        0.9193  |   -0.4042/ -0.3620/ -0.3438           -0.3438          -0.3833     0.0044  |       0.0808      0.1909
 185      0.0370        0.9837  |   -0.3377/ -0.3181/ -0.3099           -0.3099          -0.3629     0.0093  |       0.0807      0.1909
 186      0.1140        0.9241  |    0.1543/  0.1860/  0.2079            0.2079          -0.2458     0.0201  |       0.0771      0.1909
 187      0.1393        0.9438  |    0.6523/  0.6945/  0.7064            0.7064           0.5453     0.0048  |       0.0621      0.1909
 188      0.1324        0.9795  |    0.6484/  0.7119/  0.7250            0.7250           0.6094     0.0062  |       0.0584      0.1909
 189      0.1253        0.9722  |    0.6112/  0.6855/  0.6977            0.6977           0.5145     0.0088  |       0.0633      0.1909
 190      0.1163        0.9764  |    0.6346/  0.7184/  0.7288            0.7288           0.5414     0.0133  |       0.0620      0.1909
 191     -0.0326        0.8267  |   -0.3686/ -0.3434/ -0.3259           -0.3259          -0.3638     0.0050  |       0.0739      0.1909
 192     -0.0327        1.0000  |   -0.3257/ -0.3086/ -0.3003           -0.3003          -0.3641     0.0162  |       0.0710      0.1909
 193      0.1327        0.7391  |    0.6539/  0.7332/  0.7498            0.7498           0.6325     0.0055  |       0.0606      0.1909
 194      0.1243        0.9903  |    0.6302/  0.7212/  0.7341            0.7341           0.5894     0.0064  |       0.0581      0.1909
 195      0.1229        0.9884  |    0.6432/  0.7130/  0.7263            0.7263           0.5741     0.0064  |       0.0570      0.1909
 196      0.1178        0.9697  |    0.6570/  0.7272/  0.7414            0.7414           0.5253     0.0079  |       0.0571      0.1909
 197      0.0635        0.9047  |   -0.3518/ -0.3122/ -0.2968           -0.2968          -0.3499     0.0122  |       0.0629      0.1909
 198     -0.0325        0.9698  |   -0.3293/ -0.3133/ -0.3045           -0.3045          -0.3639     0.0085  |       0.0722      0.1909
 199     -0.0326        1.0000  |   -0.3181/ -0.3046/ -0.2990           -0.2990          -0.3634     0.0093  |       0.0674      0.1909
 200      0.0961        0.9163  |    0.0862/  0.1384/  0.1764            0.1764          -0.2833     0.0216  |       0.0609      0.1909
 201      0.1278        0.9019  |    0.6438/  0.7147/  0.7271            0.7271           0.5945     0.0151  |       0.0482      0.1909
 202      0.1141        0.9399  |    0.5569/  0.6252/  0.6420            0.6420           0.3473     0.0095  |       0.0579      0.1909
 203      0.1126        0.9392  |    0.3175/  0.3665/  0.3851            0.3851          -0.1838     0.0179  |       0.0660      0.1909
 204     -0.0180        0.9184  |   -0.3633/ -0.3354/ -0.3232           -0.3232          -0.3727     0.0087  |       0.0765      0.1909
 205     -0.0326        0.9957  |   -0.3229/ -0.3056/ -0.2999           -0.2999          -0.3640     0.0127  |       0.0767      0.1909
 206      0.1219        0.8605  |    0.3408/  0.3479/  0.3565            0.3565           0.0913     0.0032  |       0.0651      0.1909
 207      0.1121        0.9784  |    0.4859/  0.5330/  0.5476            0.5476           0.1433     0.0049  |       0.0616      0.1909
 208      0.1219        0.9755  |    0.6101/  0.6501/  0.6628            0.6628           0.3452     0.0208  |       0.0656      0.1909
 209      0.0752        0.9497  |   -0.3268/ -0.2934/ -0.2762           -0.2762          -0.3348     0.0161  |       0.0776      0.1909
 210     -0.0325        0.9531  |   -0.3567/ -0.3333/ -0.3206           -0.3206          -0.3639     0.0089  |       0.0907      0.1909
 211     -0.0326        1.0000  |   -0.3253/ -0.3070/ -0.3006           -0.3006          -0.3638     0.0101  |       0.0966      0.1909
 212     -0.0342        0.9996  |   -0.3220/ -0.3099/ -0.3039           -0.3039          -0.3664     0.0073  |       0.0880      0.1909
 213     -0.0326        0.9996  |   -0.3211/ -0.3052/ -0.2997           -0.2997          -0.3638     0.0089  |       0.0808      0.1909
 214      0.0013        0.9879  |   -0.3138/ -0.2974/ -0.2911           -0.2911          -0.3655     0.0090  |       0.0724      0.1909
 215      0.1095        0.8737  |    0.4612/  0.4847/  0.5128            0.5128           0.1459     0.0118  |       0.0653      0.1909
 216      0.1076        0.9854  |    0.4612/  0.4800/  0.4945            0.4945          -0.0296     0.0088  |       0.0694      0.1909
 217      0.1192        0.9778  |    0.5075/  0.5354/  0.5493            0.5493           0.1615     0.0074  |       0.0755      0.1909
 218      0.1305        0.9753  |    0.5844/  0.6204/  0.6303            0.6303           0.3860     0.0141  |       0.0828      0.1909
 219      0.0617        0.9180  |   -0.3555/ -0.2945/ -0.2665           -0.2665          -0.3537     0.0183  |       0.0954      0.1909
 220     -0.0154        0.9658  |   -0.3752/ -0.3430/ -0.3319           -0.3319          -0.3691     0.0143  |       0.1071      0.1909
 221     -0.0326        0.9906  |   -0.3401/ -0.3253/ -0.3157           -0.3157          -0.3638     0.0125  |       0.1029      0.1909
 222     -0.0326        1.0000  |   -0.3329/ -0.3069/ -0.3009           -0.3009          -0.3640     0.0095  |       0.1075      0.1909
 223     -0.0326        1.0000  |   -0.3360/ -0.3057/ -0.3004           -0.3004          -0.3638     0.0104  |       0.1006      0.1909
 224     -0.0327        1.0000  |   -0.3150/ -0.3051/ -0.2997           -0.2997          -0.3639     0.0089  |       0.0908      0.1909
 225     -0.0326        1.0000  |   -0.3144/ -0.3065/ -0.3012           -0.3012          -0.3638     0.0118  |       0.0824      0.1909
 226     -0.0326        1.0000  |   -0.3138/ -0.3051/ -0.2987           -0.2987          -0.3638     0.0093  |       0.0734      0.1909
 227      0.0665        0.9637  |   -0.2970/ -0.2837/ -0.2773           -0.2773          -0.3438     0.0074  |       0.0646      0.1909
 228      0.1094        0.8928  |    0.4889/  0.5287/  0.5475            0.5475           0.1863     0.0060  |       0.0570      0.1909
 229      0.1090        0.9687  |    0.3751/  0.4182/  0.4392            0.4392          -0.1239     0.0147  |       0.0618      0.1909
 230     -0.0326        0.8741  |   -0.3565/ -0.3343/ -0.3194           -0.3194          -0.3638     0.0019  |       0.0732      0.1909
 231     -0.0327        1.0000  |   -0.3205/ -0.3096/ -0.3015           -0.3015          -0.3639     0.0080  |       0.0748      0.1909
 232      0.0797        0.9585  |   -0.2972/ -0.2880/ -0.2819           -0.2819          -0.3442     0.0112  |       0.0677      0.1909
 233      0.1080        0.8970  |    0.4277/  0.4469/  0.4643            0.4643           0.1387     0.0148  |       0.0568      0.1909
 234      0.1055        0.9747  |    0.3282/  0.3612/  0.3765            0.3765          -0.1997     0.0220  |       0.0612      0.1909
 235      0.1209        0.9526  |    0.4957/  0.5585/  0.5714            0.5714           0.0418     0.0120  |       0.0793      0.1909
 236      0.0045        0.8957  |   -0.3856/ -0.3396/ -0.3197           -0.3197          -0.3769     0.0033  |       0.0918      0.1909
 237      0.0009        0.9991  |   -0.3360/ -0.3187/ -0.3123           -0.3123          -0.3867     0.0119  |       0.0900      0.1909
 238      0.0968        0.9398  |   -0.1412/ -0.1045/ -0.0703           -0.0703          -0.3224     0.0070  |       0.0794      0.1909
 239      0.1215        0.9784  |    0.4594/  0.5100/  0.5221            0.5221           0.0429     0.0231  |       0.0835      0.1909
 240      0.0342        0.9195  |   -0.3688/ -0.3254/ -0.3137           -0.3137          -0.3525     0.0102  |       0.1018      0.1909
 241     -0.0072        0.9848  |   -0.3080/ -0.2972/ -0.2913           -0.2913          -0.3515     0.0078  |       0.1041      0.1909
 242      0.0006        0.9953  |   -0.3055/ -0.2946/ -0.2884           -0.2884          -0.3550     0.0136  |       0.0974      0.1909
 243      0.1192        0.8835  |    0.4487/  0.4754/  0.4932            0.4932           0.1597     0.0125  |       0.0880      0.1909
 244      0.1181        0.9694  |    0.2432/  0.2693/  0.2871            0.2871           0.0058     0.0288  |       0.0981      0.1909
 245      0.0090        0.9062  |   -0.3283/ -0.2991/ -0.2850           -0.2850          -0.3470     0.0076  |       0.1252      0.1909
 246      0.0173        0.9851  |   -0.2741/ -0.2574/ -0.2513           -0.2513          -0.3139     0.0104  |       0.1242      0.1909
 247      0.1077        0.9344  |   -0.1799/ -0.1028/ -0.0520           -0.0520          -0.2748     0.0172  |       0.1155      0.1909
 248      0.1363        0.9127  |    0.4329/  0.4567/  0.4764            0.4764           0.3698     0.0128  |       0.1061      0.1909
 249      0.1198        0.9641  |    0.5010/  0.5330/  0.5545            0.5545           0.3868     0.0063  |       0.0938      0.1909
 250      0.1362        0.9702  |    0.5731/  0.5985/  0.6114            0.6114           0.4312     0.0096  |       0.0952      0.1909
 251      0.1132        0.9515  |    0.3123/  0.3452/  0.3627            0.3627           0.0915     0.0130  |       0.1038      0.1909
 252      0.0902        0.9637  |   -0.0572/ -0.0093/  0.0171            0.0171          -0.2624     0.0251  |       0.1033      0.1909
 253      0.0070        0.9249  |   -0.3129/ -0.2993/ -0.2916           -0.2916          -0.3367     0.0201  |       0.1235      0.1909
 254     -0.0329        0.9795  |   -0.3280/ -0.3158/ -0.3068           -0.3068          -0.3617     0.0095  |       0.1191      0.1909
 255     -0.0250        0.9946  |   -0.3410/ -0.3202/ -0.3134           -0.3134          -0.3779     0.0055  |       0.1112      0.1909
 256     -0.0256        0.9905  |   -0.2989/ -0.2878/ -0.2819           -0.2819          -0.3552     0.0142  |       0.1056      0.1909
 257     -0.0308        0.9911  |   -0.3074/ -0.2959/ -0.2909           -0.2909          -0.3526     0.0111  |       0.0923      0.1909
 258     -0.0158        0.9846  |   -0.3183/ -0.3080/ -0.3011           -0.3011          -0.3771     0.0111  |       0.0810      0.1909
 259      0.1085        0.8888  |    0.1090/  0.1807/  0.2135            0.2135          -0.2212     0.0052  |       0.0703      0.1909
 260      0.1071        0.9862  |    0.2836/  0.3077/  0.3202            0.3202          -0.2113     0.0164  |       0.0657      0.1909
 261      0.1311        0.9646  |    0.6411/  0.6655/  0.6768            0.6768           0.4950     0.0116  |       0.0787      0.1909
 262      0.0077        0.8610  |   -0.3813/ -0.3531/ -0.3365           -0.3365          -0.3849     0.0068  |       0.0896      0.1909
 263      0.0208        0.9965  |   -0.3276/ -0.3069/ -0.2986           -0.2986          -0.3649     0.0116  |       0.0952      0.1909
 264      0.1015        0.9661  |   -0.0569/  0.0086/  0.0339            0.0339          -0.3118     0.0130  |       0.0857      0.1909
 265      0.0787        0.9815  |   -0.1697/ -0.1412/ -0.1280           -0.1280          -0.3426     0.0155  |       0.0948      0.1909
 266     -0.0019        0.9679  |   -0.3732/ -0.3388/ -0.3217           -0.3217          -0.3723     0.0293  |       0.1071      0.1909
 267     -0.0040        0.9758  |   -0.2897/ -0.2756/ -0.2691           -0.2691          -0.3195     0.0107  |       0.1327      0.1909
 268      0.0193        0.9839  |   -0.3257/ -0.2987/ -0.2907           -0.2907          -0.3525     0.0046  |       0.1371      0.1909
 269      0.0225        0.9968  |   -0.2991/ -0.2781/ -0.2728           -0.2728          -0.3393     0.0202  |       0.1333      0.1909
 270     -0.0033        0.9935  |   -0.2953/ -0.2836/ -0.2784           -0.2784          -0.3439     0.0137  |       0.1152      0.1909
 271      0.0681        0.9645  |   -0.3191/ -0.2917/ -0.2854           -0.2854          -0.3385     0.0079  |       0.1011      0.1909
 272      0.1156        0.9458  |    0.2677/  0.3548/  0.3804            0.3804           0.0272     0.0108  |       0.0934      0.1909
 273      0.1034        0.9692  |    0.0886/  0.1283/  0.1469            0.1469          -0.2094     0.0175  |       0.1025      0.1909
 274     -0.0001        0.9247  |   -0.3299/ -0.3112/ -0.3013           -0.3013          -0.3466     0.0030  |       0.1190      0.1909
 275     -0.0064        0.9875  |   -0.2859/ -0.2711/ -0.2652           -0.2652          -0.3262     0.0076  |       0.1225      0.1909
 276      0.0110        0.9853  |   -0.2812/ -0.2715/ -0.2659           -0.2659          -0.3333     0.0086  |       0.1236      0.1909
 277      0.0642        0.9822  |   -0.3031/ -0.2911/ -0.2838           -0.2838          -0.3286     0.0068  |       0.1160      0.1909
 278      0.0932        0.9596  |   -0.0841/ -0.0525/ -0.0315           -0.0315          -0.2623     0.0188  |       0.1117      0.1909
 279      0.1206        0.9724  |    0.2686/  0.2938/  0.3059            0.3059          -0.0338     0.0232  |       0.1274      0.1909
 280      0.1108        0.9698  |    0.1526/  0.1786/  0.1911            0.1911          -0.1695     0.0240  |       0.1495      0.1909
 281      0.0405        0.9591  |   -0.3194/ -0.2983/ -0.2900           -0.2900          -0.3262     0.0163  |       0.1732      0.1909
 282      0.0597        0.9744  |   -0.3329/ -0.3091/ -0.3004           -0.3004          -0.3519     0.0157  |       0.1897      0.1909
 283      0.0513        0.9901  |   -0.2983/ -0.2872/ -0.2801           -0.2801          -0.3381     0.0103  |       0.1771      0.1909
 284      0.0240        0.9849  |   -0.3111/ -0.2989/ -0.2929           -0.2929          -0.3523     0.0168  |       0.1694      0.1909
 285      0.1169        0.9084  |    0.0183/  0.0521/  0.0683            0.0683          -0.1263     0.0196  |       0.1575      0.1909
 286      0.0497        0.9170  |   -0.3627/ -0.3369/ -0.3249           -0.3249          -0.3735     0.0029  |       0.1742      0.1909
 287      0.0361        0.9747  |   -0.3085/ -0.2882/ -0.2821           -0.2821          -0.3455     0.0099  |       0.1750      0.1909
 288      0.0926        0.9445  |   -0.2823/ -0.2569/ -0.2446           -0.2446          -0.3171     0.0012  |       0.1676      0.1909
 289      0.1055        0.9768  |   -0.1645/ -0.1352/ -0.1167           -0.1167          -0.2608     0.0150  |       0.1661      0.1909
 290      0.0735        0.9651  |   -0.2017/ -0.1798/ -0.1633           -0.1633          -0.3211     0.0102  |       0.1530      0.1909
 291      0.1025        0.9552  |   -0.1541/ -0.1332/ -0.1178           -0.1178          -0.3032     0.0190  |       0.1435      0.1909
 292      0.1233        0.9338  |    0.4774/  0.5142/  0.5315            0.5315           0.3269     0.0080  |       0.1374      0.1909
 293      0.1324        0.9712  |    0.3247/  0.3740/  0.3929            0.3929           0.0804     0.0184  |       0.1308      0.1909
 294      0.0313        0.9137  |   -0.3126/ -0.2940/ -0.2844           -0.2844          -0.3319     0.0118  |       0.1358      0.1909
 295      0.0168        0.9905  |   -0.3326/ -0.3031/ -0.2924           -0.2924          -0.3421     0.0204  |       0.1455      0.1909
 296      0.0095        0.9931  |   -0.3061/ -0.2954/ -0.2882           -0.2882          -0.3499     0.0147  |       0.1311      0.1909
 297      0.0068        0.9928  |   -0.3048/ -0.2948/ -0.2884           -0.2884          -0.3531     0.0095  |       0.1191      0.1909
 298      0.0023        0.9968  |   -0.3080/ -0.2940/ -0.2881           -0.2881          -0.3498     0.0096  |       0.1106      0.1909
 299      0.0717        0.9693  |   -0.3151/ -0.2950/ -0.2884           -0.2884          -0.3397     0.0079  |       0.1020      0.1909
IMAGEIO FFMPEG_WRITER WARNING: input image is not divisible by macro_block_size=16, resizing from (320, 180) to (320, 192) to ensure video compatibility with most codecs and players. To prevent resizing, make your input image divisible by the macro_block_size or set the macro_block_size to 1 (risking incompatibility).

Saved 300 frames -> /home/ashwink/Documents/swms/SWM_copy/rollouts_5_per/expert-only/epoch7/epoch7_rollout2_failure.mp4
min dist(green_cube,blue_moon) over episode = 0.0918  ->  FAILURE
Full log written to /home/ashwink/Documents/swms/SWM_copy/rollouts_5_per/expert-only/epoch7/epoch7_rollout2_20260723_125229.log
Result json -> /home/ashwink/Documents/swms/SWM_copy/rollouts_5_per/expert-only/epoch7/epoch7_rollout2_result.json
