Checkpoint dir epoch: 11  Rollout: 3
Logging to /home/ashwink/Documents/swms/SWM_copy/rollouts_5_per/expert+subopt_cem/epoch11/epoch11_rollout3_20260730_123108.log
Goal (fixed, steps 0-299): the green cube is touching the blue moon. the peg is touching the green cube.

Checkpoint: /home/ashwink/Documents/swms/SWM_copy/training/checkpoints_clip_full_fine-tuned_with_subopt_data/epoch_011.pt
  epoch=11  step=20232

Loading CLIP ViT-L/14 (datacomp_xl_s13b_b90k) + fine-tuned clip_state_dict ...
Parsing model identifier. Schema: None, Identifier: ViT-L-14
Loaded built-in ViT-L-14 model config.
Instantiating model architecture: CLIP
Loading full pretrained weights from: /home/ashwink/.cache/huggingface/hub/models--laion--CLIP-ViT-L-14-DataComp.XL-s13B-b90K/snapshots/84c9828e63dc9a9351d1fe637c346d4c1c4db341/open_clip_pytorch_model.bin
Final image preprocessing configuration set: {'size': (224, 224), 'mode': 'RGB', 'mean': (0.48145466, 0.4578275, 0.40821073), 'std': (0.26862954, 0.26130258, 0.27577711), 'interpolation': 'bicubic', 'resize_mode': 'shortest', 'fill_color': 0}
Model ViT-L-14 creation process complete.
Parsing tokenizer identifier. Schema: None, Identifier: ViT-L-14
Attempting to load config from built-in: ViT-L-14
Using default SimpleTokenizer.
z_star shape: torch.Size([768])

Loading action stats from /home/ashwink/full_data_5000/langtable/demos/ ...
  lo=[-0.03372681140899658, -0.03493623435497284]  hi=[0.03496786952018738, 0.03494429588317871]

Initializing LangTable env ...
Loading URDF plane.urdf
Loading URDF /home/ashwink/Documents/swms/.venv/lib/python3.10/site-packages/language_table/environments/utils/../../../language_table/environments/assets/workspace_real.urdf
Loading URDF xarm/xarm6_robot_white.urdf
Loading URDF /home/ashwink/Documents/swms/.venv/lib/python3.10/site-packages/language_table/environments/utils/../../../language_table/environments/assets/suction/cylinder_real.urdf
Loading URDF /home/ashwink/Documents/swms/.venv/lib/python3.10/site-packages/language_table/environments/utils/../../../language_table/environments/assets/blocks/red_moon.urdf
Loading URDF /home/ashwink/Documents/swms/.venv/lib/python3.10/site-packages/language_table/environments/utils/../../../language_table/environments/assets/blocks/red_cube.urdf
Loading URDF /home/ashwink/Documents/swms/.venv/lib/python3.10/site-packages/language_table/environments/utils/../../../language_table/environments/assets/blocks/red_star.urdf
Loading URDF /home/ashwink/Documents/swms/.venv/lib/python3.10/site-packages/language_table/environments/utils/../../../language_table/environments/assets/blocks/red_pentagon.urdf
Loading URDF /home/ashwink/Documents/swms/.venv/lib/python3.10/site-packages/language_table/environments/utils/../../../language_table/environments/assets/blocks/blue_moon.urdf
Loading URDF /home/ashwink/Documents/swms/.venv/lib/python3.10/site-packages/language_table/environments/utils/../../../language_table/environments/assets/blocks/blue_cube.urdf
Loading URDF /home/ashwink/Documents/swms/.venv/lib/python3.10/site-packages/language_table/environments/utils/../../../language_table/environments/assets/blocks/blue_star.urdf
Loading URDF /home/ashwink/Documents/swms/.venv/lib/python3.10/site-packages/language_table/environments/utils/../../../language_table/environments/assets/blocks/blue_pentagon.urdf
Loading URDF /home/ashwink/Documents/swms/.venv/lib/python3.10/site-packages/language_table/environments/utils/../../../language_table/environments/assets/blocks/yellow_moon.urdf
Loading URDF /home/ashwink/Documents/swms/.venv/lib/python3.10/site-packages/language_table/environments/utils/../../../language_table/environments/assets/blocks/yellow_cube.urdf
Loading URDF /home/ashwink/Documents/swms/.venv/lib/python3.10/site-packages/language_table/environments/utils/../../../language_table/environments/assets/blocks/yellow_star.urdf
Loading URDF /home/ashwink/Documents/swms/.venv/lib/python3.10/site-packages/language_table/environments/utils/../../../language_table/environments/assets/blocks/yellow_pentagon.urdf
Loading URDF /home/ashwink/Documents/swms/.venv/lib/python3.10/site-packages/language_table/environments/utils/../../../language_table/environments/assets/blocks/green_moon.urdf
Loading URDF /home/ashwink/Documents/swms/.venv/lib/python3.10/site-packages/language_table/environments/utils/../../../language_table/environments/assets/blocks/green_cube.urdf
Loading URDF /home/ashwink/Documents/swms/.venv/lib/python3.10/site-packages/language_table/environments/utils/../../../language_table/environments/assets/blocks/green_star.urdf
Loading URDF /home/ashwink/Documents/swms/.venv/lib/python3.10/site-packages/language_table/environments/utils/../../../language_table/environments/assets/blocks/green_pentagon.urdf
Loading URDF /home/ashwink/Documents/swms/.venv/lib/python3.10/site-packages/language_table/environments/utils/../../../language_table/environments/assets/blocks/purple_moon.urdf
Loading URDF /home/ashwink/Documents/swms/.venv/lib/python3.10/site-packages/language_table/environments/utils/../../../language_table/environments/assets/blocks/purple_cube.urdf
Loading URDF /home/ashwink/Documents/swms/.venv/lib/python3.10/site-packages/language_table/environments/utils/../../../language_table/environments/assets/blocks/purple_star.urdf
Loading URDF /home/ashwink/Documents/swms/.venv/lib/python3.10/site-packages/language_table/environments/utils/../../../language_table/environments/assets/blocks/purple_pentagon.urdf
Env ready.

Forced peg start: [0.42843915 0.24419614]  (green_cube=[0.40339102 0.18967466], blue_moon=[0.32039625 0.00902261])
  dist(peg,green_cube)=0.0600  dist(peg,blue_moon)=0.2588  dist(green_cube,blue_moon)=0.1988

CEM: K=512  num_elites=51  n_planning_itrs=9  max_action_value=1.0  warm_start_std=0.1  return_mode=best  min_std=0.0  seed=126

step  cos(zt,z*)  cos(zt,zt-1)  |   cos(predK,z*) min/mean/max  cos(pred_sel,z*)   cos(zpred0,z*)  ||a_raw||  |  dist(peg,A)   dist(A,B)
-------------------------------------------------------------------------------------------------------------------------------------------------------------------------------
   0      0.1539           nan  |    0.6750/  0.6800/  0.6819            0.6819           0.6009     0.0135  |       0.0587      0.1988
   1      0.1599        0.9849  |    0.6693/  0.6704/  0.6710            0.6710           0.5853     0.0114  |       0.0538      0.1988
   2      0.1467        0.9867  |    0.6669/  0.6688/  0.6697            0.6697           0.5855     0.0128  |       0.0510      0.1988
   3      0.1457        0.9569  |    0.6713/  0.6734/  0.6746            0.6746           0.5764     0.0115  |       0.0508      0.1988
   4      0.1454        0.7981  |    0.5535/  0.5554/  0.5566            0.5566           0.4289     0.0118  |       0.0512      0.1988
   5      0.0963        0.9121  |    0.4893/  0.4916/  0.4930            0.4930           0.2060     0.0063  |       0.0582      0.1988
   6      0.0760        0.9359  |    0.3247/  0.3281/  0.3301            0.3301          -0.0650     0.0074  |       0.0635      0.1988
   7      0.0381        0.9227  |    0.0469/  0.0500/  0.0518            0.0518          -0.2747     0.0065  |       0.0700      0.1988
   8      0.0092        0.9536  |   -0.0444/ -0.0408/ -0.0391           -0.0391          -0.3297     0.0068  |       0.0763      0.1988
   9      0.0259        0.9260  |   -0.0309/ -0.0268/ -0.0249           -0.0249          -0.3286     0.0054  |       0.0826      0.1988
  10      0.0157        0.9415  |   -0.0410/ -0.0363/ -0.0343           -0.0343          -0.3454     0.0067  |       0.0878      0.1988
  11     -0.0035        0.9339  |   -0.1299/ -0.1243/ -0.1215           -0.1215          -0.3562     0.0099  |       0.0940      0.1988
  12      0.0551        0.8564  |    0.0197/  0.0260/  0.0304            0.0304          -0.2667     0.0121  |       0.1018      0.1988
  13      0.1148        0.8043  |    0.5377/  0.5449/  0.5488            0.5488           0.2021     0.0092  |       0.1117      0.1988
  14      0.1013        0.8673  |    0.4088/  0.4161/  0.4200            0.4200          -0.0624     0.0052  |       0.1166      0.1988
  15      0.1085        0.9873  |    0.4615/  0.4677/  0.4724            0.4724          -0.0162     0.0078  |       0.1215      0.1988
  16      0.1079        0.9768  |    0.5501/  0.5558/  0.5585            0.5585           0.0627     0.0074  |       0.1289      0.1988
  17      0.0961        0.9723  |    0.4593/  0.4673/  0.4722            0.4722           0.0093     0.0087  |       0.1359      0.1988
  18      0.0903        0.9461  |    0.3493/  0.3593/  0.3652            0.3652          -0.0975     0.0070  |       0.1439      0.1988
  19     -0.0029        0.8924  |   -0.0075/  0.0028/  0.0124            0.0124          -0.2846     0.0040  |       0.1501      0.1988
  20      0.0728        0.8587  |    0.3544/  0.3662/  0.3716            0.3716          -0.1206     0.0066  |       0.1502      0.1988
  21      0.0779        0.9587  |    0.4696/  0.4740/  0.4767            0.4767          -0.0097     0.0100  |       0.1562      0.1988
  22      0.0872        0.9450  |    0.4427/  0.4479/  0.4518            0.4518          -0.1294     0.0090  |       0.1653      0.1988
  23      0.0260        0.8956  |   -0.1324/ -0.1256/ -0.1198           -0.1198          -0.2961     0.0095  |       0.1739      0.1988
  24      0.0970        0.9090  |    0.2782/  0.2869/  0.2922            0.2922          -0.1203     0.0073  |       0.1799      0.1988
  25      0.0606        0.9252  |   -0.0169/ -0.0124/ -0.0090           -0.0090          -0.2129     0.0069  |       0.1870      0.1988
  26      0.0594        0.9629  |   -0.0078/ -0.0052/ -0.0035           -0.0035          -0.1853     0.0071  |       0.1936      0.1988
  27      0.0541        0.9657  |    0.0185/  0.0205/  0.0219            0.0219          -0.2004     0.0073  |       0.1948      0.1988
  28      0.1006        0.9194  |    0.0069/  0.0123/  0.0163            0.0163          -0.2263     0.0111  |       0.1952      0.1988
  29      0.0994        0.9049  |    0.0347/  0.0404/  0.0449            0.0449          -0.1238     0.0082  |       0.1959      0.1988
  30      0.0976        0.9717  |    0.2098/  0.2111/  0.2118            0.2118          -0.0153     0.0086  |       0.1961      0.1988
  31      0.1053        0.9722  |    0.1018/  0.1043/  0.1056            0.1056          -0.0920     0.0093  |       0.1960      0.1988
  32      0.0724        0.9678  |   -0.0930/ -0.0905/ -0.0883           -0.0883          -0.2075     0.0126  |       0.1959      0.1988
  33      0.1337        0.9058  |    0.3411/  0.3422/  0.3427            0.3427           0.1238     0.0074  |       0.1965      0.1988
  34      0.1342        0.9820  |    0.3964/  0.3979/  0.3990            0.3990           0.1868     0.0067  |       0.1964      0.1988
  35      0.0905        0.9567  |    0.0171/  0.0197/  0.0215            0.0215          -0.1264     0.0093  |       0.1961      0.1988
  36      0.0941        0.9918  |   -0.0038/ -0.0019/ -0.0003           -0.0003          -0.1212     0.0108  |       0.1961      0.1988
  37      0.0746        0.9585  |   -0.0745/ -0.0729/ -0.0717           -0.0717          -0.1965     0.0124  |       0.1959      0.1988
  38      0.1281        0.9306  |    0.3807/  0.3816/  0.3821            0.3821           0.1871     0.0074  |       0.1963      0.1988
  39      0.1139        0.9850  |    0.2868/  0.2890/  0.2901            0.2901           0.0577     0.0088  |       0.1962      0.1988
  40      0.0965        0.9721  |    0.1457/  0.1467/  0.1474            0.1474          -0.0721     0.0092  |       0.1960      0.1988
  41      0.0728        0.9733  |   -0.0871/ -0.0850/ -0.0831           -0.0831          -0.2141     0.0118  |       0.1960      0.1988
  42      0.1143        0.8980  |    0.3523/  0.3544/  0.3559            0.3559           0.1168     0.0086  |       0.1968      0.1988
  43      0.1349        0.9685  |    0.3500/  0.3508/  0.3515            0.3515           0.1267     0.0068  |       0.1966      0.1988
  44      0.1287        0.9627  |    0.3894/  0.3910/  0.3919            0.3919           0.1917     0.0075  |       0.1964      0.1988
  45      0.0913        0.9651  |   -0.0126/ -0.0094/ -0.0073           -0.0073          -0.1306     0.0095  |       0.1961      0.1988
  46      0.1095        0.9825  |    0.1629/  0.1651/  0.1664            0.1664          -0.0343     0.0109  |       0.1961      0.1988
  47      0.0895        0.9534  |   -0.0753/ -0.0716/ -0.0672           -0.0672          -0.2217     0.0131  |       0.1958      0.1988
  48      0.1318        0.9139  |    0.4191/  0.4216/  0.4225            0.4225           0.2220     0.0073  |       0.1963      0.1988
  49      0.0937        0.9634  |    0.0198/  0.0229/  0.0249            0.0249          -0.1169     0.0109  |       0.1961      0.1988
  50      0.0858        0.9660  |   -0.0445/ -0.0430/ -0.0418           -0.0418          -0.1878     0.0115  |       0.1960      0.1988
  51      0.1317        0.9268  |    0.3228/  0.3244/  0.3255            0.3255           0.1148     0.0076  |       0.1965      0.1988
  52      0.1237        0.9779  |    0.3248/  0.3266/  0.3281            0.3281           0.1064     0.0075  |       0.1963      0.1988
  53      0.0665        0.9527  |   -0.1175/ -0.1148/ -0.1129           -0.1129          -0.2230     0.0148  |       0.1961      0.1988
  54      0.1175        0.8714  |    0.5047/  0.5075/  0.5091            0.5091           0.3392     0.0103  |       0.1971      0.1988
  55      0.1354        0.9193  |    0.3475/  0.3501/  0.3517            0.3517           0.1493     0.0068  |       0.1966      0.1988
  56      0.0937        0.9629  |    0.1753/  0.1777/  0.1798            0.1798          -0.0248     0.0089  |       0.1963      0.1988
  57      0.1075        0.9732  |    0.1366/  0.1387/  0.1401            0.1401          -0.0647     0.0101  |       0.1961      0.1988
  58      0.1012        0.9684  |    0.0716/  0.0743/  0.0760            0.0760          -0.1120     0.0094  |       0.1959      0.1988
  59      0.1005        0.9992  |    0.0712/  0.0741/  0.0761            0.0761          -0.1181     0.0092  |       0.1959      0.1988
  60      0.0905        0.9846  |   -0.0751/ -0.0714/ -0.0689           -0.0689          -0.2216     0.0116  |       0.1959      0.1988
  61      0.1300        0.8988  |    0.3607/  0.3627/  0.3634            0.3634           0.1462     0.0072  |       0.1965      0.1988
  62      0.1260        0.9665  |    0.3206/  0.3231/  0.3248            0.3248           0.1065     0.0100  |       0.1963      0.1988
  63      0.0723        0.9364  |   -0.0966/ -0.0947/ -0.0930           -0.0930          -0.2100     0.0097  |       0.1960      0.1988
  64      0.1105        0.9474  |    0.2338/  0.2354/  0.2365            0.2365          -0.0026     0.0095  |       0.1963      0.1988
  65      0.1006        0.9759  |    0.0795/  0.0815/  0.0826            0.0826          -0.1037     0.0095  |       0.1961      0.1988
  66      0.0690        0.9794  |   -0.1371/ -0.1336/ -0.1294           -0.1294          -0.2499     0.0121  |       0.1961      0.1988
  67      0.1130        0.8982  |    0.3446/  0.3485/  0.3505            0.3505           0.1197     0.0077  |       0.1968      0.1988
  68      0.1282        0.9625  |    0.3467/  0.3482/  0.3491            0.3491           0.1323     0.0067  |       0.1967      0.1988
  69      0.1313        0.9607  |    0.3399/  0.3422/  0.3439            0.3439           0.1231     0.0084  |       0.1964      0.1988
  70      0.0686        0.9360  |   -0.1150/ -0.1112/ -0.1081           -0.1081          -0.2231     0.0117  |       0.1961      0.1988
  71      0.1108        0.8780  |    0.4719/  0.4737/  0.4748            0.4748           0.3087     0.0087  |       0.1969      0.1988
  72      0.1325        0.9478  |    0.3621/  0.3650/  0.3666            0.3666           0.1528     0.0063  |       0.1967      0.1988
  73      0.0925        0.9664  |    0.1715/  0.1753/  0.1787            0.1787          -0.0246     0.0085  |       0.1963      0.1988
  74      0.0645        0.9697  |   -0.1233/ -0.1205/ -0.1176           -0.1176          -0.2297     0.0118  |       0.1961      0.1988
  75      0.1261        0.8822  |    0.4614/  0.4633/  0.4645            0.4645           0.2607     0.0091  |       0.1970      0.1988
  76      0.1313        0.9536  |    0.3757/  0.3777/  0.3789            0.3789           0.1632     0.0076  |       0.1966      0.1988
  77      0.0939        0.9524  |    0.0258/  0.0301/  0.0335            0.0335          -0.1113     0.0099  |       0.1962      0.1988
  78      0.0898        0.9595  |   -0.0348/ -0.0316/ -0.0300           -0.0300          -0.1745     0.0111  |       0.1960      0.1988
  79      0.0906        0.9590  |    0.0211/  0.0221/  0.0228            0.0228          -0.1201     0.0099  |       0.1962      0.1988
  80      0.0905        0.9922  |   -0.0270/ -0.0255/ -0.0241           -0.0241          -0.1372     0.0122  |       0.1962      0.1988
  81      0.0886        0.9883  |    0.0484/  0.0504/  0.0516            0.0516          -0.1135     0.0091  |       0.1962      0.1988
  82      0.1126        0.9812  |    0.2693/  0.2703/  0.2710            0.2710           0.0377     0.0089  |       0.1963      0.1988
  83      0.1094        0.9779  |    0.1648/  0.1669/  0.1685            0.1685          -0.0329     0.0101  |       0.1962      0.1988
  84      0.0785        0.9467  |   -0.0915/ -0.0883/ -0.0858           -0.0858          -0.2094     0.0147  |       0.1959      0.1988
  85      0.1286        0.9067  |    0.3907/  0.3916/  0.3921            0.3921           0.1910     0.0078  |       0.1964      0.1988
  86      0.0890        0.9587  |   -0.0133/ -0.0110/ -0.0096           -0.0096          -0.1422     0.0106  |       0.1962      0.1988
  87      0.1129        0.9777  |    0.2917/  0.2928/  0.2934            0.2934           0.0712     0.0099  |       0.1963      0.1988
  88      0.0734        0.9525  |   -0.0929/ -0.0898/ -0.0868           -0.0868          -0.2307     0.0121  |       0.1961      0.1988
  89      0.1443        0.8999  |    0.4712/  0.4727/  0.4736            0.4736           0.2974     0.0080  |       0.1968      0.1988
  90      0.1309        0.9549  |    0.3431/  0.3453/  0.3465            0.3465           0.1245     0.0089  |       0.1964      0.1988
  91      0.0687        0.9330  |   -0.1378/ -0.1327/ -0.1281           -0.1281          -0.2494     0.0130  |       0.1961      0.1988
  92      0.1223        0.8706  |    0.4277/  0.4287/  0.4295            0.4295           0.1680     0.0080  |       0.1971      0.1988
  93      0.1382        0.9633  |    0.4996/  0.5008/  0.5016            0.5016           0.3185     0.0080  |       0.1969      0.1988
  94      0.1061        0.9522  |    0.2018/  0.2066/  0.2104            0.2104          -0.0128     0.0078  |       0.1964      0.1988
  95      0.0633        0.9546  |   -0.1515/ -0.1482/ -0.1455           -0.1455          -0.2551     0.0134  |       0.1961      0.1988
  96      0.1214        0.8743  |    0.4508/  0.4522/  0.4534            0.4534           0.2010     0.0087  |       0.1971      0.1988
  97      0.1339        0.9341  |    0.3603/  0.3623/  0.3632            0.3632           0.1568     0.0069  |       0.1967      0.1988
  98      0.0905        0.9423  |    0.0195/  0.0225/  0.0241            0.0241          -0.1248     0.0101  |       0.1963      0.1988
  99      0.0974        0.9754  |    0.1195/  0.1218/  0.1237            0.1237          -0.0841     0.0087  |       0.1962      0.1988
 100      0.1007        0.9953  |    0.0595/  0.0614/  0.0623            0.0623          -0.1107     0.0095  |       0.1962      0.1988
 101      0.0929        0.9788  |   -0.0058/ -0.0040/ -0.0028           -0.0028          -0.1248     0.0109  |       0.1962      0.1988
 102      0.0624        0.9707  |   -0.1231/ -0.1213/ -0.1197           -0.1197          -0.2256     0.0133  |       0.1962      0.1988
 103      0.1131        0.8904  |    0.4804/  0.4817/  0.4825            0.4825           0.3058     0.0077  |       0.1970      0.1988
 104      0.1285        0.9483  |    0.3724/  0.3742/  0.3754            0.3754           0.1564     0.0072  |       0.1967      0.1988
 105      0.0902        0.9590  |    0.0523/  0.0559/  0.0577            0.0577          -0.1054     0.0085  |       0.1963      0.1988
 106      0.0963        0.9938  |    0.1307/  0.1327/  0.1341            0.1341          -0.0562     0.0092  |       0.1963      0.1988
 107      0.1118        0.9752  |    0.1919/  0.1941/  0.1954            0.1954          -0.0312     0.0101  |       0.1962      0.1988
 108      0.0877        0.9486  |   -0.0676/ -0.0635/ -0.0606           -0.0606          -0.2257     0.0126  |       0.1960      0.1988
 109      0.1370        0.9112  |    0.4206/  0.4224/  0.4231            0.4231           0.2274     0.0071  |       0.1965      0.1988
 110      0.0910        0.9583  |    0.0213/  0.0235/  0.0253            0.0253          -0.1246     0.0091  |       0.1963      0.1988
 111      0.0963        0.9897  |    0.0281/  0.0298/  0.0309            0.0309          -0.1169     0.0104  |       0.1962      0.1988
 112      0.0891        0.9556  |   -0.0214/ -0.0184/ -0.0158           -0.0158          -0.2077     0.0092  |       0.1960      0.1988
 113      0.0963        0.9556  |    0.0227/  0.0260/  0.0284            0.0284          -0.1169     0.0094  |       0.1962      0.1988
 114      0.0615        0.9780  |   -0.1335/ -0.1313/ -0.1290           -0.1290          -0.2350     0.0129  |       0.1962      0.1988
 115      0.1228        0.8771  |    0.4888/  0.4897/  0.4903            0.4903           0.2890     0.0081  |       0.1971      0.1988
 116      0.1398        0.9378  |    0.3655/  0.3666/  0.3672            0.3672           0.1329     0.0065  |       0.1968      0.1988
 117      0.1211        0.9658  |    0.3190/  0.3206/  0.3216            0.3216           0.1054     0.0071  |       0.1965      0.1988
 118      0.0922        0.9762  |    0.0483/  0.0502/  0.0512            0.0512          -0.1081     0.0090  |       0.1963      0.1988
 119      0.1249        0.9775  |    0.2948/  0.2962/  0.2971            0.2971           0.0759     0.0101  |       0.1964      0.1988
 120      0.0826        0.9411  |   -0.0300/ -0.0279/ -0.0259           -0.0259          -0.1609     0.0109  |       0.1961      0.1988
 121      0.1119        0.9680  |    0.1994/  0.2025/  0.2042            0.2042          -0.0247     0.0093  |       0.1962      0.1988
 122      0.0989        0.9693  |    0.0968/  0.0999/  0.1022            0.1022          -0.1029     0.0099  |       0.1960      0.1988
 123      0.0874        0.9835  |   -0.0722/ -0.0692/ -0.0667           -0.0667          -0.2277     0.0127  |       0.1960      0.1988
 124      0.1355        0.9137  |    0.4027/  0.4044/  0.4053            0.4053           0.2016     0.0074  |       0.1965      0.1988
 125      0.0934        0.9616  |    0.0057/  0.0084/  0.0102            0.0102          -0.1174     0.0107  |       0.1963      0.1988
 126      0.0711        0.9560  |   -0.1128/ -0.1090/ -0.1063           -0.1063          -0.2403     0.0116  |       0.1961      0.1988
 127      0.1194        0.9020  |    0.3799/  0.3819/  0.3830            0.3830           0.1586     0.0082  |       0.1969      0.1988
 128      0.1393        0.9687  |    0.3424/  0.3432/  0.3438            0.3438           0.1682     0.0070  |       0.1966      0.1988
 129      0.0955        0.9547  |    0.1394/  0.1422/  0.1440            0.1440          -0.0502     0.0079  |       0.1964      0.1988
 130      0.1113        0.9737  |    0.1857/  0.1877/  0.1893            0.1893          -0.0360     0.0096  |       0.1962      0.1988
 131      0.0892        0.9606  |   -0.0328/ -0.0300/ -0.0276           -0.0276          -0.2111     0.0092  |       0.1960      0.1988
 132      0.0881        0.9521  |    0.0467/  0.0479/  0.0490            0.0490          -0.1153     0.0098  |       0.1963      0.1988
 133      0.1296        0.9699  |    0.3817/  0.3828/  0.3834            0.3834           0.1802     0.0074  |       0.1965      0.1988
 134      0.0910        0.9652  |    0.0197/  0.0221/  0.0236            0.0236          -0.1246     0.0091  |       0.1963      0.1988
 135      0.1045        0.9830  |    0.1239/  0.1261/  0.1275            0.1275          -0.0690     0.0099  |       0.1962      0.1988
 136      0.0824        0.9590  |   -0.1005/ -0.0964/ -0.0919           -0.0919          -0.2455     0.0128  |       0.1960      0.1988
 137      0.1275        0.9012  |    0.2865/  0.2882/  0.2892            0.2892           0.0939     0.0072  |       0.1966      0.1988
 138      0.1245        0.9764  |    0.3520/  0.3540/  0.3554            0.3554           0.1435     0.0072  |       0.1965      0.1988
 139      0.0932        0.9641  |    0.0283/  0.0319/  0.0339            0.0339          -0.1114     0.0097  |       0.1963      0.1988
 140      0.0719        0.9606  |   -0.0916/ -0.0899/ -0.0884           -0.0884          -0.2085     0.0126  |       0.1961      0.1988
 141      0.1348        0.9101  |    0.3485/  0.3496/  0.3502            0.3502           0.1466     0.0065  |       0.1967      0.1988
 142      0.1366        0.9824  |    0.4304/  0.4320/  0.4329            0.4329           0.2396     0.0067  |       0.1966      0.1988
 143      0.0889        0.9577  |   -0.0022/  0.0007/  0.0026            0.0026          -0.1260     0.0096  |       0.1963      0.1988
 144      0.0924        0.9939  |    0.0144/  0.0163/  0.0177            0.0177          -0.1184     0.0116  |       0.1963      0.1988
 145      0.0611        0.9642  |   -0.1493/ -0.1460/ -0.1427           -0.1427          -0.2566     0.0158  |       0.1962      0.1988
 146      0.1173        0.8584  |    0.5021/  0.5045/  0.5057            0.5057           0.3374     0.0094  |       0.1973      0.1988
 147      0.1359        0.9223  |    0.4485/  0.4505/  0.4519            0.4519           0.2676     0.0066  |       0.1968      0.1988
 148      0.0970        0.9578  |    0.1363/  0.1398/  0.1423            0.1423          -0.0498     0.0074  |       0.1964      0.1988
 149      0.1108        0.9760  |    0.1914/  0.1935/  0.1947            0.1947          -0.0273     0.0095  |       0.1963      0.1988
 150      0.0870        0.9685  |   -0.0833/ -0.0785/ -0.0754           -0.0754          -0.2110     0.0122  |       0.1961      0.1988
 151      0.1269        0.9107  |    0.2853/  0.2866/  0.2873            0.2873           0.0958     0.0074  |       0.1966      0.1988
 152      0.1290        0.9777  |    0.3930/  0.3946/  0.3955            0.3955           0.1953     0.0071  |       0.1965      0.1988
 153      0.0621        0.9300  |   -0.1455/ -0.1414/ -0.1379           -0.1379          -0.2532     0.0120  |       0.1962      0.1988
 154      0.1166        0.8622  |    0.4436/  0.4482/  0.4508            0.4508           0.2478     0.0079  |       0.1973      0.1988
 155      0.1190        0.9586  |    0.3887/  0.3903/  0.3911            0.3911           0.1694     0.0080  |       0.1970      0.1988
 156      0.1317        0.9604  |    0.3193/  0.3219/  0.3234            0.3234           0.1176     0.0073  |       0.1967      0.1988
 157      0.0912        0.9542  |   -0.0025/ -0.0009/  0.0002            0.0002          -0.1308     0.0105  |       0.1963      0.1988
 158      0.0930        0.9881  |    0.0532/  0.0551/  0.0564            0.0564          -0.1083     0.0097  |       0.1964      0.1988
 159      0.1225        0.9782  |    0.3490/  0.3509/  0.3518            0.3518           0.1296     0.0079  |       0.1965      0.1988
 160      0.0896        0.9755  |    0.0318/  0.0349/  0.0363            0.0363          -0.1292     0.0094  |       0.1963      0.1988
 161      0.1361        0.9622  |    0.4055/  0.4069/  0.4074            0.4074           0.2055     0.0082  |       0.1966      0.1988
 162      0.1007        0.9553  |    0.0748/  0.0782/  0.0805            0.0805          -0.1073     0.0082  |       0.1963      0.1988
 163      0.0920        0.9738  |   -0.0423/ -0.0402/ -0.0384           -0.0384          -0.1832     0.0104  |       0.1961      0.1988
 164      0.0918        0.9562  |    0.0444/  0.0460/  0.0470            0.0470          -0.1096     0.0097  |       0.1963      0.1988
 165      0.1475        0.9515  |    0.4155/  0.4163/  0.4166            0.4166           0.2105     0.0063  |       0.1966      0.1988
 166      0.0982        0.9503  |    0.1412/  0.1440/  0.1455            0.1455          -0.0469     0.0083  |       0.1964      0.1988
 167      0.0927        0.9892  |    0.0496/  0.0512/  0.0524            0.0524          -0.1132     0.0098  |       0.1964      0.1988
 168      0.1245        0.9717  |    0.3477/  0.3488/  0.3495            0.3495           0.1327     0.0076  |       0.1965      0.1988
 169      0.0936        0.9720  |    0.0602/  0.0621/  0.0633            0.0633          -0.1057     0.0089  |       0.1964      0.1988
 170      0.1138        0.9839  |    0.2878/  0.2892/  0.2901            0.2901           0.0543     0.0088  |       0.1964      0.1988
 171      0.0647        0.9598  |   -0.1208/ -0.1174/ -0.1144           -0.1144          -0.2289     0.0120  |       0.1962      0.1988
 172      0.1095        0.8926  |    0.4678/  0.4689/  0.4696            0.4696           0.3014     0.0091  |       0.1970      0.1988
 173      0.1286        0.9519  |    0.3145/  0.3158/  0.3166            0.3166           0.1092     0.0076  |       0.1967      0.1988
 174      0.0902        0.9650  |    0.0529/  0.0552/  0.0573            0.0573          -0.1053     0.0089  |       0.1964      0.1988
 175      0.1094        0.9899  |    0.2336/  0.2372/  0.2386            0.2386           0.0017     0.0088  |       0.1964      0.1988
 176      0.0683        0.9596  |   -0.1104/ -0.1069/ -0.1035           -0.1035          -0.2206     0.0123  |       0.1962      0.1988
 177      0.1182        0.8783  |    0.4687/  0.4711/  0.4725            0.4725           0.2497     0.0080  |       0.1971      0.1988
 178      0.1358        0.9756  |    0.4116/  0.4132/  0.4142            0.4142           0.2144     0.0079  |       0.1969      0.1988
 179      0.1221        0.9621  |    0.3135/  0.3152/  0.3161            0.3161           0.1033     0.0072  |       0.1965      0.1988
 180      0.0964        0.9604  |    0.1478/  0.1502/  0.1518            0.1518          -0.0668     0.0086  |       0.1963      0.1988
 181      0.0727        0.9744  |   -0.0793/ -0.0773/ -0.0754           -0.0754          -0.2051     0.0123  |       0.1962      0.1988
 182      0.1293        0.9209  |    0.3685/  0.3699/  0.3706            0.3706           0.1500     0.0072  |       0.1967      0.1988
 183      0.1196        0.9767  |    0.2888/  0.2911/  0.2921            0.2921           0.0816     0.0087  |       0.1965      0.1988
 184      0.0964        0.9669  |    0.1462/  0.1487/  0.1498            0.1498          -0.0677     0.0090  |       0.1963      0.1988
 185      0.0978        0.9765  |    0.0114/  0.0141/  0.0155            0.0155          -0.1505     0.0102  |       0.1961      0.1988
 186      0.0685        0.9690  |   -0.1306/ -0.1257/ -0.1210           -0.1210          -0.2380     0.0142  |       0.1962      0.1988
 187      0.1274        0.8306  |    0.4758/  0.4790/  0.4807            0.4807           0.3006     0.0073  |       0.1974      0.1988
 188      0.1176        0.9442  |    0.3820/  0.3844/  0.3860            0.3860           0.1591     0.0081  |       0.1970      0.1988
 189      0.1303        0.9613  |    0.3957/  0.3968/  0.3973            0.3973           0.2163     0.0069  |       0.1966      0.1988
 190      0.0980        0.9578  |    0.0608/  0.0634/  0.0653            0.0653          -0.1057     0.0093  |       0.1963      0.1988
 191      0.0733        0.9749  |   -0.1330/ -0.1296/ -0.1272           -0.1272          -0.2424     0.0121  |       0.1962      0.1988
 192      0.1223        0.8809  |    0.4927/  0.4939/  0.4946            0.4946           0.3049     0.0088  |       0.1971      0.1988
 193      0.1294        0.9592  |    0.3535/  0.3548/  0.3555            0.3555           0.1389     0.0069  |       0.1968      0.1988
 194      0.1282        0.9587  |    0.3417/  0.3440/  0.3460            0.3460           0.1216     0.0098  |       0.1965      0.1988
 195      0.0917        0.9421  |    0.1369/  0.1400/  0.1418            0.1418          -0.1224     0.0092  |       0.1961      0.1988
 196      0.0806        0.9777  |   -0.0892/ -0.0866/ -0.0846           -0.0846          -0.2033     0.0130  |       0.1960      0.1988
 197      0.1257        0.9181  |    0.3190/  0.3214/  0.3230            0.3230           0.0991     0.0106  |       0.1964      0.1988
 198      0.0986        0.9396  |    0.0268/  0.0294/  0.0306            0.0306          -0.1436     0.0101  |       0.1961      0.1988
 199      0.0978        0.9999  |    0.0120/  0.0138/  0.0151            0.0151          -0.1506     0.0107  |       0.1961      0.1988
 200      0.0718        0.9849  |   -0.0920/ -0.0899/ -0.0889           -0.0889          -0.2092     0.0135  |       0.1961      0.1988
 201      0.1359        0.9125  |    0.4467/  0.4474/  0.4477            0.4477           0.2611     0.0064  |       0.1967      0.1988
 202      0.1287        0.9710  |    0.3797/  0.3819/  0.3833            0.3833           0.1746     0.0068  |       0.1966      0.1988
 203      0.0616        0.9402  |   -0.1274/ -0.1243/ -0.1220           -0.1220          -0.2323     0.0126  |       0.1963      0.1988
 204      0.1159        0.8989  |    0.4561/  0.4570/  0.4574            0.4574           0.2586     0.0074  |       0.1970      0.1988
 205      0.1214        0.9575  |    0.3450/  0.3468/  0.3480            0.3480           0.1278     0.0071  |       0.1968      0.1988
 206      0.0955        0.9708  |    0.1421/  0.1444/  0.1457            0.1457          -0.0504     0.0084  |       0.1964      0.1988
 207      0.0906        0.9829  |    0.0191/  0.0206/  0.0215            0.0215          -0.1212     0.0100  |       0.1963      0.1988
 208      0.0891        0.9969  |    0.0002/  0.0018/  0.0026            0.0026          -0.1270     0.0097  |       0.1963      0.1988
 209      0.0925        0.9937  |    0.0172/  0.0188/  0.0200            0.0200          -0.1176     0.0109  |       0.1963      0.1988
 210      0.0724        0.9680  |   -0.1351/ -0.1318/ -0.1295           -0.1295          -0.2433     0.0120  |       0.1962      0.1988
 211      0.1172        0.8539  |    0.5010/  0.5038/  0.5056            0.5056           0.3370     0.0095  |       0.1973      0.1988
 212      0.1402        0.9112  |    0.3717/  0.3734/  0.3742            0.3742           0.1416     0.0062  |       0.1969      0.1988
 213      0.1145        0.9593  |    0.2436/  0.2457/  0.2477            0.2477           0.0519     0.0103  |       0.1965      0.1988
 214      0.0874        0.9364  |    0.1102/  0.1123/  0.1136            0.1136          -0.1261     0.0088  |       0.1961      0.1988
 215      0.0789        0.9791  |   -0.1179/ -0.1143/ -0.1110           -0.1110          -0.2536     0.0138  |       0.1960      0.1988
 216      0.1369        0.8811  |    0.4552/  0.4568/  0.4577            0.4577           0.2549     0.0073  |       0.1969      0.1988
 217      0.1388        0.9648  |    0.4168/  0.4187/  0.4195            0.4195           0.2220     0.0073  |       0.1966      0.1988
 218      0.1024        0.9620  |    0.1023/  0.1065/  0.1084            0.1084          -0.0791     0.0099  |       0.1963      0.1988
 219      0.0978        0.9650  |   -0.0256/ -0.0228/ -0.0212           -0.0212          -0.1652     0.0111  |       0.1961      0.1988
 220      0.0924        0.9520  |    0.0170/  0.0184/  0.0196            0.0196          -0.1176     0.0109  |       0.1963      0.1988
 221      0.1044        0.9813  |    0.1292/  0.1306/  0.1314            0.1314          -0.0769     0.0088  |       0.1963      0.1988
 222      0.0719        0.9651  |   -0.0944/ -0.0918/ -0.0900           -0.0900          -0.2091     0.0118  |       0.1962      0.1988
 223      0.1351        0.9100  |    0.3514/  0.3524/  0.3528            0.3528           0.1485     0.0068  |       0.1967      0.1988
 224      0.1357        0.9846  |    0.3979/  0.3991/  0.3997            0.3997           0.1910     0.0069  |       0.1966      0.1988
 225      0.0942        0.9600  |   -0.0001/  0.0030/  0.0049            0.0049          -0.1331     0.0094  |       0.1963      0.1988
 226      0.1022        0.9937  |    0.1141/  0.1154/  0.1161            0.1161          -0.0762     0.0106  |       0.1963      0.1988
 227      0.0855        0.9567  |   -0.0859/ -0.0814/ -0.0775           -0.0775          -0.2377     0.0121  |       0.1961      0.1988
 228      0.1306        0.9185  |    0.3795/  0.3821/  0.3837            0.3837           0.1829     0.0076  |       0.1966      0.1988
 229      0.0970        0.9794  |    0.1344/  0.1382/  0.1399            0.1399          -0.0501     0.0083  |       0.1964      0.1988
 230      0.0961        0.9796  |    0.0498/  0.0518/  0.0525            0.0525          -0.1128     0.0101  |       0.1963      0.1988
 231      0.0726        0.9703  |   -0.1003/ -0.0971/ -0.0948           -0.0948          -0.2336     0.0103  |       0.1962      0.1988
 232      0.1289        0.9254  |    0.3390/  0.3411/  0.3421            0.3421           0.1213     0.0072  |       0.1967      0.1988
 233      0.1250        0.9774  |    0.3571/  0.3586/  0.3596            0.3596           0.1480     0.0076  |       0.1966      0.1988
 234      0.0982        0.9592  |    0.0609/  0.0651/  0.0678            0.0678          -0.1063     0.0090  |       0.1963      0.1988
 235      0.0740        0.9723  |   -0.0837/ -0.0819/ -0.0804           -0.0804          -0.2097     0.0120  |       0.1962      0.1988
 236      0.1378        0.9164  |    0.4265/  0.4274/  0.4277            0.4277           0.2463     0.0063  |       0.1968      0.1988
 237      0.1224        0.9661  |    0.3446/  0.3472/  0.3489            0.3489           0.1281     0.0071  |       0.1966      0.1988
 238      0.1102        0.9614  |    0.1846/  0.1875/  0.1896            0.1896          -0.0287     0.0096  |       0.1963      0.1988
 239      0.0954        0.9637  |    0.1343/  0.1375/  0.1394            0.1394          -0.1281     0.0072  |       0.1961      0.1988
 240      0.0756        0.9807  |   -0.1250/ -0.1212/ -0.1186           -0.1186          -0.2430     0.0152  |       0.1960      0.1988
 241      0.1357        0.8976  |    0.4255/  0.4264/  0.4270            0.4270           0.2477     0.0064  |       0.1968      0.1988
 242      0.1308        0.9737  |    0.3927/  0.3944/  0.3952            0.3952           0.1906     0.0071  |       0.1966      0.1988
 243      0.1119        0.9529  |    0.1891/  0.1917/  0.1932            0.1932          -0.0299     0.0101  |       0.1964      0.1988
 244      0.0992        0.9491  |    0.1359/  0.1377/  0.1385            0.1385          -0.0864     0.0108  |       0.1961      0.1988
 245      0.0891        0.9466  |   -0.1916/ -0.1863/ -0.1812           -0.1812          -0.2936     0.0170  |       0.1959      0.1988
 246      0.1385        0.8693  |    0.3507/  0.3531/  0.3542            0.3542           0.1160     0.0066  |       0.1968      0.1988
 247      0.1240        0.9828  |    0.3550/  0.3567/  0.3577            0.3577           0.1415     0.0069  |       0.1968      0.1988
 248      0.0889        0.9607  |    0.0310/  0.0336/  0.0359            0.0359          -0.1280     0.0081  |       0.1965      0.1988
 249      0.1231        0.9750  |    0.3175/  0.3188/  0.3196            0.3196           0.1098     0.0078  |       0.1966      0.1988
 250      0.1095        0.9630  |    0.1669/  0.1695/  0.1717            0.1717          -0.0444     0.0088  |       0.1964      0.1988
 251      0.0916        0.9644  |    0.1240/  0.1262/  0.1277            0.1277          -0.1401     0.0092  |       0.1962      0.1988
 252      0.1062        0.9702  |    0.1439/  0.1472/  0.1498            0.1498          -0.0543     0.0103  |       0.1961      0.1988
 253      0.0610        0.9404  |   -0.2371/ -0.2313/ -0.2245           -0.2245          -0.3358     0.0162  |       0.1959      0.1988
 254      0.1443        0.8537  |    0.4260/  0.4286/  0.4300            0.4300           0.2429     0.0070  |       0.1969      0.1988
 255      0.1311        0.9786  |    0.3361/  0.3388/  0.3399            0.3399           0.1322     0.0067  |       0.1969      0.1988
 256      0.0902        0.9617  |    0.0521/  0.0546/  0.0563            0.0563          -0.1017     0.0095  |       0.1965      0.1988
 257      0.1237        0.9822  |    0.2906/  0.2919/  0.2927            0.2927           0.0863     0.0091  |       0.1966      0.1988
 258      0.0660        0.9555  |   -0.1237/ -0.1218/ -0.1198           -0.1198          -0.2224     0.0139  |       0.1964      0.1988
 259      0.1194        0.9152  |    0.3640/  0.3659/  0.3670            0.3670           0.1491     0.0073  |       0.1971      0.1988
 260      0.1433        0.9814  |    0.4148/  0.4163/  0.4172            0.4172           0.2145     0.0061  |       0.1970      0.1988
 261      0.1382        0.9751  |    0.4192/  0.4204/  0.4212            0.4212           0.2233     0.0065  |       0.1968      0.1988
 262      0.0898        0.9574  |    0.0272/  0.0301/  0.0321            0.0321          -0.1309     0.0081  |       0.1965      0.1988
 263      0.1148        0.9791  |    0.2411/  0.2431/  0.2444            0.2444           0.0434     0.0107  |       0.1966      0.1988
 264      0.0702        0.9429  |   -0.1342/ -0.1297/ -0.1260           -0.1260          -0.2532     0.0118  |       0.1963      0.1988
 265      0.1384        0.9013  |    0.4558/  0.4570/  0.4578            0.4578           0.2649     0.0074  |       0.1970      0.1988
 266      0.1365        0.9661  |    0.4077/  0.4099/  0.4113            0.4113           0.2082     0.0053  |       0.1968      0.1988
 267      0.0915        0.9523  |   -0.0027/ -0.0002/  0.0016            0.0016          -0.1307     0.0093  |       0.1965      0.1988
 268      0.0958        0.9906  |   -0.0196/ -0.0178/ -0.0168           -0.0168          -0.1457     0.0111  |       0.1964      0.1988
 269      0.0907        0.9889  |    0.0080/  0.0099/  0.0106            0.0106          -0.1319     0.0105  |       0.1965      0.1988
 270      0.1310        0.9484  |    0.3657/  0.3665/  0.3670            0.3670           0.1485     0.0065  |       0.1969      0.1988
 271      0.1337        0.9671  |    0.4061/  0.4076/  0.4087            0.4087           0.2221     0.0076  |       0.1967      0.1988
 272      0.0612        0.9171  |   -0.1537/ -0.1493/ -0.1458           -0.1458          -0.2605     0.0118  |       0.1963      0.1988
 273      0.1229        0.8809  |    0.4978/  0.5000/  0.5015            0.5015           0.3207     0.0093  |       0.1972      0.1988
 274      0.1309        0.9564  |    0.3271/  0.3285/  0.3294            0.3294           0.1244     0.0061  |       0.1969      0.1988
 275      0.1149        0.9740  |    0.2441/  0.2468/  0.2487            0.2487           0.0465     0.0097  |       0.1966      0.1988
 276      0.0698        0.9485  |   -0.1194/ -0.1154/ -0.1122           -0.1122          -0.2256     0.0122  |       0.1964      0.1988
 277      0.1149        0.8934  |    0.3486/  0.3500/  0.3508            0.3508           0.1234     0.0082  |       0.1971      0.1988
 278      0.1303        0.9658  |    0.3436/  0.3449/  0.3458            0.3458           0.1386     0.0060  |       0.1970      0.1988
 279      0.1381        0.9818  |    0.4191/  0.4208/  0.4219            0.4219           0.2343     0.0073  |       0.1968      0.1988
 280      0.0993        0.9597  |    0.0870/  0.0915/  0.0937            0.0937          -0.0916     0.0088  |       0.1964      0.1988
 281      0.0917        0.9648  |    0.1376/  0.1403/  0.1413            0.1413          -0.1328     0.0089  |       0.1962      0.1988
 282      0.0756        0.9802  |   -0.1302/ -0.1265/ -0.1235           -0.1235          -0.2500     0.0135  |       0.1961      0.1988
 283      0.1470        0.8879  |    0.4201/  0.4214/  0.4218            0.4218           0.2270     0.0067  |       0.1967      0.1988
 284      0.1128        0.9716  |    0.2795/  0.2820/  0.2832            0.2832           0.0501     0.0090  |       0.1966      0.1988
 285      0.0951        0.9786  |    0.0017/  0.0041/  0.0061            0.0061          -0.1370     0.0099  |       0.1964      0.1988
 286      0.0707        0.9652  |   -0.1411/ -0.1374/ -0.1344           -0.1344          -0.2585     0.0122  |       0.1963      0.1988
 287      0.1480        0.8805  |    0.5210/  0.5224/  0.5230            0.5230           0.3475     0.0081  |       0.1971      0.1988
 288      0.1233        0.9475  |    0.2966/  0.2991/  0.3002            0.3002           0.0872     0.0084  |       0.1967      0.1988
 289      0.0973        0.9747  |   -0.0115/ -0.0094/ -0.0076           -0.0076          -0.1379     0.0096  |       0.1965      0.1988
 290      0.0953        0.9985  |   -0.0186/ -0.0165/ -0.0153           -0.0153          -0.1480     0.0108  |       0.1964      0.1988
 291      0.0978        0.9834  |    0.1278/  0.1291/  0.1297            0.1297          -0.0555     0.0087  |       0.1965      0.1988
 292      0.0941        0.9842  |    0.0020/  0.0042/  0.0057            0.0057          -0.1211     0.0116  |       0.1965      0.1988
 293      0.0958        0.9950  |   -0.0071/ -0.0060/ -0.0053           -0.0053          -0.1436     0.0112  |       0.1964      0.1988
 294      0.0725        0.9641  |   -0.1036/ -0.0997/ -0.0963           -0.0963          -0.2298     0.0107  |       0.1964      0.1988
 295      0.1446        0.8925  |    0.4702/  0.4714/  0.4722            0.4722           0.2921     0.0079  |       0.1970      0.1988
 296      0.1322        0.9495  |    0.3815/  0.3829/  0.3839            0.3839           0.1849     0.0075  |       0.1967      0.1988
 297      0.0981        0.9601  |    0.0199/  0.0242/  0.0274            0.0274          -0.1225     0.0099  |       0.1965      0.1988
 298      0.0703        0.9647  |   -0.1083/ -0.1050/ -0.1026           -0.1026          -0.2422     0.0114  |       0.1963      0.1988
 299      0.1319        0.9167  |    0.3506/  0.3518/  0.3526            0.3526           0.1449     0.0071  |       0.1968      0.1988
IMAGEIO FFMPEG_WRITER WARNING: input image is not divisible by macro_block_size=16, resizing from (320, 180) to (320, 192) to ensure video compatibility with most codecs and players. To prevent resizing, make your input image divisible by the macro_block_size or set the macro_block_size to 1 (risking incompatibility).

Saved 300 frames -> /home/ashwink/Documents/swms/SWM_copy/rollouts_5_per/expert+subopt_cem/epoch11/epoch11_rollout3_failure.mp4
min dist(green_cube,blue_moon) over episode = 0.1988  ->  FAILURE
Full log written to /home/ashwink/Documents/swms/SWM_copy/rollouts_5_per/expert+subopt_cem/epoch11/epoch11_rollout3_20260730_123108.log
Result json -> /home/ashwink/Documents/swms/SWM_copy/rollouts_5_per/expert+subopt_cem/epoch11/epoch11_rollout3_result.json
