Checkpoint dir epoch: 1  Rollout: 0
Logging to /home/ashwink/Documents/swms/SWM_copy/rollouts_5_per/expert+subopt/epoch1/epoch1_rollout0_20260723_115550.log
Goal (fixed, steps 0-299): the green cube is touching the blue moon. the peg is touching the green cube.

Checkpoint: /home/ashwink/Documents/swms/SWM_copy/training/checkpoints_clip_full_fine-tuned_with_subopt_data/epoch_001.pt
  epoch=1  step=3372

Loading CLIP ViT-L/14 (datacomp_xl_s13b_b90k) + fine-tuned clip_state_dict ...
Parsing model identifier. Schema: None, Identifier: ViT-L-14
Loaded built-in ViT-L-14 model config.
Instantiating model architecture: CLIP
Loading full pretrained weights from: /home/ashwink/.cache/huggingface/hub/models--laion--CLIP-ViT-L-14-DataComp.XL-s13B-b90K/snapshots/84c9828e63dc9a9351d1fe637c346d4c1c4db341/open_clip_pytorch_model.bin
Final image preprocessing configuration set: {'size': (224, 224), 'mode': 'RGB', 'mean': (0.48145466, 0.4578275, 0.40821073), 'std': (0.26862954, 0.26130258, 0.27577711), 'interpolation': 'bicubic', 'resize_mode': 'shortest', 'fill_color': 0}
Model ViT-L-14 creation process complete.
Parsing tokenizer identifier. Schema: None, Identifier: ViT-L-14
Attempting to load config from built-in: ViT-L-14
Using default SimpleTokenizer.
z_star shape: torch.Size([768])

Loading action stats from /home/ashwink/full_data_5000/langtable/demos/ ...
  lo=[-0.03372681140899658, -0.03493623435497284]  hi=[0.03496786952018738, 0.03494429588317871]

Initializing LangTable env ...
Loading URDF plane.urdf
Loading URDF /home/ashwink/Documents/swms/.venv/lib/python3.10/site-packages/language_table/environments/utils/../../../language_table/environments/assets/workspace_real.urdf
Loading URDF xarm/xarm6_robot_white.urdf
Loading URDF /home/ashwink/Documents/swms/.venv/lib/python3.10/site-packages/language_table/environments/utils/../../../language_table/environments/assets/suction/cylinder_real.urdf
Loading URDF /home/ashwink/Documents/swms/.venv/lib/python3.10/site-packages/language_table/environments/utils/../../../language_table/environments/assets/blocks/red_moon.urdf
Loading URDF /home/ashwink/Documents/swms/.venv/lib/python3.10/site-packages/language_table/environments/utils/../../../language_table/environments/assets/blocks/red_cube.urdf
Loading URDF /home/ashwink/Documents/swms/.venv/lib/python3.10/site-packages/language_table/environments/utils/../../../language_table/environments/assets/blocks/red_star.urdf
Loading URDF /home/ashwink/Documents/swms/.venv/lib/python3.10/site-packages/language_table/environments/utils/../../../language_table/environments/assets/blocks/red_pentagon.urdf
Loading URDF /home/ashwink/Documents/swms/.venv/lib/python3.10/site-packages/language_table/environments/utils/../../../language_table/environments/assets/blocks/blue_moon.urdf
Loading URDF /home/ashwink/Documents/swms/.venv/lib/python3.10/site-packages/language_table/environments/utils/../../../language_table/environments/assets/blocks/blue_cube.urdf
Loading URDF /home/ashwink/Documents/swms/.venv/lib/python3.10/site-packages/language_table/environments/utils/../../../language_table/environments/assets/blocks/blue_star.urdf
Loading URDF /home/ashwink/Documents/swms/.venv/lib/python3.10/site-packages/language_table/environments/utils/../../../language_table/environments/assets/blocks/blue_pentagon.urdf
Loading URDF /home/ashwink/Documents/swms/.venv/lib/python3.10/site-packages/language_table/environments/utils/../../../language_table/environments/assets/blocks/yellow_moon.urdf
Loading URDF /home/ashwink/Documents/swms/.venv/lib/python3.10/site-packages/language_table/environments/utils/../../../language_table/environments/assets/blocks/yellow_cube.urdf
Loading URDF /home/ashwink/Documents/swms/.venv/lib/python3.10/site-packages/language_table/environments/utils/../../../language_table/environments/assets/blocks/yellow_star.urdf
Loading URDF /home/ashwink/Documents/swms/.venv/lib/python3.10/site-packages/language_table/environments/utils/../../../language_table/environments/assets/blocks/yellow_pentagon.urdf
Loading URDF /home/ashwink/Documents/swms/.venv/lib/python3.10/site-packages/language_table/environments/utils/../../../language_table/environments/assets/blocks/green_moon.urdf
Loading URDF /home/ashwink/Documents/swms/.venv/lib/python3.10/site-packages/language_table/environments/utils/../../../language_table/environments/assets/blocks/green_cube.urdf
Loading URDF /home/ashwink/Documents/swms/.venv/lib/python3.10/site-packages/language_table/environments/utils/../../../language_table/environments/assets/blocks/green_star.urdf
Loading URDF /home/ashwink/Documents/swms/.venv/lib/python3.10/site-packages/language_table/environments/utils/../../../language_table/environments/assets/blocks/green_pentagon.urdf
Loading URDF /home/ashwink/Documents/swms/.venv/lib/python3.10/site-packages/language_table/environments/utils/../../../language_table/environments/assets/blocks/purple_moon.urdf
Loading URDF /home/ashwink/Documents/swms/.venv/lib/python3.10/site-packages/language_table/environments/utils/../../../language_table/environments/assets/blocks/purple_cube.urdf
Loading URDF /home/ashwink/Documents/swms/.venv/lib/python3.10/site-packages/language_table/environments/utils/../../../language_table/environments/assets/blocks/purple_star.urdf
Loading URDF /home/ashwink/Documents/swms/.venv/lib/python3.10/site-packages/language_table/environments/utils/../../../language_table/environments/assets/blocks/purple_pentagon.urdf
Env ready.

Forced peg start: [0.42843915 0.24419614]  (green_cube=[0.40339102 0.18967466], blue_moon=[0.32039625 0.00902261])
  dist(peg,green_cube)=0.0600  dist(peg,blue_moon)=0.2588  dist(green_cube,blue_moon)=0.1988

step  cos(zt,z*)  cos(zt,zt-1)  |   cos(predK,z*) min/mean/max  cos(pred_sel,z*)   cos(zpred0,z*)  ||a_raw||  |  dist(peg,A)   dist(A,B)
-------------------------------------------------------------------------------------------------------------------------------------------------------------------------------
   0      0.2008           nan  |    0.3016/  0.3216/  0.3334            0.3334           0.1728     0.0109  |       0.0587      0.1988
   1      0.2032        0.9963  |    0.3285/  0.3430/  0.3503            0.3503           0.2159     0.0144  |       0.0637      0.1988
   2      0.2045        0.9974  |    0.2995/  0.3235/  0.3302            0.3302           0.1820     0.0165  |       0.0719      0.1988
   3      0.2065        0.9938  |    0.3028/  0.3209/  0.3278            0.3278           0.1753     0.0173  |       0.0848      0.1988
   4      0.2006        0.9944  |    0.2720/  0.2988/  0.3070            0.3070           0.1424     0.0174  |       0.0987      0.1988
   5      0.1879        0.9949  |    0.1883/  0.2092/  0.2170            0.2170           0.0251     0.0192  |       0.1126      0.1988
   6      0.1930        0.9913  |    0.2415/  0.2576/  0.2639            0.2639           0.1129     0.0189  |       0.1275      0.1988
   7      0.1753        0.9913  |    0.1319/  0.1531/  0.1596            0.1596          -0.0151     0.0178  |       0.1439      0.1988
   8      0.1695        0.9931  |    0.1374/  0.1566/  0.1633            0.1633           0.0613     0.0181  |       0.1607      0.1988
   9      0.1878        0.9906  |    0.2595/  0.2818/  0.2876            0.2876           0.1703     0.0152  |       0.1777      0.1988
  10      0.1836        0.9957  |    0.2324/  0.2484/  0.2560            0.2560           0.1160     0.0168  |       0.1926      0.1988
  11      0.1878        0.9958  |    0.2269/  0.2421/  0.2487            0.2487           0.1241     0.0166  |       0.1997      0.1988
  12      0.1925        0.9957  |    0.2667/  0.2870/  0.2937            0.2937           0.1685     0.0148  |       0.2002      0.1988
  13      0.1927        0.9926  |    0.3005/  0.3108/  0.3171            0.3171           0.2134     0.0161  |       0.2001      0.1988
  14      0.1941        0.9964  |    0.2677/  0.2913/  0.2982            0.2982           0.1705     0.0165  |       0.2003      0.1988
  15      0.1916        0.9974  |    0.2791/  0.2976/  0.3050            0.3050           0.1945     0.0142  |       0.1999      0.1988
  16      0.1794        0.9915  |    0.2974/  0.3145/  0.3213            0.3213           0.2528     0.0125  |       0.1994      0.1988
  17      0.1819        0.9866  |    0.2228/  0.2409/  0.2490            0.2490           0.1629     0.0142  |       0.1990      0.1988
  18      0.1797        0.9875  |    0.2210/  0.2448/  0.2514            0.2514           0.1668     0.0137  |       0.1985      0.1988
  19      0.1700        0.9682  |   -0.0037/  0.0085/  0.0138            0.0138          -0.0054     0.0152  |       0.1979      0.1988
  20      0.1422        0.9795  |   -0.1248/ -0.1136/ -0.1059           -0.1059          -0.1407     0.0209  |       0.1974      0.1988
  21      0.1565        0.9812  |   -0.0614/ -0.0449/ -0.0392           -0.0392          -0.0267     0.0164  |       0.1971      0.1988
  22      0.1426        0.9876  |   -0.1064/ -0.0927/ -0.0854           -0.0854          -0.0986     0.0160  |       0.1973      0.1988
  23      0.1590        0.9835  |   -0.0813/ -0.0687/ -0.0630           -0.0630          -0.0779     0.0170  |       0.1972      0.1988
  24      0.1444        0.9801  |   -0.1229/ -0.1092/ -0.1030           -0.1030          -0.0700     0.0152  |       0.1969      0.1988
  25      0.1615        0.9850  |    0.0261/  0.0674/  0.0955            0.0955          -0.0141     0.0018  |       0.1966      0.1988
  26      0.1573        0.9902  |    0.1227/  0.1353/  0.1441            0.1441           0.0111     0.0054  |       0.1950      0.1988
  27      0.1444        0.9661  |    0.0270/  0.0386/  0.0452            0.0452          -0.1148     0.0095  |       0.1911      0.1988
  28      0.1331        0.9772  |   -0.0685/ -0.0555/ -0.0495           -0.0495          -0.1696     0.0082  |       0.1825      0.1988
  29      0.1599        0.9771  |    0.0569/  0.0689/  0.0767            0.0767           0.0147     0.0068  |       0.1753      0.1988
  30      0.1716        0.9786  |    0.1974/  0.2072/  0.2146            0.2146           0.1568     0.0034  |       0.1691      0.1988
  31      0.1895        0.9743  |    0.1623/  0.1840/  0.2039            0.2039           0.1609     0.0071  |       0.1666      0.1988
  32      0.1778        0.9794  |    0.0680/  0.0951/  0.1098            0.1098           0.0535     0.0101  |       0.1714      0.1988
  33      0.1595        0.9899  |   -0.0011/  0.0251/  0.0380            0.0380          -0.0756     0.0164  |       0.1800      0.1988
  34      0.1722        0.9745  |    0.0882/  0.0980/  0.1039            0.1039           0.0660     0.0159  |       0.1945      0.1988
  35      0.1730        0.9932  |    0.0518/  0.0688/  0.0756            0.0756           0.0390     0.0163  |       0.1978      0.1988
  36      0.1733        0.9923  |    0.0947/  0.1117/  0.1192            0.1192           0.0837     0.0128  |       0.1984      0.1988
  37      0.1652        0.9893  |   -0.0183/ -0.0067/  0.0014            0.0014          -0.0360     0.0180  |       0.1982      0.1988
  38      0.1377        0.9677  |   -0.1165/ -0.1024/ -0.0961           -0.0961          -0.1094     0.0204  |       0.1974      0.1988
  39      0.1544        0.9862  |   -0.0755/ -0.0624/ -0.0574           -0.0574          -0.0374     0.0170  |       0.1972      0.1988
  40      0.1499        0.9907  |   -0.1127/ -0.0945/ -0.0767           -0.0767          -0.0576     0.0074  |       0.1970      0.1988
  41      0.1343        0.9865  |   -0.1352/ -0.1006/ -0.0740           -0.0740          -0.1856     0.0091  |       0.1973      0.1988
  42      0.1384        0.9903  |   -0.0159/ -0.0023/  0.0033            0.0033          -0.1351     0.0083  |       0.1893      0.1988
  43      0.1275        0.9896  |   -0.0555/ -0.0436/ -0.0374           -0.0374          -0.1776     0.0076  |       0.1812      0.1988
  44      0.1321        0.9910  |   -0.0478/ -0.0344/ -0.0278           -0.0278          -0.1584     0.0050  |       0.1736      0.1988
  45      0.1258        0.9912  |   -0.0506/ -0.0398/ -0.0340           -0.0340          -0.1537     0.0068  |       0.1684      0.1988
  46      0.1551        0.9815  |    0.0972/  0.1110/  0.1185            0.1185           0.0248     0.0047  |       0.1625      0.1988
  47      0.1782        0.9835  |    0.1561/  0.1660/  0.1726            0.1726           0.1224     0.0032  |       0.1590      0.1988
  48      0.1828        0.9925  |    0.0483/  0.0615/  0.0712            0.0712           0.0566     0.0053  |       0.1561      0.1988
  49      0.1877        0.9770  |    0.1511/  0.1728/  0.1913            0.1913           0.1179     0.0108  |       0.1579      0.1988
  50      0.1714        0.9859  |    0.0698/  0.0964/  0.1105            0.1105           0.0009     0.0152  |       0.1678      0.1988
  51      0.1678        0.9918  |    0.0884/  0.1024/  0.1093            0.1093           0.0072     0.0165  |       0.1819      0.1988
  52      0.1760        0.9866  |    0.2003/  0.2170/  0.2225            0.2225           0.1861     0.0129  |       0.1971      0.1988
  53      0.1705        0.9944  |    0.2284/  0.2466/  0.2532            0.2532           0.2101     0.0153  |       0.1987      0.1988
  54      0.1706        0.9934  |    0.1428/  0.1541/  0.1626            0.1626           0.1218     0.0130  |       0.1988      0.1988
  55      0.1721        0.9887  |    0.1011/  0.1229/  0.1338            0.1338           0.0643     0.0162  |       0.1985      0.1988
  56      0.1871        0.9747  |    0.3254/  0.3378/  0.3445            0.3445           0.2818     0.0145  |       0.1992      0.1988
  57      0.1850        0.9987  |    0.2849/  0.3132/  0.3199            0.3199           0.2486     0.0150  |       0.1992      0.1988
  58      0.1736        0.9685  |    0.0900/  0.1042/  0.1111            0.1111           0.0715     0.0143  |       0.1984      0.1988
  59      0.1572        0.9820  |   -0.0505/ -0.0392/ -0.0317           -0.0317          -0.0499     0.0160  |       0.1979      0.1988
  60      0.1713        0.9863  |    0.0078/  0.0239/  0.0309            0.0309          -0.0110     0.0165  |       0.1982      0.1988
  61      0.1688        0.9978  |    0.0031/  0.0186/  0.0251            0.0251          -0.0203     0.0177  |       0.1982      0.1988
  62      0.1725        0.9956  |    0.0173/  0.0313/  0.0371            0.0371           0.0225     0.0134  |       0.1981      0.1988
  63      0.1561        0.9890  |   -0.0558/ -0.0339/ -0.0262           -0.0262          -0.0539     0.0194  |       0.1979      0.1988
  64      0.1576        0.9922  |   -0.0374/ -0.0213/ -0.0154           -0.0154          -0.0145     0.0132  |       0.1977      0.1988
  65      0.1599        0.9948  |   -0.0317/ -0.0177/ -0.0119           -0.0119          -0.0183     0.0110  |       0.1978      0.1988
  66      0.1590        0.9950  |   -0.0395/ -0.0096/  0.0069            0.0069          -0.0305     0.0038  |       0.1980      0.1988
  67      0.1613        0.9978  |    0.0339/  0.0517/  0.0621            0.0621          -0.0187     0.0056  |       0.1980      0.1988
  68      0.1756        0.9906  |    0.1108/  0.1223/  0.1283            0.1283           0.0715     0.0055  |       0.1938      0.1988
  69      0.1839        0.9914  |    0.2505/  0.2652/  0.2709            0.2709           0.2268     0.0019  |       0.1886      0.1988
  70      0.1813        0.9934  |    0.1526/  0.1673/  0.1766            0.1766           0.1421     0.0057  |       0.1864      0.1988
  71      0.1700        0.9801  |    0.1224/  0.1326/  0.1418            0.1418           0.1054     0.0008  |       0.1911      0.1988
  72      0.1720        0.9941  |    0.1221/  0.1391/  0.1498            0.1498           0.1031     0.0014  |       0.1914      0.1988
  73      0.1663        0.9949  |    0.1552/  0.1721/  0.1794            0.1794           0.1235     0.0024  |       0.1926      0.1988
  74      0.1763        0.9908  |    0.1547/  0.1722/  0.1820            0.1820           0.1600     0.0011  |       0.1921      0.1988
  75      0.1775        0.9975  |    0.1833/  0.1973/  0.2077            0.2077           0.1693     0.0047  |       0.1923      0.1988
  76      0.1763        0.9675  |    0.0905/  0.1044/  0.1156            0.1156           0.0770     0.0010  |       0.1930      0.1988
  77      0.1705        0.9918  |    0.0303/  0.0490/  0.0578            0.0578           0.0114     0.0013  |       0.1932      0.1988
  78      0.1745        0.9961  |    0.1278/  0.1403/  0.1470            0.1470           0.0866     0.0049  |       0.1921      0.1988
  79      0.1825        0.9899  |    0.1663/  0.1788/  0.1855            0.1855           0.1513     0.0026  |       0.1879      0.1988
  80      0.1797        0.9968  |    0.1572/  0.1731/  0.1797            0.1797           0.1391     0.0014  |       0.1898      0.1988
  81      0.1758        0.9874  |    0.1673/  0.1804/  0.1867            0.1867           0.1499     0.0020  |       0.1898      0.1988
  82      0.1738        0.9932  |    0.0805/  0.0964/  0.1044            0.1044           0.0723     0.0036  |       0.1914      0.1988
  83      0.1732        0.9911  |    0.1816/  0.1970/  0.2057            0.2057           0.1546     0.0019  |       0.1948      0.1988
  84      0.1786        0.9957  |    0.1983/  0.2103/  0.2173            0.2173           0.1808     0.0010  |       0.1935      0.1988
  85      0.1731        0.9907  |    0.1783/  0.1912/  0.2003            0.2003           0.1488     0.0013  |       0.1937      0.1988
  86      0.1606        0.9962  |    0.0991/  0.1134/  0.1211            0.1211           0.0541     0.0034  |       0.1927      0.1988
  87      0.1819        0.9778  |    0.1497/  0.1665/  0.1746            0.1746           0.1388     0.0023  |       0.1902      0.1988
  88      0.1822        0.9887  |    0.2023/  0.2170/  0.2236            0.2236           0.1899     0.0033  |       0.1889      0.1988
  89      0.1703        0.9803  |    0.0673/  0.0818/  0.0915            0.0915           0.0363     0.0053  |       0.1906      0.1988
  90      0.1793        0.9864  |    0.2086/  0.2228/  0.2308            0.2308           0.1899     0.0035  |       0.1869      0.1988
  91      0.1755        0.9930  |    0.1664/  0.1911/  0.1988            0.1988           0.1532     0.0024  |       0.1834      0.1988
  92      0.1655        0.9849  |    0.0242/  0.0407/  0.0486            0.0486           0.0119     0.0025  |       0.1817      0.1988
  93      0.1722        0.9933  |    0.1130/  0.1275/  0.1334            0.1334           0.0951     0.0037  |       0.1793      0.1988
  94      0.1623        0.9858  |   -0.0060/  0.0153/  0.0226            0.0226          -0.0276     0.0024  |       0.1766      0.1988
  95      0.1745        0.9960  |    0.0344/  0.0471/  0.0545            0.0545           0.0301     0.0020  |       0.1742      0.1988
  96      0.1781        0.9960  |    0.0339/  0.0492/  0.0568            0.0568           0.0471     0.0016  |       0.1722      0.1988
  97      0.1729        0.9941  |    0.0040/  0.0178/  0.0238            0.0238           0.0023     0.0036  |       0.1735      0.1988
  98      0.1806        0.9916  |    0.0873/  0.1022/  0.1164            0.1164           0.0935     0.0068  |       0.1706      0.1988
  99      0.1706        0.9956  |    0.0381/  0.0572/  0.0688            0.0688           0.0315     0.0077  |       0.1764      0.1988
 100      0.1730        0.9830  |    0.0987/  0.1144/  0.1216            0.1216           0.0877     0.0054  |       0.1829      0.1988
 101      0.1824        0.9934  |    0.1542/  0.1680/  0.1758            0.1758           0.1371     0.0063  |       0.1883      0.1988
 102      0.1715        0.9893  |   -0.0204/ -0.0061/  0.0002            0.0002          -0.0286     0.0083  |       0.1942      0.1988
 103      0.1781        0.9821  |    0.1538/  0.1739/  0.1859            0.1859           0.1402     0.0096  |       0.1981      0.1988
 104      0.1767        0.9962  |    0.1688/  0.1819/  0.1888            0.1888           0.1476     0.0101  |       0.1986      0.1988
 105      0.1687        0.9666  |    0.0620/  0.0778/  0.0899            0.0899           0.0533     0.0034  |       0.1978      0.1988
 106      0.1545        0.9882  |    0.0295/  0.0437/  0.0550            0.0550          -0.0465     0.0028  |       0.1975      0.1988
 107      0.1463        0.9932  |   -0.0406/ -0.0267/ -0.0198           -0.0198          -0.1161     0.0039  |       0.1952      0.1988
 108      0.1585        0.9866  |    0.0399/  0.0503/  0.0569            0.0569          -0.0209     0.0049  |       0.1919      0.1988
 109      0.1383        0.9816  |   -0.0931/ -0.0814/ -0.0749           -0.0749          -0.1317     0.0035  |       0.1873      0.1988
 110      0.1458        0.9863  |    0.0216/  0.0330/  0.0401            0.0401          -0.0567     0.0034  |       0.1840      0.1988
 111      0.1477        0.9932  |    0.0159/  0.0278/  0.0345            0.0345          -0.0739     0.0067  |       0.1808      0.1988
 112      0.1555        0.9946  |    0.0475/  0.0586/  0.0654            0.0654          -0.0257     0.0053  |       0.1744      0.1988
 113      0.1732        0.9756  |    0.2203/  0.2364/  0.2427            0.2427           0.1796     0.0038  |       0.1698      0.1988
 114      0.1811        0.9763  |    0.0832/  0.1116/  0.1211            0.1211           0.1024     0.0017  |       0.1677      0.1988
 115      0.1734        0.9876  |    0.0634/  0.0901/  0.1096            0.1096           0.0547     0.0100  |       0.1689      0.1988
 116      0.1656        0.9656  |    0.1412/  0.1593/  0.1737            0.1737           0.1249     0.0059  |       0.1762      0.1988
 117      0.1298        0.9637  |   -0.0729/ -0.0583/ -0.0462           -0.0462          -0.1411     0.0120  |       0.1813      0.1988
 118      0.1688        0.9625  |    0.1614/  0.1717/  0.1789            0.1789           0.1212     0.0032  |       0.1719      0.1988
 119      0.1834        0.9903  |    0.2718/  0.2847/  0.2913            0.2913           0.2353     0.0010  |       0.1681      0.1988
 120      0.1673        0.9897  |    0.0728/  0.0851/  0.0911            0.0911           0.0668     0.0050  |       0.1670      0.1988
 121      0.1836        0.9703  |    0.1761/  0.1916/  0.1978            0.1978           0.1479     0.0009  |       0.1630      0.1988
 122      0.1808        0.9972  |    0.1729/  0.1887/  0.1949            0.1949           0.1440     0.0050  |       0.1622      0.1988
 123      0.1777        0.9842  |    0.0409/  0.0544/  0.0687            0.0687           0.0455     0.0039  |       0.1584      0.1988
 124      0.1874        0.9882  |    0.1391/  0.1555/  0.1719            0.1719           0.1090     0.0099  |       0.1611      0.1988
 125      0.1767        0.9917  |    0.1564/  0.1792/  0.1932            0.1932           0.0950     0.0120  |       0.1703      0.1988
 126      0.1713        0.9895  |    0.1174/  0.1291/  0.1360            0.1360           0.0838     0.0166  |       0.1816      0.1988
 127      0.1554        0.9763  |   -0.0537/ -0.0313/ -0.0237           -0.0237          -0.0300     0.0160  |       0.1961      0.1988
 128      0.1453        0.9868  |   -0.1114/ -0.0981/ -0.0909           -0.0909          -0.0886     0.0199  |       0.1973      0.1988
 129      0.1539        0.9896  |   -0.0798/ -0.0659/ -0.0594           -0.0594          -0.0381     0.0156  |       0.1972      0.1988
 130      0.1398        0.9845  |   -0.1535/ -0.1284/ -0.1199           -0.1199          -0.1538     0.0185  |       0.1975      0.1988
 131      0.1408        0.9897  |   -0.1556/ -0.1438/ -0.1381           -0.1381          -0.1607     0.0180  |       0.1973      0.1988
 132      0.1538        0.9926  |   -0.0739/ -0.0632/ -0.0576           -0.0576          -0.0373     0.0171  |       0.1972      0.1988
 133      0.1504        0.9881  |   -0.1230/ -0.1054/ -0.0999           -0.0999          -0.0769     0.0158  |       0.1970      0.1988
 134      0.1371        0.9886  |   -0.1738/ -0.1634/ -0.1562           -0.1562          -0.1666     0.0188  |       0.1968      0.1988
 135      0.1600        0.9724  |   -0.0725/ -0.0608/ -0.0548           -0.0548          -0.0568     0.0174  |       0.1965      0.1988
 136      0.1634        0.9942  |    0.0080/  0.0415/  0.0751            0.0751           0.0323     0.0024  |       0.1964      0.1988
 137      0.1542        0.9899  |   -0.0344/ -0.0134/ -0.0027           -0.0027          -0.1198     0.0063  |       0.1963      0.1988
 138      0.1405        0.9726  |   -0.0858/ -0.0735/ -0.0674           -0.0674          -0.1848     0.0036  |       0.1910      0.1988
 139      0.1371        0.9878  |    0.0056/  0.0186/  0.0257            0.0257          -0.1363     0.0073  |       0.1873      0.1988
 140      0.1511        0.9814  |    0.0757/  0.0889/  0.0954            0.0954          -0.0583     0.0084  |       0.1804      0.1988
 141      0.1235        0.9732  |   -0.1294/ -0.1195/ -0.1141           -0.1141          -0.2292     0.0062  |       0.1721      0.1988
 142      0.1440        0.9883  |   -0.0219/ -0.0105/ -0.0026           -0.0026          -0.1139     0.0063  |       0.1658      0.1988
 143      0.1336        0.9886  |   -0.1027/ -0.0902/ -0.0838           -0.0838          -0.1663     0.0055  |       0.1596      0.1988
 144      0.1316        0.9889  |   -0.0936/ -0.0706/ -0.0629           -0.0629          -0.1309     0.0032  |       0.1545      0.1988
 145      0.1595        0.9858  |    0.0794/  0.0906/  0.0983            0.0983           0.0610     0.0011  |       0.1514      0.1988
 146      0.1607        0.9942  |    0.0795/  0.0908/  0.0974            0.0974           0.0587     0.0030  |       0.1516      0.1988
 147      0.1738        0.9851  |    0.1154/  0.1335/  0.1496            0.1496           0.0918     0.0080  |       0.1507      0.1988
 148      0.1013        0.9597  |   -0.1878/ -0.1646/ -0.1415           -0.1415          -0.2254     0.0074  |       0.1571      0.1988
 149      0.1749        0.9317  |    0.1271/  0.1433/  0.1499            0.1499           0.1193     0.0013  |       0.1545      0.1988
 150      0.1737        0.9972  |    0.0657/  0.0825/  0.0893            0.0893           0.0645     0.0008  |       0.1531      0.1988
 151      0.1682        0.9913  |    0.0673/  0.0844/  0.0958            0.0958           0.0547     0.0047  |       0.1524      0.1988
 152      0.1748        0.9911  |    0.1269/  0.1409/  0.1476            0.1476           0.1067     0.0070  |       0.1566      0.1988
 153      0.1625        0.9876  |    0.1589/  0.1718/  0.1847            0.1847           0.1269     0.0013  |       0.1633      0.1988
 154      0.1743        0.9935  |    0.1475/  0.1624/  0.1724            0.1724           0.1026     0.0020  |       0.1634      0.1988
 155      0.1797        0.9849  |    0.1301/  0.1440/  0.1505            0.1505           0.1219     0.0009  |       0.1634      0.1988
 156      0.1816        0.9962  |    0.1656/  0.1796/  0.1975            0.1975           0.1559     0.0048  |       0.1642      0.1988
 157      0.1777        0.9878  |    0.1679/  0.1810/  0.1919            0.1919           0.1373     0.0090  |       0.1681      0.1988
 158      0.1764        0.9920  |    0.2157/  0.2278/  0.2394            0.2394           0.1757     0.0095  |       0.1764      0.1988
 159      0.1745        0.9817  |    0.1050/  0.1227/  0.1302            0.1302           0.1083     0.0095  |       0.1853      0.1988
 160      0.1784        0.9815  |    0.1844/  0.2011/  0.2086            0.2086           0.1654     0.0109  |       0.1946      0.1988
 161      0.1762        0.9879  |    0.1774/  0.1886/  0.1986            0.1986           0.1447     0.0118  |       0.1983      0.1988
 162      0.1779        0.9996  |    0.1968/  0.2114/  0.2194            0.2194           0.1644     0.0130  |       0.1986      0.1988
 163      0.1726        0.9894  |    0.1984/  0.2186/  0.2270            0.2270           0.1481     0.0144  |       0.1990      0.1988
 164      0.1852        0.9936  |    0.2814/  0.3019/  0.3091            0.3091           0.2366     0.0165  |       0.1992      0.1988
 165      0.1827        0.9858  |    0.2413/  0.2563/  0.2639            0.2639           0.1981     0.0156  |       0.1987      0.1988
 166      0.1805        0.9983  |    0.2240/  0.2393/  0.2457            0.2457           0.1898     0.0143  |       0.1987      0.1988
 167      0.1696        0.9747  |    0.0328/  0.0471/  0.0543            0.0543           0.0270     0.0126  |       0.1983      0.1988
 168      0.1721        0.9904  |    0.1595/  0.1736/  0.1801            0.1801           0.1496     0.0103  |       0.1986      0.1988
 169      0.1693        0.9991  |    0.1372/  0.1520/  0.1614            0.1614           0.1268     0.0055  |       0.1986      0.1988
 170      0.1753        0.9894  |    0.0801/  0.0943/  0.1004            0.1004           0.0668     0.0061  |       0.1984      0.1988
 171      0.1629        0.9846  |    0.0379/  0.0558/  0.0694            0.0694           0.0127     0.0034  |       0.1980      0.1988
 172      0.1721        0.9856  |    0.0676/  0.0861/  0.0930            0.0930           0.0490     0.0023  |       0.1965      0.1988
 173      0.1759        0.9731  |    0.1556/  0.1686/  0.1751            0.1751           0.1463     0.0041  |       0.1953      0.1988
 174      0.1809        0.9799  |    0.2212/  0.2373/  0.2495            0.2495           0.2116     0.0060  |       0.1970      0.1988
 175      0.1797        0.9975  |    0.2150/  0.2351/  0.2501            0.2501           0.1871     0.0120  |       0.1992      0.1988
 176      0.1726        0.9917  |    0.1951/  0.2085/  0.2169            0.2169           0.1651     0.0115  |       0.1990      0.1988
 177      0.1714        0.9819  |    0.1523/  0.1673/  0.1738            0.1738           0.1397     0.0094  |       0.1986      0.1988
 178      0.1807        0.9759  |    0.1959/  0.2219/  0.2336            0.2336           0.1498     0.0162  |       0.1991      0.1988
 179      0.1777        0.9947  |    0.2468/  0.2611/  0.2683            0.2683           0.2222     0.0141  |       0.1989      0.1988
 180      0.1840        0.9955  |    0.2385/  0.2564/  0.2663            0.2663           0.1951     0.0179  |       0.1991      0.1988
 181      0.1727        0.9771  |    0.1516/  0.1657/  0.1734            0.1734           0.1375     0.0091  |       0.1986      0.1988
 182      0.1718        0.9930  |    0.0987/  0.1235/  0.1347            0.1347           0.0671     0.0148  |       0.1985      0.1988
 183      0.1712        0.9944  |    0.0907/  0.1036/  0.1097            0.1097           0.0792     0.0134  |       0.1985      0.1988
 184      0.1753        0.9974  |    0.1119/  0.1244/  0.1307            0.1307           0.0859     0.0131  |       0.1984      0.1988
 185      0.1713        0.9920  |    0.0221/  0.0377/  0.0452            0.0452           0.0045     0.0139  |       0.1982      0.1988
 186      0.1770        0.9927  |    0.0919/  0.1062/  0.1121            0.1121           0.0772     0.0167  |       0.1984      0.1988
 187      0.1757        0.9904  |    0.1932/  0.2090/  0.2154            0.2154           0.1811     0.0111  |       0.1986      0.1988
 188      0.1793        0.9845  |    0.2027/  0.2248/  0.2348            0.2348           0.1787     0.0127  |       0.1987      0.1988
 189      0.1717        0.9913  |    0.2353/  0.2502/  0.2579            0.2579           0.2173     0.0114  |       0.1989      0.1988
 190      0.1806        0.9935  |    0.2048/  0.2200/  0.2327            0.2327           0.1496     0.0158  |       0.1991      0.1988
 191      0.1840        0.9996  |    0.2412/  0.2580/  0.2656            0.2656           0.1767     0.0140  |       0.1991      0.1988
 192      0.1796        0.9880  |    0.2325/  0.2444/  0.2518            0.2518           0.1677     0.0148  |       0.1987      0.1988
 193      0.1698        0.9743  |    0.0398/  0.0519/  0.0576            0.0576           0.0304     0.0148  |       0.1983      0.1988
 194      0.1724        0.9893  |    0.1601/  0.1744/  0.1804            0.1804           0.1425     0.0142  |       0.1986      0.1988
 195      0.1648        0.9696  |    0.0198/  0.0339/  0.0517            0.0517           0.0272     0.0056  |       0.1978      0.1988
 196      0.1625        0.9942  |    0.0028/  0.0148/  0.0213            0.0213          -0.0081     0.0047  |       0.1977      0.1988
 197      0.1682        0.9859  |    0.0354/  0.0485/  0.0578            0.0578          -0.0046     0.0062  |       0.1981      0.1988
 198      0.1375        0.9784  |   -0.0589/ -0.0454/ -0.0385           -0.0385          -0.1396     0.0036  |       0.1932      0.1988
 199      0.1399        0.9904  |   -0.0594/ -0.0490/ -0.0426           -0.0426          -0.1308     0.0043  |       0.1895      0.1988
 200      0.1394        0.9915  |   -0.0301/ -0.0151/ -0.0072           -0.0072          -0.0954     0.0044  |       0.1859      0.1988
 201      0.1413        0.9923  |    0.0277/  0.0372/  0.0439            0.0439          -0.0704     0.0063  |       0.1819      0.1988
 202      0.1709        0.9698  |    0.1138/  0.1317/  0.1386            0.1386           0.0901     0.0006  |       0.1776      0.1988
 203      0.1786        0.9936  |    0.2015/  0.2132/  0.2200            0.2200           0.1742     0.0048  |       0.1772      0.1988
 204      0.1657        0.9748  |   -0.0168/ -0.0041/  0.0030            0.0030          -0.0366     0.0044  |       0.1762      0.1988
 205      0.1651        0.9958  |    0.0273/  0.0405/  0.0478            0.0478          -0.0082     0.0053  |       0.1723      0.1988
 206      0.1552        0.9949  |   -0.0240/ -0.0160/ -0.0090           -0.0090          -0.0883     0.0025  |       0.1676      0.1988
 207      0.1614        0.9983  |   -0.0278/ -0.0128/ -0.0066           -0.0066          -0.0659     0.0039  |       0.1651      0.1988
 208      0.1801        0.9956  |    0.0089/  0.0211/  0.0284            0.0284           0.0097     0.0038  |       0.1614      0.1988
 209      0.1795        0.9972  |    0.0498/  0.0623/  0.0699            0.0699           0.0407     0.0029  |       0.1581      0.1988
 210      0.1723        0.9937  |   -0.0208/ -0.0093/ -0.0030           -0.0030          -0.0305     0.0006  |       0.1573      0.1988
 211      0.1690        0.9971  |   -0.0410/ -0.0204/ -0.0135           -0.0135          -0.0636     0.0031  |       0.1567      0.1988
 212      0.1708        0.9954  |   -0.0260/ -0.0124/ -0.0061           -0.0061          -0.0308     0.0006  |       0.1548      0.1988
 213      0.1695        0.9971  |   -0.0144/  0.0010/  0.0102            0.0102          -0.0134     0.0023  |       0.1551      0.1988
 214      0.1800        0.9939  |   -0.0340/ -0.0208/ -0.0128           -0.0128          -0.0213     0.0037  |       0.1532      0.1988
 215      0.1835        0.9980  |   -0.0149/ -0.0005/  0.0060            0.0060          -0.0000     0.0024  |       0.1500      0.1988
 216      0.1794        0.9974  |   -0.0265/ -0.0133/ -0.0065           -0.0065          -0.0158     0.0033  |       0.1519      0.1988
 217      0.1771        0.9935  |    0.0696/  0.0822/  0.0906            0.0906           0.0668     0.0036  |       0.1498      0.1988
 218      0.1758        0.9956  |    0.1060/  0.1184/  0.1262            0.1262           0.1034     0.0074  |       0.1526      0.1988
 219      0.1896        0.9918  |    0.1551/  0.1801/  0.2011            0.2011           0.1380     0.0100  |       0.1558      0.1988
 220      0.1950        0.9946  |    0.2380/  0.2573/  0.2723            0.2723           0.1843     0.0158  |       0.1644      0.1988
 221      0.1817        0.9700  |    0.2441/  0.2686/  0.2780            0.2780           0.0829     0.0138  |       0.1792      0.1988
 222      0.1600        0.9769  |    0.1731/  0.1887/  0.1974            0.1974          -0.1253     0.0188  |       0.1913      0.1988
 223      0.1857        0.9558  |    0.2067/  0.2225/  0.2301            0.2301           0.0737     0.0168  |       0.2009      0.1988
 224      0.1899        0.9908  |    0.2299/  0.2438/  0.2514            0.2514           0.1193     0.0155  |       0.2009      0.1988
 225      0.1925        0.9939  |    0.2862/  0.3025/  0.3087            0.3087           0.2019     0.0120  |       0.2003      0.1988
 226      0.1841        0.9930  |    0.2608/  0.2841/  0.2916            0.2916           0.1946     0.0146  |       0.1997      0.1988
 227      0.1843        0.9949  |    0.2790/  0.2988/  0.3053            0.3053           0.2383     0.0106  |       0.1993      0.1988
 228      0.1727        0.9821  |    0.1511/  0.1658/  0.1719            0.1719           0.1373     0.0096  |       0.1986      0.1988
 229      0.1722        0.9856  |    0.0197/  0.0304/  0.0413            0.0413           0.0217     0.0057  |       0.1982      0.1988
 230      0.1766        0.9820  |    0.1343/  0.1493/  0.1573            0.1573           0.1127     0.0101  |       0.1985      0.1988
 231      0.1803        0.9804  |    0.2091/  0.2287/  0.2389            0.2389           0.1643     0.0126  |       0.1991      0.1988
 232      0.1763        0.9943  |    0.2689/  0.2819/  0.2894            0.2894           0.2511     0.0073  |       0.1989      0.1988
 233      0.1787        0.9904  |    0.2008/  0.2156/  0.2236            0.2236           0.1729     0.0118  |       0.1987      0.1988
 234      0.1849        0.9845  |    0.2844/  0.2980/  0.3062            0.3062           0.2357     0.0125  |       0.1992      0.1988
 235      0.1867        0.9946  |    0.2764/  0.2964/  0.3026            0.3026           0.2224     0.0127  |       0.1999      0.1988
 236      0.1742        0.9868  |    0.2160/  0.2351/  0.2426            0.2426           0.1744     0.0122  |       0.1991      0.1988
 237      0.1798        0.9911  |    0.2155/  0.2327/  0.2395            0.2395           0.1845     0.0142  |       0.1988      0.1988
 238      0.1784        0.9994  |    0.2130/  0.2246/  0.2326            0.2326           0.1724     0.0155  |       0.1987      0.1988
 239      0.1701        0.9887  |    0.1052/  0.1244/  0.1311            0.1311           0.0578     0.0164  |       0.1985      0.1988
 240      0.1712        0.9866  |    0.0253/  0.0380/  0.0444            0.0444           0.0038     0.0152  |       0.1982      0.1988
 241      0.1753        0.9920  |    0.0940/  0.1131/  0.1184            0.1184           0.0903     0.0155  |       0.1984      0.1988
 242      0.1643        0.9808  |    0.0080/  0.0209/  0.0264            0.0264           0.0182     0.0131  |       0.1978      0.1988
 243      0.1552        0.9761  |   -0.0456/ -0.0197/ -0.0005           -0.0005          -0.0494     0.0053  |       0.1973      0.1988
 244      0.1386        0.9930  |   -0.0639/ -0.0485/ -0.0408           -0.0408          -0.1652     0.0063  |       0.1973      0.1988
 245      0.1358        0.9855  |   -0.0675/ -0.0536/ -0.0474           -0.0474          -0.1591     0.0094  |       0.1924      0.1988
 246      0.1617        0.9753  |    0.0996/  0.1122/  0.1200            0.1200           0.0460     0.0043  |       0.1840      0.1988
 247      0.1774        0.9856  |    0.2203/  0.2322/  0.2376            0.2376           0.1828     0.0033  |       0.1800      0.1988
 248      0.1712        0.9783  |    0.0503/  0.0628/  0.0710            0.0710           0.0445     0.0032  |       0.1785      0.1988
 249      0.1712        0.9948  |    0.0407/  0.0597/  0.0665            0.0665           0.0343     0.0027  |       0.1756      0.1988
 250      0.1759        0.9968  |    0.0159/  0.0282/  0.0349            0.0349           0.0200     0.0035  |       0.1732      0.1988
 251      0.1568        0.9881  |   -0.0467/ -0.0306/ -0.0239           -0.0239          -0.0811     0.0036  |       0.1728      0.1988
 252      0.1578        0.9966  |    0.0006/  0.0173/  0.0245            0.0245          -0.0560     0.0059  |       0.1696      0.1988
 253      0.1720        0.9972  |    0.0079/  0.0263/  0.0325            0.0325          -0.0114     0.0040  |       0.1644      0.1988
 254      0.1708        0.9939  |    0.0016/  0.0140/  0.0202            0.0202          -0.0021     0.0046  |       0.1606      0.1988
 255      0.1813        0.9933  |    0.0299/  0.0403/  0.0476            0.0476           0.0240     0.0029  |       0.1581      0.1988
 256      0.1806        0.9987  |    0.0134/  0.0268/  0.0341            0.0341           0.0145     0.0048  |       0.1552      0.1988
 257      0.1648        0.9928  |   -0.0477/ -0.0301/ -0.0221           -0.0221          -0.0562     0.0020  |       0.1540      0.1988
 258      0.1699        0.9951  |    0.0359/  0.0484/  0.0569            0.0569           0.0240     0.0031  |       0.1534      0.1988
 259      0.1791        0.9959  |    0.0659/  0.0846/  0.0997            0.0997           0.0746     0.0092  |       0.1528      0.1988
 260      0.1938        0.9904  |    0.1773/  0.2104/  0.2289            0.2289           0.1618     0.0120  |       0.1599      0.1988
 261      0.1821        0.9930  |    0.2610/  0.2868/  0.3007            0.3007           0.2018     0.0111  |       0.1667      0.1988
 262      0.1923        0.9942  |    0.2908/  0.3070/  0.3137            0.3137           0.1953     0.0171  |       0.1767      0.1988
 263      0.1922        0.9931  |    0.2811/  0.2940/  0.3006            0.3006           0.1668     0.0153  |       0.1912      0.1988
 264      0.1945        0.9966  |    0.2931/  0.3142/  0.3210            0.3210           0.2072     0.0144  |       0.1994      0.1988
 265      0.1948        0.9967  |    0.2936/  0.3113/  0.3184            0.3184           0.1986     0.0102  |       0.1999      0.1988
 266      0.1772        0.9923  |    0.2626/  0.2820/  0.2889            0.2889           0.2124     0.0117  |       0.1995      0.1988
 267      0.1900        0.9958  |    0.2825/  0.3004/  0.3085            0.3085           0.2233     0.0123  |       0.1994      0.1988
 268      0.1796        0.9771  |    0.2276/  0.2440/  0.2510            0.2510           0.1629     0.0165  |       0.1987      0.1988
 269      0.1593        0.9568  |   -0.0168/ -0.0052/  0.0001            0.0001          -0.0029     0.0139  |       0.1977      0.1988
 270      0.1525        0.9920  |   -0.0991/ -0.0818/ -0.0719           -0.0719          -0.1000     0.0190  |       0.1975      0.1988
 271      0.1595        0.9906  |   -0.0129/ -0.0024/  0.0054            0.0054          -0.0157     0.0179  |       0.1976      0.1988
 272      0.1401        0.9878  |   -0.1265/ -0.1137/ -0.1058           -0.1058          -0.1502     0.0173  |       0.1975      0.1988
 273      0.1584        0.9806  |   -0.0618/ -0.0495/ -0.0438           -0.0438          -0.0321     0.0183  |       0.1972      0.1988
 274      0.1589        0.9735  |   -0.0671/ -0.0561/ -0.0507           -0.0507          -0.0399     0.0174  |       0.1968      0.1988
 275      0.1552        0.9937  |   -0.1219/ -0.1094/ -0.1029           -0.1029          -0.0979     0.0147  |       0.1967      0.1988
 276      0.1388        0.9919  |   -0.1737/ -0.1607/ -0.1537           -0.1537          -0.1649     0.0170  |       0.1968      0.1988
 277      0.1639        0.9844  |   -0.0517/ -0.0408/ -0.0357           -0.0357          -0.0261     0.0134  |       0.1967      0.1988
 278      0.1569        0.9904  |   -0.0647/ -0.0523/ -0.0463           -0.0463          -0.0474     0.0137  |       0.1965      0.1988
 279      0.1639        0.9904  |   -0.0555/ -0.0434/ -0.0365           -0.0365          -0.0293     0.0105  |       0.1967      0.1988
 280      0.1583        0.9945  |   -0.0774/ -0.0544/ -0.0318           -0.0318          -0.0887     0.0056  |       0.1967      0.1988
 281      0.1593        0.9885  |    0.1081/  0.1255/  0.1359            0.1359          -0.0044     0.0049  |       0.1966      0.1988
 282      0.1695        0.9878  |    0.2672/  0.2904/  0.2970            0.2970           0.1396     0.0043  |       0.1923      0.1988
 283      0.1561        0.9822  |    0.1244/  0.1351/  0.1427            0.1427          -0.0040     0.0051  |       0.1880      0.1988
 284      0.1214        0.9767  |   -0.0706/ -0.0609/ -0.0545           -0.0545          -0.1721     0.0073  |       0.1831      0.1988
 285      0.1218        0.9867  |   -0.1033/ -0.0898/ -0.0830           -0.0830          -0.1846     0.0041  |       0.1762      0.1988
 286      0.1087        0.9905  |   -0.1408/ -0.1228/ -0.1166           -0.1166          -0.2376     0.0067  |       0.1719      0.1988
 287      0.1281        0.9895  |   -0.0471/ -0.0359/ -0.0293           -0.0293          -0.1454     0.0063  |       0.1659      0.1988
 288      0.1384        0.9899  |    0.0062/  0.0217/  0.0299            0.0299          -0.0543     0.0056  |       0.1597      0.1988
 289      0.1782        0.9760  |    0.1145/  0.1351/  0.1408            0.1408           0.1080     0.0030  |       0.1550      0.1988
 290      0.1750        0.9931  |    0.0638/  0.0802/  0.0878            0.0878           0.0617     0.0010  |       0.1519      0.1988
 291      0.1775        0.9981  |    0.1031/  0.1207/  0.1317            0.1317           0.0898     0.0021  |       0.1508      0.1988
 292      0.1744        0.9960  |    0.0872/  0.1020/  0.1208            0.1208           0.0564     0.0094  |       0.1526      0.1988
 293      0.1563        0.9793  |    0.0408/  0.0560/  0.0688            0.0688           0.0371     0.0025  |       0.1612      0.1988
 294      0.1671        0.9916  |    0.1618/  0.1815/  0.1991            0.1991           0.1180     0.0017  |       0.1641      0.1988
 295      0.1802        0.9910  |    0.2316/  0.2458/  0.2543            0.2543           0.1818     0.0026  |       0.1653      0.1988
 296      0.1794        0.9838  |    0.1410/  0.1544/  0.1608            0.1608           0.1235     0.0011  |       0.1645      0.1988
 297      0.1729        0.9975  |    0.1027/  0.1204/  0.1292            0.1292           0.0878     0.0010  |       0.1634      0.1988
 298      0.1788        0.9963  |    0.1338/  0.1468/  0.1545            0.1545           0.1235     0.0024  |       0.1624      0.1988
 299      0.1796        0.9966  |    0.1376/  0.1528/  0.1608            0.1608           0.1235     0.0044  |       0.1645      0.1988
IMAGEIO FFMPEG_WRITER WARNING: input image is not divisible by macro_block_size=16, resizing from (320, 180) to (320, 192) to ensure video compatibility with most codecs and players. To prevent resizing, make your input image divisible by the macro_block_size or set the macro_block_size to 1 (risking incompatibility).

Saved 300 frames -> /home/ashwink/Documents/swms/SWM_copy/rollouts_5_per/expert+subopt/epoch1/epoch1_rollout0_failure.mp4
min dist(green_cube,blue_moon) over episode = 0.1988  ->  FAILURE
Full log written to /home/ashwink/Documents/swms/SWM_copy/rollouts_5_per/expert+subopt/epoch1/epoch1_rollout0_20260723_115550.log
Result json -> /home/ashwink/Documents/swms/SWM_copy/rollouts_5_per/expert+subopt/epoch1/epoch1_rollout0_result.json
