Checkpoint dir epoch: 1  Rollout: 3
Logging to /home/ashwink/Documents/swms/SWM_copy/rollouts_5_per/expert+subopt/epoch1/epoch1_rollout3_20260723_120034.log
Goal (fixed, steps 0-299): the green cube is touching the blue moon. the peg is touching the green cube.

Checkpoint: /home/ashwink/Documents/swms/SWM_copy/training/checkpoints_clip_full_fine-tuned_with_subopt_data/epoch_001.pt
  epoch=1  step=3372

Loading CLIP ViT-L/14 (datacomp_xl_s13b_b90k) + fine-tuned clip_state_dict ...
Parsing model identifier. Schema: None, Identifier: ViT-L-14
Loaded built-in ViT-L-14 model config.
Instantiating model architecture: CLIP
Loading full pretrained weights from: /home/ashwink/.cache/huggingface/hub/models--laion--CLIP-ViT-L-14-DataComp.XL-s13B-b90K/snapshots/84c9828e63dc9a9351d1fe637c346d4c1c4db341/open_clip_pytorch_model.bin
Final image preprocessing configuration set: {'size': (224, 224), 'mode': 'RGB', 'mean': (0.48145466, 0.4578275, 0.40821073), 'std': (0.26862954, 0.26130258, 0.27577711), 'interpolation': 'bicubic', 'resize_mode': 'shortest', 'fill_color': 0}
Model ViT-L-14 creation process complete.
Parsing tokenizer identifier. Schema: None, Identifier: ViT-L-14
Attempting to load config from built-in: ViT-L-14
Using default SimpleTokenizer.
z_star shape: torch.Size([768])

Loading action stats from /home/ashwink/full_data_5000/langtable/demos/ ...
  lo=[-0.03372681140899658, -0.03493623435497284]  hi=[0.03496786952018738, 0.03494429588317871]

Initializing LangTable env ...
Loading URDF plane.urdf
Loading URDF /home/ashwink/Documents/swms/.venv/lib/python3.10/site-packages/language_table/environments/utils/../../../language_table/environments/assets/workspace_real.urdf
Loading URDF xarm/xarm6_robot_white.urdf
Loading URDF /home/ashwink/Documents/swms/.venv/lib/python3.10/site-packages/language_table/environments/utils/../../../language_table/environments/assets/suction/cylinder_real.urdf
Loading URDF /home/ashwink/Documents/swms/.venv/lib/python3.10/site-packages/language_table/environments/utils/../../../language_table/environments/assets/blocks/red_moon.urdf
Loading URDF /home/ashwink/Documents/swms/.venv/lib/python3.10/site-packages/language_table/environments/utils/../../../language_table/environments/assets/blocks/red_cube.urdf
Loading URDF /home/ashwink/Documents/swms/.venv/lib/python3.10/site-packages/language_table/environments/utils/../../../language_table/environments/assets/blocks/red_star.urdf
Loading URDF /home/ashwink/Documents/swms/.venv/lib/python3.10/site-packages/language_table/environments/utils/../../../language_table/environments/assets/blocks/red_pentagon.urdf
Loading URDF /home/ashwink/Documents/swms/.venv/lib/python3.10/site-packages/language_table/environments/utils/../../../language_table/environments/assets/blocks/blue_moon.urdf
Loading URDF /home/ashwink/Documents/swms/.venv/lib/python3.10/site-packages/language_table/environments/utils/../../../language_table/environments/assets/blocks/blue_cube.urdf
Loading URDF /home/ashwink/Documents/swms/.venv/lib/python3.10/site-packages/language_table/environments/utils/../../../language_table/environments/assets/blocks/blue_star.urdf
Loading URDF /home/ashwink/Documents/swms/.venv/lib/python3.10/site-packages/language_table/environments/utils/../../../language_table/environments/assets/blocks/blue_pentagon.urdf
Loading URDF /home/ashwink/Documents/swms/.venv/lib/python3.10/site-packages/language_table/environments/utils/../../../language_table/environments/assets/blocks/yellow_moon.urdf
Loading URDF /home/ashwink/Documents/swms/.venv/lib/python3.10/site-packages/language_table/environments/utils/../../../language_table/environments/assets/blocks/yellow_cube.urdf
Loading URDF /home/ashwink/Documents/swms/.venv/lib/python3.10/site-packages/language_table/environments/utils/../../../language_table/environments/assets/blocks/yellow_star.urdf
Loading URDF /home/ashwink/Documents/swms/.venv/lib/python3.10/site-packages/language_table/environments/utils/../../../language_table/environments/assets/blocks/yellow_pentagon.urdf
Loading URDF /home/ashwink/Documents/swms/.venv/lib/python3.10/site-packages/language_table/environments/utils/../../../language_table/environments/assets/blocks/green_moon.urdf
Loading URDF /home/ashwink/Documents/swms/.venv/lib/python3.10/site-packages/language_table/environments/utils/../../../language_table/environments/assets/blocks/green_cube.urdf
Loading URDF /home/ashwink/Documents/swms/.venv/lib/python3.10/site-packages/language_table/environments/utils/../../../language_table/environments/assets/blocks/green_star.urdf
Loading URDF /home/ashwink/Documents/swms/.venv/lib/python3.10/site-packages/language_table/environments/utils/../../../language_table/environments/assets/blocks/green_pentagon.urdf
Loading URDF /home/ashwink/Documents/swms/.venv/lib/python3.10/site-packages/language_table/environments/utils/../../../language_table/environments/assets/blocks/purple_moon.urdf
Loading URDF /home/ashwink/Documents/swms/.venv/lib/python3.10/site-packages/language_table/environments/utils/../../../language_table/environments/assets/blocks/purple_cube.urdf
Loading URDF /home/ashwink/Documents/swms/.venv/lib/python3.10/site-packages/language_table/environments/utils/../../../language_table/environments/assets/blocks/purple_star.urdf
Loading URDF /home/ashwink/Documents/swms/.venv/lib/python3.10/site-packages/language_table/environments/utils/../../../language_table/environments/assets/blocks/purple_pentagon.urdf
Env ready.

Forced peg start: [0.42843915 0.24419614]  (green_cube=[0.40339102 0.18967466], blue_moon=[0.32039625 0.00902261])
  dist(peg,green_cube)=0.0600  dist(peg,blue_moon)=0.2588  dist(green_cube,blue_moon)=0.1988

step  cos(zt,z*)  cos(zt,zt-1)  |   cos(predK,z*) min/mean/max  cos(pred_sel,z*)   cos(zpred0,z*)  ||a_raw||  |  dist(peg,A)   dist(A,B)
-------------------------------------------------------------------------------------------------------------------------------------------------------------------------------
   0      0.2008           nan  |    0.2964/  0.3118/  0.3236            0.3236           0.1728     0.0092  |       0.0587      0.1988
   1      0.1958        0.9960  |    0.3052/  0.3270/  0.3352            0.3352           0.1959     0.0149  |       0.0625      0.1988
   2      0.2068        0.9933  |    0.3341/  0.3537/  0.3613            0.3613           0.2292     0.0157  |       0.0653      0.1988
   3      0.2022        0.9937  |    0.2802/  0.3012/  0.3090            0.3090           0.1596     0.0152  |       0.0767      0.1988
   4      0.2066        0.9941  |    0.2955/  0.3130/  0.3195            0.3195           0.1829     0.0152  |       0.0879      0.1988
   5      0.2075        0.9945  |    0.2872/  0.3031/  0.3099            0.3099           0.1896     0.0159  |       0.1012      0.1988
   6      0.1982        0.9913  |    0.1978/  0.2136/  0.2201            0.2201           0.0781     0.0163  |       0.1154      0.1988
   7      0.2056        0.9946  |    0.2380/  0.2532/  0.2600            0.2600           0.1362     0.0165  |       0.1303      0.1988
   8      0.1936        0.9910  |    0.2096/  0.2202/  0.2273            0.2273           0.1109     0.0171  |       0.1451      0.1988
   9      0.1689        0.9871  |    0.0698/  0.0811/  0.0866            0.0866          -0.0270     0.0203  |       0.1611      0.1988
  10      0.1692        0.9934  |    0.1034/  0.1203/  0.1265            0.1265           0.0225     0.0175  |       0.1799      0.1988
  11      0.1688        0.9694  |    0.0853/  0.0991/  0.1065            0.1065           0.0931     0.0145  |       0.1962      0.1988
  12      0.1669        0.9891  |   -0.0013/  0.0116/  0.0178            0.0178           0.0046     0.0098  |       0.1978      0.1988
  13      0.1597        0.9947  |   -0.0233/  0.0020/  0.0191            0.0191          -0.0226     0.0027  |       0.1978      0.1988
  14      0.1652        0.9925  |   -0.0168/ -0.0033/  0.0063            0.0063          -0.0364     0.0008  |       0.1980      0.1988
  15      0.1658        0.9937  |    0.0706/  0.0851/  0.0928            0.0928           0.0236     0.0021  |       0.1976      0.1988
  16      0.1603        0.9915  |    0.0078/  0.0196/  0.0267            0.0267          -0.0377     0.0070  |       0.1958      0.1988
  17      0.1763        0.9754  |    0.1209/  0.1334/  0.1400            0.1400           0.1134     0.0014  |       0.1908      0.1988
  18      0.1777        0.9935  |    0.1992/  0.2112/  0.2178            0.2178           0.1760     0.0016  |       0.1914      0.1988
  19      0.1612        0.9848  |    0.1378/  0.1517/  0.1600            0.1600           0.0984     0.0062  |       0.1912      0.1988
  20      0.1772        0.9938  |    0.1483/  0.1667/  0.1743            0.1743           0.1236     0.0005  |       0.1858      0.1988
  21      0.1632        0.9956  |    0.0800/  0.0930/  0.0985            0.0985           0.0259     0.0039  |       0.1848      0.1988
  22      0.1555        0.9934  |   -0.0270/ -0.0101/ -0.0044           -0.0044          -0.0671     0.0061  |       0.1816      0.1988
  23      0.1649        0.9950  |   -0.0022/  0.0080/  0.0145            0.0145          -0.0208     0.0060  |       0.1760      0.1988
  24      0.1809        0.9812  |    0.1582/  0.1730/  0.1800            0.1800           0.1497     0.0010  |       0.1704      0.1988
  25      0.1751        0.9947  |    0.1567/  0.1708/  0.1779            0.1779           0.1302     0.0055  |       0.1694      0.1988
  26      0.1783        0.9856  |    0.1702/  0.1818/  0.1885            0.1885           0.1512     0.0012  |       0.1645      0.1988
  27      0.1773        0.9935  |    0.1626/  0.1749/  0.1820            0.1820           0.1459     0.0034  |       0.1646      0.1988
  28      0.1676        0.9834  |    0.0249/  0.0373/  0.0440            0.0440           0.0129     0.0037  |       0.1658      0.1988
  29      0.1825        0.9916  |    0.1066/  0.1249/  0.1445            0.1445           0.1042     0.0077  |       0.1633      0.1988
  30      0.1722        0.9862  |    0.0535/  0.0751/  0.0996            0.0996           0.0235     0.0100  |       0.1700      0.1988
  31      0.1633        0.9913  |    0.0615/  0.0732/  0.0807            0.0807          -0.0391     0.0175  |       0.1795      0.1988
  32      0.1682        0.9670  |    0.1121/  0.1286/  0.1355            0.1355           0.1200     0.0138  |       0.1945      0.1988
  33      0.1765        0.9871  |    0.1314/  0.1440/  0.1541            0.1541           0.1220     0.0080  |       0.1979      0.1988
  34      0.1402        0.9629  |   -0.1163/ -0.0975/ -0.0692           -0.0692          -0.1481     0.0035  |       0.1976      0.1988
  35      0.1697        0.9761  |    0.0964/  0.1120/  0.1194            0.1194           0.0497     0.0030  |       0.1973      0.1988
  36      0.1751        0.9919  |   -0.0003/  0.0089/  0.0149            0.0149          -0.0104     0.0048  |       0.1948      0.1988
  37      0.1604        0.9786  |    0.1068/  0.1219/  0.1296            0.1296           0.0510     0.0032  |       0.1920      0.1988
  38      0.1674        0.9949  |    0.1625/  0.1809/  0.1880            0.1880           0.1324     0.0053  |       0.1891      0.1988
  39      0.1733        0.9856  |    0.1522/  0.1660/  0.1736            0.1736           0.1494     0.0038  |       0.1868      0.1988
  40      0.1880        0.9898  |    0.2210/  0.2402/  0.2575            0.2575           0.1890     0.0084  |       0.1886      0.1988
  41      0.1855        0.9948  |    0.2013/  0.2316/  0.2431            0.2431           0.1138     0.0129  |       0.1961      0.1988
  42      0.1862        0.9976  |    0.2200/  0.2369/  0.2457            0.2457           0.1165     0.0155  |       0.2003      0.1988
  43      0.1927        0.9943  |    0.3011/  0.3152/  0.3230            0.3230           0.2201     0.0148  |       0.2006      0.1988
  44      0.1924        0.9972  |    0.2890/  0.3036/  0.3104            0.3104           0.1910     0.0110  |       0.2005      0.1988
  45      0.1928        0.9963  |    0.2853/  0.3097/  0.3164            0.3164           0.2135     0.0156  |       0.2002      0.1988
  46      0.1849        0.9933  |    0.2848/  0.2973/  0.3040            0.3040           0.2078     0.0149  |       0.1997      0.1988
  47      0.1793        0.9950  |    0.2935/  0.3113/  0.3185            0.3185           0.2531     0.0109  |       0.1996      0.1988
  48      0.1810        0.9988  |    0.2768/  0.2892/  0.2974            0.2974           0.2240     0.0169  |       0.1996      0.1988
  49      0.1708        0.9896  |    0.2199/  0.2317/  0.2388            0.2388           0.1962     0.0108  |       0.1989      0.1988
  50      0.1739        0.9751  |    0.0933/  0.1112/  0.1216            0.1216           0.0890     0.0033  |       0.1985      0.1988
  51      0.1789        0.9798  |    0.1947/  0.2113/  0.2187            0.2187           0.1728     0.0078  |       0.1987      0.1988
  52      0.1729        0.9802  |    0.0896/  0.1049/  0.1125            0.1125           0.0795     0.0077  |       0.1985      0.1988
  53      0.1697        0.9944  |    0.0418/  0.0558/  0.0629            0.0629           0.0264     0.0018  |       0.1983      0.1988
  54      0.1716        0.9901  |    0.1596/  0.1731/  0.1798            0.1798           0.1406     0.0027  |       0.1985      0.1988
  55      0.1694        0.9975  |    0.1255/  0.1364/  0.1439            0.1439           0.1075     0.0017  |       0.1985      0.1988
  56      0.1713        0.9944  |    0.0859/  0.1060/  0.1127            0.1127           0.0785     0.0041  |       0.1985      0.1988
  57      0.1754        0.9962  |    0.0706/  0.0937/  0.1016            0.1016           0.0661     0.0031  |       0.1984      0.1988
  58      0.1735        0.9966  |    0.0842/  0.0988/  0.1053            0.1053           0.0702     0.0059  |       0.1985      0.1988
  59      0.1714        0.9919  |    0.0029/  0.0131/  0.0198            0.0198          -0.0091     0.0055  |       0.1983      0.1988
  60      0.1573        0.9889  |    0.0250/  0.0425/  0.0535            0.0535          -0.0427     0.0061  |       0.1981      0.1988
  61      0.1575        0.9956  |    0.0192/  0.0314/  0.0382            0.0382          -0.0412     0.0046  |       0.1928      0.1988
  62      0.1519        0.9881  |    0.0055/  0.0177/  0.0246            0.0246          -0.0521     0.0064  |       0.1882      0.1988
  63      0.1611        0.9857  |    0.1414/  0.1559/  0.1627            0.1627           0.0844     0.0033  |       0.1823      0.1988
  64      0.1740        0.9789  |    0.1313/  0.1440/  0.1505            0.1505           0.1184     0.0028  |       0.1799      0.1988
  65      0.1631        0.9839  |    0.0135/  0.0243/  0.0313            0.0313          -0.0106     0.0036  |       0.1796      0.1988
  66      0.1765        0.9907  |    0.0528/  0.0672/  0.0755            0.0755           0.0545     0.0022  |       0.1773      0.1988
  67      0.1628        0.9939  |    0.0050/  0.0187/  0.0268            0.0268          -0.0277     0.0040  |       0.1751      0.1988
  68      0.1610        0.9947  |   -0.0236/ -0.0106/ -0.0034           -0.0034          -0.0534     0.0034  |       0.1717      0.1988
  69      0.1614        0.9953  |    0.0106/  0.0278/  0.0357            0.0357          -0.0338     0.0065  |       0.1690      0.1988
  70      0.1755        0.9970  |    0.0140/  0.0271/  0.0333            0.0333          -0.0001     0.0051  |       0.1632      0.1988
  71      0.1752        0.9973  |    0.0384/  0.0524/  0.0607            0.0607           0.0192     0.0027  |       0.1581      0.1988
  72      0.1784        0.9967  |    0.0108/  0.0241/  0.0323            0.0323           0.0070     0.0020  |       0.1562      0.1988
  73      0.1709        0.9958  |   -0.0420/ -0.0297/ -0.0241           -0.0241          -0.0423     0.0047  |       0.1553      0.1988
  74      0.1702        0.9971  |   -0.0557/ -0.0426/ -0.0352           -0.0352          -0.0724     0.0025  |       0.1515      0.1988
  75      0.1743        0.9942  |    0.0352/  0.0492/  0.0563            0.0563           0.0262     0.0023  |       0.1493      0.1988
  76      0.1642        0.9972  |    0.0211/  0.0355/  0.0440            0.0440          -0.0110     0.0036  |       0.1474      0.1988
  77      0.1680        0.9956  |    0.0521/  0.0640/  0.0718            0.0718           0.0287     0.0025  |       0.1461      0.1988
  78      0.1929        0.9822  |    0.2123/  0.2362/  0.2570            0.2570           0.2107     0.0063  |       0.1476      0.1988
  79      0.1860        0.9906  |    0.2241/  0.2528/  0.2740            0.2740           0.1439     0.0151  |       0.1534      0.1988
  80      0.1855        0.9839  |    0.2341/  0.2644/  0.2735            0.2735           0.0574     0.0172  |       0.1672      0.1988
  81      0.1925        0.9825  |    0.2376/  0.2562/  0.2627            0.2627           0.1379     0.0163  |       0.1824      0.1988
  82      0.1592        0.9480  |    0.1483/  0.1655/  0.1723            0.1723          -0.1701     0.0229  |       0.1979      0.1988
  83      0.1825        0.9855  |    0.1812/  0.1939/  0.2011            0.2011          -0.0563     0.0200  |       0.2022      0.1988
  84      0.1881        0.9416  |    0.3461/  0.3634/  0.3711            0.3711           0.2658     0.0119  |       0.2019      0.1988
  85      0.1933        0.9724  |    0.2089/  0.2267/  0.2353            0.2353           0.1099     0.0152  |       0.2013      0.1988
  86      0.1946        0.9903  |    0.3044/  0.3184/  0.3248            0.3248           0.2174     0.0112  |       0.2004      0.1988
  87      0.1869        0.9962  |    0.2940/  0.3082/  0.3159            0.3159           0.2271     0.0143  |       0.1999      0.1988
  88      0.1855        0.9929  |    0.2848/  0.2942/  0.3003            0.3003           0.2133     0.0176  |       0.1995      0.1988
  89      0.1756        0.9862  |    0.2262/  0.2363/  0.2448            0.2448           0.2089     0.0126  |       0.1989      0.1988
  90      0.1778        0.9958  |    0.2559/  0.2720/  0.2798            0.2798           0.2365     0.0098  |       0.1990      0.1988
  91      0.1697        0.9735  |    0.0259/  0.0400/  0.0487            0.0487           0.0192     0.0075  |       0.1984      0.1988
  92      0.1753        0.9986  |    0.0842/  0.0955/  0.1026            0.1026           0.0667     0.0007  |       0.1984      0.1988
  93      0.1682        0.9950  |    0.0402/  0.0533/  0.0635            0.0635           0.0128     0.0017  |       0.1984      0.1988
  94      0.1730        0.9969  |    0.0345/  0.0493/  0.0565            0.0565           0.0228     0.0025  |       0.1969      0.1988
  95      0.1642        0.9919  |   -0.0420/ -0.0284/ -0.0219           -0.0219          -0.0671     0.0036  |       0.1945      0.1988
  96      0.1672        0.9949  |    0.0043/  0.0226/  0.0300            0.0300          -0.0197     0.0023  |       0.1914      0.1988
  97      0.1846        0.9838  |    0.2571/  0.2691/  0.2769            0.2769           0.2345     0.0002  |       0.1893      0.1988
  98      0.1793        0.9960  |    0.1834/  0.1970/  0.2040            0.2040           0.1572     0.0040  |       0.1889      0.1988
  99      0.1817        0.9901  |    0.2254/  0.2407/  0.2488            0.2488           0.2074     0.0008  |       0.1856      0.1988
 100      0.1812        0.9953  |    0.1492/  0.1680/  0.1750            0.1750           0.1397     0.0046  |       0.1855      0.1988
 101      0.1649        0.9765  |    0.0521/  0.0675/  0.0796            0.0796           0.0383     0.0155  |       0.1889      0.1988
 102      0.1780        0.9786  |    0.1565/  0.1708/  0.1801            0.1801           0.1381     0.0069  |       0.1976      0.1988
 103      0.1759        0.9797  |    0.2289/  0.2479/  0.2575            0.2575           0.1885     0.0138  |       0.1990      0.1988
 104      0.1693        0.9940  |    0.2018/  0.2163/  0.2248            0.2248           0.1876     0.0086  |       0.1989      0.1988
 105      0.1712        0.9794  |    0.0909/  0.1059/  0.1143            0.1143           0.0787     0.0093  |       0.1986      0.1988
 106      0.1758        0.9965  |    0.0724/  0.0865/  0.0935            0.0935           0.0603     0.0075  |       0.1984      0.1988
 107      0.1566        0.9794  |   -0.0132/  0.0085/  0.0215            0.0215          -0.0480     0.0039  |       0.1980      0.1988
 108      0.1617        0.9864  |   -0.0178/ -0.0040/  0.0028            0.0028          -0.0737     0.0081  |       0.1954      0.1988
 109      0.1672        0.9749  |    0.1063/  0.1171/  0.1247            0.1247           0.0744     0.0038  |       0.1894      0.1988
 110      0.1623        0.9935  |    0.0263/  0.0394/  0.0462            0.0462          -0.0083     0.0077  |       0.1855      0.1988
 111      0.1737        0.9820  |    0.0969/  0.1101/  0.1179            0.1179           0.0850     0.0034  |       0.1800      0.1988
 112      0.1843        0.9941  |    0.1421/  0.1577/  0.1675            0.1675           0.1445     0.0040  |       0.1772      0.1988
 113      0.1723        0.9935  |    0.1191/  0.1389/  0.1477            0.1477           0.1142     0.0050  |       0.1800      0.1988
 114      0.1650        0.9874  |    0.0291/  0.0431/  0.0563            0.0563           0.0172     0.0091  |       0.1827      0.1988
 115      0.1771        0.9844  |    0.2000/  0.2131/  0.2280            0.2280           0.1611     0.0138  |       0.1910      0.1988
 116      0.1856        0.9956  |    0.2538/  0.2755/  0.2845            0.2845           0.2118     0.0170  |       0.1983      0.1988
 117      0.1748        0.9792  |    0.1437/  0.1588/  0.1667            0.1667           0.1036     0.0171  |       0.1985      0.1988
 118      0.1775        0.9930  |    0.1117/  0.1224/  0.1289            0.1289           0.0970     0.0127  |       0.1985      0.1988
 119      0.1615        0.9865  |   -0.0351/ -0.0201/ -0.0084           -0.0084          -0.0112     0.0106  |       0.1981      0.1988
 120      0.1725        0.9957  |    0.0304/  0.0466/  0.0564            0.0564           0.0223     0.0043  |       0.1982      0.1988
 121      0.1616        0.9901  |    0.0206/  0.0377/  0.0469            0.0469          -0.0102     0.0029  |       0.1979      0.1988
 122      0.1596        0.9932  |    0.0139/  0.0270/  0.0338            0.0338          -0.0329     0.0058  |       0.1958      0.1988
 123      0.1540        0.9950  |    0.0136/  0.0260/  0.0323            0.0323          -0.0610     0.0039  |       0.1905      0.1988
 124      0.1766        0.9878  |    0.1165/  0.1324/  0.1410            0.1410           0.0947     0.0034  |       0.1871      0.1988
 125      0.1803        0.9854  |    0.1767/  0.1957/  0.2039            0.2039           0.1691     0.0024  |       0.1843      0.1988
 126      0.1585        0.9785  |   -0.0030/  0.0208/  0.0302            0.0302          -0.0327     0.0032  |       0.1856      0.1988
 127      0.1793        0.9831  |    0.1752/  0.1865/  0.1939            0.1939           0.1606     0.0027  |       0.1831      0.1988
 128      0.1679        0.9860  |    0.0304/  0.0437/  0.0527            0.0527           0.0242     0.0040  |       0.1832      0.1988
 129      0.1685        0.9954  |    0.0532/  0.0669/  0.0744            0.0744           0.0296     0.0039  |       0.1798      0.1988
 130      0.1825        0.9963  |    0.0745/  0.0887/  0.0969            0.0969           0.0912     0.0009  |       0.1761      0.1988
 131      0.1679        0.9951  |   -0.0162/ -0.0029/  0.0057            0.0057          -0.0146     0.0018  |       0.1765      0.1988
 132      0.1681        0.9948  |    0.0212/  0.0357/  0.0465            0.0465           0.0125     0.0089  |       0.1758      0.1988
 133      0.1655        0.9965  |    0.0568/  0.0725/  0.0828            0.0828           0.0438     0.0091  |       0.1830      0.1988
 134      0.1774        0.9891  |    0.1943/  0.2088/  0.2222            0.2222           0.1513     0.0158  |       0.1918      0.1988
 135      0.1808        0.9954  |    0.2515/  0.2857/  0.2936            0.2936           0.2168     0.0129  |       0.1985      0.1988
 136      0.1804        0.9987  |    0.2758/  0.2934/  0.3001            0.3001           0.2297     0.0119  |       0.1992      0.1988
 137      0.1778        0.9952  |    0.2522/  0.2717/  0.2797            0.2797           0.2364     0.0110  |       0.1990      0.1988
 138      0.1794        0.9961  |    0.2393/  0.2551/  0.2633            0.2633           0.2056     0.0094  |       0.1992      0.1988
 139      0.1728        0.9967  |    0.2107/  0.2225/  0.2314            0.2314           0.1750     0.0157  |       0.1991      0.1988
 140      0.1744        0.9840  |    0.1473/  0.1594/  0.1686            0.1686           0.1066     0.0163  |       0.1986      0.1988
 141      0.1753        0.9934  |    0.1079/  0.1251/  0.1320            0.1320           0.0857     0.0159  |       0.1985      0.1988
 142      0.1691        0.9777  |    0.1922/  0.2049/  0.2139            0.2139           0.1796     0.0103  |       0.1989      0.1988
 143      0.1795        0.9900  |    0.2093/  0.2323/  0.2455            0.2455           0.1663     0.0141  |       0.1988      0.1988
 144      0.1753        0.9811  |    0.1104/  0.1240/  0.1305            0.1305           0.0856     0.0115  |       0.1985      0.1988
 145      0.1787        0.9816  |    0.2137/  0.2266/  0.2333            0.2333           0.1736     0.0158  |       0.1988      0.1988
 146      0.1744        0.9889  |    0.1495/  0.1632/  0.1700            0.1700           0.1066     0.0159  |       0.1986      0.1988
 147      0.1597        0.9786  |   -0.0323/ -0.0212/ -0.0156           -0.0156          -0.0115     0.0148  |       0.1982      0.1988
 148      0.1699        0.9927  |   -0.0021/  0.0210/  0.0299            0.0299          -0.0177     0.0179  |       0.1983      0.1988
 149      0.1584        0.9884  |   -0.0350/ -0.0216/ -0.0150           -0.0150          -0.0445     0.0180  |       0.1980      0.1988
 150      0.1445        0.9873  |   -0.1161/ -0.1024/ -0.0966           -0.0966          -0.1257     0.0157  |       0.1977      0.1988
 151      0.1432        0.9902  |   -0.1037/ -0.0919/ -0.0860           -0.0860          -0.1043     0.0170  |       0.1975      0.1988
 152      0.1410        0.9986  |   -0.1217/ -0.1108/ -0.1048           -0.1048          -0.1096     0.0194  |       0.1976      0.1988
 153      0.1405        0.9928  |   -0.1418/ -0.1192/ -0.1127           -0.1127          -0.1512     0.0200  |       0.1977      0.1988
 154      0.1366        0.9831  |   -0.1445/ -0.1337/ -0.1267           -0.1267          -0.1771     0.0204  |       0.1975      0.1988
 155      0.1401        0.9864  |   -0.1500/ -0.1398/ -0.1339           -0.1339          -0.1426     0.0171  |       0.1972      0.1988
 156      0.1366        0.9879  |   -0.1470/ -0.1338/ -0.1285           -0.1285          -0.1363     0.0171  |       0.1970      0.1988
 157      0.1554        0.9686  |   -0.0623/ -0.0459/ -0.0399           -0.0399          -0.0320     0.0121  |       0.1967      0.1988
 158      0.1530        0.9930  |   -0.0702/ -0.0567/ -0.0510           -0.0510          -0.0344     0.0117  |       0.1965      0.1988
 159      0.1595        0.9839  |   -0.0442/ -0.0180/  0.0063            0.0063          -0.0660     0.0020  |       0.1968      0.1988
 160      0.1616        0.9849  |    0.0976/  0.1147/  0.1226            0.1226           0.0024     0.0046  |       0.1958      0.1988
 161      0.1593        0.9915  |    0.1966/  0.2117/  0.2188            0.2188           0.0512     0.0058  |       0.1916      0.1988
 162      0.1320        0.9782  |    0.0052/  0.0231/  0.0302            0.0302          -0.1321     0.0066  |       0.1860      0.1988
 163      0.1205        0.9705  |   -0.1368/ -0.1249/ -0.1187           -0.1187          -0.2204     0.0075  |       0.1798      0.1988
 164      0.1099        0.9891  |   -0.1799/ -0.1658/ -0.1595           -0.1595          -0.2656     0.0089  |       0.1724      0.1988
 165      0.1404        0.9794  |   -0.1256/ -0.1108/ -0.1036           -0.1036          -0.1909     0.0075  |       0.1637      0.1988
 166      0.1172        0.9803  |   -0.1067/ -0.0975/ -0.0900           -0.0900          -0.1909     0.0070  |       0.1571      0.1988
 167      0.1708        0.9723  |    0.1176/  0.1379/  0.1470            0.1470           0.1149     0.0024  |       0.1502      0.1988
 168      0.1776        0.9883  |    0.1265/  0.1509/  0.1642            0.1642           0.1109     0.0123  |       0.1491      0.1988
 169      0.1474        0.9728  |   -0.0223/ -0.0095/ -0.0023           -0.0023          -0.0344     0.0019  |       0.1601      0.1988
 170      0.1602        0.9922  |    0.0569/  0.0712/  0.0835            0.0835           0.0317     0.0029  |       0.1599      0.1988
 171      0.1807        0.9861  |    0.1581/  0.1693/  0.1768            0.1768           0.1371     0.0011  |       0.1583      0.1988
 172      0.1726        0.9941  |    0.0451/  0.0575/  0.0647            0.0647           0.0393     0.0021  |       0.1572      0.1988
 173      0.1735        0.9943  |    0.0372/  0.0523/  0.0600            0.0600           0.0187     0.0019  |       0.1553      0.1988
 174      0.1749        0.9967  |    0.0653/  0.0803/  0.0867            0.0867           0.0580     0.0023  |       0.1535      0.1988
 175      0.1829        0.9965  |    0.0965/  0.1197/  0.1294            0.1294           0.1012     0.0024  |       0.1513      0.1988
 176      0.1750        0.9934  |    0.0638/  0.0797/  0.0901            0.0901           0.0452     0.0088  |       0.1500      0.1988
 177      0.1750        0.9894  |    0.1206/  0.1389/  0.1535            0.1535           0.0604     0.0150  |       0.1576      0.1988
 178      0.1662        0.9755  |    0.1161/  0.1357/  0.1432            0.1432           0.1091     0.0139  |       0.1719      0.1988
 179      0.1368        0.9700  |   -0.1403/ -0.1282/ -0.1188           -0.1188          -0.1385     0.0176  |       0.1846      0.1988
 180      0.1293        0.9825  |   -0.1801/ -0.1706/ -0.1639           -0.1639          -0.1929     0.0197  |       0.1961      0.1988
 181      0.1350        0.9795  |   -0.1560/ -0.1447/ -0.1382           -0.1382          -0.1357     0.0182  |       0.1971      0.1988
 182      0.1613        0.9743  |   -0.0625/ -0.0469/ -0.0413           -0.0413          -0.0246     0.0150  |       0.1968      0.1988
 183      0.1600        0.9882  |   -0.0299/ -0.0172/ -0.0083           -0.0083          -0.0033     0.0078  |       0.1966      0.1988
 184      0.1122        0.9580  |   -0.3390/ -0.3186/ -0.3014           -0.3014          -0.3350     0.0013  |       0.1962      0.1988
 185      0.1311        0.9899  |   -0.1731/ -0.1569/ -0.1483           -0.1483          -0.2474     0.0077  |       0.1962      0.1988
 186      0.1475        0.9711  |    0.0547/  0.0683/  0.0760            0.0760          -0.0704     0.0064  |       0.1894      0.1988
 187      0.1512        0.9832  |    0.0804/  0.0935/  0.0999            0.0999          -0.0636     0.0059  |       0.1831      0.1988
 188      0.0880        0.9660  |   -0.2119/ -0.2015/ -0.1949           -0.1949          -0.3071     0.0100  |       0.1772      0.1988
 189      0.1349        0.9702  |   -0.0557/ -0.0414/ -0.0342           -0.0342          -0.1509     0.0071  |       0.1677      0.1988
 190      0.1367        0.9842  |   -0.1095/ -0.0950/ -0.0877           -0.0877          -0.1740     0.0084  |       0.1604      0.1988
 191      0.1530        0.9818  |    0.0597/  0.0721/  0.0787            0.0787           0.0357     0.0038  |       0.1528      0.1988
 192      0.1765        0.9838  |    0.1123/  0.1273/  0.1430            0.1430           0.0995     0.0054  |       0.1502      0.1988
 193      0.1552        0.9910  |    0.0425/  0.0591/  0.0662            0.0662           0.0263     0.0064  |       0.1547      0.1988
 194      0.1111        0.9824  |   -0.1172/ -0.0944/ -0.0817           -0.0817          -0.1991     0.0054  |       0.1607      0.1988
 195      0.1459        0.9816  |    0.0035/  0.0163/  0.0233            0.0233          -0.0233     0.0020  |       0.1569      0.1988
 196      0.1586        0.9937  |    0.0385/  0.0498/  0.0570            0.0570           0.0324     0.0017  |       0.1547      0.1988
 197      0.1684        0.9907  |    0.0933/  0.1040/  0.1112            0.1112           0.0809     0.0013  |       0.1541      0.1988
 198      0.1652        0.9980  |    0.0680/  0.0795/  0.0858            0.0858           0.0550     0.0025  |       0.1529      0.1988
 199      0.1509        0.9892  |    0.0013/  0.0159/  0.0264            0.0264          -0.0067     0.0017  |       0.1545      0.1988
 200      0.1573        0.9925  |    0.0367/  0.0496/  0.0558            0.0558           0.0237     0.0049  |       0.1560      0.1988
 201      0.1709        0.9829  |   -0.0058/  0.0140/  0.0211            0.0211          -0.0162     0.0051  |       0.1551      0.1988
 202      0.1861        0.9921  |    0.0889/  0.1071/  0.1178            0.1178           0.1013     0.0007  |       0.1508      0.1988
 203      0.1852        0.9988  |    0.1276/  0.1501/  0.1663            0.1663           0.1131     0.0081  |       0.1509      0.1988
 204      0.1779        0.9941  |    0.0953/  0.1097/  0.1243            0.1243           0.0506     0.0104  |       0.1581      0.1988
 205      0.1646        0.9817  |    0.0845/  0.1030/  0.1202            0.1202           0.0844     0.0064  |       0.1680      0.1988
 206      0.1481        0.9808  |   -0.0209/  0.0002/  0.0188            0.0188          -0.0708     0.0045  |       0.1735      0.1988
 207      0.1461        0.9946  |   -0.0267/ -0.0146/ -0.0077           -0.0077          -0.1164     0.0064  |       0.1702      0.1988
 208      0.1620        0.9879  |    0.2003/  0.2129/  0.2211            0.2211           0.1152     0.0045  |       0.1643      0.1988
 209      0.1761        0.9891  |    0.1659/  0.1767/  0.1833            0.1833           0.1428     0.0014  |       0.1597      0.1988
 210      0.1791        0.9925  |    0.1675/  0.1821/  0.1893            0.1893           0.1387     0.0022  |       0.1589      0.1988
 211      0.1788        0.9910  |    0.0574/  0.0674/  0.0738            0.0738           0.0526     0.0030  |       0.1577      0.1988
 212      0.1814        0.9881  |    0.0749/  0.0889/  0.1054            0.1054           0.0697     0.0064  |       0.1596      0.1988
 213      0.1625        0.9920  |    0.0045/  0.0253/  0.0517            0.0517          -0.0154     0.0155  |       0.1656      0.1988
 214      0.1798        0.9837  |    0.1655/  0.1783/  0.1873            0.1873           0.1352     0.0111  |       0.1799      0.1988
 215      0.1588        0.9844  |   -0.0215/  0.0073/  0.0166            0.0166          -0.0012     0.0143  |       0.1904      0.1988
 216      0.1544        0.9842  |   -0.0599/ -0.0479/ -0.0411           -0.0411          -0.0484     0.0175  |       0.1971      0.1988
 217      0.1613        0.9980  |   -0.0190/ -0.0056/  0.0007            0.0007          -0.0118     0.0161  |       0.1978      0.1988
 218      0.1404        0.9877  |   -0.1350/ -0.1212/ -0.1129           -0.1129          -0.1511     0.0164  |       0.1977      0.1988
 219      0.1356        0.9905  |   -0.1174/ -0.1033/ -0.0968           -0.0968          -0.1277     0.0223  |       0.1975      0.1988
 220      0.1413        0.9817  |   -0.1581/ -0.1464/ -0.1412           -0.1412          -0.1495     0.0189  |       0.1972      0.1988
 221      0.1569        0.9736  |   -0.0619/ -0.0522/ -0.0464           -0.0464          -0.0283     0.0171  |       0.1969      0.1988
 222      0.1565        0.9930  |   -0.1143/ -0.0961/ -0.0763           -0.0763          -0.0832     0.0084  |       0.1968      0.1988
 223      0.1544        0.9860  |    0.0132/  0.0323/  0.0517            0.0517          -0.0556     0.0073  |       0.1967      0.1988
 224      0.1657        0.9843  |    0.2515/  0.2703/  0.2781            0.2781           0.1121     0.0047  |       0.1902      0.1988
 225      0.1466        0.9757  |    0.0903/  0.1021/  0.1085            0.1085          -0.0332     0.0063  |       0.1860      0.1988
 226      0.1178        0.9776  |   -0.0812/ -0.0656/ -0.0596           -0.0596          -0.1721     0.0063  |       0.1800      0.1988
 227      0.1034        0.9894  |   -0.1355/ -0.1252/ -0.1193           -0.1193          -0.2296     0.0095  |       0.1738      0.1988
 228      0.1278        0.9886  |   -0.0965/ -0.0827/ -0.0765           -0.0765          -0.1743     0.0062  |       0.1649      0.1988
 229      0.1395        0.9760  |    0.0259/  0.0362/  0.0432            0.0432          -0.0292     0.0056  |       0.1589      0.1988
 230      0.1697        0.9831  |    0.0827/  0.0964/  0.1035            0.1035           0.0783     0.0024  |       0.1534      0.1988
 231      0.1673        0.9936  |    0.0824/  0.0939/  0.1011            0.1011           0.0672     0.0010  |       0.1511      0.1988
 232      0.1761        0.9955  |    0.1003/  0.1166/  0.1339            0.1339           0.0666     0.0108  |       0.1517      0.1988
 233      0.1656        0.9793  |    0.1001/  0.1117/  0.1184            0.1184           0.0809     0.0060  |       0.1616      0.1988
 234      0.1299        0.9776  |   -0.0732/ -0.0465/ -0.0246           -0.0246          -0.1291     0.0057  |       0.1674      0.1988
 235      0.1198        0.9809  |   -0.0851/ -0.0737/ -0.0676           -0.0676          -0.1858     0.0082  |       0.1640      0.1988
 236      0.1446        0.9811  |    0.0171/  0.0309/  0.0382            0.0382          -0.0147     0.0034  |       0.1568      0.1988
 237      0.1669        0.9826  |    0.0538/  0.0662/  0.0729            0.0729           0.0438     0.0048  |       0.1537      0.1988
 238      0.1740        0.9891  |    0.0552/  0.0703/  0.0767            0.0767           0.0472     0.0034  |       0.1495      0.1988
 239      0.1794        0.9968  |    0.0908/  0.1098/  0.1263            0.1263           0.0959     0.0040  |       0.1461      0.1988
 240      0.1812        0.9947  |    0.1633/  0.1819/  0.1991            0.1991           0.1250     0.0088  |       0.1494      0.1988
 241      0.1802        0.9923  |    0.1794/  0.1940/  0.2024            0.2024           0.1423     0.0129  |       0.1575      0.1988
 242      0.1375        0.9678  |   -0.1253/ -0.1102/ -0.1017           -0.1017          -0.1332     0.0189  |       0.1696      0.1988
 243      0.1335        0.9887  |   -0.1520/ -0.1402/ -0.1343           -0.1343          -0.1551     0.0201  |       0.1875      0.1988
 244      0.1531        0.9877  |   -0.0785/ -0.0650/ -0.0595           -0.0595          -0.0738     0.0160  |       0.1966      0.1988
 245      0.1525        0.9840  |   -0.0876/ -0.0741/ -0.0678           -0.0678          -0.0548     0.0147  |       0.1972      0.1988
 246      0.1365        0.9785  |   -0.1699/ -0.1581/ -0.1508           -0.1508          -0.1598     0.0181  |       0.1970      0.1988
 247      0.1562        0.9741  |   -0.0634/ -0.0492/ -0.0427           -0.0427          -0.0421     0.0154  |       0.1967      0.1988
 248      0.1584        0.9879  |   -0.1132/ -0.0998/ -0.0922           -0.0922          -0.1000     0.0155  |       0.1964      0.1988
 249      0.1604        0.9882  |   -0.0909/ -0.0695/ -0.0577           -0.0577          -0.0488     0.0108  |       0.1965      0.1988
 250      0.1610        0.9861  |    0.0495/  0.0681/  0.0886            0.0886          -0.0165     0.0054  |       0.1966      0.1988
 251      0.1659        0.9922  |    0.2443/  0.2584/  0.2649            0.2649           0.0901     0.0065  |       0.1919      0.1988
 252      0.1353        0.9695  |   -0.0241/ -0.0145/ -0.0076           -0.0076          -0.1519     0.0066  |       0.1857      0.1988
 253      0.1191        0.9797  |   -0.0916/ -0.0782/ -0.0712           -0.0712          -0.2007     0.0069  |       0.1794      0.1988
 254      0.1064        0.9888  |   -0.1558/ -0.1346/ -0.1287           -0.1287          -0.2625     0.0102  |       0.1727      0.1988
 255      0.1167        0.9881  |   -0.0538/ -0.0418/ -0.0355           -0.0355          -0.1554     0.0082  |       0.1632      0.1988
 256      0.1544        0.9673  |    0.0451/  0.0598/  0.0672            0.0672           0.0231     0.0013  |       0.1551      0.1988
 257      0.1610        0.9928  |    0.0820/  0.0958/  0.1045            0.1045           0.0774     0.0023  |       0.1551      0.1988
 258      0.1514        0.9931  |   -0.0140/  0.0026/  0.0109            0.0109          -0.0315     0.0050  |       0.1570      0.1988
 259      0.1680        0.9930  |    0.0468/  0.0722/  0.0838            0.0838           0.0528     0.0007  |       0.1527      0.1988
 260      0.1733        0.9960  |    0.1342/  0.1531/  0.1621            0.1621           0.1118     0.0040  |       0.1529      0.1988
 261      0.1452        0.9823  |   -0.0166/ -0.0001/  0.0080            0.0080          -0.0256     0.0057  |       0.1563      0.1988
 262      0.1212        0.9848  |   -0.1321/ -0.1101/ -0.0871           -0.0871          -0.1634     0.0048  |       0.1618      0.1988
 263      0.1802        0.9633  |    0.2354/  0.2508/  0.2578            0.2578           0.1954     0.0024  |       0.1623      0.1988
 264      0.1866        0.9901  |    0.1670/  0.1780/  0.1872            0.1872           0.1550     0.0015  |       0.1603      0.1988
 265      0.1786        0.9894  |    0.0728/  0.0985/  0.1244            0.1244           0.0469     0.0067  |       0.1603      0.1988
 266      0.1636        0.9868  |    0.1280/  0.1442/  0.1546            0.1546           0.0625     0.0115  |       0.1663      0.1988
 267      0.1555        0.9751  |   -0.0004/  0.0159/  0.0223            0.0223           0.0051     0.0184  |       0.1766      0.1988
 268      0.1630        0.9787  |   -0.0141/ -0.0032/  0.0026            0.0026          -0.0080     0.0162  |       0.1940      0.1988
 269      0.1550        0.9908  |   -0.0437/ -0.0242/ -0.0065           -0.0065          -0.0326     0.0046  |       0.1974      0.1988
 270      0.1569        0.9832  |    0.0534/  0.0689/  0.0798            0.0798          -0.0352     0.0030  |       0.1973      0.1988
 271      0.1382        0.9871  |   -0.0484/ -0.0354/ -0.0290           -0.0290          -0.1528     0.0068  |       0.1949      0.1988
 272      0.1411        0.9870  |   -0.0759/ -0.0617/ -0.0555           -0.0555          -0.1277     0.0043  |       0.1888      0.1988
 273      0.1402        0.9878  |    0.0126/  0.0236/  0.0305            0.0305          -0.0732     0.0065  |       0.1848      0.1988
 274      0.1456        0.9757  |   -0.0062/  0.0044/  0.0112            0.0112          -0.1086     0.0052  |       0.1795      0.1988
 275      0.1408        0.9916  |   -0.0449/ -0.0337/ -0.0277           -0.0277          -0.1434     0.0059  |       0.1751      0.1988
 276      0.1678        0.9875  |    0.1408/  0.1569/  0.1647            0.1647           0.0628     0.0069  |       0.1695      0.1988
 277      0.1654        0.9649  |    0.0183/  0.0295/  0.0372            0.0372           0.0055     0.0058  |       0.1646      0.1988
 278      0.1855        0.9796  |    0.1118/  0.1272/  0.1487            0.1487           0.1106     0.0028  |       0.1610      0.1988
 279      0.1849        0.9956  |    0.1294/  0.1581/  0.1779            0.1779           0.0662     0.0128  |       0.1632      0.1988
 280      0.1595        0.9882  |    0.0178/  0.0328/  0.0409            0.0409          -0.0658     0.0172  |       0.1748      0.1988
 281      0.1667        0.9847  |    0.1588/  0.1750/  0.1801            0.1801           0.1435     0.0154  |       0.1906      0.1988
 282      0.1695        0.9902  |    0.1911/  0.2042/  0.2136            0.2136           0.1323     0.0150  |       0.1982      0.1988
 283      0.1748        0.9810  |    0.1487/  0.1621/  0.1694            0.1694           0.1264     0.0150  |       0.1986      0.1988
 284      0.1694        0.9865  |    0.1956/  0.2050/  0.2123            0.2123           0.1762     0.0097  |       0.1989      0.1988
 285      0.1751        0.9965  |    0.2159/  0.2329/  0.2407            0.2407           0.1879     0.0121  |       0.1990      0.1988
 286      0.1728        0.9842  |    0.1605/  0.1738/  0.1807            0.1807           0.1379     0.0113  |       0.1987      0.1988
 287      0.1778        0.9974  |    0.1976/  0.2135/  0.2198            0.2198           0.1748     0.0126  |       0.1988      0.1988
 288      0.1720        0.9780  |    0.2027/  0.2188/  0.2271            0.2271           0.1547     0.0153  |       0.1991      0.1988
 289      0.1631        0.9551  |   -0.0236/ -0.0092/ -0.0035           -0.0035          -0.0020     0.0141  |       0.1982      0.1988
 290      0.1547        0.9885  |   -0.0695/ -0.0553/ -0.0481           -0.0481          -0.0563     0.0147  |       0.1978      0.1988
 291      0.1446        0.9942  |   -0.1284/ -0.1142/ -0.1040           -0.1040          -0.1371     0.0194  |       0.1977      0.1988
 292      0.1720        0.9872  |    0.0303/  0.0545/  0.0604            0.0604           0.0404     0.0105  |       0.1977      0.1988
 293      0.1615        0.9817  |   -0.0160/  0.0001/  0.0139            0.0139          -0.0065     0.0043  |       0.1980      0.1988
 294      0.1535        0.9884  |   -0.0752/ -0.0564/ -0.0446           -0.0446          -0.0856     0.0050  |       0.1978      0.1988
 295      0.1590        0.9939  |    0.0165/  0.0326/  0.0429            0.0429          -0.0161     0.0035  |       0.1978      0.1988
 296      0.1563        0.9924  |   -0.0009/  0.0118/  0.0175            0.0175          -0.0563     0.0049  |       0.1954      0.1988
 297      0.1833        0.9788  |    0.1708/  0.1835/  0.1912            0.1912           0.1582     0.0020  |       0.1918      0.1988
 298      0.1671        0.9739  |    0.0640/  0.0781/  0.0858            0.0858           0.0316     0.0021  |       0.1917      0.1988
 299      0.1748        0.9882  |    0.1510/  0.1652/  0.1719            0.1719           0.1200     0.0023  |       0.1899      0.1988
IMAGEIO FFMPEG_WRITER WARNING: input image is not divisible by macro_block_size=16, resizing from (320, 180) to (320, 192) to ensure video compatibility with most codecs and players. To prevent resizing, make your input image divisible by the macro_block_size or set the macro_block_size to 1 (risking incompatibility).

Saved 300 frames -> /home/ashwink/Documents/swms/SWM_copy/rollouts_5_per/expert+subopt/epoch1/epoch1_rollout3_failure.mp4
min dist(green_cube,blue_moon) over episode = 0.1988  ->  FAILURE
Full log written to /home/ashwink/Documents/swms/SWM_copy/rollouts_5_per/expert+subopt/epoch1/epoch1_rollout3_20260723_120034.log
Result json -> /home/ashwink/Documents/swms/SWM_copy/rollouts_5_per/expert+subopt/epoch1/epoch1_rollout3_result.json
