Checkpoint dir epoch: 1  Rollout: 2
Logging to /home/ashwink/Documents/swms/SWM_copy/rollouts_5_per/expert+subopt/epoch1/epoch1_rollout2_20260723_115900.log
Goal (fixed, steps 0-299): the green cube is touching the blue moon. the peg is touching the green cube.

Checkpoint: /home/ashwink/Documents/swms/SWM_copy/training/checkpoints_clip_full_fine-tuned_with_subopt_data/epoch_001.pt
  epoch=1  step=3372

Loading CLIP ViT-L/14 (datacomp_xl_s13b_b90k) + fine-tuned clip_state_dict ...
Parsing model identifier. Schema: None, Identifier: ViT-L-14
Loaded built-in ViT-L-14 model config.
Instantiating model architecture: CLIP
Loading full pretrained weights from: /home/ashwink/.cache/huggingface/hub/models--laion--CLIP-ViT-L-14-DataComp.XL-s13B-b90K/snapshots/84c9828e63dc9a9351d1fe637c346d4c1c4db341/open_clip_pytorch_model.bin
Final image preprocessing configuration set: {'size': (224, 224), 'mode': 'RGB', 'mean': (0.48145466, 0.4578275, 0.40821073), 'std': (0.26862954, 0.26130258, 0.27577711), 'interpolation': 'bicubic', 'resize_mode': 'shortest', 'fill_color': 0}
Model ViT-L-14 creation process complete.
Parsing tokenizer identifier. Schema: None, Identifier: ViT-L-14
Attempting to load config from built-in: ViT-L-14
Using default SimpleTokenizer.
z_star shape: torch.Size([768])

Loading action stats from /home/ashwink/full_data_5000/langtable/demos/ ...
  lo=[-0.03372681140899658, -0.03493623435497284]  hi=[0.03496786952018738, 0.03494429588317871]

Initializing LangTable env ...
Loading URDF plane.urdf
Loading URDF /home/ashwink/Documents/swms/.venv/lib/python3.10/site-packages/language_table/environments/utils/../../../language_table/environments/assets/workspace_real.urdf
Loading URDF xarm/xarm6_robot_white.urdf
Loading URDF /home/ashwink/Documents/swms/.venv/lib/python3.10/site-packages/language_table/environments/utils/../../../language_table/environments/assets/suction/cylinder_real.urdf
Loading URDF /home/ashwink/Documents/swms/.venv/lib/python3.10/site-packages/language_table/environments/utils/../../../language_table/environments/assets/blocks/red_moon.urdf
Loading URDF /home/ashwink/Documents/swms/.venv/lib/python3.10/site-packages/language_table/environments/utils/../../../language_table/environments/assets/blocks/red_cube.urdf
Loading URDF /home/ashwink/Documents/swms/.venv/lib/python3.10/site-packages/language_table/environments/utils/../../../language_table/environments/assets/blocks/red_star.urdf
Loading URDF /home/ashwink/Documents/swms/.venv/lib/python3.10/site-packages/language_table/environments/utils/../../../language_table/environments/assets/blocks/red_pentagon.urdf
Loading URDF /home/ashwink/Documents/swms/.venv/lib/python3.10/site-packages/language_table/environments/utils/../../../language_table/environments/assets/blocks/blue_moon.urdf
Loading URDF /home/ashwink/Documents/swms/.venv/lib/python3.10/site-packages/language_table/environments/utils/../../../language_table/environments/assets/blocks/blue_cube.urdf
Loading URDF /home/ashwink/Documents/swms/.venv/lib/python3.10/site-packages/language_table/environments/utils/../../../language_table/environments/assets/blocks/blue_star.urdf
Loading URDF /home/ashwink/Documents/swms/.venv/lib/python3.10/site-packages/language_table/environments/utils/../../../language_table/environments/assets/blocks/blue_pentagon.urdf
Loading URDF /home/ashwink/Documents/swms/.venv/lib/python3.10/site-packages/language_table/environments/utils/../../../language_table/environments/assets/blocks/yellow_moon.urdf
Loading URDF /home/ashwink/Documents/swms/.venv/lib/python3.10/site-packages/language_table/environments/utils/../../../language_table/environments/assets/blocks/yellow_cube.urdf
Loading URDF /home/ashwink/Documents/swms/.venv/lib/python3.10/site-packages/language_table/environments/utils/../../../language_table/environments/assets/blocks/yellow_star.urdf
Loading URDF /home/ashwink/Documents/swms/.venv/lib/python3.10/site-packages/language_table/environments/utils/../../../language_table/environments/assets/blocks/yellow_pentagon.urdf
Loading URDF /home/ashwink/Documents/swms/.venv/lib/python3.10/site-packages/language_table/environments/utils/../../../language_table/environments/assets/blocks/green_moon.urdf
Loading URDF /home/ashwink/Documents/swms/.venv/lib/python3.10/site-packages/language_table/environments/utils/../../../language_table/environments/assets/blocks/green_cube.urdf
Loading URDF /home/ashwink/Documents/swms/.venv/lib/python3.10/site-packages/language_table/environments/utils/../../../language_table/environments/assets/blocks/green_star.urdf
Loading URDF /home/ashwink/Documents/swms/.venv/lib/python3.10/site-packages/language_table/environments/utils/../../../language_table/environments/assets/blocks/green_pentagon.urdf
Loading URDF /home/ashwink/Documents/swms/.venv/lib/python3.10/site-packages/language_table/environments/utils/../../../language_table/environments/assets/blocks/purple_moon.urdf
Loading URDF /home/ashwink/Documents/swms/.venv/lib/python3.10/site-packages/language_table/environments/utils/../../../language_table/environments/assets/blocks/purple_cube.urdf
Loading URDF /home/ashwink/Documents/swms/.venv/lib/python3.10/site-packages/language_table/environments/utils/../../../language_table/environments/assets/blocks/purple_star.urdf
Loading URDF /home/ashwink/Documents/swms/.venv/lib/python3.10/site-packages/language_table/environments/utils/../../../language_table/environments/assets/blocks/purple_pentagon.urdf
Env ready.

Forced peg start: [0.42843915 0.24419614]  (green_cube=[0.40339102 0.18967466], blue_moon=[0.32039625 0.00902261])
  dist(peg,green_cube)=0.0600  dist(peg,blue_moon)=0.2588  dist(green_cube,blue_moon)=0.1988

step  cos(zt,z*)  cos(zt,zt-1)  |   cos(predK,z*) min/mean/max  cos(pred_sel,z*)   cos(zpred0,z*)  ||a_raw||  |  dist(peg,A)   dist(A,B)
-------------------------------------------------------------------------------------------------------------------------------------------------------------------------------
   0      0.2008           nan  |    0.2799/  0.3105/  0.3194            0.3194           0.1728     0.0204  |       0.0587      0.1988
   1      0.2024        0.9938  |    0.3173/  0.3369/  0.3463            0.3463           0.2199     0.0156  |       0.0633      0.1988
   2      0.2048        0.9939  |    0.3046/  0.3182/  0.3257            0.3257           0.1731     0.0161  |       0.0739      0.1988
   3      0.2024        0.9956  |    0.2892/  0.3132/  0.3206            0.3206           0.1920     0.0147  |       0.0869      0.1988
   4      0.1986        0.9966  |    0.2522/  0.2670/  0.2748            0.2748           0.1258     0.0156  |       0.0996      0.1988
   5      0.1984        0.9950  |    0.2139/  0.2239/  0.2310            0.2310           0.0929     0.0146  |       0.1129      0.1988
   6      0.1996        0.9967  |    0.2024/  0.2158/  0.2215            0.2215           0.0922     0.0152  |       0.1262      0.1988
   7      0.1994        0.9909  |    0.2266/  0.2426/  0.2501            0.2501           0.0940     0.0173  |       0.1396      0.1988
   8      0.1807        0.9916  |    0.1206/  0.1353/  0.1423            0.1423           0.0387     0.0174  |       0.1555      0.1988
   9      0.1701        0.9944  |    0.0813/  0.0935/  0.0992            0.0992           0.0040     0.0157  |       0.1720      0.1988
  10      0.1511        0.9918  |    0.0044/  0.0168/  0.0235            0.0235          -0.0559     0.0198  |       0.1870      0.1988
  11      0.1767        0.9809  |    0.2285/  0.2445/  0.2515            0.2515           0.1865     0.0140  |       0.1977      0.1988
  12      0.1824        0.9956  |    0.2734/  0.2913/  0.2980            0.2980           0.2198     0.0140  |       0.1990      0.1988
  13      0.1756        0.9957  |    0.2486/  0.2586/  0.2646            0.2646           0.2227     0.0100  |       0.1988      0.1988
  14      0.1708        0.9955  |    0.1945/  0.2081/  0.2156            0.2156           0.1385     0.0190  |       0.1989      0.1988
  15      0.1597        0.9494  |   -0.0226/ -0.0136/ -0.0076           -0.0076          -0.0075     0.0102  |       0.1977      0.1988
  16      0.1371        0.9716  |   -0.1598/ -0.1456/ -0.1333           -0.1333          -0.1869     0.0210  |       0.1973      0.1988
  17      0.1567        0.9728  |   -0.0343/ -0.0228/ -0.0175           -0.0175          -0.0160     0.0168  |       0.1976      0.1988
  18      0.1519        0.9904  |   -0.0870/ -0.0744/ -0.0668           -0.0668          -0.0933     0.0185  |       0.1975      0.1988
  19      0.1597        0.9843  |   -0.0615/ -0.0491/ -0.0421           -0.0421          -0.0319     0.0179  |       0.1971      0.1988
  20      0.1617        0.9706  |   -0.0799/ -0.0685/ -0.0633           -0.0633          -0.0525     0.0156  |       0.1967      0.1988
  21      0.1627        0.9967  |   -0.0384/ -0.0203/  0.0058            0.0058           0.0001     0.0087  |       0.1967      0.1988
  22      0.1622        0.9870  |    0.0231/  0.0515/  0.0716            0.0716          -0.0310     0.0032  |       0.1965      0.1988
  23      0.1607        0.9908  |    0.2060/  0.2242/  0.2303            0.2303           0.0678     0.0070  |       0.1937      0.1988
  24      0.1397        0.9792  |    0.0666/  0.0792/  0.0860            0.0860          -0.0835     0.0064  |       0.1873      0.1988
  25      0.1075        0.9721  |   -0.0853/ -0.0742/ -0.0681           -0.0681          -0.1877     0.0074  |       0.1809      0.1988
  26      0.1065        0.9861  |   -0.1282/ -0.1177/ -0.1118           -0.1118          -0.2291     0.0086  |       0.1740      0.1988
  27      0.1333        0.9836  |   -0.0768/ -0.0629/ -0.0560           -0.0560          -0.1419     0.0053  |       0.1656      0.1988
  28      0.1188        0.9933  |   -0.0756/ -0.0577/ -0.0501           -0.0501          -0.1527     0.0076  |       0.1601      0.1988
  29      0.1583        0.9785  |    0.0204/  0.0364/  0.0452            0.0452           0.0119     0.0026  |       0.1528      0.1988
  30      0.1700        0.9916  |    0.0697/  0.0924/  0.1012            0.1012           0.0757     0.0024  |       0.1504      0.1988
  31      0.1609        0.9818  |    0.0485/  0.0624/  0.0714            0.0714           0.0326     0.0040  |       0.1512      0.1988
  32      0.1321        0.9816  |   -0.1085/ -0.0936/ -0.0810           -0.0810          -0.1301     0.0010  |       0.1545      0.1988
  33      0.1360        0.9953  |   -0.0679/ -0.0526/ -0.0444           -0.0444          -0.0951     0.0023  |       0.1540      0.1988
  34      0.1570        0.9827  |    0.0525/  0.0662/  0.0735            0.0735           0.0305     0.0031  |       0.1524      0.1988
  35      0.1784        0.9834  |    0.1154/  0.1373/  0.1537            0.1537           0.1098     0.0080  |       0.1499      0.1988
  36      0.1540        0.9851  |    0.0612/  0.0796/  0.0874            0.0874           0.0513     0.0046  |       0.1569      0.1988
  37      0.1148        0.9810  |   -0.1013/ -0.0780/ -0.0667           -0.0667          -0.1806     0.0070  |       0.1613      0.1988
  38      0.1662        0.9648  |    0.0869/  0.1022/  0.1083            0.1083           0.0765     0.0030  |       0.1565      0.1988
  39      0.1715        0.9920  |    0.0714/  0.0858/  0.0932            0.0932           0.0562     0.0049  |       0.1538      0.1988
  40      0.1821        0.9898  |    0.0317/  0.0424/  0.0494            0.0494           0.0364     0.0019  |       0.1505      0.1988
  41      0.1809        0.9939  |    0.0695/  0.0855/  0.1003            0.1003           0.0489     0.0058  |       0.1518      0.1988
  42      0.1909        0.9833  |    0.2015/  0.2311/  0.2468            0.2468           0.1347     0.0140  |       0.1566      0.1988
  43      0.1836        0.9915  |    0.2581/  0.2698/  0.2764            0.2764           0.2084     0.0132  |       0.1691      0.1988
  44      0.1683        0.9816  |    0.0562/  0.0675/  0.0745            0.0745           0.0487     0.0175  |       0.1818      0.1988
  45      0.1479        0.9741  |   -0.0931/ -0.0789/ -0.0694           -0.0694          -0.0880     0.0199  |       0.1958      0.1988
  46      0.1458        0.9832  |   -0.1449/ -0.1262/ -0.1201           -0.1201          -0.0995     0.0192  |       0.1970      0.1988
  47      0.1625        0.9732  |   -0.0666/ -0.0491/ -0.0434           -0.0434          -0.0331     0.0148  |       0.1967      0.1988
  48      0.1575        0.9901  |   -0.0395/ -0.0223/ -0.0137           -0.0137          -0.0056     0.0100  |       0.1966      0.1988
  49      0.1553        0.9955  |   -0.0043/  0.0173/  0.0418            0.0418          -0.0376     0.0014  |       0.1965      0.1988
  50      0.1575        0.9909  |    0.0898/  0.1011/  0.1081            0.1081          -0.0302     0.0070  |       0.1957      0.1988
  51      0.1533        0.9856  |    0.1489/  0.1609/  0.1679            0.1679           0.0078     0.0054  |       0.1895      0.1988
  52      0.1247        0.9805  |   -0.0094/  0.0071/  0.0137            0.0137          -0.1177     0.0064  |       0.1841      0.1988
  53      0.1181        0.9836  |   -0.0635/ -0.0490/ -0.0430           -0.0430          -0.1627     0.0070  |       0.1779      0.1988
  54      0.1055        0.9880  |   -0.1411/ -0.1318/ -0.1262           -0.1262          -0.2396     0.0086  |       0.1710      0.1988
  55      0.1226        0.9817  |   -0.0920/ -0.0799/ -0.0736           -0.0736          -0.1724     0.0063  |       0.1634      0.1988
  56      0.1513        0.9811  |    0.0426/  0.0565/  0.0634            0.0634           0.0219     0.0028  |       0.1570      0.1988
  57      0.1661        0.9854  |    0.0686/  0.0849/  0.0918            0.0918           0.0585     0.0021  |       0.1545      0.1988
  58      0.1582        0.9910  |    0.0219/  0.0462/  0.0531            0.0531           0.0241     0.0037  |       0.1557      0.1988
  59      0.1854        0.9778  |    0.1812/  0.1974/  0.2108            0.2108           0.1727     0.0034  |       0.1570      0.1988
  60      0.1717        0.9924  |    0.1401/  0.1575/  0.1652            0.1652           0.1220     0.0055  |       0.1600      0.1988
  61      0.1345        0.9769  |   -0.0518/ -0.0264/ -0.0011           -0.0011          -0.0962     0.0035  |       0.1646      0.1988
  62      0.1538        0.9916  |    0.0919/  0.1052/  0.1112            0.1112           0.0215     0.0043  |       0.1623      0.1988
  63      0.1522        0.9931  |    0.0509/  0.0643/  0.0709            0.0709           0.0247     0.0043  |       0.1585      0.1988
  64      0.1691        0.9861  |    0.1392/  0.1531/  0.1611            0.1611           0.1179     0.0014  |       0.1547      0.1988
  65      0.1754        0.9913  |    0.0336/  0.0446/  0.0510            0.0510           0.0335     0.0021  |       0.1538      0.1988
  66      0.1744        0.9929  |    0.0507/  0.0646/  0.0752            0.0752           0.0431     0.0030  |       0.1547      0.1988
  67      0.1846        0.9901  |    0.1408/  0.1626/  0.1806            0.1806           0.0938     0.0100  |       0.1542      0.1988
  68      0.1875        0.9747  |    0.2058/  0.2234/  0.2327            0.2327           0.1043     0.0151  |       0.1629      0.1988
  69      0.1776        0.9875  |    0.1683/  0.1802/  0.1870            0.1870           0.1563     0.0120  |       0.1766      0.1988
  70      0.1547        0.9805  |   -0.0404/ -0.0236/ -0.0111           -0.0111          -0.0494     0.0131  |       0.1878      0.1988
  71      0.1521        0.9909  |   -0.0660/ -0.0550/ -0.0479           -0.0479          -0.0736     0.0180  |       0.1969      0.1988
  72      0.1409        0.9840  |   -0.1159/ -0.1060/ -0.1000           -0.1000          -0.1173     0.0170  |       0.1974      0.1988
  73      0.1421        0.9961  |   -0.0943/ -0.0836/ -0.0775           -0.0775          -0.0880     0.0176  |       0.1974      0.1988
  74      0.1443        0.9925  |   -0.1067/ -0.0957/ -0.0903           -0.0903          -0.1242     0.0185  |       0.1975      0.1988
  75      0.1454        0.9784  |   -0.1389/ -0.1301/ -0.1230           -0.1230          -0.1064     0.0205  |       0.1972      0.1988
  76      0.1456        0.9977  |   -0.1254/ -0.1124/ -0.1056           -0.1056          -0.1073     0.0176  |       0.1972      0.1988
  77      0.1355        0.9877  |   -0.1580/ -0.1431/ -0.1367           -0.1367          -0.1433     0.0189  |       0.1970      0.1988
  78      0.1606        0.9811  |   -0.0935/ -0.0803/ -0.0730           -0.0730          -0.0884     0.0181  |       0.1967      0.1988
  79      0.1551        0.9824  |   -0.1377/ -0.1239/ -0.1175           -0.1175          -0.1264     0.0147  |       0.1964      0.1988
  80      0.1161        0.9572  |   -0.3770/ -0.3616/ -0.3548           -0.3548          -0.3730     0.0198  |       0.1961      0.1988
  81      0.1423        0.9464  |   -0.2230/ -0.2089/ -0.2031           -0.2031          -0.2182     0.0167  |       0.1957      0.1988
  82      0.1018        0.9744  |   -0.3508/ -0.3362/ -0.3293           -0.3293          -0.3583     0.0184  |       0.1956      0.1988
  83      0.0653        0.9745  |   -0.3866/ -0.3720/ -0.3664           -0.3664          -0.3508     0.0199  |       0.1953      0.1988
  84      0.0591        0.9770  |   -0.3662/ -0.3536/ -0.3465           -0.3465          -0.3374     0.0151  |       0.1952      0.1988
  85      0.0951        0.9712  |   -0.2828/ -0.2675/ -0.2564           -0.2564          -0.2926     0.0181  |       0.1951      0.1988
  86      0.0653        0.9899  |   -0.3558/ -0.3443/ -0.3387           -0.3387          -0.3508     0.0168  |       0.1951      0.1988
  87      0.0545        0.9724  |   -0.3616/ -0.3451/ -0.3299           -0.3299          -0.3392     0.0105  |       0.1952      0.1988
  88      0.0869        0.9692  |   -0.3200/ -0.3001/ -0.2917           -0.2917          -0.3225     0.0041  |       0.1951      0.1988
  89      0.0655        0.9726  |   -0.2670/ -0.2559/ -0.2483           -0.2483          -0.3146     0.0062  |       0.1952      0.1988
  90      0.1421        0.9445  |   -0.2014/ -0.1911/ -0.1852           -0.1852          -0.2486     0.0072  |       0.1910      0.1988
  91      0.1586        0.9672  |    0.0392/  0.0511/  0.0584            0.0584          -0.0448     0.0070  |       0.1841      0.1988
  92      0.1457        0.9670  |    0.0611/  0.0709/  0.0777            0.0777          -0.0662     0.0067  |       0.1774      0.1988
  93      0.1018        0.9636  |   -0.2056/ -0.1953/ -0.1884           -0.1884          -0.2766     0.0078  |       0.1707      0.1988
  94      0.1321        0.9815  |   -0.0436/ -0.0290/ -0.0223           -0.0223          -0.1295     0.0047  |       0.1636      0.1988
  95      0.1242        0.9788  |   -0.1646/ -0.1553/ -0.1493           -0.1493          -0.2412     0.0090  |       0.1596      0.1988
  96      0.1374        0.9795  |   -0.0041/  0.0115/  0.0190            0.0190          -0.0516     0.0060  |       0.1511      0.1988
  97      0.1552        0.9862  |    0.0537/  0.0666/  0.0736            0.0736           0.0306     0.0025  |       0.1452      0.1988
  98      0.1457        0.9881  |    0.1048/  0.1187/  0.1257            0.1257           0.0667     0.0030  |       0.1436      0.1988
  99      0.1610        0.9899  |    0.1377/  0.1525/  0.1614            0.1614           0.1082     0.0051  |       0.1427      0.1988
 100      0.1601        0.9945  |    0.1108/  0.1296/  0.1374            0.1374           0.0861     0.0055  |       0.1472      0.1988
 101      0.1544        0.9777  |    0.0268/  0.0411/  0.0487            0.0487           0.0096     0.0031  |       0.1523      0.1988
 102      0.1433        0.9924  |    0.0185/  0.0361/  0.0488            0.0488          -0.0092     0.0024  |       0.1556      0.1988
 103      0.1392        0.9858  |   -0.0252/ -0.0115/ -0.0047           -0.0047          -0.0593     0.0035  |       0.1574      0.1988
 104      0.1666        0.9826  |    0.0805/  0.0963/  0.1028            0.1028           0.0669     0.0007  |       0.1553      0.1988
 105      0.1649        0.9984  |    0.0684/  0.0837/  0.0915            0.0915           0.0535     0.0025  |       0.1545      0.1988
 106      0.1837        0.9850  |    0.1479/  0.1612/  0.1695            0.1695           0.1447     0.0008  |       0.1550      0.1988
 107      0.1743        0.9937  |    0.0670/  0.0828/  0.0912            0.0912           0.0544     0.0022  |       0.1547      0.1988
 108      0.1746        0.9925  |    0.0091/  0.0270/  0.0368            0.0368           0.0188     0.0031  |       0.1540      0.1988
 109      0.1828        0.9854  |    0.0960/  0.1256/  0.1564            0.1564           0.0401     0.0130  |       0.1541      0.1988
 110      0.1758        0.9903  |    0.2114/  0.2270/  0.2359            0.2359           0.0958     0.0153  |       0.1655      0.1988
 111      0.1652        0.9768  |    0.1019/  0.1156/  0.1213            0.1213           0.0855     0.0159  |       0.1800      0.1988
 112      0.1567        0.9775  |   -0.0581/ -0.0422/ -0.0349           -0.0349          -0.0517     0.0163  |       0.1951      0.1988
 113      0.1627        0.9960  |   -0.0242/ -0.0133/ -0.0037           -0.0037          -0.0076     0.0120  |       0.1978      0.1988
 114      0.1667        0.9949  |    0.0103/  0.0228/  0.0323            0.0323          -0.0003     0.0029  |       0.1981      0.1988
 115      0.1562        0.9917  |   -0.0307/ -0.0157/ -0.0033           -0.0033          -0.0576     0.0041  |       0.1980      0.1988
 116      0.1761        0.9730  |    0.1631/  0.1749/  0.1813            0.1813           0.1494     0.0004  |       0.1986      0.1988
 117      0.1714        0.9979  |    0.1610/  0.1726/  0.1794            0.1794           0.1405     0.0034  |       0.1987      0.1988
 118      0.1833        0.9787  |    0.2910/  0.3047/  0.3164            0.3164           0.2629     0.0068  |       0.1993      0.1988
 119      0.1717        0.9854  |    0.1709/  0.1864/  0.1948            0.1948           0.1577     0.0110  |       0.1989      0.1988
 120      0.1591        0.9626  |    0.0215/  0.0384/  0.0531            0.0531          -0.0030     0.0059  |       0.1979      0.1988
 121      0.1769        0.9827  |    0.1330/  0.1435/  0.1500            0.1500           0.0900     0.0035  |       0.1946      0.1988
 122      0.1815        0.9823  |    0.1928/  0.2045/  0.2109            0.2109           0.1755     0.0010  |       0.1921      0.1988
 123      0.1691        0.9922  |    0.1334/  0.1455/  0.1527            0.1527           0.1026     0.0029  |       0.1913      0.1988
 124      0.1647        0.9947  |    0.0558/  0.0720/  0.0795            0.0795           0.0386     0.0031  |       0.1889      0.1988
 125      0.1713        0.9966  |    0.1105/  0.1240/  0.1314            0.1314           0.0902     0.0044  |       0.1862      0.1988
 126      0.1702        0.9963  |    0.0731/  0.0839/  0.0901            0.0901           0.0500     0.0030  |       0.1820      0.1988
 127      0.1664        0.9948  |    0.0249/  0.0379/  0.0455            0.0455          -0.0069     0.0051  |       0.1792      0.1988
 128      0.1676        0.9977  |   -0.0135/  0.0068/  0.0129            0.0129          -0.0202     0.0045  |       0.1746      0.1988
 129      0.1595        0.9961  |   -0.0113/  0.0015/  0.0087            0.0087          -0.0552     0.0041  |       0.1706      0.1988
 130      0.1610        0.9983  |   -0.0178/ -0.0060/  0.0011            0.0011          -0.0631     0.0045  |       0.1668      0.1988
 131      0.1743        0.9969  |    0.0331/  0.0485/  0.0561            0.0561           0.0173     0.0053  |       0.1630      0.1988
 132      0.1747        0.9963  |    0.0282/  0.0415/  0.0498            0.0498           0.0256     0.0019  |       0.1593      0.1988
 133      0.1787        0.9963  |    0.1013/  0.1137/  0.1220            0.1220           0.1029     0.0022  |       0.1591      0.1988
 134      0.1746        0.9964  |    0.0229/  0.0392/  0.0462            0.0462           0.0247     0.0010  |       0.1592      0.1988
 135      0.1732        0.9975  |    0.0289/  0.0450/  0.0535            0.0535           0.0351     0.0066  |       0.1591      0.1988
 136      0.1722        0.9972  |    0.0486/  0.0609/  0.0701            0.0701           0.0326     0.0043  |       0.1642      0.1988
 137      0.1703        0.9971  |    0.0029/  0.0137/  0.0197            0.0197          -0.0087     0.0028  |       0.1610      0.1988
 138      0.1752        0.9959  |    0.0268/  0.0392/  0.0459            0.0459           0.0094     0.0030  |       0.1617      0.1988
 139      0.1825        0.9958  |    0.0027/  0.0169/  0.0230            0.0230           0.0158     0.0030  |       0.1594      0.1988
 140      0.1847        0.9975  |    0.0235/  0.0379/  0.0444            0.0444           0.0315     0.0048  |       0.1569      0.1988
 141      0.1680        0.9926  |   -0.0074/  0.0052/  0.0126            0.0126          -0.0280     0.0068  |       0.1607      0.1988
 142      0.1822        0.9926  |    0.0300/  0.0493/  0.0567            0.0567           0.0401     0.0023  |       0.1549      0.1988
 143      0.1945        0.9956  |    0.0792/  0.0915/  0.1053            0.1053           0.0939     0.0010  |       0.1545      0.1988
 144      0.1910        0.9990  |    0.1144/  0.1430/  0.1632            0.1632           0.0857     0.0088  |       0.1536      0.1988
 145      0.1734        0.9949  |    0.1021/  0.1192/  0.1312            0.1312           0.0317     0.0178  |       0.1603      0.1988
 146      0.1643        0.9921  |    0.0620/  0.0767/  0.0843            0.0843          -0.0300     0.0182  |       0.1764      0.1988
 147      0.1798        0.9747  |    0.2044/  0.2163/  0.2232            0.2232           0.1686     0.0145  |       0.1935      0.1988
 148      0.1726        0.9859  |    0.0471/  0.0595/  0.0652            0.0652           0.0318     0.0151  |       0.1978      0.1988
 149      0.1675        0.9940  |   -0.0246/ -0.0114/ -0.0055           -0.0055          -0.0168     0.0147  |       0.1982      0.1988
 150      0.1564        0.9876  |   -0.0299/ -0.0195/ -0.0138           -0.0138          -0.0165     0.0094  |       0.1978      0.1988
 151      0.1570        0.9900  |   -0.0299/ -0.0157/ -0.0021           -0.0021          -0.0422     0.0021  |       0.1980      0.1988
 152      0.1604        0.9942  |    0.0215/  0.0388/  0.0487            0.0487          -0.0198     0.0012  |       0.1979      0.1988
 153      0.1531        0.9946  |    0.0010/  0.0151/  0.0214            0.0214          -0.0540     0.0076  |       0.1968      0.1988
 154      0.1572        0.9909  |    0.0403/  0.0535/  0.0600            0.0600          -0.0228     0.0048  |       0.1903      0.1988
 155      0.1696        0.9910  |    0.0834/  0.0960/  0.1038            0.1038           0.0335     0.0031  |       0.1855      0.1988
 156      0.1720        0.9895  |    0.1953/  0.2126/  0.2198            0.2198           0.1542     0.0023  |       0.1826      0.1988
 157      0.1792        0.9849  |    0.2228/  0.2328/  0.2392            0.2392           0.1878     0.0026  |       0.1805      0.1988
 158      0.1744        0.9802  |    0.1521/  0.1657/  0.1724            0.1724           0.1352     0.0016  |       0.1794      0.1988
 159      0.1732        0.9895  |    0.1364/  0.1510/  0.1580            0.1580           0.1169     0.0019  |       0.1801      0.1988
 160      0.1607        0.9886  |   -0.0191/ -0.0027/  0.0052            0.0052          -0.0403     0.0049  |       0.1812      0.1988
 161      0.1633        0.9941  |    0.0021/  0.0142/  0.0204            0.0204          -0.0309     0.0038  |       0.1777      0.1988
 162      0.1673        0.9946  |    0.0488/  0.0626/  0.0700            0.0700           0.0057     0.0027  |       0.1746      0.1988
 163      0.1853        0.9872  |    0.1221/  0.1395/  0.1536            0.1536           0.1355     0.0021  |       0.1745      0.1988
 164      0.1932        0.9951  |    0.2574/  0.2754/  0.2987            0.2987           0.2014     0.0112  |       0.1762      0.1988
 165      0.1928        0.9954  |    0.2981/  0.3154/  0.3239            0.3239           0.2170     0.0128  |       0.1853      0.1988
 166      0.1949        0.9957  |    0.3278/  0.3414/  0.3485            0.3485           0.2465     0.0103  |       0.1973      0.1988
 167      0.1941        0.9962  |    0.2824/  0.2968/  0.3038            0.3038           0.1924     0.0144  |       0.2001      0.1988
 168      0.1843        0.9935  |    0.2936/  0.3084/  0.3153            0.3153           0.2310     0.0173  |       0.1994      0.1988
 169      0.1708        0.9934  |    0.1939/  0.2103/  0.2174            0.2174           0.1407     0.0132  |       0.1991      0.1988
 170      0.1630        0.9540  |   -0.0130/  0.0007/  0.0083            0.0083           0.0113     0.0115  |       0.1981      0.1988
 171      0.1597        0.9945  |   -0.0092/  0.0093/  0.0272            0.0272          -0.0110     0.0055  |       0.1982      0.1988
 172      0.1731        0.9863  |    0.0968/  0.1099/  0.1172            0.1172           0.0835     0.0034  |       0.1985      0.1988
 173      0.1692        0.9804  |    0.1177/  0.1414/  0.1491            0.1491           0.1194     0.0057  |       0.1989      0.1988
 174      0.1715        0.9820  |    0.0871/  0.0977/  0.1050            0.1050           0.0708     0.0028  |       0.1986      0.1988
 175      0.1693        0.9796  |    0.2105/  0.2253/  0.2337            0.2337           0.1877     0.0051  |       0.1989      0.1988
 176      0.1770        0.9778  |    0.0882/  0.1039/  0.1111            0.1111           0.0770     0.0046  |       0.1985      0.1988
 177      0.1624        0.9871  |    0.0346/  0.0542/  0.0697            0.0697           0.0000     0.0010  |       0.1982      0.1988
 178      0.1631        0.9891  |    0.0310/  0.0473/  0.0548            0.0548          -0.0037     0.0030  |       0.1972      0.1988
 179      0.1777        0.9901  |    0.0693/  0.0818/  0.0879            0.0879           0.0520     0.0031  |       0.1949      0.1988
 180      0.1556        0.9871  |   -0.0171/ -0.0003/  0.0064            0.0064          -0.0629     0.0055  |       0.1920      0.1988
 181      0.1546        0.9857  |    0.0047/  0.0167/  0.0231            0.0231          -0.0454     0.0041  |       0.1867      0.1988
 182      0.1870        0.9718  |    0.2318/  0.2432/  0.2510            0.2510           0.2093     0.0005  |       0.1839      0.1988
 183      0.1840        0.9949  |    0.2195/  0.2355/  0.2422            0.2422           0.2021     0.0005  |       0.1841      0.1988
 184      0.1830        0.9973  |    0.1646/  0.1759/  0.1833            0.1833           0.1474     0.0053  |       0.1845      0.1988
 185      0.1757        0.9923  |    0.1077/  0.1183/  0.1262            0.1262           0.0894     0.0067  |       0.1890      0.1988
 186      0.1628        0.9897  |    0.0064/  0.0217/  0.0368            0.0368          -0.0175     0.0038  |       0.1950      0.1988
 187      0.1717        0.9941  |    0.0899/  0.1013/  0.1092            0.1092           0.0553     0.0016  |       0.1924      0.1988
 188      0.1598        0.9929  |    0.0016/  0.0168/  0.0228            0.0228          -0.0455     0.0047  |       0.1907      0.1988
 189      0.1695        0.9932  |    0.0765/  0.0908/  0.0985            0.0985           0.0335     0.0052  |       0.1863      0.1988
 190      0.1792        0.9875  |    0.2042/  0.2162/  0.2232            0.2232           0.1688     0.0033  |       0.1816      0.1988
 191      0.1807        0.9844  |    0.2493/  0.2636/  0.2710            0.2710           0.2138     0.0004  |       0.1792      0.1988
 192      0.1753        0.9965  |    0.2238/  0.2379/  0.2455            0.2455           0.1823     0.0024  |       0.1791      0.1988
 193      0.1643        0.9856  |    0.0177/  0.0320/  0.0379            0.0379          -0.0017     0.0036  |       0.1774      0.1988
 194      0.1627        0.9897  |   -0.0062/  0.0063/  0.0130            0.0130          -0.0349     0.0040  |       0.1769      0.1988
 195      0.1572        0.9948  |   -0.0201/ -0.0066/ -0.0005           -0.0005          -0.0640     0.0046  |       0.1735      0.1988
 196      0.1684        0.9867  |    0.0123/  0.0285/  0.0346            0.0346           0.0089     0.0031  |       0.1703      0.1988
 197      0.1728        0.9955  |   -0.0063/  0.0108/  0.0188            0.0188          -0.0033     0.0026  |       0.1680      0.1988
 198      0.1824        0.9902  |    0.0858/  0.1055/  0.1197            0.1197           0.0976     0.0035  |       0.1661      0.1988
 199      0.1785        0.9925  |    0.0790/  0.1079/  0.1373            0.1373           0.0530     0.0174  |       0.1686      0.1988
 200      0.1843        0.9651  |    0.2259/  0.2438/  0.2541            0.2541           0.2211     0.0054  |       0.1827      0.1988
 201      0.1746        0.9811  |    0.1216/  0.1363/  0.1438            0.1438           0.1073     0.0057  |       0.1886      0.1988
 202      0.1576        0.9938  |    0.0368/  0.0535/  0.0683            0.0683           0.0244     0.0136  |       0.1942      0.1988
 203      0.1660        0.9975  |    0.1091/  0.1233/  0.1347            0.1347           0.0859     0.0153  |       0.1984      0.1988
 204      0.1783        0.9822  |    0.1859/  0.2020/  0.2074            0.2074           0.1683     0.0115  |       0.1987      0.1988
 205      0.1664        0.9779  |    0.0175/  0.0328/  0.0458            0.0458           0.0187     0.0036  |       0.1984      0.1988
 206      0.1571        0.9941  |    0.0124/  0.0338/  0.0495            0.0495          -0.0424     0.0057  |       0.1981      0.1988
 207      0.1747        0.9896  |    0.0461/  0.0631/  0.0702            0.0702           0.0277     0.0024  |       0.1935      0.1988
 208      0.1728        0.9897  |    0.0913/  0.1015/  0.1083            0.1083           0.0786     0.0023  |       0.1914      0.1988
 209      0.1678        0.9886  |    0.1021/  0.1249/  0.1332            0.1332           0.0783     0.0013  |       0.1902      0.1988
 210      0.1673        0.9951  |    0.1649/  0.1794/  0.1872            0.1872           0.1319     0.0003  |       0.1891      0.1988
 211      0.1647        0.9958  |    0.0569/  0.0724/  0.0783            0.0783           0.0382     0.0023  |       0.1890      0.1988
 212      0.1508        0.9930  |    0.0068/  0.0228/  0.0301            0.0301          -0.0487     0.0065  |       0.1869      0.1988
 213      0.1809        0.9769  |    0.1347/  0.1492/  0.1620            0.1620           0.1393     0.0063  |       0.1847      0.1988
 214      0.1920        0.9938  |    0.2357/  0.2599/  0.2874            0.2874           0.1951     0.0100  |       0.1901      0.1988
 215      0.1825        0.9935  |    0.2491/  0.2646/  0.2745            0.2745           0.1934     0.0145  |       0.1973      0.1988
 216      0.1817        0.9928  |    0.2304/  0.2453/  0.2528            0.2528           0.1734     0.0118  |       0.1990      0.1988
 217      0.1783        0.9782  |    0.1880/  0.2012/  0.2081            0.2081           0.1678     0.0128  |       0.1987      0.1988
 218      0.1712        0.9899  |    0.0982/  0.1097/  0.1161            0.1161           0.0892     0.0100  |       0.1986      0.1988
 219      0.1630        0.9917  |   -0.0084/  0.0027/  0.0142            0.0142          -0.0151     0.0045  |       0.1984      0.1988
 220      0.1604        0.9887  |    0.0030/  0.0243/  0.0380            0.0380          -0.0198     0.0012  |       0.1980      0.1988
 221      0.1542        0.9949  |    0.0067/  0.0189/  0.0257            0.0257          -0.0487     0.0036  |       0.1969      0.1988
 222      0.1443        0.9918  |   -0.0553/ -0.0449/ -0.0389           -0.0389          -0.1329     0.0070  |       0.1936      0.1988
 223      0.1730        0.9716  |    0.1303/  0.1449/  0.1517            0.1517           0.0963     0.0030  |       0.1878      0.1988
 224      0.1794        0.9962  |    0.1186/  0.1310/  0.1379            0.1379           0.1021     0.0029  |       0.1846      0.1988
 225      0.1733        0.9899  |    0.1027/  0.1165/  0.1244            0.1244           0.0888     0.0032  |       0.1827      0.1988
 226      0.1762        0.9870  |    0.1351/  0.1501/  0.1589            0.1589           0.1145     0.0024  |       0.1806      0.1988
 227      0.1705        0.9869  |    0.0164/  0.0316/  0.0384            0.0384           0.0033     0.0040  |       0.1789      0.1988
 228      0.1838        0.9831  |    0.1790/  0.1928/  0.2019            0.2019           0.1755     0.0017  |       0.1753      0.1988
 229      0.1641        0.9879  |    0.0131/  0.0252/  0.0372            0.0372          -0.0052     0.0018  |       0.1764      0.1988
 230      0.1742        0.9914  |    0.0134/  0.0313/  0.0393            0.0393           0.0237     0.0035  |       0.1753      0.1988
 231      0.1697        0.9944  |    0.0236/  0.0335/  0.0402            0.0402           0.0177     0.0047  |       0.1729      0.1988
 232      0.1785        0.9954  |    0.0511/  0.0641/  0.0725            0.0725           0.0576     0.0006  |       0.1685      0.1988
 233      0.1742        0.9983  |    0.0238/  0.0375/  0.0540            0.0540           0.0246     0.0092  |       0.1686      0.1988
 234      0.1738        0.9915  |    0.0466/  0.0677/  0.0778            0.0778           0.0434     0.0075  |       0.1768      0.1988
 235      0.1789        0.9859  |    0.2075/  0.2212/  0.2291            0.2291           0.1866     0.0061  |       0.1834      0.1988
 236      0.1532        0.9836  |    0.0084/  0.0256/  0.0335            0.0335          -0.0002     0.0070  |       0.1892      0.1988
 237      0.1835        0.9835  |    0.2423/  0.2626/  0.2791            0.2791           0.2064     0.0123  |       0.1959      0.1988
 238      0.1826        0.9956  |    0.2751/  0.2964/  0.3056            0.3056           0.2177     0.0084  |       0.1994      0.1988
 239      0.1847        0.9970  |    0.2938/  0.3058/  0.3134            0.3134           0.2258     0.0123  |       0.1994      0.1988
 240      0.1773        0.9927  |    0.2540/  0.2685/  0.2766            0.2766           0.2343     0.0112  |       0.1990      0.1988
 241      0.1691        0.9970  |    0.1998/  0.2163/  0.2250            0.2250           0.1872     0.0109  |       0.1990      0.1988
 242      0.1848        0.9930  |    0.2778/  0.2909/  0.3015            0.3015           0.2355     0.0082  |       0.1993      0.1988
 243      0.1811        0.9961  |    0.2800/  0.2955/  0.3023            0.3023           0.2300     0.0131  |       0.1997      0.1988
 244      0.1855        0.9961  |    0.2961/  0.3111/  0.3174            0.3174           0.2295     0.0138  |       0.1995      0.1988
 245      0.1802        0.9938  |    0.2340/  0.2500/  0.2571            0.2571           0.1772     0.0164  |       0.1992      0.1988
 246      0.1719        0.9584  |    0.0164/  0.0268/  0.0329            0.0329           0.0200     0.0157  |       0.1983      0.1988
 247      0.1682        0.9994  |   -0.0155/ -0.0014/  0.0050            0.0050          -0.0126     0.0153  |       0.1982      0.1988
 248      0.1601        0.9916  |   -0.0308/ -0.0184/ -0.0130           -0.0130          -0.0208     0.0140  |       0.1980      0.1988
 249      0.1499        0.9964  |   -0.0868/ -0.0715/ -0.0559           -0.0559          -0.0770     0.0065  |       0.1979      0.1988
 250      0.1619        0.9966  |    0.0113/  0.0241/  0.0341            0.0341          -0.0136     0.0045  |       0.1979      0.1988
 251      0.1702        0.9860  |    0.1202/  0.1318/  0.1391            0.1391           0.0703     0.0038  |       0.1963      0.1988
 252      0.1715        0.9709  |    0.1330/  0.1507/  0.1575            0.1575           0.1181     0.0003  |       0.1945      0.1988
 253      0.1655        0.9993  |    0.0916/  0.1051/  0.1119            0.1119           0.0704     0.0016  |       0.1940      0.1988
 254      0.1723        0.9967  |    0.0850/  0.1054/  0.1135            0.1135           0.0929     0.0027  |       0.1927      0.1988
 255      0.1763        0.9880  |    0.1389/  0.1616/  0.1753            0.1753           0.1432     0.0044  |       0.1938      0.1988
 256      0.1848        0.9961  |    0.2514/  0.2725/  0.2854            0.2854           0.2299     0.0099  |       0.1975      0.1988
 257      0.1794        0.9802  |    0.2002/  0.2210/  0.2299            0.2299           0.1747     0.0102  |       0.1986      0.1988
 258      0.1764        0.9876  |    0.1661/  0.1783/  0.1854            0.1854           0.1440     0.0140  |       0.1986      0.1988
 259      0.1649        0.9891  |   -0.0040/  0.0080/  0.0145            0.0145          -0.0042     0.0111  |       0.1984      0.1988
 260      0.1758        0.9923  |    0.1014/  0.1215/  0.1298            0.1298           0.0842     0.0145  |       0.1985      0.1988
 261      0.1717        0.9920  |    0.1461/  0.1664/  0.1732            0.1732           0.1355     0.0124  |       0.1987      0.1988
 262      0.1758        0.9920  |    0.1003/  0.1193/  0.1266            0.1266           0.0841     0.0144  |       0.1985      0.1988
 263      0.1762        0.9779  |    0.2184/  0.2328/  0.2407            0.2407           0.2031     0.0061  |       0.1989      0.1988
 264      0.1742        0.9996  |    0.1941/  0.2128/  0.2199            0.2199           0.1802     0.0087  |       0.1989      0.1988
 265      0.1638        0.9625  |    0.0300/  0.0447/  0.0595            0.0595           0.0107     0.0022  |       0.1981      0.1988
 266      0.1552        0.9945  |   -0.0317/ -0.0163/ -0.0071           -0.0071          -0.0762     0.0036  |       0.1961      0.1988
 267      0.1594        0.9963  |   -0.0022/  0.0153/  0.0223            0.0223          -0.0325     0.0043  |       0.1928      0.1988
 268      0.1684        0.9916  |    0.0336/  0.0517/  0.0583            0.0583           0.0154     0.0037  |       0.1892      0.1988
 269      0.1837        0.9780  |    0.1700/  0.1828/  0.1894            0.1894           0.1552     0.0046  |       0.1872      0.1988
 270      0.1721        0.9786  |    0.1335/  0.1426/  0.1516            0.1516           0.1198     0.0018  |       0.1854      0.1988
 271      0.1812        0.9963  |    0.1710/  0.1860/  0.1966            0.1966           0.1640     0.0038  |       0.1866      0.1988
 272      0.1941        0.9925  |    0.2390/  0.2682/  0.2886            0.2886           0.1803     0.0148  |       0.1901      0.1988
 273      0.1698        0.9599  |    0.0907/  0.1043/  0.1107            0.1107           0.0862     0.0162  |       0.1976      0.1988
 274      0.1698        0.9955  |    0.0764/  0.0915/  0.0995            0.0995           0.0346     0.0137  |       0.1985      0.1988
 275      0.1717        0.9864  |    0.1562/  0.1728/  0.1786            0.1786           0.1285     0.0150  |       0.1989      0.1988
 276      0.1749        0.9854  |    0.1423/  0.1639/  0.1705            0.1705           0.1272     0.0135  |       0.1987      0.1988
 277      0.1610        0.9783  |   -0.0231/ -0.0117/ -0.0048           -0.0048          -0.0046     0.0128  |       0.1981      0.1988
 278      0.1765        0.9780  |    0.1613/  0.1798/  0.1881            0.1881           0.1452     0.0129  |       0.1986      0.1988
 279      0.1721        0.9936  |    0.0852/  0.0997/  0.1073            0.1073           0.0691     0.0132  |       0.1986      0.1988
 280      0.1704        0.9937  |    0.0277/  0.0419/  0.0483            0.0483           0.0201     0.0119  |       0.1984      0.1988
 281      0.1740        0.9955  |    0.0878/  0.1026/  0.1087            0.1087           0.0698     0.0113  |       0.1985      0.1988
 282      0.1762        0.9972  |    0.0983/  0.1096/  0.1156            0.1156           0.0830     0.0141  |       0.1985      0.1988
 283      0.1760        0.9902  |    0.1605/  0.1729/  0.1818            0.1818           0.1341     0.0134  |       0.1987      0.1988
 284      0.1706        0.9871  |    0.0294/  0.0449/  0.0531            0.0531           0.0190     0.0169  |       0.1985      0.1988
 285      0.1738        0.9963  |    0.1037/  0.1173/  0.1231            0.1231           0.0945     0.0150  |       0.1986      0.1988
 286      0.1748        0.9907  |    0.1709/  0.1817/  0.1895            0.1895           0.1419     0.0134  |       0.1987      0.1988
 287      0.1707        0.9841  |    0.1568/  0.1699/  0.1771            0.1771           0.1205     0.0137  |       0.1989      0.1988
 288      0.1703        0.9734  |    0.0406/  0.0531/  0.0593            0.0593           0.0279     0.0141  |       0.1985      0.1988
 289      0.1624        0.9842  |    0.0060/  0.0188/  0.0265            0.0265           0.0050     0.0148  |       0.1981      0.1988
 290      0.1588        0.9909  |   -0.0618/ -0.0500/ -0.0439           -0.0439          -0.0454     0.0152  |       0.1982      0.1988
 291      0.1559        0.9924  |   -0.0557/ -0.0408/ -0.0342           -0.0342          -0.0568     0.0162  |       0.1980      0.1988
 292      0.1610        0.9970  |   -0.0183/ -0.0072/ -0.0018           -0.0018          -0.0132     0.0145  |       0.1980      0.1988
 293      0.1624        0.9933  |    0.0024/  0.0196/  0.0260            0.0260           0.0050     0.0177  |       0.1980      0.1988
 294      0.1507        0.9917  |   -0.0834/ -0.0690/ -0.0628           -0.0628          -0.0810     0.0145  |       0.1979      0.1988
 295      0.1625        0.9916  |    0.0068/  0.0200/  0.0271            0.0271           0.0051     0.0165  |       0.1980      0.1988
 296      0.1619        0.9922  |   -0.0355/ -0.0253/ -0.0192           -0.0192          -0.0195     0.0166  |       0.1981      0.1988
 297      0.1609        0.9989  |   -0.0198/  0.0106/  0.0237            0.0237          -0.0051     0.0037  |       0.1981      0.1988
 298      0.1622        0.9958  |    0.0379/  0.0587/  0.0719            0.0719          -0.0122     0.0025  |       0.1982      0.1988
 299      0.1756        0.9895  |    0.0434/  0.0556/  0.0626            0.0626           0.0335     0.0008  |       0.1967      0.1988
IMAGEIO FFMPEG_WRITER WARNING: input image is not divisible by macro_block_size=16, resizing from (320, 180) to (320, 192) to ensure video compatibility with most codecs and players. To prevent resizing, make your input image divisible by the macro_block_size or set the macro_block_size to 1 (risking incompatibility).

Saved 300 frames -> /home/ashwink/Documents/swms/SWM_copy/rollouts_5_per/expert+subopt/epoch1/epoch1_rollout2_failure.mp4
min dist(green_cube,blue_moon) over episode = 0.1988  ->  FAILURE
Full log written to /home/ashwink/Documents/swms/SWM_copy/rollouts_5_per/expert+subopt/epoch1/epoch1_rollout2_20260723_115900.log
Result json -> /home/ashwink/Documents/swms/SWM_copy/rollouts_5_per/expert+subopt/epoch1/epoch1_rollout2_result.json
