Checkpoint dir epoch: 1  Rollout: 4
Logging to /home/ashwink/Documents/swms/SWM_copy/rollouts_5_per/expert+subopt/epoch1/epoch1_rollout4_20260723_120212.log
Goal (fixed, steps 0-299): the green cube is touching the blue moon. the peg is touching the green cube.

Checkpoint: /home/ashwink/Documents/swms/SWM_copy/training/checkpoints_clip_full_fine-tuned_with_subopt_data/epoch_001.pt
  epoch=1  step=3372

Loading CLIP ViT-L/14 (datacomp_xl_s13b_b90k) + fine-tuned clip_state_dict ...
Parsing model identifier. Schema: None, Identifier: ViT-L-14
Loaded built-in ViT-L-14 model config.
Instantiating model architecture: CLIP
Loading full pretrained weights from: /home/ashwink/.cache/huggingface/hub/models--laion--CLIP-ViT-L-14-DataComp.XL-s13B-b90K/snapshots/84c9828e63dc9a9351d1fe637c346d4c1c4db341/open_clip_pytorch_model.bin
Final image preprocessing configuration set: {'size': (224, 224), 'mode': 'RGB', 'mean': (0.48145466, 0.4578275, 0.40821073), 'std': (0.26862954, 0.26130258, 0.27577711), 'interpolation': 'bicubic', 'resize_mode': 'shortest', 'fill_color': 0}
Model ViT-L-14 creation process complete.
Parsing tokenizer identifier. Schema: None, Identifier: ViT-L-14
Attempting to load config from built-in: ViT-L-14
Using default SimpleTokenizer.
z_star shape: torch.Size([768])

Loading action stats from /home/ashwink/full_data_5000/langtable/demos/ ...
  lo=[-0.03372681140899658, -0.03493623435497284]  hi=[0.03496786952018738, 0.03494429588317871]

Initializing LangTable env ...
Loading URDF plane.urdf
Loading URDF /home/ashwink/Documents/swms/.venv/lib/python3.10/site-packages/language_table/environments/utils/../../../language_table/environments/assets/workspace_real.urdf
Loading URDF xarm/xarm6_robot_white.urdf
Loading URDF /home/ashwink/Documents/swms/.venv/lib/python3.10/site-packages/language_table/environments/utils/../../../language_table/environments/assets/suction/cylinder_real.urdf
Loading URDF /home/ashwink/Documents/swms/.venv/lib/python3.10/site-packages/language_table/environments/utils/../../../language_table/environments/assets/blocks/red_moon.urdf
Loading URDF /home/ashwink/Documents/swms/.venv/lib/python3.10/site-packages/language_table/environments/utils/../../../language_table/environments/assets/blocks/red_cube.urdf
Loading URDF /home/ashwink/Documents/swms/.venv/lib/python3.10/site-packages/language_table/environments/utils/../../../language_table/environments/assets/blocks/red_star.urdf
Loading URDF /home/ashwink/Documents/swms/.venv/lib/python3.10/site-packages/language_table/environments/utils/../../../language_table/environments/assets/blocks/red_pentagon.urdf
Loading URDF /home/ashwink/Documents/swms/.venv/lib/python3.10/site-packages/language_table/environments/utils/../../../language_table/environments/assets/blocks/blue_moon.urdf
Loading URDF /home/ashwink/Documents/swms/.venv/lib/python3.10/site-packages/language_table/environments/utils/../../../language_table/environments/assets/blocks/blue_cube.urdf
Loading URDF /home/ashwink/Documents/swms/.venv/lib/python3.10/site-packages/language_table/environments/utils/../../../language_table/environments/assets/blocks/blue_star.urdf
Loading URDF /home/ashwink/Documents/swms/.venv/lib/python3.10/site-packages/language_table/environments/utils/../../../language_table/environments/assets/blocks/blue_pentagon.urdf
Loading URDF /home/ashwink/Documents/swms/.venv/lib/python3.10/site-packages/language_table/environments/utils/../../../language_table/environments/assets/blocks/yellow_moon.urdf
Loading URDF /home/ashwink/Documents/swms/.venv/lib/python3.10/site-packages/language_table/environments/utils/../../../language_table/environments/assets/blocks/yellow_cube.urdf
Loading URDF /home/ashwink/Documents/swms/.venv/lib/python3.10/site-packages/language_table/environments/utils/../../../language_table/environments/assets/blocks/yellow_star.urdf
Loading URDF /home/ashwink/Documents/swms/.venv/lib/python3.10/site-packages/language_table/environments/utils/../../../language_table/environments/assets/blocks/yellow_pentagon.urdf
Loading URDF /home/ashwink/Documents/swms/.venv/lib/python3.10/site-packages/language_table/environments/utils/../../../language_table/environments/assets/blocks/green_moon.urdf
Loading URDF /home/ashwink/Documents/swms/.venv/lib/python3.10/site-packages/language_table/environments/utils/../../../language_table/environments/assets/blocks/green_cube.urdf
Loading URDF /home/ashwink/Documents/swms/.venv/lib/python3.10/site-packages/language_table/environments/utils/../../../language_table/environments/assets/blocks/green_star.urdf
Loading URDF /home/ashwink/Documents/swms/.venv/lib/python3.10/site-packages/language_table/environments/utils/../../../language_table/environments/assets/blocks/green_pentagon.urdf
Loading URDF /home/ashwink/Documents/swms/.venv/lib/python3.10/site-packages/language_table/environments/utils/../../../language_table/environments/assets/blocks/purple_moon.urdf
Loading URDF /home/ashwink/Documents/swms/.venv/lib/python3.10/site-packages/language_table/environments/utils/../../../language_table/environments/assets/blocks/purple_cube.urdf
Loading URDF /home/ashwink/Documents/swms/.venv/lib/python3.10/site-packages/language_table/environments/utils/../../../language_table/environments/assets/blocks/purple_star.urdf
Loading URDF /home/ashwink/Documents/swms/.venv/lib/python3.10/site-packages/language_table/environments/utils/../../../language_table/environments/assets/blocks/purple_pentagon.urdf
Env ready.

Forced peg start: [0.42843915 0.24419614]  (green_cube=[0.40339102 0.18967466], blue_moon=[0.32039625 0.00902261])
  dist(peg,green_cube)=0.0600  dist(peg,blue_moon)=0.2588  dist(green_cube,blue_moon)=0.1988

step  cos(zt,z*)  cos(zt,zt-1)  |   cos(predK,z*) min/mean/max  cos(pred_sel,z*)   cos(zpred0,z*)  ||a_raw||  |  dist(peg,A)   dist(A,B)
-------------------------------------------------------------------------------------------------------------------------------------------------------------------------------
   0      0.2008           nan  |    0.0791/  0.0908/  0.1054            0.1054           0.1728     0.0106  |       0.0587      0.1988
   1      0.2007        0.9930  |    0.3070/  0.3216/  0.3302            0.3302           0.2214     0.0179  |       0.0533      0.1988
   2      0.2022        0.9961  |    0.3208/  0.3403/  0.3498            0.3498           0.2151     0.0156  |       0.0636      0.1988
   3      0.2025        0.9955  |    0.3047/  0.3149/  0.3218            0.3218           0.1739     0.0141  |       0.0746      0.1988
   4      0.2054        0.9946  |    0.3193/  0.3354/  0.3408            0.3408           0.2011     0.0172  |       0.0846      0.1988
   5      0.2028        0.9891  |    0.3071/  0.3336/  0.3406            0.3406           0.1813     0.0169  |       0.0991      0.1988
   6      0.2013        0.9926  |    0.2731/  0.2909/  0.2974            0.2974           0.1631     0.0154  |       0.1154      0.1988
   7      0.2027        0.9949  |    0.2341/  0.2442/  0.2506            0.2506           0.1216     0.0151  |       0.1303      0.1988
   8      0.1982        0.9964  |    0.2145/  0.2342/  0.2412            0.2412           0.1011     0.0165  |       0.1443      0.1988
   9      0.1845        0.9938  |    0.1629/  0.1731/  0.1793            0.1793           0.0574     0.0174  |       0.1595      0.1988
  10      0.1684        0.9865  |    0.0674/  0.0781/  0.0847            0.0847          -0.0075     0.0190  |       0.1763      0.1988
  11      0.1803        0.9825  |    0.2292/  0.2506/  0.2582            0.2582           0.1794     0.0164  |       0.1941      0.1988
  12      0.1760        0.9955  |    0.2436/  0.2562/  0.2645            0.2645           0.2231     0.0114  |       0.1982      0.1988
  13      0.1693        0.9858  |    0.1361/  0.1497/  0.1573            0.1573           0.1254     0.0063  |       0.1984      0.1988
  14      0.1759        0.9923  |    0.1043/  0.1178/  0.1251            0.1251           0.0902     0.0067  |       0.1982      0.1988
  15      0.1767        0.9896  |    0.1709/  0.1862/  0.1929            0.1929           0.1559     0.0045  |       0.1985      0.1988
  16      0.1725        0.9972  |    0.1644/  0.1750/  0.1823            0.1823           0.1420     0.0049  |       0.1985      0.1988
  17      0.1715        0.9999  |    0.1544/  0.1724/  0.1808            0.1808           0.1398     0.0045  |       0.1984      0.1988
  18      0.1755        0.9860  |    0.2415/  0.2563/  0.2650            0.2650           0.2223     0.0064  |       0.1987      0.1988
  19      0.1735        0.9780  |    0.1122/  0.1248/  0.1316            0.1316           0.0968     0.0002  |       0.1982      0.1988
  20      0.1734        0.9997  |    0.1123/  0.1250/  0.1314            0.1314           0.0948     0.0058  |       0.1982      0.1988
  21      0.1776        0.9776  |    0.1792/  0.1950/  0.2083            0.2083           0.1545     0.0076  |       0.1986      0.1988
  22      0.1757        0.9877  |    0.1578/  0.1705/  0.1787            0.1787           0.1380     0.0100  |       0.1985      0.1988
  23      0.1734        0.9925  |    0.0931/  0.1100/  0.1164            0.1164           0.0849     0.0117  |       0.1984      0.1988
  24      0.1692        0.9800  |    0.1377/  0.1521/  0.1597            0.1597           0.1192     0.0168  |       0.1987      0.1988
  25      0.1777        0.9936  |    0.2534/  0.2655/  0.2736            0.2736           0.2268     0.0100  |       0.1988      0.1988
  26      0.1698        0.9712  |    0.0243/  0.0445/  0.0542            0.0542           0.0285     0.0105  |       0.1982      0.1988
  27      0.1759        0.9977  |    0.0635/  0.0804/  0.0876            0.0876           0.0597     0.0159  |       0.1982      0.1988
  28      0.1759        1.0000  |    0.0653/  0.0812/  0.0875            0.0875           0.0597     0.0123  |       0.1982      0.1988
  29      0.1566        0.9876  |   -0.0489/ -0.0266/ -0.0080           -0.0080          -0.0438     0.0079  |       0.1980      0.1988
  30      0.1702        0.9909  |    0.0315/  0.0512/  0.0581            0.0581           0.0203     0.0046  |       0.1982      0.1988
  31      0.1794        0.9780  |    0.1975/  0.2115/  0.2222            0.2222           0.1780     0.0063  |       0.1986      0.1988
  32      0.1713        0.9892  |    0.0844/  0.0998/  0.1089            0.1089           0.0655     0.0103  |       0.1984      0.1988
  33      0.1754        0.9851  |    0.2295/  0.2422/  0.2493            0.2493           0.2068     0.0060  |       0.1988      0.1988
  34      0.1781        0.9938  |    0.1879/  0.2004/  0.2088            0.2088           0.1630     0.0114  |       0.1986      0.1988
  35      0.1756        0.9924  |    0.1579/  0.1685/  0.1751            0.1751           0.1373     0.0078  |       0.1986      0.1988
  36      0.1666        0.9803  |    0.0326/  0.0474/  0.0605            0.0605           0.0183     0.0012  |       0.1982      0.1988
  37      0.1735        0.9915  |    0.0838/  0.0968/  0.1028            0.1028           0.0704     0.0026  |       0.1984      0.1988
  38      0.1661        0.9905  |    0.0112/  0.0267/  0.0369            0.0369          -0.0132     0.0038  |       0.1982      0.1988
  39      0.1630        0.9949  |    0.0410/  0.0537/  0.0602            0.0602          -0.0126     0.0056  |       0.1948      0.1988
  40      0.1541        0.9917  |   -0.0068/  0.0046/  0.0114            0.0114          -0.0603     0.0037  |       0.1895      0.1988
  41      0.1687        0.9891  |    0.0947/  0.1092/  0.1158            0.1158           0.0470     0.0047  |       0.1859      0.1988
  42      0.1821        0.9774  |    0.2370/  0.2503/  0.2567            0.2567           0.2141     0.0037  |       0.1818      0.1988
  43      0.1672        0.9728  |    0.0274/  0.0381/  0.0451            0.0451           0.0111     0.0057  |       0.1805      0.1988
  44      0.1723        0.9921  |    0.0196/  0.0308/  0.0375            0.0375           0.0174     0.0044  |       0.1763      0.1988
  45      0.1708        0.9952  |    0.0358/  0.0476/  0.0535            0.0535           0.0277     0.0024  |       0.1720      0.1988
  46      0.1747        0.9972  |    0.0297/  0.0438/  0.0513            0.0513           0.0313     0.0033  |       0.1703      0.1988
  47      0.1637        0.9912  |    0.0577/  0.0710/  0.0786            0.0786           0.0013     0.0059  |       0.1723      0.1988
  48      0.1641        0.9924  |   -0.0434/ -0.0268/ -0.0198           -0.0198          -0.0666     0.0045  |       0.1673      0.1988
  49      0.1667        0.9973  |   -0.0060/  0.0068/  0.0141            0.0141          -0.0264     0.0026  |       0.1628      0.1988
  50      0.1679        0.9976  |    0.0105/  0.0255/  0.0331            0.0331           0.0012     0.0027  |       0.1601      0.1988
  51      0.1855        0.9968  |    0.0321/  0.0492/  0.0576            0.0576           0.0554     0.0041  |       0.1576      0.1988
  52      0.1715        0.9883  |   -0.0013/  0.0225/  0.0324            0.0324          -0.0119     0.0012  |       0.1589      0.1988
  53      0.1732        0.9972  |   -0.0286/ -0.0077/ -0.0013           -0.0013          -0.0332     0.0033  |       0.1581      0.1988
  54      0.1696        0.9969  |   -0.0346/ -0.0158/ -0.0090           -0.0090          -0.0325     0.0034  |       0.1558      0.1988
  55      0.1653        0.9986  |   -0.0572/ -0.0415/ -0.0344           -0.0344          -0.0658     0.0030  |       0.1529      0.1988
  56      0.1810        0.9943  |   -0.0194/ -0.0029/  0.0039            0.0039          -0.0123     0.0042  |       0.1500      0.1988
  57      0.1742        0.9961  |   -0.0266/ -0.0085/ -0.0016           -0.0016          -0.0341     0.0045  |       0.1467      0.1988
  58      0.1704        0.9976  |   -0.0539/ -0.0399/ -0.0331           -0.0331          -0.0755     0.0047  |       0.1424      0.1988
  59      0.1852        0.9939  |    0.0094/  0.0247/  0.0324            0.0324           0.0293     0.0027  |       0.1378      0.1988
  60      0.1983        0.9923  |    0.1273/  0.1543/  0.1807            0.1807           0.1151     0.0048  |       0.1367      0.1988
  61      0.1893        0.9951  |    0.1590/  0.1792/  0.1922            0.1922           0.0631     0.0153  |       0.1407      0.1988
  62      0.1835        0.9958  |    0.1297/  0.1434/  0.1515            0.1515          -0.0111     0.0162  |       0.1543      0.1988
  63      0.1616        0.9912  |    0.0444/  0.0577/  0.0633            0.0633          -0.0512     0.0204  |       0.1691      0.1988
  64      0.1796        0.9839  |    0.1989/  0.2204/  0.2276            0.2276           0.1410     0.0151  |       0.1874      0.1988
  65      0.1799        0.9967  |    0.2179/  0.2410/  0.2481            0.2481           0.1563     0.0173  |       0.1983      0.1988
  66      0.1851        0.9964  |    0.2891/  0.3017/  0.3086            0.3086           0.2356     0.0143  |       0.1991      0.1988
  67      0.1757        0.9899  |    0.2207/  0.2346/  0.2426            0.2426           0.2082     0.0118  |       0.1988      0.1988
  68      0.1755        0.9852  |    0.1672/  0.1764/  0.1825            0.1825           0.1411     0.0091  |       0.1986      0.1988
  69      0.1625        0.9808  |   -0.0001/  0.0167/  0.0308            0.0308          -0.0002     0.0043  |       0.1981      0.1988
  70      0.1701        0.9929  |    0.0361/  0.0499/  0.0583            0.0583           0.0197     0.0031  |       0.1983      0.1988
  71      0.1723        0.9726  |    0.2461/  0.2615/  0.2708            0.2708           0.2197     0.0016  |       0.1988      0.1988
  72      0.1768        0.9858  |    0.1514/  0.1685/  0.1780            0.1780           0.1473     0.0025  |       0.1987      0.1988
  73      0.1691        0.9837  |    0.1958/  0.2141/  0.2219            0.2219           0.1771     0.0058  |       0.1989      0.1988
  74      0.1802        0.9953  |    0.2423/  0.2570/  0.2658            0.2658           0.2139     0.0129  |       0.1991      0.1988
  75      0.1696        0.9929  |    0.2030/  0.2157/  0.2241            0.2241           0.1825     0.0064  |       0.1989      0.1988
  76      0.1693        0.9984  |    0.2117/  0.2264/  0.2332            0.2332           0.1876     0.0029  |       0.1989      0.1988
  77      0.1714        0.9836  |    0.1611/  0.1722/  0.1787            0.1787           0.1402     0.0021  |       0.1986      0.1988
  78      0.1793        0.9893  |    0.1936/  0.2104/  0.2199            0.2199           0.1784     0.0042  |       0.1987      0.1988
  79      0.1761        0.9875  |    0.1677/  0.1810/  0.1884            0.1884           0.1493     0.0066  |       0.1986      0.1988
  80      0.1665        0.9880  |    0.0279/  0.0461/  0.0574            0.0574           0.0186     0.0031  |       0.1983      0.1988
  81      0.1591        0.9942  |    0.0390/  0.0522/  0.0621            0.0621          -0.0307     0.0071  |       0.1981      0.1988
  82      0.1700        0.9883  |    0.0814/  0.0940/  0.1005            0.1005           0.0499     0.0072  |       0.1928      0.1988
  83      0.1785        0.9632  |    0.1692/  0.1850/  0.1992            0.1992           0.1656     0.0054  |       0.1898      0.1988
  84      0.1555        0.9816  |   -0.0065/  0.0064/  0.0147            0.0147          -0.0182     0.0088  |       0.1925      0.1988
  85      0.1794        0.9741  |    0.1590/  0.1723/  0.1791            0.1791           0.1367     0.0046  |       0.1979      0.1988
  86      0.1759        0.9848  |    0.2252/  0.2370/  0.2451            0.2451           0.2047     0.0059  |       0.1988      0.1988
  87      0.1662        0.9698  |    0.0002/  0.0153/  0.0258            0.0258          -0.0113     0.0022  |       0.1983      0.1988
  88      0.1664        0.9996  |    0.0387/  0.0532/  0.0619            0.0619           0.0023     0.0051  |       0.1982      0.1988
  89      0.1734        0.9719  |    0.2120/  0.2256/  0.2326            0.2326           0.1798     0.0032  |       0.1958      0.1988
  90      0.1749        0.9913  |    0.1699/  0.1836/  0.1908            0.1908           0.1573     0.0010  |       0.1932      0.1988
  91      0.1873        0.9943  |    0.2161/  0.2355/  0.2503            0.2503           0.2034     0.0062  |       0.1930      0.1988
  92      0.1779        0.9906  |    0.2195/  0.2367/  0.2447            0.2447           0.2006     0.0042  |       0.1975      0.1988
  93      0.1796        0.9940  |    0.2149/  0.2336/  0.2464            0.2464           0.1766     0.0171  |       0.1991      0.1988
  94      0.1790        0.9870  |    0.2182/  0.2347/  0.2442            0.2442           0.1684     0.0124  |       0.1988      0.1988
  95      0.1730        0.9881  |    0.1624/  0.1748/  0.1817            0.1817           0.1420     0.0140  |       0.1987      0.1988
  96      0.1759        0.9981  |    0.1769/  0.1882/  0.1945            0.1945           0.1470     0.0128  |       0.1987      0.1988
  97      0.1761        0.9949  |    0.1664/  0.1832/  0.1893            0.1893           0.1503     0.0154  |       0.1986      0.1988
  98      0.1701        0.9828  |    0.1507/  0.1635/  0.1720            0.1720           0.1219     0.0121  |       0.1989      0.1988
  99      0.1804        0.9954  |    0.2258/  0.2401/  0.2474            0.2474           0.1791     0.0150  |       0.1988      0.1988
 100      0.1697        0.9765  |    0.0293/  0.0415/  0.0490            0.0490           0.0192     0.0157  |       0.1984      0.1988
 101      0.1663        0.9923  |   -0.0109/  0.0013/  0.0066            0.0066          -0.0131     0.0182  |       0.1983      0.1988
 102      0.1443        0.9786  |   -0.1146/ -0.1009/ -0.0950           -0.0950          -0.1167     0.0161  |       0.1977      0.1988
 103      0.1410        0.9928  |   -0.1303/ -0.1177/ -0.1105           -0.1105          -0.1152     0.0207  |       0.1976      0.1988
 104      0.1492        0.9766  |   -0.1198/ -0.1086/ -0.1025           -0.1025          -0.0912     0.0154  |       0.1971      0.1988
 105      0.1490        0.9985  |   -0.1243/ -0.1123/ -0.1073           -0.1073          -0.0834     0.0155  |       0.1971      0.1988
 106      0.1554        0.9865  |   -0.0665/ -0.0552/ -0.0491           -0.0491          -0.0376     0.0149  |       0.1973      0.1988
 107      0.1467        0.9865  |   -0.1202/ -0.1095/ -0.1028           -0.1028          -0.0828     0.0115  |       0.1971      0.1988
 108      0.1625        0.9830  |   -0.0007/  0.0226/  0.0453            0.0453          -0.0399     0.0031  |       0.1968      0.1988
 109      0.1587        0.9793  |    0.0720/  0.0821/  0.0885            0.0885          -0.0478     0.0056  |       0.1951      0.1988
 110      0.1551        0.9822  |    0.1104/  0.1222/  0.1281            0.1281          -0.0139     0.0072  |       0.1901      0.1988
 111      0.1498        0.9810  |    0.1255/  0.1381/  0.1450            0.1450           0.0035     0.0059  |       0.1835      0.1988
 112      0.1184        0.9670  |   -0.0966/ -0.0864/ -0.0798           -0.0798          -0.1872     0.0073  |       0.1777      0.1988
 113      0.1000        0.9857  |   -0.1368/ -0.1218/ -0.1152           -0.1152          -0.2415     0.0089  |       0.1709      0.1988
 114      0.1544        0.9715  |    0.0421/  0.0591/  0.0666            0.0666          -0.0121     0.0074  |       0.1631      0.1988
 115      0.1740        0.9816  |    0.0856/  0.1017/  0.1072            0.1072           0.0664     0.0068  |       0.1566      0.1988
 116      0.1823        0.9902  |    0.0627/  0.0788/  0.0934            0.0934           0.0670     0.0033  |       0.1507      0.1988
 117      0.1780        0.9851  |    0.0835/  0.1030/  0.1268            0.1268           0.0417     0.0119  |       0.1530      0.1988
 118      0.1726        0.9891  |    0.1521/  0.1736/  0.1838            0.1838           0.0741     0.0160  |       0.1638      0.1988
 119      0.1664        0.9796  |    0.0634/  0.0738/  0.0787            0.0787           0.0685     0.0129  |       0.1789      0.1988
 120      0.1320        0.9689  |   -0.1234/ -0.1076/ -0.0965           -0.0965          -0.1284     0.0189  |       0.1906      0.1988
 121      0.1435        0.9638  |   -0.1614/ -0.1467/ -0.1403           -0.1403          -0.1438     0.0183  |       0.1962      0.1988
 122      0.1502        0.9910  |   -0.1216/ -0.1111/ -0.1053           -0.1053          -0.0963     0.0180  |       0.1968      0.1988
 123      0.1600        0.9840  |   -0.0371/ -0.0240/ -0.0174           -0.0174          -0.0109     0.0129  |       0.1966      0.1988
 124      0.1628        0.9931  |   -0.0281/ -0.0086/  0.0132            0.0132          -0.0448     0.0010  |       0.1966      0.1988
 125      0.1635        0.9890  |    0.1957/  0.2100/  0.2191            0.2191           0.0813     0.0029  |       0.1961      0.1988
 126      0.1656        0.9951  |    0.2183/  0.2329/  0.2391            0.2391           0.1014     0.0063  |       0.1935      0.1988
 127      0.1333        0.9681  |   -0.0268/ -0.0162/ -0.0094           -0.0094          -0.1480     0.0090  |       0.1879      0.1988
 128      0.1317        0.9826  |   -0.0822/ -0.0704/ -0.0647           -0.0647          -0.1820     0.0093  |       0.1796      0.1988
 129      0.1396        0.9903  |   -0.0238/ -0.0123/ -0.0056           -0.0056          -0.1191     0.0069  |       0.1710      0.1988
 130      0.1667        0.9768  |    0.1444/  0.1580/  0.1655            0.1655           0.1073     0.0044  |       0.1650      0.1988
 131      0.1875        0.9699  |    0.1228/  0.1413/  0.1561            0.1561           0.1290     0.0021  |       0.1641      0.1988
 132      0.1788        0.9945  |    0.0940/  0.1149/  0.1324            0.1324           0.0647     0.0076  |       0.1659      0.1988
 133      0.1702        0.9912  |    0.0897/  0.1118/  0.1253            0.1253           0.0127     0.0201  |       0.1729      0.1988
 134      0.1674        0.9880  |    0.0778/  0.0919/  0.0977            0.0977           0.0625     0.0173  |       0.1910      0.1988
 135      0.1735        0.9785  |    0.1668/  0.1793/  0.1854            0.1854           0.1498     0.0153  |       0.1979      0.1988
 136      0.1651        0.9800  |   -0.0195/ -0.0065/  0.0010            0.0010          -0.0350     0.0171  |       0.1982      0.1988
 137      0.1395        0.9742  |   -0.1456/ -0.1302/ -0.1236           -0.1236          -0.1583     0.0177  |       0.1977      0.1988
 138      0.1386        0.9902  |   -0.1557/ -0.1466/ -0.1401           -0.1401          -0.1689     0.0201  |       0.1974      0.1988
 139      0.1346        0.9993  |   -0.1826/ -0.1673/ -0.1604           -0.1604          -0.1927     0.0177  |       0.1974      0.1988
 140      0.1471        0.9747  |   -0.1088/ -0.0953/ -0.0897           -0.0897          -0.0904     0.0208  |       0.1970      0.1988
 141      0.1601        0.9707  |   -0.0297/ -0.0173/ -0.0089           -0.0089           0.0146     0.0120  |       0.1966      0.1988
 142      0.1405        0.9667  |   -0.2676/ -0.2531/ -0.2369           -0.2369          -0.2441     0.0089  |       0.1961      0.1988
 143      0.0956        0.9566  |   -0.3847/ -0.3738/ -0.3649           -0.3649          -0.3834     0.0026  |       0.1957      0.1988
 144      0.0941        0.9855  |   -0.3325/ -0.3192/ -0.3112           -0.3112          -0.3492     0.0040  |       0.1955      0.1988
 145      0.1217        0.9751  |   -0.1216/ -0.1102/ -0.1029           -0.1029          -0.1997     0.0072  |       0.1923      0.1988
 146      0.1513        0.9710  |   -0.1252/ -0.1134/ -0.1075           -0.1075          -0.1853     0.0072  |       0.1858      0.1988
 147      0.1522        0.9799  |    0.0196/  0.0348/  0.0414            0.0414          -0.0843     0.0064  |       0.1787      0.1988
 148      0.1280        0.9673  |    0.0239/  0.0411/  0.0484            0.0484          -0.0933     0.0048  |       0.1722      0.1988
 149      0.1138        0.9797  |   -0.1271/ -0.1151/ -0.1081           -0.1081          -0.2053     0.0073  |       0.1675      0.1988
 150      0.1309        0.9834  |   -0.0565/ -0.0369/ -0.0294           -0.0294          -0.0901     0.0040  |       0.1608      0.1988
 151      0.1304        0.9931  |   -0.0077/  0.0060/  0.0130            0.0130          -0.0526     0.0025  |       0.1570      0.1988
 152      0.1218        0.9957  |   -0.0435/ -0.0329/ -0.0265           -0.0265          -0.1112     0.0040  |       0.1545      0.1988
 153      0.1289        0.9880  |    0.0139/  0.0257/  0.0323            0.0323          -0.0264     0.0038  |       0.1507      0.1988
 154      0.1453        0.9853  |    0.0579/  0.0802/  0.0870            0.0870           0.0141     0.0035  |       0.1479      0.1988
 155      0.1567        0.9899  |    0.0321/  0.0515/  0.0602            0.0602           0.0066     0.0011  |       0.1452      0.1988
 156      0.1654        0.9928  |    0.1235/  0.1391/  0.1466            0.1466           0.0995     0.0009  |       0.1451      0.1988
 157      0.1617        0.9921  |    0.0984/  0.1143/  0.1270            0.1270           0.0663     0.0069  |       0.1450      0.1988
 158      0.1704        0.9825  |    0.1101/  0.1246/  0.1392            0.1392           0.0678     0.0145  |       0.1511      0.1988
 159      0.1256        0.9666  |   -0.1763/ -0.1629/ -0.1517           -0.1517          -0.1834     0.0193  |       0.1639      0.1988
 160      0.1071        0.9725  |   -0.2153/ -0.2021/ -0.1959           -0.1959          -0.2146     0.0226  |       0.1823      0.1988
 161      0.1515        0.9642  |   -0.0443/ -0.0312/ -0.0241           -0.0241          -0.0055     0.0155  |       0.1952      0.1988
 162      0.1378        0.9858  |   -0.1773/ -0.1645/ -0.1574           -0.1574          -0.1634     0.0168  |       0.1962      0.1988
 163      0.1140        0.9683  |   -0.3555/ -0.3460/ -0.3392           -0.3392          -0.3531     0.0185  |       0.1961      0.1988
 164      0.1477        0.9473  |   -0.2063/ -0.1954/ -0.1896           -0.1896          -0.2288     0.0174  |       0.1959      0.1988
 165      0.1342        0.9878  |   -0.2482/ -0.2341/ -0.2277           -0.2277          -0.2755     0.0194  |       0.1959      0.1988
 166      0.1304        0.9735  |   -0.2870/ -0.2745/ -0.2689           -0.2689          -0.3163     0.0200  |       0.1957      0.1988
 167      0.1107        0.9681  |   -0.3319/ -0.3228/ -0.3170           -0.3170          -0.3117     0.0154  |       0.1954      0.1988
 168      0.1031        0.9906  |   -0.3794/ -0.3618/ -0.3557           -0.3557          -0.3584     0.0132  |       0.1955      0.1988
 169      0.0506        0.9795  |   -0.4412/ -0.4290/ -0.4229           -0.4229          -0.4191     0.0107  |       0.1955      0.1988
 170      0.1061        0.9784  |   -0.3612/ -0.3465/ -0.3350           -0.3350          -0.3535     0.0046  |       0.1955      0.1988
 171      0.0796        0.9705  |   -0.3126/ -0.2952/ -0.2821           -0.2821          -0.3511     0.0033  |       0.1954      0.1988
 172      0.0895        0.9795  |   -0.2438/ -0.2311/ -0.2249           -0.2249          -0.3037     0.0073  |       0.1926      0.1988
 173      0.1252        0.9573  |   -0.2470/ -0.2322/ -0.2249           -0.2249          -0.2679     0.0071  |       0.1860      0.1988
 174      0.1287        0.9794  |   -0.0837/ -0.0712/ -0.0632           -0.0632          -0.1974     0.0073  |       0.1789      0.1988
 175      0.1159        0.9732  |   -0.0273/ -0.0147/ -0.0079           -0.0079          -0.1410     0.0068  |       0.1717      0.1988
 176      0.1134        0.9830  |   -0.0796/ -0.0623/ -0.0560           -0.0560          -0.1495     0.0059  |       0.1650      0.1988
 177      0.1400        0.9835  |    0.0609/  0.0766/  0.0849            0.0849          -0.0050     0.0044  |       0.1590      0.1988
 178      0.1373        0.9893  |    0.0943/  0.1119/  0.1192            0.1192           0.0600     0.0017  |       0.1545      0.1988
 179      0.1356        0.9978  |    0.0811/  0.0951/  0.1033            0.1033           0.0359     0.0026  |       0.1526      0.1988
 180      0.1198        0.9922  |    0.0132/  0.0272/  0.0356            0.0356          -0.0467     0.0045  |       0.1507      0.1988
 181      0.1451        0.9801  |    0.1209/  0.1396/  0.1461            0.1461           0.1029     0.0029  |       0.1467      0.1988
 182      0.1457        0.9820  |    0.2218/  0.2346/  0.2423            0.2423           0.1687     0.0033  |       0.1443      0.1988
 183      0.1549        0.9916  |    0.1737/  0.1925/  0.2006            0.2006           0.1496     0.0018  |       0.1413      0.1988
 184      0.1506        0.9926  |    0.1642/  0.1781/  0.1855            0.1855           0.1347     0.0030  |       0.1414      0.1988
 185      0.1458        0.9907  |    0.1558/  0.1686/  0.1751            0.1751           0.1238     0.0016  |       0.1442      0.1988
 186      0.1490        0.9928  |    0.1759/  0.1861/  0.1930            0.1930           0.1375     0.0035  |       0.1457      0.1988
 187      0.1430        0.9879  |    0.0651/  0.0798/  0.0879            0.0879           0.0218     0.0027  |       0.1440      0.1988
 188      0.1551        0.9913  |    0.1136/  0.1318/  0.1395            0.1395           0.0925     0.0017  |       0.1421      0.1988
 189      0.1526        0.9922  |    0.0697/  0.0851/  0.0917            0.0917           0.0424     0.0021  |       0.1431      0.1988
 190      0.1587        0.9878  |    0.0556/  0.0702/  0.0779            0.0779           0.0259     0.0077  |       0.1446      0.1988
 191      0.1484        0.9904  |    0.0281/  0.0413/  0.0511            0.0511           0.0024     0.0029  |       0.1517      0.1988
 192      0.1356        0.9925  |   -0.0744/ -0.0577/ -0.0442           -0.0442          -0.1116     0.0032  |       0.1549      0.1988
 193      0.1196        0.9829  |   -0.0612/ -0.0508/ -0.0451           -0.0451          -0.1445     0.0045  |       0.1541      0.1988
 194      0.1286        0.9889  |    0.0413/  0.0541/  0.0611            0.0611          -0.0066     0.0029  |       0.1501      0.1988
 195      0.1467        0.9906  |    0.0784/  0.0999/  0.1076            0.1076           0.0457     0.0010  |       0.1480      0.1988
 196      0.1446        0.9952  |    0.0391/  0.0551/  0.0622            0.0622           0.0010     0.0017  |       0.1472      0.1988
 197      0.1526        0.9935  |    0.0555/  0.0668/  0.0746            0.0746           0.0275     0.0022  |       0.1460      0.1988
 198      0.1613        0.9938  |    0.1159/  0.1297/  0.1366            0.1366           0.0880     0.0033  |       0.1451      0.1988
 199      0.1629        0.9946  |    0.1120/  0.1326/  0.1403            0.1403           0.0856     0.0048  |       0.1477      0.1988
 200      0.1582        0.9891  |    0.0483/  0.0623/  0.0723            0.0723           0.0319     0.0054  |       0.1522      0.1988
 201      0.1551        0.9752  |    0.0324/  0.0476/  0.0546            0.0546           0.0119     0.0140  |       0.1560      0.1988
 202      0.1209        0.9729  |   -0.1747/ -0.1565/ -0.1388           -0.1388          -0.1827     0.0034  |       0.1687      0.1988
 203      0.1089        0.9891  |   -0.1322/ -0.1187/ -0.1100           -0.1100          -0.2304     0.0084  |       0.1723      0.1988
 204      0.1284        0.9836  |   -0.0533/ -0.0430/ -0.0366           -0.0366          -0.1406     0.0092  |       0.1664      0.1988
 205      0.1671        0.9765  |    0.1078/  0.1244/  0.1317            0.1317           0.0941     0.0013  |       0.1576      0.1988
 206      0.1751        0.9877  |    0.1291/  0.1441/  0.1514            0.1514           0.1090     0.0020  |       0.1559      0.1988
 207      0.1762        0.9956  |    0.0869/  0.0985/  0.1046            0.1046           0.0753     0.0012  |       0.1542      0.1988
 208      0.1734        0.9959  |    0.1019/  0.1188/  0.1252            0.1252           0.0989     0.0012  |       0.1540      0.1988
 209      0.1724        0.9943  |    0.0991/  0.1227/  0.1299            0.1299           0.0901     0.0043  |       0.1548      0.1988
 210      0.1737        0.9877  |   -0.0096/  0.0070/  0.0145            0.0145          -0.0099     0.0035  |       0.1537      0.1988
 211      0.1711        0.9958  |    0.0155/  0.0357/  0.0489            0.0489           0.0002     0.0057  |       0.1567      0.1988
 212      0.1705        0.9907  |    0.1139/  0.1349/  0.1496            0.1496           0.0457     0.0136  |       0.1621      0.1988
 213      0.1736        0.9853  |    0.1543/  0.1690/  0.1759            0.1759           0.1307     0.0148  |       0.1748      0.1988
 214      0.1804        0.9831  |    0.1978/  0.2175/  0.2236            0.2236           0.1797     0.0124  |       0.1892      0.1988
 215      0.1691        0.9826  |    0.0086/  0.0193/  0.0270            0.0270          -0.0024     0.0110  |       0.1974      0.1988
 216      0.1771        0.9826  |    0.2014/  0.2128/  0.2189            0.2189           0.1721     0.0114  |       0.1986      0.1988
 217      0.1755        0.9984  |    0.1569/  0.1753/  0.1821            0.1821           0.1380     0.0149  |       0.1987      0.1988
 218      0.1790        0.9894  |    0.2234/  0.2393/  0.2483            0.2483           0.1687     0.0170  |       0.1988      0.1988
 219      0.1752        0.9810  |    0.1100/  0.1252/  0.1310            0.1310           0.0856     0.0162  |       0.1985      0.1988
 220      0.1724        0.9975  |    0.0879/  0.0998/  0.1052            0.1052           0.0768     0.0139  |       0.1985      0.1988
 221      0.1733        0.9995  |    0.0982/  0.1129/  0.1187            0.1187           0.0917     0.0100  |       0.1986      0.1988
 222      0.1755        0.9782  |    0.2429/  0.2588/  0.2664            0.2664           0.2237     0.0126  |       0.1990      0.1988
 223      0.1801        0.9925  |    0.2161/  0.2298/  0.2378            0.2378           0.1852     0.0124  |       0.1989      0.1988
 224      0.1799        0.9979  |    0.2217/  0.2371/  0.2453            0.2453           0.1738     0.0167  |       0.1988      0.1988
 225      0.1704        0.9953  |    0.1544/  0.1678/  0.1748            0.1748           0.1227     0.0150  |       0.1989      0.1988
 226      0.1716        0.9801  |    0.0918/  0.1032/  0.1093            0.1093           0.0836     0.0112  |       0.1986      0.1988
 227      0.1546        0.9791  |   -0.0700/ -0.0555/ -0.0428           -0.0428          -0.0578     0.0084  |       0.1980      0.1988
 228      0.1583        0.9922  |   -0.0145/  0.0067/  0.0221            0.0221          -0.0384     0.0028  |       0.1982      0.1988
 229      0.1611        0.9963  |    0.0297/  0.0409/  0.0475            0.0475          -0.0204     0.0016  |       0.1958      0.1988
 230      0.1555        0.9949  |   -0.0032/  0.0109/  0.0189            0.0189          -0.0617     0.0063  |       0.1941      0.1988
 231      0.1770        0.9638  |    0.1731/  0.1847/  0.1928            0.1928           0.1558     0.0048  |       0.1899      0.1988
 232      0.1569        0.9750  |   -0.0294/ -0.0086/ -0.0014           -0.0014          -0.0558     0.0023  |       0.1858      0.1988
 233      0.1642        0.9946  |    0.0238/  0.0358/  0.0414            0.0414           0.0055     0.0060  |       0.1835      0.1988
 234      0.1634        0.9925  |    0.0425/  0.0557/  0.0636            0.0636           0.0139     0.0027  |       0.1789      0.1988
 235      0.1713        0.9956  |    0.0939/  0.1097/  0.1169            0.1169           0.0714     0.0054  |       0.1764      0.1988
 236      0.1604        0.9928  |   -0.0137/ -0.0008/  0.0071            0.0071          -0.0574     0.0034  |       0.1713      0.1988
 237      0.1626        0.9954  |   -0.0400/ -0.0226/ -0.0152           -0.0152          -0.0625     0.0030  |       0.1678      0.1988
 238      0.1784        0.9966  |    0.0239/  0.0411/  0.0480            0.0480           0.0327     0.0036  |       0.1647      0.1988
 239      0.1728        0.9951  |    0.0039/  0.0167/  0.0238            0.0238          -0.0187     0.0027  |       0.1619      0.1988
 240      0.1720        0.9959  |    0.0101/  0.0228/  0.0291            0.0291          -0.0189     0.0028  |       0.1602      0.1988
 241      0.1834        0.9945  |    0.0257/  0.0406/  0.0491            0.0491           0.0367     0.0024  |       0.1580      0.1988
 242      0.1741        0.9951  |   -0.0107/  0.0135/  0.0208            0.0208          -0.0110     0.0034  |       0.1587      0.1988
 243      0.1852        0.9950  |    0.0378/  0.0534/  0.0602            0.0602           0.0472     0.0007  |       0.1562      0.1988
 244      0.1818        0.9989  |    0.0263/  0.0393/  0.0472            0.0472           0.0309     0.0005  |       0.1554      0.1988
 245      0.1790        0.9980  |   -0.0000/  0.0104/  0.0191            0.0191          -0.0026     0.0024  |       0.1549      0.1988
 246      0.1842        0.9961  |    0.0180/  0.0340/  0.0409            0.0409           0.0333     0.0010  |       0.1554      0.1988
 247      0.1829        0.9985  |    0.0272/  0.0408/  0.0470            0.0470           0.0358     0.0028  |       0.1546      0.1988
 248      0.1880        0.9980  |    0.0575/  0.0712/  0.0903            0.0903           0.0594     0.0029  |       0.1523      0.1988
 249      0.1737        0.9962  |    0.0396/  0.0726/  0.0997            0.0997          -0.0057     0.0178  |       0.1546      0.1988
 250      0.1751        0.9916  |    0.1543/  0.1738/  0.1816            0.1816           0.0695     0.0135  |       0.1701      0.1988
 251      0.1785        0.9918  |    0.1873/  0.2001/  0.2068            0.2068           0.1395     0.0146  |       0.1816      0.1988
 252      0.1772        0.9687  |    0.1308/  0.1467/  0.1591            0.1591           0.1436     0.0101  |       0.1934      0.1988
 253      0.1603        0.9820  |   -0.0033/  0.0103/  0.0237            0.0237          -0.0123     0.0041  |       0.1975      0.1988
 254      0.1567        0.9921  |    0.0071/  0.0235/  0.0357            0.0357          -0.0257     0.0048  |       0.1978      0.1988
 255      0.1443        0.9928  |   -0.0391/ -0.0265/ -0.0205           -0.0205          -0.1120     0.0047  |       0.1938      0.1988
 256      0.1573        0.9935  |   -0.0155/ -0.0021/  0.0050            0.0050          -0.0714     0.0059  |       0.1894      0.1988
 257      0.1555        0.9921  |    0.0687/  0.0856/  0.0925            0.0925           0.0140     0.0058  |       0.1838      0.1988
 258      0.1636        0.9896  |    0.1045/  0.1231/  0.1300            0.1300           0.0636     0.0033  |       0.1783      0.1988
 259      0.1565        0.9934  |    0.1182/  0.1316/  0.1384            0.1384           0.0275     0.0054  |       0.1749      0.1988
 260      0.1739        0.9847  |    0.1806/  0.1918/  0.1989            0.1989           0.1411     0.0020  |       0.1705      0.1988
 261      0.1884        0.9913  |    0.2008/  0.2177/  0.2301            0.2301           0.1932     0.0051  |       0.1682      0.1988
 262      0.1710        0.9909  |    0.1496/  0.1607/  0.1685            0.1685           0.1265     0.0049  |       0.1725      0.1988
 263      0.1718        0.9916  |    0.1238/  0.1358/  0.1469            0.1469           0.1037     0.0015  |       0.1773      0.1988
 264      0.1773        0.9984  |    0.1864/  0.2032/  0.2116            0.2116           0.1598     0.0035  |       0.1764      0.1988
 265      0.1699        0.9791  |    0.1808/  0.1965/  0.2034            0.2034           0.1334     0.0027  |       0.1756      0.1988
 266      0.1736        0.9887  |    0.1896/  0.2037/  0.2107            0.2107           0.1355     0.0051  |       0.1751      0.1988
 267      0.1733        0.9942  |    0.1687/  0.1821/  0.1894            0.1894           0.1332     0.0041  |       0.1705      0.1988
 268      0.1797        0.9898  |    0.0849/  0.1002/  0.1083            0.1083           0.0828     0.0032  |       0.1671      0.1988
 269      0.1764        0.9942  |    0.0678/  0.0851/  0.1004            0.1004           0.0523     0.0070  |       0.1695      0.1988
 270      0.1656        0.9911  |    0.0165/  0.0352/  0.0515            0.0515          -0.0001     0.0137  |       0.1760      0.1988
 271      0.1570        0.9930  |    0.0094/  0.0234/  0.0350            0.0350          -0.0116     0.0168  |       0.1881      0.1988
 272      0.1590        0.9741  |   -0.0513/ -0.0354/ -0.0286           -0.0286          -0.0448     0.0159  |       0.1970      0.1988
 273      0.1618        0.9974  |   -0.0361/ -0.0252/ -0.0174           -0.0174          -0.0203     0.0107  |       0.1980      0.1988
 274      0.1759        0.9777  |    0.1260/  0.1511/  0.1628            0.1628           0.1023     0.0141  |       0.1986      0.1988
 275      0.1720        0.9842  |    0.2328/  0.2480/  0.2559            0.2559           0.2136     0.0119  |       0.1990      0.1988
 276      0.1771        0.9854  |    0.1686/  0.1835/  0.1900            0.1900           0.1514     0.0099  |       0.1988      0.1988
 277      0.1701        0.9839  |    0.0395/  0.0511/  0.0599            0.0599           0.0257     0.0045  |       0.1984      0.1988
 278      0.1669        0.9928  |    0.0324/  0.0449/  0.0584            0.0584           0.0091     0.0012  |       0.1982      0.1988
 279      0.1725        0.9971  |    0.0423/  0.0555/  0.0639            0.0639           0.0081     0.0037  |       0.1983      0.1988
 280      0.1786        0.9917  |    0.0875/  0.0987/  0.1057            0.1057           0.0677     0.0020  |       0.1954      0.1988
 281      0.1759        0.9820  |    0.1438/  0.1612/  0.1694            0.1694           0.1399     0.0026  |       0.1953      0.1988
 282      0.1820        0.9855  |    0.2477/  0.2637/  0.2764            0.2764           0.2266     0.0050  |       0.1957      0.1988
 283      0.1846        0.9977  |    0.2907/  0.3060/  0.3203            0.3203           0.2410     0.0116  |       0.1989      0.1988
 284      0.1760        0.9671  |    0.0950/  0.1093/  0.1168            0.1168           0.0880     0.0114  |       0.1985      0.1988
 285      0.1696        0.9784  |    0.2029/  0.2170/  0.2274            0.2274           0.1833     0.0115  |       0.1989      0.1988
 286      0.1758        0.9846  |    0.1596/  0.1695/  0.1781            0.1781           0.1362     0.0069  |       0.1987      0.1988
 287      0.1719        0.9934  |    0.0913/  0.1069/  0.1144            0.1144           0.0778     0.0060  |       0.1986      0.1988
 288      0.1757        0.9804  |    0.2341/  0.2560/  0.2650            0.2650           0.2188     0.0096  |       0.1990      0.1988
 289      0.1713        0.9751  |    0.0580/  0.0744/  0.0829            0.0829           0.0467     0.0044  |       0.1985      0.1988
 290      0.1728        0.9895  |    0.1571/  0.1711/  0.1787            0.1787           0.1379     0.0072  |       0.1987      0.1988
 291      0.1649        0.9815  |    0.0304/  0.0469/  0.0635            0.0635           0.0007     0.0023  |       0.1983      0.1988
 292      0.1686        0.9915  |    0.0954/  0.1092/  0.1162            0.1162           0.0558     0.0019  |       0.1974      0.1988
 293      0.1642        0.9948  |    0.0742/  0.0861/  0.0923            0.0923           0.0431     0.0032  |       0.1957      0.1988
 294      0.1576        0.9842  |    0.0649/  0.0771/  0.0845            0.0845           0.0223     0.0057  |       0.1935      0.1988
 295      0.1780        0.9860  |    0.1493/  0.1678/  0.1827            0.1827           0.1557     0.0012  |       0.1898      0.1988
 296      0.1779        0.9943  |    0.1629/  0.1802/  0.1914            0.1914           0.1473     0.0045  |       0.1893      0.1988
 297      0.1662        0.9918  |    0.0858/  0.1012/  0.1154            0.1154           0.0637     0.0114  |       0.1926      0.1988
 298      0.1755        0.9935  |    0.2232/  0.2376/  0.2450            0.2450           0.2079     0.0090  |       0.1983      0.1988
 299      0.1648        0.9722  |   -0.0584/ -0.0433/ -0.0340           -0.0340          -0.0624     0.0061  |       0.1983      0.1988
IMAGEIO FFMPEG_WRITER WARNING: input image is not divisible by macro_block_size=16, resizing from (320, 180) to (320, 192) to ensure video compatibility with most codecs and players. To prevent resizing, make your input image divisible by the macro_block_size or set the macro_block_size to 1 (risking incompatibility).

Saved 300 frames -> /home/ashwink/Documents/swms/SWM_copy/rollouts_5_per/expert+subopt/epoch1/epoch1_rollout4_failure.mp4
min dist(green_cube,blue_moon) over episode = 0.1988  ->  FAILURE
Full log written to /home/ashwink/Documents/swms/SWM_copy/rollouts_5_per/expert+subopt/epoch1/epoch1_rollout4_20260723_120212.log
Result json -> /home/ashwink/Documents/swms/SWM_copy/rollouts_5_per/expert+subopt/epoch1/epoch1_rollout4_result.json
