Checkpoint dir epoch: 11  Rollout: 4
Logging to /home/ashwink/Documents/swms/SWM_copy/rollouts_5_per/expert-only/epoch11/epoch11_rollout4_20260723_132905.log
Goal (fixed, steps 0-299): the green cube is touching the blue moon. the peg is touching the green cube.

Checkpoint: /home/ashwink/Documents/swms/SWM_copy/training/checkpoints_clip_full_finetuned_wider_hl/epoch_011.pt
  epoch=11  step=10296

Loading CLIP ViT-L/14 (datacomp_xl_s13b_b90k) + fine-tuned clip_state_dict ...
Parsing model identifier. Schema: None, Identifier: ViT-L-14
Loaded built-in ViT-L-14 model config.
Instantiating model architecture: CLIP
Loading full pretrained weights from: /home/ashwink/.cache/huggingface/hub/models--laion--CLIP-ViT-L-14-DataComp.XL-s13B-b90K/snapshots/84c9828e63dc9a9351d1fe637c346d4c1c4db341/open_clip_pytorch_model.bin
Final image preprocessing configuration set: {'size': (224, 224), 'mode': 'RGB', 'mean': (0.48145466, 0.4578275, 0.40821073), 'std': (0.26862954, 0.26130258, 0.27577711), 'interpolation': 'bicubic', 'resize_mode': 'shortest', 'fill_color': 0}
Model ViT-L-14 creation process complete.
Parsing tokenizer identifier. Schema: None, Identifier: ViT-L-14
Attempting to load config from built-in: ViT-L-14
Using default SimpleTokenizer.
z_star shape: torch.Size([768])

Loading action stats from /home/ashwink/full_data_5000/langtable/demos/ ...
  lo=[-0.03372681140899658, -0.03493623435497284]  hi=[0.03496786952018738, 0.03494429588317871]

Initializing LangTable env ...
Loading URDF plane.urdf
Loading URDF /home/ashwink/Documents/swms/.venv/lib/python3.10/site-packages/language_table/environments/utils/../../../language_table/environments/assets/workspace_real.urdf
Loading URDF xarm/xarm6_robot_white.urdf
Loading URDF /home/ashwink/Documents/swms/.venv/lib/python3.10/site-packages/language_table/environments/utils/../../../language_table/environments/assets/suction/cylinder_real.urdf
Loading URDF /home/ashwink/Documents/swms/.venv/lib/python3.10/site-packages/language_table/environments/utils/../../../language_table/environments/assets/blocks/red_moon.urdf
Loading URDF /home/ashwink/Documents/swms/.venv/lib/python3.10/site-packages/language_table/environments/utils/../../../language_table/environments/assets/blocks/red_cube.urdf
Loading URDF /home/ashwink/Documents/swms/.venv/lib/python3.10/site-packages/language_table/environments/utils/../../../language_table/environments/assets/blocks/red_star.urdf
Loading URDF /home/ashwink/Documents/swms/.venv/lib/python3.10/site-packages/language_table/environments/utils/../../../language_table/environments/assets/blocks/red_pentagon.urdf
Loading URDF /home/ashwink/Documents/swms/.venv/lib/python3.10/site-packages/language_table/environments/utils/../../../language_table/environments/assets/blocks/blue_moon.urdf
Loading URDF /home/ashwink/Documents/swms/.venv/lib/python3.10/site-packages/language_table/environments/utils/../../../language_table/environments/assets/blocks/blue_cube.urdf
Loading URDF /home/ashwink/Documents/swms/.venv/lib/python3.10/site-packages/language_table/environments/utils/../../../language_table/environments/assets/blocks/blue_star.urdf
Loading URDF /home/ashwink/Documents/swms/.venv/lib/python3.10/site-packages/language_table/environments/utils/../../../language_table/environments/assets/blocks/blue_pentagon.urdf
Loading URDF /home/ashwink/Documents/swms/.venv/lib/python3.10/site-packages/language_table/environments/utils/../../../language_table/environments/assets/blocks/yellow_moon.urdf
Loading URDF /home/ashwink/Documents/swms/.venv/lib/python3.10/site-packages/language_table/environments/utils/../../../language_table/environments/assets/blocks/yellow_cube.urdf
Loading URDF /home/ashwink/Documents/swms/.venv/lib/python3.10/site-packages/language_table/environments/utils/../../../language_table/environments/assets/blocks/yellow_star.urdf
Loading URDF /home/ashwink/Documents/swms/.venv/lib/python3.10/site-packages/language_table/environments/utils/../../../language_table/environments/assets/blocks/yellow_pentagon.urdf
Loading URDF /home/ashwink/Documents/swms/.venv/lib/python3.10/site-packages/language_table/environments/utils/../../../language_table/environments/assets/blocks/green_moon.urdf
Loading URDF /home/ashwink/Documents/swms/.venv/lib/python3.10/site-packages/language_table/environments/utils/../../../language_table/environments/assets/blocks/green_cube.urdf
Loading URDF /home/ashwink/Documents/swms/.venv/lib/python3.10/site-packages/language_table/environments/utils/../../../language_table/environments/assets/blocks/green_star.urdf
Loading URDF /home/ashwink/Documents/swms/.venv/lib/python3.10/site-packages/language_table/environments/utils/../../../language_table/environments/assets/blocks/green_pentagon.urdf
Loading URDF /home/ashwink/Documents/swms/.venv/lib/python3.10/site-packages/language_table/environments/utils/../../../language_table/environments/assets/blocks/purple_moon.urdf
Loading URDF /home/ashwink/Documents/swms/.venv/lib/python3.10/site-packages/language_table/environments/utils/../../../language_table/environments/assets/blocks/purple_cube.urdf
Loading URDF /home/ashwink/Documents/swms/.venv/lib/python3.10/site-packages/language_table/environments/utils/../../../language_table/environments/assets/blocks/purple_star.urdf
Loading URDF /home/ashwink/Documents/swms/.venv/lib/python3.10/site-packages/language_table/environments/utils/../../../language_table/environments/assets/blocks/purple_pentagon.urdf
Env ready.

Forced peg start: [0.42843915 0.24419614]  (green_cube=[0.40339102 0.18967466], blue_moon=[0.32039625 0.00902261])
  dist(peg,green_cube)=0.0600  dist(peg,blue_moon)=0.2588  dist(green_cube,blue_moon)=0.1988

step  cos(zt,z*)  cos(zt,zt-1)  |   cos(predK,z*) min/mean/max  cos(pred_sel,z*)   cos(zpred0,z*)  ||a_raw||  |  dist(peg,A)   dist(A,B)
-------------------------------------------------------------------------------------------------------------------------------------------------------------------------------
   0      0.1303           nan  |    0.5640/  0.7343/  0.7536            0.7536           0.6692     0.0298  |       0.0587      0.1988
   1      0.1299        0.9753  |    0.7045/  0.7260/  0.7373            0.7373           0.6693     0.0162  |       0.0716      0.1988
   2      0.1328        0.9845  |    0.6382/  0.7167/  0.7297            0.7297           0.6688     0.0064  |       0.0648      0.1988
   3      0.1311        0.9904  |    0.7213/  0.7424/  0.7522            0.7522           0.6727     0.0163  |       0.0701      0.1988
   4      0.1319        0.9883  |    0.7031/  0.7218/  0.7357            0.7357           0.6692     0.0174  |       0.0727      0.1988
   5      0.1333        0.9917  |    0.6887/  0.7272/  0.7398            0.7398           0.6628     0.0135  |       0.0800      0.1988
   6      0.1330        0.9895  |    0.7092/  0.7360/  0.7477            0.7477           0.6652     0.0075  |       0.0755      0.1988
   7      0.1319        0.9930  |    0.7035/  0.7222/  0.7353            0.7353           0.6596     0.0045  |       0.0781      0.1988
   8      0.1327        0.9969  |    0.6955/  0.7205/  0.7331            0.7331           0.6514     0.0031  |       0.0799      0.1988
   9      0.1281        0.9938  |    0.6537/  0.6848/  0.7004            0.7004           0.6240     0.0046  |       0.0807      0.1988
  10      0.1317        0.9670  |    0.6948/  0.7399/  0.7495            0.7495           0.6733     0.0111  |       0.0765      0.1988
  11      0.1343        0.9828  |    0.6857/  0.7347/  0.7458            0.7458           0.6758     0.0055  |       0.0712      0.1988
  12      0.1327        0.9961  |    0.7154/  0.7305/  0.7405            0.7405           0.6703     0.0080  |       0.0704      0.1988
  13      0.1352        0.9878  |    0.7000/  0.7274/  0.7436            0.7436           0.6705     0.0069  |       0.0720      0.1988
  14      0.1346        0.9885  |    0.7044/  0.7307/  0.7408            0.7408           0.6695     0.0110  |       0.0678      0.1988
  15      0.1301        0.9924  |    0.6330/  0.7232/  0.7438            0.7438           0.6684     0.0069  |       0.0628      0.1988
  16      0.1314        0.9960  |    0.7015/  0.7345/  0.7469            0.7469           0.6712     0.0065  |       0.0609      0.1988
  17      0.1279        0.9891  |    0.6839/  0.7415/  0.7545            0.7545           0.6739     0.0057  |       0.0588      0.1988
  18      0.1370        0.9883  |    0.6556/  0.7225/  0.7400            0.7400           0.6627     0.0031  |       0.0543      0.1988
  19      0.1294        0.9946  |    0.7097/  0.7352/  0.7460            0.7460           0.6652     0.0159  |       0.0540      0.1988
  20      0.1269        0.9896  |    0.6919/  0.7381/  0.7493            0.7493           0.6658     0.0071  |       0.0482      0.1988
  21      0.1275        0.9962  |    0.7257/  0.7516/  0.7614            0.7614           0.6699     0.0052  |       0.0421      0.1988
  22      0.1270        0.9968  |    0.7205/  0.7412/  0.7519            0.7519           0.6672     0.0031  |       0.0429      0.1988
  23      0.1351        0.9879  |    0.7143/  0.7485/  0.7591            0.7591           0.6677     0.0055  |       0.0408      0.1987
  24      0.1312        0.9946  |    0.7310/  0.7470/  0.7582            0.7582           0.6684     0.0053  |       0.0417      0.1987
  25      0.1326        0.9957  |    0.7087/  0.7350/  0.7502            0.7502           0.6644     0.0027  |       0.0445      0.1987
  26      0.1315        0.9978  |    0.7118/  0.7341/  0.7458            0.7458           0.6619     0.0046  |       0.0424      0.1987
  27      0.1311        0.9852  |    0.7187/  0.7437/  0.7569            0.7569           0.6689     0.0062  |       0.0414      0.1987
  28      0.1332        0.9951  |    0.7240/  0.7437/  0.7543            0.7543           0.6721     0.0090  |       0.0362      0.1987
  29      0.1378        0.8899  |    0.6434/  0.6616/  0.6762            0.6762           0.6049     0.0203  |       0.0353      0.1926
  30      0.1234        0.9547  |    0.6539/  0.6865/  0.6978            0.6978           0.6451     0.0076  |       0.0528      0.1926
  31      0.1216        0.9936  |    0.6722/  0.6943/  0.7035            0.7035           0.6536     0.0119  |       0.0579      0.1926
  32      0.1205        0.9946  |    0.6688/  0.6913/  0.6998            0.6998           0.6566     0.0079  |       0.0594      0.1926
  33      0.1211        0.9964  |    0.6675/  0.6957/  0.7072            0.7072           0.6516     0.0041  |       0.0664      0.1926
  34      0.1154        0.9948  |    0.6541/  0.6743/  0.6848            0.6848           0.6268     0.0105  |       0.0671      0.1926
  35      0.1224        0.9919  |    0.6753/  0.6956/  0.7036            0.7036           0.6536     0.0072  |       0.0676      0.1926
  36      0.1249        0.9943  |    0.6819/  0.7068/  0.7176            0.7176           0.6550     0.0076  |       0.0698      0.1926
  37      0.1203        0.9969  |    0.6857/  0.7059/  0.7154            0.7154           0.6574     0.0094  |       0.0674      0.1926
  38      0.1257        0.9946  |    0.6667/  0.7010/  0.7109            0.7109           0.6571     0.0088  |       0.0672      0.1926
  39      0.1241        0.9934  |    0.6764/  0.6951/  0.7088            0.7088           0.6527     0.0078  |       0.0739      0.1926
  40      0.1150        0.9890  |    0.6641/  0.6842/  0.6939            0.6939           0.6228     0.0066  |       0.0794      0.1926
  41      0.1168        0.9972  |    0.6604/  0.6801/  0.6910            0.6910           0.6270     0.0067  |       0.0770      0.1926
  42      0.1155        0.9943  |    0.6532/  0.6870/  0.6971            0.6971           0.6421     0.0118  |       0.0770      0.1926
  43      0.1072        0.9718  |    0.6279/  0.6585/  0.6695            0.6695           0.5892     0.0050  |       0.0874      0.1926
  44      0.0846        0.9847  |    0.4685/  0.4895/  0.5016            0.5016           0.2294     0.0143  |       0.0907      0.1926
  45      0.1196        0.9686  |    0.6267/  0.6526/  0.6621            0.6621           0.6164     0.0169  |       0.0900      0.1926
  46      0.1103        0.9884  |    0.6087/  0.6381/  0.6483            0.6483           0.5618     0.0110  |       0.1011      0.1926
  47      0.0832        0.9600  |    0.4629/  0.4962/  0.5089            0.5089           0.1602     0.0125  |       0.1118      0.1926
  48      0.0868        0.9912  |    0.4784/  0.5129/  0.5243            0.5243           0.2516     0.0124  |       0.1169      0.1926
  49      0.0832        0.9912  |    0.4644/  0.4950/  0.5067            0.5067           0.1602     0.0114  |       0.1266      0.1926
  50      0.0829        0.9991  |    0.4496/  0.4813/  0.4940            0.4940           0.1025     0.0166  |       0.1348      0.1926
  51      0.0642        0.9931  |    0.2851/  0.3169/  0.3311            0.3311          -0.1145     0.0176  |       0.1462      0.1926
  52      0.1189        0.9526  |    0.6114/  0.6443/  0.6546            0.6546           0.5645     0.0140  |       0.1584      0.1926
  53      0.1000        0.9847  |    0.5446/  0.5698/  0.5840            0.5840           0.3521     0.0109  |       0.1691      0.1926
  54      0.1087        0.9709  |    0.5955/  0.6266/  0.6373            0.6373           0.5045     0.0194  |       0.1779      0.1926
  55      0.0641        0.9262  |    0.2902/  0.3286/  0.3443            0.3443          -0.1097     0.0144  |       0.1957      0.1926
  56      0.0640        1.0000  |    0.2993/  0.3258/  0.3404            0.3404          -0.1106     0.0162  |       0.2067      0.1926
  57      0.0641        1.0000  |    0.2907/  0.3199/  0.3330            0.3330          -0.1097     0.0185  |       0.2070      0.1926
  58      0.0891        0.9844  |    0.4952/  0.5274/  0.5404            0.5404           0.1444     0.0172  |       0.2051      0.1926
  59      0.1295        0.9632  |    0.6219/  0.6630/  0.6724            0.6724           0.5447     0.0152  |       0.2049      0.1926
  60      0.0851        0.9598  |    0.5069/  0.5328/  0.5448            0.5448           0.1831     0.0145  |       0.2052      0.1926
  61      0.0680        0.9897  |    0.3423/  0.3766/  0.3876            0.3876          -0.0602     0.0160  |       0.2057      0.1926
  62      0.0701        0.9997  |    0.3632/  0.3956/  0.4103            0.4103          -0.0272     0.0169  |       0.2056      0.1926
  63      0.1209        0.9274  |    0.6235/  0.6494/  0.6609            0.6609           0.5045     0.0130  |       0.2044      0.1926
  64      0.1222        0.9965  |    0.6159/  0.6548/  0.6661            0.6661           0.5177     0.0130  |       0.2042      0.1926
  65      0.0656        0.9207  |    0.3074/  0.3293/  0.3447            0.3447          -0.0998     0.0218  |       0.2058      0.1926
  66      0.0853        0.9857  |    0.4629/  0.4901/  0.5014            0.5014           0.0897     0.0102  |       0.2052      0.1926
  67      0.0934        0.9975  |    0.5578/  0.5818/  0.5932            0.5932           0.3134     0.0131  |       0.2053      0.1926
  68      0.0934        1.0000  |    0.5425/  0.5827/  0.5934            0.5934           0.3134     0.0138  |       0.2054      0.1926
  69      0.0637        0.9833  |    0.3018/  0.3291/  0.3450            0.3450          -0.1103     0.0127  |       0.2060      0.1926
  70      0.0806        0.9912  |    0.4849/  0.5143/  0.5270            0.5270           0.1208     0.0127  |       0.2052      0.1926
  71      0.0926        0.9976  |    0.5055/  0.5499/  0.5626            0.5626           0.2103     0.0193  |       0.2051      0.1926
  72      0.1176        0.9731  |    0.5947/  0.6233/  0.6359            0.6359           0.4215     0.0144  |       0.2047      0.1926
  73      0.0851        0.9698  |    0.4758/  0.5044/  0.5155            0.5155           0.0946     0.0125  |       0.2052      0.1926
  74      0.1176        0.9698  |    0.5953/  0.6197/  0.6314            0.6314           0.4215     0.0138  |       0.2046      0.1926
  75      0.0639        0.9412  |    0.3049/  0.3390/  0.3511            0.3511          -0.1057     0.0157  |       0.2064      0.1926
  76      0.1395        0.8441  |    0.6885/  0.7014/  0.7103            0.7103           0.6656     0.0170  |       0.2038      0.1926
  77      0.1303        0.9644  |    0.6898/  0.7032/  0.7127            0.7127           0.6698     0.0193  |       0.2027      0.1926
  78      0.0986        0.9042  |    0.5657/  0.5855/  0.5987            0.5987           0.3845     0.0098  |       0.2054      0.1926
  79      0.0639        0.9799  |    0.2806/  0.3109/  0.3278            0.3278          -0.1057     0.0123  |       0.2071      0.1926
  80      0.0700        0.9979  |    0.3643/  0.3950/  0.4105            0.4105          -0.0217     0.0107  |       0.2058      0.1926
  81      0.1223        0.9269  |    0.6238/  0.6527/  0.6638            0.6638           0.5328     0.0168  |       0.2045      0.1926
  82      0.1114        0.9819  |    0.5629/  0.6074/  0.6217            0.6217           0.3282     0.0190  |       0.2046      0.1926
  83      0.0975        0.9783  |    0.5665/  0.5877/  0.5994            0.5994           0.3637     0.0116  |       0.2055      0.1926
  84      0.0639        0.9807  |    0.3117/  0.3399/  0.3529            0.3529          -0.1057     0.0137  |       0.2070      0.1926
  85      0.0639        1.0000  |    0.3099/  0.3355/  0.3493            0.3493          -0.1057     0.0194  |       0.2062      0.1926
  86      0.1167        0.9268  |    0.6059/  0.6317/  0.6449            0.6449           0.4759     0.0162  |       0.2044      0.1926
  87      0.1176        0.9890  |    0.5861/  0.6128/  0.6245            0.6245           0.4215     0.0152  |       0.2047      0.1926
  88      0.0820        0.9659  |    0.4888/  0.5207/  0.5354            0.5354           0.1387     0.0149  |       0.2053      0.1926
  89      0.0654        0.9907  |    0.3229/  0.3515/  0.3649            0.3649          -0.0959     0.0154  |       0.2059      0.1926
  90      0.1368        0.8656  |    0.6786/  0.6983/  0.7056            0.7056           0.6673     0.0154  |       0.2040      0.1926
  91      0.1176        0.9394  |    0.5948/  0.6274/  0.6367            0.6367           0.4221     0.0102  |       0.2047      0.1926
  92      0.1171        0.9995  |    0.5955/  0.6213/  0.6330            0.6330           0.4147     0.0149  |       0.2047      0.1926
  93      0.0639        0.9447  |    0.2874/  0.3298/  0.3445            0.3445          -0.1050     0.0173  |       0.2068      0.1926
  94      0.0639        1.0000  |    0.2887/  0.3289/  0.3444            0.3444          -0.1050     0.0194  |       0.2070      0.1926
  95      0.1279        0.9210  |    0.5964/  0.6251/  0.6371            0.6371           0.4234     0.0209  |       0.2047      0.1926
  96      0.1324        0.9524  |    0.6863/  0.7063/  0.7141            0.7141           0.6709     0.0136  |       0.2036      0.1926
  97      0.1401        0.9845  |    0.7001/  0.7197/  0.7298            0.7298           0.6713     0.0121  |       0.2037      0.1926
  98      0.0639        0.8465  |    0.2485/  0.2781/  0.2975            0.2975          -0.1050     0.0078  |       0.2061      0.1926
  99      0.0665        0.9994  |    0.3088/  0.3409/  0.3626            0.3626          -0.0772     0.0151  |       0.2059      0.1926
 100      0.1317        0.8635  |    0.6830/  0.6982/  0.7067            0.7067           0.6779     0.0093  |       0.2028      0.1926
 101      0.1325        0.9895  |    0.6852/  0.7022/  0.7100            0.7100           0.6719     0.0169  |       0.2035      0.1926
 102      0.0792        0.8871  |    0.4656/  0.4722/  0.4786            0.4786           0.1123     0.0232  |       0.2052      0.1926
 103      0.0931        0.9967  |    0.5280/  0.5585/  0.5747            0.5747           0.3181     0.0099  |       0.2055      0.1926
 104      0.0639        0.9832  |    0.3066/  0.3326/  0.3477            0.3477          -0.1069     0.0051  |       0.2062      0.1926
 105      0.0654        0.9998  |    0.3166/  0.3389/  0.3531            0.3531          -0.0959     0.0170  |       0.2060      0.1926
 106      0.1233        0.9391  |    0.6278/  0.6464/  0.6586            0.6586           0.5261     0.0165  |       0.2049      0.1926
 107      0.1233        0.9828  |    0.6335/  0.6658/  0.6771            0.6771           0.5465     0.0206  |       0.2044      0.1926
 108      0.0678        0.9172  |    0.3397/  0.3737/  0.3880            0.3880          -0.0550     0.0156  |       0.2058      0.1926
 109      0.0932        0.9842  |    0.5512/  0.5775/  0.5911            0.5911           0.3188     0.0110  |       0.2055      0.1926
 110      0.1233        0.9707  |    0.6213/  0.6516/  0.6610            0.6610           0.5212     0.0151  |       0.2048      0.1926
 111      0.0646        0.9392  |    0.3024/  0.3391/  0.3563            0.3563          -0.1046     0.0197  |       0.2060      0.1926
 112      0.1274        0.9152  |    0.6107/  0.6449/  0.6559            0.6559           0.5132     0.0110  |       0.2043      0.1926
 113      0.1363        0.9514  |    0.6695/  0.7103/  0.7206            0.7206           0.6772     0.0193  |       0.2036      0.1926
 114      0.0640        0.8590  |    0.2777/  0.3199/  0.3400            0.3400          -0.1041     0.0177  |       0.2066      0.1926
 115      0.0639        1.0000  |    0.2903/  0.3084/  0.3279            0.3279          -0.1050     0.0176  |       0.2069      0.1926
 116      0.1336        0.9195  |    0.6354/  0.6569/  0.6696            0.6696           0.5639     0.0179  |       0.2047      0.1926
 117      0.0640        0.9195  |    0.3130/  0.3391/  0.3540            0.3540          -0.1041     0.0191  |       0.2065      0.1926
 118      0.0637        0.9999  |    0.3019/  0.3354/  0.3484            0.3484          -0.1105     0.0156  |       0.2061      0.1926
 119      0.1398        0.8519  |    0.6847/  0.7029/  0.7108            0.7108           0.6689     0.0183  |       0.2035      0.1926
 120      0.1354        0.9842  |    0.6603/  0.6896/  0.6984            0.6984           0.6407     0.0228  |       0.2041      0.1926
 121      0.1277        0.9705  |    0.6267/  0.6558/  0.6675            0.6675           0.5629     0.0113  |       0.2051      0.1926
 122      0.0640        0.9389  |    0.3164/  0.3389/  0.3501            0.3501          -0.1041     0.0158  |       0.2082      0.1926
 123      0.0639        1.0000  |    0.3035/  0.3305/  0.3471            0.3471          -0.1050     0.0147  |       0.2068      0.1926
 124      0.1318        0.9293  |    0.6338/  0.6574/  0.6687            0.6687           0.5673     0.0172  |       0.2052      0.1926
 125      0.0640        0.9293  |    0.3032/  0.3316/  0.3461            0.3461          -0.1041     0.0194  |       0.2069      0.1926
 126      0.0985        0.9799  |    0.5666/  0.5909/  0.6012            0.6012           0.3844     0.0090  |       0.2056      0.1926
 127      0.0701        0.9827  |    0.3744/  0.4061/  0.4196            0.4196          -0.0204     0.0125  |       0.2058      0.1926
 128      0.1171        0.9489  |    0.5863/  0.6154/  0.6275            0.6275           0.4147     0.0157  |       0.2048      0.1926
 129      0.0639        0.9447  |    0.2981/  0.3231/  0.3402            0.3402          -0.1050     0.0190  |       0.2063      0.1926
 130      0.0646        0.9999  |    0.3097/  0.3266/  0.3414            0.3414          -0.1039     0.0131  |       0.2061      0.1926
 131      0.1171        0.9446  |    0.5872/  0.6196/  0.6337            0.6337           0.4144     0.0143  |       0.2048      0.1926
 132      0.0828        0.9691  |    0.4774/  0.5244/  0.5389            0.5389           0.1494     0.0191  |       0.2054      0.1926
 133      0.1359        0.8862  |    0.6840/  0.7047/  0.7118            0.7118           0.6714     0.0209  |       0.2030      0.1926
 134      0.0653        0.8628  |    0.2794/  0.3066/  0.3251            0.3251          -0.0961     0.0158  |       0.2059      0.1926
 135      0.0640        0.9997  |    0.2704/  0.3211/  0.3370            0.3370          -0.1043     0.0158  |       0.2068      0.1926
 136      0.1343        0.8896  |    0.6565/  0.6750/  0.6833            0.6833           0.6278     0.0160  |       0.2043      0.1926
 137      0.0931        0.9272  |    0.5393/  0.5829/  0.5949            0.5949           0.3176     0.0154  |       0.2055      0.1926
 138      0.0873        0.9994  |    0.5304/  0.5551/  0.5668            0.5668           0.2244     0.0144  |       0.2055      0.1926
 139      0.1296        0.9599  |    0.6368/  0.6634/  0.6734            0.6734           0.5490     0.0160  |       0.2050      0.1926
 140      0.0679        0.9327  |    0.3455/  0.3791/  0.3941            0.3941          -0.0540     0.0112  |       0.2058      0.1926
 141      0.0639        0.9990  |    0.3103/  0.3351/  0.3503            0.3503          -0.1047     0.0166  |       0.2068      0.1926
 142      0.1216        0.9245  |    0.5834/  0.6338/  0.6475            0.6475           0.4690     0.0135  |       0.2047      0.1926
 143      0.1220        0.9905  |    0.6188/  0.6534/  0.6636            0.6636           0.5196     0.0200  |       0.2044      0.1926
 144      0.1359        0.9626  |    0.6942/  0.7137/  0.7244            0.7244           0.6681     0.0162  |       0.2034      0.1926
 145      0.1257        0.9381  |    0.6093/  0.6474/  0.6599            0.6599           0.5252     0.0131  |       0.2051      0.1926
 146      0.0639        0.9466  |    0.3184/  0.3422/  0.3565            0.3565          -0.1047     0.0170  |       0.2081      0.1926
 147      0.1216        0.9245  |    0.6120/  0.6316/  0.6445            0.6445           0.4690     0.0217  |       0.2047      0.1926
 148      0.1317        0.9736  |    0.6591/  0.6871/  0.6955            0.6955           0.6453     0.0072  |       0.2041      0.1926
 149      0.1374        0.9969  |    0.6752/  0.6971/  0.7069            0.7069           0.6614     0.0187  |       0.2040      0.1926
 150      0.0640        0.8755  |    0.2764/  0.3189/  0.3390            0.3390          -0.1038     0.0057  |       0.2084      0.1926
 151      0.0640        1.0000  |    0.2946/  0.3299/  0.3465            0.3465          -0.1038     0.0126  |       0.2073      0.1926
 152      0.1316        0.9317  |    0.6376/  0.6543/  0.6640            0.6640           0.5655     0.0171  |       0.2052      0.1926
 153      0.0820        0.9590  |    0.4905/  0.5208/  0.5323            0.5323           0.1395     0.0206  |       0.2053      0.1926
 154      0.1284        0.9550  |    0.6449/  0.6692/  0.6802            0.6802           0.5502     0.0096  |       0.2049      0.1926
 155      0.0944        0.9657  |    0.5453/  0.5787/  0.5893            0.5893           0.3324     0.0148  |       0.2055      0.1926
 156      0.0828        0.9977  |    0.4957/  0.5224/  0.5356            0.5356           0.1499     0.0137  |       0.2054      0.1926
 157      0.0639        0.9895  |    0.3190/  0.3406/  0.3532            0.3532          -0.1042     0.0207  |       0.2063      0.1926
 158      0.1373        0.8588  |    0.6855/  0.6994/  0.7084            0.7084           0.6722     0.0191  |       0.2030      0.1926
 159      0.1402        0.9794  |    0.6895/  0.7058/  0.7183            0.7183           0.6713     0.0121  |       0.2037      0.1926
 160      0.0638        0.8462  |    0.2867/  0.3189/  0.3379            0.3379          -0.1068     0.0181  |       0.2061      0.1926
 161      0.0640        1.0000  |    0.2954/  0.3296/  0.3445            0.3445          -0.1033     0.0185  |       0.2065      0.1926
 162      0.1357        0.8744  |    0.6778/  0.6929/  0.7017            0.7017           0.6617     0.0153  |       0.2041      0.1926
 163      0.1251        0.9640  |    0.6223/  0.6549/  0.6676            0.6676           0.4856     0.0061  |       0.2043      0.1926
 164      0.0888        0.9538  |    0.5106/  0.5407/  0.5536            0.5536           0.1520     0.0173  |       0.2052      0.1926
 165      0.0638        0.9844  |    0.3088/  0.3365/  0.3514            0.3514          -0.1050     0.0150  |       0.2062      0.1926
 166      0.1369        0.8646  |    0.6820/  0.6948/  0.7025            0.7025           0.6673     0.0159  |       0.2040      0.1926
 167      0.1233        0.9711  |    0.6482/  0.6655/  0.6750            0.6750           0.5464     0.0143  |       0.2043      0.1926
 168      0.0640        0.9134  |    0.3045/  0.3369/  0.3506            0.3506          -0.1033     0.0177  |       0.2065      0.1926
 169      0.0679        0.9990  |    0.3541/  0.3815/  0.3941            0.3941          -0.0535     0.0173  |       0.2059      0.1926
 170      0.1271        0.9482  |    0.6052/  0.6451/  0.6568            0.6568           0.5156     0.0131  |       0.2052      0.1926
 171      0.1256        0.9989  |    0.6282/  0.6515/  0.6618            0.6618           0.5251     0.0132  |       0.2052      0.1926
 172      0.0645        0.9467  |    0.3061/  0.3395/  0.3513            0.3513          -0.1039     0.0137  |       0.2060      0.1926
 173      0.0637        1.0000  |    0.3115/  0.3400/  0.3523            0.3523          -0.1086     0.0178  |       0.2061      0.1926
 174      0.1323        0.8605  |    0.6801/  0.7012/  0.7096            0.7096           0.6741     0.0175  |       0.2027      0.1926
 175      0.1329        0.9992  |    0.6956/  0.7193/  0.7312            0.7312           0.6778     0.0094  |       0.2025      0.1926
 176      0.1367        0.9922  |    0.6902/  0.7140/  0.7228            0.7228           0.6700     0.0029  |       0.2029      0.1926
 177      0.1362        0.9914  |    0.6896/  0.7120/  0.7202            0.7202           0.6744     0.0042  |       0.2036      0.1926
 178      0.1275        0.9756  |    0.6597/  0.6779/  0.6893            0.6893           0.6165     0.0042  |       0.2015      0.1926
 179      0.0879        0.9391  |    0.5256/  0.5430/  0.5555            0.5555           0.2497     0.0017  |       0.2019      0.1926
 180      0.1239        0.9749  |    0.5956/  0.6213/  0.6319            0.6319           0.4633     0.0155  |       0.2024      0.1926
 181      0.0640        0.9405  |    0.2991/  0.3387/  0.3557            0.3557          -0.1033     0.0135  |       0.2062      0.1926
 182      0.0851        0.9856  |    0.4754/  0.4965/  0.5087            0.5087           0.0975     0.0148  |       0.2053      0.1926
 183      0.1358        0.8931  |    0.6860/  0.6993/  0.7088            0.7088           0.6640     0.0183  |       0.2040      0.1926
 184      0.0699        0.8748  |    0.3394/  0.3708/  0.3886            0.3886          -0.0211     0.0111  |       0.2058      0.1926
 185      0.0639        0.9981  |    0.3082/  0.3372/  0.3504            0.3504          -0.1040     0.0148  |       0.2063      0.1926
 186      0.1358        0.8865  |    0.6683/  0.6837/  0.6934            0.6934           0.6458     0.0255  |       0.2042      0.1926
 187      0.1329        0.9800  |    0.6865/  0.7062/  0.7161            0.7161           0.6728     0.0070  |       0.2031      0.1926
 188      0.1256        0.9417  |    0.6176/  0.6496/  0.6592            0.6592           0.4812     0.0160  |       0.2042      0.1926
 189      0.0932        0.9542  |    0.5482/  0.5748/  0.5864            0.5864           0.3194     0.0039  |       0.2055      0.1926
 190      0.0638        0.9832  |    0.2664/  0.3211/  0.3351            0.3351          -0.1086     0.0201  |       0.2061      0.1926
 191      0.0640        0.9999  |    0.3092/  0.3381/  0.3540            0.3540          -0.1031     0.0172  |       0.2070      0.1926
 192      0.1104        0.9488  |    0.5725/  0.5962/  0.6103            0.6103           0.3068     0.0113  |       0.2048      0.1926
 193      0.1167        0.9841  |    0.6034/  0.6324/  0.6444            0.6444           0.4761     0.0192  |       0.2045      0.1926
 194      0.1362        0.9639  |    0.6778/  0.7016/  0.7094            0.7094           0.6569     0.0151  |       0.2039      0.1926
 195      0.0640        0.8632  |    0.3184/  0.3424/  0.3561            0.3561          -0.1030     0.0057  |       0.2063      0.1926
 196      0.0639        1.0000  |    0.2892/  0.3427/  0.3563            0.3563          -0.1033     0.0127  |       0.2065      0.1926
 197      0.1366        0.8572  |    0.6720/  0.6976/  0.7045            0.7045           0.6728     0.0240  |       0.2037      0.1926
 198      0.1227        0.9558  |    0.6330/  0.6598/  0.6695            0.6695           0.5348     0.0126  |       0.2045      0.1926
 199      0.0640        0.9217  |    0.3069/  0.3326/  0.3461            0.3461          -0.1030     0.0212  |       0.2073      0.1926
 200      0.0889        0.9867  |    0.5177/  0.5472/  0.5586            0.5586           0.2411     0.0162  |       0.2055      0.1926
 201      0.1312        0.9585  |    0.6538/  0.6719/  0.6817            0.6817           0.5663     0.0177  |       0.2050      0.1926
 202      0.1296        0.9985  |    0.6333/  0.6668/  0.6765            0.6765           0.5492     0.0108  |       0.2050      0.1926
 203      0.0638        0.9298  |    0.3096/  0.3328/  0.3477            0.3477          -0.1065     0.0178  |       0.2061      0.1926
 204      0.0851        0.9857  |    0.4655/  0.5029/  0.5172            0.5172           0.0975     0.0156  |       0.2053      0.1926
 205      0.1388        0.8874  |    0.6870/  0.7080/  0.7151            0.7151           0.6680     0.0172  |       0.2035      0.1926
 206      0.1311        0.9778  |    0.6843/  0.7133/  0.7234            0.7234           0.6753     0.0116  |       0.2018      0.1926
 207      0.1400        0.9744  |    0.7034/  0.7198/  0.7289            0.7289           0.6689     0.0124  |       0.2033      0.1926
 208      0.0639        0.8506  |    0.2643/  0.3053/  0.3227            0.3227          -0.1033     0.0173  |       0.2064      0.1926
 209      0.1408        0.8415  |    0.6734/  0.7003/  0.7115            0.7115           0.6663     0.0091  |       0.2039      0.1926
 210      0.1337        0.9624  |    0.6963/  0.7155/  0.7258            0.7258           0.6752     0.0114  |       0.2018      0.1926
 211      0.1293        0.9931  |    0.7071/  0.7264/  0.7349            0.7349           0.6806     0.0039  |       0.2023      0.1926
 212      0.1314        0.9959  |    0.6894/  0.7099/  0.7199            0.7199           0.6747     0.0044  |       0.2026      0.1926
 213      0.1309        0.9950  |    0.6911/  0.7084/  0.7195            0.7195           0.6735     0.0058  |       0.1991      0.1926
 214      0.1329        0.9845  |    0.7019/  0.7253/  0.7347            0.7347           0.6758     0.0167  |       0.1976      0.1926
 215      0.1245        0.9741  |    0.6901/  0.7115/  0.7221            0.7221           0.6681     0.0057  |       0.1826      0.1926
 216      0.1323        0.9847  |    0.6889/  0.7204/  0.7315            0.7315           0.6695     0.0018  |       0.1857      0.1926
 217      0.1348        0.9914  |    0.7080/  0.7277/  0.7376            0.7376           0.6803     0.0032  |       0.1843      0.1926
 218      0.1266        0.9741  |    0.6875/  0.7236/  0.7334            0.7334           0.6584     0.0065  |       0.1818      0.1926
 219      0.1233        0.9195  |    0.7094/  0.7317/  0.7447            0.7447           0.6683     0.0102  |       0.1781      0.1926
 220      0.1116        0.8858  |    0.6928/  0.7181/  0.7297            0.7297           0.6773     0.0065  |       0.1761      0.1926
 221      0.0573        0.9390  |    0.5975/  0.6126/  0.6221            0.6221           0.5361     0.0072  |       0.1721      0.1926
 222      0.0690        0.9400  |    0.6575/  0.7023/  0.7124            0.7124           0.6374     0.0078  |       0.1661      0.1926
 223      0.0634        0.9377  |    0.6418/  0.7200/  0.7318            0.7318           0.6315     0.0115  |       0.1594      0.1926
 224     -0.0231        0.8249  |    0.4619/  0.4882/  0.5034            0.5034          -0.0492     0.0099  |       0.1611      0.1926
 225      0.0144        0.9257  |    0.5266/  0.5700/  0.5842            0.5842           0.1491     0.0163  |       0.1551      0.1926
 226      0.0015        0.8816  |    0.5226/  0.5634/  0.5771            0.5771           0.0473     0.0174  |       0.1468      0.1926
 227     -0.0786        0.8372  |    0.3472/  0.3629/  0.3700            0.3700          -0.2080     0.0123  |       0.1335      0.1926
 228     -0.0563        0.8727  |    0.2781/  0.3210/  0.3368            0.3368          -0.2072     0.0199  |       0.1219      0.1926
 229     -0.1578        0.7635  |    0.0370/  0.0579/  0.0721            0.0721          -0.3194     0.0278  |       0.1068      0.1926
 230     -0.1094        0.7443  |    0.1919/  0.2316/  0.2449            0.2449          -0.3340     0.0288  |       0.0944      0.1926
 231     -0.0368        0.6683  |    0.3369/  0.3671/  0.3808            0.3808          -0.1978     0.0257  |       0.0881      0.1926
 232      0.0124        0.8257  |    0.1399/  0.1918/  0.2150            0.2150          -0.2295     0.0173  |       0.0809      0.1926
 233      0.0071        0.8157  |    0.3204/  0.3574/  0.3750            0.3750          -0.0781     0.0296  |       0.0934      0.1926
 234     -0.0380        0.7489  |    0.0917/  0.1126/  0.1274            0.1274          -0.2808     0.0330  |       0.1144      0.1926
 235     -0.0553        0.8204  |    0.0198/  0.0812/  0.1024            0.1024          -0.2000     0.0247  |       0.1156      0.1926
 236     -0.0875        0.6958  |   -0.0519/  0.0013/  0.0572            0.0572          -0.2280     0.0298  |       0.1293      0.1944
 237     -0.0746        0.5973  |   -0.2327/ -0.2038/ -0.1809           -0.1809          -0.4163     0.0323  |       0.1401      0.1952
 238     -0.0351        0.9045  |   -0.1603/ -0.0749/ -0.0516           -0.0516          -0.3598     0.0178  |       0.1346      0.1952
 239     -0.0071        0.8857  |   -0.0614/ -0.0450/ -0.0353           -0.0353          -0.3866     0.0336  |       0.1376      0.1952
 240      0.0150        0.7846  |   -0.3660/ -0.3385/ -0.3271           -0.3271          -0.4180     0.0312  |       0.1437      0.1952
 241     -0.0197        0.8647  |   -0.3711/ -0.3479/ -0.3355           -0.3355          -0.4135     0.0256  |       0.1383      0.1952
 242     -0.0236        0.8346  |   -0.3902/ -0.3461/ -0.3190           -0.3190          -0.4604     0.0180  |       0.1340      0.1952
 243     -0.0478        0.8529  |   -0.2295/ -0.2047/ -0.1932           -0.1932          -0.2943     0.0286  |       0.1415      0.1952
 244     -0.0522        0.8324  |   -0.2258/ -0.1945/ -0.1844           -0.1844          -0.2492     0.0191  |       0.1567      0.1952
 245     -0.0761        0.8176  |   -0.2203/ -0.1903/ -0.1820           -0.1820          -0.2406     0.0155  |       0.1467      0.1952
 246     -0.1121        0.8003  |   -0.2633/ -0.2084/ -0.1996           -0.1996          -0.2732     0.0124  |       0.1450      0.1952
 247     -0.1592        0.7502  |   -0.2857/ -0.2108/ -0.1908           -0.1908          -0.3118     0.0129  |       0.1525      0.1952
 248     -0.0894        0.6783  |   -0.2369/ -0.2112/ -0.2040           -0.2040          -0.3278     0.0058  |       0.1491      0.1952
 249     -0.1248        0.8851  |   -0.2473/ -0.2111/ -0.2032           -0.2032          -0.3240     0.0206  |       0.1511      0.1952
 250     -0.1508        0.7496  |   -0.2219/ -0.1729/ -0.1622           -0.1622          -0.2414     0.0108  |       0.1595      0.1952
 251     -0.1339        0.7628  |   -0.4900/ -0.4118/ -0.3680           -0.3680          -0.4447     0.0074  |       0.1669      0.1952
 252     -0.1097        0.8591  |   -0.3380/ -0.3011/ -0.2906           -0.2906          -0.3565     0.0087  |       0.1674      0.1952
 253     -0.1037        0.8906  |   -0.4363/ -0.3988/ -0.3838           -0.3838          -0.4327     0.0200  |       0.1636      0.1952
 254     -0.0222        0.7823  |   -0.3991/ -0.3746/ -0.3660           -0.3660          -0.4302     0.0256  |       0.1816      0.1952
 255     -0.0055        0.7315  |   -0.3438/ -0.3319/ -0.3220           -0.3220          -0.3582     0.0385  |       0.2043      0.1952
 256     -0.0552        0.6400  |   -0.2604/ -0.2234/ -0.1728           -0.1728          -0.4448     0.0152  |       0.1999      0.1952
 257     -0.0542        0.7792  |    0.0917/  0.1290/  0.1570            0.1570          -0.4381     0.0167  |       0.2022      0.1952
 258     -0.0653        0.8186  |   -0.1275/ -0.0966/ -0.0697           -0.0697          -0.4095     0.0353  |       0.1887      0.1952
 259     -0.0703        0.7056  |    0.1439/  0.1675/  0.1884            0.1884          -0.3290     0.0243  |       0.1554      0.1952
 260     -0.0627        0.8952  |    0.1862/  0.2369/  0.2581            0.2581          -0.4185     0.0272  |       0.1318      0.1952
 261     -0.0985        0.7590  |    0.4945/  0.5172/  0.5265            0.5265          -0.4277     0.0328  |       0.1067      0.1952
 262     -0.0138        0.7359  |    0.4997/  0.5577/  0.5704            0.5704          -0.3861     0.0319  |       0.0888      0.1944
 263      0.0069        0.7934  |    0.6685/  0.7087/  0.7236            0.7236          -0.3158     0.0210  |       0.0815      0.1994
 264      0.0029        0.7467  |    0.3102/  0.3627/  0.3849            0.3849          -0.2029     0.0384  |       0.0786      0.2015
 265     -0.0342        0.6959  |    0.1907/  0.2146/  0.2310            0.2310          -0.2443     0.0351  |       0.0904      0.2016
 266     -0.0147        0.7408  |    0.1547/  0.1816/  0.1963            0.1963          -0.3793     0.0480  |       0.1081      0.2016
 267     -0.1218        0.6611  |   -0.0272/ -0.0033/  0.0194            0.0194          -0.3902     0.0478  |       0.1512      0.2016
 268     -0.0742        0.7668  |    0.1132/  0.1467/  0.1630            0.1630          -0.4376     0.0479  |       0.1971      0.2016
 269     -0.0632        0.6815  |   -0.2582/ -0.2433/ -0.2317           -0.2317          -0.2742     0.0329  |       0.2437      0.2016
 270      0.0293        0.8085  |   -0.3894/ -0.3563/ -0.3477           -0.3477          -0.4790     0.0132  |       0.2773      0.2016
 271      0.0406        0.8685  |   -0.2411/ -0.1933/ -0.1849           -0.1849          -0.3688     0.0326  |       0.2913      0.2016
 272      0.0467        0.7262  |   -0.3810/ -0.3445/ -0.3150           -0.3150          -0.4055     0.0293  |       0.3153      0.2016
 273      0.0018        0.8389  |   -0.3879/ -0.3395/ -0.3212           -0.3212          -0.4532     0.0245  |       0.2911      0.2016
 274     -0.0328        0.8591  |   -0.2595/ -0.2152/ -0.2062           -0.2062          -0.3971     0.0139  |       0.2674      0.2016
 275     -0.0208        0.9267  |   -0.2653/ -0.2424/ -0.2318           -0.2318          -0.4616     0.0228  |       0.2646      0.2016
 276     -0.0089        0.8714  |   -0.4140/ -0.2237/ -0.1976           -0.1976          -0.4117     0.0209  |       0.2547      0.2016
 277     -0.0342        0.8896  |    0.0476/  0.0905/  0.1053            0.1053          -0.3922     0.0215  |       0.2435      0.2016
 278     -0.0356        0.9361  |   -0.3252/ -0.1934/ -0.1792           -0.1792          -0.3327     0.0107  |       0.2417      0.2016
 279     -0.0141        0.9305  |   -0.3572/ -0.2580/ -0.2452           -0.2452          -0.3993     0.0090  |       0.2397      0.2016
 280     -0.0319        0.9251  |   -0.2325/ -0.1717/ -0.1605           -0.1605          -0.2786     0.0202  |       0.2313      0.2015
 281     -0.0455        0.8711  |   -0.2925/ -0.2128/ -0.2009           -0.2009          -0.4304     0.0099  |       0.2284      0.2015
 282     -0.0399        0.8992  |   -0.2485/ -0.1937/ -0.1855           -0.1855          -0.4016     0.0179  |       0.2256      0.2015
 283     -0.0029        0.8350  |   -0.3011/ -0.2166/ -0.2027           -0.2027          -0.4346     0.0085  |       0.2107      0.2015
 284     -0.0014        0.8727  |   -0.2057/ -0.1731/ -0.1630           -0.1630          -0.4177     0.0089  |       0.2099      0.2015
 285      0.0192        0.8096  |   -0.2219/ -0.1865/ -0.1748           -0.1748          -0.3894     0.0019  |       0.2128      0.2015
 286      0.0194        0.9429  |   -0.2780/ -0.1826/ -0.1722           -0.1722          -0.3931     0.0131  |       0.2113      0.2015
 287     -0.0078        0.9078  |   -0.2634/ -0.2023/ -0.1888           -0.1888          -0.3839     0.0086  |       0.2055      0.2015
 288      0.0253        0.8928  |   -0.2994/ -0.1807/ -0.1691           -0.1691          -0.4203     0.0099  |       0.2054      0.2015
 289     -0.0281        0.8698  |   -0.2348/ -0.1804/ -0.1689           -0.1689          -0.4302     0.0030  |       0.2118      0.2015
 290      0.0136        0.9165  |   -0.3125/ -0.2008/ -0.1883           -0.1883          -0.4450     0.0050  |       0.2107      0.2015
 291      0.0117        0.9339  |   -0.3096/ -0.2025/ -0.1880           -0.1880          -0.4242     0.0096  |       0.2125      0.2015
 292     -0.0052        0.7804  |   -0.2265/ -0.1632/ -0.1526           -0.1526          -0.3707     0.0029  |       0.2198      0.2015
 293      0.0070        0.9616  |   -0.2425/ -0.1707/ -0.1586           -0.1586          -0.4044     0.0051  |       0.2195      0.2015
 294      0.0113        0.8887  |   -0.2601/ -0.1813/ -0.1681           -0.1681          -0.4269     0.0047  |       0.2241      0.2015
 295      0.0079        0.8972  |   -0.2387/ -0.1831/ -0.1740           -0.1740          -0.3496     0.0068  |       0.2283      0.2015
 296     -0.0134        0.8469  |   -0.2195/ -0.1866/ -0.1783           -0.1783          -0.2954     0.0123  |       0.2331      0.2015
 297      0.0257        0.7523  |   -0.2283/ -0.1896/ -0.1811           -0.1811          -0.3335     0.0030  |       0.2238      0.2015
 298      0.0334        0.9512  |   -0.2124/ -0.1833/ -0.1758           -0.1758          -0.2998     0.0177  |       0.2257      0.2015
 299      0.0021        0.8350  |   -0.2367/ -0.1997/ -0.1923           -0.1923          -0.3130     0.0082  |       0.2144      0.2015
IMAGEIO FFMPEG_WRITER WARNING: input image is not divisible by macro_block_size=16, resizing from (320, 180) to (320, 192) to ensure video compatibility with most codecs and players. To prevent resizing, make your input image divisible by the macro_block_size or set the macro_block_size to 1 (risking incompatibility).

Saved 300 frames -> /home/ashwink/Documents/swms/SWM_copy/rollouts_5_per/expert-only/epoch11/epoch11_rollout4_failure.mp4
min dist(green_cube,blue_moon) over episode = 0.1926  ->  FAILURE
Full log written to /home/ashwink/Documents/swms/SWM_copy/rollouts_5_per/expert-only/epoch11/epoch11_rollout4_20260723_132905.log
Result json -> /home/ashwink/Documents/swms/SWM_copy/rollouts_5_per/expert-only/epoch11/epoch11_rollout4_result.json
