Checkpoint dir epoch: 11  Rollout: 3
Logging to /home/ashwink/Documents/swms/SWM_copy/rollouts_5_per/expert-only/epoch11/epoch11_rollout3_20260723_132732.log
Goal (fixed, steps 0-299): the green cube is touching the blue moon. the peg is touching the green cube.

Checkpoint: /home/ashwink/Documents/swms/SWM_copy/training/checkpoints_clip_full_finetuned_wider_hl/epoch_011.pt
  epoch=11  step=10296

Loading CLIP ViT-L/14 (datacomp_xl_s13b_b90k) + fine-tuned clip_state_dict ...
Parsing model identifier. Schema: None, Identifier: ViT-L-14
Loaded built-in ViT-L-14 model config.
Instantiating model architecture: CLIP
Loading full pretrained weights from: /home/ashwink/.cache/huggingface/hub/models--laion--CLIP-ViT-L-14-DataComp.XL-s13B-b90K/snapshots/84c9828e63dc9a9351d1fe637c346d4c1c4db341/open_clip_pytorch_model.bin
Final image preprocessing configuration set: {'size': (224, 224), 'mode': 'RGB', 'mean': (0.48145466, 0.4578275, 0.40821073), 'std': (0.26862954, 0.26130258, 0.27577711), 'interpolation': 'bicubic', 'resize_mode': 'shortest', 'fill_color': 0}
Model ViT-L-14 creation process complete.
Parsing tokenizer identifier. Schema: None, Identifier: ViT-L-14
Attempting to load config from built-in: ViT-L-14
Using default SimpleTokenizer.
z_star shape: torch.Size([768])

Loading action stats from /home/ashwink/full_data_5000/langtable/demos/ ...
  lo=[-0.03372681140899658, -0.03493623435497284]  hi=[0.03496786952018738, 0.03494429588317871]

Initializing LangTable env ...
Loading URDF plane.urdf
Loading URDF /home/ashwink/Documents/swms/.venv/lib/python3.10/site-packages/language_table/environments/utils/../../../language_table/environments/assets/workspace_real.urdf
Loading URDF xarm/xarm6_robot_white.urdf
Loading URDF /home/ashwink/Documents/swms/.venv/lib/python3.10/site-packages/language_table/environments/utils/../../../language_table/environments/assets/suction/cylinder_real.urdf
Loading URDF /home/ashwink/Documents/swms/.venv/lib/python3.10/site-packages/language_table/environments/utils/../../../language_table/environments/assets/blocks/red_moon.urdf
Loading URDF /home/ashwink/Documents/swms/.venv/lib/python3.10/site-packages/language_table/environments/utils/../../../language_table/environments/assets/blocks/red_cube.urdf
Loading URDF /home/ashwink/Documents/swms/.venv/lib/python3.10/site-packages/language_table/environments/utils/../../../language_table/environments/assets/blocks/red_star.urdf
Loading URDF /home/ashwink/Documents/swms/.venv/lib/python3.10/site-packages/language_table/environments/utils/../../../language_table/environments/assets/blocks/red_pentagon.urdf
Loading URDF /home/ashwink/Documents/swms/.venv/lib/python3.10/site-packages/language_table/environments/utils/../../../language_table/environments/assets/blocks/blue_moon.urdf
Loading URDF /home/ashwink/Documents/swms/.venv/lib/python3.10/site-packages/language_table/environments/utils/../../../language_table/environments/assets/blocks/blue_cube.urdf
Loading URDF /home/ashwink/Documents/swms/.venv/lib/python3.10/site-packages/language_table/environments/utils/../../../language_table/environments/assets/blocks/blue_star.urdf
Loading URDF /home/ashwink/Documents/swms/.venv/lib/python3.10/site-packages/language_table/environments/utils/../../../language_table/environments/assets/blocks/blue_pentagon.urdf
Loading URDF /home/ashwink/Documents/swms/.venv/lib/python3.10/site-packages/language_table/environments/utils/../../../language_table/environments/assets/blocks/yellow_moon.urdf
Loading URDF /home/ashwink/Documents/swms/.venv/lib/python3.10/site-packages/language_table/environments/utils/../../../language_table/environments/assets/blocks/yellow_cube.urdf
Loading URDF /home/ashwink/Documents/swms/.venv/lib/python3.10/site-packages/language_table/environments/utils/../../../language_table/environments/assets/blocks/yellow_star.urdf
Loading URDF /home/ashwink/Documents/swms/.venv/lib/python3.10/site-packages/language_table/environments/utils/../../../language_table/environments/assets/blocks/yellow_pentagon.urdf
Loading URDF /home/ashwink/Documents/swms/.venv/lib/python3.10/site-packages/language_table/environments/utils/../../../language_table/environments/assets/blocks/green_moon.urdf
Loading URDF /home/ashwink/Documents/swms/.venv/lib/python3.10/site-packages/language_table/environments/utils/../../../language_table/environments/assets/blocks/green_cube.urdf
Loading URDF /home/ashwink/Documents/swms/.venv/lib/python3.10/site-packages/language_table/environments/utils/../../../language_table/environments/assets/blocks/green_star.urdf
Loading URDF /home/ashwink/Documents/swms/.venv/lib/python3.10/site-packages/language_table/environments/utils/../../../language_table/environments/assets/blocks/green_pentagon.urdf
Loading URDF /home/ashwink/Documents/swms/.venv/lib/python3.10/site-packages/language_table/environments/utils/../../../language_table/environments/assets/blocks/purple_moon.urdf
Loading URDF /home/ashwink/Documents/swms/.venv/lib/python3.10/site-packages/language_table/environments/utils/../../../language_table/environments/assets/blocks/purple_cube.urdf
Loading URDF /home/ashwink/Documents/swms/.venv/lib/python3.10/site-packages/language_table/environments/utils/../../../language_table/environments/assets/blocks/purple_star.urdf
Loading URDF /home/ashwink/Documents/swms/.venv/lib/python3.10/site-packages/language_table/environments/utils/../../../language_table/environments/assets/blocks/purple_pentagon.urdf
Env ready.

Forced peg start: [0.42843915 0.24419614]  (green_cube=[0.40339102 0.18967466], blue_moon=[0.32039625 0.00902261])
  dist(peg,green_cube)=0.0600  dist(peg,blue_moon)=0.2588  dist(green_cube,blue_moon)=0.1988

step  cos(zt,z*)  cos(zt,zt-1)  |   cos(predK,z*) min/mean/max  cos(pred_sel,z*)   cos(zpred0,z*)  ||a_raw||  |  dist(peg,A)   dist(A,B)
-------------------------------------------------------------------------------------------------------------------------------------------------------------------------------
   0      0.1303           nan  |    0.6164/  0.7434/  0.7565            0.7565           0.6692     0.0130  |       0.0587      0.1988
   1      0.1336        0.9931  |    0.7150/  0.7389/  0.7477            0.7477           0.6677     0.0043  |       0.0594      0.1988
   2      0.1344        0.9969  |    0.6439/  0.7234/  0.7371            0.7371           0.6688     0.0126  |       0.0562      0.1988
   3      0.1306        0.9925  |    0.7044/  0.7418/  0.7512            0.7512           0.6685     0.0153  |       0.0595      0.1988
   4      0.1295        0.9861  |    0.7202/  0.7468/  0.7548            0.7548           0.6766     0.0152  |       0.0672      0.1988
   5      0.1344        0.9848  |    0.7186/  0.7340/  0.7445            0.7445           0.6665     0.0017  |       0.0540      0.1988
   6      0.1347        0.9969  |    0.6770/  0.7296/  0.7466            0.7466           0.6657     0.0016  |       0.0530      0.1988
   7      0.1360        0.9976  |    0.6991/  0.7310/  0.7409            0.7409           0.6641     0.0105  |       0.0541      0.1988
   8      0.1303        0.9864  |    0.7036/  0.7373/  0.7482            0.7482           0.6677     0.0067  |       0.0482      0.1988
   9      0.1263        0.9933  |    0.6954/  0.7192/  0.7333            0.7333           0.6628     0.0106  |       0.0535      0.1988
  10      0.1308        0.9943  |    0.7002/  0.7375/  0.7515            0.7515           0.6673     0.0063  |       0.0441      0.1988
  11      0.1285        0.9946  |    0.7029/  0.7373/  0.7470            0.7470           0.6684     0.0036  |       0.0446      0.1988
  12      0.1276        0.9965  |    0.7021/  0.7359/  0.7486            0.7486           0.6641     0.0065  |       0.0427      0.1988
  13      0.1231        0.9898  |    0.6949/  0.7247/  0.7363            0.7363           0.6579     0.0132  |       0.0482      0.1988
  14      0.1289        0.9925  |    0.7166/  0.7418/  0.7530            0.7530           0.6735     0.0108  |       0.0367      0.1988
  15      0.1396        0.9778  |    0.7143/  0.7428/  0.7553            0.7553           0.6738     0.0026  |       0.0383      0.1988
  16      0.1360        0.9969  |    0.7209/  0.7415/  0.7519            0.7519           0.6740     0.0062  |       0.0373      0.1988
  17      0.1287        0.9884  |    0.7191/  0.7416/  0.7540            0.7540           0.6719     0.0069  |       0.0402      0.1988
  18      0.1304        0.9918  |    0.7150/  0.7436/  0.7562            0.7562           0.6805     0.0080  |       0.0420      0.1988
  19      0.1332        0.9933  |    0.7071/  0.7452/  0.7554            0.7554           0.6747     0.0051  |       0.0381      0.1988
  20      0.1328        0.9967  |    0.7195/  0.7335/  0.7425            0.7425           0.6751     0.0042  |       0.0401      0.1988
  21      0.1365        0.9944  |    0.7100/  0.7366/  0.7487            0.7487           0.6761     0.0036  |       0.0365      0.1988
  22      0.1368        0.9431  |    0.7224/  0.7429/  0.7534            0.7534           0.6676     0.0077  |       0.0340      0.1986
  23      0.1462        0.9670  |    0.7155/  0.7330/  0.7431            0.7431           0.6638     0.0140  |       0.0360      0.1986
  24      0.1406        0.8724  |    0.6724/  0.7041/  0.7140            0.7140           0.6427     0.0087  |       0.0401      0.1975
  25      0.1558        0.9161  |    0.6847/  0.7108/  0.7227            0.7227           0.6447     0.0169  |       0.0381      0.1937
  26      0.1201        0.8591  |    0.7283/  0.7491/  0.7570            0.7570           0.6843     0.0037  |       0.0368      0.1831
  27      0.1250        0.9376  |    0.7168/  0.7430/  0.7545            0.7545           0.6764     0.0049  |       0.0346      0.1817
  28      0.1286        0.9209  |    0.6721/  0.7194/  0.7320            0.7320           0.6668     0.0142  |       0.0338      0.1792
  29      0.1120        0.8879  |    0.7071/  0.7233/  0.7312            0.7312           0.6698     0.0089  |       0.0387      0.1791
  30      0.1175        0.8727  |    0.6939/  0.7082/  0.7137            0.7137           0.6542     0.0144  |       0.0387      0.1771
  31      0.0933        0.8290  |    0.6738/  0.7261/  0.7336            0.7336           0.5574     0.0145  |       0.0383      0.1729
  32      0.0764        0.7611  |    0.6280/  0.6907/  0.6987            0.6987           0.4532     0.0129  |       0.0402      0.1714
  33      0.0996        0.9053  |    0.6234/  0.7099/  0.7214            0.7214           0.4537     0.0160  |       0.0432      0.1714
  34      0.0155        0.8854  |    0.1860/  0.2837/  0.2974            0.2974          -0.1597     0.0106  |       0.0527      0.1714
  35     -0.0118        0.9560  |    0.2734/  0.3373/  0.3550            0.3550          -0.1441     0.0158  |       0.0615      0.1714
  36      0.0302        0.8727  |    0.4393/  0.4638/  0.4751            0.4751           0.3139     0.0158  |       0.0713      0.1714
  37      0.0300        0.8850  |    0.0711/  0.1147/  0.1444            0.1444          -0.1944     0.0249  |       0.0798      0.1714
  38     -0.0230        0.8352  |   -0.0280/ -0.0161/ -0.0052           -0.0052          -0.3741     0.0283  |       0.1024      0.1714
  39     -0.0612        0.7009  |   -0.2606/ -0.2258/ -0.2187           -0.2187          -0.3454     0.0128  |       0.1295      0.1714
  40     -0.0597        0.9039  |   -0.2840/ -0.2455/ -0.2369           -0.2369          -0.3175     0.0185  |       0.1376      0.1716
  41     -0.0739        0.9367  |   -0.2602/ -0.2285/ -0.2204           -0.2204          -0.2897     0.0207  |       0.1423      0.1716
  42     -0.0612        0.8206  |   -0.2670/ -0.1886/ -0.1769           -0.1769          -0.2565     0.0185  |       0.1589      0.1717
  43     -0.0544        0.7963  |   -0.2271/ -0.1839/ -0.1771           -0.1771          -0.2342     0.0035  |       0.1771      0.1717
  44     -0.0703        0.9517  |   -0.2511/ -0.1919/ -0.1841           -0.1841          -0.2411     0.0356  |       0.1754      0.1717
  45     -0.0455        0.7723  |   -0.3709/ -0.3556/ -0.3429           -0.3429          -0.3877     0.0074  |       0.1501      0.1717
  46     -0.0366        0.9224  |   -0.4130/ -0.4000/ -0.3867           -0.3867          -0.4133     0.0072  |       0.1418      0.1717
  47     -0.0539        0.9351  |   -0.3984/ -0.3864/ -0.3784           -0.3784          -0.4109     0.0040  |       0.1477      0.1717
  48     -0.0767        0.9461  |   -0.3659/ -0.3556/ -0.3476           -0.3476          -0.3876     0.0056  |       0.1451      0.1717
  49     -0.0554        0.9517  |   -0.4004/ -0.3875/ -0.3787           -0.3787          -0.4049     0.0114  |       0.1493      0.1717
  50     -0.0479        0.8770  |   -0.4534/ -0.4381/ -0.4194           -0.4194          -0.4576     0.0088  |       0.1594      0.1717
  51     -0.0555        0.9430  |   -0.3320/ -0.3089/ -0.2979           -0.2979          -0.4514     0.0203  |       0.1650      0.1717
  52     -0.0470        0.8880  |   -0.2655/ -0.2496/ -0.2424           -0.2424          -0.4540     0.0146  |       0.1672      0.1717
  53     -0.0292        0.8887  |   -0.3138/ -0.2781/ -0.2651           -0.2651          -0.5016     0.0111  |       0.1664      0.1717
  54     -0.0268        0.9394  |   -0.3060/ -0.2609/ -0.2466           -0.2466          -0.4809     0.0236  |       0.1684      0.1717
  55     -0.0489        0.8471  |   -0.3729/ -0.3531/ -0.3414           -0.3414          -0.4478     0.0125  |       0.1617      0.1717
  56     -0.0552        0.8993  |   -0.3457/ -0.3309/ -0.3232           -0.3232          -0.4246     0.0245  |       0.1673      0.1717
  57     -0.1016        0.7386  |   -0.4441/ -0.4325/ -0.4220           -0.4220          -0.4175     0.0233  |       0.1738      0.1717
  58     -0.0854        0.7783  |   -0.4321/ -0.4069/ -0.3948           -0.3948          -0.4500     0.0314  |       0.1837      0.1717
  59     -0.0744        0.6875  |   -0.3072/ -0.2875/ -0.2812           -0.2812          -0.4306     0.0288  |       0.2059      0.1717
  60      0.0020        0.6100  |   -0.3463/ -0.2970/ -0.2211           -0.2211          -0.4824     0.0347  |       0.2303      0.1717
  61      0.0360        0.7511  |   -0.1175/ -0.0938/ -0.0819           -0.0819          -0.4597     0.0357  |       0.2590      0.1717
  62      0.0406        0.7633  |   -0.3032/ -0.2656/ -0.2485           -0.2485          -0.3678     0.0461  |       0.2664      0.1717
  63      0.0027        0.5970  |    0.0790/  0.1058/  0.1277            0.1277          -0.3908     0.0364  |       0.2848      0.1717
  64      0.0530        0.7766  |   -0.0160/  0.0139/  0.0409            0.0409          -0.3807     0.0364  |       0.3070      0.1717
  65      0.0023        0.8163  |   -0.0095/  0.0261/  0.0474            0.0474          -0.2829     0.0354  |       0.3235      0.1717
  66      0.0277        0.6718  |    0.1070/  0.1297/  0.1507            0.1507          -0.3493     0.0330  |       0.3442      0.1717
  67     -0.0069        0.8106  |    0.1430/  0.1687/  0.1842            0.1842          -0.4563     0.0326  |       0.3724      0.1717
  68     -0.0120        0.7861  |   -0.1857/ -0.1600/ -0.1370           -0.1370          -0.4328     0.0364  |       0.3994      0.1717
  69      0.0549        0.7592  |    0.0299/  0.0715/  0.1089            0.1089          -0.4861     0.0368  |       0.4338      0.1717
  70      0.0253        0.9642  |    0.1553/  0.1799/  0.2006            0.2006          -0.4531     0.0457  |       0.4677      0.1717
  71      0.0253        1.0000  |    0.1458/  0.1580/  0.1689            0.1689          -0.4531     0.0408  |       0.4954      0.1717
  72      0.0253        1.0000  |    0.1487/  0.1578/  0.1649            0.1649          -0.4531     0.0262  |       0.5214      0.1717
  73      0.0253        1.0000  |    0.1511/  0.1785/  0.1974            0.1974          -0.4531     0.0189  |       0.5242      0.1717
  74      0.0253        1.0000  |    0.1615/  0.1929/  0.2076            0.2076          -0.4531     0.0393  |       0.5247      0.1717
  75      0.0253        1.0000  |    0.1525/  0.1865/  0.1976            0.1976          -0.4531     0.0312  |       0.5248      0.1717
  76      0.0253        1.0000  |    0.1562/  0.1723/  0.1862            0.1862          -0.4531     0.0225  |       0.5247      0.1717
  77      0.0253        1.0000  |    0.1671/  0.1934/  0.2125            0.2125          -0.4531     0.0252  |       0.5247      0.1717
  78      0.0253        1.0000  |    0.1688/  0.2048/  0.2254            0.2254          -0.4531     0.0211  |       0.5246      0.1717
  79      0.0253        1.0000  |    0.1698/  0.1947/  0.2112            0.2112          -0.4531     0.0268  |       0.5245      0.1717
  80      0.0253        1.0000  |    0.1856/  0.2063/  0.2276            0.2276          -0.4531     0.0290  |       0.5245      0.1717
  81      0.0253        1.0000  |    0.2157/  0.2411/  0.2610            0.2610          -0.4531     0.0325  |       0.5246      0.1717
  82      0.0253        1.0000  |    0.1976/  0.2377/  0.2600            0.2600          -0.4531     0.0317  |       0.5247      0.1717
  83      0.0253        1.0000  |    0.1894/  0.2220/  0.2514            0.2514          -0.4531     0.0343  |       0.5248      0.1717
  84      0.0253        1.0000  |    0.1983/  0.2268/  0.2494            0.2494          -0.4531     0.0277  |       0.5248      0.1717
  85      0.0253        1.0000  |    0.1776/  0.2380/  0.2579            0.2579          -0.4531     0.0360  |       0.5248      0.1717
  86      0.0253        1.0000  |    0.1948/  0.2445/  0.2671            0.2671          -0.4531     0.0300  |       0.5247      0.1717
  87      0.0253        1.0000  |    0.2077/  0.2271/  0.2479            0.2479          -0.4531     0.0363  |       0.5246      0.1717
  88      0.0253        1.0000  |    0.1948/  0.2334/  0.2548            0.2548          -0.4531     0.0332  |       0.5245      0.1717
  89      0.0253        1.0000  |    0.1800/  0.2169/  0.2402            0.2402          -0.4531     0.0365  |       0.5245      0.1717
  90      0.0253        1.0000  |    0.2122/  0.2335/  0.2520            0.2520          -0.4531     0.0325  |       0.5246      0.1717
  91      0.0253        1.0000  |    0.2186/  0.2439/  0.2646            0.2646          -0.4531     0.0311  |       0.5247      0.1717
  92      0.0253        1.0000  |    0.1894/  0.2314/  0.2539            0.2539          -0.4531     0.0392  |       0.5248      0.1717
  93      0.0253        1.0000  |    0.1693/  0.2108/  0.2298            0.2298          -0.4531     0.0368  |       0.5248      0.1717
  94      0.0253        1.0000  |    0.2145/  0.2369/  0.2572            0.2572          -0.4531     0.0266  |       0.5248      0.1717
  95      0.0252        1.0000  |    0.2054/  0.2327/  0.2529            0.2529          -0.4526     0.0394  |       0.5247      0.1717
  96      0.0252        1.0000  |    0.2067/  0.2369/  0.2617            0.2617          -0.4526     0.0304  |       0.5247      0.1717
  97      0.0252        1.0000  |    0.2093/  0.2476/  0.2695            0.2695          -0.4526     0.0303  |       0.5247      0.1717
  98      0.0252        1.0000  |    0.1693/  0.2141/  0.2373            0.2373          -0.4526     0.0354  |       0.5248      0.1717
  99      0.0252        1.0000  |    0.2026/  0.2264/  0.2478            0.2478          -0.4526     0.0349  |       0.5248      0.1717
 100      0.0252        1.0000  |    0.2176/  0.2448/  0.2689            0.2689          -0.4526     0.0314  |       0.5248      0.1717
 101      0.0252        1.0000  |    0.2102/  0.2391/  0.2574            0.2574          -0.4526     0.0316  |       0.5247      0.1717
 102      0.0252        1.0000  |    0.1896/  0.2261/  0.2505            0.2505          -0.4526     0.0379  |       0.5246      0.1717
 103      0.0252        1.0000  |    0.2147/  0.2450/  0.2643            0.2643          -0.4526     0.0294  |       0.5246      0.1717
 104      0.0252        1.0000  |    0.2220/  0.2575/  0.2752            0.2752          -0.4521     0.0314  |       0.5247      0.1717
 105      0.0252        1.0000  |    0.2037/  0.2341/  0.2536            0.2536          -0.4521     0.0341  |       0.5248      0.1717
 106      0.0252        1.0000  |    0.2108/  0.2429/  0.2623            0.2623          -0.4521     0.0383  |       0.5248      0.1717
 107      0.0252        1.0000  |    0.2163/  0.2467/  0.2667            0.2667          -0.4521     0.0290  |       0.5249      0.1717
 108      0.0252        1.0000  |    0.2058/  0.2345/  0.2597            0.2597          -0.4521     0.0341  |       0.5248      0.1717
 109      0.0252        1.0000  |    0.1932/  0.2240/  0.2440            0.2440          -0.4521     0.0308  |       0.5248      0.1717
 110      0.0252        1.0000  |    0.2144/  0.2483/  0.2673            0.2673          -0.4521     0.0348  |       0.5249      0.1717
 111      0.0252        1.0000  |    0.2267/  0.2610/  0.2849            0.2849          -0.4521     0.0339  |       0.5249      0.1717
 112      0.0252        1.0000  |    0.1957/  0.2284/  0.2476            0.2476          -0.4521     0.0354  |       0.5248      0.1717
 113      0.0252        1.0000  |    0.2063/  0.2374/  0.2611            0.2611          -0.4521     0.0383  |       0.5249      0.1717
 114      0.0252        1.0000  |    0.2129/  0.2419/  0.2612            0.2612          -0.4521     0.0308  |       0.5249      0.1717
 115      0.0252        1.0000  |    0.2183/  0.2418/  0.2618            0.2618          -0.4521     0.0356  |       0.5250      0.1717
 116      0.0252        1.0000  |    0.2001/  0.2336/  0.2502            0.2502          -0.4521     0.0339  |       0.5249      0.1717
 117      0.0252        1.0000  |    0.2045/  0.2421/  0.2633            0.2633          -0.4521     0.0323  |       0.5249      0.1717
 118      0.0252        1.0000  |    0.2102/  0.2361/  0.2565            0.2565          -0.4521     0.0410  |       0.5249      0.1717
 119      0.0252        1.0000  |    0.2017/  0.2224/  0.2372            0.2372          -0.4521     0.0404  |       0.5250      0.1717
 120      0.0252        1.0000  |    0.1948/  0.2292/  0.2545            0.2545          -0.4521     0.0347  |       0.5250      0.1717
 121      0.0252        1.0000  |    0.2193/  0.2486/  0.2699            0.2699          -0.4521     0.0312  |       0.5249      0.1717
 122      0.0252        1.0000  |    0.2083/  0.2306/  0.2515            0.2515          -0.4521     0.0405  |       0.5249      0.1717
 123      0.0252        1.0000  |    0.2228/  0.2536/  0.2742            0.2742          -0.4521     0.0294  |       0.5250      0.1717
 124      0.0252        1.0000  |    0.2233/  0.2533/  0.2690            0.2690          -0.4521     0.0308  |       0.5250      0.1717
 125      0.0252        1.0000  |    0.2189/  0.2483/  0.2696            0.2696          -0.4521     0.0372  |       0.5251      0.1717
 126      0.0252        1.0000  |    0.1910/  0.2185/  0.2421            0.2421          -0.4521     0.0357  |       0.5250      0.1717
 127      0.0252        1.0000  |    0.2077/  0.2468/  0.2650            0.2650          -0.4521     0.0313  |       0.5250      0.1717
 128      0.0252        1.0000  |    0.2076/  0.2413/  0.2597            0.2597          -0.4521     0.0322  |       0.5250      0.1717
 129      0.0252        1.0000  |    0.2155/  0.2433/  0.2614            0.2614          -0.4521     0.0354  |       0.5250      0.1717
 130      0.0252        1.0000  |    0.2097/  0.2451/  0.2704            0.2704          -0.4521     0.0299  |       0.5250      0.1717
 131      0.0252        1.0000  |    0.2081/  0.2336/  0.2566            0.2566          -0.4521     0.0230  |       0.5250      0.1717
 132      0.0252        1.0000  |    0.2265/  0.2536/  0.2740            0.2740          -0.4521     0.0399  |       0.5251      0.1717
 133      0.0252        1.0000  |    0.1929/  0.2246/  0.2519            0.2519          -0.4521     0.0295  |       0.5251      0.1717
 134      0.0252        1.0000  |    0.2144/  0.2492/  0.2721            0.2721          -0.4521     0.0339  |       0.5251      0.1717
 135      0.0252        1.0000  |    0.2042/  0.2325/  0.2559            0.2559          -0.4521     0.0276  |       0.5250      0.1717
 136      0.0252        1.0000  |    0.2032/  0.2365/  0.2606            0.2606          -0.4521     0.0398  |       0.5249      0.1717
 137      0.0252        1.0000  |    0.2193/  0.2395/  0.2539            0.2539          -0.4521     0.0355  |       0.5249      0.1717
 138      0.0252        1.0000  |    0.1923/  0.2210/  0.2449            0.2449          -0.4521     0.0267  |       0.5250      0.1717
 139      0.0252        1.0000  |    0.2045/  0.2350/  0.2599            0.2599          -0.4521     0.0346  |       0.5251      0.1717
 140      0.0252        1.0000  |    0.2033/  0.2419/  0.2605            0.2605          -0.4521     0.0394  |       0.5251      0.1717
 141      0.0252        1.0000  |    0.2240/  0.2513/  0.2702            0.2702          -0.4525     0.0272  |       0.5251      0.1717
 142      0.0252        1.0000  |    0.1882/  0.2286/  0.2504            0.2504          -0.4525     0.0357  |       0.5250      0.1717
 143      0.0252        1.0000  |    0.2253/  0.2526/  0.2744            0.2744          -0.4525     0.0331  |       0.5250      0.1717
 144      0.0252        1.0000  |    0.2229/  0.2439/  0.2628            0.2628          -0.4525     0.0325  |       0.5250      0.1717
 145      0.0252        1.0000  |    0.2165/  0.2434/  0.2610            0.2610          -0.4525     0.0296  |       0.5251      0.1717
 146      0.0252        1.0000  |    0.1942/  0.2306/  0.2564            0.2564          -0.4525     0.0323  |       0.5251      0.1717
 147      0.0252        1.0000  |    0.1802/  0.2131/  0.2303            0.2303          -0.4525     0.0373  |       0.5251      0.1717
 148      0.0252        1.0000  |    0.2003/  0.2303/  0.2503            0.2503          -0.4525     0.0424  |       0.5252      0.1717
 149      0.0252        1.0000  |    0.1685/  0.1897/  0.2036            0.2036          -0.4525     0.0355  |       0.5252      0.1717
 150      0.0252        1.0000  |    0.2121/  0.2379/  0.2604            0.2604          -0.4525     0.0331  |       0.5251      0.1717
 151      0.0252        1.0000  |    0.2103/  0.2425/  0.2644            0.2644          -0.4525     0.0318  |       0.5251      0.1717
 152      0.0252        1.0000  |    0.2146/  0.2373/  0.2530            0.2530          -0.4525     0.0371  |       0.5251      0.1717
 153      0.0252        1.0000  |    0.2018/  0.2337/  0.2580            0.2580          -0.4525     0.0329  |       0.5250      0.1717
 154      0.0252        1.0000  |    0.1949/  0.2271/  0.2456            0.2456          -0.4525     0.0277  |       0.5250      0.1717
 155      0.0252        1.0000  |    0.2007/  0.2315/  0.2579            0.2579          -0.4525     0.0391  |       0.5250      0.1717
 156      0.0252        1.0000  |    0.2101/  0.2412/  0.2611            0.2611          -0.4525     0.0339  |       0.5249      0.1717
 157      0.0252        1.0000  |    0.2135/  0.2406/  0.2604            0.2604          -0.4525     0.0349  |       0.5249      0.1717
 158      0.0252        1.0000  |    0.2272/  0.2511/  0.2701            0.2701          -0.4525     0.0291  |       0.5250      0.1717
 159      0.0252        1.0000  |    0.2137/  0.2384/  0.2587            0.2587          -0.4525     0.0318  |       0.5250      0.1717
 160      0.0252        1.0000  |    0.1821/  0.2216/  0.2405            0.2405          -0.4525     0.0342  |       0.5251      0.1717
 161      0.0252        1.0000  |    0.2101/  0.2386/  0.2592            0.2592          -0.4525     0.0349  |       0.5251      0.1717
 162      0.0252        1.0000  |    0.1890/  0.2301/  0.2512            0.2512          -0.4525     0.0355  |       0.5251      0.1717
 163      0.0252        1.0000  |    0.1999/  0.2240/  0.2485            0.2485          -0.4525     0.0323  |       0.5252      0.1717
 164      0.0252        1.0000  |    0.2189/  0.2483/  0.2674            0.2674          -0.4525     0.0350  |       0.5252      0.1717
 165      0.0252        1.0000  |    0.2135/  0.2505/  0.2728            0.2728          -0.4525     0.0288  |       0.5252      0.1717
 166      0.0252        1.0000  |    0.1903/  0.2155/  0.2405            0.2405          -0.4525     0.0369  |       0.5251      0.1717
 167      0.0252        1.0000  |    0.2142/  0.2462/  0.2706            0.2706          -0.4525     0.0259  |       0.5251      0.1717
 168      0.0252        1.0000  |    0.2125/  0.2424/  0.2662            0.2662          -0.4525     0.0350  |       0.5251      0.1717
 169      0.0252        1.0000  |    0.1880/  0.2117/  0.2313            0.2313          -0.4525     0.0386  |       0.5251      0.1717
 170      0.0252        1.0000  |    0.2235/  0.2595/  0.2806            0.2806          -0.4525     0.0337  |       0.5250      0.1717
 171      0.0252        1.0000  |    0.1912/  0.2380/  0.2600            0.2600          -0.4525     0.0287  |       0.5250      0.1717
 172      0.0252        1.0000  |    0.2211/  0.2500/  0.2731            0.2731          -0.4525     0.0367  |       0.5249      0.1717
 173      0.0252        1.0000  |    0.2159/  0.2457/  0.2661            0.2661          -0.4525     0.0325  |       0.5250      0.1717
 174      0.0252        1.0000  |    0.1905/  0.2398/  0.2651            0.2651          -0.4525     0.0289  |       0.5250      0.1717
 175      0.0252        1.0000  |    0.2256/  0.2643/  0.2803            0.2803          -0.4525     0.0249  |       0.5251      0.1717
 176      0.0252        1.0000  |    0.1953/  0.2351/  0.2589            0.2589          -0.4525     0.0376  |       0.5251      0.1717
 177      0.0252        1.0000  |    0.2019/  0.2392/  0.2649            0.2649          -0.4525     0.0298  |       0.5251      0.1717
 178      0.0252        1.0000  |    0.1959/  0.2297/  0.2544            0.2544          -0.4525     0.0366  |       0.5252      0.1717
 179      0.0247        0.9994  |    0.2118/  0.2434/  0.2627            0.2627          -0.4603     0.0279  |       0.5252      0.1717
 180      0.0247        1.0000  |    0.2030/  0.2280/  0.2473            0.2473          -0.4603     0.0362  |       0.5252      0.1717
 181      0.0247        1.0000  |    0.1753/  0.1997/  0.2131            0.2131          -0.4603     0.0364  |       0.5252      0.1717
 182      0.0247        1.0000  |    0.1901/  0.2252/  0.2455            0.2455          -0.4603     0.0328  |       0.5252      0.1717
 183      0.0247        1.0000  |    0.2059/  0.2315/  0.2524            0.2524          -0.4603     0.0422  |       0.5252      0.1717
 184      0.0247        1.0000  |    0.2220/  0.2454/  0.2641            0.2641          -0.4603     0.0357  |       0.5252      0.1717
 185      0.0247        1.0000  |    0.1865/  0.2125/  0.2344            0.2344          -0.4603     0.0289  |       0.5251      0.1717
 186      0.0247        1.0000  |    0.2146/  0.2451/  0.2645            0.2645          -0.4603     0.0363  |       0.5251      0.1717
 187      0.0247        1.0000  |    0.1997/  0.2307/  0.2510            0.2510          -0.4603     0.0363  |       0.5251      0.1717
 188      0.0247        1.0000  |    0.2002/  0.2267/  0.2451            0.2451          -0.4603     0.0365  |       0.5251      0.1717
 189      0.0247        1.0000  |    0.1934/  0.2213/  0.2438            0.2438          -0.4603     0.0357  |       0.5250      0.1717
 190      0.0247        1.0000  |    0.1707/  0.2184/  0.2381            0.2381          -0.4603     0.0362  |       0.5250      0.1717
 191      0.0247        1.0000  |    0.1974/  0.2214/  0.2428            0.2428          -0.4603     0.0399  |       0.5251      0.1717
 192      0.0247        1.0000  |    0.1870/  0.2205/  0.2451            0.2451          -0.4603     0.0327  |       0.5252      0.1717
 193      0.0247        1.0000  |    0.2016/  0.2471/  0.2670            0.2670          -0.4603     0.0375  |       0.5252      0.1717
 194      0.0247        1.0000  |    0.2024/  0.2417/  0.2611            0.2611          -0.4606     0.0256  |       0.5253      0.1717
 195      0.0247        1.0000  |    0.1895/  0.2206/  0.2399            0.2399          -0.4606     0.0367  |       0.5253      0.1717
 196      0.0247        1.0000  |    0.2226/  0.2539/  0.2706            0.2706          -0.4603     0.0313  |       0.5254      0.1717
 197      0.0247        1.0000  |    0.1982/  0.2218/  0.2444            0.2444          -0.4603     0.0352  |       0.5254      0.1717
 198      0.0247        1.0000  |    0.1746/  0.2228/  0.2470            0.2470          -0.4603     0.0338  |       0.5254      0.1717
 199      0.0247        1.0000  |    0.1880/  0.2221/  0.2421            0.2421          -0.4603     0.0362  |       0.5254      0.1717
 200      0.0247        1.0000  |    0.2115/  0.2393/  0.2588            0.2588          -0.4598     0.0368  |       0.5254      0.1717
 201      0.0247        1.0000  |    0.1894/  0.2134/  0.2308            0.2308          -0.4598     0.0369  |       0.5254      0.1717
 202      0.0247        1.0000  |    0.1628/  0.2225/  0.2484            0.2484          -0.4598     0.0352  |       0.5254      0.1717
 203      0.0247        1.0000  |    0.1894/  0.2366/  0.2630            0.2630          -0.4598     0.0259  |       0.5254      0.1717
 204      0.0247        1.0000  |    0.1894/  0.2285/  0.2477            0.2477          -0.4598     0.0361  |       0.5254      0.1717
 205      0.0247        1.0000  |    0.1765/  0.2187/  0.2424            0.2424          -0.4598     0.0349  |       0.5254      0.1717
 206      0.0247        1.0000  |    0.2053/  0.2351/  0.2548            0.2548          -0.4598     0.0372  |       0.5254      0.1717
 207      0.0247        1.0000  |    0.1761/  0.2274/  0.2519            0.2519          -0.4598     0.0348  |       0.5254      0.1717
 208      0.0247        1.0000  |    0.1935/  0.2221/  0.2414            0.2414          -0.4601     0.0327  |       0.5254      0.1717
 209      0.0247        1.0000  |    0.2135/  0.2337/  0.2513            0.2513          -0.4601     0.0406  |       0.5254      0.1717
 210      0.0247        1.0000  |    0.1699/  0.2191/  0.2429            0.2429          -0.4598     0.0342  |       0.5254      0.1717
 211      0.0247        1.0000  |    0.1932/  0.2366/  0.2576            0.2576          -0.4598     0.0294  |       0.5254      0.1717
 212      0.0247        1.0000  |    0.1805/  0.2181/  0.2378            0.2378          -0.4598     0.0359  |       0.5254      0.1717
 213      0.0247        1.0000  |    0.1744/  0.2075/  0.2267            0.2267          -0.4598     0.0334  |       0.5254      0.1717
 214      0.0247        1.0000  |    0.2111/  0.2336/  0.2523            0.2523          -0.4598     0.0324  |       0.5254      0.1717
 215      0.0247        1.0000  |    0.1870/  0.2207/  0.2434            0.2434          -0.4598     0.0264  |       0.5254      0.1717
 216      0.0247        1.0000  |    0.2003/  0.2270/  0.2461            0.2461          -0.4598     0.0390  |       0.5254      0.1717
 217      0.0247        1.0000  |    0.2061/  0.2409/  0.2612            0.2612          -0.4598     0.0280  |       0.5254      0.1717
 218      0.0247        1.0000  |    0.2037/  0.2321/  0.2503            0.2503          -0.4598     0.0263  |       0.5254      0.1717
 219      0.0247        1.0000  |    0.2042/  0.2400/  0.2582            0.2582          -0.4598     0.0395  |       0.5254      0.1717
 220      0.0247        1.0000  |    0.1993/  0.2300/  0.2497            0.2497          -0.4601     0.0409  |       0.5254      0.1717
 221      0.0247        1.0000  |    0.1759/  0.2088/  0.2287            0.2287          -0.4598     0.0317  |       0.5254      0.1717
 222      0.0247        1.0000  |    0.2043/  0.2338/  0.2554            0.2554          -0.4598     0.0314  |       0.5254      0.1717
 223      0.0247        1.0000  |    0.2146/  0.2396/  0.2634            0.2634          -0.4598     0.0320  |       0.5254      0.1717
 224      0.0247        1.0000  |    0.2016/  0.2271/  0.2469            0.2469          -0.4598     0.0378  |       0.5254      0.1717
 225      0.0247        1.0000  |    0.1764/  0.2126/  0.2461            0.2461          -0.4598     0.0354  |       0.5254      0.1717
 226      0.0247        1.0000  |    0.2079/  0.2351/  0.2537            0.2537          -0.4598     0.0357  |       0.5254      0.1717
 227      0.0247        1.0000  |    0.2014/  0.2341/  0.2522            0.2522          -0.4598     0.0419  |       0.5254      0.1717
 228      0.0247        1.0000  |    0.2195/  0.2478/  0.2675            0.2675          -0.4601     0.0313  |       0.5254      0.1717
 229      0.0247        1.0000  |    0.2138/  0.2408/  0.2589            0.2589          -0.4601     0.0342  |       0.5254      0.1717
 230      0.0247        1.0000  |    0.1860/  0.2168/  0.2413            0.2413          -0.4598     0.0299  |       0.5254      0.1717
 231      0.0247        1.0000  |    0.2210/  0.2485/  0.2700            0.2700          -0.4598     0.0323  |       0.5254      0.1717
 232      0.0247        1.0000  |    0.2048/  0.2256/  0.2457            0.2457          -0.4598     0.0318  |       0.5254      0.1717
 233      0.0247        1.0000  |    0.1966/  0.2215/  0.2438            0.2438          -0.4598     0.0384  |       0.5254      0.1717
 234      0.0247        1.0000  |    0.1987/  0.2302/  0.2547            0.2547          -0.4601     0.0197  |       0.5254      0.1717
 235      0.0247        1.0000  |    0.1786/  0.2186/  0.2357            0.2357          -0.4598     0.0302  |       0.5254      0.1717
 236      0.0247        1.0000  |    0.2014/  0.2294/  0.2489            0.2489          -0.4598     0.0359  |       0.5254      0.1717
 237      0.0247        1.0000  |    0.1757/  0.2165/  0.2407            0.2407          -0.4598     0.0287  |       0.5254      0.1717
 238      0.0247        1.0000  |    0.1980/  0.2281/  0.2489            0.2489          -0.4601     0.0339  |       0.5254      0.1717
 239      0.0247        1.0000  |    0.1945/  0.2234/  0.2444            0.2444          -0.4601     0.0318  |       0.5254      0.1717
 240      0.0247        1.0000  |    0.1883/  0.2237/  0.2455            0.2455          -0.4598     0.0345  |       0.5254      0.1717
 241      0.0247        1.0000  |    0.2070/  0.2398/  0.2580            0.2580          -0.4598     0.0257  |       0.5254      0.1717
 242      0.0247        1.0000  |    0.1742/  0.2120/  0.2334            0.2334          -0.4598     0.0379  |       0.5254      0.1717
 243      0.0247        1.0000  |    0.1695/  0.2089/  0.2312            0.2312          -0.4601     0.0348  |       0.5254      0.1717
 244      0.0247        1.0000  |    0.1605/  0.1950/  0.2146            0.2146          -0.4601     0.0358  |       0.5254      0.1717
 245      0.0247        1.0000  |    0.1599/  0.2181/  0.2431            0.2431          -0.4598     0.0373  |       0.5254      0.1717
 246      0.0247        1.0000  |    0.1461/  0.1915/  0.2157            0.2157          -0.4598     0.0254  |       0.5254      0.1717
 247      0.0247        1.0000  |    0.1984/  0.2355/  0.2558            0.2558          -0.4601     0.0403  |       0.5254      0.1717
 248      0.0247        1.0000  |    0.1935/  0.2264/  0.2472            0.2472          -0.4601     0.0314  |       0.5254      0.1717
 249      0.0247        1.0000  |    0.2094/  0.2322/  0.2463            0.2463          -0.4598     0.0381  |       0.5254      0.1717
 250      0.0247        1.0000  |    0.2198/  0.2495/  0.2680            0.2680          -0.4598     0.0337  |       0.5254      0.1717
 251      0.0247        1.0000  |    0.2033/  0.2370/  0.2589            0.2589          -0.4601     0.0353  |       0.5254      0.1717
 252      0.0247        1.0000  |    0.1788/  0.2169/  0.2429            0.2429          -0.4601     0.0307  |       0.5254      0.1717
 253      0.0247        1.0000  |    0.2027/  0.2364/  0.2560            0.2560          -0.4598     0.0292  |       0.5254      0.1717
 254      0.0247        1.0000  |    0.1842/  0.2133/  0.2322            0.2322          -0.4598     0.0427  |       0.5254      0.1717
 255      0.0246        1.0000  |    0.1759/  0.1974/  0.2172            0.2172          -0.4601     0.0389  |       0.5254      0.1717
 256      0.0246        1.0000  |    0.2104/  0.2351/  0.2624            0.2624          -0.4601     0.0291  |       0.5254      0.1717
 257      0.0245        1.0000  |    0.2023/  0.2297/  0.2524            0.2524          -0.4597     0.0320  |       0.5254      0.1717
 258      0.0245        1.0000  |    0.1934/  0.2203/  0.2433            0.2433          -0.4597     0.0334  |       0.5254      0.1717
 259      0.0246        1.0000  |    0.1707/  0.2218/  0.2423            0.2423          -0.4599     0.0347  |       0.5254      0.1717
 260      0.0246        1.0000  |    0.2292/  0.2642/  0.2845            0.2845          -0.4599     0.0337  |       0.5254      0.1717
 261      0.0246        1.0000  |    0.1927/  0.2189/  0.2389            0.2389          -0.4595     0.0316  |       0.5254      0.1717
 262      0.0246        1.0000  |    0.2196/  0.2467/  0.2659            0.2659          -0.4599     0.0297  |       0.5254      0.1717
 263      0.0246        1.0000  |    0.1849/  0.2234/  0.2470            0.2470          -0.4599     0.0350  |       0.5254      0.1717
 264      0.0246        1.0000  |    0.1759/  0.2101/  0.2322            0.2322          -0.4595     0.0366  |       0.5254      0.1717
 265      0.0246        1.0000  |    0.1993/  0.2283/  0.2490            0.2490          -0.4595     0.0391  |       0.5254      0.1717
 266      0.0246        1.0000  |    0.1808/  0.2301/  0.2493            0.2493          -0.4599     0.0350  |       0.5254      0.1717
 267      0.0246        1.0000  |    0.2048/  0.2358/  0.2612            0.2612          -0.4599     0.0282  |       0.5254      0.1717
 268      0.0246        1.0000  |    0.2062/  0.2293/  0.2483            0.2483          -0.4595     0.0322  |       0.5254      0.1717
 269      0.0246        1.0000  |    0.1979/  0.2303/  0.2525            0.2525          -0.4599     0.0328  |       0.5254      0.1717
 270      0.0246        1.0000  |    0.1851/  0.2291/  0.2500            0.2500          -0.4599     0.0348  |       0.5254      0.1717
 271      0.0246        1.0000  |    0.1962/  0.2272/  0.2484            0.2484          -0.4595     0.0379  |       0.5254      0.1717
 272      0.0246        1.0000  |    0.1848/  0.2135/  0.2349            0.2349          -0.4595     0.0393  |       0.5254      0.1717
 273      0.0246        1.0000  |    0.2114/  0.2373/  0.2546            0.2546          -0.4599     0.0291  |       0.5254      0.1717
 274      0.0246        1.0000  |    0.1730/  0.2073/  0.2324            0.2324          -0.4599     0.0350  |       0.5254      0.1717
 275      0.0246        1.0000  |    0.2133/  0.2513/  0.2715            0.2715          -0.4595     0.0342  |       0.5254      0.1717
 276      0.0246        1.0000  |    0.1783/  0.2119/  0.2349            0.2349          -0.4595     0.0362  |       0.5254      0.1717
 277      0.0245        1.0000  |    0.1834/  0.2174/  0.2407            0.2407          -0.4601     0.0345  |       0.5254      0.1717
 278      0.0245        1.0000  |    0.1981/  0.2373/  0.2652            0.2652          -0.4597     0.0292  |       0.5254      0.1717
 279      0.0245        1.0000  |    0.2059/  0.2326/  0.2519            0.2519          -0.4597     0.0333  |       0.5254      0.1717
 280      0.0245        1.0000  |    0.1724/  0.2286/  0.2495            0.2495          -0.4601     0.0307  |       0.5254      0.1717
 281      0.0245        1.0000  |    0.2034/  0.2315/  0.2567            0.2567          -0.4601     0.0380  |       0.5254      0.1717
 282      0.0245        1.0000  |    0.2005/  0.2292/  0.2498            0.2498          -0.4597     0.0264  |       0.5254      0.1717
 283      0.0245        1.0000  |    0.2001/  0.2243/  0.2428            0.2428          -0.4597     0.0413  |       0.5254      0.1717
 284      0.0245        1.0000  |    0.2175/  0.2434/  0.2633            0.2633          -0.4601     0.0288  |       0.5254      0.1717
 285      0.0245        1.0000  |    0.1935/  0.2341/  0.2580            0.2580          -0.4601     0.0404  |       0.5254      0.1717
 286      0.0245        1.0000  |    0.1665/  0.1918/  0.2108            0.2108          -0.4597     0.0351  |       0.5254      0.1717
 287      0.0245        1.0000  |    0.1514/  0.1815/  0.2079            0.2079          -0.4601     0.0340  |       0.5254      0.1717
 288      0.0245        1.0000  |    0.1608/  0.1798/  0.1938            0.1938          -0.4601     0.0361  |       0.5254      0.1717
 289      0.0245        1.0000  |    0.1867/  0.2146/  0.2332            0.2332          -0.4597     0.0392  |       0.5254      0.1717
 290      0.0245        1.0000  |    0.1651/  0.1894/  0.2168            0.2168          -0.4597     0.0386  |       0.5254      0.1717
 291      0.0245        1.0000  |    0.1731/  0.2095/  0.2311            0.2311          -0.4601     0.0303  |       0.5254      0.1717
 292      0.0245        1.0000  |    0.1859/  0.2252/  0.2465            0.2465          -0.4597     0.0348  |       0.5254      0.1717
 293      0.0245        1.0000  |    0.1974/  0.2255/  0.2458            0.2458          -0.4597     0.0375  |       0.5254      0.1717
 294      0.0245        1.0000  |    0.1888/  0.2169/  0.2371            0.2371          -0.4601     0.0380  |       0.5254      0.1717
 295      0.0245        1.0000  |    0.1751/  0.2146/  0.2392            0.2392          -0.4601     0.0360  |       0.5254      0.1717
 296      0.0245        1.0000  |    0.2071/  0.2388/  0.2586            0.2586          -0.4597     0.0377  |       0.5254      0.1717
 297      0.0245        1.0000  |    0.1968/  0.2250/  0.2450            0.2450          -0.4597     0.0322  |       0.5254      0.1717
 298      0.0245        1.0000  |    0.2045/  0.2316/  0.2538            0.2538          -0.4601     0.0354  |       0.5254      0.1717
 299      0.0245        1.0000  |    0.1892/  0.2087/  0.2318            0.2318          -0.4597     0.0277  |       0.5254      0.1717
IMAGEIO FFMPEG_WRITER WARNING: input image is not divisible by macro_block_size=16, resizing from (320, 180) to (320, 192) to ensure video compatibility with most codecs and players. To prevent resizing, make your input image divisible by the macro_block_size or set the macro_block_size to 1 (risking incompatibility).

Saved 300 frames -> /home/ashwink/Documents/swms/SWM_copy/rollouts_5_per/expert-only/epoch11/epoch11_rollout3_failure.mp4
min dist(green_cube,blue_moon) over episode = 0.1714  ->  FAILURE
Full log written to /home/ashwink/Documents/swms/SWM_copy/rollouts_5_per/expert-only/epoch11/epoch11_rollout3_20260723_132732.log
Result json -> /home/ashwink/Documents/swms/SWM_copy/rollouts_5_per/expert-only/epoch11/epoch11_rollout3_result.json
