Checkpoint dir epoch: 11  Rollout: 1
Logging to /home/ashwink/Documents/swms/SWM_copy/rollouts_5_per/expert-only/epoch11/epoch11_rollout1_20260723_132401.log
Goal (fixed, steps 0-299): the green cube is touching the blue moon. the peg is touching the green cube.

Checkpoint: /home/ashwink/Documents/swms/SWM_copy/training/checkpoints_clip_full_finetuned_wider_hl/epoch_011.pt
  epoch=11  step=10296

Loading CLIP ViT-L/14 (datacomp_xl_s13b_b90k) + fine-tuned clip_state_dict ...
Parsing model identifier. Schema: None, Identifier: ViT-L-14
Loaded built-in ViT-L-14 model config.
Instantiating model architecture: CLIP
Loading full pretrained weights from: /home/ashwink/.cache/huggingface/hub/models--laion--CLIP-ViT-L-14-DataComp.XL-s13B-b90K/snapshots/84c9828e63dc9a9351d1fe637c346d4c1c4db341/open_clip_pytorch_model.bin
Final image preprocessing configuration set: {'size': (224, 224), 'mode': 'RGB', 'mean': (0.48145466, 0.4578275, 0.40821073), 'std': (0.26862954, 0.26130258, 0.27577711), 'interpolation': 'bicubic', 'resize_mode': 'shortest', 'fill_color': 0}
Model ViT-L-14 creation process complete.
Parsing tokenizer identifier. Schema: None, Identifier: ViT-L-14
Attempting to load config from built-in: ViT-L-14
Using default SimpleTokenizer.
z_star shape: torch.Size([768])

Loading action stats from /home/ashwink/full_data_5000/langtable/demos/ ...
  lo=[-0.03372681140899658, -0.03493623435497284]  hi=[0.03496786952018738, 0.03494429588317871]

Initializing LangTable env ...
Loading URDF plane.urdf
Loading URDF /home/ashwink/Documents/swms/.venv/lib/python3.10/site-packages/language_table/environments/utils/../../../language_table/environments/assets/workspace_real.urdf
Loading URDF xarm/xarm6_robot_white.urdf
Loading URDF /home/ashwink/Documents/swms/.venv/lib/python3.10/site-packages/language_table/environments/utils/../../../language_table/environments/assets/suction/cylinder_real.urdf
Loading URDF /home/ashwink/Documents/swms/.venv/lib/python3.10/site-packages/language_table/environments/utils/../../../language_table/environments/assets/blocks/red_moon.urdf
Loading URDF /home/ashwink/Documents/swms/.venv/lib/python3.10/site-packages/language_table/environments/utils/../../../language_table/environments/assets/blocks/red_cube.urdf
Loading URDF /home/ashwink/Documents/swms/.venv/lib/python3.10/site-packages/language_table/environments/utils/../../../language_table/environments/assets/blocks/red_star.urdf
Loading URDF /home/ashwink/Documents/swms/.venv/lib/python3.10/site-packages/language_table/environments/utils/../../../language_table/environments/assets/blocks/red_pentagon.urdf
Loading URDF /home/ashwink/Documents/swms/.venv/lib/python3.10/site-packages/language_table/environments/utils/../../../language_table/environments/assets/blocks/blue_moon.urdf
Loading URDF /home/ashwink/Documents/swms/.venv/lib/python3.10/site-packages/language_table/environments/utils/../../../language_table/environments/assets/blocks/blue_cube.urdf
Loading URDF /home/ashwink/Documents/swms/.venv/lib/python3.10/site-packages/language_table/environments/utils/../../../language_table/environments/assets/blocks/blue_star.urdf
Loading URDF /home/ashwink/Documents/swms/.venv/lib/python3.10/site-packages/language_table/environments/utils/../../../language_table/environments/assets/blocks/blue_pentagon.urdf
Loading URDF /home/ashwink/Documents/swms/.venv/lib/python3.10/site-packages/language_table/environments/utils/../../../language_table/environments/assets/blocks/yellow_moon.urdf
Loading URDF /home/ashwink/Documents/swms/.venv/lib/python3.10/site-packages/language_table/environments/utils/../../../language_table/environments/assets/blocks/yellow_cube.urdf
Loading URDF /home/ashwink/Documents/swms/.venv/lib/python3.10/site-packages/language_table/environments/utils/../../../language_table/environments/assets/blocks/yellow_star.urdf
Loading URDF /home/ashwink/Documents/swms/.venv/lib/python3.10/site-packages/language_table/environments/utils/../../../language_table/environments/assets/blocks/yellow_pentagon.urdf
Loading URDF /home/ashwink/Documents/swms/.venv/lib/python3.10/site-packages/language_table/environments/utils/../../../language_table/environments/assets/blocks/green_moon.urdf
Loading URDF /home/ashwink/Documents/swms/.venv/lib/python3.10/site-packages/language_table/environments/utils/../../../language_table/environments/assets/blocks/green_cube.urdf
Loading URDF /home/ashwink/Documents/swms/.venv/lib/python3.10/site-packages/language_table/environments/utils/../../../language_table/environments/assets/blocks/green_star.urdf
Loading URDF /home/ashwink/Documents/swms/.venv/lib/python3.10/site-packages/language_table/environments/utils/../../../language_table/environments/assets/blocks/green_pentagon.urdf
Loading URDF /home/ashwink/Documents/swms/.venv/lib/python3.10/site-packages/language_table/environments/utils/../../../language_table/environments/assets/blocks/purple_moon.urdf
Loading URDF /home/ashwink/Documents/swms/.venv/lib/python3.10/site-packages/language_table/environments/utils/../../../language_table/environments/assets/blocks/purple_cube.urdf
Loading URDF /home/ashwink/Documents/swms/.venv/lib/python3.10/site-packages/language_table/environments/utils/../../../language_table/environments/assets/blocks/purple_star.urdf
Loading URDF /home/ashwink/Documents/swms/.venv/lib/python3.10/site-packages/language_table/environments/utils/../../../language_table/environments/assets/blocks/purple_pentagon.urdf
Env ready.

Forced peg start: [0.42843915 0.24419614]  (green_cube=[0.40339102 0.18967466], blue_moon=[0.32039625 0.00902261])
  dist(peg,green_cube)=0.0600  dist(peg,blue_moon)=0.2588  dist(green_cube,blue_moon)=0.1988

step  cos(zt,z*)  cos(zt,zt-1)  |   cos(predK,z*) min/mean/max  cos(pred_sel,z*)   cos(zpred0,z*)  ||a_raw||  |  dist(peg,A)   dist(A,B)
-------------------------------------------------------------------------------------------------------------------------------------------------------------------------------
   0      0.1303           nan  |    0.6287/  0.7399/  0.7570            0.7570           0.6692     0.0122  |       0.0587      0.1988
   1      0.1315        0.9944  |    0.6705/  0.7217/  0.7328            0.7328           0.6709     0.0093  |       0.0540      0.1988
   2      0.1309        0.9949  |    0.6355/  0.7258/  0.7404            0.7404           0.6678     0.0110  |       0.0550      0.1988
   3      0.1329        0.9935  |    0.7076/  0.7339/  0.7434            0.7434           0.6643     0.0072  |       0.0544      0.1988
   4      0.1368        0.9918  |    0.6993/  0.7291/  0.7408            0.7408           0.6660     0.0104  |       0.0526      0.1988
   5      0.1302        0.9904  |    0.7029/  0.7391/  0.7515            0.7515           0.6727     0.0082  |       0.0524      0.1988
   6      0.1341        0.9909  |    0.7096/  0.7303/  0.7431            0.7431           0.6681     0.0134  |       0.0568      0.1988
   7      0.1303        0.9914  |    0.7183/  0.7423/  0.7533            0.7533           0.6750     0.0026  |       0.0451      0.1988
   8      0.1313        0.9964  |    0.7268/  0.7455/  0.7558            0.7558           0.6760     0.0066  |       0.0448      0.1988
   9      0.1307        0.9946  |    0.7039/  0.7475/  0.7581            0.7581           0.6729     0.0062  |       0.0418      0.1988
  10      0.1291        0.9895  |    0.7004/  0.7281/  0.7391            0.7391           0.6590     0.0025  |       0.0428      0.1988
  11      0.1276        0.9939  |    0.7037/  0.7421/  0.7528            0.7528           0.6708     0.0053  |       0.0424      0.1988
  12      0.1270        0.9916  |    0.6985/  0.7261/  0.7403            0.7403           0.6620     0.0081  |       0.0452      0.1988
  13      0.1331        0.9837  |    0.7030/  0.7299/  0.7420            0.7420           0.6702     0.0029  |       0.0503      0.1988
  14      0.1334        0.9966  |    0.6946/  0.7241/  0.7396            0.7396           0.6667     0.0050  |       0.0531      0.1988
  15      0.1340        0.9953  |    0.7121/  0.7352/  0.7468            0.7468           0.6742     0.0011  |       0.0506      0.1988
  16      0.1296        0.9944  |    0.7033/  0.7335/  0.7490            0.7490           0.6682     0.0102  |       0.0515      0.1988
  17      0.1333        0.9915  |    0.7144/  0.7408/  0.7525            0.7525           0.6733     0.0007  |       0.0502      0.1988
  18      0.1327        0.9986  |    0.7121/  0.7396/  0.7504            0.7504           0.6733     0.0021  |       0.0508      0.1988
  19      0.1274        0.9966  |    0.7069/  0.7326/  0.7427            0.7427           0.6707     0.0107  |       0.0491      0.1988
  20      0.1297        0.9897  |    0.6052/  0.7276/  0.7457            0.7457           0.6737     0.0028  |       0.0580      0.1988
  21      0.1328        0.9975  |    0.7055/  0.7361/  0.7469            0.7469           0.6699     0.0070  |       0.0589      0.1988
  22      0.1294        0.9925  |    0.7208/  0.7408/  0.7514            0.7514           0.6754     0.0091  |       0.0543      0.1988
  23      0.1302        0.9964  |    0.7053/  0.7402/  0.7496            0.7496           0.6734     0.0027  |       0.0480      0.1988
  24      0.1281        0.9972  |    0.7155/  0.7453/  0.7545            0.7545           0.6743     0.0139  |       0.0469      0.1988
  25      0.1318        0.9920  |    0.7145/  0.7427/  0.7524            0.7524           0.6771     0.0017  |       0.0475      0.1988
  26      0.1284        0.9975  |    0.7108/  0.7380/  0.7477            0.7477           0.6734     0.0053  |       0.0492      0.1988
  27      0.1299        0.9947  |    0.7156/  0.7427/  0.7525            0.7525           0.6747     0.0046  |       0.0447      0.1988
  28      0.1360        0.9901  |    0.7220/  0.7398/  0.7511            0.7511           0.6813     0.0059  |       0.0476      0.1988
  29      0.1313        0.9872  |    0.7079/  0.7344/  0.7469            0.7469           0.6732     0.0117  |       0.0440      0.1988
  30      0.1318        0.9915  |    0.7177/  0.7430/  0.7547            0.7547           0.6748     0.0068  |       0.0403      0.1988
  31      0.1275        0.9943  |    0.7026/  0.7353/  0.7453            0.7453           0.6692     0.0136  |       0.0434      0.1988
  32      0.1323        0.9920  |    0.7187/  0.7435/  0.7554            0.7554           0.6770     0.0055  |       0.0400      0.1988
  33      0.1341        0.9932  |    0.7206/  0.7444/  0.7555            0.7555           0.6792     0.0043  |       0.0446      0.1988
  34      0.1290        0.9916  |    0.7152/  0.7498/  0.7604            0.7604           0.6791     0.0037  |       0.0473      0.1988
  35      0.1377        0.9934  |    0.7197/  0.7468/  0.7573            0.7573           0.6754     0.0090  |       0.0463      0.1988
  36      0.1460        0.9355  |    0.7204/  0.7470/  0.7561            0.7561           0.6728     0.0057  |       0.0489      0.1988
  37      0.1413        0.9383  |    0.7081/  0.7355/  0.7486            0.7486           0.6573     0.0091  |       0.0527      0.1988
  38      0.1453        0.9025  |    0.7088/  0.7302/  0.7416            0.7416           0.6549     0.0079  |       0.0483      0.1988
  39      0.1518        0.9423  |    0.6957/  0.7268/  0.7384            0.7384           0.6532     0.0064  |       0.0418      0.1988
  40      0.1312        0.9396  |    0.6980/  0.7206/  0.7299            0.7299           0.6514     0.0112  |       0.0431      0.1988
  41      0.1305        0.9141  |    0.6670/  0.6851/  0.6940            0.6940           0.6374     0.0036  |       0.0371      0.1988
  42      0.1346        0.9654  |    0.6766/  0.6966/  0.7068            0.7068           0.6380     0.0122  |       0.0384      0.1988
  43      0.1182        0.8983  |    0.6807/  0.7113/  0.7262            0.7262           0.6574     0.0082  |       0.0334      0.1967
  44      0.1277        0.9162  |    0.6708/  0.7139/  0.7245            0.7245           0.6312     0.0238  |       0.0325      0.1949
  45      0.1295        0.8391  |    0.7070/  0.7238/  0.7316            0.7316           0.6624     0.0111  |       0.0394      0.1867
  46      0.1120        0.8929  |    0.7333/  0.7543/  0.7606            0.7606           0.6939     0.0172  |       0.0332      0.1866
  47      0.1218        0.8284  |    0.7300/  0.7407/  0.7466            0.7466           0.6900     0.0127  |       0.0344      0.1902
  48      0.1035        0.8940  |    0.6700/  0.6848/  0.6903            0.6903           0.6293     0.0118  |       0.0334      0.1923
  49      0.1053        0.8991  |    0.6987/  0.7134/  0.7182            0.7182           0.6552     0.0113  |       0.0365      0.1923
  50      0.0930        0.8899  |    0.5798/  0.6010/  0.6102            0.6102           0.5152     0.0141  |       0.0438      0.1923
  51      0.0669        0.9196  |    0.1393/  0.1698/  0.1865            0.1865          -0.1966     0.0181  |       0.0546      0.1923
  52      0.0512        0.8836  |    0.4760/  0.4952/  0.5159            0.5159           0.4241     0.0175  |       0.0680      0.1923
  53      0.0149        0.8160  |    0.1558/  0.2076/  0.2346            0.2346          -0.2694     0.0109  |       0.0852      0.1923
  54      0.0272        0.9074  |    0.4640/  0.4974/  0.5203            0.5203          -0.2959     0.0094  |       0.0890      0.1923
  55      0.0623        0.9266  |    0.3989/  0.4473/  0.4602            0.4602          -0.2438     0.0203  |       0.0960      0.1923
  56      0.0053        0.8526  |    0.3130/  0.3833/  0.4066            0.4066          -0.2385     0.0265  |       0.1118      0.1923
  57     -0.0992        0.6840  |   -0.0773/ -0.0345/ -0.0159           -0.0159          -0.3624     0.0364  |       0.1357      0.1923
  58     -0.0388        0.7615  |   -0.1068/ -0.0829/ -0.0693           -0.0693          -0.3643     0.0427  |       0.1584      0.1923
  59     -0.0492        0.6643  |   -0.3851/ -0.3639/ -0.3492           -0.3492          -0.4631     0.0252  |       0.1913      0.1923
  60     -0.0385        0.7939  |   -0.2315/ -0.2168/ -0.2082           -0.2082          -0.4258     0.0145  |       0.2104      0.1923
  61     -0.0131        0.7874  |   -0.2164/ -0.1735/ -0.1632           -0.1632          -0.4389     0.0095  |       0.2199      0.1923
  62     -0.0426        0.7752  |   -0.2767/ -0.1552/ -0.1420           -0.1420          -0.4315     0.0027  |       0.2253      0.1923
  63     -0.0046        0.9050  |   -0.2211/ -0.1386/ -0.1267           -0.1267          -0.3968     0.0021  |       0.2278      0.1923
  64     -0.0129        0.9355  |   -0.1252/ -0.0376/  0.0005            0.0005          -0.4539     0.0109  |       0.2262      0.1923
  65     -0.0279        0.8312  |   -0.2364/ -0.1960/ -0.1834           -0.1834          -0.4354     0.0088  |       0.2358      0.1923
  66     -0.0409        0.8265  |   -0.2512/ -0.1701/ -0.1574           -0.1574          -0.4627     0.0082  |       0.2430      0.1923
  67     -0.0640        0.9003  |   -0.2399/ -0.1684/ -0.1583           -0.1583          -0.4503     0.0120  |       0.2491      0.1923
  68     -0.0609        0.8578  |   -0.2458/ -0.1557/ -0.1453           -0.1453          -0.4307     0.0155  |       0.2581      0.1923
  69     -0.0486        0.8154  |   -0.2649/ -0.1576/ -0.1468           -0.1468          -0.4206     0.0024  |       0.2702      0.1923
  70     -0.0469        0.9498  |   -0.2491/ -0.1522/ -0.1423           -0.1423          -0.3677     0.0165  |       0.2712      0.1923
  71     -0.0318        0.7905  |   -0.2366/ -0.1758/ -0.1636           -0.1636          -0.3626     0.0104  |       0.2849      0.1923
  72      0.0062        0.8084  |   -0.2039/ -0.1562/ -0.1471           -0.1471          -0.3081     0.0100  |       0.2955      0.1923
  73     -0.0015        0.8260  |   -0.2259/ -0.1527/ -0.1392           -0.1392          -0.3122     0.0112  |       0.3033      0.1923
  74      0.0135        0.8265  |   -0.2543/ -0.1839/ -0.1741           -0.1741          -0.2712     0.0126  |       0.3141      0.1923
  75      0.0098        0.8376  |   -0.2531/ -0.1971/ -0.1867           -0.1867          -0.2729     0.0075  |       0.3233      0.1923
  76      0.0202        0.8547  |   -0.2383/ -0.1746/ -0.1588           -0.1588          -0.2749     0.0065  |       0.3304      0.1923
  77      0.0360        0.8180  |   -0.2179/ -0.1589/ -0.1452           -0.1452          -0.2833     0.0043  |       0.3339      0.1923
  78      0.0215        0.9197  |   -0.2446/ -0.1874/ -0.1733           -0.1733          -0.3176     0.0083  |       0.3363      0.1923
  79      0.0209        0.8868  |   -0.1888/ -0.1520/ -0.1388           -0.1388          -0.2736     0.0084  |       0.3422      0.1923
  80      0.0025        0.9133  |   -0.2465/ -0.1711/ -0.1576           -0.1576          -0.3035     0.0071  |       0.3487      0.1923
  81      0.0348        0.8178  |   -0.2208/ -0.1657/ -0.1550           -0.1550          -0.2509     0.0061  |       0.3535      0.1923
  82      0.0226        0.9111  |   -0.2788/ -0.1644/ -0.1530           -0.1530          -0.2465     0.0127  |       0.3589      0.1923
  83      0.0063        0.8294  |   -0.2814/ -0.2161/ -0.2035           -0.2035          -0.2659     0.0114  |       0.3674      0.1923
  84      0.0195        0.8090  |   -0.2601/ -0.1996/ -0.1905           -0.1905          -0.2516     0.0100  |       0.3765      0.1923
  85     -0.0058        0.9080  |   -0.2633/ -0.2089/ -0.2004           -0.2004          -0.2523     0.0167  |       0.3840      0.1923
  86      0.0351        0.9317  |   -0.2672/ -0.2107/ -0.2010           -0.2010          -0.2546     0.0099  |       0.3953      0.1923
  87      0.0351        0.9194  |   -0.2657/ -0.2307/ -0.2210           -0.2210          -0.2601     0.0203  |       0.4050      0.1923
  88      0.0354        0.9413  |   -0.2482/ -0.2136/ -0.2055           -0.2055          -0.2505     0.0124  |       0.4012      0.1923
  89      0.0642        0.9550  |   -0.2369/ -0.2204/ -0.2141           -0.2141          -0.2557     0.0244  |       0.4009      0.1923
  90      0.0468        0.8985  |    0.0615/  0.0856/  0.1030            0.1030          -0.2760     0.0355  |       0.4113      0.1923
  91      0.1001        0.6844  |    0.3487/  0.3765/  0.3933            0.3933          -0.4164     0.0110  |       0.4442      0.1923
  92      0.1085        0.9890  |    0.4423/  0.4739/  0.4866            0.4866          -0.1779     0.0288  |       0.4565      0.1923
  93      0.1085        1.0000  |    0.4482/  0.4674/  0.4785            0.4785          -0.1831     0.0296  |       0.4836      0.1923
  94      0.1086        1.0000  |    0.4312/  0.4537/  0.4630            0.4630          -0.1847     0.0202  |       0.5039      0.1923
  95      0.1086        1.0000  |    0.4550/  0.4698/  0.4815            0.4815          -0.1847     0.0297  |       0.5075      0.1923
  96      0.1086        1.0000  |    0.4603/  0.4871/  0.5008            0.5008          -0.1847     0.0238  |       0.5114      0.1923
  97      0.1086        1.0000  |    0.4650/  0.4896/  0.5011            0.5011          -0.1847     0.0171  |       0.5133      0.1923
  98      0.1086        1.0000  |    0.4614/  0.4918/  0.5047            0.5047          -0.1847     0.0196  |       0.5202      0.1923
  99      0.1085        1.0000  |    0.4539/  0.4927/  0.5059            0.5059          -0.1769     0.0230  |       0.5196      0.1923
 100      0.1085        1.0000  |    0.4717/  0.4932/  0.5064            0.5064          -0.1778     0.0216  |       0.5295      0.1923
 101      0.1085        1.0000  |    0.4659/  0.4994/  0.5128            0.5128          -0.1778     0.0155  |       0.5352      0.1923
 102      0.1083        1.0000  |    0.4823/  0.4966/  0.5055            0.5055          -0.1894     0.0169  |       0.5402      0.1923
 103      0.1083        1.0000  |    0.4688/  0.4922/  0.5034            0.5034          -0.1894     0.0210  |       0.5454      0.1923
 104      0.1083        1.0000  |    0.4712/  0.4979/  0.5101            0.5101          -0.1894     0.0148  |       0.5493      0.1923
 105      0.1085        1.0000  |    0.4633/  0.4935/  0.5051            0.5051          -0.1831     0.0176  |       0.5495      0.1923
 106      0.1086        1.0000  |    0.4690/  0.4903/  0.5020            0.5020          -0.1847     0.0218  |       0.5508      0.1923
 107      0.1086        1.0000  |    0.4655/  0.4916/  0.5054            0.5054          -0.1847     0.0182  |       0.5476      0.1923
 108      0.1085        1.0000  |    0.4739/  0.4970/  0.5094            0.5094          -0.1778     0.0178  |       0.5489      0.1923
 109      0.1086        1.0000  |    0.4759/  0.4995/  0.5096            0.5096          -0.1847     0.0175  |       0.5512      0.1923
 110      0.1086        1.0000  |    0.4760/  0.4933/  0.5049            0.5049          -0.1847     0.0204  |       0.5478      0.1923
 111      0.1085        1.0000  |    0.4737/  0.5025/  0.5157            0.5157          -0.1778     0.0163  |       0.5480      0.1923
 112      0.1085        1.0000  |    0.4764/  0.5004/  0.5115            0.5115          -0.1778     0.0192  |       0.5447      0.1923
 113      0.1085        1.0000  |    0.4723/  0.4910/  0.5039            0.5039          -0.1778     0.0227  |       0.5446      0.1923
 114      0.1085        1.0000  |    0.4735/  0.4923/  0.5039            0.5039          -0.1778     0.0202  |       0.5456      0.1923
 115      0.1085        1.0000  |    0.4682/  0.4902/  0.5041            0.5041          -0.1778     0.0200  |       0.5454      0.1923
 116      0.1085        1.0000  |    0.4738/  0.4933/  0.5051            0.5051          -0.1778     0.0249  |       0.5424      0.1923
 117      0.1085        1.0000  |    0.4739/  0.4949/  0.5047            0.5047          -0.1778     0.0182  |       0.5426      0.1923
 118      0.1087        1.0000  |    0.4742/  0.5006/  0.5156            0.5156          -0.1813     0.0185  |       0.5427      0.1923
 119      0.1087        1.0000  |    0.4722/  0.4978/  0.5109            0.5109          -0.1825     0.0211  |       0.5406      0.1923
 120      0.1087        1.0000  |    0.4865/  0.5008/  0.5117            0.5117          -0.1825     0.0192  |       0.5423      0.1923
 121      0.1083        1.0000  |    0.4672/  0.4941/  0.5072            0.5072          -0.1894     0.0204  |       0.5370      0.1923
 122      0.1083        1.0000  |    0.4757/  0.4967/  0.5087            0.5087          -0.1894     0.0174  |       0.5338      0.1923
 123      0.1085        1.0000  |    0.4543/  0.4963/  0.5114            0.5114          -0.1778     0.0170  |       0.5348      0.1923
 124      0.1085        1.0000  |    0.4781/  0.4990/  0.5097            0.5097          -0.1768     0.0195  |       0.5318      0.1923
 125      0.1085        1.0000  |    0.4794/  0.4988/  0.5100            0.5100          -0.1768     0.0171  |       0.5303      0.1923
 126      0.1085        1.0000  |    0.4616/  0.4916/  0.5046            0.5046          -0.1784     0.0187  |       0.5283      0.1923
 127      0.1085        1.0000  |    0.4679/  0.4972/  0.5094            0.5094          -0.1784     0.0187  |       0.5259      0.1923
 128      0.1085        1.0000  |    0.4718/  0.4926/  0.5043            0.5043          -0.1784     0.0198  |       0.5269      0.1923
 129      0.1085        1.0000  |    0.4650/  0.4949/  0.5083            0.5083          -0.1784     0.0136  |       0.5280      0.1923
 130      0.1083        1.0000  |    0.4660/  0.4917/  0.5050            0.5050          -0.1894     0.0226  |       0.5303      0.1923
 131      0.1085        1.0000  |    0.4760/  0.5000/  0.5135            0.5135          -0.1778     0.0176  |       0.5316      0.1923
 132      0.1085        1.0000  |    0.4656/  0.4917/  0.5056            0.5056          -0.1778     0.0216  |       0.5322      0.1923
 133      0.1085        1.0000  |    0.4832/  0.4979/  0.5067            0.5067          -0.1768     0.0182  |       0.5330      0.1923
 134      0.1085        1.0000  |    0.4716/  0.4888/  0.4995            0.4995          -0.1778     0.0235  |       0.5333      0.1923
 135      0.1083        1.0000  |    0.4515/  0.4790/  0.4911            0.4911          -0.1894     0.0245  |       0.5326      0.1923
 136      0.1083        1.0000  |    0.4617/  0.4795/  0.4891            0.4891          -0.1894     0.0278  |       0.5326      0.1923
 137      0.1083        1.0000  |    0.4716/  0.4922/  0.5043            0.5043          -0.1894     0.0153  |       0.5329      0.1923
 138      0.1083        1.0000  |    0.4673/  0.4969/  0.5076            0.5076          -0.1894     0.0176  |       0.5349      0.1923
 139      0.1086        1.0000  |    0.4642/  0.4970/  0.5090            0.5090          -0.1864     0.0224  |       0.5334      0.1923
 140      0.1086        1.0000  |    0.4741/  0.4944/  0.5070            0.5070          -0.1864     0.0227  |       0.5324      0.1923
 141      0.1085        1.0000  |    0.4821/  0.4970/  0.5085            0.5085          -0.1768     0.0150  |       0.5286      0.1923
 142      0.1086        1.0000  |    0.4710/  0.4932/  0.5044            0.5044          -0.1864     0.0211  |       0.5259      0.1923
 143      0.1086        1.0000  |    0.4740/  0.4958/  0.5085            0.5085          -0.1856     0.0192  |       0.5234      0.1923
 144      0.1086        1.0000  |    0.4765/  0.5009/  0.5148            0.5148          -0.1856     0.0155  |       0.5194      0.1923
 145      0.1086        1.0000  |    0.4707/  0.4905/  0.5039            0.5039          -0.1769     0.0236  |       0.5205      0.1923
 146      0.1086        1.0000  |    0.4728/  0.4979/  0.5094            0.5094          -0.1769     0.0196  |       0.5214      0.1923
 147      0.1086        1.0000  |    0.4824/  0.5056/  0.5170            0.5170          -0.1769     0.0184  |       0.5218      0.1923
 148      0.1085        1.0000  |    0.4757/  0.5003/  0.5117            0.5117          -0.1761     0.0199  |       0.5198      0.1923
 149      0.1085        1.0000  |    0.4682/  0.4993/  0.5107            0.5107          -0.1777     0.0167  |       0.5169      0.1923
 150      0.1085        1.0000  |    0.4790/  0.5032/  0.5146            0.5146          -0.1777     0.0159  |       0.5177      0.1923
 151      0.1086        1.0000  |    0.4583/  0.4924/  0.5068            0.5068          -0.1769     0.0226  |       0.5180      0.1923
 152      0.1086        1.0000  |    0.4622/  0.4957/  0.5080            0.5080          -0.1769     0.0174  |       0.5155      0.1923
 153      0.1086        1.0000  |    0.4843/  0.5027/  0.5149            0.5149          -0.1769     0.0175  |       0.5090      0.1923
 154      0.1085        1.0000  |    0.4725/  0.4933/  0.5049            0.5049          -0.1777     0.0205  |       0.5071      0.1923
 155      0.1085        1.0000  |    0.4825/  0.5038/  0.5144            0.5144          -0.1777     0.0223  |       0.5052      0.1923
 156      0.1086        1.0000  |    0.4680/  0.4922/  0.5045            0.5045          -0.1769     0.0137  |       0.5059      0.1923
 157      0.1086        1.0000  |    0.4681/  0.4914/  0.5023            0.5023          -0.1769     0.0274  |       0.5054      0.1923
 158      0.1085        1.0000  |    0.4810/  0.5032/  0.5144            0.5144          -0.1759     0.0142  |       0.5060      0.1923
 159      0.1085        1.0000  |    0.4674/  0.4920/  0.5052            0.5052          -0.1774     0.0237  |       0.5021      0.1923
 160      0.1086        1.0000  |    0.4739/  0.4890/  0.4979            0.4979          -0.1856     0.0196  |       0.5004      0.1923
 161      0.1085        1.0000  |    0.4692/  0.4930/  0.5053            0.5053          -0.1761     0.0194  |       0.5026      0.1923
 162      0.1085        1.0000  |    0.4786/  0.5016/  0.5144            0.5144          -0.1777     0.0164  |       0.4994      0.1923
 163      0.1085        1.0000  |    0.4745/  0.4978/  0.5102            0.5102          -0.1777     0.0229  |       0.5024      0.1923
 164      0.1086        1.0000  |    0.4729/  0.4957/  0.5077            0.5077          -0.1856     0.0225  |       0.5012      0.1923
 165      0.1085        1.0000  |    0.4753/  0.5003/  0.5134            0.5134          -0.1768     0.0177  |       0.5036      0.1923
 166      0.1085        1.0000  |    0.4627/  0.4956/  0.5078            0.5078          -0.1768     0.0230  |       0.5025      0.1923
 167      0.1086        1.0000  |    0.4635/  0.4959/  0.5081            0.5081          -0.1856     0.0169  |       0.4992      0.1923
 168      0.1084        1.0000  |    0.4685/  0.4957/  0.5075            0.5075          -0.1812     0.0213  |       0.4996      0.1923
 169      0.1083        1.0000  |    0.4652/  0.4903/  0.5054            0.5054          -0.1805     0.0182  |       0.4992      0.1923
 170      0.1085        1.0000  |    0.4760/  0.5017/  0.5132            0.5132          -0.1759     0.0171  |       0.4937      0.1923
 171      0.1085        1.0000  |    0.4766/  0.4948/  0.5065            0.5065          -0.1759     0.0257  |       0.4941      0.1923
 172      0.1085        1.0000  |    0.4872/  0.5012/  0.5098            0.5098          -0.1776     0.0193  |       0.4869      0.1923
 173      0.1085        1.0000  |    0.4708/  0.4958/  0.5082            0.5082          -0.1776     0.0206  |       0.4859      0.1923
 174      0.1085        1.0000  |    0.4712/  0.4880/  0.4963            0.4963          -0.1776     0.0165  |       0.4831      0.1923
 175      0.1144        0.9818  |    0.3983/  0.4278/  0.4459            0.4459          -0.3605     0.0215  |       0.4763      0.1923
 176      0.1118        0.9678  |    0.2969/  0.3388/  0.3553            0.3553          -0.4499     0.0305  |       0.4751      0.1923
 177      0.1085        0.9320  |    0.4662/  0.4889/  0.5047            0.5047          -0.1758     0.0151  |       0.4919      0.1923
 178      0.1085        1.0000  |    0.4632/  0.4873/  0.5000            0.5000          -0.1774     0.0256  |       0.5018      0.1923
 179      0.1085        1.0000  |    0.4853/  0.4943/  0.5005            0.5005          -0.1774     0.0169  |       0.5044      0.1923
 180      0.1085        1.0000  |    0.4718/  0.4970/  0.5128            0.5128          -0.1768     0.0154  |       0.5004      0.1923
 181      0.1085        1.0000  |    0.4671/  0.4963/  0.5080            0.5080          -0.1758     0.0227  |       0.5019      0.1923
 182      0.1085        1.0000  |    0.4640/  0.4921/  0.5046            0.5046          -0.1774     0.0225  |       0.5000      0.1923
 183      0.1085        1.0000  |    0.4760/  0.4976/  0.5065            0.5065          -0.1774     0.0171  |       0.4991      0.1923
 184      0.1085        1.0000  |    0.4660/  0.5007/  0.5132            0.5132          -0.1774     0.0199  |       0.5002      0.1923
 185      0.1085        1.0000  |    0.4642/  0.4963/  0.5090            0.5090          -0.1774     0.0183  |       0.4973      0.1923
 186      0.1085        1.0000  |    0.4647/  0.4987/  0.5108            0.5108          -0.1774     0.0190  |       0.4985      0.1923
 187      0.1085        1.0000  |    0.4697/  0.4977/  0.5103            0.5103          -0.1774     0.0164  |       0.4988      0.1923
 188      0.1085        1.0000  |    0.4763/  0.4987/  0.5102            0.5102          -0.1759     0.0222  |       0.4976      0.1923
 189      0.1085        1.0000  |    0.4669/  0.4955/  0.5067            0.5067          -0.1776     0.0178  |       0.4963      0.1923
 190      0.1084        1.0000  |    0.4707/  0.4950/  0.5080            0.5080          -0.1788     0.0150  |       0.4996      0.1923
 191      0.1084        1.0000  |    0.4643/  0.5007/  0.5126            0.5126          -0.1788     0.0191  |       0.4980      0.1923
 192      0.1085        1.0000  |    0.4628/  0.4886/  0.4984            0.4984          -0.1777     0.0217  |       0.4931      0.1923
 193      0.1085        1.0000  |    0.4759/  0.4945/  0.5057            0.5057          -0.1776     0.0189  |       0.4941      0.1923
 194      0.1085        1.0000  |    0.4758/  0.5004/  0.5123            0.5123          -0.1776     0.0175  |       0.4971      0.1923
 195      0.1084        1.0000  |    0.4592/  0.4922/  0.5051            0.5051          -0.1786     0.0281  |       0.4965      0.1923
 196      0.1084        1.0000  |    0.4690/  0.4944/  0.5074            0.5074          -0.1788     0.0167  |       0.4935      0.1923
 197      0.1085        1.0000  |    0.4777/  0.4954/  0.5073            0.5073          -0.1768     0.0213  |       0.4916      0.1923
 198      0.1085        1.0000  |    0.4701/  0.5006/  0.5122            0.5122          -0.1768     0.0175  |       0.4911      0.1923
 199      0.1085        1.0000  |    0.4824/  0.5073/  0.5186            0.5186          -0.1768     0.0184  |       0.4907      0.1923
 200      0.1085        1.0000  |    0.4740/  0.4946/  0.5058            0.5058          -0.1768     0.0212  |       0.4906      0.1923
 201      0.1085        1.0000  |    0.4900/  0.5050/  0.5156            0.5156          -0.1768     0.0158  |       0.4912      0.1923
 202      0.1085        1.0000  |    0.4766/  0.5079/  0.5183            0.5183          -0.1759     0.0168  |       0.4883      0.1923
 203      0.1085        1.0000  |    0.4557/  0.4915/  0.5032            0.5032          -0.1776     0.0221  |       0.4868      0.1923
 204      0.1085        1.0000  |    0.4805/  0.4925/  0.5023            0.5023          -0.1776     0.0172  |       0.4882      0.1923
 205      0.1085        1.0000  |    0.4650/  0.4995/  0.5140            0.5140          -0.1759     0.0169  |       0.4863      0.1923
 206      0.1085        1.0000  |    0.4763/  0.5029/  0.5135            0.5135          -0.1758     0.0164  |       0.4827      0.1923
 207      0.1085        1.0000  |    0.4840/  0.5034/  0.5136            0.5136          -0.1756     0.0230  |       0.4804      0.1923
 208      0.1085        1.0000  |    0.4646/  0.4998/  0.5115            0.5115          -0.1772     0.0147  |       0.4797      0.1923
 209      0.1085        1.0000  |    0.4886/  0.5073/  0.5165            0.5165          -0.1772     0.0201  |       0.4787      0.1923
 210      0.1085        1.0000  |    0.4626/  0.4902/  0.5017            0.5017          -0.1772     0.0243  |       0.4824      0.1923
 211      0.1085        1.0000  |    0.4781/  0.4942/  0.5041            0.5041          -0.1772     0.0182  |       0.4795      0.1923
 212      0.1113        0.9759  |    0.3878/  0.4122/  0.4211            0.4211          -0.3830     0.0220  |       0.4770      0.1923
 213      0.1085        0.9759  |    0.4717/  0.4900/  0.5013            0.5013          -0.1776     0.0243  |       0.4807      0.1923
 214      0.1085        1.0000  |    0.4732/  0.4913/  0.5039            0.5039          -0.1776     0.0211  |       0.4815      0.1923
 215      0.1085        1.0000  |    0.4705/  0.4956/  0.5083            0.5083          -0.1776     0.0204  |       0.4849      0.1923
 216      0.1085        1.0000  |    0.4672/  0.4889/  0.4996            0.4996          -0.1776     0.0270  |       0.4850      0.1923
 217      0.1085        1.0000  |    0.4654/  0.4834/  0.4959            0.4959          -0.1756     0.0209  |       0.4836      0.1923
 218      0.1085        1.0000  |    0.4765/  0.5014/  0.5128            0.5128          -0.1766     0.0198  |       0.4821      0.1923
 219      0.1085        1.0000  |    0.4820/  0.4985/  0.5103            0.5103          -0.1766     0.0222  |       0.4807      0.1923
 220      0.1085        1.0000  |    0.4752/  0.4965/  0.5080            0.5080          -0.1766     0.0183  |       0.4795      0.1923
 221      0.1165        0.9522  |    0.3760/  0.4020/  0.4161            0.4161          -0.3891     0.0172  |       0.4753      0.1923
 222      0.1152        0.9828  |    0.4023/  0.4358/  0.4487            0.4487          -0.3520     0.0161  |       0.4769      0.1923
 223      0.1129        0.9867  |    0.3512/  0.3633/  0.3738            0.3738          -0.4103     0.0253  |       0.4758      0.1923
 224      0.1085        0.9559  |    0.4636/  0.4884/  0.5017            0.5017          -0.1777     0.0204  |       0.4817      0.1923
 225      0.1085        1.0000  |    0.4784/  0.4980/  0.5107            0.5107          -0.1777     0.0123  |       0.4823      0.1923
 226      0.1085        1.0000  |    0.4709/  0.4970/  0.5074            0.5074          -0.1756     0.0208  |       0.4811      0.1923
 227      0.1086        1.0000  |    0.4733/  0.4901/  0.5013            0.5013          -0.1788     0.0258  |       0.4796      0.1923
 228      0.1085        1.0000  |    0.4669/  0.4954/  0.5081            0.5081          -0.1777     0.0191  |       0.4802      0.1923
 229      0.1085        1.0000  |    0.4757/  0.4974/  0.5103            0.5103          -0.1759     0.0185  |       0.4823      0.1923
 230      0.1085        1.0000  |    0.4676/  0.5023/  0.5147            0.5147          -0.1776     0.0168  |       0.4800      0.1923
 231      0.1085        1.0000  |    0.4714/  0.4893/  0.5040            0.5040          -0.1776     0.0248  |       0.4831      0.1923
 232      0.1085        1.0000  |    0.4740/  0.4996/  0.5111            0.5111          -0.1776     0.0209  |       0.4811      0.1923
 233      0.1082        0.9974  |    0.4754/  0.5113/  0.5222            0.5222          -0.2504     0.0182  |       0.4780      0.1923
 234      0.1085        0.9974  |    0.4815/  0.5035/  0.5165            0.5165          -0.1766     0.0164  |       0.4795      0.1923
 235      0.1031        0.9967  |    0.4306/  0.4409/  0.4492            0.4492          -0.2996     0.0197  |       0.4778      0.1923
 236      0.1033        0.9999  |    0.4140/  0.4541/  0.4698            0.4698          -0.3045     0.0212  |       0.4775      0.1923
 237      0.1085        0.9967  |    0.4802/  0.5026/  0.5154            0.5154          -0.1777     0.0207  |       0.4792      0.1923
 238      0.1083        0.9999  |    0.4698/  0.5049/  0.5169            0.5169          -0.1702     0.0198  |       0.4782      0.1923
 239      0.1086        0.9999  |    0.4721/  0.5015/  0.5156            0.5156          -0.1771     0.0194  |       0.4788      0.1923
 240      0.1143        0.9869  |    0.4171/  0.4515/  0.4641            0.4641          -0.3379     0.0210  |       0.4761      0.1923
 241      0.1032        0.9906  |    0.4183/  0.4510/  0.4649            0.4649          -0.3026     0.0152  |       0.4778      0.1923
 242      0.1085        0.9967  |    0.4676/  0.5031/  0.5131            0.5131          -0.1759     0.0197  |       0.4800      0.1923
 243      0.1086        1.0000  |    0.4687/  0.4972/  0.5101            0.5101          -0.1771     0.0216  |       0.4814      0.1923
 244      0.1086        1.0000  |    0.4754/  0.4996/  0.5124            0.5124          -0.1771     0.0218  |       0.4786      0.1923
 245      0.1085        1.0000  |    0.4653/  0.4948/  0.5068            0.5068          -0.1777     0.0180  |       0.4789      0.1923
 246      0.1083        0.9999  |    0.4734/  0.5013/  0.5136            0.5136          -0.1702     0.0240  |       0.4783      0.1923
 247      0.1172        0.9181  |    0.3529/  0.3785/  0.3912            0.3912          -0.3871     0.0237  |       0.4737      0.1923
 248      0.1142        0.9510  |    0.4255/  0.4529/  0.4658            0.4658          -0.3352     0.0213  |       0.4760      0.1923
 249      0.1141        0.9998  |    0.4246/  0.4521/  0.4685            0.4685          -0.3340     0.0188  |       0.4764      0.1923
 250      0.1085        0.9867  |    0.4695/  0.4976/  0.5120            0.5120          -0.1759     0.0218  |       0.4785      0.1923
 251      0.1080        0.9065  |    0.3489/  0.3684/  0.3793            0.3793          -0.4142     0.0220  |       0.4743      0.1923
 252      0.1022        0.9180  |    0.4288/  0.4478/  0.4611            0.4611          -0.3174     0.0237  |       0.4778      0.1923
 253      0.1083        0.9963  |    0.4816/  0.5093/  0.5204            0.5204          -0.1702     0.0189  |       0.4783      0.1923
 254      0.1085        0.9999  |    0.4749/  0.4991/  0.5132            0.5132          -0.1777     0.0136  |       0.4795      0.1923
 255      0.1109        0.9740  |    0.3697/  0.4022/  0.4146            0.4146          -0.3691     0.0212  |       0.4771      0.1923
 256      0.1086        0.9740  |    0.4725/  0.4929/  0.5054            0.5054          -0.1788     0.0234  |       0.4808      0.1923
 257      0.1109        0.9986  |    0.5018/  0.5236/  0.5366            0.5366          -0.1819     0.0166  |       0.4811      0.1923
 258      0.1085        0.9986  |    0.4838/  0.5030/  0.5162            0.5162          -0.1756     0.0194  |       0.4834      0.1923
 259      0.1085        1.0000  |    0.4722/  0.4951/  0.5087            0.5087          -0.1772     0.0248  |       0.4800      0.1923
 260      0.1086        1.0000  |    0.4807/  0.4955/  0.5050            0.5050          -0.1744     0.0187  |       0.4825      0.1923
 261      0.1086        1.0000  |    0.4624/  0.4943/  0.5082            0.5082          -0.1761     0.0231  |       0.4829      0.1923
 262      0.1044        0.9948  |    0.4465/  0.4681/  0.4809            0.4809          -0.3210     0.0195  |       0.4778      0.1923
 263      0.1085        0.9947  |    0.4591/  0.4937/  0.5076            0.5076          -0.1756     0.0272  |       0.4793      0.1923
 264      0.1085        1.0000  |    0.4652/  0.4996/  0.5137            0.5137          -0.1772     0.0203  |       0.4785      0.1923
 265      0.1033        0.9967  |    0.4257/  0.4537/  0.4646            0.4646          -0.3040     0.0178  |       0.4775      0.1923
 266      0.1079        0.9196  |    0.3362/  0.3671/  0.3814            0.3814          -0.4116     0.0210  |       0.4743      0.1923
 267      0.1106        0.9624  |    0.3501/  0.4073/  0.4209            0.4209          -0.3778     0.0260  |       0.4770      0.1923
 268      0.1085        0.9739  |    0.4617/  0.4911/  0.5087            0.5087          -0.1772     0.0188  |       0.4822      0.1923
 269      0.1085        1.0000  |    0.4674/  0.4955/  0.5076            0.5076          -0.1772     0.0222  |       0.4872      0.1923
 270      0.1109        0.9986  |    0.5090/  0.5331/  0.5445            0.5445          -0.1819     0.0155  |       0.4884      0.1923
 271      0.1108        1.0000  |    0.4887/  0.5267/  0.5372            0.5372          -0.1811     0.0195  |       0.4861      0.1923
 272      0.1085        0.9986  |    0.4691/  0.4954/  0.5076            0.5076          -0.1772     0.0184  |       0.4850      0.1923
 273      0.1085        1.0000  |    0.4749/  0.5013/  0.5124            0.5124          -0.1777     0.0193  |       0.4863      0.1923
 274      0.1109        0.9986  |    0.5017/  0.5279/  0.5399            0.5399          -0.1819     0.0192  |       0.4857      0.1923
 275      0.1108        1.0000  |    0.5061/  0.5245/  0.5365            0.5365          -0.1811     0.0162  |       0.4847      0.1923
 276      0.1108        1.0000  |    0.5047/  0.5273/  0.5383            0.5383          -0.1811     0.0224  |       0.4859      0.1923
 277      0.1085        0.9986  |    0.4649/  0.5000/  0.5145            0.5145          -0.1777     0.0152  |       0.4804      0.1923
 278      0.1085        1.0000  |    0.4702/  0.4945/  0.5060            0.5060          -0.1777     0.0221  |       0.4797      0.1923
 279      0.1085        1.0000  |    0.4748/  0.4919/  0.5016            0.5016          -0.1777     0.0212  |       0.4832      0.1923
 280      0.1086        1.0000  |    0.4856/  0.4996/  0.5081            0.5081          -0.1744     0.0197  |       0.4825      0.1923
 281      0.1086        1.0000  |    0.4671/  0.4998/  0.5107            0.5107          -0.1761     0.0131  |       0.4819      0.1923
 282      0.1109        0.9987  |    0.4984/  0.5221/  0.5341            0.5341          -0.1819     0.0221  |       0.4846      0.1923
 283      0.1085        0.9986  |    0.4732/  0.5003/  0.5114            0.5114          -0.1772     0.0177  |       0.4813      0.1923
 284      0.1109        0.9986  |    0.4971/  0.5202/  0.5336            0.5336          -0.1819     0.0213  |       0.4808      0.1923
 285      0.1085        0.9986  |    0.4627/  0.4966/  0.5095            0.5095          -0.1756     0.0230  |       0.4811      0.1923
 286      0.1086        1.0000  |    0.4780/  0.5027/  0.5164            0.5164          -0.1744     0.0157  |       0.4791      0.1923
 287      0.1086        1.0000  |    0.4656/  0.4932/  0.5029            0.5029          -0.1761     0.0232  |       0.4795      0.1923
 288      0.1086        1.0000  |    0.4667/  0.4989/  0.5113            0.5113          -0.1761     0.0170  |       0.4824      0.1923
 289      0.1086        1.0000  |    0.4707/  0.4989/  0.5098            0.5098          -0.1761     0.0226  |       0.4793      0.1923
 290      0.1086        1.0000  |    0.4693/  0.4987/  0.5115            0.5115          -0.1761     0.0206  |       0.4799      0.1923
 291      0.1082        0.9973  |    0.4745/  0.5140/  0.5273            0.5273          -0.2494     0.0151  |       0.4779      0.1923
 292      0.1086        0.9973  |    0.4800/  0.5035/  0.5164            0.5164          -0.1744     0.0157  |       0.4802      0.1923
 293      0.1086        1.0000  |    0.4738/  0.5003/  0.5129            0.5129          -0.1761     0.0183  |       0.4795      0.1923
 294      0.1086        1.0000  |    0.4772/  0.5025/  0.5125            0.5125          -0.1761     0.0195  |       0.4813      0.1923
 295      0.1109        0.9987  |    0.5075/  0.5273/  0.5379            0.5379          -0.1819     0.0218  |       0.4789      0.1923
 296      0.1052        0.9966  |    0.4670/  0.4804/  0.4899            0.4899          -0.3149     0.0178  |       0.4775      0.1923
 297      0.1029        0.9987  |    0.4372/  0.4556/  0.4674            0.4674          -0.3073     0.0205  |       0.4773      0.1923
 298      0.1071        0.9976  |    0.4612/  0.4949/  0.5083            0.5083          -0.1983     0.0142  |       0.4781      0.1923
 299      0.1086        0.9996  |    0.4793/  0.4962/  0.5084            0.5084          -0.1761     0.0208  |       0.4812      0.1923
IMAGEIO FFMPEG_WRITER WARNING: input image is not divisible by macro_block_size=16, resizing from (320, 180) to (320, 192) to ensure video compatibility with most codecs and players. To prevent resizing, make your input image divisible by the macro_block_size or set the macro_block_size to 1 (risking incompatibility).

Saved 300 frames -> /home/ashwink/Documents/swms/SWM_copy/rollouts_5_per/expert-only/epoch11/epoch11_rollout1_failure.mp4
min dist(green_cube,blue_moon) over episode = 0.1866  ->  FAILURE
Full log written to /home/ashwink/Documents/swms/SWM_copy/rollouts_5_per/expert-only/epoch11/epoch11_rollout1_20260723_132401.log
Result json -> /home/ashwink/Documents/swms/SWM_copy/rollouts_5_per/expert-only/epoch11/epoch11_rollout1_result.json
