Checkpoint dir epoch: 11  Rollout: 2
Logging to /home/ashwink/Documents/swms/SWM_copy/rollouts_5_per/expert-only/epoch11/epoch11_rollout2_20260723_132545.log
Goal (fixed, steps 0-299): the green cube is touching the blue moon. the peg is touching the green cube.

Checkpoint: /home/ashwink/Documents/swms/SWM_copy/training/checkpoints_clip_full_finetuned_wider_hl/epoch_011.pt
  epoch=11  step=10296

Loading CLIP ViT-L/14 (datacomp_xl_s13b_b90k) + fine-tuned clip_state_dict ...
Parsing model identifier. Schema: None, Identifier: ViT-L-14
Loaded built-in ViT-L-14 model config.
Instantiating model architecture: CLIP
Loading full pretrained weights from: /home/ashwink/.cache/huggingface/hub/models--laion--CLIP-ViT-L-14-DataComp.XL-s13B-b90K/snapshots/84c9828e63dc9a9351d1fe637c346d4c1c4db341/open_clip_pytorch_model.bin
Final image preprocessing configuration set: {'size': (224, 224), 'mode': 'RGB', 'mean': (0.48145466, 0.4578275, 0.40821073), 'std': (0.26862954, 0.26130258, 0.27577711), 'interpolation': 'bicubic', 'resize_mode': 'shortest', 'fill_color': 0}
Model ViT-L-14 creation process complete.
Parsing tokenizer identifier. Schema: None, Identifier: ViT-L-14
Attempting to load config from built-in: ViT-L-14
Using default SimpleTokenizer.
z_star shape: torch.Size([768])

Loading action stats from /home/ashwink/full_data_5000/langtable/demos/ ...
  lo=[-0.03372681140899658, -0.03493623435497284]  hi=[0.03496786952018738, 0.03494429588317871]

Initializing LangTable env ...
Loading URDF plane.urdf
Loading URDF /home/ashwink/Documents/swms/.venv/lib/python3.10/site-packages/language_table/environments/utils/../../../language_table/environments/assets/workspace_real.urdf
Loading URDF xarm/xarm6_robot_white.urdf
Loading URDF /home/ashwink/Documents/swms/.venv/lib/python3.10/site-packages/language_table/environments/utils/../../../language_table/environments/assets/suction/cylinder_real.urdf
Loading URDF /home/ashwink/Documents/swms/.venv/lib/python3.10/site-packages/language_table/environments/utils/../../../language_table/environments/assets/blocks/red_moon.urdf
Loading URDF /home/ashwink/Documents/swms/.venv/lib/python3.10/site-packages/language_table/environments/utils/../../../language_table/environments/assets/blocks/red_cube.urdf
Loading URDF /home/ashwink/Documents/swms/.venv/lib/python3.10/site-packages/language_table/environments/utils/../../../language_table/environments/assets/blocks/red_star.urdf
Loading URDF /home/ashwink/Documents/swms/.venv/lib/python3.10/site-packages/language_table/environments/utils/../../../language_table/environments/assets/blocks/red_pentagon.urdf
Loading URDF /home/ashwink/Documents/swms/.venv/lib/python3.10/site-packages/language_table/environments/utils/../../../language_table/environments/assets/blocks/blue_moon.urdf
Loading URDF /home/ashwink/Documents/swms/.venv/lib/python3.10/site-packages/language_table/environments/utils/../../../language_table/environments/assets/blocks/blue_cube.urdf
Loading URDF /home/ashwink/Documents/swms/.venv/lib/python3.10/site-packages/language_table/environments/utils/../../../language_table/environments/assets/blocks/blue_star.urdf
Loading URDF /home/ashwink/Documents/swms/.venv/lib/python3.10/site-packages/language_table/environments/utils/../../../language_table/environments/assets/blocks/blue_pentagon.urdf
Loading URDF /home/ashwink/Documents/swms/.venv/lib/python3.10/site-packages/language_table/environments/utils/../../../language_table/environments/assets/blocks/yellow_moon.urdf
Loading URDF /home/ashwink/Documents/swms/.venv/lib/python3.10/site-packages/language_table/environments/utils/../../../language_table/environments/assets/blocks/yellow_cube.urdf
Loading URDF /home/ashwink/Documents/swms/.venv/lib/python3.10/site-packages/language_table/environments/utils/../../../language_table/environments/assets/blocks/yellow_star.urdf
Loading URDF /home/ashwink/Documents/swms/.venv/lib/python3.10/site-packages/language_table/environments/utils/../../../language_table/environments/assets/blocks/yellow_pentagon.urdf
Loading URDF /home/ashwink/Documents/swms/.venv/lib/python3.10/site-packages/language_table/environments/utils/../../../language_table/environments/assets/blocks/green_moon.urdf
Loading URDF /home/ashwink/Documents/swms/.venv/lib/python3.10/site-packages/language_table/environments/utils/../../../language_table/environments/assets/blocks/green_cube.urdf
Loading URDF /home/ashwink/Documents/swms/.venv/lib/python3.10/site-packages/language_table/environments/utils/../../../language_table/environments/assets/blocks/green_star.urdf
Loading URDF /home/ashwink/Documents/swms/.venv/lib/python3.10/site-packages/language_table/environments/utils/../../../language_table/environments/assets/blocks/green_pentagon.urdf
Loading URDF /home/ashwink/Documents/swms/.venv/lib/python3.10/site-packages/language_table/environments/utils/../../../language_table/environments/assets/blocks/purple_moon.urdf
Loading URDF /home/ashwink/Documents/swms/.venv/lib/python3.10/site-packages/language_table/environments/utils/../../../language_table/environments/assets/blocks/purple_cube.urdf
Loading URDF /home/ashwink/Documents/swms/.venv/lib/python3.10/site-packages/language_table/environments/utils/../../../language_table/environments/assets/blocks/purple_star.urdf
Loading URDF /home/ashwink/Documents/swms/.venv/lib/python3.10/site-packages/language_table/environments/utils/../../../language_table/environments/assets/blocks/purple_pentagon.urdf
Env ready.

Forced peg start: [0.42843915 0.24419614]  (green_cube=[0.40339102 0.18967466], blue_moon=[0.32039625 0.00902261])
  dist(peg,green_cube)=0.0600  dist(peg,blue_moon)=0.2588  dist(green_cube,blue_moon)=0.1988

step  cos(zt,z*)  cos(zt,zt-1)  |   cos(predK,z*) min/mean/max  cos(pred_sel,z*)   cos(zpred0,z*)  ||a_raw||  |  dist(peg,A)   dist(A,B)
-------------------------------------------------------------------------------------------------------------------------------------------------------------------------------
   0      0.1303           nan  |    0.6331/  0.7430/  0.7534            0.7534           0.6692     0.0119  |       0.0587      0.1988
   1      0.1280        0.9899  |    0.7173/  0.7453/  0.7532            0.7532           0.6735     0.0037  |       0.0484      0.1988
   2      0.1331        0.9935  |    0.6824/  0.7333/  0.7465            0.7465           0.6699     0.0067  |       0.0494      0.1988
   3      0.1302        0.9937  |    0.7035/  0.7344/  0.7475            0.7475           0.6684     0.0074  |       0.0546      0.1988
   4      0.1327        0.9954  |    0.6924/  0.7338/  0.7451            0.7451           0.6679     0.0067  |       0.0560      0.1988
   5      0.1266        0.9950  |    0.6868/  0.7343/  0.7476            0.7476           0.6684     0.0030  |       0.0501      0.1988
   6      0.1330        0.9952  |    0.7065/  0.7367/  0.7477            0.7477           0.6720     0.0103  |       0.0523      0.1988
   7      0.1279        0.9940  |    0.7023/  0.7275/  0.7407            0.7407           0.6653     0.0045  |       0.0538      0.1988
   8      0.1301        0.9937  |    0.7032/  0.7364/  0.7467            0.7467           0.6729     0.0018  |       0.0530      0.1988
   9      0.1285        0.9953  |    0.7073/  0.7381/  0.7467            0.7467           0.6759     0.0058  |       0.0519      0.1988
  10      0.1304        0.9978  |    0.5745/  0.7320/  0.7485            0.7485           0.6788     0.0018  |       0.0553      0.1988
  11      0.1315        0.9962  |    0.7181/  0.7465/  0.7565            0.7565           0.6799     0.0131  |       0.0542      0.1988
  12      0.1314        0.9881  |    0.7260/  0.7530/  0.7606            0.7606           0.6744     0.0057  |       0.0443      0.1988
  13      0.1302        0.9900  |    0.7164/  0.7399/  0.7504            0.7504           0.6730     0.0053  |       0.0471      0.1988
  14      0.1318        0.9936  |    0.7156/  0.7436/  0.7538            0.7538           0.6791     0.0031  |       0.0508      0.1988
  15      0.1310        0.9975  |    0.7140/  0.7390/  0.7488            0.7488           0.6763     0.0056  |       0.0533      0.1988
  16      0.1299        0.9938  |    0.7175/  0.7427/  0.7533            0.7533           0.6802     0.0070  |       0.0490      0.1988
  17      0.1308        0.9925  |    0.7232/  0.7459/  0.7567            0.7567           0.6745     0.0082  |       0.0541      0.1988
  18      0.1364        0.9889  |    0.7201/  0.7443/  0.7549            0.7549           0.6668     0.0061  |       0.0498      0.1988
  19      0.1431        0.8955  |    0.7111/  0.7324/  0.7423            0.7423           0.6541     0.0062  |       0.0448      0.1988
  20      0.1375        0.9352  |    0.7063/  0.7317/  0.7404            0.7404           0.6665     0.0086  |       0.0393      0.1983
  21      0.1371        0.9031  |    0.7000/  0.7374/  0.7450            0.7450           0.6805     0.0013  |       0.0373      0.1948
  22      0.1261        0.9610  |    0.7221/  0.7447/  0.7526            0.7526           0.6915     0.0106  |       0.0363      0.1944
  23      0.1313        0.8894  |    0.6895/  0.7105/  0.7203            0.7203           0.6765     0.0143  |       0.0345      0.1887
  24      0.1046        0.8331  |    0.6831/  0.7094/  0.7211            0.7211           0.6693     0.0046  |       0.0334      0.1804
  25      0.1048        0.8867  |    0.7132/  0.7405/  0.7495            0.7495           0.6857     0.0251  |       0.0325      0.1780
  26      0.1185        0.7653  |    0.7038/  0.7200/  0.7267            0.7267           0.6595     0.0118  |       0.0420      0.1630
  27      0.0596        0.7610  |    0.7227/  0.7589/  0.7673            0.7673           0.6711     0.0159  |       0.0372      0.1627
  28      0.0913        0.8838  |    0.7345/  0.7581/  0.7660            0.7660           0.6845     0.0089  |       0.0333      0.1612
  29      0.0829        0.8920  |    0.7188/  0.7615/  0.7683            0.7683           0.7020     0.0052  |       0.0333      0.1619
  30      0.0898        0.9475  |    0.7240/  0.7423/  0.7490            0.7490           0.6919     0.0099  |       0.0336      0.1631
  31      0.0953        0.9220  |    0.7004/  0.7187/  0.7254            0.7254           0.6556     0.0093  |       0.0340      0.1644
  32      0.1127        0.9142  |    0.6072/  0.6292/  0.6387            0.6387           0.4084     0.0164  |       0.0345      0.1688
  33      0.1087        0.8517  |    0.5964/  0.6442/  0.6505            0.6505           0.5895     0.0099  |       0.0397      0.1692
  34      0.1038        0.9337  |    0.5520/  0.5681/  0.5785            0.5785           0.5264     0.0065  |       0.0422      0.1693
  35      0.1143        0.9496  |    0.5573/  0.5717/  0.5796            0.5796           0.5453     0.0109  |       0.0483      0.1693
  36      0.0341        0.8354  |    0.1287/  0.1650/  0.1945            0.1945          -0.2625     0.0355  |       0.0581      0.1693
  37     -0.0105        0.7313  |    0.2790/  0.3014/  0.3182            0.3182          -0.3645     0.0318  |       0.0889      0.1693
  38     -0.1198        0.6911  |   -0.1393/ -0.1090/ -0.0834           -0.0834          -0.3126     0.0477  |       0.1184      0.1693
  39     -0.0724        0.8802  |   -0.1147/ -0.0934/ -0.0730           -0.0730          -0.3322     0.0310  |       0.1589      0.1693
  40     -0.0492        0.9067  |   -0.0523/ -0.0240/ -0.0007           -0.0007          -0.3043     0.0388  |       0.1895      0.1693
  41      0.0732        0.7222  |   -0.2045/ -0.1849/ -0.1773           -0.1773          -0.2528     0.0393  |       0.2269      0.1693
  42      0.1051        0.8412  |   -0.1972/ -0.1573/ -0.1447           -0.1447          -0.2594     0.0253  |       0.2625      0.1693
  43      0.1187        0.9291  |   -0.1543/ -0.0658/ -0.0454           -0.0454          -0.3264     0.0068  |       0.2882      0.1693
  44      0.1042        0.9247  |   -0.2037/ -0.1363/ -0.1165           -0.1165          -0.2907     0.0228  |       0.2940      0.1693
  45      0.1079        0.8892  |   -0.2255/ -0.1873/ -0.1711           -0.1711          -0.3037     0.0261  |       0.2852      0.1693
  46      0.1068        0.9486  |   -0.0153/  0.0045/  0.0220            0.0220          -0.3058     0.0124  |       0.2630      0.1693
  47      0.0991        0.9629  |    0.2389/  0.2629/  0.2777            0.2777          -0.3199     0.0382  |       0.2515      0.1693
  48      0.1075        0.9161  |    0.0338/  0.0775/  0.0966            0.0966          -0.3029     0.0449  |       0.2713      0.1693
  49      0.1172        0.8475  |    0.1961/  0.2217/  0.2344            0.2344          -0.2473     0.0380  |       0.2909      0.1693
  50      0.0999        0.8169  |    0.0457/  0.0759/  0.0915            0.0915          -0.3025     0.0308  |       0.3151      0.1693
  51      0.1279        0.8066  |    0.0708/  0.0961/  0.1205            0.1205          -0.2365     0.0451  |       0.3344      0.1693
  52      0.1230        0.7867  |   -0.0194/  0.0149/  0.0393            0.0393          -0.3305     0.0374  |       0.3653      0.1693
  53      0.1082        0.8784  |    0.0139/  0.0477/  0.0654            0.0654          -0.3124     0.0474  |       0.4001      0.1693
  54      0.0652        0.8966  |    0.1706/  0.2064/  0.2242            0.2242          -0.2782     0.0324  |       0.4370      0.1693
  55      0.0652        1.0000  |    0.1653/  0.2044/  0.2267            0.2267          -0.2782     0.0415  |       0.4652      0.1693
  56      0.0652        1.0000  |    0.1750/  0.2059/  0.2226            0.2226          -0.2782     0.0158  |       0.4890      0.1693
  57      0.0652        1.0000  |    0.1651/  0.2080/  0.2253            0.2253          -0.2779     0.0264  |       0.4942      0.1693
  58      0.0652        1.0000  |    0.1405/  0.1966/  0.2166            0.2166          -0.2782     0.0325  |       0.4958      0.1693
  59      0.0652        1.0000  |    0.1492/  0.1913/  0.2098            0.2098          -0.2782     0.0275  |       0.4990      0.1693
  60      0.0652        1.0000  |    0.1741/  0.2149/  0.2356            0.2356          -0.2782     0.0293  |       0.5016      0.1693
  61      0.0652        1.0000  |    0.1534/  0.1709/  0.1859            0.1859          -0.2779     0.0343  |       0.5152      0.1693
  62      0.0652        1.0000  |    0.1628/  0.2018/  0.2266            0.2266          -0.2779     0.0294  |       0.5220      0.1693
  63      0.0652        1.0000  |    0.1480/  0.1997/  0.2236            0.2236          -0.2782     0.0325  |       0.5309      0.1693
  64      0.0652        1.0000  |    0.1455/  0.1776/  0.1961            0.1961          -0.2782     0.0318  |       0.5419      0.1693
  65      0.0652        1.0000  |    0.1602/  0.2056/  0.2255            0.2255          -0.2782     0.0281  |       0.5323      0.1693
  66      0.0652        1.0000  |    0.1918/  0.2218/  0.2376            0.2376          -0.2782     0.0321  |       0.5275      0.1693
  67      0.0652        1.0000  |    0.1673/  0.2048/  0.2252            0.2252          -0.2783     0.0259  |       0.5322      0.1693
  68      0.0652        1.0000  |    0.1311/  0.1758/  0.1977            0.1977          -0.2783     0.0238  |       0.5373      0.1693
  69      0.0652        1.0000  |    0.1395/  0.2048/  0.2300            0.2300          -0.2783     0.0274  |       0.5276      0.1693
  70      0.0670        0.9992  |    0.2260/  0.2631/  0.2847            0.2847          -0.2306     0.0232  |       0.5248      0.1693
  71      0.0651        0.9992  |    0.1658/  0.2130/  0.2381            0.2381          -0.2796     0.0336  |       0.5274      0.1693
  72      0.0652        1.0000  |    0.1506/  0.2041/  0.2230            0.2230          -0.2780     0.0187  |       0.5325      0.1693
  73      0.0652        1.0000  |    0.1330/  0.1943/  0.2189            0.2189          -0.2780     0.0255  |       0.5315      0.1693
  74      0.0652        1.0000  |    0.1641/  0.2152/  0.2336            0.2336          -0.2780     0.0245  |       0.5300      0.1693
  75      0.0652        1.0000  |    0.1467/  0.1918/  0.2133            0.2133          -0.2783     0.0323  |       0.5295      0.1693
  76      0.0652        1.0000  |    0.1543/  0.1944/  0.2133            0.2133          -0.2783     0.0284  |       0.5225      0.1693
  77      0.0652        1.0000  |    0.1375/  0.1831/  0.2039            0.2039          -0.2780     0.0353  |       0.5204      0.1693
  78      0.0652        1.0000  |    0.1444/  0.1855/  0.2055            0.2055          -0.2783     0.0217  |       0.5104      0.1693
  79      0.0652        1.0000  |    0.1682/  0.2105/  0.2282            0.2282          -0.2783     0.0250  |       0.5073      0.1693
  80      0.0652        1.0000  |    0.1652/  0.2129/  0.2330            0.2330          -0.2783     0.0236  |       0.5049      0.1693
  81      0.0652        1.0000  |    0.1572/  0.2063/  0.2283            0.2283          -0.2783     0.0315  |       0.5119      0.1693
  82      0.0652        1.0000  |    0.1503/  0.2171/  0.2379            0.2379          -0.2783     0.0234  |       0.5108      0.1693
  83      0.0652        1.0000  |    0.1494/  0.2068/  0.2274            0.2274          -0.2783     0.0235  |       0.5159      0.1693
  84      0.0652        1.0000  |    0.1575/  0.2022/  0.2236            0.2236          -0.2783     0.0295  |       0.5135      0.1693
  85      0.0652        1.0000  |    0.1484/  0.1867/  0.2056            0.2056          -0.2783     0.0327  |       0.5107      0.1693
  86      0.0652        1.0000  |    0.1391/  0.1891/  0.2139            0.2139          -0.2783     0.0281  |       0.5015      0.1693
  87      0.0652        1.0000  |    0.1540/  0.2022/  0.2225            0.2225          -0.2780     0.0265  |       0.4980      0.1693
  88      0.0652        1.0000  |    0.1611/  0.1919/  0.2074            0.2074          -0.2783     0.0349  |       0.4979      0.1693
  89      0.0652        1.0000  |    0.1551/  0.2033/  0.2226            0.2226          -0.2783     0.0298  |       0.4910      0.1693
  90      0.0652        1.0000  |    0.1470/  0.2173/  0.2380            0.2380          -0.2783     0.0225  |       0.4860      0.1693
  91      0.0652        1.0000  |    0.1506/  0.1948/  0.2140            0.2140          -0.2780     0.0242  |       0.4910      0.1693
  92      0.0652        1.0000  |    0.1224/  0.1520/  0.1747            0.1747          -0.2783     0.0353  |       0.4893      0.1693
  93      0.0652        1.0000  |    0.1410/  0.1716/  0.1931            0.1931          -0.2783     0.0216  |       0.4716      0.1693
  94      0.0840        0.9642  |   -0.0321/  0.0185/  0.0398            0.0398          -0.4033     0.0274  |       0.4661      0.1693
  95      0.0673        0.9669  |    0.1499/  0.1943/  0.2154            0.2154          -0.3015     0.0291  |       0.4695      0.1693
  96      0.0652        0.9973  |    0.1693/  0.2010/  0.2190            0.2190          -0.2783     0.0252  |       0.4717      0.1693
  97      0.0677        0.9986  |    0.1511/  0.2035/  0.2251            0.2251          -0.2895     0.0303  |       0.4702      0.1693
  98      0.0652        0.9986  |    0.1438/  0.2027/  0.2251            0.2251          -0.2783     0.0299  |       0.4776      0.1693
  99      0.0652        1.0000  |    0.1257/  0.1475/  0.1627            0.1627          -0.2786     0.0297  |       0.4807      0.1693
 100      0.0680        0.9710  |    0.1370/  0.1778/  0.1996            0.1996          -0.3710     0.0357  |       0.4671      0.1693
 101      0.0652        0.9710  |    0.1291/  0.1690/  0.1913            0.1913          -0.2786     0.0258  |       0.4811      0.1693
 102      0.0652        1.0000  |    0.1307/  0.1654/  0.1796            0.1796          -0.2783     0.0270  |       0.4846      0.1693
 103      0.0652        1.0000  |    0.1195/  0.1816/  0.1973            0.1973          -0.2786     0.0337  |       0.4843      0.1693
 104      0.0652        1.0000  |    0.1345/  0.1846/  0.2016            0.2016          -0.2786     0.0324  |       0.5055      0.1693
 105      0.0652        1.0000  |    0.1397/  0.1979/  0.2141            0.2141          -0.2783     0.0307  |       0.5011      0.1693
 106      0.0652        1.0000  |    0.1597/  0.1881/  0.2032            0.2032          -0.2783     0.0177  |       0.5107      0.1693
 107      0.0652        1.0000  |    0.1774/  0.2205/  0.2367            0.2367          -0.2783     0.0313  |       0.5094      0.1693
 108      0.0652        1.0000  |    0.1706/  0.2173/  0.2371            0.2371          -0.2786     0.0328  |       0.5150      0.1693
 109      0.0652        1.0000  |    0.1465/  0.1698/  0.1809            0.1809          -0.2783     0.0289  |       0.5204      0.1693
 110      0.0652        1.0000  |    0.1482/  0.1997/  0.2217            0.2217          -0.2786     0.0167  |       0.5099      0.1693
 111      0.0652        1.0000  |    0.1480/  0.2086/  0.2335            0.2335          -0.2786     0.0299  |       0.5071      0.1693
 112      0.0653        1.0000  |    0.1616/  0.2131/  0.2323            0.2323          -0.2773     0.0234  |       0.5063      0.1693
 113      0.0653        1.0000  |    0.1638/  0.2109/  0.2319            0.2319          -0.2773     0.0307  |       0.5029      0.1693
 114      0.0653        1.0000  |    0.1528/  0.2026/  0.2266            0.2266          -0.2773     0.0306  |       0.5055      0.1693
 115      0.0653        1.0000  |    0.1169/  0.1793/  0.2029            0.2029          -0.2773     0.0355  |       0.5093      0.1693
 116      0.0653        1.0000  |    0.1293/  0.1759/  0.1957            0.1957          -0.2773     0.0266  |       0.5034      0.1693
 117      0.0653        1.0000  |    0.1494/  0.1943/  0.2163            0.2163          -0.2773     0.0250  |       0.5022      0.1693
 118      0.0653        1.0000  |    0.1378/  0.1660/  0.1850            0.1850          -0.2773     0.0210  |       0.5093      0.1693
 119      0.0653        1.0000  |    0.1539/  0.1791/  0.1949            0.1949          -0.2773     0.0290  |       0.5111      0.1693
 120      0.0653        1.0000  |    0.1720/  0.2020/  0.2202            0.2202          -0.2773     0.0352  |       0.5052      0.1693
 121      0.0650        1.0000  |    0.1616/  0.2120/  0.2298            0.2298          -0.2763     0.0258  |       0.5122      0.1693
 122      0.0650        1.0000  |    0.1898/  0.2268/  0.2497            0.2497          -0.2763     0.0328  |       0.5160      0.1693
 123      0.0650        1.0000  |    0.1307/  0.1847/  0.2055            0.2055          -0.2761     0.0330  |       0.5303      0.1693
 124      0.0650        1.0000  |    0.1429/  0.1955/  0.2177            0.2177          -0.2763     0.0266  |       0.5212      0.1693
 125      0.0650        1.0000  |    0.1488/  0.1949/  0.2195            0.2195          -0.2763     0.0283  |       0.5217      0.1693
 126      0.0650        1.0000  |    0.1715/  0.2120/  0.2302            0.2302          -0.2763     0.0297  |       0.5126      0.1693
 127      0.0650        1.0000  |    0.1373/  0.1858/  0.2022            0.2022          -0.2763     0.0297  |       0.5115      0.1693
 128      0.0650        1.0000  |    0.1690/  0.1984/  0.2153            0.2153          -0.2763     0.0337  |       0.5027      0.1693
 129      0.0650        1.0000  |    0.1289/  0.1511/  0.1699            0.1699          -0.2763     0.0240  |       0.5015      0.1693
 130      0.0650        1.0000  |    0.1314/  0.2074/  0.2282            0.2282          -0.2763     0.0314  |       0.4890      0.1693
 131      0.0650        1.0000  |    0.1250/  0.1857/  0.2083            0.2083          -0.2763     0.0174  |       0.4875      0.1693
 132      0.0650        1.0000  |    0.1690/  0.2047/  0.2232            0.2232          -0.2763     0.0293  |       0.4839      0.1693
 133      0.0650        1.0000  |    0.2020/  0.2204/  0.2318            0.2318          -0.2763     0.0296  |       0.4746      0.1693
 134      0.0650        1.0000  |    0.1561/  0.1969/  0.2199            0.2199          -0.2761     0.0282  |       0.4810      0.1693
 135      0.0650        1.0000  |    0.1458/  0.1949/  0.2167            0.2167          -0.2763     0.0247  |       0.4805      0.1693
 136      0.0650        1.0000  |    0.1499/  0.2029/  0.2266            0.2266          -0.2761     0.0281  |       0.4783      0.1693
 137      0.0650        1.0000  |    0.1603/  0.2129/  0.2307            0.2307          -0.2763     0.0232  |       0.4763      0.1693
 138      0.0650        1.0000  |    0.1637/  0.1991/  0.2177            0.2177          -0.2757     0.0227  |       0.4764      0.1693
 139      0.0650        1.0000  |    0.1734/  0.2049/  0.2261            0.2261          -0.2757     0.0321  |       0.4740      0.1693
 140      0.0650        1.0000  |    0.1411/  0.1862/  0.2122            0.2122          -0.2763     0.0274  |       0.4761      0.1693
 141      0.0826        0.9378  |   -0.2140/ -0.1654/ -0.1390           -0.1390          -0.3546     0.0304  |       0.4644      0.1693
 142      0.0875        0.9937  |   -0.1102/ -0.0816/ -0.0507           -0.0507          -0.3602     0.0393  |       0.4639      0.1693
 143      0.0486        0.8920  |   -0.0701/ -0.0508/ -0.0353           -0.0353          -0.4221     0.0350  |       0.4491      0.1693
 144      0.0251        0.9183  |    0.0091/  0.0314/  0.0517            0.0517          -0.3892     0.0485  |       0.4396      0.1693
 145      0.0857        0.8456  |   -0.0006/  0.0221/  0.0416            0.0416          -0.3607     0.0367  |       0.4639      0.1693
 146      0.0650        0.9345  |    0.1596/  0.1861/  0.2138            0.2138          -0.2761     0.0355  |       0.4914      0.1693
 147      0.0650        1.0000  |    0.1821/  0.2083/  0.2306            0.2306          -0.2761     0.0351  |       0.5197      0.1693
 148      0.0650        1.0000  |    0.1824/  0.2127/  0.2412            0.2412          -0.2761     0.0471  |       0.5475      0.1693
 149      0.0650        1.0000  |    0.1886/  0.2122/  0.2438            0.2438          -0.2761     0.0382  |       0.5382      0.1693
 150      0.0650        1.0000  |    0.1956/  0.2261/  0.2470            0.2470          -0.2761     0.0356  |       0.5302      0.1693
 151      0.0650        1.0000  |    0.1937/  0.2196/  0.2422            0.2422          -0.2761     0.0435  |       0.5256      0.1693
 152      0.0650        1.0000  |    0.1921/  0.2224/  0.2461            0.2461          -0.2761     0.0434  |       0.5156      0.1693
 153      0.0650        1.0000  |    0.1596/  0.1861/  0.2137            0.2137          -0.2754     0.0404  |       0.5069      0.1693
 154      0.0650        1.0000  |    0.1404/  0.1592/  0.1774            0.1774          -0.2754     0.0472  |       0.5008      0.1693
 155      0.0649        1.0000  |    0.1265/  0.1525/  0.1715            0.1715          -0.2759     0.0377  |       0.4932      0.1693
 156      0.0649        1.0000  |    0.0922/  0.1241/  0.1432            0.1432          -0.2759     0.0473  |       0.4899      0.1693
 157      0.0649        1.0000  |    0.0737/  0.1016/  0.1215            0.1215          -0.2759     0.0478  |       0.4852      0.1693
 158      0.0649        1.0000  |    0.0813/  0.1158/  0.1350            0.1350          -0.2759     0.0354  |       0.4824      0.1693
 159      0.0649        1.0000  |    0.1023/  0.1254/  0.1437            0.1437          -0.2759     0.0402  |       0.4817      0.1693
 160      0.0649        1.0000  |    0.0860/  0.1113/  0.1273            0.1273          -0.2759     0.0393  |       0.4832      0.1693
 161      0.0649        1.0000  |    0.0973/  0.1273/  0.1471            0.1471          -0.2759     0.0345  |       0.4870      0.1693
 162      0.0649        1.0000  |    0.1365/  0.1620/  0.1799            0.1799          -0.2759     0.0450  |       0.4928      0.1693
 163      0.0649        1.0000  |    0.1328/  0.1509/  0.1636            0.1636          -0.2759     0.0422  |       0.5007      0.1693
 164      0.0649        1.0000  |    0.1850/  0.2228/  0.2473            0.2473          -0.2752     0.0457  |       0.5107      0.1693
 165      0.0649        1.0000  |    0.2256/  0.2460/  0.2615            0.2615          -0.2752     0.0380  |       0.5134      0.1693
 166      0.0649        1.0000  |    0.2194/  0.2392/  0.2509            0.2509          -0.2759     0.0437  |       0.5137      0.1693
 167      0.0649        1.0000  |    0.1910/  0.2212/  0.2415            0.2415          -0.2759     0.0427  |       0.5137      0.1693
 168      0.0649        1.0000  |    0.1746/  0.2040/  0.2271            0.2271          -0.2759     0.0428  |       0.5136      0.1693
 169      0.0649        1.0000  |    0.1653/  0.1882/  0.2127            0.2127          -0.2759     0.0347  |       0.5136      0.1693
 170      0.0649        1.0000  |    0.1767/  0.2051/  0.2294            0.2294          -0.2759     0.0405  |       0.5137      0.1693
 171      0.0649        1.0000  |    0.1479/  0.1722/  0.1916            0.1916          -0.2759     0.0454  |       0.5137      0.1693
 172      0.0649        1.0000  |    0.1411/  0.1646/  0.1899            0.1899          -0.2759     0.0385  |       0.5137      0.1693
 173      0.0649        1.0000  |    0.1161/  0.1420/  0.1651            0.1651          -0.2752     0.0473  |       0.5138      0.1693
 174      0.0649        1.0000  |    0.0975/  0.1170/  0.1383            0.1383          -0.2759     0.0437  |       0.5137      0.1693
 175      0.0649        1.0000  |    0.1112/  0.1335/  0.1581            0.1581          -0.2759     0.0455  |       0.5137      0.1693
 176      0.0649        1.0000  |    0.1029/  0.1272/  0.1453            0.1453          -0.2759     0.0472  |       0.5136      0.1693
 177      0.0649        1.0000  |    0.0824/  0.1084/  0.1303            0.1303          -0.2759     0.0483  |       0.5136      0.1693
 178      0.0649        1.0000  |    0.0684/  0.1127/  0.1327            0.1327          -0.2759     0.0375  |       0.5136      0.1693
 179      0.0649        1.0000  |    0.0806/  0.1096/  0.1315            0.1315          -0.2752     0.0455  |       0.5136      0.1693
 180      0.0649        1.0000  |    0.0734/  0.1278/  0.1470            0.1470          -0.2759     0.0328  |       0.5136      0.1693
 181      0.0649        1.0000  |    0.1054/  0.1468/  0.1707            0.1707          -0.2759     0.0430  |       0.5136      0.1693
 182      0.0649        1.0000  |    0.1774/  0.2151/  0.2437            0.2437          -0.2759     0.0449  |       0.5136      0.1693
 183      0.0649        1.0000  |    0.2089/  0.2403/  0.2571            0.2571          -0.2759     0.0377  |       0.5136      0.1693
 184      0.0649        1.0000  |    0.2207/  0.2523/  0.2707            0.2707          -0.2752     0.0410  |       0.5136      0.1693
 185      0.0649        1.0000  |    0.2109/  0.2354/  0.2534            0.2534          -0.2759     0.0439  |       0.5136      0.1693
 186      0.0649        1.0000  |    0.1782/  0.2072/  0.2350            0.2350          -0.2759     0.0449  |       0.5136      0.1693
 187      0.0649        1.0000  |    0.1750/  0.2182/  0.2501            0.2501          -0.2759     0.0340  |       0.5136      0.1693
 188      0.0649        1.0000  |    0.1619/  0.1956/  0.2222            0.2222          -0.2752     0.0452  |       0.5136      0.1693
 189      0.0649        1.0000  |    0.1911/  0.2232/  0.2521            0.2521          -0.2759     0.0335  |       0.5136      0.1693
 190      0.0649        1.0000  |    0.2033/  0.2304/  0.2527            0.2527          -0.2759     0.0429  |       0.5136      0.1693
 191      0.0649        1.0000  |    0.2109/  0.2347/  0.2536            0.2536          -0.2759     0.0354  |       0.5136      0.1693
 192      0.0649        1.0000  |    0.1777/  0.2027/  0.2290            0.2290          -0.2752     0.0419  |       0.5136      0.1693
 193      0.0649        1.0000  |    0.1636/  0.1888/  0.2117            0.2117          -0.2759     0.0443  |       0.5136      0.1693
 194      0.0649        1.0000  |    0.1720/  0.1963/  0.2294            0.2294          -0.2759     0.0434  |       0.5136      0.1693
 195      0.0649        1.0000  |    0.1326/  0.1614/  0.1871            0.1871          -0.2759     0.0475  |       0.5136      0.1693
 196      0.0649        1.0000  |    0.1408/  0.1659/  0.1869            0.1869          -0.2752     0.0366  |       0.5136      0.1693
 197      0.0649        1.0000  |    0.1230/  0.1551/  0.1807            0.1807          -0.2759     0.0463  |       0.5136      0.1693
 198      0.0649        1.0000  |    0.0937/  0.1228/  0.1470            0.1470          -0.2758     0.0468  |       0.5136      0.1693
 199      0.0649        1.0000  |    0.1123/  0.1335/  0.1539            0.1539          -0.2758     0.0467  |       0.5137      0.1693
 200      0.0649        1.0000  |    0.1038/  0.1310/  0.1599            0.1599          -0.2752     0.0471  |       0.5137      0.1693
 201      0.0649        1.0000  |    0.0807/  0.1094/  0.1309            0.1309          -0.2758     0.0479  |       0.5137      0.1693
 202      0.0649        1.0000  |    0.0463/  0.0854/  0.1067            0.1067          -0.2758     0.0424  |       0.5138      0.1693
 203      0.0649        1.0000  |    0.0426/  0.0796/  0.0955            0.0955          -0.2758     0.0347  |       0.5138      0.1693
 204      0.0649        1.0000  |    0.0949/  0.1325/  0.1502            0.1502          -0.2752     0.0388  |       0.5138      0.1693
 205      0.0649        1.0000  |    0.1121/  0.1366/  0.1502            0.1502          -0.2758     0.0378  |       0.5138      0.1693
 206      0.0649        1.0000  |    0.1224/  0.1410/  0.1569            0.1569          -0.2758     0.0364  |       0.5138      0.1693
 207      0.0649        1.0000  |    0.1525/  0.1732/  0.1917            0.1917          -0.2758     0.0362  |       0.5138      0.1693
 208      0.0649        1.0000  |    0.2138/  0.2371/  0.2606            0.2606          -0.2752     0.0442  |       0.5138      0.1693
 209      0.0649        1.0000  |    0.2460/  0.2662/  0.2818            0.2818          -0.2758     0.0401  |       0.5138      0.1693
 210      0.0649        1.0000  |    0.2367/  0.2624/  0.2786            0.2786          -0.2758     0.0429  |       0.5138      0.1693
 211      0.0650        1.0000  |    0.1891/  0.2247/  0.2398            0.2398          -0.2758     0.0432  |       0.5138      0.1693
 212      0.0650        1.0000  |    0.1871/  0.2117/  0.2320            0.2320          -0.2760     0.0397  |       0.5138      0.1693
 213      0.0649        1.0000  |    0.1804/  0.2167/  0.2432            0.2432          -0.2764     0.0367  |       0.5138      0.1693
 214      0.0649        1.0000  |    0.1868/  0.2124/  0.2448            0.2448          -0.2764     0.0383  |       0.5138      0.1693
 215      0.0650        1.0000  |    0.1816/  0.2117/  0.2371            0.2371          -0.2758     0.0383  |       0.5138      0.1693
 216      0.0649        1.0000  |    0.1795/  0.2210/  0.2470            0.2470          -0.2764     0.0465  |       0.5138      0.1693
 217      0.0649        1.0000  |    0.1861/  0.2116/  0.2348            0.2348          -0.2764     0.0346  |       0.5138      0.1693
 218      0.0650        1.0000  |    0.1702/  0.1933/  0.2221            0.2221          -0.2758     0.0439  |       0.5138      0.1693
 219      0.0649        1.0000  |    0.1418/  0.1615/  0.1848            0.1848          -0.2764     0.0479  |       0.5138      0.1693
 220      0.0649        1.0000  |    0.0921/  0.1199/  0.1467            0.1467          -0.2764     0.0465  |       0.5138      0.1693
 221      0.0649        1.0000  |    0.1069/  0.1350/  0.1610            0.1610          -0.2764     0.0407  |       0.5138      0.1693
 222      0.0650        1.0000  |    0.1357/  0.1610/  0.1814            0.1814          -0.2758     0.0445  |       0.5138      0.1693
 223      0.0649        1.0000  |    0.1127/  0.1383/  0.1607            0.1607          -0.2764     0.0466  |       0.5138      0.1693
 224      0.0649        1.0000  |    0.0466/  0.1178/  0.1584            0.1584          -0.2764     0.0423  |       0.5138      0.1693
 225      0.0650        1.0000  |    0.1756/  0.2377/  0.2522            0.2522          -0.2758     0.0334  |       0.5138      0.1693
 226      0.0649        1.0000  |    0.1734/  0.2236/  0.2417            0.2417          -0.2764     0.0233  |       0.5070      0.1693
 227      0.0649        1.0000  |    0.1795/  0.2125/  0.2317            0.2317          -0.2764     0.0325  |       0.5003      0.1693
 228      0.0649        1.0000  |    0.1436/  0.1956/  0.2181            0.2181          -0.2764     0.0249  |       0.4928      0.1693
 229      0.0650        1.0000  |    0.1708/  0.2231/  0.2418            0.2418          -0.2758     0.0283  |       0.4773      0.1693
 230      0.0649        1.0000  |    0.1842/  0.2306/  0.2481            0.2481          -0.2764     0.0230  |       0.4722      0.1693
 231      0.0649        1.0000  |    0.1576/  0.1959/  0.2139            0.2139          -0.2764     0.0311  |       0.4757      0.1693
 232      0.0650        1.0000  |    0.1382/  0.1547/  0.1656            0.1656          -0.2758     0.0243  |       0.4665      0.1693
 233      0.0650        1.0000  |    0.1548/  0.2045/  0.2231            0.2231          -0.2758     0.0266  |       0.4533      0.1693
 234      0.0649        1.0000  |    0.1702/  0.2179/  0.2392            0.2392          -0.2764     0.0338  |       0.4432      0.1693
 235      0.0649        1.0000  |    0.1678/  0.1875/  0.1980            0.1980          -0.2764     0.0234  |       0.4525      0.1693
 236      0.0650        1.0000  |    0.1895/  0.2277/  0.2477            0.2477          -0.2758     0.0310  |       0.4457      0.1693
 237      0.0649        1.0000  |    0.1259/  0.1972/  0.2151            0.2151          -0.2764     0.0358  |       0.4571      0.1693
 238      0.0649        1.0000  |    0.1134/  0.1977/  0.2169            0.2169          -0.2764     0.0297  |       0.4551      0.1693
 239      0.0650        1.0000  |    0.1606/  0.2092/  0.2274            0.2274          -0.2758     0.0168  |       0.4617      0.1693
 240      0.0650        1.0000  |    0.1364/  0.1959/  0.2198            0.2198          -0.2758     0.0303  |       0.4741      0.1693
 241      0.0649        1.0000  |    0.1638/  0.2226/  0.2434            0.2434          -0.2764     0.0261  |       0.4798      0.1693
 242      0.0649        1.0000  |    0.1472/  0.1982/  0.2225            0.2225          -0.2764     0.0292  |       0.4946      0.1693
 243      0.0650        1.0000  |    0.1280/  0.1900/  0.2098            0.2098          -0.2758     0.0296  |       0.4960      0.1693
 244      0.0649        1.0000  |    0.1767/  0.2106/  0.2281            0.2281          -0.2764     0.0292  |       0.4828      0.1693
 245      0.0649        1.0000  |    0.1456/  0.1885/  0.2089            0.2089          -0.2764     0.0364  |       0.4873      0.1693
 246      0.0650        1.0000  |    0.1373/  0.1845/  0.2035            0.2035          -0.2758     0.0262  |       0.4785      0.1693
 247      0.0649        1.0000  |    0.1907/  0.2276/  0.2433            0.2433          -0.2764     0.0220  |       0.4717      0.1693
 248      0.0649        1.0000  |    0.1722/  0.2207/  0.2396            0.2396          -0.2764     0.0288  |       0.4735      0.1693
 249      0.0649        1.0000  |    0.1237/  0.1899/  0.2100            0.2100          -0.2764     0.0291  |       0.4799      0.1693
 250      0.0704        0.9905  |    0.0972/  0.1294/  0.1494            0.1494          -0.3154     0.0244  |       0.4695      0.1693
 251      0.0735        0.9996  |    0.0968/  0.1235/  0.1413            0.1413          -0.3133     0.0304  |       0.4698      0.1693
 252      0.0919        0.9288  |   -0.2119/ -0.1843/ -0.1646           -0.1646          -0.3577     0.0341  |       0.4630      0.1693
 253      0.0934        0.9688  |   -0.1010/ -0.0762/ -0.0565           -0.0565          -0.3905     0.0319  |       0.4592      0.1693
 254      0.0829        0.9500  |   -0.1138/ -0.0873/ -0.0692           -0.0692          -0.4139     0.0355  |       0.4561      0.1693
 255      0.0650        0.8586  |    0.1729/  0.1985/  0.2148            0.2148          -0.2737     0.0412  |       0.4727      0.1693
 256      0.0650        1.0000  |    0.1778/  0.2022/  0.2217            0.2217          -0.2737     0.0356  |       0.4984      0.1693
 257      0.0650        1.0000  |    0.1633/  0.2196/  0.2481            0.2481          -0.2730     0.0334  |       0.5267      0.1693
 258      0.0650        1.0000  |    0.1969/  0.2287/  0.2532            0.2532          -0.2737     0.0375  |       0.5484      0.1693
 259      0.0650        1.0000  |    0.2335/  0.2579/  0.2808            0.2808          -0.2737     0.0343  |       0.5507      0.1693
 260      0.0650        1.0000  |    0.2361/  0.2593/  0.2825            0.2825          -0.2730     0.0345  |       0.5510      0.1693
 261      0.0650        1.0000  |    0.2176/  0.2537/  0.2761            0.2761          -0.2737     0.0334  |       0.5511      0.1693
 262      0.0650        1.0000  |    0.2379/  0.2705/  0.2898            0.2898          -0.2737     0.0341  |       0.5511      0.1693
 263      0.0650        1.0000  |    0.2351/  0.2646/  0.2815            0.2815          -0.2730     0.0320  |       0.5511      0.1693
 264      0.0650        1.0000  |    0.2204/  0.2584/  0.2816            0.2816          -0.2730     0.0364  |       0.5511      0.1693
 265      0.0650        1.0000  |    0.2067/  0.2308/  0.2487            0.2487          -0.2737     0.0353  |       0.5511      0.1693
 266      0.0650        1.0000  |    0.1902/  0.2315/  0.2574            0.2574          -0.2737     0.0338  |       0.5511      0.1693
 267      0.0650        1.0000  |    0.2046/  0.2269/  0.2487            0.2487          -0.2730     0.0375  |       0.5511      0.1693
 268      0.0650        1.0000  |    0.2093/  0.2385/  0.2587            0.2587          -0.2737     0.0349  |       0.5511      0.1693
 269      0.0650        1.0000  |    0.1968/  0.2230/  0.2474            0.2474          -0.2737     0.0336  |       0.5511      0.1693
 270      0.0650        1.0000  |    0.2274/  0.2595/  0.2822            0.2822          -0.2730     0.0354  |       0.5511      0.1693
 271      0.0650        1.0000  |    0.2129/  0.2586/  0.2774            0.2774          -0.2730     0.0357  |       0.5511      0.1693
 272      0.0650        1.0000  |    0.2241/  0.2493/  0.2684            0.2684          -0.2737     0.0346  |       0.5511      0.1693
 273      0.0650        1.0000  |    0.2182/  0.2410/  0.2627            0.2627          -0.2737     0.0364  |       0.5511      0.1693
 274      0.0650        1.0000  |    0.2364/  0.2578/  0.2766            0.2766          -0.2730     0.0340  |       0.5511      0.1693
 275      0.0650        1.0000  |    0.2178/  0.2512/  0.2718            0.2718          -0.2737     0.0376  |       0.5505      0.1693
 276      0.0650        1.0000  |    0.2341/  0.2653/  0.2860            0.2860          -0.2737     0.0336  |       0.5509      0.1693
 277      0.0650        1.0000  |    0.2139/  0.2618/  0.2839            0.2839          -0.2730     0.0333  |       0.5511      0.1693
 278      0.0650        1.0000  |    0.2365/  0.2554/  0.2807            0.2807          -0.2730     0.0331  |       0.5511      0.1693
 279      0.0650        1.0000  |    0.2296/  0.2518/  0.2784            0.2784          -0.2737     0.0355  |       0.5511      0.1693
 280      0.0650        1.0000  |    0.2399/  0.2605/  0.2855            0.2855          -0.2737     0.0351  |       0.5511      0.1693
 281      0.0650        1.0000  |    0.2212/  0.2462/  0.2653            0.2653          -0.2730     0.0336  |       0.5481      0.1693
 282      0.0650        1.0000  |    0.2241/  0.2449/  0.2674            0.2674          -0.2737     0.0339  |       0.5487      0.1693
 283      0.0650        1.0000  |    0.2332/  0.2637/  0.2867            0.2867          -0.2737     0.0346  |       0.5493      0.1693
 284      0.0650        1.0000  |    0.1987/  0.2261/  0.2483            0.2483          -0.2730     0.0360  |       0.5507      0.1693
 285      0.0650        1.0000  |    0.2106/  0.2460/  0.2724            0.2724          -0.2737     0.0338  |       0.5510      0.1693
 286      0.0650        1.0000  |    0.2257/  0.2461/  0.2662            0.2662          -0.2737     0.0337  |       0.5511      0.1693
 287      0.0650        1.0000  |    0.2329/  0.2523/  0.2785            0.2785          -0.2730     0.0342  |       0.5505      0.1693
 288      0.0650        1.0000  |    0.2379/  0.2580/  0.2813            0.2813          -0.2730     0.0335  |       0.5509      0.1693
 289      0.0650        1.0000  |    0.2281/  0.2549/  0.2777            0.2777          -0.2737     0.0339  |       0.5510      0.1693
 290      0.0650        1.0000  |    0.2108/  0.2388/  0.2645            0.2645          -0.2737     0.0347  |       0.5511      0.1693
 291      0.0650        1.0000  |    0.2130/  0.2411/  0.2559            0.2559          -0.2730     0.0349  |       0.5483      0.1693
 292      0.0650        1.0000  |    0.2122/  0.2367/  0.2586            0.2586          -0.2737     0.0380  |       0.5456      0.1693
 293      0.0650        1.0000  |    0.2064/  0.2278/  0.2451            0.2451          -0.2737     0.0460  |       0.5384      0.1693
 294      0.0650        1.0000  |    0.2200/  0.2506/  0.2673            0.2673          -0.2730     0.0347  |       0.5262      0.1693
 295      0.0650        1.0000  |    0.2071/  0.2317/  0.2496            0.2496          -0.2730     0.0450  |       0.5225      0.1693
 296      0.0650        1.0000  |    0.2184/  0.2557/  0.2717            0.2717          -0.2737     0.0368  |       0.5129      0.1693
 297      0.0650        1.0000  |    0.2136/  0.2357/  0.2532            0.2532          -0.2737     0.0423  |       0.5076      0.1693
 298      0.0650        1.0000  |    0.2101/  0.2344/  0.2544            0.2544          -0.2730     0.0387  |       0.5008      0.1693
 299      0.0650        1.0000  |    0.2040/  0.2378/  0.2592            0.2592          -0.2737     0.0381  |       0.4956      0.1693
IMAGEIO FFMPEG_WRITER WARNING: input image is not divisible by macro_block_size=16, resizing from (320, 180) to (320, 192) to ensure video compatibility with most codecs and players. To prevent resizing, make your input image divisible by the macro_block_size or set the macro_block_size to 1 (risking incompatibility).

Saved 300 frames -> /home/ashwink/Documents/swms/SWM_copy/rollouts_5_per/expert-only/epoch11/epoch11_rollout2_failure.mp4
min dist(green_cube,blue_moon) over episode = 0.1612  ->  FAILURE
Full log written to /home/ashwink/Documents/swms/SWM_copy/rollouts_5_per/expert-only/epoch11/epoch11_rollout2_20260723_132545.log
Result json -> /home/ashwink/Documents/swms/SWM_copy/rollouts_5_per/expert-only/epoch11/epoch11_rollout2_result.json
