Checkpoint dir epoch: 8  Rollout: 2
Logging to /home/ashwink/Documents/swms/SWM_copy/rollouts_5_per/expert+subopt/epoch8/epoch8_rollout2_20260723_130227.log
Goal (fixed, steps 0-299): the green cube is touching the blue moon. the peg is touching the green cube.

Checkpoint: /home/ashwink/Documents/swms/SWM_copy/training/checkpoints_clip_full_fine-tuned_with_subopt_data/epoch_008.pt
  epoch=8  step=15174

Loading CLIP ViT-L/14 (datacomp_xl_s13b_b90k) + fine-tuned clip_state_dict ...
Parsing model identifier. Schema: None, Identifier: ViT-L-14
Loaded built-in ViT-L-14 model config.
Instantiating model architecture: CLIP
Loading full pretrained weights from: /home/ashwink/.cache/huggingface/hub/models--laion--CLIP-ViT-L-14-DataComp.XL-s13B-b90K/snapshots/84c9828e63dc9a9351d1fe637c346d4c1c4db341/open_clip_pytorch_model.bin
Final image preprocessing configuration set: {'size': (224, 224), 'mode': 'RGB', 'mean': (0.48145466, 0.4578275, 0.40821073), 'std': (0.26862954, 0.26130258, 0.27577711), 'interpolation': 'bicubic', 'resize_mode': 'shortest', 'fill_color': 0}
Model ViT-L-14 creation process complete.
Parsing tokenizer identifier. Schema: None, Identifier: ViT-L-14
Attempting to load config from built-in: ViT-L-14
Using default SimpleTokenizer.
z_star shape: torch.Size([768])

Loading action stats from /home/ashwink/full_data_5000/langtable/demos/ ...
  lo=[-0.03372681140899658, -0.03493623435497284]  hi=[0.03496786952018738, 0.03494429588317871]

Initializing LangTable env ...
Loading URDF plane.urdf
Loading URDF /home/ashwink/Documents/swms/.venv/lib/python3.10/site-packages/language_table/environments/utils/../../../language_table/environments/assets/workspace_real.urdf
Loading URDF xarm/xarm6_robot_white.urdf
Loading URDF /home/ashwink/Documents/swms/.venv/lib/python3.10/site-packages/language_table/environments/utils/../../../language_table/environments/assets/suction/cylinder_real.urdf
Loading URDF /home/ashwink/Documents/swms/.venv/lib/python3.10/site-packages/language_table/environments/utils/../../../language_table/environments/assets/blocks/red_moon.urdf
Loading URDF /home/ashwink/Documents/swms/.venv/lib/python3.10/site-packages/language_table/environments/utils/../../../language_table/environments/assets/blocks/red_cube.urdf
Loading URDF /home/ashwink/Documents/swms/.venv/lib/python3.10/site-packages/language_table/environments/utils/../../../language_table/environments/assets/blocks/red_star.urdf
Loading URDF /home/ashwink/Documents/swms/.venv/lib/python3.10/site-packages/language_table/environments/utils/../../../language_table/environments/assets/blocks/red_pentagon.urdf
Loading URDF /home/ashwink/Documents/swms/.venv/lib/python3.10/site-packages/language_table/environments/utils/../../../language_table/environments/assets/blocks/blue_moon.urdf
Loading URDF /home/ashwink/Documents/swms/.venv/lib/python3.10/site-packages/language_table/environments/utils/../../../language_table/environments/assets/blocks/blue_cube.urdf
Loading URDF /home/ashwink/Documents/swms/.venv/lib/python3.10/site-packages/language_table/environments/utils/../../../language_table/environments/assets/blocks/blue_star.urdf
Loading URDF /home/ashwink/Documents/swms/.venv/lib/python3.10/site-packages/language_table/environments/utils/../../../language_table/environments/assets/blocks/blue_pentagon.urdf
Loading URDF /home/ashwink/Documents/swms/.venv/lib/python3.10/site-packages/language_table/environments/utils/../../../language_table/environments/assets/blocks/yellow_moon.urdf
Loading URDF /home/ashwink/Documents/swms/.venv/lib/python3.10/site-packages/language_table/environments/utils/../../../language_table/environments/assets/blocks/yellow_cube.urdf
Loading URDF /home/ashwink/Documents/swms/.venv/lib/python3.10/site-packages/language_table/environments/utils/../../../language_table/environments/assets/blocks/yellow_star.urdf
Loading URDF /home/ashwink/Documents/swms/.venv/lib/python3.10/site-packages/language_table/environments/utils/../../../language_table/environments/assets/blocks/yellow_pentagon.urdf
Loading URDF /home/ashwink/Documents/swms/.venv/lib/python3.10/site-packages/language_table/environments/utils/../../../language_table/environments/assets/blocks/green_moon.urdf
Loading URDF /home/ashwink/Documents/swms/.venv/lib/python3.10/site-packages/language_table/environments/utils/../../../language_table/environments/assets/blocks/green_cube.urdf
Loading URDF /home/ashwink/Documents/swms/.venv/lib/python3.10/site-packages/language_table/environments/utils/../../../language_table/environments/assets/blocks/green_star.urdf
Loading URDF /home/ashwink/Documents/swms/.venv/lib/python3.10/site-packages/language_table/environments/utils/../../../language_table/environments/assets/blocks/green_pentagon.urdf
Loading URDF /home/ashwink/Documents/swms/.venv/lib/python3.10/site-packages/language_table/environments/utils/../../../language_table/environments/assets/blocks/purple_moon.urdf
Loading URDF /home/ashwink/Documents/swms/.venv/lib/python3.10/site-packages/language_table/environments/utils/../../../language_table/environments/assets/blocks/purple_cube.urdf
Loading URDF /home/ashwink/Documents/swms/.venv/lib/python3.10/site-packages/language_table/environments/utils/../../../language_table/environments/assets/blocks/purple_star.urdf
Loading URDF /home/ashwink/Documents/swms/.venv/lib/python3.10/site-packages/language_table/environments/utils/../../../language_table/environments/assets/blocks/purple_pentagon.urdf
Env ready.

Forced peg start: [0.42843915 0.24419614]  (green_cube=[0.40339102 0.18967466], blue_moon=[0.32039625 0.00902261])
  dist(peg,green_cube)=0.0600  dist(peg,blue_moon)=0.2588  dist(green_cube,blue_moon)=0.1988

step  cos(zt,z*)  cos(zt,zt-1)  |   cos(predK,z*) min/mean/max  cos(pred_sel,z*)   cos(zpred0,z*)  ||a_raw||  |  dist(peg,A)   dist(A,B)
-------------------------------------------------------------------------------------------------------------------------------------------------------------------------------
   0      0.1773           nan  |    0.2128/  0.2344/  0.2552            0.2552           0.6081     0.0139  |       0.0587      0.1988
   1      0.1812        0.9862  |    0.6114/  0.6293/  0.6408            0.6408           0.5956     0.0204  |       0.0465      0.1988
   2      0.1750        0.9769  |    0.6351/  0.6502/  0.6575            0.6575           0.5817     0.0177  |       0.0408      0.1988
   3      0.1566        0.8138  |    0.6390/  0.6507/  0.6585            0.6585           0.4586     0.0073  |       0.0440      0.1983
   4      0.1321        0.9032  |    0.6056/  0.6164/  0.6230            0.6230           0.3009     0.0040  |       0.0422      0.1983
   5      0.1265        0.9447  |    0.5932/  0.6101/  0.6180            0.6180           0.3116     0.0069  |       0.0405      0.1983
   6      0.1313        0.9221  |    0.4275/  0.4467/  0.4538            0.4538           0.1680     0.0038  |       0.0373      0.1983
   7      0.1086        0.9633  |    0.2893/  0.3086/  0.3162            0.3162           0.0244     0.0042  |       0.0395      0.1983
   8      0.1128        0.9710  |    0.2907/  0.3022/  0.3112            0.3112           0.0343     0.0040  |       0.0431      0.1983
   9      0.0735        0.9553  |    0.3366/  0.3473/  0.3541            0.3541          -0.0253     0.0040  |       0.0461      0.1983
  10      0.0792        0.9517  |    0.3265/  0.3376/  0.3452            0.3452           0.0301     0.0032  |       0.0449      0.1983
  11      0.0841        0.9210  |    0.4224/  0.4368/  0.4436            0.4436           0.1122     0.0053  |       0.0438      0.1983
  12      0.0815        0.9115  |    0.2982/  0.3147/  0.3227            0.3227           0.0399     0.0039  |       0.0409      0.1983
  13      0.0869        0.9173  |    0.1557/  0.1690/  0.1768            0.1768          -0.0647     0.0035  |       0.0383      0.1983
  14      0.0708        0.9318  |   -0.0997/ -0.0883/ -0.0815           -0.0815          -0.1981     0.0020  |       0.0352      0.1983
  15      0.0558        0.9450  |   -0.1337/ -0.1155/ -0.1066           -0.1066          -0.2363     0.0061  |       0.0350      0.1983
  16      0.0588        0.9360  |   -0.1387/ -0.1282/ -0.1201           -0.1201          -0.2438     0.0104  |       0.0338      0.1995
  17      0.0849        0.9066  |   -0.1445/ -0.1291/ -0.1185           -0.1185          -0.2210     0.0040  |       0.0338      0.2044
  18      0.0824        0.9622  |   -0.0995/ -0.0853/ -0.0778           -0.0778          -0.1846     0.0035  |       0.0337      0.2040
  19      0.1025        0.9324  |   -0.1205/ -0.1058/ -0.0976           -0.0976          -0.1850     0.0014  |       0.0340      0.2039
  20      0.0984        0.9622  |    0.0461/  0.0653/  0.0751            0.0751          -0.0604     0.0015  |       0.0338      0.2046
  21      0.1106        0.9660  |   -0.0077/  0.0086/  0.0171            0.0171          -0.0913     0.0038  |       0.0346      0.2046
  22      0.0924        0.9322  |   -0.0688/ -0.0560/ -0.0488           -0.0488          -0.1384     0.0029  |       0.0370      0.2046
  23      0.0878        0.9602  |   -0.1189/ -0.1063/ -0.0974           -0.0974          -0.1893     0.0037  |       0.0362      0.2047
  24      0.0950        0.9448  |    0.0365/  0.0510/  0.0612            0.0612          -0.0779     0.0040  |       0.0349      0.2061
  25      0.0981        0.9401  |   -0.0664/ -0.0561/ -0.0474           -0.0474          -0.1115     0.0017  |       0.0353      0.2082
  26      0.0934        0.9483  |   -0.0957/ -0.0850/ -0.0772           -0.0772          -0.1551     0.0024  |       0.0363      0.2085
  27      0.0927        0.9561  |   -0.0449/ -0.0333/ -0.0267           -0.0267          -0.1018     0.0025  |       0.0374      0.2089
  28      0.0963        0.9611  |   -0.0611/ -0.0483/ -0.0398           -0.0398          -0.1033     0.0020  |       0.0366      0.2089
  29      0.0932        0.9748  |   -0.0204/ -0.0041/  0.0034            0.0034          -0.1016     0.0034  |       0.0380      0.2089
  30      0.0861        0.9540  |    0.0025/  0.0185/  0.0270            0.0270          -0.0685     0.0029  |       0.0383      0.2090
  31      0.0817        0.9591  |   -0.0766/ -0.0643/ -0.0565           -0.0565          -0.0879     0.0017  |       0.0403      0.2090
  32      0.0832        0.9672  |    0.0315/  0.0449/  0.0526            0.0526          -0.0562     0.0023  |       0.0420      0.2090
  33      0.0705        0.9869  |   -0.0150/ -0.0024/  0.0060            0.0060          -0.0736     0.0019  |       0.0409      0.2090
  34      0.0715        0.9707  |   -0.0760/ -0.0630/ -0.0554           -0.0554          -0.1256     0.0053  |       0.0414      0.2090
  35      0.0818        0.9421  |   -0.1151/ -0.1048/ -0.0970           -0.0970          -0.1576     0.0092  |       0.0410      0.2097
  36      0.0865        0.9222  |   -0.1274/ -0.1119/ -0.1015           -0.1015          -0.1697     0.0038  |       0.0454      0.2097
  37      0.0809        0.9765  |   -0.1097/ -0.0938/ -0.0862           -0.0862          -0.1353     0.0033  |       0.0435      0.2097
  38      0.0897        0.9592  |   -0.0564/ -0.0415/ -0.0324           -0.0324          -0.0691     0.0028  |       0.0419      0.2097
  39      0.0829        0.9619  |   -0.0804/ -0.0662/ -0.0583           -0.0583          -0.1361     0.0028  |       0.0406      0.2097
  40      0.0671        0.9628  |   -0.0588/ -0.0449/ -0.0381           -0.0381          -0.1025     0.0021  |       0.0398      0.2102
  41      0.0757        0.9594  |   -0.0085/  0.0092/  0.0229            0.0229          -0.0296     0.0037  |       0.0392      0.2115
  42      0.0818        0.9539  |    0.1330/  0.1440/  0.1514            0.1514           0.0282     0.0015  |       0.0389      0.2118
  43      0.0861        0.9752  |    0.0813/  0.0959/  0.1039            0.1039           0.0178     0.0031  |       0.0399      0.2118
  44      0.0968        0.9614  |   -0.0110/  0.0110/  0.0178            0.0178          -0.0612     0.0029  |       0.0415      0.2118
  45      0.0909        0.9748  |    0.0399/  0.0552/  0.0621            0.0621          -0.0167     0.0016  |       0.0443      0.2118
  46      0.0825        0.9848  |   -0.0223/ -0.0046/  0.0036            0.0036          -0.0710     0.0036  |       0.0459      0.2118
  47      0.0837        0.9760  |   -0.0559/ -0.0445/ -0.0374           -0.0374          -0.1100     0.0037  |       0.0492      0.2118
  48      0.0818        0.9748  |   -0.1007/ -0.0873/ -0.0804           -0.0804          -0.1352     0.0031  |       0.0516      0.2118
  49      0.0699        0.9758  |   -0.0938/ -0.0801/ -0.0730           -0.0730          -0.1373     0.0038  |       0.0536      0.2118
  50      0.0628        0.9771  |   -0.0640/ -0.0507/ -0.0416           -0.0416          -0.1166     0.0020  |       0.0558      0.2118
  51      0.0684        0.9837  |   -0.0790/ -0.0581/ -0.0511           -0.0511          -0.1243     0.0028  |       0.0567      0.2118
  52      0.0734        0.9807  |   -0.0496/ -0.0354/ -0.0273           -0.0273          -0.0889     0.0024  |       0.0581      0.2118
  53      0.0717        0.9758  |   -0.0793/ -0.0660/ -0.0581           -0.0581          -0.1309     0.0018  |       0.0605      0.2118
  54      0.0805        0.9788  |   -0.0646/ -0.0496/ -0.0399           -0.0399          -0.1132     0.0066  |       0.0621      0.2118
  55      0.0662        0.9525  |   -0.1129/ -0.0942/ -0.0862           -0.0862          -0.1765     0.0076  |       0.0683      0.2118
  56      0.0468        0.9629  |   -0.1506/ -0.1341/ -0.1265           -0.1265          -0.2043     0.0103  |       0.0738      0.2118
  57      0.0155        0.9083  |   -0.2679/ -0.2531/ -0.2452           -0.2452          -0.2916     0.0094  |       0.0791      0.2118
  58      0.0464        0.9545  |   -0.2324/ -0.2195/ -0.2099           -0.2099          -0.2471     0.0040  |       0.0833      0.2118
  59      0.0605        0.9395  |   -0.1226/ -0.1073/ -0.0993           -0.0993          -0.1703     0.0027  |       0.0872      0.2118
  60      0.0565        0.9877  |   -0.1360/ -0.1253/ -0.1160           -0.1160          -0.1780     0.0015  |       0.0883      0.2118
  61      0.0606        0.9847  |   -0.1303/ -0.1146/ -0.1067           -0.1067          -0.1829     0.0030  |       0.0874      0.2118
  62      0.0319        0.9626  |   -0.2006/ -0.1830/ -0.1755           -0.1755          -0.2355     0.0017  |       0.0847      0.2118
  63      0.0363        0.9651  |   -0.2125/ -0.1996/ -0.1926           -0.1926          -0.2402     0.0010  |       0.0842      0.2118
  64      0.0263        0.9865  |   -0.2222/ -0.2116/ -0.2033           -0.2033          -0.2630     0.0066  |       0.0850      0.2118
  65      0.0515        0.8977  |   -0.1912/ -0.1738/ -0.1646           -0.1646          -0.2404     0.0006  |       0.0909      0.2118
  66      0.0330        0.9851  |   -0.2267/ -0.2137/ -0.2058           -0.2058          -0.2863     0.0028  |       0.0915      0.2118
  67      0.0646        0.9688  |   -0.1754/ -0.1564/ -0.1477           -0.1477          -0.2118     0.0021  |       0.0891      0.2118
  68      0.0389        0.9705  |   -0.1833/ -0.1701/ -0.1613           -0.1613          -0.2245     0.0024  |       0.0872      0.2118
  69      0.0135        0.9386  |   -0.2188/ -0.2060/ -0.1975           -0.1975          -0.2578     0.0035  |       0.0848      0.2118
  70      0.0228        0.9847  |   -0.2392/ -0.2228/ -0.2163           -0.2163          -0.2659     0.0026  |       0.0855      0.2118
  71      0.0218        0.9392  |   -0.1859/ -0.1711/ -0.1621           -0.1621          -0.2286     0.0017  |       0.0880      0.2118
  72      0.0239        0.9698  |   -0.2234/ -0.2116/ -0.2033           -0.2033          -0.2556     0.0021  |       0.0880      0.2118
  73      0.0293        0.9627  |   -0.1801/ -0.1663/ -0.1546           -0.1546          -0.2250     0.0030  |       0.0898      0.2118
  74      0.0119        0.9771  |   -0.2012/ -0.1908/ -0.1797           -0.1797          -0.2535     0.0010  |       0.0883      0.2118
  75      0.0201        0.9703  |   -0.2102/ -0.1982/ -0.1912           -0.1912          -0.2394     0.0034  |       0.0873      0.2118
  76      0.0346        0.9494  |   -0.2354/ -0.2238/ -0.2166           -0.2166          -0.2668     0.0042  |       0.0841      0.2118
  77      0.0329        0.9077  |   -0.1942/ -0.1772/ -0.1665           -0.1665          -0.2234     0.0004  |       0.0878      0.2118
  78      0.0151        0.9924  |   -0.1981/ -0.1814/ -0.1715           -0.1715          -0.2421     0.0039  |       0.0878      0.2118
  79      0.0399        0.9625  |   -0.1809/ -0.1680/ -0.1600           -0.1600          -0.2235     0.0013  |       0.0912      0.2118
  80      0.0496        0.9819  |   -0.1900/ -0.1763/ -0.1672           -0.1672          -0.2253     0.0018  |       0.0903      0.2118
  81      0.0496        0.9891  |   -0.1933/ -0.1770/ -0.1684           -0.1684          -0.2164     0.0031  |       0.0893      0.2118
  82      0.0243        0.9103  |   -0.1906/ -0.1759/ -0.1668           -0.1668          -0.2291     0.0037  |       0.0868      0.2118
  83      0.0500        0.9179  |   -0.1762/ -0.1629/ -0.1543           -0.1543          -0.2096     0.0023  |       0.0885      0.2118
  84      0.0214        0.9453  |   -0.2118/ -0.1988/ -0.1871           -0.1871          -0.2414     0.0025  |       0.0872      0.2118
  85      0.0245        0.9796  |   -0.2150/ -0.2021/ -0.1934           -0.1934          -0.2480     0.0031  |       0.0865      0.2118
  86      0.0227        0.9846  |   -0.2056/ -0.1941/ -0.1855           -0.1855          -0.2357     0.0029  |       0.0874      0.2118
  87      0.0062        0.9877  |   -0.2220/ -0.2070/ -0.1980           -0.1980          -0.2698     0.0068  |       0.0886      0.2118
  88      0.0545        0.9191  |   -0.2167/ -0.1994/ -0.1882           -0.1882          -0.2397     0.0014  |       0.0941      0.2118
  89      0.0373        0.9850  |   -0.2174/ -0.2018/ -0.1932           -0.1932          -0.2491     0.0016  |       0.0955      0.2118
  90      0.0395        0.9628  |   -0.2215/ -0.2001/ -0.1915           -0.1915          -0.2545     0.0013  |       0.0965      0.2118
  91      0.0370        0.9725  |   -0.2242/ -0.2092/ -0.2011           -0.2011          -0.2607     0.0062  |       0.0958      0.2118
  92      0.0439        0.9647  |   -0.2170/ -0.2018/ -0.1942           -0.1942          -0.2661     0.0006  |       0.0914      0.2118
  93      0.0521        0.9895  |   -0.2266/ -0.2142/ -0.2071           -0.2071          -0.2604     0.0059  |       0.0905      0.2118
  94      0.0245        0.8831  |   -0.1812/ -0.1661/ -0.1536           -0.1536          -0.2166     0.0022  |       0.0853      0.2118
  95      0.0371        0.9547  |   -0.2228/ -0.2071/ -0.2003           -0.2003          -0.2489     0.0035  |       0.0832      0.2118
  96      0.0625        0.9574  |   -0.1317/ -0.1174/ -0.1074           -0.1074          -0.1320     0.0021  |       0.0800      0.2118
  97      0.0676        0.9805  |   -0.1706/ -0.1581/ -0.1478           -0.1478          -0.1855     0.0057  |       0.0780      0.2118
  98      0.0590        0.9703  |   -0.1758/ -0.1605/ -0.1525           -0.1525          -0.1949     0.0019  |       0.0726      0.2118
  99      0.0556        0.9614  |   -0.0986/ -0.0871/ -0.0801           -0.0801          -0.1265     0.0016  |       0.0705      0.2118
 100      0.0702        0.9795  |   -0.1060/ -0.0901/ -0.0818           -0.0818          -0.1151     0.0026  |       0.0704      0.2118
 101      0.0538        0.9748  |   -0.1407/ -0.1244/ -0.1161           -0.1161          -0.1846     0.0035  |       0.0700      0.2118
 102      0.0585        0.9854  |   -0.1545/ -0.1432/ -0.1346           -0.1346          -0.1914     0.0047  |       0.0721      0.2118
 103      0.0531        0.9673  |   -0.1481/ -0.1237/ -0.1160           -0.1160          -0.1777     0.0033  |       0.0751      0.2118
 104      0.0540        0.9668  |   -0.1693/ -0.1509/ -0.1438           -0.1438          -0.1818     0.0056  |       0.0779      0.2118
 105      0.0437        0.8947  |   -0.2200/ -0.2082/ -0.2010           -0.2010          -0.2447     0.0006  |       0.0831      0.2118
 106      0.0398        0.9814  |   -0.2104/ -0.1980/ -0.1912           -0.1912          -0.2431     0.0017  |       0.0840      0.2118
 107      0.0500        0.9691  |   -0.1487/ -0.1338/ -0.1272           -0.1272          -0.1994     0.0032  |       0.0855      0.2118
 108      0.0477        0.9724  |   -0.1769/ -0.1629/ -0.1546           -0.1546          -0.2213     0.0033  |       0.0881      0.2118
 109      0.0523        0.9815  |   -0.1224/ -0.1083/ -0.1010           -0.1010          -0.1880     0.0032  |       0.0869      0.2118
 110      0.0588        0.9785  |   -0.1453/ -0.1301/ -0.1226           -0.1226          -0.1877     0.0012  |       0.0876      0.2118
 111      0.0518        0.9830  |   -0.1796/ -0.1664/ -0.1599           -0.1599          -0.2224     0.0023  |       0.0880      0.2118
 112      0.0573        0.9817  |   -0.1580/ -0.1439/ -0.1347           -0.1347          -0.1968     0.0024  |       0.0887      0.2118
 113      0.0471        0.9782  |   -0.1705/ -0.1582/ -0.1490           -0.1490          -0.2205     0.0016  |       0.0906      0.2118
 114      0.0518        0.9825  |   -0.1846/ -0.1695/ -0.1610           -0.1610          -0.2271     0.0016  |       0.0918      0.2118
 115      0.0448        0.9746  |   -0.2083/ -0.1932/ -0.1847           -0.1847          -0.2457     0.0006  |       0.0913      0.2118
 116      0.0479        0.9848  |   -0.2110/ -0.1985/ -0.1912           -0.1912          -0.2391     0.0036  |       0.0918      0.2118
 117      0.0569        0.9697  |   -0.1709/ -0.1549/ -0.1460           -0.1460          -0.2096     0.0028  |       0.0886      0.2118
 118      0.0589        0.9775  |   -0.1462/ -0.1306/ -0.1230           -0.1230          -0.1836     0.0028  |       0.0866      0.2118
 119      0.0184        0.9130  |   -0.2287/ -0.2164/ -0.2099           -0.2099          -0.2727     0.0035  |       0.0842      0.2118
 120      0.0557        0.9510  |   -0.1911/ -0.1815/ -0.1749           -0.1749          -0.2165     0.0016  |       0.0820      0.2118
 121      0.0353        0.9747  |   -0.2229/ -0.2125/ -0.2049           -0.2049          -0.2563     0.0017  |       0.0832      0.2118
 122      0.0361        0.9672  |   -0.2225/ -0.2062/ -0.2000           -0.2000          -0.2511     0.0024  |       0.0835      0.2118
 123      0.0223        0.9709  |   -0.1857/ -0.1733/ -0.1637           -0.1637          -0.2291     0.0048  |       0.0854      0.2118
 124      0.0526        0.9119  |   -0.1853/ -0.1707/ -0.1613           -0.1613          -0.2154     0.0023  |       0.0896      0.2118
 125      0.0188        0.9635  |   -0.1845/ -0.1702/ -0.1611           -0.1611          -0.2291     0.0006  |       0.0881      0.2118
 126      0.0163        0.9777  |   -0.2094/ -0.1945/ -0.1854           -0.1854          -0.2446     0.0034  |       0.0878      0.2118
 127      0.0253        0.9651  |   -0.2270/ -0.2154/ -0.2085           -0.2085          -0.2581     0.0009  |       0.0851      0.2118
 128      0.0191        0.9874  |   -0.2465/ -0.2338/ -0.2260           -0.2260          -0.2827     0.0047  |       0.0853      0.2118
 129      0.0536        0.8867  |   -0.1494/ -0.1321/ -0.1192           -0.1192          -0.1796     0.0037  |       0.0892      0.2118
 130      0.0529        0.9679  |   -0.2027/ -0.1889/ -0.1789           -0.1789          -0.2367     0.0009  |       0.0895      0.2118
 131      0.0493        0.9829  |   -0.1794/ -0.1665/ -0.1582           -0.1582          -0.2215     0.0032  |       0.0903      0.2118
 132      0.0627        0.9873  |   -0.1360/ -0.1208/ -0.1140           -0.1140          -0.1742     0.0018  |       0.0887      0.2118
 133      0.0402        0.9842  |   -0.1789/ -0.1679/ -0.1594           -0.1594          -0.2271     0.0041  |       0.0885      0.2118
 134      0.0431        0.9677  |   -0.1482/ -0.1348/ -0.1255           -0.1255          -0.2075     0.0023  |       0.0865      0.2118
 135      0.0583        0.9839  |   -0.1337/ -0.1193/ -0.1128           -0.1128          -0.1765     0.0020  |       0.0868      0.2118
 136      0.0534        0.9839  |   -0.1631/ -0.1466/ -0.1364           -0.1364          -0.1995     0.0023  |       0.0860      0.2118
 137      0.0358        0.9669  |   -0.1950/ -0.1844/ -0.1772           -0.1772          -0.2315     0.0038  |       0.0846      0.2118
 138      0.0446        0.9781  |   -0.1875/ -0.1772/ -0.1689           -0.1689          -0.2100     0.0021  |       0.0849      0.2118
 139      0.0394        0.9629  |   -0.1784/ -0.1640/ -0.1552           -0.1552          -0.2137     0.0014  |       0.0867      0.2118
 140      0.0301        0.9734  |   -0.1936/ -0.1823/ -0.1757           -0.1757          -0.2330     0.0022  |       0.0868      0.2118
 141      0.0305        0.9860  |   -0.1752/ -0.1590/ -0.1502           -0.1502          -0.2051     0.0023  |       0.0877      0.2118
 142      0.0412        0.9564  |   -0.1778/ -0.1636/ -0.1549           -0.1549          -0.2101     0.0055  |       0.0897      0.2118
 143      0.0318        0.9273  |   -0.2079/ -0.1957/ -0.1865           -0.1865          -0.2473     0.0028  |       0.0857      0.2118
 144      0.0438        0.9659  |   -0.2078/ -0.1953/ -0.1880           -0.1880          -0.2272     0.0052  |       0.0850      0.2118
 145      0.0308        0.9613  |   -0.2095/ -0.1944/ -0.1861           -0.1861          -0.2530     0.0061  |       0.0822      0.2118
 146      0.0686        0.8795  |   -0.1348/ -0.1217/ -0.1132           -0.1132          -0.1729     0.0013  |       0.0875      0.2118
 147      0.0589        0.9701  |   -0.1468/ -0.1265/ -0.1181           -0.1181          -0.1815     0.0007  |       0.0868      0.2118
 148      0.0533        0.9837  |   -0.0902/ -0.0785/ -0.0714           -0.0714          -0.1541     0.0012  |       0.0861      0.2118
 149      0.0575        0.9741  |   -0.1663/ -0.1525/ -0.1457           -0.1457          -0.2001     0.0014  |       0.0852      0.2118
 150      0.0513        0.9792  |   -0.1410/ -0.1273/ -0.1176           -0.1176          -0.1872     0.0024  |       0.0863      0.2118
 151      0.0529        0.9795  |   -0.1549/ -0.1436/ -0.1372           -0.1372          -0.1976     0.0019  |       0.0869      0.2118
 152      0.0524        0.9856  |   -0.1502/ -0.1360/ -0.1284           -0.1284          -0.1890     0.0013  |       0.0873      0.2118
 153      0.0520        0.9902  |   -0.1722/ -0.1577/ -0.1494           -0.1494          -0.2121     0.0007  |       0.0880      0.2118
 154      0.0557        0.9915  |   -0.1480/ -0.1347/ -0.1267           -0.1267          -0.1931     0.0023  |       0.0885      0.2118
 155      0.0519        0.9710  |   -0.1615/ -0.1486/ -0.1399           -0.1399          -0.2051     0.0024  |       0.0867      0.2118
 156      0.0456        0.9583  |   -0.1737/ -0.1603/ -0.1535           -0.1535          -0.2037     0.0025  |       0.0844      0.2118
 157      0.0423        0.9743  |   -0.1905/ -0.1807/ -0.1733           -0.1733          -0.2199     0.0012  |       0.0848      0.2118
 158      0.0359        0.9697  |   -0.2121/ -0.1959/ -0.1890           -0.1890          -0.2509     0.0033  |       0.0838      0.2118
 159      0.0629        0.9163  |   -0.1781/ -0.1615/ -0.1536           -0.1536          -0.1970     0.0038  |       0.0867      0.2118
 160      0.0406        0.9807  |   -0.1834/ -0.1720/ -0.1643           -0.1643          -0.2309     0.0028  |       0.0881      0.2118
 161      0.0447        0.9770  |   -0.1995/ -0.1907/ -0.1834           -0.1834          -0.2347     0.0019  |       0.0863      0.2118
 162      0.0226        0.9490  |   -0.2268/ -0.2160/ -0.2084           -0.2084          -0.2614     0.0024  |       0.0845      0.2118
 163      0.0525        0.9436  |   -0.1694/ -0.1569/ -0.1487           -0.1487          -0.2031     0.0010  |       0.0865      0.2118
 164      0.0564        0.9838  |   -0.1660/ -0.1515/ -0.1429           -0.1429          -0.1955     0.0008  |       0.0875      0.2118
 165      0.0499        0.9876  |   -0.1607/ -0.1489/ -0.1408           -0.1408          -0.1958     0.0025  |       0.0872      0.2118
 166      0.0436        0.9545  |   -0.2093/ -0.1965/ -0.1898           -0.1898          -0.2272     0.0029  |       0.0850      0.2118
 167      0.0286        0.9372  |   -0.2418/ -0.2265/ -0.2195           -0.2195          -0.2702     0.0027  |       0.0836      0.2118
 168      0.0237        0.9854  |   -0.2383/ -0.2255/ -0.2184           -0.2184          -0.2707     0.0039  |       0.0848      0.2118
 169      0.0231        0.9111  |   -0.1970/ -0.1840/ -0.1726           -0.1726          -0.2381     0.0018  |       0.0884      0.2118
 170      0.0251        0.9839  |   -0.1944/ -0.1787/ -0.1702           -0.1702          -0.2374     0.0016  |       0.0879      0.2118
 171      0.0172        0.9403  |   -0.2205/ -0.2064/ -0.1981           -0.1981          -0.2636     0.0034  |       0.0864      0.2118
 172      0.0548        0.9113  |   -0.1433/ -0.1290/ -0.1190           -0.1190          -0.1764     0.0008  |       0.0893      0.2118
 173      0.0438        0.9844  |   -0.1859/ -0.1720/ -0.1626           -0.1626          -0.2331     0.0025  |       0.0901      0.2118
 174      0.0483        0.9774  |   -0.2008/ -0.1844/ -0.1762           -0.1762          -0.2304     0.0030  |       0.0880      0.2118
 175      0.0439        0.9434  |   -0.2035/ -0.1918/ -0.1838           -0.1838          -0.2287     0.0015  |       0.0853      0.2118
 176      0.0363        0.9719  |   -0.2449/ -0.2306/ -0.2221           -0.2221          -0.2761     0.0022  |       0.0839      0.2118
 177      0.0211        0.9815  |   -0.2224/ -0.2113/ -0.2044           -0.2044          -0.2621     0.0027  |       0.0842      0.2118
 178     -0.0020        0.9838  |   -0.2322/ -0.2244/ -0.2161           -0.2161          -0.2806     0.0020  |       0.0853      0.2118
 179      0.0304        0.9592  |   -0.2003/ -0.1856/ -0.1763           -0.1763          -0.2298     0.0051  |       0.0872      0.2118
 180      0.0430        0.8999  |   -0.2318/ -0.2109/ -0.1968           -0.1968          -0.2558     0.0050  |       0.0917      0.2118
 181      0.0487        0.9610  |   -0.2274/ -0.2142/ -0.2065           -0.2065          -0.2678     0.0041  |       0.0933      0.2118
 182      0.0548        0.9657  |   -0.1917/ -0.1758/ -0.1667           -0.1667          -0.2295     0.0009  |       0.0897      0.2118
 183      0.0579        0.9916  |   -0.1446/ -0.1299/ -0.1211           -0.1211          -0.1927     0.0029  |       0.0901      0.2118
 184      0.0468        0.9698  |   -0.2010/ -0.1873/ -0.1790           -0.1790          -0.2266     0.0013  |       0.0882      0.2118
 185      0.0474        0.9915  |   -0.1843/ -0.1702/ -0.1594           -0.1594          -0.2240     0.0038  |       0.0884      0.2118
 186      0.0514        0.9754  |   -0.1789/ -0.1615/ -0.1530           -0.1530          -0.2093     0.0018  |       0.0862      0.2118
 187      0.0547        0.9889  |   -0.1514/ -0.1327/ -0.1257           -0.1257          -0.1892     0.0027  |       0.0855      0.2118
 188      0.0446        0.9540  |   -0.2208/ -0.2084/ -0.2011           -0.2011          -0.2410     0.0008  |       0.0838      0.2118
 189      0.0443        0.9747  |   -0.1762/ -0.1640/ -0.1574           -0.1574          -0.2177     0.0004  |       0.0844      0.2118
 190      0.0382        0.9834  |   -0.1841/ -0.1724/ -0.1656           -0.1656          -0.2200     0.0021  |       0.0843      0.2118
 191      0.0555        0.9620  |   -0.1625/ -0.1494/ -0.1402           -0.1402          -0.1981     0.0014  |       0.0856      0.2118
 192      0.0606        0.9689  |   -0.1538/ -0.1393/ -0.1301           -0.1301          -0.1959     0.0014  |       0.0870      0.2118
 193      0.0571        0.9851  |   -0.1630/ -0.1486/ -0.1403           -0.1403          -0.2074     0.0010  |       0.0879      0.2118
 194      0.0504        0.9809  |   -0.1318/ -0.1220/ -0.1140           -0.1140          -0.1761     0.0010  |       0.0883      0.2118
 195      0.0579        0.9855  |   -0.1568/ -0.1446/ -0.1354           -0.1354          -0.2031     0.0043  |       0.0874      0.2118
 196      0.0454        0.9069  |   -0.2158/ -0.2030/ -0.1964           -0.1964          -0.2422     0.0008  |       0.0835      0.2118
 197      0.0443        0.9874  |   -0.2161/ -0.2043/ -0.1982           -0.1982          -0.2456     0.0025  |       0.0836      0.2118
 198      0.0440        0.9436  |   -0.1747/ -0.1644/ -0.1569           -0.1569          -0.2145     0.0019  |       0.0857      0.2118
 199      0.0554        0.9718  |   -0.1538/ -0.1394/ -0.1284           -0.1284          -0.2027     0.0016  |       0.0877      0.2118
 200      0.0536        0.9697  |   -0.1908/ -0.1724/ -0.1647           -0.1647          -0.2278     0.0026  |       0.0893      0.2118
 201      0.0625        0.9686  |   -0.1972/ -0.1790/ -0.1715           -0.1715          -0.2342     0.0038  |       0.0892      0.2118
 202      0.0410        0.9472  |   -0.1821/ -0.1706/ -0.1635           -0.1635          -0.2267     0.0022  |       0.0860      0.2118
 203      0.0314        0.9775  |   -0.1910/ -0.1772/ -0.1702           -0.1702          -0.2181     0.0025  |       0.0861      0.2118
 204      0.0496        0.9597  |   -0.1780/ -0.1647/ -0.1560           -0.1560          -0.2141     0.0019  |       0.0884      0.2118
 205      0.0381        0.9735  |   -0.1851/ -0.1662/ -0.1583           -0.1583          -0.2209     0.0005  |       0.0869      0.2118
 206      0.0185        0.9831  |   -0.2256/ -0.2073/ -0.1984           -0.1984          -0.2555     0.0036  |       0.0866      0.2118
 207      0.0560        0.9490  |   -0.1669/ -0.1524/ -0.1434           -0.1434          -0.2051     0.0025  |       0.0884      0.2118
 208      0.0445        0.9831  |   -0.1921/ -0.1773/ -0.1683           -0.1683          -0.2318     0.0033  |       0.0886      0.2118
 209      0.0566        0.9788  |   -0.1792/ -0.1618/ -0.1541           -0.1541          -0.2151     0.0034  |       0.0882      0.2118
 210      0.0389        0.9404  |   -0.1978/ -0.1832/ -0.1737           -0.1737          -0.2275     0.0022  |       0.0852      0.2118
 211      0.0295        0.9593  |   -0.2109/ -0.2001/ -0.1928           -0.1928          -0.2570     0.0022  |       0.0832      0.2118
 212      0.0235        0.9741  |   -0.2269/ -0.2154/ -0.2081           -0.2081          -0.2645     0.0022  |       0.0849      0.2118
 213      0.0621        0.9503  |   -0.1735/ -0.1570/ -0.1467           -0.1467          -0.1943     0.0011  |       0.0870      0.2118
 214      0.0464        0.9911  |   -0.1836/ -0.1643/ -0.1527           -0.1527          -0.2137     0.0008  |       0.0877      0.2118
 215      0.0608        0.9814  |   -0.1833/ -0.1714/ -0.1642           -0.1642          -0.2096     0.0030  |       0.0871      0.2118
 216      0.0124        0.9303  |   -0.2185/ -0.2094/ -0.2011           -0.2011          -0.2591     0.0015  |       0.0843      0.2118
 217      0.0413        0.9719  |   -0.2202/ -0.2072/ -0.1999           -0.1999          -0.2494     0.0022  |       0.0836      0.2118
 218      0.0435        0.9730  |   -0.1879/ -0.1723/ -0.1654           -0.1654          -0.2040     0.0021  |       0.0849      0.2118
 219      0.0269        0.9632  |   -0.1979/ -0.1870/ -0.1805           -0.1805          -0.2499     0.0006  |       0.0848      0.2118
 220      0.0249        0.9861  |   -0.2133/ -0.2011/ -0.1934           -0.1934          -0.2484     0.0019  |       0.0851      0.2118
 221      0.0465        0.9502  |   -0.1836/ -0.1681/ -0.1594           -0.1594          -0.2120     0.0050  |       0.0868      0.2118
 222      0.0470        0.9447  |   -0.2045/ -0.1927/ -0.1841           -0.1841          -0.2499     0.0029  |       0.0911      0.2118
 223      0.0457        0.9696  |   -0.1990/ -0.1826/ -0.1735           -0.1735          -0.2360     0.0053  |       0.0924      0.2118
 224      0.0509        0.9710  |   -0.1650/ -0.1514/ -0.1434           -0.1434          -0.2036     0.0014  |       0.0893      0.2118
 225      0.0496        0.9813  |   -0.1731/ -0.1586/ -0.1495           -0.1495          -0.2184     0.0011  |       0.0887      0.2118
 226      0.0466        0.9806  |   -0.1497/ -0.1352/ -0.1268           -0.1268          -0.1960     0.0008  |       0.0881      0.2118
 227      0.0513        0.9877  |   -0.1819/ -0.1671/ -0.1576           -0.1576          -0.2037     0.0002  |       0.0882      0.2118
 228      0.0522        0.9927  |   -0.1737/ -0.1618/ -0.1545           -0.1545          -0.1949     0.0012  |       0.0883      0.2118
 229      0.0508        0.9837  |   -0.1820/ -0.1695/ -0.1629           -0.1629          -0.2174     0.0019  |       0.0894      0.2118
 230      0.0429        0.9838  |   -0.1601/ -0.1486/ -0.1419           -0.1419          -0.2037     0.0017  |       0.0882      0.2118
 231      0.0551        0.9785  |   -0.1943/ -0.1809/ -0.1722           -0.1722          -0.2142     0.0012  |       0.0895      0.2118
 232      0.0444        0.9846  |   -0.2015/ -0.1850/ -0.1760           -0.1760          -0.2218     0.0038  |       0.0888      0.2118
 233      0.0531        0.9852  |   -0.1751/ -0.1643/ -0.1568           -0.1568          -0.2048     0.0031  |       0.0878      0.2118
 234      0.0533        0.9774  |   -0.1630/ -0.1521/ -0.1455           -0.1455          -0.1981     0.0023  |       0.0852      0.2118
 235      0.0485        0.9800  |   -0.1532/ -0.1392/ -0.1318           -0.1318          -0.1923     0.0015  |       0.0869      0.2118
 236      0.0557        0.9869  |   -0.1626/ -0.1500/ -0.1425           -0.1425          -0.2000     0.0042  |       0.0864      0.2118
 237      0.0505        0.9680  |   -0.1786/ -0.1675/ -0.1599           -0.1599          -0.2160     0.0014  |       0.0892      0.2118
 238      0.0493        0.9812  |   -0.1512/ -0.1391/ -0.1311           -0.1311          -0.1962     0.0018  |       0.0894      0.2118
 239      0.0449        0.9797  |   -0.1762/ -0.1638/ -0.1555           -0.1555          -0.2149     0.0020  |       0.0907      0.2118
 240      0.0516        0.9789  |   -0.1680/ -0.1495/ -0.1414           -0.1414          -0.1963     0.0013  |       0.0895      0.2118
 241      0.0368        0.9809  |   -0.2027/ -0.1918/ -0.1844           -0.1844          -0.2488     0.0006  |       0.0882      0.2118
 242      0.0441        0.9926  |   -0.1685/ -0.1588/ -0.1501           -0.1501          -0.2186     0.0012  |       0.0885      0.2118
 243      0.0552        0.9844  |   -0.1623/ -0.1458/ -0.1375           -0.1375          -0.1910     0.0050  |       0.0895      0.2118
 244      0.0500        0.9470  |   -0.1813/ -0.1707/ -0.1629           -0.1629          -0.2157     0.0021  |       0.0852      0.2118
 245      0.0488        0.9708  |   -0.1264/ -0.1139/ -0.1063           -0.1063          -0.1956     0.0023  |       0.0867      0.2118
 246      0.0458        0.9786  |   -0.1808/ -0.1698/ -0.1618           -0.1618          -0.2125     0.0014  |       0.0887      0.2118
 247      0.0477        0.9885  |   -0.1960/ -0.1829/ -0.1742           -0.1742          -0.2212     0.0015  |       0.0893      0.2118
 248      0.0445        0.9880  |   -0.1849/ -0.1746/ -0.1666           -0.1666          -0.2185     0.0012  |       0.0899      0.2118
 249      0.0509        0.9853  |   -0.1762/ -0.1634/ -0.1569           -0.1569          -0.2155     0.0032  |       0.0893      0.2118
 250      0.0575        0.9787  |   -0.1391/ -0.1265/ -0.1202           -0.1202          -0.1825     0.0029  |       0.0871      0.2118
 251      0.0480        0.9768  |   -0.1722/ -0.1619/ -0.1547           -0.1547          -0.2106     0.0025  |       0.0853      0.2118
 252      0.0380        0.9749  |   -0.2083/ -0.1964/ -0.1868           -0.1868          -0.2469     0.0026  |       0.0874      0.2118
 253      0.0489        0.9727  |   -0.1822/ -0.1676/ -0.1598           -0.1598          -0.2146     0.0014  |       0.0895      0.2118
 254      0.0494        0.9831  |   -0.1775/ -0.1646/ -0.1559           -0.1559          -0.2084     0.0022  |       0.0903      0.2118
 255      0.0517        0.9783  |   -0.1354/ -0.1231/ -0.1150           -0.1150          -0.1891     0.0020  |       0.0883      0.2118
 256      0.0492        0.9794  |   -0.1795/ -0.1666/ -0.1588           -0.1588          -0.2180     0.0025  |       0.0894      0.2118
 257      0.0345        0.9831  |   -0.1906/ -0.1809/ -0.1738           -0.1738          -0.2355     0.0028  |       0.0882      0.2118
 258      0.0445        0.9797  |   -0.1548/ -0.1411/ -0.1342           -0.1342          -0.2129     0.0017  |       0.0867      0.2118
 259      0.0493        0.9820  |   -0.1744/ -0.1635/ -0.1560           -0.1560          -0.2169     0.0026  |       0.0877      0.2118
 260      0.0481        0.9805  |   -0.1568/ -0.1423/ -0.1342           -0.1342          -0.2119     0.0045  |       0.0863      0.2118
 261      0.0416        0.9692  |   -0.1867/ -0.1725/ -0.1638           -0.1638          -0.2343     0.0021  |       0.0884      0.2118
 262      0.0565        0.9764  |   -0.1675/ -0.1580/ -0.1517           -0.1517          -0.2129     0.0021  |       0.0871      0.2118
 263      0.0513        0.9744  |   -0.1608/ -0.1510/ -0.1449           -0.1449          -0.2058     0.0028  |       0.0855      0.2118
 264      0.0519        0.9736  |   -0.1465/ -0.1340/ -0.1272           -0.1272          -0.1914     0.0029  |       0.0858      0.2118
 265      0.0519        0.9591  |   -0.1649/ -0.1503/ -0.1422           -0.1422          -0.2131     0.0009  |       0.0883      0.2118
 266      0.0501        0.9900  |   -0.1780/ -0.1651/ -0.1564           -0.1564          -0.2200     0.0036  |       0.0884      0.2118
 267      0.0313        0.9454  |   -0.1818/ -0.1680/ -0.1601           -0.1601          -0.2262     0.0009  |       0.0863      0.2118
 268      0.0447        0.9661  |   -0.1910/ -0.1760/ -0.1664           -0.1664          -0.2111     0.0028  |       0.0856      0.2118
 269      0.0268        0.9806  |   -0.2120/ -0.1984/ -0.1902           -0.1902          -0.2391     0.0012  |       0.0851      0.2118
 270      0.0429        0.9791  |   -0.2048/ -0.1912/ -0.1832           -0.1832          -0.2240     0.0034  |       0.0851      0.2118
 271      0.0511        0.9188  |   -0.1644/ -0.1522/ -0.1435           -0.1435          -0.2204     0.0025  |       0.0882      0.2118
 272      0.0453        0.9774  |   -0.2253/ -0.2115/ -0.2022           -0.2022          -0.2696     0.0023  |       0.0903      0.2118
 273      0.0541        0.9767  |   -0.1718/ -0.1524/ -0.1444           -0.1444          -0.2117     0.0058  |       0.0886      0.2118
 274      0.0338        0.8880  |   -0.2373/ -0.2238/ -0.2159           -0.2159          -0.2717     0.0022  |       0.0833      0.2118
 275      0.0194        0.9812  |   -0.2149/ -0.2023/ -0.1948           -0.1948          -0.2554     0.0027  |       0.0843      0.2118
 276      0.0563        0.9248  |   -0.1743/ -0.1608/ -0.1502           -0.1502          -0.2011     0.0037  |       0.0869      0.2118
 277      0.0482        0.9574  |   -0.1932/ -0.1791/ -0.1702           -0.1702          -0.2440     0.0040  |       0.0904      0.2118
 278      0.0412        0.9624  |   -0.1852/ -0.1702/ -0.1618           -0.1618          -0.2380     0.0039  |       0.0902      0.2118
 279      0.0348        0.9610  |   -0.2004/ -0.1884/ -0.1819           -0.1819          -0.2381     0.0028  |       0.0868      0.2118
 280      0.0194        0.9313  |   -0.2455/ -0.2291/ -0.2214           -0.2214          -0.2838     0.0030  |       0.0847      0.2118
 281      0.0483        0.9413  |   -0.1481/ -0.1370/ -0.1286           -0.1286          -0.1780     0.0036  |       0.0827      0.2118
 282      0.0624        0.9534  |   -0.0993/ -0.0846/ -0.0741           -0.0741          -0.0956     0.0056  |       0.0802      0.2118
 283      0.0527        0.9565  |   -0.1791/ -0.1673/ -0.1601           -0.1601          -0.1966     0.0026  |       0.0760      0.2118
 284      0.0582        0.9650  |   -0.1656/ -0.1538/ -0.1422           -0.1422          -0.1950     0.0012  |       0.0736      0.2118
 285      0.0482        0.9800  |   -0.1617/ -0.1484/ -0.1401           -0.1401          -0.1977     0.0035  |       0.0725      0.2118
 286      0.0583        0.9837  |   -0.1518/ -0.1427/ -0.1360           -0.1360          -0.1911     0.0034  |       0.0747      0.2118
 287      0.0549        0.9701  |   -0.1849/ -0.1692/ -0.1628           -0.1628          -0.2013     0.0059  |       0.0780      0.2118
 288      0.0461        0.8946  |   -0.2305/ -0.2161/ -0.2074           -0.2074          -0.2527     0.0049  |       0.0835      0.2118
 289      0.0480        0.9339  |   -0.1744/ -0.1645/ -0.1581           -0.1581          -0.2098     0.0008  |       0.0884      0.2118
 290      0.0492        0.9768  |   -0.1881/ -0.1718/ -0.1638           -0.1638          -0.2202     0.0036  |       0.0889      0.2118
 291      0.0508        0.9714  |   -0.1326/ -0.1210/ -0.1136           -0.1136          -0.1888     0.0029  |       0.0864      0.2118
 292      0.0285        0.9463  |   -0.2233/ -0.2111/ -0.2051           -0.2051          -0.2607     0.0047  |       0.0843      0.2118
 293      0.0352        0.9509  |   -0.2076/ -0.1959/ -0.1876           -0.1876          -0.2372     0.0023  |       0.0846      0.2118
 294      0.0238        0.9640  |   -0.2350/ -0.2215/ -0.2156           -0.2156          -0.2806     0.0032  |       0.0843      0.2118
 295      0.0477        0.9339  |   -0.1738/ -0.1611/ -0.1508           -0.1508          -0.2058     0.0045  |       0.0864      0.2118
 296      0.0529        0.9425  |   -0.2052/ -0.1890/ -0.1808           -0.1808          -0.2441     0.0022  |       0.0904      0.2118
 297      0.0640        0.9794  |   -0.1461/ -0.1325/ -0.1240           -0.1240          -0.1976     0.0008  |       0.0890      0.2118
 298      0.0537        0.9891  |   -0.1694/ -0.1526/ -0.1441           -0.1441          -0.2148     0.0044  |       0.0884      0.2118
 299      0.0375        0.9513  |   -0.2031/ -0.1845/ -0.1756           -0.1756          -0.2348     0.0011  |       0.0848      0.2118
IMAGEIO FFMPEG_WRITER WARNING: input image is not divisible by macro_block_size=16, resizing from (320, 180) to (320, 192) to ensure video compatibility with most codecs and players. To prevent resizing, make your input image divisible by the macro_block_size or set the macro_block_size to 1 (risking incompatibility).

Saved 300 frames -> /home/ashwink/Documents/swms/SWM_copy/rollouts_5_per/expert+subopt/epoch8/epoch8_rollout2_failure.mp4
min dist(green_cube,blue_moon) over episode = 0.1983  ->  FAILURE
Full log written to /home/ashwink/Documents/swms/SWM_copy/rollouts_5_per/expert+subopt/epoch8/epoch8_rollout2_20260723_130227.log
Result json -> /home/ashwink/Documents/swms/SWM_copy/rollouts_5_per/expert+subopt/epoch8/epoch8_rollout2_result.json
