Checkpoint dir epoch: 8  Rollout: 4
Logging to /home/ashwink/Documents/swms/SWM_copy/rollouts_5_per/expert+subopt/epoch8/epoch8_rollout4_20260723_130544.log
Goal (fixed, steps 0-299): the green cube is touching the blue moon. the peg is touching the green cube.

Checkpoint: /home/ashwink/Documents/swms/SWM_copy/training/checkpoints_clip_full_fine-tuned_with_subopt_data/epoch_008.pt
  epoch=8  step=15174

Loading CLIP ViT-L/14 (datacomp_xl_s13b_b90k) + fine-tuned clip_state_dict ...
Parsing model identifier. Schema: None, Identifier: ViT-L-14
Loaded built-in ViT-L-14 model config.
Instantiating model architecture: CLIP
Loading full pretrained weights from: /home/ashwink/.cache/huggingface/hub/models--laion--CLIP-ViT-L-14-DataComp.XL-s13B-b90K/snapshots/84c9828e63dc9a9351d1fe637c346d4c1c4db341/open_clip_pytorch_model.bin
Final image preprocessing configuration set: {'size': (224, 224), 'mode': 'RGB', 'mean': (0.48145466, 0.4578275, 0.40821073), 'std': (0.26862954, 0.26130258, 0.27577711), 'interpolation': 'bicubic', 'resize_mode': 'shortest', 'fill_color': 0}
Model ViT-L-14 creation process complete.
Parsing tokenizer identifier. Schema: None, Identifier: ViT-L-14
Attempting to load config from built-in: ViT-L-14
Using default SimpleTokenizer.
z_star shape: torch.Size([768])

Loading action stats from /home/ashwink/full_data_5000/langtable/demos/ ...
  lo=[-0.03372681140899658, -0.03493623435497284]  hi=[0.03496786952018738, 0.03494429588317871]

Initializing LangTable env ...
Loading URDF plane.urdf
Loading URDF /home/ashwink/Documents/swms/.venv/lib/python3.10/site-packages/language_table/environments/utils/../../../language_table/environments/assets/workspace_real.urdf
Loading URDF xarm/xarm6_robot_white.urdf
Loading URDF /home/ashwink/Documents/swms/.venv/lib/python3.10/site-packages/language_table/environments/utils/../../../language_table/environments/assets/suction/cylinder_real.urdf
Loading URDF /home/ashwink/Documents/swms/.venv/lib/python3.10/site-packages/language_table/environments/utils/../../../language_table/environments/assets/blocks/red_moon.urdf
Loading URDF /home/ashwink/Documents/swms/.venv/lib/python3.10/site-packages/language_table/environments/utils/../../../language_table/environments/assets/blocks/red_cube.urdf
Loading URDF /home/ashwink/Documents/swms/.venv/lib/python3.10/site-packages/language_table/environments/utils/../../../language_table/environments/assets/blocks/red_star.urdf
Loading URDF /home/ashwink/Documents/swms/.venv/lib/python3.10/site-packages/language_table/environments/utils/../../../language_table/environments/assets/blocks/red_pentagon.urdf
Loading URDF /home/ashwink/Documents/swms/.venv/lib/python3.10/site-packages/language_table/environments/utils/../../../language_table/environments/assets/blocks/blue_moon.urdf
Loading URDF /home/ashwink/Documents/swms/.venv/lib/python3.10/site-packages/language_table/environments/utils/../../../language_table/environments/assets/blocks/blue_cube.urdf
Loading URDF /home/ashwink/Documents/swms/.venv/lib/python3.10/site-packages/language_table/environments/utils/../../../language_table/environments/assets/blocks/blue_star.urdf
Loading URDF /home/ashwink/Documents/swms/.venv/lib/python3.10/site-packages/language_table/environments/utils/../../../language_table/environments/assets/blocks/blue_pentagon.urdf
Loading URDF /home/ashwink/Documents/swms/.venv/lib/python3.10/site-packages/language_table/environments/utils/../../../language_table/environments/assets/blocks/yellow_moon.urdf
Loading URDF /home/ashwink/Documents/swms/.venv/lib/python3.10/site-packages/language_table/environments/utils/../../../language_table/environments/assets/blocks/yellow_cube.urdf
Loading URDF /home/ashwink/Documents/swms/.venv/lib/python3.10/site-packages/language_table/environments/utils/../../../language_table/environments/assets/blocks/yellow_star.urdf
Loading URDF /home/ashwink/Documents/swms/.venv/lib/python3.10/site-packages/language_table/environments/utils/../../../language_table/environments/assets/blocks/yellow_pentagon.urdf
Loading URDF /home/ashwink/Documents/swms/.venv/lib/python3.10/site-packages/language_table/environments/utils/../../../language_table/environments/assets/blocks/green_moon.urdf
Loading URDF /home/ashwink/Documents/swms/.venv/lib/python3.10/site-packages/language_table/environments/utils/../../../language_table/environments/assets/blocks/green_cube.urdf
Loading URDF /home/ashwink/Documents/swms/.venv/lib/python3.10/site-packages/language_table/environments/utils/../../../language_table/environments/assets/blocks/green_star.urdf
Loading URDF /home/ashwink/Documents/swms/.venv/lib/python3.10/site-packages/language_table/environments/utils/../../../language_table/environments/assets/blocks/green_pentagon.urdf
Loading URDF /home/ashwink/Documents/swms/.venv/lib/python3.10/site-packages/language_table/environments/utils/../../../language_table/environments/assets/blocks/purple_moon.urdf
Loading URDF /home/ashwink/Documents/swms/.venv/lib/python3.10/site-packages/language_table/environments/utils/../../../language_table/environments/assets/blocks/purple_cube.urdf
Loading URDF /home/ashwink/Documents/swms/.venv/lib/python3.10/site-packages/language_table/environments/utils/../../../language_table/environments/assets/blocks/purple_star.urdf
Loading URDF /home/ashwink/Documents/swms/.venv/lib/python3.10/site-packages/language_table/environments/utils/../../../language_table/environments/assets/blocks/purple_pentagon.urdf
Env ready.

Forced peg start: [0.42843915 0.24419614]  (green_cube=[0.40339102 0.18967466], blue_moon=[0.32039625 0.00902261])
  dist(peg,green_cube)=0.0600  dist(peg,blue_moon)=0.2588  dist(green_cube,blue_moon)=0.1988

step  cos(zt,z*)  cos(zt,zt-1)  |   cos(predK,z*) min/mean/max  cos(pred_sel,z*)   cos(zpred0,z*)  ||a_raw||  |  dist(peg,A)   dist(A,B)
-------------------------------------------------------------------------------------------------------------------------------------------------------------------------------
   0      0.1773           nan  |    0.5704/  0.5911/  0.6095            0.6095           0.6081     0.0099  |       0.0587      0.1988
   1      0.1753        0.9922  |    0.6350/  0.6506/  0.6576            0.6576           0.5919     0.0145  |       0.0583      0.1988
   2      0.1638        0.9824  |    0.6305/  0.6417/  0.6489            0.6489           0.5622     0.0070  |       0.0558      0.1988
   3      0.1689        0.9848  |    0.6311/  0.6459/  0.6515            0.6515           0.5667     0.0072  |       0.0546      0.1988
   4      0.1740        0.9598  |    0.5959/  0.6072/  0.6156            0.6156           0.5271     0.0065  |       0.0530      0.1988
   5      0.1392        0.8379  |    0.4873/  0.4979/  0.5075            0.5075           0.1803     0.0039  |       0.0532      0.1988
   6      0.1236        0.9441  |    0.2697/  0.2831/  0.2911            0.2911          -0.0801     0.0034  |       0.0516      0.1988
   7      0.1260        0.9696  |    0.3389/  0.3520/  0.3605            0.3605          -0.0079     0.0027  |       0.0532      0.1988
   8      0.1066        0.9726  |    0.2537/  0.2659/  0.2746            0.2746          -0.0315     0.0049  |       0.0553      0.1988
   9      0.0740        0.9601  |    0.0467/  0.0587/  0.0666            0.0666          -0.1749     0.0050  |       0.0590      0.1988
  10      0.0485        0.9460  |    0.0451/  0.0647/  0.0739            0.0739          -0.2341     0.0037  |       0.0611      0.1988
  11      0.0891        0.9516  |    0.2961/  0.3158/  0.3256            0.3256          -0.0329     0.0049  |       0.0629      0.1988
  12      0.0951        0.9418  |    0.2911/  0.3089/  0.3177            0.3177          -0.0233     0.0044  |       0.0649      0.1988
  13      0.0487        0.9402  |    0.0320/  0.0568/  0.0665            0.0665          -0.2856     0.0065  |       0.0675      0.1988
  14      0.0922        0.9359  |    0.0855/  0.1004/  0.1089            0.1089          -0.1875     0.0043  |       0.0709      0.1988
  15      0.0365        0.9143  |   -0.1039/ -0.0870/ -0.0797           -0.0797          -0.2965     0.0056  |       0.0727      0.1988
  16      0.0783        0.9407  |   -0.0420/ -0.0267/ -0.0173           -0.0173          -0.1848     0.0040  |       0.0725      0.1988
  17      0.0651        0.9440  |   -0.0425/ -0.0272/ -0.0194           -0.0194          -0.2113     0.0051  |       0.0732      0.1988
  18      0.0531        0.9259  |   -0.1581/ -0.1461/ -0.1380           -0.1380          -0.2645     0.0025  |       0.0716      0.1988
  19      0.0709        0.9663  |   -0.1529/ -0.1406/ -0.1329           -0.1329          -0.2519     0.0062  |       0.0692      0.1988
  20      0.0649        0.9188  |   -0.0548/ -0.0416/ -0.0324           -0.0324          -0.1948     0.0056  |       0.0633      0.1988
  21      0.0695        0.9521  |   -0.0403/ -0.0301/ -0.0212           -0.0212          -0.1830     0.0054  |       0.0582      0.1988
  22      0.0477        0.9188  |   -0.0718/ -0.0595/ -0.0518           -0.0518          -0.2229     0.0097  |       0.0537      0.1988
  23      0.0779        0.9402  |   -0.0194/ -0.0044/  0.0065            0.0065          -0.1611     0.0075  |       0.0448      0.1988
  24      0.0937        0.9527  |    0.2021/  0.2178/  0.2260            0.2260          -0.1015     0.0051  |       0.0373      0.1988
  25      0.0718        0.9562  |   -0.0841/ -0.0708/ -0.0620           -0.0620          -0.2153     0.0030  |       0.0341      0.1990
  26      0.0529        0.9259  |   -0.1921/ -0.1765/ -0.1654           -0.1654          -0.3063     0.0098  |       0.0339      0.1987
  27      0.0793        0.9205  |   -0.1312/ -0.1177/ -0.1070           -0.1070          -0.2101     0.0057  |       0.0340      0.2026
  28      0.0844        0.9419  |   -0.1402/ -0.1268/ -0.1174           -0.1174          -0.1911     0.0029  |       0.0338      0.2045
  29      0.0980        0.9629  |   -0.0713/ -0.0599/ -0.0523           -0.0523          -0.1386     0.0020  |       0.0338      0.2059
  30      0.0865        0.9449  |   -0.0468/ -0.0303/ -0.0233           -0.0233          -0.1024     0.0047  |       0.0342      0.2059
  31      0.1004        0.9155  |   -0.0393/ -0.0227/ -0.0150           -0.0150          -0.1106     0.0027  |       0.0382      0.2059
  32      0.0849        0.9268  |   -0.1047/ -0.0862/ -0.0793           -0.0793          -0.1603     0.0011  |       0.0405      0.2059
  33      0.0826        0.9873  |   -0.1066/ -0.0957/ -0.0882           -0.0882          -0.1796     0.0053  |       0.0403      0.2059
  34      0.0766        0.9699  |   -0.0958/ -0.0836/ -0.0754           -0.0754          -0.1751     0.0045  |       0.0380      0.2065
  35      0.0915        0.9213  |   -0.1178/ -0.0991/ -0.0916           -0.0916          -0.1411     0.0023  |       0.0381      0.2091
  36      0.1068        0.9615  |   -0.0737/ -0.0610/ -0.0512           -0.0512          -0.0968     0.0012  |       0.0382      0.2107
  37      0.1112        0.9844  |   -0.0767/ -0.0641/ -0.0563           -0.0563          -0.1176     0.0008  |       0.0389      0.2107
  38      0.1015        0.9720  |   -0.0887/ -0.0763/ -0.0681           -0.0681          -0.1407     0.0035  |       0.0396      0.2107
  39      0.0811        0.9474  |   -0.1350/ -0.1223/ -0.1152           -0.1152          -0.1710     0.0051  |       0.0392      0.2110
  40      0.0971        0.9289  |    0.0748/  0.0900/  0.0995            0.0995          -0.0299     0.0041  |       0.0403      0.2121
  41      0.0903        0.9626  |   -0.0684/ -0.0526/ -0.0444           -0.0444          -0.0958     0.0044  |       0.0406      0.2126
  42      0.0937        0.9540  |   -0.1029/ -0.0866/ -0.0791           -0.0791          -0.1435     0.0041  |       0.0436      0.2126
  43      0.0987        0.9632  |   -0.0357/ -0.0193/ -0.0115           -0.0115          -0.0857     0.0035  |       0.0438      0.2126
  44      0.0929        0.9787  |    0.0048/  0.0195/  0.0269            0.0269          -0.0604     0.0013  |       0.0452      0.2126
  45      0.0913        0.9825  |   -0.0599/ -0.0484/ -0.0412           -0.0412          -0.1129     0.0067  |       0.0460      0.2126
  46      0.0806        0.9474  |   -0.0151/ -0.0025/  0.0049            0.0049          -0.0914     0.0024  |       0.0519      0.2126
  47      0.0736        0.9763  |   -0.0425/ -0.0312/ -0.0238           -0.0238          -0.1212     0.0071  |       0.0528      0.2126
  48      0.0692        0.9737  |    0.0013/  0.0148/  0.0238            0.0238          -0.0654     0.0033  |       0.0562      0.2126
  49      0.0589        0.9759  |   -0.0513/ -0.0401/ -0.0331           -0.0331          -0.1397     0.0059  |       0.0588      0.2126
  50      0.0632        0.9615  |   -0.0879/ -0.0777/ -0.0712           -0.0712          -0.1949     0.0073  |       0.0641      0.2126
  51      0.0326        0.9584  |   -0.1903/ -0.1738/ -0.1643           -0.1643          -0.2758     0.0146  |       0.0697      0.2126
  52      0.0149        0.9359  |   -0.2144/ -0.2020/ -0.1932           -0.1932          -0.2720     0.0124  |       0.0809      0.2126
  53      0.0432        0.8890  |   -0.1674/ -0.1497/ -0.1399           -0.1399          -0.2075     0.0043  |       0.0922      0.2126
  54      0.0502        0.9624  |   -0.1478/ -0.1333/ -0.1255           -0.1255          -0.2076     0.0062  |       0.0970      0.2126
  55      0.0217        0.9645  |   -0.1751/ -0.1634/ -0.1560           -0.1560          -0.2618     0.0056  |       0.0982      0.2126
  56      0.0598        0.9521  |   -0.1228/ -0.1070/ -0.1000           -0.1000          -0.1639     0.0027  |       0.0977      0.2126
  57      0.0221        0.9660  |   -0.2137/ -0.1948/ -0.1871           -0.1871          -0.2634     0.0041  |       0.0967      0.2126
  58      0.0262        0.9606  |   -0.2241/ -0.2119/ -0.2042           -0.2042          -0.2728     0.0041  |       0.0950      0.2126
  59      0.0090        0.9292  |   -0.2069/ -0.1801/ -0.1691           -0.1691          -0.2705     0.0035  |       0.0916      0.2126
  60     -0.0231        0.9334  |   -0.2783/ -0.2651/ -0.2565           -0.2565          -0.2854     0.0052  |       0.0904      0.2126
  61     -0.0155        0.9581  |   -0.2505/ -0.2366/ -0.2263           -0.2263          -0.2709     0.0021  |       0.0912      0.2126
  62     -0.0358        0.9649  |   -0.2645/ -0.2473/ -0.2393           -0.2393          -0.2703     0.0036  |       0.0932      0.2126
  63     -0.0185        0.9718  |   -0.2495/ -0.2353/ -0.2246           -0.2246          -0.2644     0.0015  |       0.0922      0.2126
  64     -0.0178        0.9749  |   -0.2825/ -0.2653/ -0.2575           -0.2575          -0.2912     0.0010  |       0.0911      0.2126
  65     -0.0113        0.9701  |   -0.2387/ -0.2190/ -0.2067           -0.2067          -0.2699     0.0015  |       0.0918      0.2126
  66     -0.0099        0.9626  |   -0.2828/ -0.2700/ -0.2621           -0.2621          -0.2862     0.0025  |       0.0912      0.2126
  67     -0.0205        0.9457  |   -0.2320/ -0.2116/ -0.2016           -0.2016          -0.2503     0.0062  |       0.0904      0.2126
  68      0.0047        0.9268  |   -0.1981/ -0.1845/ -0.1749           -0.1749          -0.2347     0.0036  |       0.0892      0.2126
  69      0.0181        0.9458  |   -0.2254/ -0.2091/ -0.2005           -0.2005          -0.2660     0.0041  |       0.0874      0.2126
  70      0.0081        0.9576  |   -0.2393/ -0.2234/ -0.2134           -0.2134          -0.2748     0.0037  |       0.0848      0.2126
  71      0.0426        0.9466  |   -0.2042/ -0.1846/ -0.1739           -0.1739          -0.2399     0.0018  |       0.0812      0.2126
  72      0.0488        0.9786  |   -0.1891/ -0.1748/ -0.1673           -0.1673          -0.2305     0.0054  |       0.0793      0.2126
  73      0.0587        0.9417  |   -0.1885/ -0.1750/ -0.1637           -0.1637          -0.2189     0.0070  |       0.0744      0.2126
  74      0.0680        0.9254  |   -0.1428/ -0.1207/ -0.1123           -0.1123          -0.1423     0.0057  |       0.0682      0.2126
  75      0.0805        0.9763  |   -0.0733/ -0.0588/ -0.0486           -0.0486          -0.0954     0.0092  |       0.0637      0.2126
  76      0.0783        0.9448  |    0.0049/  0.0262/  0.0357            0.0357          -0.0150     0.0114  |       0.0551      0.2126
  77      0.0833        0.9594  |    0.0935/  0.1088/  0.1158            0.1158           0.0535     0.0123  |       0.0460      0.2126
  78      0.0955        0.9197  |    0.2242/  0.2425/  0.2500            0.2500           0.1962     0.0105  |       0.0377      0.2126
  79      0.0944        0.9312  |    0.2950/  0.3165/  0.3292            0.3292           0.2382     0.0020  |       0.0352      0.2130
  80      0.0989        0.9717  |    0.2635/  0.2818/  0.2892            0.2892           0.1966     0.0037  |       0.0366      0.2130
  81      0.0941        0.9649  |    0.1562/  0.1735/  0.1815            0.1815           0.0588     0.0051  |       0.0392      0.2130
  82      0.1069        0.9731  |    0.1905/  0.2101/  0.2173            0.2173           0.0725     0.0062  |       0.0425      0.2130
  83      0.0929        0.9469  |    0.0027/  0.0217/  0.0286            0.0286          -0.0763     0.0033  |       0.0474      0.2130
  84      0.0907        0.9690  |   -0.0195/ -0.0040/  0.0024            0.0024          -0.0914     0.0021  |       0.0505      0.2130
  85      0.0930        0.9841  |    0.0601/  0.0721/  0.0812            0.0812          -0.0199     0.0029  |       0.0516      0.2130
  86      0.0844        0.9803  |    0.0832/  0.0988/  0.1070            0.1070          -0.0138     0.0020  |       0.0536      0.2130
  87      0.0740        0.9762  |   -0.0073/  0.0092/  0.0176            0.0176          -0.0912     0.0036  |       0.0556      0.2130
  88      0.0813        0.9785  |    0.0100/  0.0230/  0.0312            0.0312          -0.0476     0.0060  |       0.0578      0.2130
  89      0.0760        0.9462  |   -0.1096/ -0.0915/ -0.0829           -0.0829          -0.1872     0.0119  |       0.0627      0.2130
  90      0.0660        0.9590  |   -0.1187/ -0.1057/ -0.0963           -0.0963          -0.1983     0.0095  |       0.0689      0.2130
  91      0.0531        0.9602  |   -0.1459/ -0.1341/ -0.1235           -0.1235          -0.2328     0.0096  |       0.0712      0.2130
  92      0.0507        0.9628  |   -0.1733/ -0.1616/ -0.1538           -0.1538          -0.2293     0.0078  |       0.0756      0.2130
  93      0.0313        0.9484  |   -0.2158/ -0.2035/ -0.1946           -0.1946          -0.2683     0.0043  |       0.0830      0.2130
  94      0.0547        0.9196  |   -0.1843/ -0.1649/ -0.1534           -0.1534          -0.2129     0.0042  |       0.0876      0.2130
  95      0.0549        0.9662  |   -0.2450/ -0.2341/ -0.2264           -0.2264          -0.2878     0.0024  |       0.0907      0.2130
  96      0.0498        0.9807  |   -0.2147/ -0.1987/ -0.1900           -0.1900          -0.2532     0.0026  |       0.0897      0.2130
  97      0.0422        0.9518  |   -0.2006/ -0.1890/ -0.1801           -0.1801          -0.2515     0.0011  |       0.0875      0.2130
  98      0.0266        0.9816  |   -0.2038/ -0.1911/ -0.1820           -0.1820          -0.2494     0.0016  |       0.0869      0.2130
  99      0.0174        0.9742  |   -0.2305/ -0.2112/ -0.2015           -0.2015          -0.2674     0.0009  |       0.0871      0.2130
 100      0.0099        0.9774  |   -0.2380/ -0.2261/ -0.2175           -0.2175          -0.2890     0.0018  |       0.0879      0.2130
 101      0.0279        0.9807  |   -0.2096/ -0.1922/ -0.1835           -0.1835          -0.2506     0.0029  |       0.0871      0.2130
 102      0.0111        0.9307  |   -0.2501/ -0.2347/ -0.2270           -0.2270          -0.2967     0.0018  |       0.0851      0.2130
 103      0.0045        0.9803  |   -0.2400/ -0.2293/ -0.2226           -0.2226          -0.3060     0.0011  |       0.0859      0.2130
 104      0.0244        0.9591  |   -0.2131/ -0.1978/ -0.1899           -0.1899          -0.2633     0.0036  |       0.0868      0.2130
 105      0.0423        0.9752  |   -0.2088/ -0.1957/ -0.1880           -0.1880          -0.2429     0.0013  |       0.0853      0.2130
 106      0.0450        0.9703  |   -0.2060/ -0.1959/ -0.1873           -0.1873          -0.2482     0.0020  |       0.0855      0.2130
 107      0.0567        0.9783  |   -0.1607/ -0.1475/ -0.1399           -0.1399          -0.2109     0.0010  |       0.0870      0.2130
 108      0.0751        0.9711  |   -0.1335/ -0.1214/ -0.1125           -0.1125          -0.1882     0.0012  |       0.0876      0.2130
 109      0.0594        0.9709  |   -0.1225/ -0.1078/ -0.0997           -0.0997          -0.1729     0.0014  |       0.0867      0.2130
 110      0.0697        0.9797  |   -0.1509/ -0.1322/ -0.1237           -0.1237          -0.1931     0.0024  |       0.0875      0.2130
 111      0.0621        0.9612  |   -0.1523/ -0.1393/ -0.1330           -0.1330          -0.2037     0.0009  |       0.0854      0.2130
 112      0.0473        0.9874  |   -0.1683/ -0.1537/ -0.1466           -0.1466          -0.2165     0.0012  |       0.0852      0.2130
 113      0.0511        0.9842  |   -0.1816/ -0.1680/ -0.1598           -0.1598          -0.2222     0.0026  |       0.0853      0.2130
 114      0.0550        0.9553  |   -0.1745/ -0.1591/ -0.1507           -0.1507          -0.2272     0.0027  |       0.0876      0.2130
 115      0.0567        0.9699  |   -0.1698/ -0.1494/ -0.1405           -0.1405          -0.2073     0.0007  |       0.0878      0.2130
 116      0.0510        0.9903  |   -0.1665/ -0.1478/ -0.1402           -0.1402          -0.2083     0.0030  |       0.0878      0.2130
 117      0.0547        0.9791  |   -0.1871/ -0.1683/ -0.1603           -0.1603          -0.2195     0.0015  |       0.0860      0.2130
 118      0.0599        0.9820  |   -0.1422/ -0.1298/ -0.1215           -0.1215          -0.1873     0.0031  |       0.0869      0.2130
 119      0.0246        0.9078  |   -0.2505/ -0.2344/ -0.2275           -0.2275          -0.2953     0.0024  |       0.0842      0.2130
 120      0.0158        0.9631  |   -0.2247/ -0.2125/ -0.2065           -0.2065          -0.2737     0.0055  |       0.0820      0.2130
 121      0.0487        0.9025  |   -0.1987/ -0.1841/ -0.1755           -0.1755          -0.2264     0.0035  |       0.0868      0.2130
 122      0.0600        0.9731  |   -0.1322/ -0.1189/ -0.1102           -0.1102          -0.1875     0.0023  |       0.0869      0.2130
 123      0.0598        0.9804  |   -0.1195/ -0.1059/ -0.0981           -0.0981          -0.1716     0.0023  |       0.0859      0.2130
 124      0.0529        0.9797  |   -0.1620/ -0.1492/ -0.1395           -0.1395          -0.2139     0.0019  |       0.0862      0.2130
 125      0.0592        0.9834  |   -0.1497/ -0.1356/ -0.1278           -0.1278          -0.2005     0.0016  |       0.0876      0.2130
 126      0.0610        0.9705  |   -0.1471/ -0.1332/ -0.1251           -0.1251          -0.1994     0.0018  |       0.0884      0.2130
 127      0.0714        0.9852  |   -0.1582/ -0.1391/ -0.1311           -0.1311          -0.1985     0.0031  |       0.0889      0.2130
 128      0.0490        0.9630  |   -0.1791/ -0.1665/ -0.1576           -0.1576          -0.2279     0.0021  |       0.0861      0.2130
 129      0.0539        0.9804  |   -0.1476/ -0.1359/ -0.1283           -0.1283          -0.1938     0.0013  |       0.0860      0.2130
 130      0.0608        0.9803  |   -0.1604/ -0.1448/ -0.1357           -0.1357          -0.2095     0.0026  |       0.0872      0.2130
 131      0.0434        0.9614  |   -0.1981/ -0.1857/ -0.1775           -0.1775          -0.2328     0.0002  |       0.0850      0.2130
 132      0.0381        0.9965  |   -0.2091/ -0.1959/ -0.1876           -0.1876          -0.2463     0.0037  |       0.0850      0.2130
 133      0.0655        0.9541  |   -0.1393/ -0.1212/ -0.1118           -0.1118          -0.1839     0.0019  |       0.0876      0.2130
 134      0.0495        0.9714  |   -0.1814/ -0.1681/ -0.1591           -0.1591          -0.2316     0.0022  |       0.0895      0.2130
 135      0.0506        0.9813  |   -0.1773/ -0.1618/ -0.1541           -0.1541          -0.2215     0.0033  |       0.0915      0.2130
 136      0.0581        0.9784  |   -0.1887/ -0.1737/ -0.1665           -0.1665          -0.2276     0.0048  |       0.0917      0.2130
 137      0.0518        0.9640  |   -0.1411/ -0.1298/ -0.1221           -0.1221          -0.1922     0.0018  |       0.0872      0.2130
 138      0.0623        0.9806  |   -0.1618/ -0.1499/ -0.1411           -0.1411          -0.1901     0.0024  |       0.0873      0.2130
 139      0.0613        0.9708  |   -0.1538/ -0.1394/ -0.1319           -0.1319          -0.1951     0.0029  |       0.0855      0.2130
 140      0.0321        0.9727  |   -0.2248/ -0.2121/ -0.2042           -0.2042          -0.2715     0.0030  |       0.0844      0.2130
 141      0.0201        0.9575  |   -0.2181/ -0.2062/ -0.1991           -0.1991          -0.2745     0.0050  |       0.0841      0.2130
 142      0.0591        0.9127  |   -0.1866/ -0.1732/ -0.1642           -0.1642          -0.2244     0.0017  |       0.0885      0.2130
 143      0.0563        0.9730  |   -0.2043/ -0.1913/ -0.1833           -0.1833          -0.2540     0.0031  |       0.0891      0.2130
 144      0.0650        0.9821  |   -0.1361/ -0.1190/ -0.1118           -0.1118          -0.1895     0.0009  |       0.0890      0.2130
 145      0.0475        0.9821  |   -0.2107/ -0.1952/ -0.1867           -0.1867          -0.2463     0.0053  |       0.0898      0.2130
 146      0.0476        0.9765  |   -0.1866/ -0.1742/ -0.1672           -0.1672          -0.2365     0.0008  |       0.0905      0.2130
 147      0.0485        0.9905  |   -0.2087/ -0.1951/ -0.1852           -0.1852          -0.2501     0.0011  |       0.0907      0.2130
 148      0.0463        0.9910  |   -0.1990/ -0.1863/ -0.1785           -0.1785          -0.2433     0.0017  |       0.0907      0.2130
 149      0.0557        0.9671  |   -0.1652/ -0.1430/ -0.1336           -0.1336          -0.2094     0.0029  |       0.0912      0.2130
 150      0.0435        0.9580  |   -0.1898/ -0.1756/ -0.1685           -0.1685          -0.2476     0.0009  |       0.0931      0.2130
 151      0.0505        0.9936  |   -0.1748/ -0.1613/ -0.1539           -0.1539          -0.2302     0.0033  |       0.0934      0.2130
 152      0.0244        0.9761  |   -0.2077/ -0.1951/ -0.1851           -0.1851          -0.2647     0.0019  |       0.0957      0.2130
 153      0.0523        0.9711  |   -0.1709/ -0.1597/ -0.1519           -0.1519          -0.2100     0.0032  |       0.0976      0.2130
 154      0.0418        0.9767  |   -0.2159/ -0.1994/ -0.1910           -0.1910          -0.2544     0.0019  |       0.0956      0.2130
 155      0.0481        0.9764  |   -0.1777/ -0.1647/ -0.1570           -0.1570          -0.2269     0.0018  |       0.0939      0.2130
 156      0.0444        0.9776  |   -0.2201/ -0.2077/ -0.1987           -0.1987          -0.2566     0.0049  |       0.0921      0.2130
 157      0.0766        0.9588  |   -0.1343/ -0.1214/ -0.1106           -0.1106          -0.1855     0.0004  |       0.0876      0.2130
 158      0.0661        0.9863  |   -0.1646/ -0.1484/ -0.1410           -0.1410          -0.1976     0.0012  |       0.0870      0.2130
 159      0.0578        0.9872  |   -0.1858/ -0.1696/ -0.1618           -0.1618          -0.2323     0.0018  |       0.0874      0.2130
 160      0.0629        0.9819  |   -0.1749/ -0.1624/ -0.1555           -0.1555          -0.2168     0.0041  |       0.0865      0.2130
 161      0.0343        0.9199  |   -0.2204/ -0.2084/ -0.2005           -0.2005          -0.2645     0.0013  |       0.0828      0.2130
 162      0.0298        0.9906  |   -0.2148/ -0.2028/ -0.1958           -0.1958          -0.2706     0.0047  |       0.0835      0.2130
 163      0.0437        0.9328  |   -0.2037/ -0.1865/ -0.1737           -0.1737          -0.2518     0.0045  |       0.0876      0.2130
 164      0.0532        0.9566  |   -0.1931/ -0.1788/ -0.1722           -0.1722          -0.2447     0.0011  |       0.0902      0.2130
 165      0.0585        0.9857  |   -0.2074/ -0.1915/ -0.1835           -0.1835          -0.2472     0.0022  |       0.0914      0.2130
 166      0.0546        0.9853  |   -0.2080/ -0.1948/ -0.1861           -0.1861          -0.2528     0.0028  |       0.0905      0.2130
 167      0.0552        0.9906  |   -0.1853/ -0.1731/ -0.1664           -0.1664          -0.2326     0.0023  |       0.0896      0.2130
 168      0.0646        0.9756  |   -0.1409/ -0.1266/ -0.1188           -0.1188          -0.1948     0.0029  |       0.0876      0.2130
 169      0.0599        0.9727  |   -0.2031/ -0.1863/ -0.1791           -0.1791          -0.2484     0.0030  |       0.0893      0.2130
 170      0.0496        0.9805  |   -0.2248/ -0.2136/ -0.2049           -0.2049          -0.2744     0.0019  |       0.0905      0.2130
 171      0.0474        0.9841  |   -0.1704/ -0.1564/ -0.1494           -0.1494          -0.2249     0.0026  |       0.0895      0.2130
 172      0.0665        0.9729  |   -0.1747/ -0.1603/ -0.1530           -0.1530          -0.2123     0.0010  |       0.0885      0.2130
 173      0.0606        0.9825  |   -0.1817/ -0.1670/ -0.1590           -0.1590          -0.2191     0.0023  |       0.0889      0.2130
 174      0.0596        0.9825  |   -0.1532/ -0.1426/ -0.1353           -0.1353          -0.2078     0.0028  |       0.0874      0.2130
 175      0.0662        0.9797  |   -0.1466/ -0.1339/ -0.1266           -0.1266          -0.1926     0.0028  |       0.0875      0.2130
 176      0.0096        0.9292  |   -0.2166/ -0.2048/ -0.1961           -0.1961          -0.2658     0.0050  |       0.0860      0.2130
 177      0.0292        0.9570  |   -0.2276/ -0.2133/ -0.2064           -0.2064          -0.2756     0.0034  |       0.0836      0.2130
 178      0.0245        0.9504  |   -0.2202/ -0.2069/ -0.1971           -0.1971          -0.2686     0.0034  |       0.0857      0.2130
 179      0.0600        0.9622  |   -0.1780/ -0.1618/ -0.1502           -0.1502          -0.2100     0.0024  |       0.0881      0.2130
 180      0.0113        0.9470  |   -0.2358/ -0.2215/ -0.2121           -0.2121          -0.2814     0.0024  |       0.0862      0.2130
 181      0.0460        0.9585  |   -0.1751/ -0.1587/ -0.1507           -0.1507          -0.2209     0.0022  |       0.0863      0.2130
 182      0.0052        0.9337  |   -0.2388/ -0.2244/ -0.2157           -0.2157          -0.2961     0.0014  |       0.0844      0.2130
 183      0.0261        0.9700  |   -0.2174/ -0.2043/ -0.1968           -0.1968          -0.2807     0.0044  |       0.0830      0.2130
 184      0.0333        0.9554  |   -0.2495/ -0.2295/ -0.2216           -0.2216          -0.2751     0.0041  |       0.0826      0.2130
 185      0.0041        0.9602  |   -0.2274/ -0.2111/ -0.2033           -0.2033          -0.2805     0.0049  |       0.0863      0.2130
 186      0.0503        0.9110  |   -0.2196/ -0.2046/ -0.1939           -0.1939          -0.2594     0.0036  |       0.0882      0.2130
 187      0.0346        0.9410  |   -0.2082/ -0.1945/ -0.1886           -0.1886          -0.2497     0.0021  |       0.0850      0.2130
 188      0.0183        0.9666  |   -0.2195/ -0.2073/ -0.2010           -0.2010          -0.2810     0.0032  |       0.0829      0.2130
 189      0.0451        0.9644  |   -0.1992/ -0.1875/ -0.1787           -0.1787          -0.2312     0.0036  |       0.0829      0.2130
 190      0.0260        0.9673  |   -0.2017/ -0.1851/ -0.1760           -0.1760          -0.2431     0.0051  |       0.0861      0.2130
 191      0.0491        0.9217  |   -0.1949/ -0.1820/ -0.1713           -0.1713          -0.2437     0.0045  |       0.0887      0.2130
 192      0.0269        0.9502  |   -0.2321/ -0.2191/ -0.2107           -0.2107          -0.2774     0.0023  |       0.0850      0.2130
 193      0.0105        0.9590  |   -0.2448/ -0.2347/ -0.2271           -0.2271          -0.3115     0.0055  |       0.0830      0.2130
 194      0.0586        0.8844  |   -0.2012/ -0.1877/ -0.1783           -0.1783          -0.2485     0.0039  |       0.0879      0.2130
 195      0.0586        0.9802  |   -0.2031/ -0.1916/ -0.1829           -0.1829          -0.2540     0.0013  |       0.0890      0.2130
 196      0.0620        0.9807  |   -0.1962/ -0.1831/ -0.1745           -0.1745          -0.2507     0.0019  |       0.0890      0.2130
 197      0.0500        0.9645  |   -0.1717/ -0.1581/ -0.1503           -0.1503          -0.2183     0.0028  |       0.0887      0.2130
 198      0.0272        0.9582  |   -0.1886/ -0.1725/ -0.1636           -0.1636          -0.2369     0.0021  |       0.0863      0.2130
 199      0.0163        0.9412  |   -0.2200/ -0.2096/ -0.2022           -0.2022          -0.2817     0.0036  |       0.0848      0.2130
 200      0.0278        0.9472  |   -0.2054/ -0.1910/ -0.1804           -0.1804          -0.2429     0.0019  |       0.0875      0.2130
 201      0.0137        0.9518  |   -0.2338/ -0.2188/ -0.2111           -0.2111          -0.2787     0.0028  |       0.0869      0.2130
 202      0.0144        0.9471  |   -0.2431/ -0.2315/ -0.2240           -0.2240          -0.2778     0.0029  |       0.0859      0.2130
 203      0.0334        0.9588  |   -0.2197/ -0.2036/ -0.1925           -0.1925          -0.2505     0.0049  |       0.0834      0.2130
 204      0.0476        0.9524  |   -0.2259/ -0.2069/ -0.1971           -0.1971          -0.2581     0.0041  |       0.0795      0.2130
 205      0.0654        0.9536  |   -0.1719/ -0.1593/ -0.1493           -0.1493          -0.2202     0.0003  |       0.0758      0.2130
 206      0.0648        0.9935  |   -0.1800/ -0.1635/ -0.1559           -0.1559          -0.2269     0.0046  |       0.0756      0.2130
 207      0.0787        0.9681  |   -0.1667/ -0.1510/ -0.1413           -0.1413          -0.1955     0.0036  |       0.0743      0.2130
 208      0.0572        0.9707  |   -0.1489/ -0.1354/ -0.1278           -0.1278          -0.1928     0.0004  |       0.0717      0.2130
 209      0.0595        0.9975  |   -0.1477/ -0.1351/ -0.1250           -0.1250          -0.1927     0.0042  |       0.0716      0.2130
 210      0.0717        0.9619  |   -0.1709/ -0.1550/ -0.1482           -0.1482          -0.2039     0.0049  |       0.0741      0.2130
 211      0.0663        0.9727  |   -0.1632/ -0.1533/ -0.1450           -0.1450          -0.2116     0.0044  |       0.0768      0.2130
 212      0.0571        0.9724  |   -0.1856/ -0.1703/ -0.1612           -0.1612          -0.2183     0.0014  |       0.0810      0.2130
 213      0.0674        0.9776  |   -0.1643/ -0.1423/ -0.1341           -0.1341          -0.1946     0.0035  |       0.0801      0.2130
 214      0.0565        0.9771  |   -0.1827/ -0.1712/ -0.1637           -0.1637          -0.2305     0.0025  |       0.0789      0.2130
 215      0.0629        0.9610  |   -0.1333/ -0.1197/ -0.1113           -0.1113          -0.1576     0.0034  |       0.0810      0.2130
 216      0.0502        0.9604  |   -0.2021/ -0.1818/ -0.1736           -0.1736          -0.2484     0.0040  |       0.0788      0.2130
 217      0.0476        0.9617  |   -0.1894/ -0.1761/ -0.1669           -0.1669          -0.2205     0.0018  |       0.0815      0.2130
 218      0.0312        0.9784  |   -0.2167/ -0.2032/ -0.1969           -0.1969          -0.2772     0.0042  |       0.0832      0.2130
 219      0.0312        0.9457  |   -0.2272/ -0.2123/ -0.2012           -0.2012          -0.2640     0.0012  |       0.0869      0.2130
 220      0.0276        0.9929  |   -0.2289/ -0.2140/ -0.2042           -0.2042          -0.2679     0.0031  |       0.0865      0.2130
 221      0.0211        0.9498  |   -0.2393/ -0.2243/ -0.2171           -0.2171          -0.2955     0.0052  |       0.0840      0.2130
 222      0.0070        0.9747  |   -0.2425/ -0.2277/ -0.2199           -0.2199          -0.2872     0.0058  |       0.0858      0.2130
 223      0.0576        0.8786  |   -0.2439/ -0.2304/ -0.2186           -0.2186          -0.2701     0.0027  |       0.0911      0.2130
 224      0.0565        0.9730  |   -0.2301/ -0.2141/ -0.2055           -0.2055          -0.2616     0.0006  |       0.0924      0.2130
 225      0.0575        0.9881  |   -0.2118/ -0.2003/ -0.1910           -0.1910          -0.2603     0.0012  |       0.0920      0.2130
 226      0.0532        0.9845  |   -0.1966/ -0.1752/ -0.1682           -0.1682          -0.2448     0.0018  |       0.0910      0.2130
 227      0.0623        0.9808  |   -0.1787/ -0.1638/ -0.1550           -0.1550          -0.2276     0.0026  |       0.0894      0.2130
 228      0.0372        0.9621  |   -0.2043/ -0.1910/ -0.1832           -0.1832          -0.2522     0.0024  |       0.0874      0.2130
 229      0.0385        0.9787  |   -0.1940/ -0.1798/ -0.1712           -0.1712          -0.2445     0.0053  |       0.0885      0.2130
 230      0.0619        0.9529  |   -0.2001/ -0.1820/ -0.1734           -0.1734          -0.2453     0.0013  |       0.0888      0.2130
 231      0.0604        0.9869  |   -0.2005/ -0.1833/ -0.1747           -0.1747          -0.2391     0.0014  |       0.0881      0.2130
 232      0.0584        0.9840  |   -0.1533/ -0.1389/ -0.1315           -0.1315          -0.1983     0.0026  |       0.0883      0.2130
 233      0.0551        0.9781  |   -0.1655/ -0.1508/ -0.1430           -0.1430          -0.2152     0.0034  |       0.0879      0.2130
 234      0.0364        0.9681  |   -0.2127/ -0.2007/ -0.1933           -0.1933          -0.2605     0.0020  |       0.0898      0.2130
 235      0.0578        0.9809  |   -0.1610/ -0.1483/ -0.1398           -0.1398          -0.2113     0.0009  |       0.0907      0.2130
 236      0.0428        0.9872  |   -0.2114/ -0.1985/ -0.1894           -0.1894          -0.2499     0.0017  |       0.0900      0.2130
 237      0.0467        0.9788  |   -0.2032/ -0.1889/ -0.1808           -0.1808          -0.2541     0.0006  |       0.0915      0.2130
 238      0.0515        0.9904  |   -0.2190/ -0.2057/ -0.1977           -0.1977          -0.2685     0.0024  |       0.0910      0.2130
 239      0.0457        0.9830  |   -0.2027/ -0.1914/ -0.1836           -0.1836          -0.2567     0.0026  |       0.0895      0.2130
 240      0.0659        0.9786  |   -0.1616/ -0.1479/ -0.1397           -0.1397          -0.1988     0.0026  |       0.0870      0.2130
 241      0.0407        0.9662  |   -0.2134/ -0.2020/ -0.1929           -0.1929          -0.2593     0.0028  |       0.0855      0.2130
 242      0.0593        0.9825  |   -0.1669/ -0.1523/ -0.1434           -0.1434          -0.2086     0.0030  |       0.0869      0.2130
 243      0.0594        0.9620  |   -0.1853/ -0.1730/ -0.1644           -0.1644          -0.2275     0.0027  |       0.0883      0.2130
 244      0.0513        0.9607  |   -0.1757/ -0.1625/ -0.1537           -0.1537          -0.2254     0.0024  |       0.0860      0.2130
 245      0.0671        0.9743  |   -0.1068/ -0.0963/ -0.0897           -0.0897          -0.1541     0.0015  |       0.0856      0.2130
 246      0.0441        0.9726  |   -0.1915/ -0.1814/ -0.1731           -0.1731          -0.2347     0.0027  |       0.0852      0.2130
 247      0.0648        0.9773  |   -0.1491/ -0.1370/ -0.1287           -0.1287          -0.1917     0.0031  |       0.0870      0.2130
 248      0.0266        0.9483  |   -0.1938/ -0.1805/ -0.1726           -0.1726          -0.2395     0.0021  |       0.0844      0.2130
 249      0.0533        0.9567  |   -0.1920/ -0.1743/ -0.1664           -0.1664          -0.2281     0.0046  |       0.0862      0.2130
 250      0.0644        0.9658  |   -0.1570/ -0.1407/ -0.1325           -0.1325          -0.2086     0.0027  |       0.0877      0.2130
 251      0.0563        0.9752  |   -0.1841/ -0.1712/ -0.1614           -0.1614          -0.2112     0.0019  |       0.0888      0.2130
 252      0.0622        0.9856  |   -0.1580/ -0.1446/ -0.1369           -0.1369          -0.1955     0.0020  |       0.0876      0.2130
 253      0.0640        0.9807  |   -0.0996/ -0.0888/ -0.0810           -0.0810          -0.1635     0.0005  |       0.0872      0.2130
 254      0.0504        0.9860  |   -0.1594/ -0.1484/ -0.1387           -0.1387          -0.2144     0.0025  |       0.0868      0.2130
 255      0.0651        0.9765  |   -0.1664/ -0.1529/ -0.1450           -0.1450          -0.2049     0.0016  |       0.0873      0.2130
 256      0.0607        0.9833  |   -0.1594/ -0.1454/ -0.1368           -0.1368          -0.2074     0.0021  |       0.0880      0.2130
 257      0.0534        0.9801  |   -0.1603/ -0.1474/ -0.1375           -0.1375          -0.2125     0.0024  |       0.0862      0.2130
 258      0.0674        0.9781  |   -0.1525/ -0.1396/ -0.1319           -0.1319          -0.1999     0.0031  |       0.0878      0.2130
 259      0.0564        0.9649  |   -0.1914/ -0.1755/ -0.1662           -0.1662          -0.2314     0.0021  |       0.0863      0.2130
 260      0.0285        0.9496  |   -0.2133/ -0.2037/ -0.1966           -0.1966          -0.2662     0.0036  |       0.0846      0.2130
 261      0.0265        0.9751  |   -0.2416/ -0.2302/ -0.2218           -0.2218          -0.2942     0.0028  |       0.0851      0.2130
 262      0.0242        0.9450  |   -0.1960/ -0.1791/ -0.1714           -0.1714          -0.2279     0.0024  |       0.0859      0.2130
 263      0.0285        0.9482  |   -0.2306/ -0.2189/ -0.2112           -0.2112          -0.2877     0.0031  |       0.0852      0.2130
 264      0.0493        0.9396  |   -0.1982/ -0.1867/ -0.1764           -0.1764          -0.2443     0.0021  |       0.0876      0.2130
 265      0.0544        0.9799  |   -0.1441/ -0.1309/ -0.1233           -0.1233          -0.1967     0.0032  |       0.0888      0.2130
 266      0.0033        0.9123  |   -0.2401/ -0.2218/ -0.2120           -0.2120          -0.2912     0.0012  |       0.0861      0.2130
 267      0.0182        0.9777  |   -0.2297/ -0.2180/ -0.2114           -0.2114          -0.2861     0.0016  |       0.0849      0.2130
 268      0.0060        0.9827  |   -0.2513/ -0.2383/ -0.2302           -0.2302          -0.3107     0.0016  |       0.0860      0.2130
 269      0.0220        0.9496  |   -0.2042/ -0.1948/ -0.1833           -0.1833          -0.2452     0.0013  |       0.0874      0.2130
 270      0.0105        0.9786  |   -0.2609/ -0.2347/ -0.2248           -0.2248          -0.2856     0.0028  |       0.0874      0.2130
 271      0.0258        0.9581  |   -0.2595/ -0.2444/ -0.2377           -0.2377          -0.2965     0.0048  |       0.0851      0.2130
 272      0.0244        0.9365  |   -0.2253/ -0.2113/ -0.1996           -0.1996          -0.2699     0.0026  |       0.0887      0.2130
 273      0.0173        0.9583  |   -0.2282/ -0.2155/ -0.2075           -0.2075          -0.2730     0.0023  |       0.0868      0.2130
 274      0.0049        0.9769  |   -0.2351/ -0.2243/ -0.2146           -0.2146          -0.2900     0.0031  |       0.0883      0.2130
 275      0.0125        0.9816  |   -0.2252/ -0.2120/ -0.2031           -0.2031          -0.2815     0.0030  |       0.0894      0.2130
 276      0.0069        0.9721  |   -0.2656/ -0.2502/ -0.2423           -0.2423          -0.3109     0.0046  |       0.0896      0.2130
 277      0.0140        0.9520  |   -0.2533/ -0.2367/ -0.2260           -0.2260          -0.2785     0.0029  |       0.0876      0.2130
 278     -0.0054        0.9818  |   -0.2645/ -0.2457/ -0.2380           -0.2380          -0.2735     0.0050  |       0.0883      0.2130
 279      0.0571        0.9447  |   -0.2112/ -0.1986/ -0.1889           -0.1889          -0.2384     0.0016  |       0.0851      0.2130
 280      0.0461        0.9840  |   -0.1910/ -0.1755/ -0.1642           -0.1642          -0.2226     0.0031  |       0.0844      0.2130
 281      0.0415        0.9861  |   -0.2040/ -0.1912/ -0.1827           -0.1827          -0.2471     0.0004  |       0.0826      0.2130
 282      0.0360        0.9921  |   -0.2245/ -0.2138/ -0.2066           -0.2066          -0.2779     0.0029  |       0.0822      0.2130
 283      0.0362        0.9798  |   -0.2171/ -0.1999/ -0.1921           -0.1921          -0.2536     0.0049  |       0.0817      0.2130
 284      0.0430        0.9718  |   -0.2185/ -0.2064/ -0.1965           -0.1965          -0.2599     0.0011  |       0.0829      0.2130
 285      0.0543        0.9861  |   -0.1974/ -0.1829/ -0.1726           -0.1726          -0.2329     0.0061  |       0.0821      0.2130
 286      0.0613        0.9639  |   -0.2145/ -0.1993/ -0.1904           -0.1904          -0.2399     0.0063  |       0.0764      0.2130
 287      0.0693        0.9412  |   -0.0886/ -0.0723/ -0.0620           -0.0620          -0.1182     0.0039  |       0.0702      0.2130
 288      0.0682        0.9776  |   -0.0119/  0.0048/  0.0137            0.0137          -0.0383     0.0055  |       0.0664      0.2130
 289      0.0674        0.9676  |   -0.1091/ -0.0954/ -0.0871           -0.0871          -0.1375     0.0064  |       0.0621      0.2130
 290      0.0800        0.9526  |    0.0060/  0.0277/  0.0357            0.0357          -0.0219     0.0096  |       0.0568      0.2130
 291      0.0688        0.9432  |    0.0882/  0.1028/  0.1109            0.1109           0.0591     0.0071  |       0.0493      0.2130
 292      0.0707        0.9519  |    0.2812/  0.2957/  0.3043            0.3043           0.1956     0.0035  |       0.0469      0.2130
 293      0.0870        0.9730  |    0.1444/  0.1629/  0.1716            0.1716           0.0490     0.0034  |       0.0478      0.2130
 294      0.0761        0.9708  |    0.2284/  0.2421/  0.2498            0.2498           0.1040     0.0030  |       0.0504      0.2130
 295      0.0751        0.9776  |    0.1768/  0.1876/  0.1948            0.1948           0.0605     0.0023  |       0.0529      0.2130
 296      0.0662        0.9845  |    0.1149/  0.1286/  0.1361            0.1361           0.0018     0.0031  |       0.0552      0.2130
 297      0.0753        0.9668  |    0.0006/  0.0136/  0.0227            0.0227          -0.0742     0.0020  |       0.0576      0.2130
 298      0.0702        0.9723  |   -0.0844/ -0.0728/ -0.0645           -0.0645          -0.1809     0.0079  |       0.0597      0.2130
 299      0.0739        0.9725  |   -0.0622/ -0.0450/ -0.0382           -0.0382          -0.1472     0.0077  |       0.0639      0.2130
IMAGEIO FFMPEG_WRITER WARNING: input image is not divisible by macro_block_size=16, resizing from (320, 180) to (320, 192) to ensure video compatibility with most codecs and players. To prevent resizing, make your input image divisible by the macro_block_size or set the macro_block_size to 1 (risking incompatibility).

Saved 300 frames -> /home/ashwink/Documents/swms/SWM_copy/rollouts_5_per/expert+subopt/epoch8/epoch8_rollout4_failure.mp4
min dist(green_cube,blue_moon) over episode = 0.1987  ->  FAILURE
Full log written to /home/ashwink/Documents/swms/SWM_copy/rollouts_5_per/expert+subopt/epoch8/epoch8_rollout4_20260723_130544.log
Result json -> /home/ashwink/Documents/swms/SWM_copy/rollouts_5_per/expert+subopt/epoch8/epoch8_rollout4_result.json
