Checkpoint dir epoch: 0  Rollout: 2
Logging to /home/ashwink/Documents/swms/SWM_copy/rollouts_5_per/expert+subopt/epoch0/epoch0_rollout2_20260723_115114.log
Goal (fixed, steps 0-299): the green cube is touching the blue moon. the peg is touching the green cube.

Checkpoint: /home/ashwink/Documents/swms/SWM_copy/training/checkpoints_clip_full_fine-tuned_with_subopt_data/epoch_000.pt
  epoch=0  step=1686

Loading CLIP ViT-L/14 (datacomp_xl_s13b_b90k) + fine-tuned clip_state_dict ...
Parsing model identifier. Schema: None, Identifier: ViT-L-14
Loaded built-in ViT-L-14 model config.
Instantiating model architecture: CLIP
Loading full pretrained weights from: /home/ashwink/.cache/huggingface/hub/models--laion--CLIP-ViT-L-14-DataComp.XL-s13B-b90K/snapshots/84c9828e63dc9a9351d1fe637c346d4c1c4db341/open_clip_pytorch_model.bin
Final image preprocessing configuration set: {'size': (224, 224), 'mode': 'RGB', 'mean': (0.48145466, 0.4578275, 0.40821073), 'std': (0.26862954, 0.26130258, 0.27577711), 'interpolation': 'bicubic', 'resize_mode': 'shortest', 'fill_color': 0}
Model ViT-L-14 creation process complete.
Parsing tokenizer identifier. Schema: None, Identifier: ViT-L-14
Attempting to load config from built-in: ViT-L-14
Using default SimpleTokenizer.
z_star shape: torch.Size([768])

Loading action stats from /home/ashwink/full_data_5000/langtable/demos/ ...
  lo=[-0.03372681140899658, -0.03493623435497284]  hi=[0.03496786952018738, 0.03494429588317871]

Initializing LangTable env ...
Loading URDF plane.urdf
Loading URDF /home/ashwink/Documents/swms/.venv/lib/python3.10/site-packages/language_table/environments/utils/../../../language_table/environments/assets/workspace_real.urdf
Loading URDF xarm/xarm6_robot_white.urdf
Loading URDF /home/ashwink/Documents/swms/.venv/lib/python3.10/site-packages/language_table/environments/utils/../../../language_table/environments/assets/suction/cylinder_real.urdf
Loading URDF /home/ashwink/Documents/swms/.venv/lib/python3.10/site-packages/language_table/environments/utils/../../../language_table/environments/assets/blocks/red_moon.urdf
Loading URDF /home/ashwink/Documents/swms/.venv/lib/python3.10/site-packages/language_table/environments/utils/../../../language_table/environments/assets/blocks/red_cube.urdf
Loading URDF /home/ashwink/Documents/swms/.venv/lib/python3.10/site-packages/language_table/environments/utils/../../../language_table/environments/assets/blocks/red_star.urdf
Loading URDF /home/ashwink/Documents/swms/.venv/lib/python3.10/site-packages/language_table/environments/utils/../../../language_table/environments/assets/blocks/red_pentagon.urdf
Loading URDF /home/ashwink/Documents/swms/.venv/lib/python3.10/site-packages/language_table/environments/utils/../../../language_table/environments/assets/blocks/blue_moon.urdf
Loading URDF /home/ashwink/Documents/swms/.venv/lib/python3.10/site-packages/language_table/environments/utils/../../../language_table/environments/assets/blocks/blue_cube.urdf
Loading URDF /home/ashwink/Documents/swms/.venv/lib/python3.10/site-packages/language_table/environments/utils/../../../language_table/environments/assets/blocks/blue_star.urdf
Loading URDF /home/ashwink/Documents/swms/.venv/lib/python3.10/site-packages/language_table/environments/utils/../../../language_table/environments/assets/blocks/blue_pentagon.urdf
Loading URDF /home/ashwink/Documents/swms/.venv/lib/python3.10/site-packages/language_table/environments/utils/../../../language_table/environments/assets/blocks/yellow_moon.urdf
Loading URDF /home/ashwink/Documents/swms/.venv/lib/python3.10/site-packages/language_table/environments/utils/../../../language_table/environments/assets/blocks/yellow_cube.urdf
Loading URDF /home/ashwink/Documents/swms/.venv/lib/python3.10/site-packages/language_table/environments/utils/../../../language_table/environments/assets/blocks/yellow_star.urdf
Loading URDF /home/ashwink/Documents/swms/.venv/lib/python3.10/site-packages/language_table/environments/utils/../../../language_table/environments/assets/blocks/yellow_pentagon.urdf
Loading URDF /home/ashwink/Documents/swms/.venv/lib/python3.10/site-packages/language_table/environments/utils/../../../language_table/environments/assets/blocks/green_moon.urdf
Loading URDF /home/ashwink/Documents/swms/.venv/lib/python3.10/site-packages/language_table/environments/utils/../../../language_table/environments/assets/blocks/green_cube.urdf
Loading URDF /home/ashwink/Documents/swms/.venv/lib/python3.10/site-packages/language_table/environments/utils/../../../language_table/environments/assets/blocks/green_star.urdf
Loading URDF /home/ashwink/Documents/swms/.venv/lib/python3.10/site-packages/language_table/environments/utils/../../../language_table/environments/assets/blocks/green_pentagon.urdf
Loading URDF /home/ashwink/Documents/swms/.venv/lib/python3.10/site-packages/language_table/environments/utils/../../../language_table/environments/assets/blocks/purple_moon.urdf
Loading URDF /home/ashwink/Documents/swms/.venv/lib/python3.10/site-packages/language_table/environments/utils/../../../language_table/environments/assets/blocks/purple_cube.urdf
Loading URDF /home/ashwink/Documents/swms/.venv/lib/python3.10/site-packages/language_table/environments/utils/../../../language_table/environments/assets/blocks/purple_star.urdf
Loading URDF /home/ashwink/Documents/swms/.venv/lib/python3.10/site-packages/language_table/environments/utils/../../../language_table/environments/assets/blocks/purple_pentagon.urdf
Env ready.

Forced peg start: [0.42843915 0.24419614]  (green_cube=[0.40339102 0.18967466], blue_moon=[0.32039625 0.00902261])
  dist(peg,green_cube)=0.0600  dist(peg,blue_moon)=0.2588  dist(green_cube,blue_moon)=0.1988

step  cos(zt,z*)  cos(zt,zt-1)  |   cos(predK,z*) min/mean/max  cos(pred_sel,z*)   cos(zpred0,z*)  ||a_raw||  |  dist(peg,A)   dist(A,B)
-------------------------------------------------------------------------------------------------------------------------------------------------------------------------------
   0      0.1986           nan  |    0.0629/  0.0909/  0.0991            0.0991           0.0621     0.0081  |       0.0587      0.1988
   1      0.2015        0.9989  |    0.0644/  0.0872/  0.0950            0.0950           0.0637     0.0103  |       0.0628      0.1988
   2      0.2100        0.9973  |    0.0784/  0.0896/  0.0981            0.0981           0.0737     0.0023  |       0.0721      0.1988
   3      0.2098        0.9978  |    0.0632/  0.0782/  0.0857            0.0857           0.0625     0.0044  |       0.0750      0.1988
   4      0.2089        0.9979  |    0.0749/  0.0877/  0.0976            0.0976           0.0713     0.0028  |       0.0771      0.1988
   5      0.1947        0.9966  |    0.0205/  0.0331/  0.0393            0.0393           0.0079     0.0082  |       0.0799      0.1988
   6      0.1813        0.9916  |   -0.0452/ -0.0352/ -0.0288           -0.0288          -0.0581     0.0016  |       0.0876      0.1988
   7      0.1812        1.0000  |   -0.0498/ -0.0350/ -0.0284           -0.0284          -0.0580     0.0019  |       0.0872      0.1988
   8      0.1888        0.9978  |   -0.0092/  0.0041/  0.0126            0.0126          -0.0193     0.0079  |       0.0855      0.1988
   9      0.1947        0.9955  |    0.0420/  0.0505/  0.0578            0.0578           0.0227     0.0085  |       0.0792      0.1988
  10      0.1867        0.9937  |   -0.0264/ -0.0131/ -0.0067           -0.0067          -0.0358     0.0015  |       0.0856      0.1988
  11      0.1763        0.9960  |   -0.0535/ -0.0424/ -0.0351           -0.0351          -0.0652     0.0047  |       0.0864      0.1988
  12      0.1789        0.9983  |   -0.0559/ -0.0466/ -0.0404           -0.0404          -0.0689     0.0107  |       0.0862      0.1988
  13      0.1777        0.9935  |   -0.0778/ -0.0651/ -0.0583           -0.0583          -0.0888     0.0051  |       0.0905      0.1988
  14      0.1760        0.9995  |   -0.0818/ -0.0727/ -0.0646           -0.0646          -0.0928     0.0091  |       0.0902      0.1988
  15      0.1784        0.9992  |   -0.0775/ -0.0673/ -0.0613           -0.0613          -0.0912     0.0046  |       0.0884      0.1988
  16      0.1805        0.9964  |   -0.0488/ -0.0418/ -0.0354           -0.0354          -0.0633     0.0035  |       0.0842      0.1988
  17      0.1742        0.9962  |   -0.0779/ -0.0661/ -0.0593           -0.0593          -0.0895     0.0073  |       0.0871      0.1988
  18      0.1760        0.9998  |   -0.0745/ -0.0614/ -0.0551           -0.0551          -0.0870     0.0038  |       0.0873      0.1988
  19      0.1826        0.9967  |   -0.0486/ -0.0355/ -0.0270           -0.0270          -0.0554     0.0062  |       0.0839      0.1988
  20      0.1842        0.9986  |   -0.0207/ -0.0121/ -0.0048           -0.0048          -0.0363     0.0065  |       0.0817      0.1988
  21      0.1851        0.9989  |   -0.0121/ -0.0015/  0.0060            0.0060          -0.0267     0.0052  |       0.0820      0.1988
  22      0.1791        0.9953  |   -0.0669/ -0.0595/ -0.0534           -0.0534          -0.0842     0.0014  |       0.0866      0.1988
  23      0.1769        0.9991  |   -0.0788/ -0.0689/ -0.0621           -0.0621          -0.0927     0.0037  |       0.0880      0.1988
  24      0.1761        0.9992  |   -0.0836/ -0.0722/ -0.0664           -0.0664          -0.0942     0.0084  |       0.0891      0.1988
  25      0.1843        0.9951  |   -0.0352/ -0.0242/ -0.0163           -0.0163          -0.0455     0.0042  |       0.0840      0.1988
  26      0.1881        0.9993  |   -0.0034/  0.0084/  0.0143            0.0143          -0.0162     0.0039  |       0.0822      0.1988
  27      0.1821        0.9962  |   -0.0609/ -0.0505/ -0.0440           -0.0440          -0.0701     0.0041  |       0.0856      0.1988
  28      0.1780        0.9973  |   -0.0822/ -0.0724/ -0.0654           -0.0654          -0.0944     0.0043  |       0.0895      0.1988
  29      0.1758        0.9985  |   -0.0833/ -0.0697/ -0.0622           -0.0622          -0.0911     0.0085  |       0.0899      0.1988
  30      0.1858        0.9957  |   -0.0330/ -0.0181/ -0.0094           -0.0094          -0.0372     0.0086  |       0.0848      0.1988
  31      0.1763        0.9954  |   -0.0788/ -0.0707/ -0.0645           -0.0645          -0.0969     0.0019  |       0.0918      0.1988
  32      0.1744        0.9994  |   -0.0956/ -0.0866/ -0.0804           -0.0804          -0.1096     0.0033  |       0.0941      0.1988
  33      0.1760        0.9995  |   -0.0885/ -0.0749/ -0.0684           -0.0684          -0.0980     0.0070  |       0.0941      0.1988
  34      0.1793        0.9972  |   -0.0614/ -0.0497/ -0.0434           -0.0434          -0.0727     0.0049  |       0.0897      0.1988
  35      0.1885        0.9969  |   -0.0048/  0.0062/  0.0144            0.0144          -0.0158     0.0049  |       0.0847      0.1988
  36      0.1833        0.9988  |   -0.0371/ -0.0268/ -0.0195           -0.0195          -0.0474     0.0036  |       0.0880      0.1988
  37      0.1759        0.9982  |   -0.0659/ -0.0582/ -0.0527           -0.0527          -0.0847     0.0027  |       0.0908      0.1988
  38      0.1771        0.9979  |   -0.0720/ -0.0606/ -0.0535           -0.0535          -0.0799     0.0077  |       0.0913      0.1988
  39      0.1816        0.9986  |   -0.0468/ -0.0358/ -0.0289           -0.0289          -0.0551     0.0054  |       0.0886      0.1988
  40      0.1730        0.9945  |   -0.0728/ -0.0625/ -0.0559           -0.0559          -0.0885     0.0044  |       0.0933      0.1988
  41      0.1742        0.9974  |   -0.0959/ -0.0876/ -0.0813           -0.0813          -0.1100     0.0007  |       0.0977      0.1988
  42      0.1742        1.0000  |   -0.1010/ -0.0903/ -0.0833           -0.0833          -0.1100     0.0039  |       0.0983      0.1988
  43      0.1751        0.9980  |   -0.0803/ -0.0712/ -0.0628           -0.0628          -0.0913     0.0061  |       0.0952      0.1988
  44      0.1742        0.9980  |   -0.0966/ -0.0882/ -0.0817           -0.0817          -0.1100     0.0078  |       0.0986      0.1988
  45      0.1754        0.9995  |   -0.0895/ -0.0786/ -0.0717           -0.0717          -0.1007     0.0101  |       0.0966      0.1988
  46      0.1752        0.9991  |   -0.0919/ -0.0843/ -0.0773           -0.0773          -0.1083     0.0060  |       0.1054      0.1988
  47      0.1752        1.0000  |   -0.0949/ -0.0860/ -0.0802           -0.0802          -0.1083     0.0067  |       0.1007      0.1988
  48      0.1739        0.9984  |   -0.0818/ -0.0694/ -0.0640           -0.0640          -0.0941     0.0071  |       0.0945      0.1988
  49      0.1752        0.9984  |   -0.0944/ -0.0862/ -0.0799           -0.0799          -0.1083     0.0076  |       0.1004      0.1988
  50      0.1752        1.0000  |   -0.0952/ -0.0882/ -0.0810           -0.0810          -0.1083     0.0076  |       0.1020      0.1988
  51      0.1752        1.0000  |   -0.0957/ -0.0863/ -0.0794           -0.0794          -0.1083     0.0070  |       0.1020      0.1988
  52      0.1752        1.0000  |   -0.0994/ -0.0885/ -0.0807           -0.0807          -0.1084     0.0065  |       0.1048      0.1988
  53      0.1752        1.0000  |   -0.0933/ -0.0840/ -0.0763           -0.0763          -0.1084     0.0023  |       0.1102      0.1988
  54      0.1752        1.0000  |   -0.0996/ -0.0839/ -0.0781           -0.0781          -0.1084     0.0040  |       0.1112      0.1988
  55      0.1752        1.0000  |   -0.0948/ -0.0851/ -0.0784           -0.0784          -0.1084     0.0069  |       0.1094      0.1988
  56      0.1752        1.0000  |   -0.0945/ -0.0875/ -0.0806           -0.0806          -0.1084     0.0075  |       0.1155      0.1988
  57      0.1752        1.0000  |   -0.0970/ -0.0862/ -0.0788           -0.0788          -0.1084     0.0049  |       0.1211      0.1988
  58      0.1752        1.0000  |   -0.0931/ -0.0853/ -0.0787           -0.0787          -0.1084     0.0050  |       0.1239      0.1988
  59      0.1752        1.0000  |   -0.0946/ -0.0853/ -0.0789           -0.0789          -0.1084     0.0023  |       0.1284      0.1988
  60      0.1752        1.0000  |   -0.0968/ -0.0866/ -0.0789           -0.0789          -0.1084     0.0052  |       0.1267      0.1988
  61      0.1752        1.0000  |   -0.0940/ -0.0857/ -0.0784           -0.0784          -0.1084     0.0048  |       0.1312      0.1988
  62      0.1752        1.0000  |   -0.0964/ -0.0852/ -0.0776           -0.0776          -0.1084     0.0006  |       0.1355      0.1988
  63      0.1752        1.0000  |   -0.1000/ -0.0871/ -0.0809           -0.0809          -0.1084     0.0025  |       0.1363      0.1988
  64      0.1752        1.0000  |   -0.1005/ -0.0890/ -0.0814           -0.0814          -0.1084     0.0106  |       0.1373      0.1988
  65      0.1882        0.9860  |   -0.0153/  0.0048/  0.0134            0.0134          -0.0224     0.0077  |       0.1446      0.1988
  66      0.1971        0.9800  |   -0.0058/  0.0111/  0.0199            0.0199          -0.0086     0.0037  |       0.1436      0.1988
  67      0.1873        0.9929  |   -0.0286/ -0.0148/ -0.0043           -0.0043          -0.0356     0.0080  |       0.1411      0.1988
  68      0.1891        0.9962  |   -0.0187/ -0.0043/  0.0069            0.0069          -0.0273     0.0155  |       0.1338      0.1988
  69      0.2034        0.9669  |    0.0442/  0.0632/  0.0708            0.0708           0.0323     0.0102  |       0.1232      0.1988
  70      0.2259        0.9786  |    0.1448/  0.1571/  0.1653            0.1653           0.1462     0.0087  |       0.1134      0.1988
  71      0.2277        0.9882  |    0.1018/  0.1117/  0.1186            0.1186           0.0959     0.0088  |       0.1069      0.1988
  72      0.1752        0.9587  |   -0.1066/ -0.0925/ -0.0841           -0.0841          -0.1081     0.0030  |       0.1027      0.1988
  73      0.1752        1.0000  |   -0.1006/ -0.0868/ -0.0803           -0.0803          -0.1081     0.0047  |       0.1052      0.1988
  74      0.1752        1.0000  |   -0.0949/ -0.0851/ -0.0788           -0.0788          -0.1081     0.0043  |       0.1033      0.1988
  75      0.1752        1.0000  |   -0.0937/ -0.0846/ -0.0785           -0.0785          -0.1081     0.0097  |       0.1004      0.1988
  76      0.2290        0.9461  |    0.1255/  0.1410/  0.1520            0.1520           0.1223     0.0062  |       0.1008      0.1988
  77      0.2031        0.9726  |   -0.0035/  0.0170/  0.0242            0.0242           0.0013     0.0016  |       0.1030      0.1988
  78      0.2043        0.9996  |   -0.0033/  0.0094/  0.0167            0.0167          -0.0034     0.0080  |       0.1037      0.1988
  79      0.1752        0.9924  |   -0.1067/ -0.0946/ -0.0854           -0.0854          -0.1081     0.0097  |       0.1002      0.1988
  80      0.1752        1.0000  |   -0.0975/ -0.0891/ -0.0810           -0.0810          -0.1081     0.0019  |       0.1021      0.1988
  81      0.1752        1.0000  |   -0.0980/ -0.0868/ -0.0795           -0.0795          -0.1081     0.0016  |       0.1039      0.1988
  82      0.1752        1.0000  |   -0.0906/ -0.0831/ -0.0767           -0.0767          -0.1081     0.0043  |       0.1026      0.1988
  83      0.1752        1.0000  |   -0.0923/ -0.0832/ -0.0770           -0.0770          -0.1081     0.0050  |       0.0997      0.1988
  84      0.1752        1.0000  |   -0.0948/ -0.0858/ -0.0801           -0.0801          -0.1081     0.0041  |       0.0994      0.1988
  85      0.1752        1.0000  |   -0.0958/ -0.0854/ -0.0793           -0.0793          -0.1081     0.0041  |       0.1007      0.1988
  86      0.1752        1.0000  |   -0.0992/ -0.0842/ -0.0785           -0.0785          -0.1081     0.0062  |       0.1044      0.1988
  87      0.1752        1.0000  |   -0.0999/ -0.0852/ -0.0780           -0.0780          -0.1081     0.0076  |       0.1089      0.1988
  88      0.1753        1.0000  |   -0.0922/ -0.0836/ -0.0774           -0.0774          -0.1080     0.0042  |       0.1159      0.1988
  89      0.1753        1.0000  |   -0.0926/ -0.0840/ -0.0772           -0.0772          -0.1080     0.0058  |       0.1188      0.1988
  90      0.2053        0.9922  |    0.0182/  0.0309/  0.0406            0.0406           0.0145     0.0040  |       0.1209      0.1988
  91      0.2189        0.9753  |    0.1067/  0.1279/  0.1383            0.1383           0.1021     0.0037  |       0.1229      0.1988
  92      0.2141        0.9963  |    0.0914/  0.1003/  0.1095            0.1095           0.0766     0.0027  |       0.1198      0.1988
  93      0.2106        0.9834  |    0.1183/  0.1485/  0.1567            0.1567           0.1207     0.0050  |       0.1176      0.1988
  94      0.2010        0.9812  |   -0.0291/ -0.0161/ -0.0085           -0.0085          -0.0226     0.0018  |       0.1200      0.1988
  95      0.2033        0.9993  |    0.0020/  0.0156/  0.0228            0.0228           0.0042     0.0015  |       0.1205      0.1988
  96      0.2050        0.9998  |    0.0120/  0.0208/  0.0277            0.0277           0.0021     0.0041  |       0.1219      0.1988
  97      0.1753        0.9939  |   -0.0972/ -0.0856/ -0.0784           -0.0784          -0.1080     0.0072  |       0.1205      0.1988
  98      0.1753        1.0000  |   -0.0925/ -0.0852/ -0.0789           -0.0789          -0.1080     0.0021  |       0.1144      0.1988
  99      0.1753        1.0000  |   -0.0969/ -0.0877/ -0.0808           -0.0808          -0.1080     0.0078  |       0.1158      0.1988
 100      0.1753        1.0000  |   -0.0988/ -0.0876/ -0.0801           -0.0801          -0.1080     0.0075  |       0.1226      0.1988
 101      0.1753        1.0000  |   -0.0933/ -0.0854/ -0.0789           -0.0789          -0.1080     0.0028  |       0.1253      0.1988
 102      0.1753        1.0000  |   -0.0969/ -0.0871/ -0.0797           -0.0797          -0.1080     0.0092  |       0.1275      0.1988
 103      0.1753        1.0000  |   -0.0956/ -0.0856/ -0.0792           -0.0792          -0.1080     0.0047  |       0.1358      0.1988
 104      0.1753        1.0000  |   -0.0983/ -0.0870/ -0.0796           -0.0796          -0.1080     0.0040  |       0.1364      0.1988
 105      0.1861        0.9944  |   -0.0448/ -0.0356/ -0.0268           -0.0268          -0.0555     0.0033  |       0.1364      0.1988
 106      0.1870        0.9982  |   -0.0687/ -0.0575/ -0.0509           -0.0509          -0.0776     0.0023  |       0.1394      0.1988
 107      0.1865        0.9993  |   -0.0538/ -0.0412/ -0.0346           -0.0346          -0.0643     0.0059  |       0.1375      0.1988
 108      0.1753        0.9957  |   -0.0959/ -0.0881/ -0.0801           -0.0801          -0.1080     0.0098  |       0.1406      0.1988
 109      0.1753        1.0000  |   -0.0960/ -0.0850/ -0.0789           -0.0789          -0.1080     0.0085  |       0.1484      0.1988
 110      0.1981        0.9659  |    0.0412/  0.0546/  0.0649            0.0649           0.0244     0.0071  |       0.1508      0.1988
 111      0.1753        0.9659  |   -0.1089/ -0.0931/ -0.0846           -0.0846          -0.1080     0.0046  |       0.1529      0.1988
 112      0.1837        0.9925  |   -0.0467/ -0.0319/ -0.0229           -0.0229          -0.0597     0.0074  |       0.1545      0.1988
 113      0.1831        0.9932  |   -0.0947/ -0.0828/ -0.0757           -0.0757          -0.0966     0.0040  |       0.1492      0.1988
 114      0.1856        0.9993  |   -0.0797/ -0.0708/ -0.0637           -0.0637          -0.0868     0.0066  |       0.1452      0.1988
 115      0.1753        0.9968  |   -0.0984/ -0.0874/ -0.0795           -0.0795          -0.1080     0.0020  |       0.1504      0.1988
 116      0.1753        1.0000  |   -0.0944/ -0.0852/ -0.0788           -0.0788          -0.1080     0.0047  |       0.1526      0.1988
 117      0.1848        0.9967  |   -0.0866/ -0.0736/ -0.0667           -0.0667          -0.0918     0.0015  |       0.1550      0.1988
 118      0.1861        0.9911  |   -0.0382/ -0.0232/ -0.0152           -0.0152          -0.0508     0.0027  |       0.1558      0.1988
 119      0.1868        0.9993  |   -0.0202/ -0.0073/  0.0003            0.0003          -0.0398     0.0027  |       0.1581      0.1988
 120      0.1862        0.9997  |   -0.0257/ -0.0068/  0.0015            0.0015          -0.0361     0.0099  |       0.1559      0.1988
 121      0.1857        0.9939  |   -0.0625/ -0.0489/ -0.0407           -0.0407          -0.0610     0.0028  |       0.1474      0.1988
 122      0.1784        0.9958  |   -0.1081/ -0.0948/ -0.0867           -0.0867          -0.1077     0.0025  |       0.1482      0.1988
 123      0.1753        0.9995  |   -0.1013/ -0.0900/ -0.0810           -0.0810          -0.1080     0.0029  |       0.1475      0.1988
 124      0.1753        1.0000  |   -0.0959/ -0.0849/ -0.0787           -0.0787          -0.1080     0.0020  |       0.1450      0.1988
 125      0.1753        1.0000  |   -0.0945/ -0.0842/ -0.0781           -0.0781          -0.1080     0.0087  |       0.1435      0.1988
 126      0.1867        0.9899  |   -0.0364/ -0.0182/ -0.0099           -0.0099          -0.0453     0.0072  |       0.1485      0.1988
 127      0.1858        0.9793  |   -0.0050/  0.0098/  0.0192            0.0192          -0.0188     0.0023  |       0.1487      0.1988
 128      0.1812        0.9954  |   -0.0024/  0.0154/  0.0231            0.0231          -0.0230     0.0035  |       0.1468      0.1988
 129      0.1985        0.9932  |    0.0313/  0.0460/  0.0538            0.0538           0.0191     0.0068  |       0.1460      0.1988
 130      0.1902        0.9938  |    0.0241/  0.0325/  0.0401            0.0401           0.0078     0.0064  |       0.1397      0.1988
 131      0.2002        0.9770  |    0.0284/  0.0477/  0.0559            0.0559           0.0213     0.0078  |       0.1366      0.1988
 132      0.2051        0.9966  |    0.0611/  0.0711/  0.0787            0.0787           0.0432     0.0118  |       0.1293      0.1988
 133      0.2010        0.9729  |   -0.0235/ -0.0121/ -0.0047           -0.0047          -0.0225     0.0089  |       0.1212      0.1988
 134      0.2024        0.9994  |   -0.0044/  0.0070/  0.0142            0.0142          -0.0083     0.0016  |       0.1125      0.1988
 135      0.2039        0.9997  |    0.0003/  0.0172/  0.0253            0.0253           0.0015     0.0032  |       0.1103      0.1988
 136      0.1753        0.9922  |   -0.1105/ -0.0921/ -0.0836           -0.0836          -0.1080     0.0055  |       0.1106      0.1988
 137      0.1753        1.0000  |   -0.0978/ -0.0874/ -0.0782           -0.0782          -0.1080     0.0018  |       0.1084      0.1988
 138      0.1753        1.0000  |   -0.0945/ -0.0859/ -0.0787           -0.0787          -0.1080     0.0078  |       0.1073      0.1988
 139      0.2071        0.9816  |    0.0301/  0.0536/  0.0635            0.0635           0.0283     0.0007  |       0.1067      0.1988
 140      0.2051        0.9993  |    0.0330/  0.0428/  0.0494            0.0494           0.0171     0.0050  |       0.1070      0.1988
 141      0.2030        0.9929  |   -0.0103/  0.0046/  0.0110            0.0110          -0.0081     0.0057  |       0.1053      0.1988
 142      0.1753        0.9925  |   -0.1015/ -0.0907/ -0.0841           -0.0841          -0.1080     0.0024  |       0.1015      0.1988
 143      0.1753        1.0000  |   -0.1024/ -0.0886/ -0.0805           -0.0805          -0.1080     0.0098  |       0.1008      0.1988
 144      0.2094        0.9744  |    0.0541/  0.0700/  0.0801            0.0801           0.0410     0.0063  |       0.0999      0.1988
 145      0.2325        0.9792  |    0.1582/  0.1798/  0.1898            0.1898           0.1500     0.0087  |       0.0941      0.1988
 146      0.2012        0.9628  |   -0.0026/  0.0110/  0.0182            0.0182          -0.0076     0.0112  |       0.0914      0.1988
 147      0.1753        0.9937  |   -0.1036/ -0.0917/ -0.0830           -0.0830          -0.1080     0.0064  |       0.0844      0.1988
 148      0.1753        1.0000  |   -0.0955/ -0.0871/ -0.0802           -0.0802          -0.1080     0.0087  |       0.0848      0.1988
 149      0.1651        0.9964  |   -0.0901/ -0.0773/ -0.0713           -0.0713          -0.1046     0.0050  |       0.0769      0.1988
 150      0.1753        0.9964  |   -0.0958/ -0.0877/ -0.0811           -0.0811          -0.1080     0.0114  |       0.0767      0.1988
 151      0.2402        0.9279  |    0.1848/  0.2030/  0.2147            0.2147           0.1928     0.0014  |       0.0744      0.1988
 152      0.2424        0.9968  |    0.2124/  0.2280/  0.2368            0.2368           0.2118     0.0044  |       0.0731      0.1988
 153      0.2479        0.9883  |    0.2722/  0.2855/  0.2946            0.2946           0.2578     0.0095  |       0.0717      0.1988
 154      0.2355        0.9819  |    0.2410/  0.2634/  0.2715            0.2715           0.2293     0.0088  |       0.0685      0.1988
 155      0.1745        0.9292  |   -0.0706/ -0.0535/ -0.0429           -0.0429          -0.0674     0.0108  |       0.0649      0.1988
 156      0.1786        0.9946  |   -0.0139/  0.0090/  0.0167            0.0167          -0.0218     0.0069  |       0.0580      0.1988
 157      0.1829        0.9987  |    0.0166/  0.0272/  0.0346            0.0346          -0.0004     0.0043  |       0.0596      0.1988
 158      0.1864        0.9988  |    0.0377/  0.0500/  0.0578            0.0578           0.0194     0.0115  |       0.0636      0.1988
 159      0.1815        0.9970  |   -0.0131/  0.0017/  0.0096            0.0096          -0.0263     0.0023  |       0.0693      0.1988
 160      0.1818        0.9992  |   -0.0116/ -0.0008/  0.0070            0.0070          -0.0263     0.0044  |       0.0678      0.1988
 161      0.1805        0.9996  |   -0.0066/  0.0030/  0.0097            0.0097          -0.0279     0.0035  |       0.0658      0.1988
 162      0.1805        0.9992  |   -0.0180/ -0.0053/  0.0016            0.0016          -0.0352     0.0045  |       0.0686      0.1988
 163      0.1821        0.9993  |   -0.0138/  0.0001/  0.0082            0.0082          -0.0275     0.0040  |       0.0662      0.1988
 164      0.1822        0.9993  |   -0.0035/  0.0113/  0.0182            0.0182          -0.0193     0.0068  |       0.0661      0.1988
 165      0.1855        0.9986  |    0.0112/  0.0230/  0.0292            0.0292          -0.0063     0.0052  |       0.0719      0.1988
 166      0.1860        0.9990  |    0.0011/  0.0167/  0.0250            0.0250          -0.0123     0.0032  |       0.0725      0.1988
 167      0.1853        0.9984  |   -0.0364/ -0.0057/  0.0026            0.0026          -0.0278     0.0029  |       0.0752      0.1988
 168      0.1878        0.9989  |   -0.0021/  0.0199/  0.0293            0.0293          -0.0032     0.0060  |       0.0741      0.1988
 169      0.1868        0.9990  |    0.0044/  0.0202/  0.0303            0.0303          -0.0060     0.0127  |       0.0784      0.1988
 170      0.1864        0.9980  |   -0.0131/ -0.0037/  0.0046            0.0046          -0.0268     0.0039  |       0.0846      0.1988
 171      0.1853        0.9996  |   -0.0240/ -0.0176/ -0.0111           -0.0111          -0.0408     0.0048  |       0.0854      0.1988
 172      0.1834        0.9995  |   -0.0347/ -0.0267/ -0.0200           -0.0200          -0.0472     0.0038  |       0.0876      0.1988
 173      0.1806        0.9993  |   -0.0477/ -0.0405/ -0.0326           -0.0326          -0.0619     0.0053  |       0.0890      0.1988
 174      0.1765        0.9967  |   -0.0954/ -0.0729/ -0.0658           -0.0658          -0.0966     0.0029  |       0.0940      0.1988
 175      0.1751        0.9985  |   -0.0781/ -0.0699/ -0.0623           -0.0623          -0.0911     0.0055  |       0.0938      0.1988
 176      0.1776        0.9983  |   -0.0573/ -0.0480/ -0.0421           -0.0421          -0.0716     0.0046  |       0.0890      0.1988
 177      0.1771        0.9978  |   -0.0727/ -0.0590/ -0.0506           -0.0506          -0.0797     0.0050  |       0.0917      0.1988
 178      0.1764        0.9999  |   -0.0692/ -0.0591/ -0.0525           -0.0525          -0.0798     0.0051  |       0.0931      0.1988
 179      0.1739        0.9971  |   -0.0793/ -0.0698/ -0.0634           -0.0634          -0.0934     0.0022  |       0.0959      0.1988
 180      0.1750        0.9987  |   -0.0904/ -0.0833/ -0.0758           -0.0758          -0.1046     0.0039  |       0.0944      0.1988
 181      0.1764        0.9977  |   -0.0706/ -0.0603/ -0.0525           -0.0525          -0.0798     0.0034  |       0.0929      0.1988
 182      0.1746        0.9987  |   -0.0751/ -0.0679/ -0.0605           -0.0605          -0.0899     0.0047  |       0.0914      0.1988
 183      0.1744        0.9992  |   -0.0904/ -0.0793/ -0.0730           -0.0730          -0.1035     0.0039  |       0.0940      0.1988
 184      0.1746        0.9992  |   -0.0793/ -0.0677/ -0.0593           -0.0593          -0.0899     0.0042  |       0.0912      0.1988
 185      0.1733        0.9984  |   -0.0791/ -0.0671/ -0.0610           -0.0610          -0.0914     0.0071  |       0.0940      0.1988
 186      0.1753        0.9979  |   -0.0977/ -0.0853/ -0.0798           -0.0798          -0.1080     0.0038  |       0.0990      0.1988
 187      0.1753        1.0000  |   -0.0943/ -0.0851/ -0.0782           -0.0782          -0.1080     0.0079  |       0.0989      0.1988
 188      0.1753        1.0000  |   -0.0981/ -0.0859/ -0.0784           -0.0784          -0.1081     0.0057  |       0.0961      0.1988
 189      0.1753        1.0000  |   -0.0947/ -0.0857/ -0.0793           -0.0793          -0.1080     0.0045  |       0.0995      0.1988
 190      0.1753        1.0000  |   -0.0965/ -0.0881/ -0.0809           -0.0809          -0.1080     0.0048  |       0.1001      0.1988
 191      0.1753        1.0000  |   -0.0955/ -0.0883/ -0.0814           -0.0814          -0.1080     0.0090  |       0.1030      0.1988
 192      0.1753        1.0000  |   -0.1017/ -0.0882/ -0.0814           -0.0814          -0.1081     0.0091  |       0.1065      0.1988
 193      0.2036        0.9923  |   -0.0043/  0.0211/  0.0285            0.0285           0.0019     0.0032  |       0.1118      0.1988
 194      0.1753        0.9923  |   -0.1001/ -0.0873/ -0.0803           -0.0803          -0.1081     0.0025  |       0.1125      0.1988
 195      0.1753        1.0000  |   -0.0973/ -0.0873/ -0.0800           -0.0800          -0.1081     0.0041  |       0.1148      0.1988
 196      0.1753        1.0000  |   -0.0997/ -0.0861/ -0.0791           -0.0791          -0.1081     0.0082  |       0.1184      0.1988
 197      0.1753        1.0000  |   -0.0947/ -0.0867/ -0.0793           -0.0793          -0.1081     0.0091  |       0.1246      0.1988
 198      0.1753        1.0000  |   -0.0908/ -0.0830/ -0.0769           -0.0769          -0.1081     0.0023  |       0.1332      0.1988
 199      0.1753        1.0000  |   -0.0920/ -0.0825/ -0.0778           -0.0778          -0.1081     0.0040  |       0.1318      0.1988
 200      0.1918        0.9978  |   -0.0480/ -0.0364/ -0.0296           -0.0296          -0.0549     0.0075  |       0.1282      0.1988
 201      0.2012        0.9892  |    0.0447/  0.0599/  0.0709            0.0709           0.0355     0.0041  |       0.1333      0.1988
 202      0.2032        0.9865  |    0.0439/  0.0599/  0.0685            0.0685           0.0376     0.0021  |       0.1337      0.1988
 203      0.2128        0.9938  |    0.0604/  0.0758/  0.0855            0.0855           0.0534     0.0094  |       0.1334      0.1988
 204      0.2132        0.9794  |    0.0405/  0.0514/  0.0594            0.0594           0.0390     0.0051  |       0.1272      0.1988
 205      0.2053        0.9992  |    0.0174/  0.0282/  0.0363            0.0363           0.0144     0.0031  |       0.1221      0.1988
 206      0.2018        0.9997  |    0.0005/  0.0166/  0.0239            0.0239          -0.0022     0.0116  |       0.1189      0.1988
 207      0.2018        0.9995  |   -0.0208/  0.0002/  0.0080            0.0080          -0.0174     0.0087  |       0.1091      0.1988
 208      0.1753        0.9940  |   -0.0998/ -0.0908/ -0.0809           -0.0809          -0.1081     0.0008  |       0.1060      0.1988
 209      0.1753        1.0000  |   -0.0984/ -0.0874/ -0.0799           -0.0799          -0.1081     0.0077  |       0.1059      0.1988
 210      0.1753        1.0000  |   -0.0939/ -0.0849/ -0.0793           -0.0793          -0.1081     0.0039  |       0.1129      0.1988
 211      0.1753        1.0000  |   -0.0931/ -0.0838/ -0.0776           -0.0776          -0.1081     0.0049  |       0.1133      0.1988
 212      0.1753        1.0000  |   -0.0917/ -0.0825/ -0.0770           -0.0770          -0.1081     0.0057  |       0.1178      0.1988
 213      0.1753        1.0000  |   -0.0929/ -0.0830/ -0.0776           -0.0776          -0.1081     0.0024  |       0.1161      0.1988
 214      0.1753        1.0000  |   -0.0924/ -0.0851/ -0.0783           -0.0783          -0.1081     0.0035  |       0.1166      0.1988
 215      0.1753        1.0000  |   -0.0936/ -0.0841/ -0.0776           -0.0776          -0.1081     0.0021  |       0.1197      0.1988
 216      0.1753        1.0000  |   -0.0937/ -0.0845/ -0.0791           -0.0791          -0.1081     0.0093  |       0.1214      0.1988
 217      0.2089        0.9583  |    0.0773/  0.0941/  0.1084            0.1084           0.0712     0.0039  |       0.1239      0.1988
 218      0.2014        0.9871  |    0.0753/  0.0855/  0.0926            0.0926           0.0657     0.0020  |       0.1229      0.1988
 219      0.2107        0.9940  |    0.1324/  0.1456/  0.1538            0.1538           0.1261     0.0039  |       0.1213      0.1988
 220      0.2116        0.9868  |    0.0886/  0.0995/  0.1065            0.1065           0.0736     0.0047  |       0.1196      0.1988
 221      0.2055        0.9878  |    0.0908/  0.1094/  0.1170            0.1170           0.0732     0.0132  |       0.1162      0.1988
 222      0.2025        0.9862  |   -0.0084/  0.0075/  0.0149            0.0149          -0.0091     0.0106  |       0.1057      0.1988
 223      0.1753        0.9924  |   -0.1048/ -0.0930/ -0.0848           -0.0848          -0.1081     0.0047  |       0.1006      0.1988
 224      0.1753        1.0000  |   -0.1010/ -0.0904/ -0.0815           -0.0815          -0.1081     0.0035  |       0.0966      0.1988
 225      0.1753        1.0000  |   -0.0952/ -0.0847/ -0.0783           -0.0783          -0.1081     0.0055  |       0.0933      0.1988
 226      0.1753        1.0000  |   -0.0910/ -0.0832/ -0.0772           -0.0772          -0.1081     0.0027  |       0.0946      0.1988
 227      0.1753        1.0000  |   -0.0949/ -0.0858/ -0.0798           -0.0798          -0.1081     0.0012  |       0.0964      0.1988
 228      0.1753        1.0000  |   -0.1107/ -0.0891/ -0.0802           -0.0802          -0.1081     0.0079  |       0.0976      0.1988
 229      0.1753        1.0000  |   -0.0940/ -0.0849/ -0.0784           -0.0784          -0.1081     0.0074  |       0.0973      0.1988
 230      0.2127        0.9757  |    0.0521/  0.0892/  0.1011            0.1011           0.0614     0.0051  |       0.0997      0.1988
 231      0.2213        0.9847  |    0.1032/  0.1153/  0.1227            0.1227           0.0920     0.0078  |       0.1029      0.1988
 232      0.1753        0.9529  |   -0.1090/ -0.0960/ -0.0857           -0.0857          -0.1080     0.0016  |       0.1030      0.1988
 233      0.2044        0.9901  |    0.0148/  0.0252/  0.0327            0.0327           0.0060     0.0044  |       0.1029      0.1988
 234      0.2062        0.9912  |    0.0485/  0.0652/  0.0735            0.0735           0.0312     0.0066  |       0.0997      0.1988
 235      0.1752        0.9764  |   -0.1108/ -0.0961/ -0.0873           -0.0873          -0.1082     0.0048  |       0.0971      0.1988
 236      0.2020        0.9925  |    0.0040/  0.0161/  0.0240            0.0240          -0.0027     0.0057  |       0.0925      0.1988
 237      0.2000        0.9994  |   -0.0121/ -0.0008/  0.0054            0.0054          -0.0205     0.0043  |       0.0971      0.1988
 238      0.1752        0.9952  |   -0.1125/ -0.0931/ -0.0844           -0.0844          -0.1082     0.0005  |       0.0960      0.1988
 239      0.1752        1.0000  |   -0.1051/ -0.0881/ -0.0795           -0.0795          -0.1082     0.0009  |       0.0964      0.1988
 240      0.1752        1.0000  |   -0.0967/ -0.0867/ -0.0803           -0.0803          -0.1082     0.0029  |       0.0964      0.1988
 241      0.1752        1.0000  |   -0.0971/ -0.0869/ -0.0795           -0.0795          -0.1082     0.0079  |       0.0984      0.1988
 242      0.1984        0.9964  |   -0.0295/ -0.0128/ -0.0061           -0.0061          -0.0304     0.0047  |       0.1038      0.1988
 243      0.2076        0.9906  |    0.0252/  0.0356/  0.0453            0.0453           0.0081     0.0101  |       0.1070      0.1988
 244      0.1752        0.9833  |   -0.1013/ -0.0914/ -0.0843           -0.0843          -0.1082     0.0055  |       0.1097      0.1988
 245      0.1752        1.0000  |   -0.1011/ -0.0899/ -0.0824           -0.0824          -0.1082     0.0083  |       0.1149      0.1988
 246      0.1752        1.0000  |   -0.0967/ -0.0866/ -0.0799           -0.0799          -0.1082     0.0021  |       0.1180      0.1988
 247      0.1752        1.0000  |   -0.0935/ -0.0839/ -0.0781           -0.0781          -0.1082     0.0010  |       0.1202      0.1988
 248      0.1752        1.0000  |   -0.0941/ -0.0857/ -0.0800           -0.0800          -0.1082     0.0032  |       0.1200      0.1988
 249      0.1752        1.0000  |   -0.0926/ -0.0841/ -0.0782           -0.0782          -0.1082     0.0075  |       0.1224      0.1988
 250      0.1752        0.9999  |   -0.0978/ -0.0883/ -0.0818           -0.0818          -0.1129     0.0022  |       0.1294      0.1988
 251      0.1752        1.0000  |   -0.1031/ -0.0902/ -0.0833           -0.0833          -0.1129     0.0021  |       0.1314      0.1988
 252      0.1752        1.0000  |   -0.1043/ -0.0897/ -0.0834           -0.0834          -0.1129     0.0048  |       0.1335      0.1988
 253      0.1752        1.0000  |   -0.1039/ -0.0891/ -0.0830           -0.0830          -0.1129     0.0014  |       0.1368      0.1988
 254      0.1760        1.0000  |   -0.1066/ -0.0889/ -0.0818           -0.0818          -0.1110     0.0050  |       0.1381      0.1988
 255      0.1871        0.9969  |   -0.0737/ -0.0627/ -0.0555           -0.0555          -0.0807     0.0036  |       0.1423      0.1988
 256      0.1864        0.9997  |   -0.0832/ -0.0730/ -0.0673           -0.0673          -0.0916     0.0050  |       0.1459      0.1988
 257      0.1752        0.9967  |   -0.0997/ -0.0910/ -0.0851           -0.0851          -0.1129     0.0051  |       0.1507      0.1988
 258      0.1868        0.9895  |   -0.0430/ -0.0274/ -0.0182           -0.0182          -0.0566     0.0094  |       0.1525      0.1988
 259      0.1891        0.9984  |   -0.0097/  0.0035/  0.0114            0.0114          -0.0247     0.0012  |       0.1441      0.1988
 260      0.1876        0.9996  |   -0.0248/ -0.0120/ -0.0041           -0.0041          -0.0398     0.0071  |       0.1426      0.1988
 261      0.1971        0.9687  |    0.0578/  0.0697/  0.0779            0.0779           0.0469     0.0032  |       0.1386      0.1988
 262      0.2106        0.9926  |    0.0812/  0.0937/  0.1012            0.1012           0.0645     0.0118  |       0.1383      0.1988
 263      0.1752        0.9561  |   -0.1125/ -0.0995/ -0.0896           -0.0896          -0.1129     0.0058  |       0.1334      0.1988
 264      0.2108        0.9901  |    0.0388/  0.0504/  0.0575            0.0575           0.0326     0.0036  |       0.1286      0.1988
 265      0.2048        0.9990  |    0.0026/  0.0182/  0.0247            0.0247           0.0017     0.0103  |       0.1254      0.1988
 266      0.1752        0.9935  |   -0.1064/ -0.0951/ -0.0873           -0.0873          -0.1128     0.0035  |       0.1168      0.1988
 267      0.2016        0.9936  |   -0.0073/  0.0048/  0.0117            0.0117          -0.0117     0.0046  |       0.1167      0.1988
 268      0.2053        0.9995  |    0.0134/  0.0303/  0.0385            0.0385           0.0110     0.0031  |       0.1208      0.1988
 269      0.2010        0.9989  |   -0.0170/ -0.0057/  0.0020            0.0020          -0.0207     0.0050  |       0.1197      0.1988
 270      0.1753        0.9945  |   -0.1076/ -0.0949/ -0.0860           -0.0860          -0.1129     0.0017  |       0.1166      0.1988
 271      0.1753        1.0000  |   -0.1053/ -0.0914/ -0.0854           -0.0854          -0.1129     0.0084  |       0.1174      0.1988
 272      0.2009        0.9951  |   -0.0210/ -0.0076/  0.0005            0.0005          -0.0234     0.0025  |       0.1216      0.1988
 273      0.1752        0.9951  |   -0.1049/ -0.0928/ -0.0857           -0.0857          -0.1128     0.0053  |       0.1207      0.1988
 274      0.1988        0.9758  |    0.0674/  0.0843/  0.0934            0.0934           0.0540     0.0060  |       0.1218      0.1988
 275      0.2169        0.9780  |    0.0733/  0.0847/  0.0947            0.0947           0.0649     0.0119  |       0.1164      0.1988
 276      0.2024        0.9713  |   -0.0131/ -0.0011/  0.0071            0.0071          -0.0139     0.0066  |       0.1086      0.1988
 277      0.1753        0.9931  |   -0.1092/ -0.0968/ -0.0882           -0.0882          -0.1129     0.0057  |       0.1038      0.1988
 278      0.2034        0.9911  |   -0.0006/  0.0133/  0.0203            0.0203          -0.0036     0.0046  |       0.1049      0.1988
 279      0.2055        0.9998  |    0.0094/  0.0227/  0.0308            0.0308           0.0065     0.0094  |       0.1091      0.1988
 280      0.1752        0.9907  |   -0.1009/ -0.0931/ -0.0862           -0.0862          -0.1128     0.0039  |       0.1149      0.1988
 281      0.1753        1.0000  |   -0.1041/ -0.0926/ -0.0859           -0.0859          -0.1129     0.0066  |       0.1184      0.1988
 282      0.1752        1.0000  |   -0.0997/ -0.0911/ -0.0838           -0.0838          -0.1128     0.0088  |       0.1222      0.1988
 283      0.1999        0.9888  |    0.0160/  0.0321/  0.0400            0.0400           0.0079     0.0041  |       0.1268      0.1988
 284      0.2038        0.9841  |    0.0521/  0.0644/  0.0731            0.0731           0.0340     0.0079  |       0.1293      0.1988
 285      0.2089        0.9901  |    0.0928/  0.1054/  0.1148            0.1148           0.0811     0.0074  |       0.1222      0.1988
 286      0.2188        0.9934  |    0.1104/  0.1227/  0.1292            0.1292           0.1019     0.0084  |       0.1151      0.1988
 287      0.1753        0.9518  |   -0.1168/ -0.1048/ -0.0946           -0.0946          -0.1129     0.0019  |       0.1147      0.1988
 288      0.1753        1.0000  |   -0.1040/ -0.0930/ -0.0856           -0.0856          -0.1129     0.0052  |       0.1130      0.1988
 289      0.1752        1.0000  |   -0.1001/ -0.0903/ -0.0836           -0.0836          -0.1128     0.0061  |       0.1171      0.1988
 290      0.2016        0.9936  |   -0.0013/  0.0065/  0.0132            0.0132          -0.0116     0.0038  |       0.1151      0.1988
 291      0.2270        0.9701  |    0.1312/  0.1474/  0.1581            0.1581           0.1284     0.0086  |       0.1133      0.1988
 292      0.2047        0.9839  |    0.0216/  0.0319/  0.0391            0.0391           0.0112     0.0038  |       0.1060      0.1988
 293      0.2026        0.9870  |   -0.0103/ -0.0009/  0.0084            0.0084          -0.0135     0.0020  |       0.1063      0.1988
 294      0.2019        0.9996  |   -0.0180/ -0.0088/ -0.0007           -0.0007          -0.0221     0.0033  |       0.1081      0.1988
 295      0.2108        0.9931  |    0.0534/  0.0644/  0.0716            0.0716           0.0379     0.0146  |       0.1099      0.1988
 296      0.1752        0.9847  |   -0.1056/ -0.0936/ -0.0866           -0.0866          -0.1128     0.0039  |       0.1132      0.1988
 297      0.1752        1.0000  |   -0.1006/ -0.0907/ -0.0844           -0.0844          -0.1128     0.0017  |       0.1141      0.1988
 298      0.1753        1.0000  |   -0.0997/ -0.0916/ -0.0840           -0.0840          -0.1129     0.0063  |       0.1153      0.1988
 299      0.1752        1.0000  |   -0.1052/ -0.0908/ -0.0846           -0.0846          -0.1128     0.0082  |       0.1199      0.1988
IMAGEIO FFMPEG_WRITER WARNING: input image is not divisible by macro_block_size=16, resizing from (320, 180) to (320, 192) to ensure video compatibility with most codecs and players. To prevent resizing, make your input image divisible by the macro_block_size or set the macro_block_size to 1 (risking incompatibility).

Saved 300 frames -> /home/ashwink/Documents/swms/SWM_copy/rollouts_5_per/expert+subopt/epoch0/epoch0_rollout2_failure.mp4
min dist(green_cube,blue_moon) over episode = 0.1988  ->  FAILURE
Full log written to /home/ashwink/Documents/swms/SWM_copy/rollouts_5_per/expert+subopt/epoch0/epoch0_rollout2_20260723_115114.log
Result json -> /home/ashwink/Documents/swms/SWM_copy/rollouts_5_per/expert+subopt/epoch0/epoch0_rollout2_result.json
