Checkpoint dir epoch: 0  Rollout: 4
Logging to /home/ashwink/Documents/swms/SWM_copy/rollouts_5_per/expert+subopt/epoch0/epoch0_rollout4_20260723_115419.log
Goal (fixed, steps 0-299): the green cube is touching the blue moon. the peg is touching the green cube.

Checkpoint: /home/ashwink/Documents/swms/SWM_copy/training/checkpoints_clip_full_fine-tuned_with_subopt_data/epoch_000.pt
  epoch=0  step=1686

Loading CLIP ViT-L/14 (datacomp_xl_s13b_b90k) + fine-tuned clip_state_dict ...
Parsing model identifier. Schema: None, Identifier: ViT-L-14
Loaded built-in ViT-L-14 model config.
Instantiating model architecture: CLIP
Loading full pretrained weights from: /home/ashwink/.cache/huggingface/hub/models--laion--CLIP-ViT-L-14-DataComp.XL-s13B-b90K/snapshots/84c9828e63dc9a9351d1fe637c346d4c1c4db341/open_clip_pytorch_model.bin
Final image preprocessing configuration set: {'size': (224, 224), 'mode': 'RGB', 'mean': (0.48145466, 0.4578275, 0.40821073), 'std': (0.26862954, 0.26130258, 0.27577711), 'interpolation': 'bicubic', 'resize_mode': 'shortest', 'fill_color': 0}
Model ViT-L-14 creation process complete.
Parsing tokenizer identifier. Schema: None, Identifier: ViT-L-14
Attempting to load config from built-in: ViT-L-14
Using default SimpleTokenizer.
z_star shape: torch.Size([768])

Loading action stats from /home/ashwink/full_data_5000/langtable/demos/ ...
  lo=[-0.03372681140899658, -0.03493623435497284]  hi=[0.03496786952018738, 0.03494429588317871]

Initializing LangTable env ...
Loading URDF plane.urdf
Loading URDF /home/ashwink/Documents/swms/.venv/lib/python3.10/site-packages/language_table/environments/utils/../../../language_table/environments/assets/workspace_real.urdf
Loading URDF xarm/xarm6_robot_white.urdf
Loading URDF /home/ashwink/Documents/swms/.venv/lib/python3.10/site-packages/language_table/environments/utils/../../../language_table/environments/assets/suction/cylinder_real.urdf
Loading URDF /home/ashwink/Documents/swms/.venv/lib/python3.10/site-packages/language_table/environments/utils/../../../language_table/environments/assets/blocks/red_moon.urdf
Loading URDF /home/ashwink/Documents/swms/.venv/lib/python3.10/site-packages/language_table/environments/utils/../../../language_table/environments/assets/blocks/red_cube.urdf
Loading URDF /home/ashwink/Documents/swms/.venv/lib/python3.10/site-packages/language_table/environments/utils/../../../language_table/environments/assets/blocks/red_star.urdf
Loading URDF /home/ashwink/Documents/swms/.venv/lib/python3.10/site-packages/language_table/environments/utils/../../../language_table/environments/assets/blocks/red_pentagon.urdf
Loading URDF /home/ashwink/Documents/swms/.venv/lib/python3.10/site-packages/language_table/environments/utils/../../../language_table/environments/assets/blocks/blue_moon.urdf
Loading URDF /home/ashwink/Documents/swms/.venv/lib/python3.10/site-packages/language_table/environments/utils/../../../language_table/environments/assets/blocks/blue_cube.urdf
Loading URDF /home/ashwink/Documents/swms/.venv/lib/python3.10/site-packages/language_table/environments/utils/../../../language_table/environments/assets/blocks/blue_star.urdf
Loading URDF /home/ashwink/Documents/swms/.venv/lib/python3.10/site-packages/language_table/environments/utils/../../../language_table/environments/assets/blocks/blue_pentagon.urdf
Loading URDF /home/ashwink/Documents/swms/.venv/lib/python3.10/site-packages/language_table/environments/utils/../../../language_table/environments/assets/blocks/yellow_moon.urdf
Loading URDF /home/ashwink/Documents/swms/.venv/lib/python3.10/site-packages/language_table/environments/utils/../../../language_table/environments/assets/blocks/yellow_cube.urdf
Loading URDF /home/ashwink/Documents/swms/.venv/lib/python3.10/site-packages/language_table/environments/utils/../../../language_table/environments/assets/blocks/yellow_star.urdf
Loading URDF /home/ashwink/Documents/swms/.venv/lib/python3.10/site-packages/language_table/environments/utils/../../../language_table/environments/assets/blocks/yellow_pentagon.urdf
Loading URDF /home/ashwink/Documents/swms/.venv/lib/python3.10/site-packages/language_table/environments/utils/../../../language_table/environments/assets/blocks/green_moon.urdf
Loading URDF /home/ashwink/Documents/swms/.venv/lib/python3.10/site-packages/language_table/environments/utils/../../../language_table/environments/assets/blocks/green_cube.urdf
Loading URDF /home/ashwink/Documents/swms/.venv/lib/python3.10/site-packages/language_table/environments/utils/../../../language_table/environments/assets/blocks/green_star.urdf
Loading URDF /home/ashwink/Documents/swms/.venv/lib/python3.10/site-packages/language_table/environments/utils/../../../language_table/environments/assets/blocks/green_pentagon.urdf
Loading URDF /home/ashwink/Documents/swms/.venv/lib/python3.10/site-packages/language_table/environments/utils/../../../language_table/environments/assets/blocks/purple_moon.urdf
Loading URDF /home/ashwink/Documents/swms/.venv/lib/python3.10/site-packages/language_table/environments/utils/../../../language_table/environments/assets/blocks/purple_cube.urdf
Loading URDF /home/ashwink/Documents/swms/.venv/lib/python3.10/site-packages/language_table/environments/utils/../../../language_table/environments/assets/blocks/purple_star.urdf
Loading URDF /home/ashwink/Documents/swms/.venv/lib/python3.10/site-packages/language_table/environments/utils/../../../language_table/environments/assets/blocks/purple_pentagon.urdf
Env ready.

Forced peg start: [0.42843915 0.24419614]  (green_cube=[0.40339102 0.18967466], blue_moon=[0.32039625 0.00902261])
  dist(peg,green_cube)=0.0600  dist(peg,blue_moon)=0.2588  dist(green_cube,blue_moon)=0.1988

step  cos(zt,z*)  cos(zt,zt-1)  |   cos(predK,z*) min/mean/max  cos(pred_sel,z*)   cos(zpred0,z*)  ||a_raw||  |  dist(peg,A)   dist(A,B)
-------------------------------------------------------------------------------------------------------------------------------------------------------------------------------
   0      0.1986           nan  |    0.0805/  0.0924/  0.0982            0.0982           0.0621     0.0116  |       0.0587      0.1988
   1      0.2043        0.9968  |    0.0635/  0.0746/  0.0816            0.0816           0.0519     0.0021  |       0.0688      0.1988
   2      0.2044        0.9982  |    0.0736/  0.0847/  0.0933            0.0933           0.0632     0.0061  |       0.0679      0.1988
   3      0.2033        0.9989  |    0.0759/  0.0892/  0.0976            0.0976           0.0698     0.0052  |       0.0695      0.1988
   4      0.2083        0.9964  |    0.0652/  0.0754/  0.0822            0.0822           0.0548     0.0051  |       0.0743      0.1988
   5      0.1994        0.9971  |    0.0492/  0.0599/  0.0675            0.0675           0.0383     0.0013  |       0.0795      0.1988
   6      0.2030        0.9990  |    0.0775/  0.0907/  0.0975            0.0975           0.0674     0.0050  |       0.0798      0.1988
   7      0.1890        0.9920  |   -0.0132/ -0.0034/  0.0034            0.0034          -0.0266     0.0052  |       0.0843      0.1988
   8      0.1763        0.9913  |   -0.0539/ -0.0405/ -0.0338           -0.0338          -0.0653     0.0052  |       0.0871      0.1988
   9      0.1799        0.9974  |   -0.0424/ -0.0312/ -0.0231           -0.0231          -0.0525     0.0065  |       0.0897      0.1988
  10      0.1808        0.9960  |   -0.0386/ -0.0292/ -0.0232           -0.0232          -0.0530     0.0047  |       0.0842      0.1988
  11      0.1843        0.9991  |   -0.0210/ -0.0121/ -0.0040           -0.0040          -0.0358     0.0060  |       0.0847      0.1988
  12      0.1800        0.9989  |   -0.0416/ -0.0305/ -0.0234           -0.0234          -0.0557     0.0051  |       0.0839      0.1988
  13      0.1788        0.9955  |   -0.0494/ -0.0420/ -0.0361           -0.0361          -0.0695     0.0067  |       0.0875      0.1988
  14      0.1756        0.9967  |   -0.0914/ -0.0783/ -0.0711           -0.0711          -0.0993     0.0011  |       0.0916      0.1988
  15      0.1760        0.9996  |   -0.0824/ -0.0706/ -0.0650           -0.0650          -0.0928     0.0057  |       0.0909      0.1988
  16      0.1807        0.9976  |   -0.0616/ -0.0538/ -0.0450           -0.0450          -0.0766     0.0079  |       0.0877      0.1988
  17      0.1845        0.9943  |   -0.0163/ -0.0058/  0.0004            0.0004          -0.0299     0.0044  |       0.0809      0.1988
  18      0.1811        0.9978  |   -0.0380/ -0.0275/ -0.0194           -0.0194          -0.0501     0.0065  |       0.0839      0.1988
  19      0.1837        0.9966  |   -0.0318/ -0.0199/ -0.0140           -0.0140          -0.0433     0.0055  |       0.0792      0.1988
  20      0.1779        0.9956  |   -0.0585/ -0.0477/ -0.0405           -0.0405          -0.0706     0.0072  |       0.0837      0.1988
  21      0.1758        0.9958  |   -0.0840/ -0.0740/ -0.0677           -0.0677          -0.0990     0.0056  |       0.0905      0.1988
  22      0.1760        0.9996  |   -0.0762/ -0.0678/ -0.0616           -0.0616          -0.0928     0.0032  |       0.0892      0.1988
  23      0.1758        0.9996  |   -0.0824/ -0.0735/ -0.0680           -0.0680          -0.0989     0.0013  |       0.0901      0.1988
  24      0.1760        0.9996  |   -0.0802/ -0.0711/ -0.0647           -0.0647          -0.0924     0.0043  |       0.0892      0.1988
  25      0.1752        0.9986  |   -0.0986/ -0.0849/ -0.0785           -0.0785          -0.1083     0.0019  |       0.0918      0.1988
  26      0.1752        1.0000  |   -0.0960/ -0.0868/ -0.0787           -0.0787          -0.1084     0.0065  |       0.0923      0.1988
  27      0.1800        0.9965  |   -0.0701/ -0.0510/ -0.0434           -0.0434          -0.0747     0.0088  |       0.0867      0.1988
  28      0.1791        0.9995  |   -0.0685/ -0.0592/ -0.0541           -0.0541          -0.0842     0.0014  |       0.0866      0.1988
  29      0.1791        1.0000  |   -0.0691/ -0.0597/ -0.0529           -0.0529          -0.0838     0.0016  |       0.0868      0.1988
  30      0.1785        0.9999  |   -0.0730/ -0.0621/ -0.0553           -0.0553          -0.0839     0.0059  |       0.0870      0.1988
  31      0.1834        0.9976  |   -0.0435/ -0.0295/ -0.0220           -0.0220          -0.0489     0.0011  |       0.0827      0.1988
  32      0.1824        0.9994  |   -0.0229/ -0.0113/ -0.0030           -0.0030          -0.0333     0.0028  |       0.0814      0.1988
  33      0.1824        0.9987  |   -0.0441/ -0.0333/ -0.0269           -0.0269          -0.0559     0.0066  |       0.0839      0.1988
  34      0.1881        0.9989  |   -0.0081/  0.0051/  0.0119            0.0119          -0.0164     0.0092  |       0.0823      0.1988
  35      0.1872        0.9991  |    0.0019/  0.0103/  0.0186            0.0186          -0.0114     0.0014  |       0.0811      0.1988
  36      0.1910        0.9988  |    0.0048/  0.0169/  0.0241            0.0241          -0.0052     0.0046  |       0.0822      0.1988
  37      0.1845        0.9982  |   -0.0262/ -0.0079/  0.0001            0.0001          -0.0254     0.0019  |       0.0827      0.1988
  38      0.1846        0.9977  |   -0.0463/ -0.0340/ -0.0280           -0.0280          -0.0552     0.0028  |       0.0844      0.1988
  39      0.1853        0.9987  |   -0.0410/ -0.0325/ -0.0256           -0.0256          -0.0554     0.0034  |       0.0864      0.1988
  40      0.1857        0.9980  |   -0.0182/ -0.0054/  0.0009            0.0009          -0.0276     0.0076  |       0.0834      0.1988
  41      0.1921        0.9985  |    0.0078/  0.0191/  0.0266            0.0266          -0.0050     0.0075  |       0.0792      0.1988
  42      0.1840        0.9954  |   -0.0426/ -0.0258/ -0.0189           -0.0189          -0.0478     0.0059  |       0.0856      0.1988
  43      0.1787        0.9983  |   -0.0720/ -0.0644/ -0.0583           -0.0583          -0.0888     0.0048  |       0.0889      0.1988
  44      0.1752        0.9978  |   -0.0953/ -0.0855/ -0.0795           -0.0795          -0.1079     0.0030  |       0.0934      0.1988
  45      0.1759        0.9992  |   -0.0873/ -0.0779/ -0.0711           -0.0711          -0.0987     0.0035  |       0.0918      0.1988
  46      0.1788        0.9983  |   -0.0735/ -0.0654/ -0.0581           -0.0581          -0.0888     0.0101  |       0.0897      0.1988
  47      0.1850        0.9964  |   -0.0292/ -0.0177/ -0.0100           -0.0100          -0.0394     0.0042  |       0.0860      0.1988
  48      0.1829        0.9990  |   -0.0362/ -0.0263/ -0.0189           -0.0189          -0.0470     0.0016  |       0.0872      0.1988
  49      0.1818        0.9987  |   -0.0496/ -0.0399/ -0.0320           -0.0320          -0.0593     0.0061  |       0.0874      0.1988
  50      0.1798        0.9974  |   -0.0474/ -0.0382/ -0.0334           -0.0334          -0.0630     0.0027  |       0.0907      0.1988
  51      0.1800        0.9980  |   -0.0591/ -0.0451/ -0.0384           -0.0384          -0.0642     0.0078  |       0.0900      0.1988
  52      0.1751        0.9982  |   -0.0810/ -0.0710/ -0.0631           -0.0631          -0.0916     0.0053  |       0.0951      0.1988
  53      0.1756        0.9987  |   -0.0858/ -0.0771/ -0.0700           -0.0700          -0.0992     0.0057  |       0.0970      0.1988
  54      0.1738        0.9992  |   -0.0852/ -0.0717/ -0.0647           -0.0647          -0.0940     0.0068  |       0.0955      0.1988
  55      0.1752        0.9985  |   -0.0993/ -0.0870/ -0.0802           -0.0802          -0.1084     0.0025  |       0.1008      0.1988
  56      0.1752        1.0000  |   -0.1024/ -0.0889/ -0.0817           -0.0817          -0.1084     0.0094  |       0.0990      0.1988
  57      0.1752        1.0000  |   -0.0959/ -0.0869/ -0.0811           -0.0811          -0.1084     0.0036  |       0.1033      0.1988
  58      0.1752        1.0000  |   -0.0957/ -0.0869/ -0.0799           -0.0799          -0.1084     0.0079  |       0.1068      0.1988
  59      0.1752        1.0000  |   -0.0971/ -0.0876/ -0.0807           -0.0807          -0.1084     0.0039  |       0.1134      0.1988
  60      0.1752        1.0000  |   -0.0944/ -0.0849/ -0.0785           -0.0785          -0.1084     0.0083  |       0.1175      0.1988
  61      0.1752        1.0000  |   -0.0932/ -0.0849/ -0.0787           -0.0787          -0.1084     0.0081  |       0.1251      0.1988
  62      0.1752        1.0000  |   -0.0983/ -0.0861/ -0.0794           -0.0794          -0.1084     0.0034  |       0.1281      0.1988
  63      0.1752        1.0000  |   -0.0908/ -0.0814/ -0.0765           -0.0765          -0.1084     0.0027  |       0.1307      0.1988
  64      0.1752        1.0000  |   -0.0899/ -0.0834/ -0.0778           -0.0778          -0.1084     0.0033  |       0.1309      0.1988
  65      0.1752        1.0000  |   -0.0960/ -0.0848/ -0.0792           -0.0792          -0.1084     0.0048  |       0.1302      0.1988
  66      0.1752        1.0000  |   -0.0973/ -0.0853/ -0.0794           -0.0794          -0.1084     0.0039  |       0.1261      0.1988
  67      0.1752        1.0000  |   -0.0969/ -0.0862/ -0.0797           -0.0797          -0.1084     0.0068  |       0.1243      0.1988
  68      0.1752        1.0000  |   -0.0946/ -0.0861/ -0.0799           -0.0799          -0.1084     0.0048  |       0.1200      0.1988
  69      0.1752        1.0000  |   -0.0908/ -0.0832/ -0.0759           -0.0759          -0.1081     0.0034  |       0.1174      0.1988
  70      0.1752        1.0000  |   -0.0937/ -0.0842/ -0.0777           -0.0777          -0.1081     0.0048  |       0.1180      0.1988
  71      0.2019        0.9936  |    0.0034/  0.0170/  0.0244            0.0244          -0.0022     0.0010  |       0.1180      0.1988
  72      0.2029        0.9999  |    0.0057/  0.0161/  0.0232            0.0232          -0.0012     0.0048  |       0.1182      0.1988
  73      0.2072        0.9871  |    0.0931/  0.1084/  0.1175            0.1175           0.0713     0.0099  |       0.1209      0.1988
  74      0.2016        0.9873  |   -0.0020/  0.0061/  0.0128            0.0128          -0.0099     0.0029  |       0.1135      0.1988
  75      0.1752        0.9935  |   -0.1008/ -0.0906/ -0.0832           -0.0832          -0.1081     0.0058  |       0.1115      0.1988
  76      0.1752        1.0000  |   -0.0971/ -0.0865/ -0.0783           -0.0783          -0.1081     0.0035  |       0.1166      0.1988
  77      0.1752        1.0000  |   -0.0926/ -0.0850/ -0.0798           -0.0798          -0.1081     0.0063  |       0.1201      0.1988
  78      0.2051        0.9939  |    0.0044/  0.0183/  0.0260            0.0260           0.0023     0.0057  |       0.1210      0.1988
  79      0.2186        0.9798  |    0.0998/  0.1140/  0.1241            0.1241           0.0947     0.0069  |       0.1167      0.1988
  80      0.2053        0.9832  |    0.0144/  0.0299/  0.0385            0.0385           0.0145     0.0075  |       0.1224      0.1988
  81      0.2008        0.9904  |    0.0393/  0.0603/  0.0704            0.0704           0.0295     0.0116  |       0.1161      0.1988
  82      0.1752        0.9801  |   -0.1136/ -0.0946/ -0.0848           -0.0848          -0.1081     0.0011  |       0.1170      0.1988
  83      0.1752        1.0000  |   -0.1035/ -0.0928/ -0.0845           -0.0845          -0.1081     0.0023  |       0.1172      0.1988
  84      0.1752        1.0000  |   -0.0985/ -0.0880/ -0.0800           -0.0800          -0.1081     0.0066  |       0.1180      0.1988
  85      0.1752        1.0000  |   -0.0959/ -0.0861/ -0.0775           -0.0775          -0.1081     0.0024  |       0.1195      0.1988
  86      0.1752        1.0000  |   -0.0935/ -0.0849/ -0.0783           -0.0783          -0.1081     0.0057  |       0.1215      0.1988
  87      0.2013        0.9842  |    0.0434/  0.0544/  0.0642            0.0642           0.0322     0.0015  |       0.1234      0.1988
  88      0.2008        0.9979  |    0.0637/  0.0765/  0.0861            0.0861           0.0449     0.0024  |       0.1222      0.1988
  89      0.2107        0.9845  |    0.0858/  0.0974/  0.1056            0.1056           0.0716     0.0059  |       0.1202      0.1988
  90      0.2212        0.9943  |    0.1109/  0.1232/  0.1306            0.1306           0.1035     0.0036  |       0.1148      0.1988
  91      0.2267        0.9905  |    0.1503/  0.1632/  0.1712            0.1712           0.1386     0.0058  |       0.1118      0.1988
  92      0.2069        0.9745  |    0.0322/  0.0555/  0.0636            0.0636           0.0271     0.0089  |       0.1073      0.1988
  93      0.1753        0.9817  |   -0.1157/ -0.0974/ -0.0872           -0.0872          -0.1080     0.0066  |       0.1087      0.1988
  94      0.1753        1.0000  |   -0.0988/ -0.0888/ -0.0817           -0.0817          -0.1080     0.0070  |       0.1066      0.1988
  95      0.1753        1.0000  |   -0.1025/ -0.0873/ -0.0790           -0.0790          -0.1080     0.0045  |       0.1121      0.1988
  96      0.1753        1.0000  |   -0.0971/ -0.0843/ -0.0773           -0.0773          -0.1080     0.0030  |       0.1163      0.1988
  97      0.1753        1.0000  |   -0.0944/ -0.0854/ -0.0789           -0.0789          -0.1080     0.0033  |       0.1193      0.1988
  98      0.1753        1.0000  |   -0.0939/ -0.0852/ -0.0778           -0.0778          -0.1080     0.0037  |       0.1225      0.1988
  99      0.1753        1.0000  |   -0.0949/ -0.0852/ -0.0787           -0.0787          -0.1080     0.0072  |       0.1256      0.1988
 100      0.1753        1.0000  |   -0.0971/ -0.0857/ -0.0776           -0.0776          -0.1080     0.0048  |       0.1289      0.1988
 101      0.1753        1.0000  |   -0.0916/ -0.0831/ -0.0770           -0.0770          -0.1080     0.0024  |       0.1325      0.1988
 102      0.1753        1.0000  |   -0.0941/ -0.0850/ -0.0793           -0.0793          -0.1080     0.0069  |       0.1343      0.1988
 103      0.1753        1.0000  |   -0.0947/ -0.0854/ -0.0791           -0.0791          -0.1080     0.0092  |       0.1339      0.1988
 104      0.1753        1.0000  |   -0.0935/ -0.0855/ -0.0795           -0.0795          -0.1080     0.0077  |       0.1351      0.1988
 105      0.1895        0.9874  |   -0.0192/ -0.0062/  0.0047            0.0047          -0.0358     0.0056  |       0.1400      0.1988
 106      0.1883        0.9939  |   -0.0617/ -0.0510/ -0.0444           -0.0444          -0.0683     0.0030  |       0.1365      0.1988
 107      0.1865        0.9996  |   -0.0585/ -0.0452/ -0.0371           -0.0371          -0.0627     0.0056  |       0.1387      0.1988
 108      0.1854        0.9942  |   -0.0309/ -0.0129/ -0.0018           -0.0018          -0.0421     0.0063  |       0.1430      0.1988
 109      0.1858        0.9936  |   -0.0625/ -0.0509/ -0.0423           -0.0423          -0.0687     0.0049  |       0.1385      0.1988
 110      0.1753        0.9964  |   -0.0996/ -0.0897/ -0.0823           -0.0823          -0.1080     0.0034  |       0.1366      0.1988
 111      0.1818        0.9993  |   -0.0873/ -0.0771/ -0.0698           -0.0698          -0.0947     0.0062  |       0.1350      0.1988
 112      0.1753        0.9993  |   -0.0969/ -0.0885/ -0.0807           -0.0807          -0.1080     0.0039  |       0.1406      0.1988
 113      0.1878        0.9850  |   -0.0193/ -0.0048/  0.0059            0.0059          -0.0321     0.0082  |       0.1397      0.1988
 114      0.1753        0.9850  |   -0.1117/ -0.0949/ -0.0874           -0.0874          -0.1080     0.0036  |       0.1457      0.1988
 115      0.1753        1.0000  |   -0.1071/ -0.0917/ -0.0813           -0.0813          -0.1080     0.0047  |       0.1486      0.1988
 116      0.1753        1.0000  |   -0.0983/ -0.0873/ -0.0804           -0.0804          -0.1080     0.0080  |       0.1530      0.1988
 117      0.1753        1.0000  |   -0.0925/ -0.0844/ -0.0774           -0.0774          -0.1080     0.0062  |       0.1599      0.1988
 118      0.1878        0.9849  |   -0.0090/  0.0088/  0.0176            0.0176          -0.0238     0.0061  |       0.1606      0.1988
 119      0.1873        0.9876  |   -0.0726/ -0.0633/ -0.0570           -0.0570          -0.0795     0.0053  |       0.1659      0.1988
 120      0.1753        0.9970  |   -0.0979/ -0.0900/ -0.0829           -0.0829          -0.1080     0.0081  |       0.1644      0.1988
 121      0.1753        1.0000  |   -0.0979/ -0.0859/ -0.0781           -0.0781          -0.1080     0.0032  |       0.1707      0.1988
 122      0.1760        0.9994  |   -0.0991/ -0.0915/ -0.0873           -0.0873          -0.1162     0.0051  |       0.1721      0.1988
 123      0.1889        0.9770  |   -0.0572/ -0.0437/ -0.0362           -0.0362          -0.0760     0.0066  |       0.1713      0.1988
 124      0.1457        0.9382  |   -0.1436/ -0.1326/ -0.1231           -0.1231          -0.1734     0.0014  |       0.1673      0.1988
 125      0.1569        0.9866  |   -0.1570/ -0.1418/ -0.1325           -0.1325          -0.1705     0.0057  |       0.1661      0.1988
 126      0.1635        0.9853  |   -0.0662/ -0.0497/ -0.0422           -0.0422          -0.0866     0.0067  |       0.1694      0.1988
 127      0.1624        0.9960  |   -0.0626/ -0.0446/ -0.0344           -0.0344          -0.0855     0.0081  |       0.1755      0.1988
 128      0.1651        0.9868  |   -0.0959/ -0.0766/ -0.0680           -0.0680          -0.1147     0.0062  |       0.1776      0.1988
 129      0.1747        0.9533  |   -0.0797/ -0.0697/ -0.0631           -0.0631          -0.1046     0.0040  |       0.1771      0.1988
 130      0.1764        0.9867  |   -0.1279/ -0.1092/ -0.1013           -0.1013          -0.1195     0.0100  |       0.1806      0.1988
 131      0.1806        0.9682  |   -0.0740/ -0.0599/ -0.0500           -0.0500          -0.0866     0.0077  |       0.1874      0.1988
 132      0.1776        0.9708  |   -0.1196/ -0.1079/ -0.1005           -0.1005          -0.1230     0.0042  |       0.1937      0.1988
 133      0.1753        0.9980  |   -0.1029/ -0.0900/ -0.0814           -0.0814          -0.1080     0.0082  |       0.1977      0.1988
 134      0.1831        0.9791  |   -0.0727/ -0.0587/ -0.0491           -0.0491          -0.0840     0.0116  |       0.1994      0.1988
 135      0.1492        0.9472  |   -0.0792/ -0.0539/ -0.0441           -0.0441          -0.1127     0.0034  |       0.2072      0.1988
 136      0.1675        0.9862  |   -0.0751/ -0.0520/ -0.0437           -0.0437          -0.0901     0.0014  |       0.2053      0.1988
 137      0.1699        0.9988  |   -0.0568/ -0.0415/ -0.0327           -0.0327          -0.0773     0.0090  |       0.2041      0.1988
 138      0.1318        0.9667  |   -0.1463/ -0.1220/ -0.1117           -0.1117          -0.1729     0.0097  |       0.2112      0.1988
 139      0.1278        0.9781  |   -0.1295/ -0.1062/ -0.0920           -0.0920          -0.1586     0.0087  |       0.2043      0.1988
 140      0.1409        0.9811  |   -0.1098/ -0.0965/ -0.0850           -0.0850          -0.1454     0.0047  |       0.1964      0.1988
 141      0.1387        0.9886  |   -0.0746/ -0.0592/ -0.0472           -0.0472          -0.1155     0.0088  |       0.1985      0.1988
 142      0.1146        0.9782  |   -0.1328/ -0.1186/ -0.1045           -0.1045          -0.1725     0.0108  |       0.2053      0.1988
 143      0.1260        0.9912  |   -0.1022/ -0.0872/ -0.0786           -0.0786          -0.1501     0.0094  |       0.2157      0.1988
 144      0.1364        0.9851  |   -0.0719/ -0.0567/ -0.0490           -0.0490          -0.1234     0.0115  |       0.2248      0.1988
 145      0.1547        0.9939  |   -0.0245/  0.0050/  0.0154            0.0154          -0.0690     0.0084  |       0.2354      0.1988
 146      0.1598        0.9712  |   -0.0498/ -0.0289/ -0.0201           -0.0201          -0.0897     0.0025  |       0.2364      0.1988
 147      0.1601        0.9946  |   -0.0757/ -0.0453/ -0.0352           -0.0352          -0.0946     0.0058  |       0.2348      0.1988
 148      0.1530        0.9782  |   -0.0515/ -0.0232/ -0.0133           -0.0133          -0.0768     0.0071  |       0.2327      0.1988
 149      0.1616        0.9941  |   -0.0276/ -0.0012/  0.0089            0.0089          -0.0708     0.0211  |       0.2389      0.1988
 150      0.1753        0.9038  |   -0.1108/ -0.0976/ -0.0896           -0.0896          -0.1080     0.0063  |       0.2344      0.1988
 151      0.1753        1.0000  |   -0.1012/ -0.0910/ -0.0829           -0.0829          -0.1080     0.0054  |       0.2300      0.1988
 152      0.1753        1.0000  |   -0.0950/ -0.0859/ -0.0795           -0.0795          -0.1080     0.0018  |       0.2254      0.1988
 153      0.1753        1.0000  |   -0.1006/ -0.0857/ -0.0775           -0.0775          -0.1080     0.0047  |       0.2239      0.1988
 154      0.1753        1.0000  |   -0.0960/ -0.0866/ -0.0805           -0.0805          -0.1080     0.0057  |       0.2268      0.1988
 155      0.1823        0.9969  |   -0.0696/ -0.0597/ -0.0530           -0.0530          -0.0824     0.0079  |       0.2313      0.1988
 156      0.1829        0.9985  |   -0.0610/ -0.0518/ -0.0454           -0.0454          -0.0790     0.0033  |       0.2387      0.1988
 157      0.1838        0.9993  |   -0.0579/ -0.0506/ -0.0440           -0.0440          -0.0755     0.0023  |       0.2411      0.1988
 158      0.1833        0.9999  |   -0.0625/ -0.0518/ -0.0450           -0.0450          -0.0745     0.0030  |       0.2392      0.1988
 159      0.1836        0.9991  |   -0.0656/ -0.0483/ -0.0422           -0.0422          -0.0751     0.0063  |       0.2413      0.1988
 160      0.1855        0.9983  |   -0.0620/ -0.0510/ -0.0446           -0.0446          -0.0737     0.0062  |       0.2472      0.1988
 161      0.1893        0.9932  |   -0.0276/ -0.0110/ -0.0019           -0.0019          -0.0424     0.0022  |       0.2506      0.1988
 162      0.1818        0.9964  |   -0.0588/ -0.0326/ -0.0245           -0.0245          -0.0578     0.0020  |       0.2527      0.1988
 163      0.1815        0.9997  |   -0.0595/ -0.0482/ -0.0403           -0.0403          -0.0683     0.0036  |       0.2513      0.1988
 164      0.1864        0.9960  |   -0.0334/ -0.0034/  0.0057            0.0057          -0.0371     0.0109  |       0.2539      0.1988
 165      0.1833        0.9943  |   -0.0655/ -0.0538/ -0.0471           -0.0471          -0.0725     0.0009  |       0.2450      0.1988
 166      0.1833        1.0000  |   -0.0680/ -0.0543/ -0.0462           -0.0462          -0.0725     0.0036  |       0.2438      0.1988
 167      0.1826        0.9999  |   -0.0585/ -0.0499/ -0.0421           -0.0421          -0.0715     0.0038  |       0.2470      0.1988
 168      0.1786        0.9937  |   -0.0392/ -0.0245/ -0.0150           -0.0150          -0.0563     0.0056  |       0.2459      0.1988
 169      0.1837        0.9939  |   -0.0681/ -0.0560/ -0.0481           -0.0481          -0.0757     0.0068  |       0.2414      0.1988
 170      0.1792        0.9822  |   -0.0374/  0.0003/  0.0117            0.0117          -0.0353     0.0012  |       0.2359      0.1988
 171      0.1828        0.9979  |   -0.0256/ -0.0106/ -0.0012           -0.0012          -0.0428     0.0046  |       0.2356      0.1988
 172      0.1782        0.9974  |   -0.0551/ -0.0278/ -0.0189           -0.0189          -0.0559     0.0005  |       0.2318      0.1988
 173      0.1823        0.9979  |   -0.0593/ -0.0486/ -0.0407           -0.0407          -0.0711     0.0068  |       0.2315      0.1988
 174      0.1680        0.9904  |   -0.0634/ -0.0418/ -0.0320           -0.0320          -0.0833     0.0021  |       0.2257      0.1988
 175      0.1726        0.9973  |   -0.0353/ -0.0162/ -0.0064           -0.0064          -0.0575     0.0052  |       0.2256      0.1988
 176      0.1648        0.9920  |   -0.0853/ -0.0450/ -0.0344           -0.0344          -0.0837     0.0010  |       0.2217      0.1988
 177      0.1614        0.9987  |   -0.0748/ -0.0567/ -0.0459           -0.0459          -0.0941     0.0106  |       0.2222      0.1988
 178      0.1696        0.9871  |   -0.0707/ -0.0427/ -0.0336           -0.0336          -0.0953     0.0088  |       0.2137      0.1988
 179      0.1753        0.9632  |   -0.1117/ -0.0973/ -0.0864           -0.0864          -0.1079     0.0078  |       0.2116      0.1988
 180      0.1755        0.9902  |   -0.0920/ -0.0751/ -0.0683           -0.0683          -0.1029     0.0094  |       0.2046      0.1988
 181      0.1646        0.9551  |   -0.0593/ -0.0391/ -0.0282           -0.0282          -0.0864     0.0005  |       0.2067      0.1988
 182      0.1518        0.9960  |   -0.1167/ -0.0761/ -0.0669           -0.0669          -0.1302     0.0052  |       0.2073      0.1988
 183      0.1715        0.9856  |   -0.0358/ -0.0218/ -0.0112           -0.0112          -0.0600     0.0139  |       0.2027      0.1988
 184      0.1837        0.9792  |   -0.1087/ -0.0847/ -0.0780           -0.0780          -0.1112     0.0072  |       0.1938      0.1988
 185      0.1781        0.9894  |   -0.0751/ -0.0368/ -0.0265           -0.0265          -0.0728     0.0010  |       0.1869      0.1988
 186      0.1800        0.9978  |   -0.0824/ -0.0641/ -0.0545           -0.0545          -0.0920     0.0018  |       0.1861      0.1988
 187      0.1616        0.9875  |   -0.1249/ -0.0902/ -0.0800           -0.0800          -0.1286     0.0069  |       0.1851      0.1988
 188      0.1622        0.9941  |   -0.0715/ -0.0517/ -0.0411           -0.0411          -0.0972     0.0086  |       0.1825      0.1988
 189      0.1864        0.9619  |   -0.0767/ -0.0634/ -0.0555           -0.0555          -0.0903     0.0060  |       0.1808      0.1988
 190      0.1798        0.9884  |   -0.0513/ -0.0374/ -0.0283           -0.0283          -0.0659     0.0039  |       0.1779      0.1988
 191      0.1753        0.9967  |   -0.0789/ -0.0607/ -0.0527           -0.0527          -0.0874     0.0062  |       0.1766      0.1988
 192      0.1760        0.9701  |   -0.0897/ -0.0716/ -0.0607           -0.0607          -0.1103     0.0096  |       0.1803      0.1988
 193      0.1835        0.9817  |   -0.0763/ -0.0498/ -0.0400           -0.0400          -0.0809     0.0047  |       0.1724      0.1988
 194      0.1707        0.9897  |   -0.0925/ -0.0720/ -0.0617           -0.0617          -0.0963     0.0049  |       0.1732      0.1988
 195      0.1727        0.9910  |   -0.0247/ -0.0062/  0.0037            0.0037          -0.0442     0.0056  |       0.1702      0.1988
 196      0.1511        0.9802  |   -0.0683/ -0.0498/ -0.0382           -0.0382          -0.0950     0.0012  |       0.1656      0.1988
 197      0.1579        0.9982  |   -0.0647/ -0.0482/ -0.0396           -0.0396          -0.0912     0.0108  |       0.1651      0.1988
 198      0.1109        0.9676  |   -0.1190/ -0.1029/ -0.0898           -0.0898          -0.1704     0.0058  |       0.1598      0.1988
 199      0.1403        0.9870  |   -0.0524/ -0.0394/ -0.0296           -0.0296          -0.0997     0.0061  |       0.1612      0.1988
 200      0.1357        0.9963  |   -0.0715/ -0.0585/ -0.0506           -0.0506          -0.1164     0.0100  |       0.1668      0.1988
 201      0.1425        0.9885  |   -0.1073/ -0.0803/ -0.0703           -0.0703          -0.1296     0.0098  |       0.1759      0.1988
 202      0.1590        0.9768  |   -0.0941/ -0.0824/ -0.0749           -0.0749          -0.1205     0.0055  |       0.1838      0.1988
 203      0.1800        0.9853  |   -0.0728/ -0.0584/ -0.0493           -0.0493          -0.0855     0.0026  |       0.1882      0.1988
 204      0.1817        0.9963  |   -0.0271/  0.0039/  0.0136            0.0136          -0.0402     0.0028  |       0.1910      0.1988
 205      0.1844        0.9930  |   -0.0739/ -0.0592/ -0.0520           -0.0520          -0.0867     0.0067  |       0.1936      0.1988
 206      0.1769        0.9952  |   -0.0825/ -0.0660/ -0.0572           -0.0572          -0.0957     0.0112  |       0.1879      0.1988
 207      0.1776        0.9631  |   -0.1228/ -0.1086/ -0.0975           -0.0975          -0.1217     0.0046  |       0.1828      0.1988
 208      0.1781        0.9874  |   -0.0870/ -0.0701/ -0.0624           -0.0624          -0.1036     0.0055  |       0.1828      0.1988
 209      0.1724        0.9707  |   -0.0947/ -0.0809/ -0.0709           -0.0709          -0.1138     0.0062  |       0.1812      0.1988
 210      0.1622        0.9854  |   -0.0662/ -0.0537/ -0.0450           -0.0450          -0.0991     0.0048  |       0.1765      0.1988
 211      0.1550        0.9964  |   -0.1064/ -0.0934/ -0.0840           -0.0840          -0.1279     0.0048  |       0.1717      0.1988
 212      0.1650        0.9836  |   -0.1049/ -0.0902/ -0.0820           -0.0820          -0.1257     0.0044  |       0.1734      0.1988
 213      0.1593        0.9918  |   -0.1014/ -0.0862/ -0.0773           -0.0773          -0.1225     0.0081  |       0.1755      0.1988
 214      0.1550        0.9902  |   -0.0923/ -0.0685/ -0.0578           -0.0578          -0.1135     0.0065  |       0.1816      0.1988
 215      0.1385        0.9832  |   -0.0736/ -0.0577/ -0.0461           -0.0461          -0.1071     0.0067  |       0.1869      0.1988
 216      0.1629        0.9438  |   -0.0946/ -0.0714/ -0.0631           -0.0631          -0.1133     0.0024  |       0.1896      0.1988
 217      0.1698        0.9986  |   -0.0464/ -0.0328/ -0.0243           -0.0243          -0.0758     0.0058  |       0.1899      0.1988
 218      0.1835        0.9858  |   -0.0771/ -0.0615/ -0.0539           -0.0539          -0.0902     0.0034  |       0.1867      0.1988
 219      0.1847        0.9973  |   -0.0669/ -0.0571/ -0.0492           -0.0492          -0.0904     0.0132  |       0.1850      0.1988
 220      0.1810        0.9891  |   -0.0672/ -0.0484/ -0.0405           -0.0405          -0.0742     0.0049  |       0.1731      0.1988
 221      0.1548        0.9739  |   -0.1344/ -0.1187/ -0.1098           -0.1098          -0.1452     0.0063  |       0.1684      0.1988
 222      0.1473        0.9932  |   -0.1150/ -0.0930/ -0.0819           -0.0819          -0.1287     0.0038  |       0.1671      0.1988
 223      0.1429        0.9971  |   -0.0976/ -0.0836/ -0.0728           -0.0728          -0.1218     0.0094  |       0.1704      0.1988
 224      0.1633        0.9773  |   -0.0905/ -0.0700/ -0.0602           -0.0602          -0.1129     0.0073  |       0.1762      0.1988
 225      0.1669        0.9968  |   -0.0848/ -0.0745/ -0.0661           -0.0661          -0.1049     0.0072  |       0.1700      0.1988
 226      0.1627        0.9966  |   -0.0916/ -0.0740/ -0.0643           -0.0643          -0.1134     0.0074  |       0.1761      0.1988
 227      0.1660        0.9913  |   -0.0527/ -0.0370/ -0.0262           -0.0262          -0.0837     0.0059  |       0.1830      0.1988
 228      0.1771        0.9850  |   -0.0857/ -0.0716/ -0.0640           -0.0640          -0.1073     0.0016  |       0.1792      0.1988
 229      0.1813        0.9986  |   -0.0844/ -0.0717/ -0.0637           -0.0637          -0.1079     0.0062  |       0.1775      0.1988
 230      0.1753        0.9667  |   -0.1067/ -0.0961/ -0.0872           -0.0872          -0.1078     0.0070  |       0.1795      0.1988
 231      0.1815        0.9672  |   -0.1005/ -0.0743/ -0.0650           -0.0650          -0.1076     0.0090  |       0.1775      0.1988
 232      0.1700        0.9856  |   -0.0690/ -0.0495/ -0.0413           -0.0413          -0.0855     0.0071  |       0.1822      0.1988
 233      0.1830        0.9872  |   -0.0800/ -0.0610/ -0.0536           -0.0536          -0.0940     0.0058  |       0.1813      0.1988
 234      0.1747        0.9800  |   -0.0883/ -0.0700/ -0.0616           -0.0616          -0.1047     0.0094  |       0.1780      0.1988
 235      0.1752        0.9856  |   -0.1074/ -0.0971/ -0.0892           -0.0892          -0.1082     0.0031  |       0.1711      0.1988
 236      0.1753        1.0000  |   -0.1057/ -0.0924/ -0.0843           -0.0843          -0.1085     0.0060  |       0.1726      0.1988
 237      0.1759        0.9995  |   -0.1061/ -0.0973/ -0.0909           -0.0909          -0.1178     0.0035  |       0.1773      0.1988
 238      0.1828        0.9824  |   -0.0924/ -0.0720/ -0.0649           -0.0649          -0.1039     0.0104  |       0.1768      0.1988
 239      0.1752        0.9813  |   -0.0999/ -0.0884/ -0.0813           -0.0813          -0.1082     0.0065  |       0.1721      0.1988
 240      0.1752        1.0000  |   -0.0952/ -0.0875/ -0.0796           -0.0796          -0.1082     0.0061  |       0.1775      0.1988
 241      0.1752        1.0000  |   -0.0978/ -0.0864/ -0.0793           -0.0793          -0.1082     0.0071  |       0.1824      0.1988
 242      0.1752        1.0000  |   -0.0972/ -0.0871/ -0.0799           -0.0799          -0.1082     0.0093  |       0.1831      0.1988
 243      0.1758        0.9917  |   -0.0860/ -0.0740/ -0.0673           -0.0673          -0.1004     0.0053  |       0.1886      0.1988
 244      0.1789        0.9985  |   -0.0757/ -0.0617/ -0.0552           -0.0552          -0.0901     0.0017  |       0.1938      0.1988
 245      0.1775        0.9908  |   -0.1143/ -0.1047/ -0.0967           -0.0967          -0.1231     0.0063  |       0.1931      0.1988
 246      0.1823        0.9710  |   -0.0506/ -0.0382/ -0.0280           -0.0280          -0.0706     0.0029  |       0.1889      0.1988
 247      0.1813        0.9979  |   -0.0703/ -0.0582/ -0.0523           -0.0523          -0.0928     0.0057  |       0.1910      0.1988
 248      0.1621        0.9778  |   -0.0965/ -0.0791/ -0.0710           -0.0710          -0.1083     0.0077  |       0.1903      0.1988
 249      0.1497        0.9903  |   -0.1233/ -0.1063/ -0.0935           -0.0935          -0.1403     0.0083  |       0.1959      0.1988
 250      0.1412        0.9770  |   -0.0692/ -0.0507/ -0.0413           -0.0413          -0.1081     0.0057  |       0.1919      0.1988
 251      0.1366        0.9929  |   -0.0398/ -0.0259/ -0.0157           -0.0157          -0.0807     0.0031  |       0.1865      0.1988
 252      0.1354        0.9957  |   -0.0538/ -0.0363/ -0.0279           -0.0279          -0.0985     0.0014  |       0.1836      0.1988
 253      0.1396        0.9942  |   -0.0477/ -0.0272/ -0.0146           -0.0146          -0.0919     0.0026  |       0.1846      0.1988
 254      0.1263        0.9931  |   -0.1322/ -0.1071/ -0.0962           -0.0962          -0.1599     0.0014  |       0.1830      0.1988
 255      0.1263        0.9941  |   -0.1025/ -0.0786/ -0.0657           -0.0657          -0.1253     0.0083  |       0.1826      0.1988
 256      0.1117        0.9834  |   -0.0939/ -0.0743/ -0.0587           -0.0587          -0.1207     0.0124  |       0.1857      0.1988
 257      0.0780        0.9736  |   -0.2123/ -0.1984/ -0.1880           -0.1880          -0.2490     0.0151  |       0.1939      0.1988
 258      0.0406        0.9572  |   -0.2710/ -0.2602/ -0.2477           -0.2477          -0.2788     0.0132  |       0.2051      0.1988
 259      0.0496        0.9886  |   -0.2595/ -0.2478/ -0.2379           -0.2379          -0.2946     0.0132  |       0.2179      0.1988
 260      0.0405        0.9435  |   -0.2893/ -0.2728/ -0.2590           -0.2590          -0.3095     0.0149  |       0.2148      0.1988
 261      0.0504        0.9538  |   -0.2546/ -0.2367/ -0.2246           -0.2246          -0.2916     0.0166  |       0.2266      0.1988
 262      0.0787        0.9531  |   -0.1946/ -0.1794/ -0.1707           -0.1707          -0.2341     0.0042  |       0.2399      0.1988
 263      0.0806        0.9937  |   -0.2010/ -0.1883/ -0.1804           -0.1804          -0.2446     0.0036  |       0.2439      0.1988
 264      0.0846        0.9940  |   -0.2221/ -0.1957/ -0.1825           -0.1825          -0.2436     0.0108  |       0.2436      0.1988
 265      0.0410        0.9508  |   -0.2925/ -0.2794/ -0.2677           -0.2677          -0.3444     0.0055  |       0.2340      0.1988
 266      0.0330        0.9881  |   -0.3256/ -0.3025/ -0.2903           -0.2903          -0.3708     0.0012  |       0.2283      0.1988
 267      0.0417        0.9970  |   -0.3044/ -0.2877/ -0.2777           -0.2777          -0.3497     0.0039  |       0.2286      0.1988
 268      0.0266        0.9892  |   -0.3015/ -0.2856/ -0.2752           -0.2752          -0.3409     0.0047  |       0.2261      0.1988
 269      0.0360        0.9925  |   -0.2969/ -0.2802/ -0.2683           -0.2683          -0.3378     0.0050  |       0.2231      0.1988
 270      0.0412        0.9810  |   -0.2762/ -0.2584/ -0.2487           -0.2487          -0.3116     0.0122  |       0.2227      0.1988
 271      0.0350        0.9787  |   -0.2680/ -0.2497/ -0.2388           -0.2388          -0.2851     0.0039  |       0.2117      0.1988
 272      0.0454        0.9761  |   -0.2167/ -0.2024/ -0.1919           -0.1919          -0.2572     0.0034  |       0.2123      0.1988
 273      0.0345        0.9844  |   -0.2795/ -0.2638/ -0.2534           -0.2534          -0.3053     0.0036  |       0.2109      0.1988
 274      0.0244        0.9890  |   -0.2886/ -0.2655/ -0.2546           -0.2546          -0.3122     0.0091  |       0.2093      0.1988
 275      0.0386        0.9772  |   -0.3259/ -0.3045/ -0.2942           -0.2942          -0.3488     0.0038  |       0.2087      0.1988
 276      0.0355        0.9893  |   -0.2993/ -0.2774/ -0.2674           -0.2674          -0.3310     0.0044  |       0.2055      0.1988
 277      0.0331        0.9993  |   -0.3074/ -0.2873/ -0.2780           -0.2780          -0.3384     0.0094  |       0.2014      0.1988
 278      0.0479        0.9773  |   -0.2325/ -0.2146/ -0.2028           -0.2028          -0.2682     0.0083  |       0.1961      0.1988
 279      0.0750        0.9734  |   -0.2177/ -0.2058/ -0.1965           -0.1965          -0.2517     0.0066  |       0.1928      0.1988
 280      0.0881        0.9876  |   -0.1798/ -0.1622/ -0.1502           -0.1502          -0.2058     0.0111  |       0.1985      0.1988
 281      0.0920        0.9869  |   -0.1619/ -0.1432/ -0.1315           -0.1315          -0.1952     0.0128  |       0.2089      0.1988
 282      0.0998        0.9842  |   -0.1597/ -0.1415/ -0.1320           -0.1320          -0.1980     0.0046  |       0.2214      0.1988
 283      0.1072        0.9941  |   -0.1366/ -0.1225/ -0.1111           -0.1111          -0.1848     0.0056  |       0.2262      0.1988
 284      0.0931        0.9870  |   -0.1788/ -0.1572/ -0.1491           -0.1491          -0.2291     0.0121  |       0.2259      0.1988
 285      0.0671        0.9543  |   -0.2577/ -0.2418/ -0.2295           -0.2295          -0.2653     0.0124  |       0.2323      0.1988
 286      0.0652        0.9779  |   -0.2100/ -0.1872/ -0.1745           -0.1745          -0.2286     0.0034  |       0.2352      0.1988
 287      0.0663        0.9899  |   -0.2241/ -0.2064/ -0.1933           -0.1933          -0.2612     0.0086  |       0.2378      0.1988
 288      0.0545        0.9844  |   -0.2457/ -0.2332/ -0.2215           -0.2215          -0.2910     0.0068  |       0.2303      0.1988
 289      0.0436        0.9765  |   -0.2903/ -0.2728/ -0.2610           -0.2610          -0.3206     0.0093  |       0.2300      0.1988
 290      0.0334        0.9883  |   -0.3007/ -0.2853/ -0.2743           -0.2743          -0.3389     0.0038  |       0.2217      0.1988
 291      0.0245        0.9949  |   -0.3107/ -0.2925/ -0.2804           -0.2804          -0.3560     0.0052  |       0.2182      0.1988
 292      0.0380        0.9895  |   -0.2612/ -0.2443/ -0.2330           -0.2330          -0.2976     0.0040  |       0.2148      0.1988
 293      0.0477        0.9864  |   -0.2171/ -0.1987/ -0.1858           -0.1858          -0.2356     0.0092  |       0.2119      0.1988
 294      0.0433        0.9815  |   -0.2599/ -0.2428/ -0.2311           -0.2311          -0.2842     0.0021  |       0.2087      0.1988
 295      0.0413        0.9936  |   -0.2664/ -0.2500/ -0.2407           -0.2407          -0.2913     0.0056  |       0.2066      0.1988
 296      0.0432        0.9955  |   -0.2874/ -0.2726/ -0.2636           -0.2636          -0.3165     0.0034  |       0.2098      0.1988
 297      0.0446        0.9966  |   -0.2739/ -0.2574/ -0.2461           -0.2461          -0.2989     0.0029  |       0.2131      0.1988
 298      0.0363        0.9927  |   -0.3137/ -0.2993/ -0.2875           -0.2875          -0.3451     0.0074  |       0.2149      0.1988
 299      0.0381        0.9914  |   -0.2974/ -0.2849/ -0.2745           -0.2745          -0.3332     0.0067  |       0.2213      0.1988
IMAGEIO FFMPEG_WRITER WARNING: input image is not divisible by macro_block_size=16, resizing from (320, 180) to (320, 192) to ensure video compatibility with most codecs and players. To prevent resizing, make your input image divisible by the macro_block_size or set the macro_block_size to 1 (risking incompatibility).

Saved 300 frames -> /home/ashwink/Documents/swms/SWM_copy/rollouts_5_per/expert+subopt/epoch0/epoch0_rollout4_failure.mp4
min dist(green_cube,blue_moon) over episode = 0.1988  ->  FAILURE
Full log written to /home/ashwink/Documents/swms/SWM_copy/rollouts_5_per/expert+subopt/epoch0/epoch0_rollout4_20260723_115419.log
Result json -> /home/ashwink/Documents/swms/SWM_copy/rollouts_5_per/expert+subopt/epoch0/epoch0_rollout4_result.json
