Checkpoint dir epoch: 0  Rollout: 3
Logging to /home/ashwink/Documents/swms/SWM_copy/rollouts_5_per/expert+subopt/epoch0/epoch0_rollout3_20260723_115243.log
Goal (fixed, steps 0-299): the green cube is touching the blue moon. the peg is touching the green cube.

Checkpoint: /home/ashwink/Documents/swms/SWM_copy/training/checkpoints_clip_full_fine-tuned_with_subopt_data/epoch_000.pt
  epoch=0  step=1686

Loading CLIP ViT-L/14 (datacomp_xl_s13b_b90k) + fine-tuned clip_state_dict ...
Parsing model identifier. Schema: None, Identifier: ViT-L-14
Loaded built-in ViT-L-14 model config.
Instantiating model architecture: CLIP
Loading full pretrained weights from: /home/ashwink/.cache/huggingface/hub/models--laion--CLIP-ViT-L-14-DataComp.XL-s13B-b90K/snapshots/84c9828e63dc9a9351d1fe637c346d4c1c4db341/open_clip_pytorch_model.bin
Final image preprocessing configuration set: {'size': (224, 224), 'mode': 'RGB', 'mean': (0.48145466, 0.4578275, 0.40821073), 'std': (0.26862954, 0.26130258, 0.27577711), 'interpolation': 'bicubic', 'resize_mode': 'shortest', 'fill_color': 0}
Model ViT-L-14 creation process complete.
Parsing tokenizer identifier. Schema: None, Identifier: ViT-L-14
Attempting to load config from built-in: ViT-L-14
Using default SimpleTokenizer.
z_star shape: torch.Size([768])

Loading action stats from /home/ashwink/full_data_5000/langtable/demos/ ...
  lo=[-0.03372681140899658, -0.03493623435497284]  hi=[0.03496786952018738, 0.03494429588317871]

Initializing LangTable env ...
Loading URDF plane.urdf
Loading URDF /home/ashwink/Documents/swms/.venv/lib/python3.10/site-packages/language_table/environments/utils/../../../language_table/environments/assets/workspace_real.urdf
Loading URDF xarm/xarm6_robot_white.urdf
Loading URDF /home/ashwink/Documents/swms/.venv/lib/python3.10/site-packages/language_table/environments/utils/../../../language_table/environments/assets/suction/cylinder_real.urdf
Loading URDF /home/ashwink/Documents/swms/.venv/lib/python3.10/site-packages/language_table/environments/utils/../../../language_table/environments/assets/blocks/red_moon.urdf
Loading URDF /home/ashwink/Documents/swms/.venv/lib/python3.10/site-packages/language_table/environments/utils/../../../language_table/environments/assets/blocks/red_cube.urdf
Loading URDF /home/ashwink/Documents/swms/.venv/lib/python3.10/site-packages/language_table/environments/utils/../../../language_table/environments/assets/blocks/red_star.urdf
Loading URDF /home/ashwink/Documents/swms/.venv/lib/python3.10/site-packages/language_table/environments/utils/../../../language_table/environments/assets/blocks/red_pentagon.urdf
Loading URDF /home/ashwink/Documents/swms/.venv/lib/python3.10/site-packages/language_table/environments/utils/../../../language_table/environments/assets/blocks/blue_moon.urdf
Loading URDF /home/ashwink/Documents/swms/.venv/lib/python3.10/site-packages/language_table/environments/utils/../../../language_table/environments/assets/blocks/blue_cube.urdf
Loading URDF /home/ashwink/Documents/swms/.venv/lib/python3.10/site-packages/language_table/environments/utils/../../../language_table/environments/assets/blocks/blue_star.urdf
Loading URDF /home/ashwink/Documents/swms/.venv/lib/python3.10/site-packages/language_table/environments/utils/../../../language_table/environments/assets/blocks/blue_pentagon.urdf
Loading URDF /home/ashwink/Documents/swms/.venv/lib/python3.10/site-packages/language_table/environments/utils/../../../language_table/environments/assets/blocks/yellow_moon.urdf
Loading URDF /home/ashwink/Documents/swms/.venv/lib/python3.10/site-packages/language_table/environments/utils/../../../language_table/environments/assets/blocks/yellow_cube.urdf
Loading URDF /home/ashwink/Documents/swms/.venv/lib/python3.10/site-packages/language_table/environments/utils/../../../language_table/environments/assets/blocks/yellow_star.urdf
Loading URDF /home/ashwink/Documents/swms/.venv/lib/python3.10/site-packages/language_table/environments/utils/../../../language_table/environments/assets/blocks/yellow_pentagon.urdf
Loading URDF /home/ashwink/Documents/swms/.venv/lib/python3.10/site-packages/language_table/environments/utils/../../../language_table/environments/assets/blocks/green_moon.urdf
Loading URDF /home/ashwink/Documents/swms/.venv/lib/python3.10/site-packages/language_table/environments/utils/../../../language_table/environments/assets/blocks/green_cube.urdf
Loading URDF /home/ashwink/Documents/swms/.venv/lib/python3.10/site-packages/language_table/environments/utils/../../../language_table/environments/assets/blocks/green_star.urdf
Loading URDF /home/ashwink/Documents/swms/.venv/lib/python3.10/site-packages/language_table/environments/utils/../../../language_table/environments/assets/blocks/green_pentagon.urdf
Loading URDF /home/ashwink/Documents/swms/.venv/lib/python3.10/site-packages/language_table/environments/utils/../../../language_table/environments/assets/blocks/purple_moon.urdf
Loading URDF /home/ashwink/Documents/swms/.venv/lib/python3.10/site-packages/language_table/environments/utils/../../../language_table/environments/assets/blocks/purple_cube.urdf
Loading URDF /home/ashwink/Documents/swms/.venv/lib/python3.10/site-packages/language_table/environments/utils/../../../language_table/environments/assets/blocks/purple_star.urdf
Loading URDF /home/ashwink/Documents/swms/.venv/lib/python3.10/site-packages/language_table/environments/utils/../../../language_table/environments/assets/blocks/purple_pentagon.urdf
Env ready.

Forced peg start: [0.42843915 0.24419614]  (green_cube=[0.40339102 0.18967466], blue_moon=[0.32039625 0.00902261])
  dist(peg,green_cube)=0.0600  dist(peg,blue_moon)=0.2588  dist(green_cube,blue_moon)=0.1988

step  cos(zt,z*)  cos(zt,zt-1)  |   cos(predK,z*) min/mean/max  cos(pred_sel,z*)   cos(zpred0,z*)  ||a_raw||  |  dist(peg,A)   dist(A,B)
-------------------------------------------------------------------------------------------------------------------------------------------------------------------------------
   0      0.1986           nan  |    0.0429/  0.0791/  0.0904            0.0904           0.0621     0.0044  |       0.0587      0.1988
   1      0.1957        0.9989  |    0.0591/  0.0752/  0.0840            0.0840           0.0473     0.0046  |       0.0553      0.1988
   2      0.2001        0.9988  |    0.0812/  0.0917/  0.1015            0.1015           0.0711     0.0080  |       0.0587      0.1988
   3      0.1948        0.9984  |    0.0686/  0.0811/  0.0883            0.0883           0.0567     0.0041  |       0.0529      0.1988
   4      0.1995        0.9988  |    0.0827/  0.0941/  0.1029            0.1029           0.0692     0.0061  |       0.0562      0.1988
   5      0.1985        0.9983  |    0.0539/  0.0706/  0.0794            0.0794           0.0498     0.0035  |       0.0620      0.1988
   6      0.2050        0.9983  |    0.0463/  0.0581/  0.0676            0.0676           0.0437     0.0070  |       0.0656      0.1988
   7      0.2037        0.9962  |    0.0629/  0.0753/  0.0835            0.0835           0.0534     0.0034  |       0.0721      0.1988
   8      0.1939        0.9974  |    0.0150/  0.0255/  0.0315            0.0315           0.0014     0.0121  |       0.0757      0.1988
   9      0.1814        0.9925  |   -0.0426/ -0.0327/ -0.0265           -0.0265          -0.0588     0.0040  |       0.0868      0.1988
  10      0.1782        0.9961  |   -0.0655/ -0.0525/ -0.0444           -0.0444          -0.0750     0.0091  |       0.0913      0.1988
  11      0.1781        0.9975  |   -0.0661/ -0.0540/ -0.0474           -0.0474          -0.0768     0.0021  |       0.0874      0.1988
  12      0.1778        0.9973  |   -0.0562/ -0.0452/ -0.0387           -0.0387          -0.0702     0.0062  |       0.0881      0.1988
  13      0.1777        0.9969  |   -0.0776/ -0.0652/ -0.0582           -0.0582          -0.0888     0.0036  |       0.0900      0.1988
  14      0.1761        0.9989  |   -0.0791/ -0.0676/ -0.0606           -0.0606          -0.0883     0.0022  |       0.0897      0.1988
  15      0.1776        0.9999  |   -0.0715/ -0.0611/ -0.0544           -0.0544          -0.0842     0.0035  |       0.0896      0.1988
  16      0.1761        0.9986  |   -0.0815/ -0.0713/ -0.0647           -0.0647          -0.0946     0.0041  |       0.0909      0.1988
  17      0.1752        0.9989  |   -0.0957/ -0.0862/ -0.0797           -0.0797          -0.1077     0.0053  |       0.0913      0.1988
  18      0.1760        0.9987  |   -0.0803/ -0.0698/ -0.0635           -0.0635          -0.0928     0.0061  |       0.0891      0.1988
  19      0.1789        0.9972  |   -0.0737/ -0.0611/ -0.0537           -0.0537          -0.0827     0.0056  |       0.0861      0.1988
  20      0.1808        0.9976  |   -0.0452/ -0.0345/ -0.0278           -0.0278          -0.0551     0.0027  |       0.0823      0.1988
  21      0.1807        1.0000  |   -0.0466/ -0.0355/ -0.0278           -0.0278          -0.0552     0.0067  |       0.0822      0.1988
  22      0.1852        0.9985  |   -0.0166/ -0.0061/  0.0021            0.0021          -0.0262     0.0077  |       0.0818      0.1988
  23      0.1884        0.9975  |   -0.0065/  0.0052/  0.0123            0.0123          -0.0186     0.0034  |       0.0762      0.1988
  24      0.1914        0.9960  |   -0.0093/  0.0139/  0.0229            0.0229          -0.0111     0.0064  |       0.0727      0.1988
  25      0.1859        0.9956  |   -0.0168/ -0.0012/  0.0082            0.0082          -0.0243     0.0056  |       0.0780      0.1988
  26      0.1919        0.9980  |    0.0109/  0.0259/  0.0323            0.0323           0.0003     0.0052  |       0.0794      0.1988
  27      0.1861        0.9970  |   -0.0285/ -0.0188/ -0.0117           -0.0117          -0.0393     0.0069  |       0.0837      0.1988
  28      0.1908        0.9963  |    0.0047/  0.0214/  0.0288            0.0288          -0.0061     0.0010  |       0.0778      0.1988
  29      0.1948        0.9993  |    0.0189/  0.0291/  0.0358            0.0358           0.0034     0.0026  |       0.0767      0.1988
  30      0.1931        0.9995  |    0.0130/  0.0239/  0.0312            0.0312          -0.0028     0.0004  |       0.0750      0.1988
  31      0.1876        0.9982  |   -0.0048/  0.0056/  0.0133            0.0133          -0.0206     0.0033  |       0.0748      0.1988
  32      0.1916        0.9972  |   -0.0016/  0.0125/  0.0208            0.0208          -0.0129     0.0017  |       0.0718      0.1988
  33      0.1931        0.9993  |    0.0004/  0.0193/  0.0276            0.0276          -0.0056     0.0045  |       0.0702      0.1988
  34      0.1917        0.9989  |    0.0110/  0.0227/  0.0301            0.0301          -0.0057     0.0088  |       0.0730      0.1988
  35      0.1905        0.9972  |    0.0227/  0.0304/  0.0381            0.0381           0.0017     0.0056  |       0.0794      0.1988
  36      0.1894        0.9989  |    0.0115/  0.0231/  0.0306            0.0306          -0.0027     0.0083  |       0.0754      0.1988
  37      0.1905        0.9991  |    0.0157/  0.0280/  0.0359            0.0359           0.0067     0.0082  |       0.0786      0.1988
  38      0.1832        0.9971  |   -0.0236/ -0.0129/ -0.0056           -0.0056          -0.0358     0.0060  |       0.0842      0.1988
  39      0.1802        0.9985  |   -0.0594/ -0.0505/ -0.0451           -0.0451          -0.0741     0.0047  |       0.0884      0.1988
  40      0.1787        0.9988  |   -0.0717/ -0.0607/ -0.0545           -0.0545          -0.0825     0.0086  |       0.0903      0.1988
  41      0.1885        0.9918  |    0.0113/  0.0228/  0.0290            0.0290          -0.0031     0.0069  |       0.0826      0.1988
  42      0.1836        0.9939  |   -0.0551/ -0.0447/ -0.0384           -0.0384          -0.0641     0.0064  |       0.0881      0.1988
  43      0.1833        0.9971  |   -0.0270/ -0.0140/ -0.0066           -0.0066          -0.0366     0.0031  |       0.0864      0.1988
  44      0.1818        0.9972  |   -0.0309/ -0.0233/ -0.0167           -0.0167          -0.0423     0.0032  |       0.0855      0.1988
  45      0.1816        0.9992  |   -0.0501/ -0.0370/ -0.0284           -0.0284          -0.0551     0.0019  |       0.0881      0.1988
  46      0.1804        0.9970  |   -0.0353/ -0.0233/ -0.0149           -0.0149          -0.0423     0.0044  |       0.0872      0.1988
  47      0.1828        0.9970  |   -0.0600/ -0.0453/ -0.0379           -0.0379          -0.0620     0.0062  |       0.0886      0.1988
  48      0.1750        0.9980  |   -0.0806/ -0.0684/ -0.0619           -0.0619          -0.0914     0.0082  |       0.0936      0.1988
  49      0.1752        0.9977  |   -0.0942/ -0.0844/ -0.0775           -0.0775          -0.1083     0.0030  |       0.1008      0.1988
  50      0.1752        1.0000  |   -0.0924/ -0.0834/ -0.0776           -0.0776          -0.1084     0.0056  |       0.0986      0.1988
  51      0.1765        0.9990  |   -0.0823/ -0.0720/ -0.0639           -0.0639          -0.0969     0.0038  |       0.0948      0.1988
  52      0.1750        0.9985  |   -0.0816/ -0.0689/ -0.0624           -0.0624          -0.0914     0.0013  |       0.0942      0.1988
  53      0.1730        0.9980  |   -0.0728/ -0.0645/ -0.0582           -0.0582          -0.0886     0.0003  |       0.0937      0.1988
  54      0.1730        1.0000  |   -0.0775/ -0.0657/ -0.0586           -0.0586          -0.0886     0.0023  |       0.0935      0.1988
  55      0.1755        0.9994  |   -0.0887/ -0.0726/ -0.0660           -0.0660          -0.0928     0.0071  |       0.0956      0.1988
  56      0.1740        0.9991  |   -0.0788/ -0.0697/ -0.0629           -0.0629          -0.0918     0.0051  |       0.0957      0.1988
  57      0.1740        1.0000  |   -0.0856/ -0.0690/ -0.0618           -0.0618          -0.0921     0.0055  |       0.0948      0.1988
  58      0.1740        0.9988  |   -0.0783/ -0.0686/ -0.0620           -0.0620          -0.0942     0.0045  |       0.0946      0.1988
  59      0.1739        1.0000  |   -0.0796/ -0.0703/ -0.0637           -0.0637          -0.0943     0.0066  |       0.0933      0.1988
  60      0.1752        0.9984  |   -0.0950/ -0.0871/ -0.0803           -0.0803          -0.1084     0.0066  |       0.0913      0.1988
  61      0.1752        1.0000  |   -0.0953/ -0.0858/ -0.0798           -0.0798          -0.1084     0.0098  |       0.0946      0.1988
  62      0.1752        1.0000  |   -0.0968/ -0.0850/ -0.0795           -0.0795          -0.1084     0.0034  |       0.0996      0.1988
  63      0.1752        1.0000  |   -0.0961/ -0.0853/ -0.0787           -0.0787          -0.1084     0.0068  |       0.1029      0.1988
  64      0.1752        1.0000  |   -0.1018/ -0.0865/ -0.0796           -0.0796          -0.1084     0.0034  |       0.1073      0.1988
  65      0.1752        1.0000  |   -0.0952/ -0.0868/ -0.0785           -0.0785          -0.1084     0.0032  |       0.1072      0.1988
  66      0.1752        1.0000  |   -0.0967/ -0.0876/ -0.0806           -0.0806          -0.1084     0.0110  |       0.1057      0.1988
  67      0.2305        0.9411  |    0.1541/  0.1751/  0.1876            0.1876           0.1621     0.0025  |       0.1035      0.1988
  68      0.2335        0.9974  |    0.2003/  0.2111/  0.2177            0.2177           0.1850     0.0111  |       0.1044      0.1988
  69      0.2028        0.9597  |   -0.0201/  0.0051/  0.0138            0.0138          -0.0168     0.0051  |       0.0981      0.1988
  70      0.1752        0.9915  |   -0.1184/ -0.0937/ -0.0852           -0.0852          -0.1081     0.0085  |       0.0947      0.1988
  71      0.1752        1.0000  |   -0.0980/ -0.0872/ -0.0811           -0.0811          -0.1081     0.0038  |       0.0999      0.1988
  72      0.1752        1.0000  |   -0.0936/ -0.0857/ -0.0786           -0.0786          -0.1081     0.0049  |       0.1019      0.1988
  73      0.1752        1.0000  |   -0.0907/ -0.0835/ -0.0780           -0.0780          -0.1081     0.0055  |       0.1024      0.1988
  74      0.1752        1.0000  |   -0.0957/ -0.0851/ -0.0784           -0.0784          -0.1081     0.0067  |       0.1000      0.1988
  75      0.2132        0.9773  |    0.0604/  0.0717/  0.0821            0.0821           0.0471     0.0070  |       0.0966      0.1988
  76      0.1752        0.9773  |   -0.1038/ -0.0930/ -0.0868           -0.0868          -0.1081     0.0058  |       0.0957      0.1988
  77      0.2048        0.9895  |    0.0230/  0.0331/  0.0422            0.0422           0.0139     0.0041  |       0.0991      0.1988
  78      0.2031        0.9993  |    0.0413/  0.0544/  0.0622            0.0622           0.0287     0.0061  |       0.0957      0.1988
  79      0.1752        0.9875  |   -0.1106/ -0.0950/ -0.0883           -0.0883          -0.1081     0.0078  |       0.0912      0.1988
  80      0.1752        1.0000  |   -0.0965/ -0.0881/ -0.0811           -0.0811          -0.1081     0.0029  |       0.0891      0.1988
  81      0.1752        1.0000  |   -0.1007/ -0.0871/ -0.0801           -0.0801          -0.1081     0.0055  |       0.0913      0.1988
  82      0.1752        1.0000  |   -0.0977/ -0.0882/ -0.0794           -0.0794          -0.1081     0.0042  |       0.0897      0.1988
  83      0.1752        1.0000  |   -0.0969/ -0.0860/ -0.0785           -0.0785          -0.1081     0.0064  |       0.0896      0.1988
  84      0.1752        1.0000  |   -0.0933/ -0.0853/ -0.0788           -0.0788          -0.1081     0.0025  |       0.0905      0.1988
  85      0.1752        1.0000  |   -0.0952/ -0.0864/ -0.0801           -0.0801          -0.1081     0.0070  |       0.0923      0.1988
  86      0.2056        0.9827  |    0.0134/  0.0371/  0.0481            0.0481           0.0148     0.0070  |       0.0897      0.1988
  87      0.1752        0.9827  |   -0.1019/ -0.0921/ -0.0846           -0.0846          -0.1081     0.0093  |       0.0927      0.1988
  88      0.1753        1.0000  |   -0.0981/ -0.0886/ -0.0804           -0.0804          -0.1080     0.0074  |       0.1013      0.1988
  89      0.1753        1.0000  |   -0.0940/ -0.0844/ -0.0781           -0.0781          -0.1080     0.0095  |       0.1081      0.1988
  90      0.2070        0.9831  |    0.0276/  0.0435/  0.0516            0.0516           0.0153     0.0075  |       0.1093      0.1988
  91      0.2222        0.9722  |    0.1459/  0.1607/  0.1699            0.1699           0.1483     0.0020  |       0.1050      0.1988
  92      0.2325        0.9897  |    0.2262/  0.2409/  0.2509            0.2509           0.2208     0.0054  |       0.1046      0.1988
  93      0.2255        0.9704  |    0.0880/  0.1077/  0.1145            0.1145           0.0870     0.0069  |       0.1010      0.1988
  94      0.2031        0.9771  |    0.0478/  0.0574/  0.0651            0.0651           0.0355     0.0018  |       0.0975      0.1988
  95      0.1753        0.9868  |   -0.1073/ -0.0945/ -0.0842           -0.0842          -0.1080     0.0033  |       0.0974      0.1988
  96      0.1753        1.0000  |   -0.0981/ -0.0891/ -0.0811           -0.0811          -0.1080     0.0052  |       0.0987      0.1988
  97      0.1753        1.0000  |   -0.0937/ -0.0845/ -0.0773           -0.0773          -0.1080     0.0019  |       0.0974      0.1988
  98      0.1753        1.0000  |   -0.1012/ -0.0855/ -0.0778           -0.0778          -0.1080     0.0068  |       0.0960      0.1988
  99      0.1753        1.0000  |   -0.0959/ -0.0843/ -0.0786           -0.0786          -0.1080     0.0036  |       0.1004      0.1988
 100      0.1753        1.0000  |   -0.0979/ -0.0854/ -0.0787           -0.0787          -0.1080     0.0052  |       0.1033      0.1988
 101      0.1753        1.0000  |   -0.0954/ -0.0869/ -0.0809           -0.0809          -0.1080     0.0076  |       0.1067      0.1988
 102      0.1753        1.0000  |   -0.0950/ -0.0869/ -0.0802           -0.0802          -0.1080     0.0061  |       0.1133      0.1988
 103      0.1753        1.0000  |   -0.0959/ -0.0846/ -0.0780           -0.0780          -0.1080     0.0035  |       0.1188      0.1988
 104      0.1753        1.0000  |   -0.0907/ -0.0827/ -0.0782           -0.0782          -0.1080     0.0080  |       0.1197      0.1988
 105      0.1753        1.0000  |   -0.0917/ -0.0846/ -0.0775           -0.0775          -0.1080     0.0025  |       0.1255      0.1988
 106      0.1753        1.0000  |   -0.0979/ -0.0841/ -0.0778           -0.0778          -0.1080     0.0032  |       0.1280      0.1988
 107      0.2044        0.9947  |   -0.0033/  0.0078/  0.0173            0.0173          -0.0069     0.0045  |       0.1275      0.1988
 108      0.2104        0.9940  |    0.0785/  0.0892/  0.0978            0.0978           0.0675     0.0070  |       0.1303      0.1988
 109      0.1971        0.9915  |   -0.0330/ -0.0242/ -0.0159           -0.0159          -0.0397     0.0049  |       0.1261      0.1988
 110      0.1753        0.9970  |   -0.1012/ -0.0887/ -0.0805           -0.0805          -0.1080     0.0070  |       0.1271      0.1988
 111      0.1753        1.0000  |   -0.0952/ -0.0872/ -0.0805           -0.0805          -0.1080     0.0039  |       0.1320      0.1988
 112      0.1753        1.0000  |   -0.0961/ -0.0862/ -0.0796           -0.0796          -0.1080     0.0080  |       0.1359      0.1988
 113      0.1753        1.0000  |   -0.0941/ -0.0823/ -0.0774           -0.0774          -0.1080     0.0042  |       0.1435      0.1988
 114      0.1753        1.0000  |   -0.0975/ -0.0844/ -0.0785           -0.0785          -0.1080     0.0057  |       0.1450      0.1988
 115      0.1864        0.9881  |   -0.0348/ -0.0155/ -0.0054           -0.0054          -0.0383     0.0048  |       0.1450      0.1988
 116      0.1854        0.9994  |   -0.0408/ -0.0245/ -0.0170           -0.0170          -0.0537     0.0057  |       0.1494      0.1988
 117      0.1753        0.9890  |   -0.1048/ -0.0945/ -0.0854           -0.0854          -0.1080     0.0052  |       0.1490      0.1988
 118      0.1855        0.9970  |   -0.0950/ -0.0745/ -0.0669           -0.0669          -0.0893     0.0019  |       0.1452      0.1988
 119      0.1862        0.9999  |   -0.0746/ -0.0669/ -0.0597           -0.0597          -0.0872     0.0031  |       0.1433      0.1988
 120      0.1881        0.9877  |   -0.0199/  0.0004/  0.0119            0.0119          -0.0254     0.0046  |       0.1415      0.1988
 121      0.2108        0.9793  |    0.0772/  0.0891/  0.0976            0.0976           0.0667     0.0027  |       0.1378      0.1988
 122      0.2003        0.9858  |    0.0167/  0.0326/  0.0408            0.0408           0.0052     0.0043  |       0.1384      0.1988
 123      0.1859        0.9831  |   -0.0816/ -0.0690/ -0.0623           -0.0623          -0.0804     0.0104  |       0.1412      0.1988
 124      0.2067        0.9713  |    0.0561/  0.0704/  0.0785            0.0785           0.0447     0.0050  |       0.1323      0.1988
 125      0.1884        0.9759  |   -0.0529/ -0.0374/ -0.0305           -0.0305          -0.0586     0.0023  |       0.1338      0.1988
 126      0.1753        0.9954  |   -0.0996/ -0.0905/ -0.0827           -0.0827          -0.1080     0.0034  |       0.1357      0.1988
 127      0.1753        1.0000  |   -0.0999/ -0.0884/ -0.0820           -0.0820          -0.1080     0.0006  |       0.1340      0.1988
 128      0.1753        1.0000  |   -0.1018/ -0.0894/ -0.0821           -0.0821          -0.1080     0.0053  |       0.1343      0.1988
 129      0.1862        0.9944  |   -0.0531/ -0.0382/ -0.0300           -0.0300          -0.0557     0.0108  |       0.1344      0.1988
 130      0.1863        0.9966  |   -0.0855/ -0.0728/ -0.0650           -0.0650          -0.0880     0.0022  |       0.1442      0.1988
 131      0.1856        1.0000  |   -0.0849/ -0.0744/ -0.0669           -0.0669          -0.0905     0.0026  |       0.1467      0.1988
 132      0.1753        0.9966  |   -0.0987/ -0.0875/ -0.0809           -0.0809          -0.1080     0.0087  |       0.1490      0.1988
 133      0.1753        1.0000  |   -0.0958/ -0.0870/ -0.0795           -0.0795          -0.1080     0.0048  |       0.1570      0.1988
 134      0.1753        1.0000  |   -0.0998/ -0.0863/ -0.0782           -0.0782          -0.1080     0.0026  |       0.1620      0.1988
 135      0.1753        1.0000  |   -0.0955/ -0.0870/ -0.0791           -0.0791          -0.1080     0.0050  |       0.1634      0.1988
 136      0.1753        1.0000  |   -0.0973/ -0.0876/ -0.0790           -0.0790          -0.1080     0.0036  |       0.1679      0.1988
 137      0.1753        1.0000  |   -0.0955/ -0.0854/ -0.0777           -0.0777          -0.1080     0.0069  |       0.1715      0.1988
 138      0.1759        0.9997  |   -0.1005/ -0.0912/ -0.0846           -0.0846          -0.1131     0.0038  |       0.1713      0.1988
 139      0.1786        0.9940  |   -0.0878/ -0.0753/ -0.0680           -0.0680          -0.1012     0.0044  |       0.1742      0.1988
 140      0.1821        0.9798  |   -0.0882/ -0.0730/ -0.0647           -0.0647          -0.1074     0.0035  |       0.1763      0.1988
 141      0.1747        0.9830  |   -0.0881/ -0.0691/ -0.0611           -0.0611          -0.1046     0.0094  |       0.1777      0.1988
 142      0.1670        0.9447  |   -0.0919/ -0.0629/ -0.0538           -0.0538          -0.0960     0.0032  |       0.1739      0.1988
 143      0.1844        0.9827  |   -0.0791/ -0.0599/ -0.0507           -0.0507          -0.0789     0.0031  |       0.1714      0.1988
 144      0.1640        0.9830  |   -0.1070/ -0.0851/ -0.0766           -0.0766          -0.1214     0.0116  |       0.1739      0.1988
 145      0.1769        0.9335  |   -0.1170/ -0.1070/ -0.0982           -0.0982          -0.1216     0.0098  |       0.1814      0.1988
 146      0.1640        0.9369  |   -0.0862/ -0.0687/ -0.0589           -0.0589          -0.1093     0.0028  |       0.1783      0.1988
 147      0.1648        0.9970  |   -0.1215/ -0.1055/ -0.0977           -0.0977          -0.1409     0.0111  |       0.1806      0.1988
 148      0.1535        0.9691  |   -0.0739/ -0.0548/ -0.0428           -0.0428          -0.1058     0.0058  |       0.1865      0.1988
 149      0.1276        0.9899  |   -0.1307/ -0.1129/ -0.0987           -0.0987          -0.1626     0.0085  |       0.1823      0.1988
 150      0.1251        0.9814  |   -0.1403/ -0.1213/ -0.1096           -0.1096          -0.1639     0.0126  |       0.1889      0.1988
 151      0.0868        0.9610  |   -0.1654/ -0.1488/ -0.1356           -0.1356          -0.1975     0.0085  |       0.1969      0.1988
 152      0.0902        0.9953  |   -0.1358/ -0.1237/ -0.1135           -0.1135          -0.1831     0.0111  |       0.2053      0.1988
 153      0.1033        0.9899  |   -0.1225/ -0.1123/ -0.1051           -0.1051          -0.1794     0.0095  |       0.2161      0.1988
 154      0.0848        0.9804  |   -0.1660/ -0.1523/ -0.1436           -0.1436          -0.2136     0.0098  |       0.2211      0.1988
 155      0.0488        0.9750  |   -0.2855/ -0.2733/ -0.2631           -0.2631          -0.3215     0.0066  |       0.2276      0.1988
 156      0.0746        0.9856  |   -0.2208/ -0.2023/ -0.1920           -0.1920          -0.2439     0.0073  |       0.2336      0.1988
 157      0.0889        0.9916  |   -0.1962/ -0.1824/ -0.1711           -0.1711          -0.2208     0.0103  |       0.2405      0.1988
 158      0.0946        0.9666  |   -0.1752/ -0.1547/ -0.1429           -0.1429          -0.2154     0.0020  |       0.2496      0.1988
 159      0.1030        0.9948  |   -0.1579/ -0.1397/ -0.1315           -0.1315          -0.2105     0.0067  |       0.2506      0.1988
 160      0.0904        0.9954  |   -0.1838/ -0.1615/ -0.1507           -0.1507          -0.2278     0.0045  |       0.2499      0.1988
 161      0.0749        0.9934  |   -0.2407/ -0.2263/ -0.2176           -0.2176          -0.2782     0.0112  |       0.2464      0.1988
 162      0.0781        0.9865  |   -0.1829/ -0.1627/ -0.1525           -0.1525          -0.2265     0.0168  |       0.2484      0.1988
 163      0.0812        0.9840  |   -0.2300/ -0.2147/ -0.2060           -0.2060          -0.2823     0.0132  |       0.2465      0.1988
 164      0.0662        0.9833  |   -0.2777/ -0.2595/ -0.2512           -0.2512          -0.3267     0.0168  |       0.2373      0.1988
 165      0.0589        0.9769  |   -0.3333/ -0.3203/ -0.3122           -0.3122          -0.3777     0.0206  |       0.2335      0.1988
 166      0.0376        0.9791  |   -0.3704/ -0.3529/ -0.3456           -0.3456          -0.4275     0.0210  |       0.2233      0.1988
 167     -0.0011        0.9691  |   -0.3825/ -0.3672/ -0.3620           -0.3620          -0.4752     0.0240  |       0.2117      0.1988
 168     -0.0291        0.9607  |   -0.3248/ -0.3128/ -0.3086           -0.3086          -0.4656     0.0236  |       0.1953      0.1988
 169     -0.0379        0.9735  |   -0.3016/ -0.2897/ -0.2847           -0.2847          -0.4603     0.0272  |       0.1822      0.1988
 170     -0.0283        0.9505  |   -0.2651/ -0.2577/ -0.2537           -0.2537          -0.4071     0.0277  |       0.1673      0.1988
 171     -0.0163        0.9509  |   -0.2917/ -0.2799/ -0.2730           -0.2730          -0.3576     0.0229  |       0.1508      0.1988
 172     -0.0091        0.8754  |   -0.3563/ -0.3467/ -0.3388           -0.3388          -0.3732     0.0117  |       0.1431      0.1988
 173     -0.0067        0.9822  |   -0.3137/ -0.3045/ -0.2969           -0.2969          -0.3453     0.0089  |       0.1400      0.1988
 174     -0.0075        0.9919  |   -0.2940/ -0.2823/ -0.2745           -0.2745          -0.3241     0.0078  |       0.1390      0.1988
 175      0.0008        0.9928  |   -0.3039/ -0.2764/ -0.2689           -0.2689          -0.3094     0.0084  |       0.1367      0.1988
 176      0.0140        0.9887  |   -0.2621/ -0.2508/ -0.2435           -0.2435          -0.2832     0.0101  |       0.1406      0.1988
 177      0.0085        0.9810  |   -0.2483/ -0.2373/ -0.2292           -0.2292          -0.2685     0.0035  |       0.1450      0.1988
 178      0.0148        0.9916  |   -0.2698/ -0.2592/ -0.2524           -0.2524          -0.2890     0.0047  |       0.1427      0.1988
 179      0.0245        0.9906  |   -0.2824/ -0.2703/ -0.2619           -0.2619          -0.2970     0.0046  |       0.1427      0.1988
 180      0.0292        0.9876  |   -0.2795/ -0.2685/ -0.2613           -0.2613          -0.3007     0.0069  |       0.1441      0.1988
 181      0.0369        0.9731  |   -0.2963/ -0.2851/ -0.2775           -0.2775          -0.3032     0.0055  |       0.1479      0.1988
 182      0.0434        0.9820  |   -0.3361/ -0.3264/ -0.3186           -0.3186          -0.3427     0.0033  |       0.1490      0.1988
 183      0.0440        0.9832  |   -0.2925/ -0.2805/ -0.2726           -0.2726          -0.3020     0.0050  |       0.1516      0.1988
 184      0.0521        0.9865  |   -0.3487/ -0.3361/ -0.3291           -0.3291          -0.3557     0.0020  |       0.1509      0.1988
 185      0.0492        0.9910  |   -0.3031/ -0.2927/ -0.2846           -0.2846          -0.3180     0.0036  |       0.1526      0.1988
 186      0.0460        0.9765  |   -0.3133/ -0.3034/ -0.2945           -0.2945          -0.3197     0.0066  |       0.1558      0.1988
 187      0.0480        0.9727  |   -0.2971/ -0.2848/ -0.2762           -0.2762          -0.3040     0.0053  |       0.1526      0.1988
 188      0.0482        0.9719  |   -0.2506/ -0.2389/ -0.2306           -0.2306          -0.2585     0.0028  |       0.1569      0.1988
 189      0.0460        0.9834  |   -0.2831/ -0.2701/ -0.2607           -0.2607          -0.2867     0.0053  |       0.1598      0.1988
 190      0.0479        0.9890  |   -0.2315/ -0.2176/ -0.2086           -0.2086          -0.2403     0.0049  |       0.1607      0.1988
 191      0.0478        0.9822  |   -0.1964/ -0.1867/ -0.1793           -0.1793          -0.2144     0.0040  |       0.1570      0.1988
 192      0.0437        0.9845  |   -0.1841/ -0.1716/ -0.1625           -0.1625          -0.2012     0.0030  |       0.1581      0.1988
 193      0.0320        0.9829  |   -0.2166/ -0.2054/ -0.1968           -0.1968          -0.2295     0.0024  |       0.1572      0.1988
 194      0.0335        0.9829  |   -0.1740/ -0.1585/ -0.1482           -0.1482          -0.2012     0.0031  |       0.1593      0.1988
 195      0.0371        0.9820  |   -0.2030/ -0.1908/ -0.1814           -0.1814          -0.2140     0.0047  |       0.1579      0.1988
 196      0.0158        0.9815  |   -0.2481/ -0.2338/ -0.2242           -0.2242          -0.2513     0.0037  |       0.1539      0.1988
 197      0.0253        0.9871  |   -0.1969/ -0.1828/ -0.1748           -0.1748          -0.2115     0.0038  |       0.1566      0.1988
 198      0.0148        0.9849  |   -0.2181/ -0.2038/ -0.1965           -0.1965          -0.2302     0.0048  |       0.1537      0.1988
 199      0.0157        0.9912  |   -0.2457/ -0.2293/ -0.2193           -0.2193          -0.2484     0.0008  |       0.1543      0.1988
 200      0.0210        0.9970  |   -0.2312/ -0.2164/ -0.2083           -0.2083          -0.2372     0.0031  |       0.1540      0.1988
 201      0.0264        0.9877  |   -0.2570/ -0.2453/ -0.2368           -0.2368          -0.2640     0.0039  |       0.1513      0.1988
 202      0.0216        0.9910  |   -0.2399/ -0.2283/ -0.2205           -0.2205          -0.2530     0.0033  |       0.1533      0.1988
 203      0.0260        0.9898  |   -0.2497/ -0.2407/ -0.2330           -0.2330          -0.2618     0.0030  |       0.1505      0.1988
 204      0.0236        0.9928  |   -0.2502/ -0.2363/ -0.2266           -0.2266          -0.2569     0.0026  |       0.1514      0.1988
 205      0.0296        0.9908  |   -0.2481/ -0.2383/ -0.2309           -0.2309          -0.2586     0.0068  |       0.1537      0.1988
 206      0.0318        0.9841  |   -0.1956/ -0.1814/ -0.1716           -0.1716          -0.2081     0.0039  |       0.1582      0.1988
 207      0.0192        0.9894  |   -0.2167/ -0.2042/ -0.1961           -0.1961          -0.2297     0.0018  |       0.1558      0.1988
 208      0.0267        0.9893  |   -0.1867/ -0.1745/ -0.1661           -0.1661          -0.2006     0.0043  |       0.1572      0.1988
 209      0.0250        0.9942  |   -0.1881/ -0.1773/ -0.1674           -0.1674          -0.2051     0.0069  |       0.1598      0.1988
 210      0.0080        0.9873  |   -0.1974/ -0.1859/ -0.1776           -0.1776          -0.2227     0.0036  |       0.1560      0.1988
 211     -0.0020        0.9905  |   -0.2186/ -0.1996/ -0.1909           -0.1909          -0.2352     0.0052  |       0.1543      0.1988
 212      0.0007        0.9836  |   -0.2332/ -0.2189/ -0.2092           -0.2092          -0.2401     0.0048  |       0.1511      0.1988
 213      0.0016        0.9878  |   -0.2273/ -0.2137/ -0.2057           -0.2057          -0.2494     0.0020  |       0.1479      0.1988
 214      0.0100        0.9958  |   -0.2474/ -0.2300/ -0.2221           -0.2221          -0.2568     0.0055  |       0.1479      0.1988
 215      0.0084        0.9888  |   -0.2388/ -0.2280/ -0.2208           -0.2208          -0.2559     0.0043  |       0.1469      0.1988
 216      0.0202        0.9907  |   -0.2615/ -0.2464/ -0.2381           -0.2381          -0.2759     0.0054  |       0.1447      0.1988
 217      0.0275        0.9921  |   -0.2840/ -0.2714/ -0.2636           -0.2636          -0.2952     0.0023  |       0.1458      0.1988
 218      0.0330        0.9972  |   -0.2896/ -0.2796/ -0.2733           -0.2733          -0.3057     0.0081  |       0.1455      0.1988
 219      0.0433        0.9849  |   -0.3096/ -0.2976/ -0.2911           -0.2911          -0.3093     0.0052  |       0.1471      0.1988
 220      0.0499        0.9737  |   -0.3323/ -0.3229/ -0.3162           -0.3162          -0.3438     0.0040  |       0.1511      0.1988
 221      0.0494        0.9928  |   -0.3234/ -0.3143/ -0.3058           -0.3058          -0.3361     0.0056  |       0.1514      0.1988
 222      0.0515        0.9844  |   -0.3402/ -0.3279/ -0.3203           -0.3203          -0.3432     0.0032  |       0.1542      0.1988
 223      0.0486        0.9841  |   -0.2741/ -0.2631/ -0.2545           -0.2545          -0.2872     0.0079  |       0.1570      0.1988
 224      0.0479        0.9330  |   -0.3204/ -0.3083/ -0.3000           -0.3000          -0.3295     0.0057  |       0.1638      0.1988
 225      0.0401        0.9721  |   -0.2969/ -0.2812/ -0.2731           -0.2731          -0.3277     0.0048  |       0.1693      0.1988
 226      0.0521        0.9733  |   -0.2242/ -0.2069/ -0.1992           -0.1992          -0.3060     0.0086  |       0.1709      0.1988
 227      0.0618        0.9321  |   -0.2643/ -0.2505/ -0.2424           -0.2424          -0.3117     0.0093  |       0.1730      0.1988
 228      0.0631        0.9698  |   -0.1859/ -0.1733/ -0.1664           -0.1664          -0.2649     0.0074  |       0.1779      0.1988
 229      0.0589        0.9829  |   -0.1478/ -0.1279/ -0.1194           -0.1194          -0.2353     0.0119  |       0.1823      0.1988
 230      0.0383        0.9640  |   -0.1223/ -0.1087/ -0.0988           -0.0988          -0.2080     0.0091  |       0.1886      0.1988
 231      0.0364        0.9511  |   -0.1292/ -0.1010/ -0.0924           -0.0924          -0.1995     0.0132  |       0.1946      0.1988
 232      0.0196        0.9507  |   -0.1521/ -0.1342/ -0.1219           -0.1219          -0.1832     0.0038  |       0.2015      0.1988
 233      0.0101        0.9393  |   -0.1422/ -0.1288/ -0.1192           -0.1192          -0.1816     0.0036  |       0.2055      0.1988
 234      0.0245        0.9771  |   -0.1470/ -0.1350/ -0.1249           -0.1249          -0.1678     0.0048  |       0.2037      0.1988
 235      0.0411        0.9728  |   -0.1589/ -0.1477/ -0.1379           -0.1379          -0.1673     0.0062  |       0.1994      0.1988
 236      0.0251        0.9764  |   -0.1682/ -0.1502/ -0.1362           -0.1362          -0.1800     0.0039  |       0.2034      0.1988
 237      0.0152        0.9910  |   -0.1566/ -0.1399/ -0.1291           -0.1291          -0.1831     0.0094  |       0.2036      0.1988
 238      0.0453        0.9680  |   -0.1686/ -0.1584/ -0.1517           -0.1517          -0.1801     0.0052  |       0.1959      0.1988
 239      0.0392        0.9897  |   -0.1519/ -0.1366/ -0.1283           -0.1283          -0.1642     0.0069  |       0.1988      0.1988
 240      0.0262        0.9795  |   -0.1559/ -0.1408/ -0.1311           -0.1311          -0.1802     0.0053  |       0.2031      0.1988
 241      0.0273        0.9865  |   -0.1529/ -0.1406/ -0.1302           -0.1302          -0.1976     0.0052  |       0.2024      0.1988
 242      0.0266        0.9908  |   -0.1572/ -0.1408/ -0.1326           -0.1326          -0.2078     0.0009  |       0.2006      0.1988
 243      0.0286        0.9910  |   -0.1791/ -0.1654/ -0.1573           -0.1573          -0.2228     0.0071  |       0.2000      0.1988
 244      0.0086        0.9600  |   -0.1645/ -0.1495/ -0.1380           -0.1380          -0.2278     0.0064  |       0.2063      0.1988
 245      0.0110        0.9833  |   -0.1487/ -0.1333/ -0.1243           -0.1243          -0.1974     0.0030  |       0.2057      0.1988
 246      0.0224        0.9616  |   -0.1348/ -0.1208/ -0.1117           -0.1117          -0.1945     0.0039  |       0.2084      0.1988
 247      0.0224        0.9662  |   -0.1606/ -0.1465/ -0.1367           -0.1367          -0.2001     0.0037  |       0.2104      0.1988
 248      0.0106        0.9781  |   -0.1240/ -0.1126/ -0.1017           -0.1017          -0.1732     0.0041  |       0.2132      0.1988
 249      0.0177        0.9813  |   -0.1391/ -0.1250/ -0.1172           -0.1172          -0.1729     0.0019  |       0.2104      0.1988
 250      0.0122        0.9879  |   -0.1566/ -0.1384/ -0.1272           -0.1272          -0.1865     0.0063  |       0.2115      0.1988
 251     -0.0049        0.9683  |   -0.1713/ -0.1592/ -0.1491           -0.1491          -0.2169     0.0018  |       0.2166      0.1988
 252      0.0035        0.9914  |   -0.1964/ -0.1756/ -0.1649           -0.1649          -0.2265     0.0102  |       0.2155      0.1988
 253      0.0341        0.9583  |   -0.2361/ -0.2224/ -0.2125           -0.2125          -0.2516     0.0039  |       0.2079      0.1988
 254      0.0206        0.9820  |   -0.2036/ -0.1925/ -0.1810           -0.1810          -0.2280     0.0053  |       0.2108      0.1988
 255      0.0455        0.9824  |   -0.2147/ -0.2024/ -0.1922           -0.1922          -0.2349     0.0070  |       0.2081      0.1988
 256      0.0415        0.9790  |   -0.2900/ -0.2796/ -0.2708           -0.2708          -0.2919     0.0053  |       0.2015      0.1988
 257      0.0355        0.9901  |   -0.2756/ -0.2621/ -0.2537           -0.2537          -0.2877     0.0035  |       0.2033      0.1988
 258      0.0454        0.9844  |   -0.2323/ -0.2228/ -0.2151           -0.2151          -0.2555     0.0006  |       0.2041      0.1988
 259      0.0454        0.9934  |   -0.2092/ -0.1987/ -0.1909           -0.1909          -0.2307     0.0031  |       0.2047      0.1988
 260      0.0408        0.9854  |   -0.2129/ -0.1981/ -0.1870           -0.1870          -0.2447     0.0063  |       0.2075      0.1988
 261      0.0251        0.9851  |   -0.2292/ -0.2136/ -0.2023           -0.2023          -0.2456     0.0035  |       0.2089      0.1988
 262      0.0385        0.9866  |   -0.2012/ -0.1831/ -0.1735           -0.1735          -0.2236     0.0019  |       0.2092      0.1988
 263      0.0256        0.9892  |   -0.2072/ -0.1901/ -0.1789           -0.1789          -0.2319     0.0096  |       0.2094      0.1988
 264      0.0346        0.9861  |   -0.2139/ -0.1985/ -0.1891           -0.1891          -0.2359     0.0049  |       0.2086      0.1988
 265      0.0408        0.9800  |   -0.1631/ -0.1426/ -0.1321           -0.1321          -0.2118     0.0016  |       0.2090      0.1988
 266      0.0520        0.9921  |   -0.1762/ -0.1600/ -0.1508           -0.1508          -0.2177     0.0027  |       0.2079      0.1988
 267      0.0427        0.9899  |   -0.1823/ -0.1702/ -0.1608           -0.1608          -0.2243     0.0040  |       0.2069      0.1988
 268      0.0439        0.9835  |   -0.2259/ -0.2131/ -0.2049           -0.2049          -0.2458     0.0043  |       0.2042      0.1988
 269      0.0425        0.9908  |   -0.2645/ -0.2504/ -0.2410           -0.2410          -0.2768     0.0040  |       0.2053      0.1988
 270      0.0524        0.9902  |   -0.2547/ -0.2441/ -0.2365           -0.2365          -0.2699     0.0032  |       0.2056      0.1988
 271      0.0335        0.9858  |   -0.2259/ -0.2067/ -0.1959           -0.1959          -0.2424     0.0018  |       0.2080      0.1988
 272      0.0392        0.9937  |   -0.2219/ -0.2094/ -0.2005           -0.2005          -0.2466     0.0025  |       0.2087      0.1988
 273      0.0349        0.9910  |   -0.2280/ -0.2141/ -0.2035           -0.2035          -0.2457     0.0017  |       0.2069      0.1988
 274      0.0434        0.9946  |   -0.2269/ -0.2141/ -0.2065           -0.2065          -0.2481     0.0033  |       0.2074      0.1988
 275      0.0388        0.9780  |   -0.2165/ -0.2033/ -0.1908           -0.1908          -0.2381     0.0081  |       0.2103      0.1988
 276      0.0189        0.9767  |   -0.2270/ -0.2115/ -0.2024           -0.2024          -0.2516     0.0088  |       0.2098      0.1988
 277      0.0418        0.9780  |   -0.1712/ -0.1564/ -0.1480           -0.1480          -0.2216     0.0019  |       0.2091      0.1988
 278      0.0279        0.9892  |   -0.1562/ -0.1432/ -0.1332           -0.1332          -0.2079     0.0019  |       0.2108      0.1988
 279      0.0279        0.9905  |   -0.1870/ -0.1758/ -0.1664           -0.1664          -0.2246     0.0034  |       0.2125      0.1988
 280      0.0189        0.9936  |   -0.2016/ -0.1872/ -0.1789           -0.1789          -0.2371     0.0039  |       0.2127      0.1988
 281      0.0034        0.9758  |   -0.2272/ -0.2067/ -0.1973           -0.1973          -0.2393     0.0056  |       0.2139      0.1988
 282      0.0217        0.9714  |   -0.2236/ -0.2069/ -0.1941           -0.1941          -0.2373     0.0062  |       0.2099      0.1988
 283      0.0302        0.9746  |   -0.2764/ -0.2584/ -0.2489           -0.2489          -0.2813     0.0066  |       0.2040      0.1988
 284      0.0530        0.9808  |   -0.2360/ -0.2185/ -0.2107           -0.2107          -0.2436     0.0019  |       0.1995      0.1988
 285      0.0638        0.9930  |   -0.1978/ -0.1822/ -0.1739           -0.1739          -0.2238     0.0044  |       0.1994      0.1988
 286      0.0560        0.9925  |   -0.2299/ -0.2189/ -0.2118           -0.2118          -0.2512     0.0083  |       0.2006      0.1988
 287      0.0431        0.9737  |   -0.2488/ -0.2358/ -0.2264           -0.2264          -0.2609     0.0058  |       0.2065      0.1988
 288      0.0255        0.9792  |   -0.2333/ -0.2200/ -0.2063           -0.2063          -0.2497     0.0001  |       0.2108      0.1988
 289      0.0242        0.9955  |   -0.2074/ -0.1911/ -0.1810           -0.1810          -0.2376     0.0068  |       0.2110      0.1988
 290      0.0273        0.9859  |   -0.2012/ -0.1849/ -0.1763           -0.1763          -0.2258     0.0042  |       0.2105      0.1988
 291      0.0283        0.9876  |   -0.2331/ -0.2204/ -0.2102           -0.2102          -0.2559     0.0058  |       0.2075      0.1988
 292      0.0492        0.9820  |   -0.2206/ -0.2071/ -0.1968           -0.1968          -0.2418     0.0021  |       0.2048      0.1988
 293      0.0443        0.9939  |   -0.2337/ -0.2205/ -0.2120           -0.2120          -0.2565     0.0025  |       0.2052      0.1988
 294      0.0509        0.9929  |   -0.2332/ -0.2187/ -0.2104           -0.2104          -0.2561     0.0057  |       0.2043      0.1988
 295      0.0311        0.9747  |   -0.2072/ -0.1891/ -0.1803           -0.1803          -0.2344     0.0018  |       0.2088      0.1988
 296      0.0281        0.9923  |   -0.2151/ -0.2032/ -0.1947           -0.1947          -0.2426     0.0005  |       0.2097      0.1988
 297      0.0182        0.9901  |   -0.1933/ -0.1796/ -0.1704           -0.1704          -0.2331     0.0013  |       0.2102      0.1988
 298      0.0157        0.9918  |   -0.2215/ -0.2081/ -0.1985           -0.1985          -0.2500     0.0053  |       0.2095      0.1988
 299      0.0373        0.9855  |   -0.2380/ -0.2249/ -0.2159           -0.2159          -0.2549     0.0050  |       0.2065      0.1988
IMAGEIO FFMPEG_WRITER WARNING: input image is not divisible by macro_block_size=16, resizing from (320, 180) to (320, 192) to ensure video compatibility with most codecs and players. To prevent resizing, make your input image divisible by the macro_block_size or set the macro_block_size to 1 (risking incompatibility).

Saved 300 frames -> /home/ashwink/Documents/swms/SWM_copy/rollouts_5_per/expert+subopt/epoch0/epoch0_rollout3_failure.mp4
min dist(green_cube,blue_moon) over episode = 0.1988  ->  FAILURE
Full log written to /home/ashwink/Documents/swms/SWM_copy/rollouts_5_per/expert+subopt/epoch0/epoch0_rollout3_20260723_115243.log
Result json -> /home/ashwink/Documents/swms/SWM_copy/rollouts_5_per/expert+subopt/epoch0/epoch0_rollout3_result.json
