Checkpoint dir epoch: 0  Rollout: 1
Logging to /home/ashwink/Documents/swms/SWM_copy/rollouts_5_per/expert+subopt/epoch0/epoch0_rollout1_20260723_114935.log
Goal (fixed, steps 0-299): the green cube is touching the blue moon. the peg is touching the green cube.

Checkpoint: /home/ashwink/Documents/swms/SWM_copy/training/checkpoints_clip_full_fine-tuned_with_subopt_data/epoch_000.pt
  epoch=0  step=1686

Loading CLIP ViT-L/14 (datacomp_xl_s13b_b90k) + fine-tuned clip_state_dict ...
Parsing model identifier. Schema: None, Identifier: ViT-L-14
Loaded built-in ViT-L-14 model config.
Instantiating model architecture: CLIP
Loading full pretrained weights from: /home/ashwink/.cache/huggingface/hub/models--laion--CLIP-ViT-L-14-DataComp.XL-s13B-b90K/snapshots/84c9828e63dc9a9351d1fe637c346d4c1c4db341/open_clip_pytorch_model.bin
Final image preprocessing configuration set: {'size': (224, 224), 'mode': 'RGB', 'mean': (0.48145466, 0.4578275, 0.40821073), 'std': (0.26862954, 0.26130258, 0.27577711), 'interpolation': 'bicubic', 'resize_mode': 'shortest', 'fill_color': 0}
Model ViT-L-14 creation process complete.
Parsing tokenizer identifier. Schema: None, Identifier: ViT-L-14
Attempting to load config from built-in: ViT-L-14
Using default SimpleTokenizer.
z_star shape: torch.Size([768])

Loading action stats from /home/ashwink/full_data_5000/langtable/demos/ ...
  lo=[-0.03372681140899658, -0.03493623435497284]  hi=[0.03496786952018738, 0.03494429588317871]

Initializing LangTable env ...
Loading URDF plane.urdf
Loading URDF /home/ashwink/Documents/swms/.venv/lib/python3.10/site-packages/language_table/environments/utils/../../../language_table/environments/assets/workspace_real.urdf
Loading URDF xarm/xarm6_robot_white.urdf
Loading URDF /home/ashwink/Documents/swms/.venv/lib/python3.10/site-packages/language_table/environments/utils/../../../language_table/environments/assets/suction/cylinder_real.urdf
Loading URDF /home/ashwink/Documents/swms/.venv/lib/python3.10/site-packages/language_table/environments/utils/../../../language_table/environments/assets/blocks/red_moon.urdf
Loading URDF /home/ashwink/Documents/swms/.venv/lib/python3.10/site-packages/language_table/environments/utils/../../../language_table/environments/assets/blocks/red_cube.urdf
Loading URDF /home/ashwink/Documents/swms/.venv/lib/python3.10/site-packages/language_table/environments/utils/../../../language_table/environments/assets/blocks/red_star.urdf
Loading URDF /home/ashwink/Documents/swms/.venv/lib/python3.10/site-packages/language_table/environments/utils/../../../language_table/environments/assets/blocks/red_pentagon.urdf
Loading URDF /home/ashwink/Documents/swms/.venv/lib/python3.10/site-packages/language_table/environments/utils/../../../language_table/environments/assets/blocks/blue_moon.urdf
Loading URDF /home/ashwink/Documents/swms/.venv/lib/python3.10/site-packages/language_table/environments/utils/../../../language_table/environments/assets/blocks/blue_cube.urdf
Loading URDF /home/ashwink/Documents/swms/.venv/lib/python3.10/site-packages/language_table/environments/utils/../../../language_table/environments/assets/blocks/blue_star.urdf
Loading URDF /home/ashwink/Documents/swms/.venv/lib/python3.10/site-packages/language_table/environments/utils/../../../language_table/environments/assets/blocks/blue_pentagon.urdf
Loading URDF /home/ashwink/Documents/swms/.venv/lib/python3.10/site-packages/language_table/environments/utils/../../../language_table/environments/assets/blocks/yellow_moon.urdf
Loading URDF /home/ashwink/Documents/swms/.venv/lib/python3.10/site-packages/language_table/environments/utils/../../../language_table/environments/assets/blocks/yellow_cube.urdf
Loading URDF /home/ashwink/Documents/swms/.venv/lib/python3.10/site-packages/language_table/environments/utils/../../../language_table/environments/assets/blocks/yellow_star.urdf
Loading URDF /home/ashwink/Documents/swms/.venv/lib/python3.10/site-packages/language_table/environments/utils/../../../language_table/environments/assets/blocks/yellow_pentagon.urdf
Loading URDF /home/ashwink/Documents/swms/.venv/lib/python3.10/site-packages/language_table/environments/utils/../../../language_table/environments/assets/blocks/green_moon.urdf
Loading URDF /home/ashwink/Documents/swms/.venv/lib/python3.10/site-packages/language_table/environments/utils/../../../language_table/environments/assets/blocks/green_cube.urdf
Loading URDF /home/ashwink/Documents/swms/.venv/lib/python3.10/site-packages/language_table/environments/utils/../../../language_table/environments/assets/blocks/green_star.urdf
Loading URDF /home/ashwink/Documents/swms/.venv/lib/python3.10/site-packages/language_table/environments/utils/../../../language_table/environments/assets/blocks/green_pentagon.urdf
Loading URDF /home/ashwink/Documents/swms/.venv/lib/python3.10/site-packages/language_table/environments/utils/../../../language_table/environments/assets/blocks/purple_moon.urdf
Loading URDF /home/ashwink/Documents/swms/.venv/lib/python3.10/site-packages/language_table/environments/utils/../../../language_table/environments/assets/blocks/purple_cube.urdf
Loading URDF /home/ashwink/Documents/swms/.venv/lib/python3.10/site-packages/language_table/environments/utils/../../../language_table/environments/assets/blocks/purple_star.urdf
Loading URDF /home/ashwink/Documents/swms/.venv/lib/python3.10/site-packages/language_table/environments/utils/../../../language_table/environments/assets/blocks/purple_pentagon.urdf
Env ready.

Forced peg start: [0.42843915 0.24419614]  (green_cube=[0.40339102 0.18967466], blue_moon=[0.32039625 0.00902261])
  dist(peg,green_cube)=0.0600  dist(peg,blue_moon)=0.2588  dist(green_cube,blue_moon)=0.1988

step  cos(zt,z*)  cos(zt,zt-1)  |   cos(predK,z*) min/mean/max  cos(pred_sel,z*)   cos(zpred0,z*)  ||a_raw||  |  dist(peg,A)   dist(A,B)
-------------------------------------------------------------------------------------------------------------------------------------------------------------------------------
   0      0.1986           nan  |    0.0824/  0.0939/  0.0994            0.0994           0.0621     0.0117  |       0.0587      0.1988
   1      0.2045        0.9972  |    0.0604/  0.0724/  0.0794            0.0794           0.0513     0.0026  |       0.0675      0.1988
   2      0.2073        0.9977  |    0.0555/  0.0667/  0.0745            0.0745           0.0512     0.0072  |       0.0706      0.1988
   3      0.2030        0.9971  |    0.0279/  0.0429/  0.0495            0.0495           0.0275     0.0037  |       0.0735      0.1988
   4      0.1985        0.9981  |    0.0320/  0.0513/  0.0607            0.0607           0.0339     0.0034  |       0.0771      0.1988
   5      0.1942        0.9981  |    0.0071/  0.0199/  0.0277            0.0277          -0.0024     0.0012  |       0.0746      0.1988
   6      0.1984        0.9986  |    0.0456/  0.0553/  0.0634            0.0634           0.0353     0.0079  |       0.0737      0.1988
   7      0.1901        0.9956  |   -0.0016/  0.0089/  0.0161            0.0161          -0.0131     0.0081  |       0.0773      0.1988
   8      0.1799        0.9950  |   -0.0339/ -0.0226/ -0.0144           -0.0144          -0.0414     0.0025  |       0.0803      0.1988
   9      0.1839        0.9988  |   -0.0391/ -0.0252/ -0.0158           -0.0158          -0.0433     0.0048  |       0.0788      0.1988
  10      0.1808        0.9971  |   -0.0249/ -0.0110/ -0.0038           -0.0038          -0.0352     0.0093  |       0.0810      0.1988
  11      0.1811        0.9971  |   -0.0568/ -0.0384/ -0.0319           -0.0319          -0.0623     0.0018  |       0.0851      0.1988
  12      0.1801        0.9991  |   -0.0712/ -0.0621/ -0.0556           -0.0556          -0.0850     0.0058  |       0.0862      0.1988
  13      0.1798        0.9985  |   -0.0410/ -0.0289/ -0.0226           -0.0226          -0.0537     0.0014  |       0.0829      0.1988
  14      0.1844        0.9986  |   -0.0274/ -0.0177/ -0.0101           -0.0101          -0.0395     0.0093  |       0.0821      0.1988
  15      0.1942        0.9961  |    0.0173/  0.0280/  0.0358            0.0358           0.0051     0.0017  |       0.0762      0.1988
  16      0.1959        0.9997  |    0.0289/  0.0416/  0.0499            0.0499           0.0134     0.0066  |       0.0769      0.1988
  17      0.1858        0.9955  |   -0.0299/ -0.0226/ -0.0158           -0.0158          -0.0424     0.0028  |       0.0829      0.1988
  18      0.1820        0.9986  |   -0.0587/ -0.0488/ -0.0414           -0.0414          -0.0701     0.0073  |       0.0853      0.1988
  19      0.1752        0.9959  |   -0.0983/ -0.0858/ -0.0805           -0.0805          -0.1083     0.0073  |       0.0920      0.1988
  20      0.1752        1.0000  |   -0.0986/ -0.0865/ -0.0800           -0.0800          -0.1084     0.0050  |       0.0943      0.1988
  21      0.1752        1.0000  |   -0.0984/ -0.0866/ -0.0789           -0.0789          -0.1083     0.0066  |       0.0931      0.1988
  22      0.1752        1.0000  |   -0.0936/ -0.0858/ -0.0796           -0.0796          -0.1083     0.0023  |       0.0961      0.1988
  23      0.1752        1.0000  |   -0.0937/ -0.0836/ -0.0780           -0.0780          -0.1083     0.0045  |       0.0983      0.1988
  24      0.1752        1.0000  |   -0.0954/ -0.0861/ -0.0790           -0.0790          -0.1079     0.0054  |       0.0944      0.1988
  25      0.1755        0.9991  |   -0.0824/ -0.0743/ -0.0670           -0.0670          -0.0991     0.0046  |       0.0923      0.1988
  26      0.1744        0.9995  |   -0.0959/ -0.0869/ -0.0801           -0.0801          -0.1095     0.0065  |       0.0945      0.1988
  27      0.1755        0.9987  |   -0.0783/ -0.0695/ -0.0622           -0.0622          -0.0924     0.0076  |       0.0927      0.1988
  28      0.1752        0.9985  |   -0.0956/ -0.0862/ -0.0802           -0.0802          -0.1084     0.0021  |       0.0994      0.1988
  29      0.1753        1.0000  |   -0.0971/ -0.0871/ -0.0796           -0.0796          -0.1080     0.0061  |       0.1013      0.1988
  30      0.1752        1.0000  |   -0.0968/ -0.0868/ -0.0799           -0.0799          -0.1084     0.0007  |       0.1057      0.1988
  31      0.1752        1.0000  |   -0.0913/ -0.0845/ -0.0787           -0.0787          -0.1083     0.0053  |       0.1055      0.1988
  32      0.1752        1.0000  |   -0.1036/ -0.0849/ -0.0790           -0.0790          -0.1085     0.0049  |       0.1019      0.1988
  33      0.1752        1.0000  |   -0.1044/ -0.0864/ -0.0799           -0.0799          -0.1085     0.0026  |       0.1041      0.1988
  34      0.1752        1.0000  |   -0.0978/ -0.0880/ -0.0805           -0.0805          -0.1085     0.0043  |       0.1051      0.1988
  35      0.1752        1.0000  |   -0.0942/ -0.0868/ -0.0806           -0.0806          -0.1085     0.0035  |       0.1032      0.1988
  36      0.1752        1.0000  |   -0.0950/ -0.0851/ -0.0799           -0.0799          -0.1083     0.0067  |       0.1056      0.1988
  37      0.1752        1.0000  |   -0.0949/ -0.0855/ -0.0780           -0.0780          -0.1083     0.0044  |       0.1068      0.1988
  38      0.1752        1.0000  |   -0.0966/ -0.0859/ -0.0786           -0.0786          -0.1083     0.0069  |       0.1029      0.1988
  39      0.1752        1.0000  |   -0.0954/ -0.0855/ -0.0789           -0.0789          -0.1083     0.0062  |       0.1022      0.1988
  40      0.1752        1.0000  |   -0.0936/ -0.0850/ -0.0793           -0.0793          -0.1083     0.0019  |       0.1008      0.1988
  41      0.1752        1.0000  |   -0.0957/ -0.0862/ -0.0798           -0.0798          -0.1083     0.0072  |       0.1015      0.1988
  42      0.1752        1.0000  |   -0.0957/ -0.0847/ -0.0785           -0.0785          -0.1083     0.0036  |       0.1068      0.1988
  43      0.1752        1.0000  |   -0.0964/ -0.0869/ -0.0805           -0.0805          -0.1083     0.0090  |       0.1084      0.1988
  44      0.1752        1.0000  |   -0.0948/ -0.0855/ -0.0786           -0.0786          -0.1083     0.0043  |       0.1122      0.1988
  45      0.1752        1.0000  |   -0.0942/ -0.0849/ -0.0786           -0.0786          -0.1083     0.0044  |       0.1158      0.1988
  46      0.1752        1.0000  |   -0.0924/ -0.0836/ -0.0781           -0.0781          -0.1083     0.0032  |       0.1175      0.1988
  47      0.1752        1.0000  |   -0.0955/ -0.0862/ -0.0785           -0.0785          -0.1083     0.0083  |       0.1191      0.1988
  48      0.1752        1.0000  |   -0.0937/ -0.0849/ -0.0787           -0.0787          -0.1083     0.0053  |       0.1256      0.1988
  49      0.1752        1.0000  |   -0.0966/ -0.0860/ -0.0790           -0.0790          -0.1083     0.0053  |       0.1300      0.1988
  50      0.1752        1.0000  |   -0.0955/ -0.0878/ -0.0800           -0.0800          -0.1083     0.0071  |       0.1334      0.1988
  51      0.1752        1.0000  |   -0.0952/ -0.0840/ -0.0780           -0.0780          -0.1083     0.0016  |       0.1382      0.1988
  52      0.1752        1.0000  |   -0.0910/ -0.0832/ -0.0774           -0.0774          -0.1084     0.0053  |       0.1373      0.1988
  53      0.1752        1.0000  |   -0.0918/ -0.0825/ -0.0771           -0.0771          -0.1084     0.0027  |       0.1367      0.1988
  54      0.1883        0.9954  |   -0.0435/ -0.0347/ -0.0287           -0.0287          -0.0589     0.0025  |       0.1346      0.1988
  55      0.2020        0.9912  |    0.0491/  0.0666/  0.0755            0.0755           0.0406     0.0059  |       0.1327      0.1988
  56      0.1752        0.9812  |   -0.1048/ -0.0947/ -0.0873           -0.0873          -0.1084     0.0118  |       0.1361      0.1988
  57      0.1752        1.0000  |   -0.1061/ -0.0930/ -0.0856           -0.0856          -0.1084     0.0065  |       0.1362      0.1988
  58      0.1752        1.0000  |   -0.0991/ -0.0879/ -0.0813           -0.0813          -0.1084     0.0060  |       0.1404      0.1988
  59      0.1752        1.0000  |   -0.0977/ -0.0889/ -0.0813           -0.0813          -0.1084     0.0114  |       0.1456      0.1988
  60      0.1752        1.0000  |   -0.0961/ -0.0876/ -0.0814           -0.0814          -0.1084     0.0074  |       0.1528      0.1988
  61      0.1854        0.9968  |   -0.0825/ -0.0715/ -0.0648           -0.0648          -0.0883     0.0066  |       0.1569      0.1988
  62      0.1966        0.9732  |    0.0110/  0.0263/  0.0375            0.0375           0.0025     0.0058  |       0.1526      0.1988
  63      0.1924        0.9938  |    0.0344/  0.0493/  0.0595            0.0595           0.0223     0.0023  |       0.1470      0.1988
  64      0.1919        0.9957  |   -0.0052/  0.0089/  0.0169            0.0169          -0.0156     0.0079  |       0.1486      0.1988
  65      0.1962        0.9949  |    0.0126/  0.0291/  0.0394            0.0394           0.0064     0.0080  |       0.1415      0.1988
  66      0.2043        0.9961  |    0.0326/  0.0505/  0.0591            0.0591           0.0321     0.0055  |       0.1343      0.1988
  67      0.2198        0.9886  |    0.1336/  0.1508/  0.1594            0.1594           0.1210     0.0121  |       0.1290      0.1988
  68      0.2049        0.9713  |    0.0181/  0.0290/  0.0383            0.0383           0.0139     0.0104  |       0.1202      0.1988
  69      0.2079        0.9935  |    0.0248/  0.0427/  0.0513            0.0513           0.0145     0.0055  |       0.1102      0.1988
  70      0.1752        0.9826  |   -0.1097/ -0.0934/ -0.0854           -0.0854          -0.1081     0.0029  |       0.1091      0.1988
  71      0.1752        1.0000  |   -0.1003/ -0.0902/ -0.0833           -0.0833          -0.1081     0.0026  |       0.1117      0.1988
  72      0.1752        1.0000  |   -0.1016/ -0.0894/ -0.0815           -0.0815          -0.1081     0.0050  |       0.1131      0.1988
  73      0.1752        1.0000  |   -0.0934/ -0.0848/ -0.0784           -0.0784          -0.1081     0.0043  |       0.1178      0.1988
  74      0.1752        1.0000  |   -0.0903/ -0.0807/ -0.0759           -0.0759          -0.1081     0.0058  |       0.1180      0.1988
  75      0.2007        0.9941  |   -0.0016/  0.0069/  0.0134            0.0134          -0.0108     0.0065  |       0.1163      0.1988
  76      0.2222        0.9633  |    0.1368/  0.1508/  0.1616            0.1616           0.1307     0.0052  |       0.1180      0.1988
  77      0.2027        0.9775  |    0.0523/  0.0705/  0.0800            0.0800           0.0365     0.0049  |       0.1172      0.1988
  78      0.2188        0.9810  |    0.1081/  0.1208/  0.1272            0.1272           0.0967     0.0055  |       0.1129      0.1988
  79      0.2203        0.9942  |    0.0588/  0.0739/  0.0826            0.0826           0.0582     0.0068  |       0.1079      0.1988
  80      0.1752        0.9626  |   -0.1074/ -0.0938/ -0.0854           -0.0854          -0.1081     0.0063  |       0.1092      0.1988
  81      0.2045        0.9902  |    0.0195/  0.0311/  0.0395            0.0395           0.0102     0.0094  |       0.1040      0.1988
  82      0.1752        0.9902  |   -0.0990/ -0.0892/ -0.0817           -0.0817          -0.1081     0.0057  |       0.0985      0.1988
  83      0.1752        1.0000  |   -0.0983/ -0.0856/ -0.0783           -0.0783          -0.1081     0.0008  |       0.1006      0.1988
  84      0.1752        1.0000  |   -0.0982/ -0.0863/ -0.0790           -0.0790          -0.1081     0.0030  |       0.1014      0.1988
  85      0.1752        1.0000  |   -0.0982/ -0.0868/ -0.0797           -0.0797          -0.1081     0.0012  |       0.1037      0.1988
  86      0.1752        1.0000  |   -0.0977/ -0.0863/ -0.0797           -0.0797          -0.1081     0.0069  |       0.1031      0.1988
  87      0.1752        1.0000  |   -0.1007/ -0.0885/ -0.0805           -0.0805          -0.1081     0.0097  |       0.1091      0.1988
  88      0.1753        1.0000  |   -0.0966/ -0.0858/ -0.0793           -0.0793          -0.1080     0.0039  |       0.1131      0.1988
  89      0.1753        1.0000  |   -0.0958/ -0.0847/ -0.0782           -0.0782          -0.1080     0.0056  |       0.1170      0.1988
  90      0.1753        1.0000  |   -0.0941/ -0.0842/ -0.0767           -0.0767          -0.1080     0.0024  |       0.1216      0.1988
  91      0.1753        1.0000  |   -0.0987/ -0.0854/ -0.0784           -0.0784          -0.1080     0.0065  |       0.1235      0.1988
  92      0.2051        0.9939  |    0.0068/  0.0192/  0.0269            0.0269           0.0024     0.0030  |       0.1220      0.1988
  93      0.1753        0.9939  |   -0.0952/ -0.0861/ -0.0796           -0.0796          -0.1080     0.0070  |       0.1242      0.1988
  94      0.1753        1.0000  |   -0.0999/ -0.0874/ -0.0810           -0.0810          -0.1080     0.0093  |       0.1304      0.1988
  95      0.1753        1.0000  |   -0.0943/ -0.0857/ -0.0788           -0.0788          -0.1080     0.0048  |       0.1392      0.1988
  96      0.1753        1.0000  |   -0.0924/ -0.0839/ -0.0781           -0.0781          -0.1080     0.0051  |       0.1439      0.1988
  97      0.1753        1.0000  |   -0.0937/ -0.0842/ -0.0774           -0.0774          -0.1080     0.0037  |       0.1483      0.1988
  98      0.1753        1.0000  |   -0.0929/ -0.0842/ -0.0787           -0.0787          -0.1080     0.0025  |       0.1517      0.1988
  99      0.1753        1.0000  |   -0.0959/ -0.0860/ -0.0779           -0.0779          -0.1080     0.0054  |       0.1541      0.1988
 100      0.1753        1.0000  |   -0.0969/ -0.0878/ -0.0796           -0.0796          -0.1080     0.0079  |       0.1514      0.1988
 101      0.1865        0.9908  |   -0.0306/ -0.0194/ -0.0110           -0.0110          -0.0439     0.0057  |       0.1541      0.1988
 102      0.1753        0.9908  |   -0.0972/ -0.0870/ -0.0809           -0.0809          -0.1080     0.0014  |       0.1539      0.1988
 103      0.1753        1.0000  |   -0.0960/ -0.0864/ -0.0799           -0.0799          -0.1080     0.0069  |       0.1547      0.1988
 104      0.1879        0.9894  |   -0.0278/ -0.0197/ -0.0127           -0.0127          -0.0475     0.0027  |       0.1514      0.1988
 105      0.1865        0.9992  |   -0.0313/ -0.0180/ -0.0111           -0.0111          -0.0439     0.0081  |       0.1536      0.1988
 106      0.1959        0.9817  |   -0.0155/  0.0198/  0.0266            0.0266          -0.0054     0.0084  |       0.1495      0.1988
 107      0.1866        0.9829  |   -0.0325/ -0.0187/ -0.0087           -0.0087          -0.0456     0.0045  |       0.1493      0.1988
 108      0.1753        0.9900  |   -0.1087/ -0.0951/ -0.0869           -0.0869          -0.1080     0.0044  |       0.1483      0.1988
 109      0.1753        1.0000  |   -0.1045/ -0.0939/ -0.0852           -0.0852          -0.1080     0.0044  |       0.1444      0.1988
 110      0.1857        0.9969  |   -0.0875/ -0.0738/ -0.0667           -0.0667          -0.0913     0.0033  |       0.1463      0.1988
 111      0.1852        0.9996  |   -0.0717/ -0.0627/ -0.0553           -0.0553          -0.0819     0.0084  |       0.1434      0.1988
 112      0.1986        0.9721  |    0.0278/  0.0510/  0.0625            0.0625           0.0240     0.0066  |       0.1474      0.1988
 113      0.1938        0.9899  |    0.0799/  0.0997/  0.1084            0.1084           0.0526     0.0089  |       0.1436      0.1988
 114      0.1913        0.9940  |    0.0266/  0.0394/  0.0472            0.0472           0.0189     0.0110  |       0.1357      0.1988
 115      0.2099        0.9878  |    0.0820/  0.0962/  0.1037            0.1037           0.0837     0.0039  |       0.1256      0.1988
 116      0.2120        0.9899  |    0.1063/  0.1177/  0.1265            0.1265           0.0892     0.0056  |       0.1244      0.1988
 117      0.2055        0.9714  |    0.0234/  0.0336/  0.0409            0.0409           0.0157     0.0058  |       0.1223      0.1988
 118      0.1753        0.9922  |   -0.1021/ -0.0916/ -0.0838           -0.0838          -0.1080     0.0044  |       0.1183      0.1988
 119      0.2021        0.9939  |   -0.0040/  0.0050/  0.0132            0.0132          -0.0117     0.0096  |       0.1140      0.1988
 120      0.2207        0.9664  |    0.1252/  0.1366/  0.1462            0.1462           0.1186     0.0054  |       0.1067      0.1988
 121      0.2255        0.9923  |    0.0956/  0.1080/  0.1160            0.1160           0.0870     0.0068  |       0.1020      0.1988
 122      0.2154        0.9848  |    0.0681/  0.0834/  0.0924            0.0924           0.0530     0.0062  |       0.0972      0.1988
 123      0.1753        0.9788  |   -0.1100/ -0.0971/ -0.0884           -0.0884          -0.1080     0.0111  |       0.0935      0.1988
 124      0.1753        1.0000  |   -0.0966/ -0.0887/ -0.0821           -0.0821          -0.1080     0.0060  |       0.0848      0.1988
 125      0.1753        1.0000  |   -0.0961/ -0.0868/ -0.0792           -0.0792          -0.1080     0.0063  |       0.0893      0.1988
 126      0.1753        1.0000  |   -0.0962/ -0.0858/ -0.0786           -0.0786          -0.1080     0.0102  |       0.0953      0.1988
 127      0.2057        0.9793  |    0.0456/  0.0604/  0.0734            0.0734           0.0217     0.0037  |       0.0921      0.1988
 128      0.2298        0.9663  |    0.1858/  0.2002/  0.2106            0.2106           0.1747     0.0047  |       0.0916      0.1988
 129      0.2215        0.9926  |    0.1458/  0.1789/  0.1872            0.1872           0.1533     0.0088  |       0.0873      0.1988
 130      0.2181        0.9855  |    0.1608/  0.1731/  0.1822            0.1822           0.1453     0.0091  |       0.0827      0.1988
 131      0.1789        0.9592  |   -0.0953/ -0.0844/ -0.0733           -0.0733          -0.0962     0.0045  |       0.0774      0.1988
 132      0.1650        0.9955  |   -0.0980/ -0.0875/ -0.0782           -0.0782          -0.1090     0.0084  |       0.0739      0.1988
 133      0.2065        0.9647  |    0.1022/  0.1186/  0.1289            0.1289           0.0985     0.0090  |       0.0664      0.1988
 134      0.1688        0.9646  |   -0.0890/ -0.0784/ -0.0703           -0.0703          -0.0947     0.0063  |       0.0724      0.1988
 135      0.1753        0.9954  |   -0.0978/ -0.0859/ -0.0791           -0.0791          -0.1080     0.0042  |       0.0768      0.1988
 136      0.2094        0.9723  |    0.0567/  0.0708/  0.0816            0.0816           0.0439     0.0068  |       0.0760      0.1988
 137      0.2366        0.9693  |    0.2371/  0.2525/  0.2624            0.2624           0.2248     0.0047  |       0.0703      0.1988
 138      0.2322        0.9924  |    0.2758/  0.2905/  0.3004            0.3004           0.2644     0.0090  |       0.0656      0.1988
 139      0.2228        0.9836  |    0.2327/  0.2459/  0.2542            0.2542           0.2078     0.0026  |       0.0612      0.1988
 140      0.2059        0.9828  |    0.1086/  0.1345/  0.1423            0.1423           0.0987     0.0088  |       0.0590      0.1988
 141      0.1800        0.9763  |   -0.0124/  0.0041/  0.0124            0.0124          -0.0206     0.0115  |       0.0611      0.1988
 142      0.1811        0.9981  |   -0.0210/  0.0105/  0.0189            0.0189          -0.0099     0.0104  |       0.0638      0.1988
 143      0.1859        0.9979  |    0.0051/  0.0152/  0.0221            0.0221          -0.0150     0.0094  |       0.0598      0.1988
 144      0.1843        0.9990  |   -0.0132/  0.0055/  0.0127            0.0127          -0.0226     0.0058  |       0.0654      0.1988
 145      0.1887        0.9983  |    0.0148/  0.0258/  0.0347            0.0347          -0.0009     0.0025  |       0.0607      0.1988
 146      0.1886        0.9996  |   -0.0002/  0.0231/  0.0316            0.0316          -0.0048     0.0076  |       0.0599      0.1988
 147      0.1887        0.9979  |   -0.0111/  0.0133/  0.0206            0.0206          -0.0096     0.0029  |       0.0668      0.1988
 148      0.1896        0.9993  |    0.0061/  0.0192/  0.0289            0.0289          -0.0038     0.0074  |       0.0647      0.1988
 149      0.1930        0.9991  |    0.0132/  0.0251/  0.0350            0.0350           0.0005     0.0069  |       0.0700      0.1988
 150      0.1870        0.9985  |   -0.0145/  0.0031/  0.0101            0.0101          -0.0232     0.0045  |       0.0685      0.1988
 151      0.1867        0.9992  |   -0.0139/  0.0001/  0.0070            0.0070          -0.0249     0.0027  |       0.0699      0.1988
 152      0.1887        0.9992  |   -0.0081/  0.0121/  0.0189            0.0189          -0.0175     0.0107  |       0.0693      0.1988
 153      0.1944        0.9967  |    0.0224/  0.0346/  0.0415            0.0415           0.0040     0.0027  |       0.0787      0.1988
 154      0.1883        0.9981  |   -0.0059/  0.0058/  0.0128            0.0128          -0.0218     0.0044  |       0.0797      0.1988
 155      0.1948        0.9987  |    0.0089/  0.0185/  0.0273            0.0273          -0.0060     0.0039  |       0.0773      0.1988
 156      0.1899        0.9984  |   -0.0046/  0.0114/  0.0197            0.0197          -0.0115     0.0041  |       0.0807      0.1988
 157      0.1850        0.9948  |   -0.0449/ -0.0366/ -0.0303           -0.0303          -0.0574     0.0090  |       0.0843      0.1988
 158      0.1752        0.9950  |   -0.0927/ -0.0827/ -0.0767           -0.0767          -0.1079     0.0058  |       0.0926      0.1988
 159      0.1749        0.9971  |   -0.0660/ -0.0595/ -0.0540           -0.0540          -0.0869     0.0017  |       0.0879      0.1988
 160      0.1825        0.9964  |   -0.0602/ -0.0515/ -0.0442           -0.0442          -0.0753     0.0048  |       0.0860      0.1988
 161      0.1762        0.9965  |   -0.0811/ -0.0709/ -0.0631           -0.0631          -0.0942     0.0030  |       0.0901      0.1988
 162      0.1762        1.0000  |   -0.0793/ -0.0705/ -0.0624           -0.0624          -0.0942     0.0025  |       0.0901      0.1988
 163      0.1763        0.9994  |   -0.0849/ -0.0705/ -0.0645           -0.0645          -0.0966     0.0036  |       0.0902      0.1988
 164      0.1780        0.9998  |   -0.0817/ -0.0719/ -0.0654           -0.0654          -0.0941     0.0054  |       0.0903      0.1988
 165      0.1855        0.9971  |   -0.0582/ -0.0487/ -0.0419           -0.0419          -0.0681     0.0035  |       0.0878      0.1988
 166      0.1854        1.0000  |   -0.0552/ -0.0462/ -0.0401           -0.0401          -0.0681     0.0030  |       0.0878      0.1988
 167      0.1859        0.9976  |   -0.0363/ -0.0166/ -0.0083           -0.0083          -0.0368     0.0052  |       0.0851      0.1988
 168      0.1834        0.9994  |   -0.0373/ -0.0235/ -0.0165           -0.0165          -0.0472     0.0020  |       0.0874      0.1988
 169      0.1843        0.9993  |   -0.0537/ -0.0418/ -0.0356           -0.0356          -0.0637     0.0027  |       0.0886      0.1988
 170      0.1807        0.9983  |   -0.0728/ -0.0638/ -0.0558           -0.0558          -0.0840     0.0035  |       0.0903      0.1988
 171      0.1755        0.9967  |   -0.0794/ -0.0712/ -0.0631           -0.0631          -0.0921     0.0078  |       0.0933      0.1988
 172      0.1765        0.9991  |   -0.0890/ -0.0745/ -0.0677           -0.0677          -0.0966     0.0029  |       0.0945      0.1988
 173      0.1757        0.9999  |   -0.0854/ -0.0739/ -0.0677           -0.0677          -0.0986     0.0039  |       0.0965      0.1988
 174      0.1743        0.9995  |   -0.0990/ -0.0880/ -0.0819           -0.0819          -0.1097     0.0092  |       0.0990      0.1988
 175      0.1743        1.0000  |   -0.0957/ -0.0877/ -0.0809           -0.0809          -0.1097     0.0064  |       0.0991      0.1988
 176      0.1753        0.9998  |   -0.0981/ -0.0860/ -0.0798           -0.0798          -0.1080     0.0083  |       0.1040      0.1988
 177      0.1753        1.0000  |   -0.0994/ -0.0873/ -0.0819           -0.0819          -0.1080     0.0080  |       0.1032      0.1988
 178      0.1753        1.0000  |   -0.0971/ -0.0849/ -0.0786           -0.0786          -0.1080     0.0073  |       0.1023      0.1988
 179      0.1753        1.0000  |   -0.0918/ -0.0834/ -0.0783           -0.0783          -0.1080     0.0065  |       0.1090      0.1988
 180      0.1753        1.0000  |   -0.0928/ -0.0843/ -0.0783           -0.0783          -0.1080     0.0039  |       0.1133      0.1988
 181      0.1753        1.0000  |   -0.0949/ -0.0853/ -0.0790           -0.0790          -0.1080     0.0063  |       0.1153      0.1988
 182      0.1753        1.0000  |   -0.0969/ -0.0873/ -0.0793           -0.0793          -0.1080     0.0076  |       0.1196      0.1988
 183      0.1753        1.0000  |   -0.0945/ -0.0857/ -0.0793           -0.0793          -0.1080     0.0061  |       0.1251      0.1988
 184      0.1753        1.0000  |   -0.0974/ -0.0888/ -0.0821           -0.0821          -0.1081     0.0104  |       0.1309      0.1988
 185      0.1753        1.0000  |   -0.0971/ -0.0861/ -0.0794           -0.0794          -0.1080     0.0055  |       0.1352      0.1988
 186      0.1753        1.0000  |   -0.0913/ -0.0837/ -0.0772           -0.0772          -0.1080     0.0049  |       0.1384      0.1988
 187      0.1753        1.0000  |   -0.0939/ -0.0854/ -0.0786           -0.0786          -0.1080     0.0046  |       0.1430      0.1988
 188      0.1753        1.0000  |   -0.1002/ -0.0869/ -0.0790           -0.0790          -0.1081     0.0088  |       0.1429      0.1988
 189      0.1753        1.0000  |   -0.0972/ -0.0885/ -0.0808           -0.0808          -0.1080     0.0070  |       0.1476      0.1988
 190      0.1844        0.9967  |   -0.0856/ -0.0772/ -0.0697           -0.0697          -0.0942     0.0090  |       0.1525      0.1988
 191      0.1812        0.9884  |   -0.0291/ -0.0138/ -0.0046           -0.0046          -0.0502     0.0025  |       0.1605      0.1988
 192      0.1859        0.9881  |   -0.0771/ -0.0679/ -0.0605           -0.0605          -0.0843     0.0047  |       0.1624      0.1988
 193      0.1875        0.9855  |   -0.0091/  0.0075/  0.0166            0.0166          -0.0211     0.0052  |       0.1591      0.1988
 194      0.1851        0.9847  |   -0.0952/ -0.0808/ -0.0727           -0.0727          -0.0928     0.0060  |       0.1597      0.1988
 195      0.1849        0.9997  |   -0.0909/ -0.0735/ -0.0671           -0.0671          -0.0913     0.0046  |       0.1545      0.1988
 196      0.1981        0.9728  |    0.0399/  0.0553/  0.0691            0.0691           0.0245     0.0030  |       0.1509      0.1988
 197      0.1927        0.9970  |    0.0587/  0.0726/  0.0802            0.0802           0.0313     0.0110  |       0.1481      0.1988
 198      0.1915        0.9835  |   -0.0059/  0.0229/  0.0306            0.0306          -0.0042     0.0048  |       0.1393      0.1988
 199      0.2074        0.9876  |    0.0253/  0.0440/  0.0532            0.0532           0.0251     0.0012  |       0.1343      0.1988
 200      0.2045        0.9982  |    0.0376/  0.0498/  0.0585            0.0585           0.0263     0.0053  |       0.1332      0.1988
 201      0.2001        0.9955  |    0.0447/  0.0545/  0.0616            0.0616           0.0320     0.0066  |       0.1285      0.1988
 202      0.2121        0.9877  |    0.0844/  0.0980/  0.1061            0.1061           0.0801     0.0053  |       0.1234      0.1988
 203      0.1753        0.9841  |   -0.1034/ -0.0921/ -0.0843           -0.0843          -0.1081     0.0059  |       0.1197      0.1988
 204      0.1753        1.0000  |   -0.0993/ -0.0881/ -0.0808           -0.0808          -0.1081     0.0017  |       0.1165      0.1988
 205      0.1753        1.0000  |   -0.0938/ -0.0852/ -0.0776           -0.0776          -0.1081     0.0005  |       0.1178      0.1988
 206      0.1753        1.0000  |   -0.0926/ -0.0840/ -0.0786           -0.0786          -0.1081     0.0030  |       0.1176      0.1988
 207      0.1753        1.0000  |   -0.0982/ -0.0853/ -0.0784           -0.0784          -0.1081     0.0022  |       0.1176      0.1988
 208      0.1753        1.0000  |   -0.0965/ -0.0865/ -0.0806           -0.0806          -0.1081     0.0107  |       0.1157      0.1988
 209      0.2249        0.9388  |    0.1176/  0.1352/  0.1472            0.1472           0.1205     0.0043  |       0.1165      0.1988
 210      0.2101        0.9875  |    0.1003/  0.1112/  0.1186            0.1186           0.0944     0.0121  |       0.1127      0.1988
 211      0.2027        0.9758  |    0.0255/  0.0437/  0.0519            0.0519           0.0136     0.0092  |       0.1055      0.1988
 212      0.1753        0.9828  |   -0.1027/ -0.0910/ -0.0826           -0.0826          -0.1081     0.0012  |       0.0989      0.1988
 213      0.2000        0.9952  |   -0.0149/  0.0002/  0.0068            0.0068          -0.0203     0.0059  |       0.0978      0.1988
 214      0.1753        0.9952  |   -0.1014/ -0.0891/ -0.0825           -0.0825          -0.1081     0.0040  |       0.0936      0.1988
 215      0.2019        0.9905  |    0.0054/  0.0282/  0.0358            0.0358           0.0091     0.0010  |       0.0909      0.1988
 216      0.1989        0.9981  |   -0.0232/ -0.0038/  0.0025            0.0025          -0.0271     0.0050  |       0.0913      0.1988
 217      0.1753        0.9919  |   -0.1017/ -0.0921/ -0.0838           -0.0838          -0.1081     0.0028  |       0.0935      0.1988
 218      0.1753        1.0000  |   -0.1034/ -0.0916/ -0.0836           -0.0836          -0.1081     0.0076  |       0.0955      0.1988
 219      0.1753        1.0000  |   -0.0989/ -0.0862/ -0.0787           -0.0787          -0.1081     0.0068  |       0.1022      0.1988
 220      0.2018        0.9939  |   -0.0089/  0.0005/  0.0066            0.0066          -0.0174     0.0034  |       0.1078      0.1988
 221      0.2048        0.9909  |    0.0277/  0.0441/  0.0542            0.0542           0.0182     0.0080  |       0.1076      0.1988
 222      0.2049        0.9954  |    0.0262/  0.0438/  0.0526            0.0526           0.0245     0.0078  |       0.1012      0.1988
 223      0.1753        0.9880  |   -0.0996/ -0.0889/ -0.0802           -0.0802          -0.1081     0.0058  |       0.1044      0.1988
 224      0.1753        1.0000  |   -0.0963/ -0.0845/ -0.0780           -0.0780          -0.1081     0.0060  |       0.1085      0.1988
 225      0.2046        0.9901  |    0.0150/  0.0303/  0.0383            0.0383           0.0116     0.0073  |       0.1061      0.1988
 226      0.1753        0.9901  |   -0.0969/ -0.0854/ -0.0786           -0.0786          -0.1081     0.0038  |       0.1066      0.1988
 227      0.1753        1.0000  |   -0.0935/ -0.0854/ -0.0788           -0.0788          -0.1081     0.0078  |       0.1074      0.1988
 228      0.1753        1.0000  |   -0.0994/ -0.0856/ -0.0788           -0.0788          -0.1081     0.0027  |       0.1083      0.1988
 229      0.1753        1.0000  |   -0.0950/ -0.0839/ -0.0774           -0.0774          -0.1081     0.0029  |       0.1107      0.1988
 230      0.1753        1.0000  |   -0.0930/ -0.0838/ -0.0780           -0.0780          -0.1081     0.0010  |       0.1135      0.1988
 231      0.1753        1.0000  |   -0.0963/ -0.0869/ -0.0801           -0.0801          -0.1080     0.0042  |       0.1146      0.1988
 232      0.1753        1.0000  |   -0.0924/ -0.0835/ -0.0778           -0.0778          -0.1080     0.0036  |       0.1183      0.1988
 233      0.1753        1.0000  |   -0.0983/ -0.0872/ -0.0806           -0.0806          -0.1080     0.0079  |       0.1195      0.1988
 234      0.1752        1.0000  |   -0.0981/ -0.0865/ -0.0796           -0.0796          -0.1082     0.0096  |       0.1266      0.1988
 235      0.1906        0.9961  |   -0.0477/ -0.0370/ -0.0310           -0.0310          -0.0590     0.0055  |       0.1341      0.1988
 236      0.1866        0.9996  |   -0.0480/ -0.0367/ -0.0313           -0.0313          -0.0629     0.0018  |       0.1394      0.1988
 237      0.1758        0.9958  |   -0.1068/ -0.0868/ -0.0805           -0.0805          -0.1072     0.0051  |       0.1412      0.1988
 238      0.1752        1.0000  |   -0.0995/ -0.0882/ -0.0804           -0.0804          -0.1082     0.0026  |       0.1379      0.1988
 239      0.1752        1.0000  |   -0.1051/ -0.0886/ -0.0801           -0.0801          -0.1082     0.0063  |       0.1391      0.1988
 240      0.1758        0.9999  |   -0.0978/ -0.0898/ -0.0819           -0.0819          -0.1092     0.0059  |       0.1445      0.1988
 241      0.1936        0.9821  |   -0.0333/ -0.0194/ -0.0117           -0.0117          -0.0403     0.0016  |       0.1457      0.1988
 242      0.2048        0.9760  |    0.0627/  0.0806/  0.0908            0.0908           0.0537     0.0036  |       0.1456      0.1988
 243      0.1932        0.9954  |    0.0331/  0.0464/  0.0557            0.0557           0.0145     0.0062  |       0.1488      0.1988
 244      0.1967        0.9941  |    0.0025/  0.0166/  0.0240            0.0240          -0.0047     0.0046  |       0.1436      0.1988
 245      0.1989        0.9964  |    0.0357/  0.0473/  0.0574            0.0574           0.0230     0.0100  |       0.1396      0.1988
 246      0.1760        0.9523  |   -0.1058/ -0.0918/ -0.0815           -0.0815          -0.1062     0.0102  |       0.1375      0.1988
 247      0.1810        0.9998  |   -0.0802/ -0.0725/ -0.0666           -0.0666          -0.0912     0.0044  |       0.1282      0.1988
 248      0.2033        0.9957  |    0.0044/  0.0145/  0.0214            0.0214          -0.0017     0.0023  |       0.1234      0.1988
 249      0.1953        0.9938  |   -0.0081/  0.0167/  0.0268            0.0268          -0.0129     0.0070  |       0.1213      0.1988
 250      0.1752        0.9883  |   -0.1061/ -0.0938/ -0.0866           -0.0866          -0.1129     0.0075  |       0.1178      0.1988
 251      0.1752        1.0000  |   -0.1020/ -0.0921/ -0.0846           -0.0846          -0.1128     0.0040  |       0.1204      0.1988
 252      0.1752        1.0000  |   -0.1011/ -0.0918/ -0.0852           -0.0852          -0.1128     0.0041  |       0.1217      0.1988
 253      0.1753        1.0000  |   -0.1105/ -0.0931/ -0.0861           -0.0861          -0.1129     0.0082  |       0.1256      0.1988
 254      0.1752        1.0000  |   -0.1090/ -0.0906/ -0.0849           -0.0849          -0.1128     0.0103  |       0.1297      0.1988
 255      0.1885        0.9966  |   -0.0632/ -0.0525/ -0.0453           -0.0453          -0.0728     0.0065  |       0.1378      0.1988
 256      0.1863        0.9993  |   -0.0860/ -0.0743/ -0.0675           -0.0675          -0.0915     0.0028  |       0.1441      0.1988
 257      0.1856        0.9908  |   -0.0339/ -0.0218/ -0.0140           -0.0140          -0.0535     0.0032  |       0.1459      0.1988
 258      0.1873        0.9989  |   -0.0226/ -0.0104/ -0.0029           -0.0029          -0.0420     0.0051  |       0.1432      0.1988
 259      0.1752        0.9889  |   -0.1047/ -0.0956/ -0.0875           -0.0875          -0.1128     0.0055  |       0.1439      0.1988
 260      0.1868        0.9956  |   -0.0592/ -0.0464/ -0.0389           -0.0389          -0.0671     0.0041  |       0.1392      0.1988
 261      0.1941        0.9846  |   -0.0088/  0.0100/  0.0195            0.0195          -0.0183     0.0080  |       0.1379      0.1988
 262      0.1934        0.9903  |   -0.0135/  0.0005/  0.0077            0.0077          -0.0210     0.0035  |       0.1319      0.1988
 263      0.1753        0.9911  |   -0.1107/ -0.0995/ -0.0922           -0.0922          -0.1129     0.0028  |       0.1308      0.1988
 264      0.1753        1.0000  |   -0.1113/ -0.0959/ -0.0874           -0.0874          -0.1129     0.0004  |       0.1293      0.1988
 265      0.1752        1.0000  |   -0.0992/ -0.0901/ -0.0845           -0.0845          -0.1128     0.0034  |       0.1290      0.1988
 266      0.1811        0.9998  |   -0.0842/ -0.0750/ -0.0690           -0.0690          -0.0958     0.0064  |       0.1275      0.1988
 267      0.1753        0.9998  |   -0.1001/ -0.0882/ -0.0829           -0.0829          -0.1129     0.0023  |       0.1319      0.1988
 268      0.1752        1.0000  |   -0.1059/ -0.0919/ -0.0850           -0.0850          -0.1128     0.0083  |       0.1310      0.1988
 269      0.1752        1.0000  |   -0.1010/ -0.0902/ -0.0840           -0.0840          -0.1128     0.0038  |       0.1335      0.1988
 270      0.1753        1.0000  |   -0.1012/ -0.0930/ -0.0868           -0.0868          -0.1129     0.0059  |       0.1372      0.1988
 271      0.1859        0.9970  |   -0.0769/ -0.0642/ -0.0574           -0.0574          -0.0845     0.0064  |       0.1419      0.1988
 272      0.1752        0.9970  |   -0.1008/ -0.0925/ -0.0850           -0.0850          -0.1128     0.0057  |       0.1472      0.1988
 273      0.1850        0.9968  |   -0.0914/ -0.0798/ -0.0725           -0.0725          -0.0977     0.0101  |       0.1501      0.1988
 274      0.1871        0.9904  |   -0.0252/ -0.0148/ -0.0057           -0.0057          -0.0436     0.0061  |       0.1586      0.1988
 275      0.1752        0.9883  |   -0.1126/ -0.0964/ -0.0879           -0.0879          -0.1128     0.0049  |       0.1590      0.1988
 276      0.1752        1.0000  |   -0.1038/ -0.0941/ -0.0864           -0.0864          -0.1128     0.0059  |       0.1609      0.1988
 277      0.1753        1.0000  |   -0.1032/ -0.0915/ -0.0854           -0.0854          -0.1129     0.0061  |       0.1621      0.1988
 278      0.1753        1.0000  |   -0.1036/ -0.0919/ -0.0841           -0.0841          -0.1129     0.0064  |       0.1675      0.1988
 279      0.1865        0.9975  |   -0.0814/ -0.0742/ -0.0677           -0.0677          -0.0925     0.0089  |       0.1675      0.1988
 280      0.1807        0.9905  |   -0.0877/ -0.0773/ -0.0711           -0.0711          -0.1053     0.0121  |       0.1741      0.1988
 281      0.1661        0.9520  |   -0.0785/ -0.0531/ -0.0442           -0.0442          -0.0918     0.0088  |       0.1808      0.1988
 282      0.1851        0.9781  |   -0.0911/ -0.0637/ -0.0551           -0.0551          -0.0937     0.0042  |       0.1848      0.1988
 283      0.1772        0.9950  |   -0.0948/ -0.0826/ -0.0740           -0.0740          -0.1104     0.0064  |       0.1841      0.1988
 284      0.1789        0.9975  |   -0.0881/ -0.0762/ -0.0659           -0.0659          -0.1027     0.0058  |       0.1784      0.1988
 285      0.1798        0.9957  |   -0.0882/ -0.0741/ -0.0650           -0.0650          -0.1016     0.0115  |       0.1728      0.1988
 286      0.1522        0.9587  |   -0.1400/ -0.0952/ -0.0856           -0.0856          -0.1312     0.0110  |       0.1635      0.1988
 287      0.1555        0.9845  |   -0.0604/ -0.0454/ -0.0363           -0.0363          -0.0964     0.0057  |       0.1545      0.1988
 288      0.1567        0.9969  |   -0.0801/ -0.0652/ -0.0552           -0.0552          -0.1111     0.0022  |       0.1585      0.1988
 289      0.1496        0.9923  |   -0.1268/ -0.1134/ -0.1009           -0.1009          -0.1451     0.0043  |       0.1569      0.1988
 290      0.1394        0.9932  |   -0.1199/ -0.1041/ -0.0918           -0.0918          -0.1463     0.0115  |       0.1602      0.1988
 291      0.1472        0.9919  |   -0.0749/ -0.0601/ -0.0501           -0.0501          -0.1102     0.0037  |       0.1708      0.1988
 292      0.1309        0.9829  |   -0.0853/ -0.0688/ -0.0542           -0.0542          -0.1127     0.0048  |       0.1708      0.1988
 293      0.1332        0.9801  |   -0.1185/ -0.0990/ -0.0890           -0.0890          -0.1495     0.0058  |       0.1743      0.1988
 294      0.1262        0.9892  |   -0.1184/ -0.1029/ -0.0912           -0.0912          -0.1390     0.0147  |       0.1705      0.1988
 295      0.1414        0.9891  |   -0.1095/ -0.0867/ -0.0759           -0.0759          -0.1342     0.0106  |       0.1832      0.1988
 296      0.1496        0.9940  |   -0.1041/ -0.0767/ -0.0676           -0.0676          -0.1292     0.0081  |       0.1934      0.1988
 297      0.1814        0.9570  |   -0.0394/ -0.0238/ -0.0151           -0.0151          -0.0527     0.0059  |       0.1964      0.1988
 298      0.1726        0.9937  |   -0.0597/ -0.0356/ -0.0266           -0.0266          -0.0648     0.0053  |       0.1974      0.1988
 299      0.1424        0.9688  |   -0.1550/ -0.1246/ -0.1136           -0.1136          -0.1553     0.0106  |       0.1949      0.1988
IMAGEIO FFMPEG_WRITER WARNING: input image is not divisible by macro_block_size=16, resizing from (320, 180) to (320, 192) to ensure video compatibility with most codecs and players. To prevent resizing, make your input image divisible by the macro_block_size or set the macro_block_size to 1 (risking incompatibility).

Saved 300 frames -> /home/ashwink/Documents/swms/SWM_copy/rollouts_5_per/expert+subopt/epoch0/epoch0_rollout1_failure.mp4
min dist(green_cube,blue_moon) over episode = 0.1988  ->  FAILURE
Full log written to /home/ashwink/Documents/swms/SWM_copy/rollouts_5_per/expert+subopt/epoch0/epoch0_rollout1_20260723_114935.log
Result json -> /home/ashwink/Documents/swms/SWM_copy/rollouts_5_per/expert+subopt/epoch0/epoch0_rollout1_result.json
