Checkpoint dir epoch: 6  Rollout: 3
Logging to /home/ashwink/Documents/swms/SWM_copy/rollouts_5_per/expert+subopt/epoch6/epoch6_rollout3_20260723_124725.log
Goal (fixed, steps 0-299): the green cube is touching the blue moon. the peg is touching the green cube.

Checkpoint: /home/ashwink/Documents/swms/SWM_copy/training/checkpoints_clip_full_fine-tuned_with_subopt_data/epoch_006.pt
  epoch=6  step=11802

Loading CLIP ViT-L/14 (datacomp_xl_s13b_b90k) + fine-tuned clip_state_dict ...
Parsing model identifier. Schema: None, Identifier: ViT-L-14
Loaded built-in ViT-L-14 model config.
Instantiating model architecture: CLIP
Loading full pretrained weights from: /home/ashwink/.cache/huggingface/hub/models--laion--CLIP-ViT-L-14-DataComp.XL-s13B-b90K/snapshots/84c9828e63dc9a9351d1fe637c346d4c1c4db341/open_clip_pytorch_model.bin
Final image preprocessing configuration set: {'size': (224, 224), 'mode': 'RGB', 'mean': (0.48145466, 0.4578275, 0.40821073), 'std': (0.26862954, 0.26130258, 0.27577711), 'interpolation': 'bicubic', 'resize_mode': 'shortest', 'fill_color': 0}
Model ViT-L-14 creation process complete.
Parsing tokenizer identifier. Schema: None, Identifier: ViT-L-14
Attempting to load config from built-in: ViT-L-14
Using default SimpleTokenizer.
z_star shape: torch.Size([768])

Loading action stats from /home/ashwink/full_data_5000/langtable/demos/ ...
  lo=[-0.03372681140899658, -0.03493623435497284]  hi=[0.03496786952018738, 0.03494429588317871]

Initializing LangTable env ...
Loading URDF plane.urdf
Loading URDF /home/ashwink/Documents/swms/.venv/lib/python3.10/site-packages/language_table/environments/utils/../../../language_table/environments/assets/workspace_real.urdf
Loading URDF xarm/xarm6_robot_white.urdf
Loading URDF /home/ashwink/Documents/swms/.venv/lib/python3.10/site-packages/language_table/environments/utils/../../../language_table/environments/assets/suction/cylinder_real.urdf
Loading URDF /home/ashwink/Documents/swms/.venv/lib/python3.10/site-packages/language_table/environments/utils/../../../language_table/environments/assets/blocks/red_moon.urdf
Loading URDF /home/ashwink/Documents/swms/.venv/lib/python3.10/site-packages/language_table/environments/utils/../../../language_table/environments/assets/blocks/red_cube.urdf
Loading URDF /home/ashwink/Documents/swms/.venv/lib/python3.10/site-packages/language_table/environments/utils/../../../language_table/environments/assets/blocks/red_star.urdf
Loading URDF /home/ashwink/Documents/swms/.venv/lib/python3.10/site-packages/language_table/environments/utils/../../../language_table/environments/assets/blocks/red_pentagon.urdf
Loading URDF /home/ashwink/Documents/swms/.venv/lib/python3.10/site-packages/language_table/environments/utils/../../../language_table/environments/assets/blocks/blue_moon.urdf
Loading URDF /home/ashwink/Documents/swms/.venv/lib/python3.10/site-packages/language_table/environments/utils/../../../language_table/environments/assets/blocks/blue_cube.urdf
Loading URDF /home/ashwink/Documents/swms/.venv/lib/python3.10/site-packages/language_table/environments/utils/../../../language_table/environments/assets/blocks/blue_star.urdf
Loading URDF /home/ashwink/Documents/swms/.venv/lib/python3.10/site-packages/language_table/environments/utils/../../../language_table/environments/assets/blocks/blue_pentagon.urdf
Loading URDF /home/ashwink/Documents/swms/.venv/lib/python3.10/site-packages/language_table/environments/utils/../../../language_table/environments/assets/blocks/yellow_moon.urdf
Loading URDF /home/ashwink/Documents/swms/.venv/lib/python3.10/site-packages/language_table/environments/utils/../../../language_table/environments/assets/blocks/yellow_cube.urdf
Loading URDF /home/ashwink/Documents/swms/.venv/lib/python3.10/site-packages/language_table/environments/utils/../../../language_table/environments/assets/blocks/yellow_star.urdf
Loading URDF /home/ashwink/Documents/swms/.venv/lib/python3.10/site-packages/language_table/environments/utils/../../../language_table/environments/assets/blocks/yellow_pentagon.urdf
Loading URDF /home/ashwink/Documents/swms/.venv/lib/python3.10/site-packages/language_table/environments/utils/../../../language_table/environments/assets/blocks/green_moon.urdf
Loading URDF /home/ashwink/Documents/swms/.venv/lib/python3.10/site-packages/language_table/environments/utils/../../../language_table/environments/assets/blocks/green_cube.urdf
Loading URDF /home/ashwink/Documents/swms/.venv/lib/python3.10/site-packages/language_table/environments/utils/../../../language_table/environments/assets/blocks/green_star.urdf
Loading URDF /home/ashwink/Documents/swms/.venv/lib/python3.10/site-packages/language_table/environments/utils/../../../language_table/environments/assets/blocks/green_pentagon.urdf
Loading URDF /home/ashwink/Documents/swms/.venv/lib/python3.10/site-packages/language_table/environments/utils/../../../language_table/environments/assets/blocks/purple_moon.urdf
Loading URDF /home/ashwink/Documents/swms/.venv/lib/python3.10/site-packages/language_table/environments/utils/../../../language_table/environments/assets/blocks/purple_cube.urdf
Loading URDF /home/ashwink/Documents/swms/.venv/lib/python3.10/site-packages/language_table/environments/utils/../../../language_table/environments/assets/blocks/purple_star.urdf
Loading URDF /home/ashwink/Documents/swms/.venv/lib/python3.10/site-packages/language_table/environments/utils/../../../language_table/environments/assets/blocks/purple_pentagon.urdf
Env ready.

Forced peg start: [0.42843915 0.24419614]  (green_cube=[0.40339102 0.18967466], blue_moon=[0.32039625 0.00902261])
  dist(peg,green_cube)=0.0600  dist(peg,blue_moon)=0.2588  dist(green_cube,blue_moon)=0.1988

step  cos(zt,z*)  cos(zt,zt-1)  |   cos(predK,z*) min/mean/max  cos(pred_sel,z*)   cos(zpred0,z*)  ||a_raw||  |  dist(peg,A)   dist(A,B)
-------------------------------------------------------------------------------------------------------------------------------------------------------------------------------
   0      0.1967           nan  |    0.5610/  0.5792/  0.5901            0.5901           0.5500     0.0224  |       0.0587      0.1988
   1      0.1879        0.9847  |    0.5655/  0.5785/  0.5865            0.5865           0.5301     0.0170  |       0.0567      0.1988
   2      0.1887        0.9673  |    0.5603/  0.5704/  0.5760            0.5760           0.5125     0.0118  |       0.0606      0.1988
   3      0.1600        0.9718  |    0.5271/  0.5386/  0.5447            0.5447           0.4732     0.0107  |       0.0677      0.1988
   4      0.1046        0.7956  |   -0.1587/ -0.1388/ -0.1258           -0.1258          -0.1997     0.0078  |       0.0709      0.1988
   5      0.0738        0.9592  |   -0.1851/ -0.1577/ -0.1380           -0.1380          -0.2549     0.0153  |       0.0657      0.1988
   6      0.0923        0.9134  |    0.0502/  0.0745/  0.0860            0.0860          -0.1194     0.0115  |       0.0564      0.1988
   7      0.0833        0.8573  |    0.2123/  0.2298/  0.2364            0.2364           0.0894     0.0095  |       0.0506      0.1988
   8      0.1009        0.8755  |    0.0356/  0.0482/  0.0546            0.0546          -0.0346     0.0103  |       0.0467      0.1988
   9      0.0400        0.7056  |   -0.1495/ -0.1292/ -0.1128           -0.1128          -0.2463     0.0272  |       0.0443      0.1988
  10      0.0581        0.7633  |    0.0264/  0.0490/  0.0581            0.0581          -0.2906     0.0286  |       0.0489      0.1988
  11      0.0310        0.8738  |    0.0457/  0.0653/  0.0738            0.0738          -0.3179     0.0280  |       0.0657      0.1988
  12     -0.0033        0.9062  |   -0.0287/ -0.0141/ -0.0063           -0.0063          -0.3378     0.0289  |       0.0884      0.1988
  13     -0.0509        0.8498  |   -0.1459/ -0.1280/ -0.1138           -0.1138          -0.3577     0.0412  |       0.1127      0.1988
  14     -0.0854        0.6438  |   -0.2630/ -0.2385/ -0.2177           -0.2177          -0.2745     0.0248  |       0.1504      0.1988
  15     -0.0990        0.8442  |   -0.2150/ -0.2002/ -0.1903           -0.1903          -0.2840     0.0169  |       0.1761      0.2203
  16     -0.0678        0.8722  |   -0.1881/ -0.1629/ -0.1544           -0.1544          -0.2957     0.0116  |       0.1926      0.2305
  17     -0.0183        0.8781  |   -0.2230/ -0.2019/ -0.1947           -0.1947          -0.2997     0.0127  |       0.2040      0.2411
  18     -0.0474        0.8985  |   -0.2216/ -0.2068/ -0.1991           -0.1991          -0.2962     0.0105  |       0.2150      0.2518
  19     -0.0024        0.9088  |   -0.1931/ -0.1732/ -0.1660           -0.1660          -0.2806     0.0107  |       0.2244      0.2597
  20      0.0084        0.8494  |   -0.1748/ -0.1588/ -0.1498           -0.1498          -0.2286     0.0109  |       0.2324      0.2673
  21      0.0172        0.8222  |   -0.1663/ -0.1526/ -0.1440           -0.1440          -0.2895     0.0091  |       0.2384      0.2724
  22     -0.0135        0.8885  |   -0.1417/ -0.1252/ -0.1155           -0.1155          -0.2678     0.0098  |       0.2460      0.2719
  23     -0.0018        0.9160  |   -0.1350/ -0.1221/ -0.1144           -0.1144          -0.2658     0.0095  |       0.2556      0.2754
  24     -0.0467        0.8600  |   -0.1211/ -0.1034/ -0.0915           -0.0915          -0.2366     0.0117  |       0.2644      0.2825
  25      0.0173        0.8847  |   -0.1467/ -0.1230/ -0.1119           -0.1119          -0.2472     0.0188  |       0.2726      0.2910
  26     -0.0256        0.8911  |   -0.1180/ -0.0894/ -0.0775           -0.0775          -0.2184     0.0167  |       0.2787      0.3036
  27     -0.0308        0.8903  |   -0.1014/ -0.0765/ -0.0633           -0.0633          -0.2350     0.0145  |       0.2834      0.3086
  28     -0.0173        0.8865  |   -0.1764/ -0.1559/ -0.1485           -0.1485          -0.2383     0.0202  |       0.2878      0.3156
  29     -0.0808        0.8883  |   -0.0261/  0.0079/  0.0243            0.0243          -0.1953     0.0239  |       0.2881      0.3156
  30     -0.0748        0.8824  |   -0.0464/ -0.0322/ -0.0198           -0.0198          -0.1928     0.0190  |       0.2887      0.3156
  31     -0.0776        0.9271  |   -0.0878/ -0.0711/ -0.0581           -0.0581          -0.2424     0.0186  |       0.2895      0.3156
  32     -0.0065        0.8498  |   -0.0321/ -0.0161/ -0.0066           -0.0066          -0.2929     0.0192  |       0.2905      0.3156
  33      0.0005        0.9234  |   -0.1790/ -0.1567/ -0.1392           -0.1392          -0.3276     0.0282  |       0.2944      0.3156
  34     -0.0042        0.9075  |   -0.2327/ -0.2124/ -0.1946           -0.1946          -0.3233     0.0419  |       0.2919      0.3156
  35     -0.0363        0.7740  |   -0.3782/ -0.3602/ -0.3450           -0.3450          -0.3571     0.0459  |       0.2834      0.3156
  36     -0.0562        0.7792  |   -0.4805/ -0.4672/ -0.4502           -0.4502          -0.3963     0.0472  |       0.2739      0.3156
  37      0.0626        0.5528  |   -0.1960/ -0.1743/ -0.1527           -0.1527          -0.3627     0.0490  |       0.2675      0.3156
  38      0.0286        0.4108  |   -0.2226/ -0.2099/ -0.2004           -0.2004          -0.3523     0.0384  |       0.2465      0.3156
  39      0.0013        0.4397  |   -0.3154/ -0.3018/ -0.2895           -0.2895          -0.3508     0.0319  |       0.2284      0.3156
  40     -0.0590        0.7043  |   -0.2984/ -0.2718/ -0.2557           -0.2557          -0.3727     0.0163  |       0.2141      0.3156
  41     -0.0776        0.8085  |   -0.2195/ -0.1865/ -0.1606           -0.1606          -0.3712     0.0241  |       0.2002      0.3156
  42     -0.0856        0.7071  |   -0.2712/ -0.2587/ -0.2507           -0.2507          -0.4035     0.0146  |       0.1774      0.3156
  43     -0.0884        0.8375  |   -0.1794/ -0.1638/ -0.1557           -0.1557          -0.3143     0.0190  |       0.1654      0.3156
  44     -0.1306        0.7644  |   -0.0812/ -0.0590/ -0.0498           -0.0498          -0.3580     0.0237  |       0.1568      0.3156
  45     -0.0954        0.6744  |   -0.1545/ -0.1345/ -0.1260           -0.1260          -0.2456     0.0199  |       0.1472      0.3156
  46     -0.0654        0.7470  |   -0.3327/ -0.3056/ -0.2815           -0.2815          -0.3062     0.0278  |       0.1437      0.3156
  47     -0.0745        0.7008  |   -0.1136/ -0.0977/ -0.0854           -0.0854          -0.3525     0.0321  |       0.1516      0.3156
  48     -0.0316        0.6874  |   -0.2369/ -0.2228/ -0.2121           -0.2121          -0.2744     0.0363  |       0.1711      0.3156
  49     -0.0409        0.4668  |   -0.2135/ -0.1923/ -0.1755           -0.1755          -0.3685     0.0358  |       0.1991      0.3156
  50     -0.0725        0.6751  |   -0.0182/  0.0044/  0.0278            0.0278          -0.2918     0.0347  |       0.2300      0.3156
  51     -0.0284        0.7520  |   -0.0548/ -0.0348/ -0.0205           -0.0205          -0.3022     0.0317  |       0.2635      0.3156
  52      0.0535        0.7126  |   -0.1749/ -0.1500/ -0.1339           -0.1339          -0.3607     0.0249  |       0.2948      0.3156
  53      0.0289        0.9238  |   -0.2109/ -0.1893/ -0.1740           -0.1740          -0.3776     0.0372  |       0.3041      0.3156
  54      0.0111        0.7266  |   -0.1800/ -0.1490/ -0.1177           -0.1177          -0.3488     0.0449  |       0.2969      0.3156
  55     -0.0264        0.8073  |   -0.2266/ -0.1971/ -0.1751           -0.1751          -0.4420     0.0474  |       0.2874      0.3156
  56     -0.0490        0.7706  |   -0.4607/ -0.4415/ -0.4280           -0.4280          -0.3963     0.0479  |       0.2794      0.3156
  57      0.1210        0.5605  |   -0.1360/ -0.1134/ -0.0959           -0.0959          -0.1256     0.0482  |       0.2648      0.3156
  58     -0.0479        0.3344  |   -0.2875/ -0.2686/ -0.2580           -0.2580          -0.4571     0.0408  |       0.2438      0.3156
  59     -0.0145        0.5499  |   -0.3863/ -0.3707/ -0.3555           -0.3555          -0.3536     0.0349  |       0.2271      0.3156
  60     -0.0673        0.6111  |   -0.3861/ -0.3665/ -0.3419           -0.3419          -0.3897     0.0324  |       0.2091      0.3156
  61     -0.0171        0.5989  |   -0.3606/ -0.3364/ -0.3172           -0.3172          -0.3363     0.0099  |       0.1856      0.3156
  62     -0.0628        0.7545  |   -0.4691/ -0.4499/ -0.4323           -0.4323          -0.4816     0.0068  |       0.1780      0.3156
  63     -0.0378        0.8906  |   -0.3733/ -0.3326/ -0.2829           -0.2829          -0.4602     0.0184  |       0.1741      0.3156
  64     -0.0631        0.6971  |   -0.1237/ -0.1058/ -0.0961           -0.0961          -0.4040     0.0394  |       0.1625      0.3156
  65     -0.0924        0.7352  |   -0.0752/ -0.0550/ -0.0449           -0.0449          -0.2895     0.0455  |       0.1444      0.3156
  66     -0.1149        0.7048  |   -0.2015/ -0.1761/ -0.1607           -0.1607          -0.2120     0.0280  |       0.1398      0.3156
  67     -0.0716        0.6552  |   -0.3202/ -0.3012/ -0.2865           -0.2865          -0.2934     0.0207  |       0.1542      0.3156
  68     -0.0378        0.7208  |   -0.3810/ -0.3624/ -0.3549           -0.3549          -0.4175     0.0060  |       0.1731      0.3156
  69     -0.0229        0.8849  |   -0.4193/ -0.4006/ -0.3917           -0.3917          -0.4684     0.0046  |       0.1795      0.3156
  70     -0.0221        0.9359  |   -0.4167/ -0.3957/ -0.3884           -0.3884          -0.4598     0.0063  |       0.1814      0.3156
  71     -0.0361        0.9545  |   -0.4330/ -0.4135/ -0.4063           -0.4063          -0.4592     0.0052  |       0.1843      0.3156
  72     -0.0329        0.9183  |   -0.4406/ -0.4230/ -0.4138           -0.4138          -0.4747     0.0047  |       0.1843      0.3156
  73     -0.0459        0.9032  |   -0.3579/ -0.3417/ -0.3331           -0.3331          -0.4085     0.0068  |       0.1855      0.3156
  74     -0.0514        0.8963  |   -0.3726/ -0.3548/ -0.3468           -0.3468          -0.4231     0.0039  |       0.1872      0.3156
  75     -0.0355        0.9468  |   -0.3601/ -0.3400/ -0.3318           -0.3318          -0.4183     0.0047  |       0.1909      0.3156
  76     -0.0239        0.9310  |   -0.4332/ -0.4172/ -0.4098           -0.4098          -0.4685     0.0054  |       0.1953      0.3156
  77     -0.0355        0.8520  |   -0.3816/ -0.3605/ -0.3506           -0.3506          -0.4445     0.0023  |       0.1928      0.3156
  78     -0.0095        0.9088  |   -0.3955/ -0.3813/ -0.3727           -0.3727          -0.4763     0.0118  |       0.1911      0.3156
  79     -0.0326        0.8028  |   -0.3261/ -0.3040/ -0.2936           -0.2936          -0.4138     0.0031  |       0.1894      0.3156
  80     -0.0153        0.9272  |   -0.3213/ -0.3056/ -0.2986           -0.2986          -0.4022     0.0017  |       0.1884      0.3156
  81     -0.0159        0.9466  |   -0.2909/ -0.2698/ -0.2618           -0.2618          -0.3693     0.0032  |       0.1879      0.3156
  82     -0.0303        0.9534  |   -0.2831/ -0.2700/ -0.2636           -0.2636          -0.4058     0.0038  |       0.1851      0.3156
  83     -0.0643        0.9166  |   -0.2627/ -0.2483/ -0.2403           -0.2403          -0.3636     0.0041  |       0.1814      0.3156
  84     -0.0495        0.9325  |   -0.2357/ -0.2161/ -0.2097           -0.2097          -0.3366     0.0061  |       0.1785      0.3156
  85     -0.0827        0.8975  |   -0.2792/ -0.2629/ -0.2562           -0.2562          -0.3619     0.0056  |       0.1728      0.3156
  86     -0.0890        0.9349  |   -0.2458/ -0.2340/ -0.2282           -0.2282          -0.3278     0.0056  |       0.1683      0.3156
  87     -0.0647        0.9027  |   -0.2503/ -0.2281/ -0.2215           -0.2215          -0.3015     0.0039  |       0.1682      0.3156
  88     -0.0745        0.9549  |   -0.2505/ -0.2365/ -0.2304           -0.2304          -0.3216     0.0035  |       0.1669      0.3156
  89     -0.0826        0.9439  |   -0.2291/ -0.2160/ -0.2090           -0.2090          -0.2927     0.0029  |       0.1640      0.3156
  90     -0.0841        0.9551  |   -0.2402/ -0.2262/ -0.2206           -0.2206          -0.3054     0.0038  |       0.1611      0.3156
  91     -0.0898        0.9470  |   -0.2504/ -0.2397/ -0.2333           -0.2333          -0.3244     0.0051  |       0.1601      0.3156
  92     -0.0925        0.8898  |   -0.1995/ -0.1750/ -0.1660           -0.1660          -0.2574     0.0037  |       0.1582      0.3156
  93     -0.0862        0.9220  |   -0.2573/ -0.2445/ -0.2377           -0.2377          -0.3069     0.0036  |       0.1561      0.3156
  94     -0.0907        0.9466  |   -0.2252/ -0.2144/ -0.2089           -0.2089          -0.2873     0.0032  |       0.1527      0.3156
  95     -0.0882        0.9434  |   -0.2106/ -0.2011/ -0.1941           -0.1941          -0.2472     0.0015  |       0.1505      0.3156
  96     -0.0782        0.9597  |   -0.2137/ -0.2027/ -0.1968           -0.1968          -0.2513     0.0019  |       0.1509      0.3156
  97     -0.0879        0.9666  |   -0.2094/ -0.1990/ -0.1934           -0.1934          -0.2550     0.0048  |       0.1516      0.3156
  98     -0.1119        0.9446  |   -0.1916/ -0.1794/ -0.1730           -0.1730          -0.2418     0.0013  |       0.1486      0.3156
  99     -0.1050        0.9594  |   -0.1768/ -0.1637/ -0.1560           -0.1560          -0.2431     0.0047  |       0.1476      0.3156
 100     -0.0817        0.9500  |   -0.1712/ -0.1596/ -0.1515           -0.1515          -0.2277     0.0075  |       0.1432      0.3156
 101     -0.0902        0.9231  |   -0.1779/ -0.1666/ -0.1602           -0.1602          -0.2319     0.0040  |       0.1367      0.3156
 102     -0.0967        0.8526  |   -0.2136/ -0.2032/ -0.1958           -0.1958          -0.2671     0.0017  |       0.1334      0.3156
 103     -0.0970        0.9279  |   -0.1873/ -0.1756/ -0.1684           -0.1684          -0.2904     0.0047  |       0.1324      0.3156
 104     -0.0902        0.9225  |   -0.2293/ -0.2171/ -0.2102           -0.2102          -0.2997     0.0042  |       0.1284      0.3156
 105     -0.1103        0.8991  |   -0.2276/ -0.2136/ -0.2062           -0.2062          -0.2659     0.0025  |       0.1245      0.3156
 106     -0.1026        0.9480  |   -0.2392/ -0.2284/ -0.2212           -0.2212          -0.2980     0.0012  |       0.1231      0.3156
 107     -0.1171        0.9204  |   -0.2290/ -0.2167/ -0.2107           -0.2107          -0.2652     0.0025  |       0.1230      0.3156
 108     -0.1103        0.9199  |   -0.2101/ -0.2006/ -0.1938           -0.1938          -0.2445     0.0042  |       0.1212      0.3156
 109     -0.1115        0.8769  |   -0.2048/ -0.1910/ -0.1834           -0.1834          -0.2480     0.0025  |       0.1182      0.3156
 110     -0.0738        0.9394  |   -0.1836/ -0.1701/ -0.1636           -0.1636          -0.2297     0.0075  |       0.1195      0.3156
 111     -0.1250        0.8154  |   -0.1919/ -0.1804/ -0.1732           -0.1732          -0.2464     0.0056  |       0.1174      0.3156
 112     -0.1424        0.8358  |   -0.2203/ -0.2083/ -0.2021           -0.2021          -0.2925     0.0054  |       0.1171      0.3156
 113     -0.0931        0.8476  |   -0.2721/ -0.2548/ -0.2467           -0.2467          -0.2904     0.0008  |       0.1126      0.3156
 114     -0.0813        0.9585  |   -0.2366/ -0.2229/ -0.2148           -0.2148          -0.2629     0.0030  |       0.1115      0.3156
 115     -0.0839        0.9218  |   -0.2448/ -0.2326/ -0.2238           -0.2238          -0.2701     0.0026  |       0.1087      0.3156
 116     -0.0864        0.9299  |   -0.2341/ -0.2147/ -0.2068           -0.2068          -0.2609     0.0043  |       0.1061      0.3156
 117     -0.0815        0.9120  |   -0.2358/ -0.2181/ -0.2106           -0.2106          -0.2743     0.0054  |       0.1029      0.3156
 118     -0.0772        0.9235  |   -0.2477/ -0.2338/ -0.2271           -0.2271          -0.2812     0.0021  |       0.0995      0.3156
 119     -0.0588        0.9441  |   -0.2435/ -0.2323/ -0.2248           -0.2248          -0.2948     0.0018  |       0.1005      0.3156
 120     -0.0590        0.9597  |   -0.2432/ -0.2320/ -0.2253           -0.2253          -0.2811     0.0051  |       0.1006      0.3156
 121     -0.0609        0.9253  |   -0.2303/ -0.2030/ -0.1946           -0.1946          -0.2659     0.0074  |       0.0965      0.3156
 122     -0.0659        0.8754  |   -0.2327/ -0.2196/ -0.2117           -0.2117          -0.2631     0.0007  |       0.0919      0.3156
 123     -0.0731        0.9732  |   -0.2456/ -0.2258/ -0.2187           -0.2187          -0.2740     0.0040  |       0.0920      0.3156
 124     -0.0711        0.9235  |   -0.2905/ -0.2726/ -0.2650           -0.2650          -0.2990     0.0035  |       0.0954      0.3156
 125     -0.1028        0.8913  |   -0.2713/ -0.2582/ -0.2497           -0.2497          -0.2800     0.0017  |       0.0956      0.3156
 126     -0.0912        0.9657  |   -0.2662/ -0.2501/ -0.2430           -0.2430          -0.2892     0.0026  |       0.0942      0.3156
 127     -0.0953        0.9192  |   -0.3395/ -0.3268/ -0.3195           -0.3195          -0.3854     0.0051  |       0.0954      0.3156
 128     -0.0849        0.8647  |   -0.3584/ -0.3423/ -0.3351           -0.3351          -0.3766     0.0020  |       0.0920      0.3156
 129     -0.0857        0.9604  |   -0.3488/ -0.3330/ -0.3248           -0.3248          -0.3717     0.0022  |       0.0934      0.3156
 130     -0.0816        0.9539  |   -0.4096/ -0.3946/ -0.3879           -0.3879          -0.4306     0.0035  |       0.0916      0.3156
 131     -0.0666        0.9325  |   -0.2989/ -0.2841/ -0.2774           -0.2774          -0.3328     0.0021  |       0.0888      0.3156
 132     -0.0504        0.9231  |   -0.2825/ -0.2602/ -0.2534           -0.2534          -0.2946     0.0034  |       0.0889      0.3156
 133     -0.0752        0.9079  |   -0.3449/ -0.3297/ -0.3230           -0.3230          -0.3775     0.0023  |       0.0920      0.3156
 134     -0.0663        0.9573  |   -0.3354/ -0.3232/ -0.3158           -0.3158          -0.3578     0.0009  |       0.0942      0.3156
 135     -0.0514        0.9752  |   -0.3176/ -0.3054/ -0.2987           -0.2987          -0.3356     0.0027  |       0.0937      0.3156
 136     -0.0862        0.9288  |   -0.2914/ -0.2767/ -0.2693           -0.2693          -0.3507     0.0017  |       0.0933      0.3156
 137     -0.0732        0.9477  |   -0.3173/ -0.3044/ -0.2972           -0.2972          -0.3495     0.0023  |       0.0934      0.3156
 138     -0.0614        0.9412  |   -0.3090/ -0.2916/ -0.2841           -0.2841          -0.3288     0.0005  |       0.0939      0.3156
 139     -0.0553        0.9833  |   -0.3080/ -0.2950/ -0.2872           -0.2872          -0.3260     0.0040  |       0.0944      0.3156
 140     -0.0551        0.9410  |   -0.2651/ -0.2514/ -0.2449           -0.2449          -0.2823     0.0015  |       0.0964      0.3156
 141     -0.0680        0.9639  |   -0.2476/ -0.2370/ -0.2305           -0.2305          -0.2717     0.0039  |       0.0955      0.3156
 142     -0.0518        0.9359  |   -0.2869/ -0.2765/ -0.2693           -0.2693          -0.3091     0.0012  |       0.0989      0.3156
 143     -0.0530        0.9728  |   -0.2862/ -0.2721/ -0.2658           -0.2658          -0.2967     0.0021  |       0.0982      0.3156
 144     -0.0148        0.9691  |   -0.3556/ -0.3444/ -0.3356           -0.3356          -0.3695     0.0063  |       0.0996      0.3156
 145     -0.0224        0.9187  |   -0.4064/ -0.3939/ -0.3845           -0.3845          -0.4140     0.0072  |       0.0951      0.3156
 146     -0.0334        0.9303  |   -0.3984/ -0.3804/ -0.3702           -0.3702          -0.4083     0.0043  |       0.0904      0.3156
 147     -0.0335        0.9081  |   -0.4031/ -0.3845/ -0.3743           -0.3743          -0.4132     0.0069  |       0.0889      0.3156
 148     -0.0714        0.9393  |   -0.4395/ -0.4208/ -0.4142           -0.4142          -0.4211     0.0070  |       0.0944      0.3156
 149     -0.0346        0.9333  |   -0.3938/ -0.3776/ -0.3687           -0.3687          -0.3874     0.0037  |       0.0995      0.3156
 150      0.0084        0.9204  |   -0.3352/ -0.3180/ -0.3101           -0.3101          -0.3579     0.0060  |       0.1015      0.3156
 151     -0.0215        0.9157  |   -0.3457/ -0.3158/ -0.3051           -0.3051          -0.3268     0.0033  |       0.1065      0.3156
 152     -0.0302        0.9419  |   -0.2719/ -0.2583/ -0.2517           -0.2517          -0.2739     0.0050  |       0.1094      0.3156
 153     -0.0588        0.9305  |   -0.3340/ -0.3169/ -0.3088           -0.3088          -0.3486     0.0053  |       0.1080      0.3156
 154     -0.0395        0.9483  |   -0.3177/ -0.3051/ -0.2971           -0.2971          -0.3310     0.0014  |       0.1040      0.3156
 155     -0.0683        0.9582  |   -0.3405/ -0.3113/ -0.3033           -0.3033          -0.3797     0.0044  |       0.1043      0.3156
 156     -0.0532        0.9377  |   -0.3663/ -0.3440/ -0.3352           -0.3352          -0.3748     0.0025  |       0.1012      0.3156
 157     -0.0569        0.9529  |   -0.3770/ -0.3580/ -0.3501           -0.3501          -0.3906     0.0035  |       0.0999      0.3156
 158     -0.0594        0.9436  |   -0.3704/ -0.3495/ -0.3424           -0.3424          -0.4135     0.0055  |       0.0998      0.3156
 159     -0.0387        0.9088  |   -0.3349/ -0.3182/ -0.3101           -0.3101          -0.3708     0.0016  |       0.0970      0.3156
 160     -0.0436        0.9674  |   -0.3707/ -0.3570/ -0.3493           -0.3493          -0.3824     0.0017  |       0.0982      0.3156
 161     -0.0588        0.9547  |   -0.4064/ -0.3884/ -0.3791           -0.3791          -0.4099     0.0039  |       0.0986      0.3156
 162     -0.0490        0.9195  |   -0.3401/ -0.3210/ -0.3137           -0.3137          -0.3965     0.0031  |       0.0957      0.3156
 163     -0.0484        0.9520  |   -0.3540/ -0.3395/ -0.3330           -0.3330          -0.3738     0.0015  |       0.0980      0.3156
 164     -0.0593        0.9564  |   -0.3685/ -0.3578/ -0.3498           -0.3498          -0.3914     0.0009  |       0.0995      0.3156
 165     -0.0475        0.9784  |   -0.3546/ -0.3396/ -0.3325           -0.3325          -0.3731     0.0025  |       0.0988      0.3156
 166     -0.0475        0.9751  |   -0.3704/ -0.3542/ -0.3466           -0.3466          -0.3726     0.0018  |       0.1009      0.3156
 167     -0.0634        0.9684  |   -0.3464/ -0.3322/ -0.3234           -0.3234          -0.3649     0.0025  |       0.1028      0.3156
 168     -0.0332        0.9620  |   -0.3880/ -0.3762/ -0.3675           -0.3675          -0.3770     0.0043  |       0.1024      0.3156
 169     -0.0508        0.9410  |   -0.3678/ -0.3537/ -0.3463           -0.3463          -0.3926     0.0027  |       0.0988      0.3156
 170     -0.0367        0.9725  |   -0.3725/ -0.3559/ -0.3482           -0.3482          -0.3863     0.0009  |       0.1002      0.3156
 171     -0.0464        0.9834  |   -0.3324/ -0.3175/ -0.3108           -0.3108          -0.3597     0.0045  |       0.1004      0.3156
 172     -0.0389        0.9550  |   -0.3556/ -0.3429/ -0.3347           -0.3347          -0.3761     0.0017  |       0.1030      0.3156
 173     -0.0354        0.9739  |   -0.3815/ -0.3617/ -0.3540           -0.3540          -0.3854     0.0003  |       0.1024      0.3156
 174     -0.0338        0.9869  |   -0.3914/ -0.3768/ -0.3691           -0.3691          -0.3877     0.0026  |       0.1022      0.3156
 175     -0.0317        0.9669  |   -0.3249/ -0.3075/ -0.3008           -0.3008          -0.3300     0.0017  |       0.1042      0.3156
 176     -0.0478        0.9721  |   -0.3592/ -0.3429/ -0.3352           -0.3352          -0.3708     0.0026  |       0.1054      0.3156
 177     -0.0358        0.9535  |   -0.3305/ -0.3164/ -0.3098           -0.3098          -0.3554     0.0044  |       0.1067      0.3156
 178     -0.0628        0.9419  |   -0.3124/ -0.2931/ -0.2847           -0.2847          -0.3677     0.0031  |       0.1056      0.3156
 179     -0.0584        0.9645  |   -0.3109/ -0.2946/ -0.2869           -0.2869          -0.3508     0.0014  |       0.1068      0.3156
 180     -0.0456        0.9718  |   -0.3046/ -0.2896/ -0.2826           -0.2826          -0.3254     0.0035  |       0.1061      0.3156
 181     -0.0483        0.9549  |   -0.3189/ -0.3030/ -0.2952           -0.2952          -0.3422     0.0033  |       0.1089      0.3156
 182     -0.0567        0.9527  |   -0.2943/ -0.2762/ -0.2684           -0.2684          -0.3505     0.0020  |       0.1071      0.3156
 183     -0.0692        0.9621  |   -0.3197/ -0.3062/ -0.2975           -0.2975          -0.3617     0.0023  |       0.1056      0.3156
 184     -0.0508        0.9525  |   -0.2818/ -0.2657/ -0.2587           -0.2587          -0.3268     0.0035  |       0.1074      0.3156
 185     -0.0706        0.9577  |   -0.3245/ -0.3076/ -0.3003           -0.3003          -0.3697     0.0021  |       0.1045      0.3156
 186     -0.0539        0.9663  |   -0.3750/ -0.3569/ -0.3470           -0.3470          -0.3748     0.0021  |       0.1023      0.3156
 187     -0.0435        0.9673  |   -0.3639/ -0.3474/ -0.3394           -0.3394          -0.3709     0.0028  |       0.1030      0.3156
 188     -0.0332        0.9684  |   -0.3481/ -0.3346/ -0.3281           -0.3281          -0.3730     0.0038  |       0.1005      0.3156
 189     -0.0216        0.9608  |   -0.3341/ -0.3198/ -0.3118           -0.3118          -0.3530     0.0051  |       0.1038      0.3156
 190     -0.0523        0.9307  |   -0.2965/ -0.2828/ -0.2759           -0.2759          -0.3281     0.0024  |       0.1073      0.3156
 191     -0.0740        0.9628  |   -0.2896/ -0.2728/ -0.2641           -0.2641          -0.3345     0.0020  |       0.1098      0.3156
 192     -0.0648        0.9638  |   -0.2999/ -0.2837/ -0.2759           -0.2759          -0.3458     0.0024  |       0.1098      0.3156
 193     -0.0722        0.9596  |   -0.2407/ -0.2248/ -0.2175           -0.2175          -0.2863     0.0030  |       0.1117      0.3156
 194     -0.0850        0.9350  |   -0.2480/ -0.2340/ -0.2253           -0.2253          -0.3058     0.0010  |       0.1140      0.3156
 195     -0.0731        0.9717  |   -0.2390/ -0.2253/ -0.2166           -0.2166          -0.3151     0.0029  |       0.1133      0.3156
 196     -0.0767        0.9446  |   -0.2676/ -0.2505/ -0.2425           -0.2425          -0.3319     0.0019  |       0.1157      0.3156
 197     -0.0788        0.9483  |   -0.3146/ -0.2952/ -0.2880           -0.2880          -0.3446     0.0041  |       0.1176      0.3156
 198     -0.0687        0.9348  |   -0.3650/ -0.3520/ -0.3432           -0.3432          -0.4030     0.0024  |       0.1208      0.3156
 199     -0.0722        0.9656  |   -0.3322/ -0.3151/ -0.3068           -0.3068          -0.3820     0.0019  |       0.1189      0.3156
 200     -0.0779        0.9698  |   -0.3573/ -0.3357/ -0.3268           -0.3268          -0.3943     0.0015  |       0.1188      0.3156
 201     -0.0713        0.9597  |   -0.2781/ -0.2643/ -0.2567           -0.2567          -0.3474     0.0011  |       0.1175      0.3156
 202     -0.0648        0.9773  |   -0.3071/ -0.2959/ -0.2877           -0.2877          -0.3614     0.0019  |       0.1177      0.3156
 203     -0.0824        0.9701  |   -0.3098/ -0.2941/ -0.2861           -0.2861          -0.3765     0.0036  |       0.1177      0.3156
 204     -0.0741        0.9251  |   -0.3794/ -0.3627/ -0.3520           -0.3520          -0.4093     0.0017  |       0.1205      0.3156
 205     -0.0709        0.9714  |   -0.3143/ -0.2672/ -0.2538           -0.2538          -0.3935     0.0063  |       0.1194      0.3156
 206     -0.0580        0.9063  |   -0.2127/ -0.1946/ -0.1850           -0.1850          -0.3188     0.0072  |       0.1167      0.3156
 207     -0.0709        0.8920  |   -0.3020/ -0.2664/ -0.2566           -0.2566          -0.3602     0.0089  |       0.1103      0.3156
 208     -0.1108        0.8513  |   -0.2044/ -0.1603/ -0.1453           -0.1453          -0.3591     0.0077  |       0.1054      0.3156
 209     -0.0653        0.8136  |   -0.3534/ -0.3318/ -0.3224           -0.3224          -0.3836     0.0129  |       0.1035      0.3156
 210     -0.0973        0.8797  |   -0.3311/ -0.3153/ -0.3080           -0.3080          -0.3836     0.0158  |       0.0938      0.3156
 211     -0.0275        0.8658  |   -0.2517/ -0.2331/ -0.2239           -0.2239          -0.3885     0.0144  |       0.0833      0.3156
 212     -0.0040        0.8317  |   -0.1808/ -0.1681/ -0.1589           -0.1589          -0.1978     0.0112  |       0.0725      0.3156
 213     -0.0109        0.9006  |   -0.1610/ -0.1495/ -0.1406           -0.1406          -0.2067     0.0057  |       0.0624      0.3156
 214      0.0044        0.8802  |   -0.2897/ -0.2743/ -0.2595           -0.2595          -0.3316     0.0066  |       0.0564      0.3156
 215      0.0555        0.9275  |   -0.2063/ -0.1891/ -0.1744           -0.1744          -0.2959     0.0079  |       0.0501      0.3156
 216      0.0531        0.9289  |   -0.1789/ -0.1576/ -0.1435           -0.1435          -0.2493     0.0093  |       0.0481      0.3156
 217      0.0684        0.9450  |   -0.1349/ -0.1000/ -0.0884           -0.0884          -0.2738     0.0053  |       0.0467      0.3156
 218      0.0336        0.9199  |   -0.1080/ -0.0860/ -0.0750           -0.0750          -0.3100     0.0094  |       0.0515      0.3156
 219      0.0197        0.9077  |   -0.1183/ -0.0958/ -0.0856           -0.0856          -0.2985     0.0043  |       0.0598      0.3156
 220      0.0230        0.9499  |   -0.0462/ -0.0178/ -0.0045           -0.0045          -0.2734     0.0050  |       0.0613      0.3156
 221     -0.0026        0.9513  |   -0.1090/ -0.0802/ -0.0690           -0.0690          -0.2497     0.0009  |       0.0623      0.3156
 222     -0.0046        0.9727  |   -0.0945/ -0.0687/ -0.0587           -0.0587          -0.2516     0.0044  |       0.0630      0.3156
 223      0.0345        0.9587  |   -0.1117/ -0.0703/ -0.0531           -0.0531          -0.2651     0.0062  |       0.0591      0.3156
 224      0.0449        0.9633  |   -0.0910/ -0.0751/ -0.0649           -0.0649          -0.2401     0.0098  |       0.0579      0.3156
 225      0.0296        0.9343  |   -0.2483/ -0.2330/ -0.2250           -0.2250          -0.2768     0.0043  |       0.0608      0.3156
 226      0.0394        0.9618  |   -0.2531/ -0.2347/ -0.2207           -0.2207          -0.2898     0.0094  |       0.0575      0.3156
 227      0.0614        0.9470  |   -0.1908/ -0.1720/ -0.1631           -0.1631          -0.2309     0.0102  |       0.0508      0.3156
 228      0.0616        0.9472  |   -0.0437/ -0.0252/ -0.0114           -0.0114          -0.2318     0.0022  |       0.0497      0.3156
 229      0.0584        0.9794  |   -0.0320/ -0.0122/ -0.0029           -0.0029          -0.2530     0.0041  |       0.0477      0.3156
 230      0.0624        0.9662  |   -0.1100/ -0.0873/ -0.0772           -0.0772          -0.2206     0.0051  |       0.0492      0.3156
 231      0.0519        0.9558  |   -0.2064/ -0.1858/ -0.1710           -0.1710          -0.2316     0.0016  |       0.0517      0.3156
 232      0.0747        0.9776  |   -0.1671/ -0.1472/ -0.1353           -0.1353          -0.2257     0.0034  |       0.0518      0.3156
 233      0.0688        0.9825  |   -0.1452/ -0.1240/ -0.0986           -0.0986          -0.2080     0.0040  |       0.0500      0.3156
 234      0.0711        0.9760  |   -0.1148/ -0.0918/ -0.0824           -0.0824          -0.1833     0.0007  |       0.0528      0.3156
 235      0.0669        0.9823  |   -0.0602/ -0.0479/ -0.0394           -0.0394          -0.2170     0.0022  |       0.0535      0.3156
 236      0.0615        0.9711  |   -0.1795/ -0.1660/ -0.1579           -0.1579          -0.2192     0.0030  |       0.0525      0.3156
 237      0.0526        0.9775  |   -0.1933/ -0.1775/ -0.1668           -0.1668          -0.2210     0.0045  |       0.0545      0.3156
 238      0.0625        0.9694  |   -0.1704/ -0.1455/ -0.1280           -0.1280          -0.2392     0.0031  |       0.0544      0.3156
 239      0.0631        0.9739  |   -0.1763/ -0.1629/ -0.1528           -0.1528          -0.2088     0.0019  |       0.0530      0.3156
 240      0.0682        0.9818  |   -0.1259/ -0.1160/ -0.1083           -0.1083          -0.2167     0.0014  |       0.0536      0.3156
 241      0.0582        0.9753  |   -0.1452/ -0.1322/ -0.1222           -0.1222          -0.2080     0.0027  |       0.0525      0.3156
 242      0.0677        0.9749  |   -0.1589/ -0.1409/ -0.1300           -0.1300          -0.1842     0.0044  |       0.0504      0.3156
 243      0.0698        0.9671  |   -0.1052/ -0.0917/ -0.0833           -0.0833          -0.1892     0.0005  |       0.0527      0.3156
 244      0.0598        0.9890  |   -0.1351/ -0.1190/ -0.1110           -0.1110          -0.2173     0.0016  |       0.0525      0.3156
 245      0.0737        0.9790  |   -0.1822/ -0.1655/ -0.1567           -0.1567          -0.2253     0.0016  |       0.0523      0.3156
 246      0.0673        0.9832  |   -0.0901/ -0.0764/ -0.0666           -0.0666          -0.1909     0.0013  |       0.0510      0.3156
 247      0.0724        0.9830  |   -0.1823/ -0.1618/ -0.1531           -0.1531          -0.2067     0.0042  |       0.0503      0.3156
 248      0.0684        0.9652  |   -0.1289/ -0.1103/ -0.1013           -0.1013          -0.2185     0.0019  |       0.0514      0.3156
 249      0.0661        0.9773  |   -0.0523/ -0.0395/ -0.0313           -0.0313          -0.2388     0.0049  |       0.0526      0.3156
 250      0.0723        0.9667  |   -0.0790/ -0.0615/ -0.0507           -0.0507          -0.1721     0.0017  |       0.0515      0.3156
 251      0.0595        0.9762  |   -0.1656/ -0.1527/ -0.1412           -0.1412          -0.2000     0.0019  |       0.0510      0.3156
 252      0.0671        0.9774  |   -0.1481/ -0.1330/ -0.1251           -0.1251          -0.2223     0.0025  |       0.0504      0.3156
 253      0.0632        0.9873  |   -0.0890/ -0.0761/ -0.0674           -0.0674          -0.1754     0.0029  |       0.0510      0.3156
 254      0.0520        0.9763  |   -0.2015/ -0.1888/ -0.1793           -0.1793          -0.2340     0.0013  |       0.0536      0.3156
 255      0.0605        0.9830  |   -0.1894/ -0.1705/ -0.1557           -0.1557          -0.2161     0.0113  |       0.0529      0.3156
 256      0.0723        0.9462  |   -0.0687/ -0.0423/ -0.0244           -0.0244          -0.2540     0.0015  |       0.0525      0.3156
 257      0.0693        0.9846  |    0.0971/  0.1134/  0.1224            0.1224          -0.2568     0.0036  |       0.0525      0.3156
 258      0.0726        0.9800  |    0.0324/  0.0529/  0.0630            0.0630          -0.2482     0.0031  |       0.0526      0.3156
 259      0.0687        0.9720  |    0.0282/  0.0438/  0.0521            0.0521          -0.1664     0.0048  |       0.0515      0.3156
 260      0.0716        0.9645  |   -0.1794/ -0.1660/ -0.1576           -0.1576          -0.2125     0.0020  |       0.0511      0.3156
 261      0.0710        0.9812  |   -0.1218/ -0.1100/ -0.1015           -0.1015          -0.1871     0.0017  |       0.0525      0.3156
 262      0.0543        0.9817  |   -0.1655/ -0.1509/ -0.1414           -0.1414          -0.2120     0.0020  |       0.0526      0.3156
 263      0.0757        0.9749  |   -0.1622/ -0.1502/ -0.1433           -0.1433          -0.2110     0.0009  |       0.0511      0.3156
 264      0.0759        0.9854  |   -0.1428/ -0.1241/ -0.1156           -0.1156          -0.2056     0.0017  |       0.0518      0.3156
 265      0.0612        0.9769  |   -0.1916/ -0.1738/ -0.1641           -0.1641          -0.2114     0.0089  |       0.0533      0.3156
 266      0.0744        0.9497  |   -0.0804/ -0.0596/ -0.0494           -0.0494          -0.2363     0.0027  |       0.0541      0.3156
 267      0.0531        0.9673  |   -0.0285/ -0.0122/ -0.0051           -0.0051          -0.2832     0.0043  |       0.0531      0.3156
 268      0.0719        0.9498  |   -0.1199/ -0.1048/ -0.0943           -0.0943          -0.1904     0.0026  |       0.0517      0.3156
 269      0.0669        0.9807  |   -0.1931/ -0.1734/ -0.1642           -0.1642          -0.2174     0.0024  |       0.0513      0.3156
 270      0.0630        0.9852  |   -0.1767/ -0.1566/ -0.1450           -0.1450          -0.2038     0.0080  |       0.0511      0.3156
 271      0.0638        0.9633  |   -0.1634/ -0.1366/ -0.1282           -0.1282          -0.2284     0.0048  |       0.0466      0.3156
 272      0.0653        0.9671  |    0.0290/  0.0471/  0.0638            0.0638          -0.2236     0.0038  |       0.0451      0.3156
 273      0.0722        0.9741  |   -0.0234/ -0.0086/  0.0012            0.0012          -0.2422     0.0039  |       0.0456      0.3156
 274      0.0671        0.9714  |   -0.2271/ -0.2082/ -0.1983           -0.1983          -0.2367     0.0026  |       0.0471      0.3156
 275      0.0680        0.9829  |   -0.0797/ -0.0660/ -0.0565           -0.0565          -0.1639     0.0025  |       0.0496      0.3156
 276      0.0668        0.9842  |   -0.1847/ -0.1693/ -0.1538           -0.1538          -0.2261     0.0072  |       0.0492      0.3156
 277      0.0649        0.9736  |   -0.1198/ -0.0982/ -0.0837           -0.0837          -0.2802     0.0032  |       0.0477      0.3156
 278      0.0646        0.9705  |   -0.1908/ -0.1721/ -0.1627           -0.1627          -0.2295     0.0029  |       0.0457      0.3156
 279      0.0606        0.9707  |   -0.1385/ -0.1237/ -0.1157           -0.1157          -0.2139     0.0039  |       0.0435      0.3156
 280      0.0637        0.9762  |   -0.2253/ -0.2062/ -0.1830           -0.1830          -0.2533     0.0043  |       0.0455      0.3156
 281      0.0510        0.9776  |   -0.2318/ -0.2158/ -0.2005           -0.2005          -0.3166     0.0105  |       0.0484      0.3156
 282      0.0631        0.9326  |   -0.0541/ -0.0369/ -0.0232           -0.0232          -0.2079     0.0017  |       0.0499      0.3156
 283      0.0625        0.9849  |   -0.1558/ -0.1413/ -0.1326           -0.1326          -0.2344     0.0016  |       0.0500      0.3156
 284      0.0632        0.9898  |   -0.1389/ -0.1225/ -0.1145           -0.1145          -0.2099     0.0025  |       0.0507      0.3156
 285      0.0641        0.9790  |   -0.1983/ -0.1847/ -0.1765           -0.1765          -0.2288     0.0059  |       0.0490      0.3156
 286      0.0636        0.9619  |   -0.1603/ -0.1435/ -0.1324           -0.1324          -0.2570     0.0035  |       0.0442      0.3156
 287      0.0605        0.9779  |   -0.2376/ -0.2237/ -0.2158           -0.2158          -0.2575     0.0042  |       0.0450      0.3156
 288      0.0452        0.9677  |   -0.3039/ -0.2888/ -0.2647           -0.2647          -0.3093     0.0041  |       0.0485      0.3156
 289      0.0624        0.9566  |   -0.2145/ -0.1935/ -0.1789           -0.1789          -0.2649     0.0090  |       0.0453      0.3156
 290      0.0799        0.9327  |    0.0850/  0.1099/  0.1311            0.1311          -0.2044     0.0061  |       0.0410      0.3156
 291      0.0854        0.9244  |    0.1411/  0.1581/  0.1688            0.1688          -0.0190     0.0019  |       0.0409      0.3156
 292      0.0834        0.9533  |   -0.0540/ -0.0397/ -0.0295           -0.0295          -0.1343     0.0030  |       0.0426      0.3156
 293      0.0646        0.9391  |   -0.1688/ -0.1488/ -0.1373           -0.1373          -0.2475     0.0082  |       0.0450      0.3156
 294      0.0646        0.9347  |   -0.0006/  0.0263/  0.0448            0.0448          -0.2346     0.0020  |       0.0451      0.3156
 295      0.0648        0.9835  |    0.0521/  0.0655/  0.0727            0.0727          -0.2322     0.0052  |       0.0464      0.3156
 296      0.0727        0.9683  |   -0.1318/ -0.1115/ -0.1027           -0.1027          -0.2183     0.0018  |       0.0467      0.3156
 297      0.0723        0.9843  |   -0.1530/ -0.1405/ -0.1332           -0.1332          -0.2260     0.0030  |       0.0466      0.3156
 298      0.0569        0.9800  |   -0.2371/ -0.2155/ -0.2014           -0.2014          -0.2978     0.0086  |       0.0474      0.3156
 299      0.0622        0.9646  |   -0.1882/ -0.1729/ -0.1618           -0.1618          -0.2650     0.0061  |       0.0443      0.3156
IMAGEIO FFMPEG_WRITER WARNING: input image is not divisible by macro_block_size=16, resizing from (320, 180) to (320, 192) to ensure video compatibility with most codecs and players. To prevent resizing, make your input image divisible by the macro_block_size or set the macro_block_size to 1 (risking incompatibility).

Saved 300 frames -> /home/ashwink/Documents/swms/SWM_copy/rollouts_5_per/expert+subopt/epoch6/epoch6_rollout3_failure.mp4
min dist(green_cube,blue_moon) over episode = 0.1988  ->  FAILURE
Full log written to /home/ashwink/Documents/swms/SWM_copy/rollouts_5_per/expert+subopt/epoch6/epoch6_rollout3_20260723_124725.log
Result json -> /home/ashwink/Documents/swms/SWM_copy/rollouts_5_per/expert+subopt/epoch6/epoch6_rollout3_result.json
