Checkpoint dir epoch: 6  Rollout: 2
Logging to /home/ashwink/Documents/swms/SWM_copy/rollouts_5_per/expert+subopt/epoch6/epoch6_rollout2_20260723_124551.log
Goal (fixed, steps 0-299): the green cube is touching the blue moon. the peg is touching the green cube.

Checkpoint: /home/ashwink/Documents/swms/SWM_copy/training/checkpoints_clip_full_fine-tuned_with_subopt_data/epoch_006.pt
  epoch=6  step=11802

Loading CLIP ViT-L/14 (datacomp_xl_s13b_b90k) + fine-tuned clip_state_dict ...
Parsing model identifier. Schema: None, Identifier: ViT-L-14
Loaded built-in ViT-L-14 model config.
Instantiating model architecture: CLIP
Loading full pretrained weights from: /home/ashwink/.cache/huggingface/hub/models--laion--CLIP-ViT-L-14-DataComp.XL-s13B-b90K/snapshots/84c9828e63dc9a9351d1fe637c346d4c1c4db341/open_clip_pytorch_model.bin
Final image preprocessing configuration set: {'size': (224, 224), 'mode': 'RGB', 'mean': (0.48145466, 0.4578275, 0.40821073), 'std': (0.26862954, 0.26130258, 0.27577711), 'interpolation': 'bicubic', 'resize_mode': 'shortest', 'fill_color': 0}
Model ViT-L-14 creation process complete.
Parsing tokenizer identifier. Schema: None, Identifier: ViT-L-14
Attempting to load config from built-in: ViT-L-14
Using default SimpleTokenizer.
z_star shape: torch.Size([768])

Loading action stats from /home/ashwink/full_data_5000/langtable/demos/ ...
  lo=[-0.03372681140899658, -0.03493623435497284]  hi=[0.03496786952018738, 0.03494429588317871]

Initializing LangTable env ...
Loading URDF plane.urdf
Loading URDF /home/ashwink/Documents/swms/.venv/lib/python3.10/site-packages/language_table/environments/utils/../../../language_table/environments/assets/workspace_real.urdf
Loading URDF xarm/xarm6_robot_white.urdf
Loading URDF /home/ashwink/Documents/swms/.venv/lib/python3.10/site-packages/language_table/environments/utils/../../../language_table/environments/assets/suction/cylinder_real.urdf
Loading URDF /home/ashwink/Documents/swms/.venv/lib/python3.10/site-packages/language_table/environments/utils/../../../language_table/environments/assets/blocks/red_moon.urdf
Loading URDF /home/ashwink/Documents/swms/.venv/lib/python3.10/site-packages/language_table/environments/utils/../../../language_table/environments/assets/blocks/red_cube.urdf
Loading URDF /home/ashwink/Documents/swms/.venv/lib/python3.10/site-packages/language_table/environments/utils/../../../language_table/environments/assets/blocks/red_star.urdf
Loading URDF /home/ashwink/Documents/swms/.venv/lib/python3.10/site-packages/language_table/environments/utils/../../../language_table/environments/assets/blocks/red_pentagon.urdf
Loading URDF /home/ashwink/Documents/swms/.venv/lib/python3.10/site-packages/language_table/environments/utils/../../../language_table/environments/assets/blocks/blue_moon.urdf
Loading URDF /home/ashwink/Documents/swms/.venv/lib/python3.10/site-packages/language_table/environments/utils/../../../language_table/environments/assets/blocks/blue_cube.urdf
Loading URDF /home/ashwink/Documents/swms/.venv/lib/python3.10/site-packages/language_table/environments/utils/../../../language_table/environments/assets/blocks/blue_star.urdf
Loading URDF /home/ashwink/Documents/swms/.venv/lib/python3.10/site-packages/language_table/environments/utils/../../../language_table/environments/assets/blocks/blue_pentagon.urdf
Loading URDF /home/ashwink/Documents/swms/.venv/lib/python3.10/site-packages/language_table/environments/utils/../../../language_table/environments/assets/blocks/yellow_moon.urdf
Loading URDF /home/ashwink/Documents/swms/.venv/lib/python3.10/site-packages/language_table/environments/utils/../../../language_table/environments/assets/blocks/yellow_cube.urdf
Loading URDF /home/ashwink/Documents/swms/.venv/lib/python3.10/site-packages/language_table/environments/utils/../../../language_table/environments/assets/blocks/yellow_star.urdf
Loading URDF /home/ashwink/Documents/swms/.venv/lib/python3.10/site-packages/language_table/environments/utils/../../../language_table/environments/assets/blocks/yellow_pentagon.urdf
Loading URDF /home/ashwink/Documents/swms/.venv/lib/python3.10/site-packages/language_table/environments/utils/../../../language_table/environments/assets/blocks/green_moon.urdf
Loading URDF /home/ashwink/Documents/swms/.venv/lib/python3.10/site-packages/language_table/environments/utils/../../../language_table/environments/assets/blocks/green_cube.urdf
Loading URDF /home/ashwink/Documents/swms/.venv/lib/python3.10/site-packages/language_table/environments/utils/../../../language_table/environments/assets/blocks/green_star.urdf
Loading URDF /home/ashwink/Documents/swms/.venv/lib/python3.10/site-packages/language_table/environments/utils/../../../language_table/environments/assets/blocks/green_pentagon.urdf
Loading URDF /home/ashwink/Documents/swms/.venv/lib/python3.10/site-packages/language_table/environments/utils/../../../language_table/environments/assets/blocks/purple_moon.urdf
Loading URDF /home/ashwink/Documents/swms/.venv/lib/python3.10/site-packages/language_table/environments/utils/../../../language_table/environments/assets/blocks/purple_cube.urdf
Loading URDF /home/ashwink/Documents/swms/.venv/lib/python3.10/site-packages/language_table/environments/utils/../../../language_table/environments/assets/blocks/purple_star.urdf
Loading URDF /home/ashwink/Documents/swms/.venv/lib/python3.10/site-packages/language_table/environments/utils/../../../language_table/environments/assets/blocks/purple_pentagon.urdf
Env ready.

Forced peg start: [0.42843915 0.24419614]  (green_cube=[0.40339102 0.18967466], blue_moon=[0.32039625 0.00902261])
  dist(peg,green_cube)=0.0600  dist(peg,blue_moon)=0.2588  dist(green_cube,blue_moon)=0.1988

step  cos(zt,z*)  cos(zt,zt-1)  |   cos(predK,z*) min/mean/max  cos(pred_sel,z*)   cos(zpred0,z*)  ||a_raw||  |  dist(peg,A)   dist(A,B)
-------------------------------------------------------------------------------------------------------------------------------------------------------------------------------
   0      0.1967           nan  |    0.3268/  0.3281/  0.3298            0.3298           0.5500     0.0095  |       0.0587      0.1988
   1      0.1934        0.9911  |    0.5822/  0.5949/  0.6030            0.6030           0.5514     0.0066  |       0.0537      0.1988
   2      0.1919        0.9941  |    0.5743/  0.5912/  0.5964            0.5964           0.5293     0.0106  |       0.0490      0.1988
   3      0.1878        0.9879  |    0.5644/  0.5759/  0.5821            0.5821           0.5167     0.0079  |       0.0492      0.1988
   4      0.1835        0.9872  |    0.5398/  0.5510/  0.5575            0.5575           0.4884     0.0064  |       0.0515      0.1988
   5      0.1791        0.9825  |    0.5731/  0.5896/  0.5949            0.5949           0.5424     0.0131  |       0.0540      0.1988
   6      0.1331        0.7856  |    0.0190/  0.0360/  0.0509            0.0509          -0.0280     0.0059  |       0.0588      0.1988
   7      0.1224        0.9387  |    0.1170/  0.1312/  0.1388            0.1388          -0.0265     0.0082  |       0.0555      0.1988
   8      0.1101        0.9451  |    0.1518/  0.1653/  0.1713            0.1713          -0.0247     0.0083  |       0.0490      0.1988
   9      0.1298        0.9308  |    0.1796/  0.1940/  0.2016            0.2016           0.0722     0.0082  |       0.0424      0.1988
  10      0.1166        0.9084  |    0.3123/  0.3261/  0.3325            0.3325           0.1781     0.0064  |       0.0376      0.1988
  11      0.1366        0.8906  |    0.3894/  0.3986/  0.4053            0.4053           0.3128     0.0072  |       0.0344      0.1988
  12      0.1002        0.8965  |    0.1375/  0.1486/  0.1548            0.1548           0.0743     0.0103  |       0.0332      0.1981
  13      0.0483        0.7485  |   -0.1535/ -0.1335/ -0.1203           -0.1203          -0.2206     0.0207  |       0.0342      0.1968
  14      0.1130        0.8431  |    0.1892/  0.2016/  0.2117            0.2117          -0.0268     0.0160  |       0.0406      0.1958
  15      0.0520        0.8914  |    0.1657/  0.1882/  0.1972            0.1972          -0.1761     0.0201  |       0.0486      0.1958
  16      0.0185        0.9023  |    0.0837/  0.1184/  0.1273            0.1273          -0.3287     0.0260  |       0.0647      0.1958
  17     -0.0010        0.8586  |   -0.0599/ -0.0368/ -0.0280           -0.0280          -0.3445     0.0312  |       0.0869      0.1958
  18     -0.0439        0.8274  |   -0.1302/ -0.1146/ -0.1020           -0.1020          -0.3612     0.0335  |       0.1155      0.1958
  19     -0.0817        0.7063  |   -0.2785/ -0.2560/ -0.2434           -0.2434          -0.2507     0.0296  |       0.1474      0.1958
  20     -0.0868        0.8712  |   -0.2735/ -0.2562/ -0.2458           -0.2458          -0.2977     0.0243  |       0.1753      0.1958
  21     -0.0477        0.9167  |   -0.2001/ -0.1737/ -0.1529           -0.1529          -0.2944     0.0191  |       0.1994      0.1958
  22     -0.0538        0.9235  |   -0.1264/ -0.1118/ -0.1029           -0.1029          -0.3077     0.0117  |       0.2180      0.1958
  23     -0.0394        0.9493  |   -0.1372/ -0.1057/ -0.0943           -0.0943          -0.2957     0.0175  |       0.2280      0.1958
  24     -0.0194        0.9370  |   -0.1117/ -0.0727/ -0.0633           -0.0633          -0.3117     0.0183  |       0.2267      0.1965
  25     -0.0070        0.8500  |   -0.1095/ -0.0941/ -0.0822           -0.0822          -0.2809     0.0181  |       0.2196      0.1963
  26     -0.0233        0.8976  |   -0.0870/ -0.0459/ -0.0355           -0.0355          -0.2695     0.0185  |       0.2198      0.1938
  27     -0.0509        0.8504  |   -0.0905/ -0.0687/ -0.0549           -0.0549          -0.2411     0.0198  |       0.2165      0.1890
  28     -0.0852        0.8891  |   -0.0295/ -0.0078/  0.0097            0.0097          -0.2094     0.0229  |       0.2164      0.1889
  29     -0.0688        0.8335  |   -0.0366/ -0.0171/ -0.0017           -0.0017          -0.2227     0.0318  |       0.2175      0.1889
  30     -0.0789        0.7480  |   -0.2427/ -0.2201/ -0.2001           -0.2001          -0.2479     0.0351  |       0.2257      0.1889
  31     -0.0784        0.7704  |   -0.2982/ -0.2736/ -0.2478           -0.2478          -0.3343     0.0451  |       0.2466      0.1889
  32     -0.0803        0.8090  |   -0.2955/ -0.2606/ -0.2354           -0.2354          -0.3628     0.0452  |       0.2831      0.1889
  33     -0.0601        0.8026  |   -0.3412/ -0.3135/ -0.2863           -0.2863          -0.3231     0.0395  |       0.3239      0.1889
  34     -0.0276        0.8772  |   -0.3840/ -0.3569/ -0.3335           -0.3335          -0.3480     0.0335  |       0.3630      0.1889
  35      0.0333        0.8152  |   -0.2593/ -0.2394/ -0.2260           -0.2260          -0.2690     0.0165  |       0.3965      0.1889
  36      0.1223        0.8347  |   -0.2100/ -0.1741/ -0.1387           -0.1387          -0.2958     0.0185  |       0.4139      0.1889
  37      0.1250        0.9485  |    0.0490/  0.0644/  0.0741            0.0741          -0.2642     0.0247  |       0.4322      0.1889
  38      0.1212        0.9732  |    0.0466/  0.0669/  0.0778            0.0778          -0.2941     0.0212  |       0.4558      0.1889
  39      0.1212        1.0000  |    0.0422/  0.0755/  0.0861            0.0861          -0.2941     0.0203  |       0.4755      0.1889
  40      0.1212        1.0000  |    0.0454/  0.0727/  0.0842            0.0842          -0.2941     0.0239  |       0.4931      0.1889
  41      0.1212        1.0000  |    0.0393/  0.0718/  0.0826            0.0826          -0.2941     0.0290  |       0.5091      0.1889
  42      0.1212        1.0000  |    0.0415/  0.0686/  0.0789            0.0789          -0.2941     0.0294  |       0.5257      0.1889
  43      0.1212        1.0000  |    0.0396/  0.0700/  0.0816            0.0816          -0.2941     0.0271  |       0.5298      0.1889
  44      0.1212        1.0000  |    0.0515/  0.0702/  0.0810            0.0810          -0.2941     0.0281  |       0.5303      0.1889
  45      0.1212        1.0000  |    0.0461/  0.0702/  0.0823            0.0823          -0.2941     0.0239  |       0.5305      0.1889
  46      0.1212        1.0000  |    0.0495/  0.0704/  0.0805            0.0805          -0.2941     0.0261  |       0.5305      0.1889
  47      0.1212        1.0000  |    0.0422/  0.0693/  0.0797            0.0797          -0.2941     0.0256  |       0.5305      0.1889
  48      0.1212        1.0000  |    0.0568/  0.0758/  0.0850            0.0850          -0.2941     0.0257  |       0.5304      0.1889
  49      0.1212        1.0000  |    0.0591/  0.0743/  0.0834            0.0834          -0.2941     0.0282  |       0.5304      0.1889
  50      0.1212        1.0000  |    0.0523/  0.0743/  0.0844            0.0844          -0.2941     0.0291  |       0.5303      0.1889
  51      0.1212        1.0000  |    0.0511/  0.0696/  0.0796            0.0796          -0.2941     0.0284  |       0.5303      0.1889
  52      0.1212        1.0000  |    0.0556/  0.0715/  0.0812            0.0812          -0.2941     0.0287  |       0.5303      0.1889
  53      0.1212        1.0000  |    0.0420/  0.0738/  0.0836            0.0836          -0.2941     0.0284  |       0.5304      0.1889
  54      0.1212        1.0000  |    0.0512/  0.0729/  0.0817            0.0817          -0.2941     0.0291  |       0.5306      0.1889
  55      0.1212        1.0000  |    0.0426/  0.0709/  0.0808            0.0808          -0.2941     0.0275  |       0.5305      0.1889
  56      0.1212        1.0000  |    0.0441/  0.0706/  0.0816            0.0816          -0.2941     0.0279  |       0.5305      0.1889
  57      0.1212        1.0000  |    0.0230/  0.0655/  0.0785            0.0785          -0.2941     0.0275  |       0.5304      0.1889
  58      0.1212        1.0000  |    0.0504/  0.0735/  0.0827            0.0827          -0.2941     0.0273  |       0.5304      0.1889
  59      0.1212        1.0000  |    0.0376/  0.0711/  0.0818            0.0818          -0.2941     0.0243  |       0.5304      0.1889
  60      0.1212        1.0000  |    0.0428/  0.0707/  0.0810            0.0810          -0.2941     0.0279  |       0.5304      0.1889
  61      0.1212        1.0000  |    0.0514/  0.0737/  0.0829            0.0829          -0.2941     0.0232  |       0.5304      0.1889
  62      0.1211        1.0000  |    0.0456/  0.0713/  0.0814            0.0814          -0.2940     0.0296  |       0.5304      0.1889
  63      0.1211        1.0000  |    0.0513/  0.0691/  0.0771            0.0771          -0.2940     0.0282  |       0.5304      0.1889
  64      0.1211        1.0000  |    0.0496/  0.0687/  0.0812            0.0812          -0.2940     0.0297  |       0.5304      0.1889
  65      0.1211        1.0000  |    0.0356/  0.0721/  0.0837            0.0837          -0.2940     0.0262  |       0.5303      0.1889
  66      0.1211        1.0000  |    0.0416/  0.0710/  0.0811            0.0811          -0.2940     0.0247  |       0.5303      0.1889
  67      0.1211        1.0000  |    0.0547/  0.0710/  0.0824            0.0824          -0.2940     0.0258  |       0.5303      0.1889
  68      0.1211        1.0000  |    0.0486/  0.0715/  0.0816            0.0816          -0.2940     0.0219  |       0.5303      0.1889
  69      0.1211        1.0000  |    0.0488/  0.0682/  0.0788            0.0788          -0.2940     0.0279  |       0.5303      0.1889
  70      0.1211        1.0000  |    0.0455/  0.0690/  0.0788            0.0788          -0.2940     0.0256  |       0.5303      0.1889
  71      0.1211        1.0000  |    0.0585/  0.0713/  0.0808            0.0808          -0.2940     0.0260  |       0.5304      0.1889
  72      0.1211        1.0000  |    0.0434/  0.0685/  0.0787            0.0787          -0.2940     0.0287  |       0.5305      0.1889
  73      0.1211        1.0000  |    0.0359/  0.0707/  0.0808            0.0808          -0.2940     0.0287  |       0.5306      0.1889
  74      0.1211        1.0000  |    0.0465/  0.0715/  0.0820            0.0820          -0.2940     0.0275  |       0.5305      0.1889
  75      0.1211        1.0000  |    0.0470/  0.0727/  0.0839            0.0839          -0.2940     0.0253  |       0.5305      0.1889
  76      0.1211        1.0000  |    0.0473/  0.0724/  0.0838            0.0838          -0.2940     0.0266  |       0.5306      0.1889
  77      0.1211        1.0000  |    0.0517/  0.0738/  0.0843            0.0843          -0.2940     0.0263  |       0.5306      0.1889
  78      0.1211        1.0000  |    0.0377/  0.0706/  0.0813            0.0813          -0.2940     0.0233  |       0.5305      0.1889
  79      0.1211        1.0000  |    0.0477/  0.0694/  0.0812            0.0812          -0.2940     0.0314  |       0.5306      0.1889
  80      0.1211        1.0000  |    0.0563/  0.0725/  0.0830            0.0830          -0.2940     0.0257  |       0.5306      0.1889
  81      0.1211        1.0000  |    0.0453/  0.0733/  0.0832            0.0832          -0.2940     0.0241  |       0.5306      0.1889
  82      0.1211        1.0000  |    0.0445/  0.0675/  0.0775            0.0775          -0.2940     0.0276  |       0.5305      0.1889
  83      0.1211        1.0000  |    0.0452/  0.0684/  0.0799            0.0799          -0.2940     0.0268  |       0.5306      0.1889
  84      0.1212        1.0000  |    0.0437/  0.0751/  0.0848            0.0848          -0.2941     0.0256  |       0.5306      0.1889
  85      0.1212        1.0000  |    0.0511/  0.0751/  0.0855            0.0855          -0.2941     0.0244  |       0.5307      0.1889
  86      0.1212        1.0000  |    0.0544/  0.0750/  0.0853            0.0853          -0.2941     0.0247  |       0.5306      0.1889
  87      0.1212        1.0000  |    0.0513/  0.0725/  0.0845            0.0845          -0.2941     0.0254  |       0.5306      0.1889
  88      0.1212        1.0000  |    0.0440/  0.0733/  0.0836            0.0836          -0.2941     0.0240  |       0.5306      0.1889
  89      0.1212        1.0000  |    0.0529/  0.0733/  0.0823            0.0823          -0.2941     0.0258  |       0.5307      0.1889
  90      0.1212        1.0000  |    0.0494/  0.0728/  0.0815            0.0815          -0.2941     0.0292  |       0.5307      0.1889
  91      0.1212        1.0000  |    0.0542/  0.0699/  0.0816            0.0816          -0.2941     0.0244  |       0.5306      0.1889
  92      0.1212        1.0000  |    0.0485/  0.0676/  0.0792            0.0792          -0.2941     0.0286  |       0.5306      0.1889
  93      0.1212        1.0000  |    0.0558/  0.0740/  0.0835            0.0835          -0.2941     0.0248  |       0.5307      0.1889
  94      0.1212        1.0000  |    0.0436/  0.0718/  0.0835            0.0835          -0.2942     0.0254  |       0.5307      0.1889
  95      0.1212        1.0000  |    0.0507/  0.0710/  0.0815            0.0815          -0.2941     0.0258  |       0.5308      0.1889
  96      0.1212        1.0000  |    0.0263/  0.0706/  0.0847            0.0847          -0.2941     0.0240  |       0.5307      0.1889
  97      0.1212        1.0000  |    0.0427/  0.0710/  0.0836            0.0836          -0.2941     0.0253  |       0.5306      0.1889
  98      0.1212        1.0000  |    0.0393/  0.0687/  0.0801            0.0801          -0.2941     0.0265  |       0.5306      0.1889
  99      0.1212        1.0000  |    0.0559/  0.0730/  0.0812            0.0812          -0.2942     0.0262  |       0.5307      0.1889
 100      0.1212        1.0000  |    0.0549/  0.0721/  0.0810            0.0810          -0.2941     0.0285  |       0.5307      0.1889
 101      0.1212        1.0000  |    0.0468/  0.0730/  0.0825            0.0825          -0.2941     0.0310  |       0.5308      0.1889
 102      0.1212        1.0000  |    0.0479/  0.0715/  0.0822            0.0822          -0.2941     0.0265  |       0.5308      0.1889
 103      0.1212        1.0000  |    0.0462/  0.0650/  0.0765            0.0765          -0.2942     0.0312  |       0.5307      0.1889
 104      0.1212        1.0000  |    0.0523/  0.0680/  0.0787            0.0787          -0.2942     0.0297  |       0.5307      0.1889
 105      0.1212        1.0000  |    0.0404/  0.0696/  0.0803            0.0803          -0.2942     0.0288  |       0.5307      0.1889
 106      0.1212        1.0000  |    0.0416/  0.0716/  0.0812            0.0812          -0.2942     0.0244  |       0.5307      0.1889
 107      0.1212        1.0000  |    0.0443/  0.0717/  0.0816            0.0816          -0.2942     0.0207  |       0.5307      0.1889
 108      0.1212        1.0000  |    0.0402/  0.0678/  0.0801            0.0801          -0.2942     0.0245  |       0.5307      0.1889
 109      0.1212        1.0000  |    0.0479/  0.0734/  0.0840            0.0840          -0.2942     0.0249  |       0.5307      0.1889
 110      0.1212        1.0000  |    0.0541/  0.0749/  0.0849            0.0849          -0.2942     0.0262  |       0.5307      0.1889
 111      0.1212        1.0000  |    0.0487/  0.0715/  0.0812            0.0812          -0.2942     0.0284  |       0.5306      0.1889
 112      0.1212        1.0000  |    0.0449/  0.0700/  0.0812            0.0812          -0.2942     0.0279  |       0.5306      0.1889
 113      0.1212        1.0000  |    0.0420/  0.0675/  0.0786            0.0786          -0.2942     0.0273  |       0.5305      0.1889
 114      0.1212        1.0000  |    0.0374/  0.0706/  0.0828            0.0828          -0.2939     0.0241  |       0.5306      0.1889
 115      0.1212        1.0000  |    0.0496/  0.0725/  0.0834            0.0834          -0.2942     0.0227  |       0.5307      0.1889
 116      0.1212        1.0000  |    0.0445/  0.0704/  0.0812            0.0812          -0.2939     0.0252  |       0.5308      0.1889
 117      0.1212        1.0000  |    0.0329/  0.0702/  0.0815            0.0815          -0.2939     0.0292  |       0.5308      0.1889
 118      0.1212        1.0000  |    0.0575/  0.0696/  0.0835            0.0835          -0.2939     0.0263  |       0.5309      0.1889
 119      0.1212        1.0000  |    0.0498/  0.0701/  0.0822            0.0822          -0.2939     0.0258  |       0.5308      0.1889
 120      0.1212        1.0000  |    0.0327/  0.0679/  0.0784            0.0784          -0.2939     0.0283  |       0.5307      0.1889
 121      0.1212        1.0000  |    0.0469/  0.0676/  0.0791            0.0791          -0.2939     0.0261  |       0.5307      0.1889
 122      0.1212        1.0000  |    0.0447/  0.0655/  0.0773            0.0773          -0.2939     0.0299  |       0.5308      0.1889
 123      0.1212        1.0000  |    0.0525/  0.0707/  0.0819            0.0819          -0.2939     0.0267  |       0.5308      0.1889
 124      0.1212        1.0000  |    0.0436/  0.0681/  0.0830            0.0830          -0.2940     0.0280  |       0.5308      0.1889
 125      0.1212        1.0000  |    0.0458/  0.0731/  0.0827            0.0827          -0.2940     0.0266  |       0.5309      0.1889
 126      0.1212        1.0000  |    0.0474/  0.0734/  0.0818            0.0818          -0.2940     0.0277  |       0.5309      0.1889
 127      0.1212        1.0000  |    0.0418/  0.0722/  0.0827            0.0827          -0.2940     0.0240  |       0.5309      0.1889
 128      0.1212        1.0000  |    0.0521/  0.0700/  0.0803            0.0803          -0.2940     0.0263  |       0.5308      0.1889
 129      0.1212        1.0000  |    0.0463/  0.0699/  0.0829            0.0829          -0.2940     0.0249  |       0.5307      0.1889
 130      0.1212        1.0000  |    0.0528/  0.0708/  0.0826            0.0826          -0.2940     0.0253  |       0.5308      0.1889
 131      0.1212        1.0000  |    0.0485/  0.0697/  0.0809            0.0809          -0.2940     0.0261  |       0.5309      0.1889
 132      0.1212        1.0000  |    0.0356/  0.0665/  0.0773            0.0773          -0.2940     0.0293  |       0.5309      0.1889
 133      0.1212        1.0000  |    0.0480/  0.0745/  0.0840            0.0840          -0.2940     0.0260  |       0.5309      0.1889
 134      0.1212        1.0000  |    0.0491/  0.0734/  0.0848            0.0848          -0.2940     0.0273  |       0.5308      0.1889
 135      0.1212        1.0000  |    0.0545/  0.0717/  0.0817            0.0817          -0.2940     0.0246  |       0.5307      0.1889
 136      0.1212        1.0000  |    0.0514/  0.0718/  0.0817            0.0817          -0.2940     0.0259  |       0.5308      0.1889
 137      0.1212        1.0000  |    0.0402/  0.0692/  0.0808            0.0808          -0.2940     0.0258  |       0.5309      0.1889
 138      0.1212        1.0000  |    0.0507/  0.0709/  0.0805            0.0805          -0.2940     0.0249  |       0.5309      0.1889
 139      0.1212        1.0000  |    0.0546/  0.0745/  0.0848            0.0848          -0.2940     0.0260  |       0.5310      0.1889
 140      0.1212        1.0000  |    0.0458/  0.0700/  0.0826            0.0826          -0.2940     0.0237  |       0.5310      0.1889
 141      0.1212        1.0000  |    0.0397/  0.0727/  0.0834            0.0834          -0.2940     0.0252  |       0.5310      0.1889
 142      0.1212        1.0000  |    0.0532/  0.0719/  0.0825            0.0825          -0.2940     0.0269  |       0.5311      0.1889
 143      0.1212        1.0000  |    0.0441/  0.0710/  0.0811            0.0811          -0.2939     0.0295  |       0.5311      0.1889
 144      0.1212        1.0000  |    0.0486/  0.0672/  0.0766            0.0766          -0.2940     0.0293  |       0.5311      0.1889
 145      0.1212        1.0000  |    0.0484/  0.0719/  0.0837            0.0837          -0.2940     0.0252  |       0.5311      0.1889
 146      0.1212        1.0000  |    0.0501/  0.0728/  0.0819            0.0819          -0.2939     0.0234  |       0.5311      0.1889
 147      0.1212        1.0000  |    0.0532/  0.0746/  0.0844            0.0844          -0.2939     0.0257  |       0.5311      0.1889
 148      0.1212        1.0000  |    0.0385/  0.0723/  0.0835            0.0835          -0.2940     0.0257  |       0.5311      0.1889
 149      0.1212        1.0000  |    0.0319/  0.0680/  0.0793            0.0793          -0.2939     0.0246  |       0.5311      0.1889
 150      0.1212        1.0000  |    0.0335/  0.0683/  0.0801            0.0801          -0.2939     0.0277  |       0.5311      0.1889
 151      0.1212        1.0000  |    0.0478/  0.0664/  0.0787            0.0787          -0.2939     0.0271  |       0.5311      0.1889
 152      0.1212        1.0000  |    0.0447/  0.0672/  0.0788            0.0788          -0.2939     0.0295  |       0.5311      0.1889
 153      0.1212        1.0000  |    0.0469/  0.0683/  0.0795            0.0795          -0.2939     0.0270  |       0.5311      0.1889
 154      0.1212        1.0000  |    0.0537/  0.0729/  0.0836            0.0836          -0.2939     0.0267  |       0.5311      0.1889
 155      0.1212        1.0000  |    0.0552/  0.0732/  0.0831            0.0831          -0.2939     0.0255  |       0.5311      0.1889
 156      0.1212        1.0000  |    0.0432/  0.0690/  0.0789            0.0789          -0.2939     0.0241  |       0.5311      0.1889
 157      0.1212        1.0000  |    0.0401/  0.0672/  0.0773            0.0773          -0.2939     0.0281  |       0.5311      0.1889
 158      0.1212        1.0000  |    0.0479/  0.0671/  0.0767            0.0767          -0.2939     0.0283  |       0.5311      0.1889
 159      0.1212        1.0000  |    0.0482/  0.0701/  0.0791            0.0791          -0.2939     0.0284  |       0.5311      0.1889
 160      0.1212        1.0000  |    0.0482/  0.0691/  0.0796            0.0796          -0.2939     0.0273  |       0.5311      0.1889
 161      0.1212        1.0000  |    0.0488/  0.0689/  0.0787            0.0787          -0.2939     0.0254  |       0.5311      0.1889
 162      0.1212        1.0000  |    0.0484/  0.0676/  0.0785            0.0785          -0.2939     0.0276  |       0.5311      0.1889
 163      0.1212        1.0000  |    0.0312/  0.0681/  0.0796            0.0796          -0.2939     0.0273  |       0.5311      0.1889
 164      0.1212        1.0000  |    0.0404/  0.0698/  0.0819            0.0819          -0.2939     0.0223  |       0.5311      0.1889
 165      0.1212        1.0000  |    0.0468/  0.0713/  0.0811            0.0811          -0.2939     0.0245  |       0.5311      0.1889
 166      0.1212        1.0000  |    0.0473/  0.0733/  0.0829            0.0829          -0.2939     0.0254  |       0.5311      0.1889
 167      0.1212        1.0000  |    0.0493/  0.0711/  0.0806            0.0806          -0.2939     0.0269  |       0.5311      0.1889
 168      0.1212        1.0000  |    0.0497/  0.0666/  0.0762            0.0762          -0.2939     0.0294  |       0.5311      0.1889
 169      0.1212        1.0000  |    0.0498/  0.0663/  0.0758            0.0758          -0.2939     0.0273  |       0.5311      0.1889
 170      0.1212        1.0000  |    0.0380/  0.0652/  0.0765            0.0765          -0.2939     0.0263  |       0.5311      0.1889
 171      0.1212        1.0000  |    0.0454/  0.0674/  0.0794            0.0794          -0.2939     0.0280  |       0.5311      0.1889
 172      0.1212        1.0000  |    0.0458/  0.0680/  0.0814            0.0814          -0.2939     0.0246  |       0.5311      0.1889
 173      0.1212        1.0000  |    0.0558/  0.0716/  0.0815            0.0815          -0.2939     0.0214  |       0.5311      0.1889
 174      0.1212        1.0000  |    0.0445/  0.0731/  0.0843            0.0843          -0.2939     0.0273  |       0.5311      0.1889
 175      0.1212        1.0000  |    0.0468/  0.0710/  0.0825            0.0825          -0.2939     0.0273  |       0.5311      0.1889
 176      0.1212        1.0000  |    0.0403/  0.0661/  0.0757            0.0757          -0.2939     0.0283  |       0.5311      0.1889
 177      0.1214        0.9997  |    0.0508/  0.0761/  0.0888            0.0888          -0.2944     0.0264  |       0.5311      0.1889
 178      0.1212        0.9997  |    0.0453/  0.0698/  0.0812            0.0812          -0.2939     0.0264  |       0.5311      0.1889
 179      0.1212        1.0000  |    0.0447/  0.0686/  0.0803            0.0803          -0.2939     0.0295  |       0.5311      0.1889
 180      0.1212        1.0000  |    0.0514/  0.0730/  0.0818            0.0818          -0.2939     0.0241  |       0.5311      0.1889
 181      0.1212        1.0000  |    0.0510/  0.0677/  0.0774            0.0774          -0.2939     0.0313  |       0.5311      0.1889
 182      0.1212        1.0000  |    0.0438/  0.0680/  0.0790            0.0790          -0.2939     0.0264  |       0.5311      0.1889
 183      0.1212        1.0000  |    0.0415/  0.0669/  0.0767            0.0767          -0.2939     0.0298  |       0.5311      0.1889
 184      0.1212        1.0000  |    0.0386/  0.0637/  0.0758            0.0758          -0.2939     0.0278  |       0.5311      0.1889
 185      0.1212        1.0000  |    0.0424/  0.0696/  0.0801            0.0801          -0.2939     0.0253  |       0.5311      0.1889
 186      0.1212        1.0000  |    0.0481/  0.0714/  0.0821            0.0821          -0.2939     0.0285  |       0.5311      0.1889
 187      0.1212        1.0000  |    0.0435/  0.0705/  0.0800            0.0800          -0.2939     0.0278  |       0.5311      0.1889
 188      0.1212        1.0000  |    0.0429/  0.0711/  0.0813            0.0813          -0.2939     0.0253  |       0.5311      0.1889
 189      0.1212        1.0000  |    0.0523/  0.0708/  0.0808            0.0808          -0.2939     0.0248  |       0.5311      0.1889
 190      0.1212        1.0000  |    0.0469/  0.0682/  0.0774            0.0774          -0.2939     0.0287  |       0.5311      0.1889
 191      0.1212        1.0000  |    0.0407/  0.0675/  0.0779            0.0779          -0.2939     0.0287  |       0.5311      0.1889
 192      0.1212        1.0000  |    0.0454/  0.0647/  0.0765            0.0765          -0.2939     0.0275  |       0.5311      0.1889
 193      0.1212        1.0000  |    0.0457/  0.0638/  0.0746            0.0746          -0.2939     0.0262  |       0.5311      0.1889
 194      0.1214        0.9997  |    0.0476/  0.0717/  0.0837            0.0837          -0.2944     0.0268  |       0.5311      0.1889
 195      0.1212        0.9997  |    0.0446/  0.0703/  0.0819            0.0819          -0.2939     0.0272  |       0.5311      0.1889
 196      0.1212        1.0000  |    0.0517/  0.0722/  0.0823            0.0823          -0.2939     0.0236  |       0.5311      0.1889
 197      0.1212        1.0000  |    0.0445/  0.0684/  0.0798            0.0798          -0.2939     0.0297  |       0.5311      0.1889
 198      0.1212        1.0000  |    0.0452/  0.0699/  0.0793            0.0793          -0.2939     0.0269  |       0.5311      0.1889
 199      0.1212        1.0000  |    0.0432/  0.0660/  0.0763            0.0763          -0.2939     0.0269  |       0.5311      0.1889
 200      0.1212        1.0000  |    0.0427/  0.0663/  0.0768            0.0768          -0.2939     0.0299  |       0.5311      0.1889
 201      0.1212        1.0000  |    0.0418/  0.0664/  0.0782            0.0782          -0.2939     0.0261  |       0.5311      0.1889
 202      0.1212        1.0000  |    0.0407/  0.0675/  0.0783            0.0783          -0.2939     0.0291  |       0.5311      0.1889
 203      0.1212        1.0000  |    0.0488/  0.0694/  0.0789            0.0789          -0.2940     0.0277  |       0.5311      0.1889
 204      0.1212        1.0000  |    0.0480/  0.0669/  0.0774            0.0774          -0.2940     0.0279  |       0.5311      0.1889
 205      0.1212        1.0000  |    0.0526/  0.0688/  0.0807            0.0807          -0.2940     0.0253  |       0.5311      0.1889
 206      0.1214        0.9997  |    0.0386/  0.0761/  0.0880            0.0880          -0.2945     0.0251  |       0.5311      0.1889
 207      0.1214        1.0000  |    0.0543/  0.0744/  0.0836            0.0836          -0.2945     0.0278  |       0.5311      0.1889
 208      0.1214        1.0000  |    0.0512/  0.0773/  0.0890            0.0890          -0.2945     0.0260  |       0.5311      0.1889
 209      0.1214        1.0000  |    0.0487/  0.0748/  0.0900            0.0900          -0.2945     0.0278  |       0.5311      0.1889
 210      0.1214        1.0000  |    0.0512/  0.0765/  0.0886            0.0886          -0.2945     0.0269  |       0.5311      0.1889
 211      0.1214        1.0000  |    0.0509/  0.0766/  0.0866            0.0866          -0.2945     0.0258  |       0.5311      0.1889
 212      0.1214        1.0000  |    0.0605/  0.0776/  0.0883            0.0883          -0.2945     0.0286  |       0.5311      0.1889
 213      0.1214        1.0000  |    0.0529/  0.0754/  0.0868            0.0868          -0.2945     0.0285  |       0.5311      0.1889
 214      0.1214        1.0000  |    0.0515/  0.0752/  0.0855            0.0855          -0.2945     0.0280  |       0.5311      0.1889
 215      0.1214        1.0000  |    0.0420/  0.0714/  0.0824            0.0824          -0.2945     0.0264  |       0.5311      0.1889
 216      0.1214        1.0000  |    0.0484/  0.0745/  0.0843            0.0843          -0.2945     0.0296  |       0.5311      0.1889
 217      0.1214        1.0000  |    0.0538/  0.0787/  0.0898            0.0898          -0.2945     0.0266  |       0.5311      0.1889
 218      0.1214        1.0000  |    0.0556/  0.0757/  0.0869            0.0869          -0.2945     0.0287  |       0.5311      0.1889
 219      0.1214        1.0000  |    0.0490/  0.0760/  0.0873            0.0873          -0.2946     0.0262  |       0.5311      0.1889
 220      0.1214        1.0000  |    0.0342/  0.0750/  0.0864            0.0864          -0.2945     0.0250  |       0.5311      0.1889
 221      0.1214        1.0000  |    0.0522/  0.0734/  0.0836            0.0836          -0.2945     0.0249  |       0.5311      0.1889
 222      0.1214        1.0000  |    0.0478/  0.0754/  0.0854            0.0854          -0.2945     0.0266  |       0.5311      0.1889
 223      0.1214        1.0000  |    0.0553/  0.0788/  0.0905            0.0905          -0.2945     0.0281  |       0.5311      0.1889
 224      0.1214        1.0000  |    0.0499/  0.0783/  0.0888            0.0888          -0.2946     0.0251  |       0.5311      0.1889
 225      0.1214        1.0000  |    0.0448/  0.0728/  0.0842            0.0842          -0.2945     0.0260  |       0.5311      0.1889
 226      0.1214        1.0000  |    0.0548/  0.0780/  0.0887            0.0887          -0.2946     0.0241  |       0.5311      0.1889
 227      0.1214        1.0000  |    0.0567/  0.0765/  0.0878            0.0878          -0.2945     0.0245  |       0.5311      0.1889
 228      0.1214        1.0000  |    0.0523/  0.0749/  0.0847            0.0847          -0.2943     0.0258  |       0.5311      0.1889
 229      0.1214        1.0000  |    0.0512/  0.0741/  0.0835            0.0835          -0.2946     0.0296  |       0.5311      0.1889
 230      0.1214        1.0000  |    0.0497/  0.0761/  0.0873            0.0873          -0.2946     0.0258  |       0.5311      0.1889
 231      0.1214        1.0000  |    0.0545/  0.0749/  0.0852            0.0852          -0.2946     0.0265  |       0.5311      0.1889
 232      0.1214        1.0000  |    0.0573/  0.0751/  0.0854            0.0854          -0.2946     0.0284  |       0.5311      0.1889
 233      0.1214        1.0000  |    0.0525/  0.0759/  0.0880            0.0880          -0.2946     0.0265  |       0.5311      0.1889
 234      0.1214        1.0000  |    0.0563/  0.0766/  0.0884            0.0884          -0.2946     0.0278  |       0.5311      0.1889
 235      0.1214        1.0000  |    0.0552/  0.0766/  0.0860            0.0860          -0.2946     0.0261  |       0.5311      0.1889
 236      0.1214        1.0000  |    0.0577/  0.0766/  0.0865            0.0865          -0.2946     0.0266  |       0.5311      0.1889
 237      0.1214        1.0000  |    0.0545/  0.0772/  0.0885            0.0885          -0.2946     0.0265  |       0.5311      0.1889
 238      0.1214        1.0000  |    0.0480/  0.0781/  0.0868            0.0868          -0.2946     0.0245  |       0.5311      0.1889
 239      0.1214        1.0000  |    0.0521/  0.0763/  0.0881            0.0881          -0.2946     0.0289  |       0.5311      0.1889
 240      0.1214        1.0000  |    0.0551/  0.0763/  0.0901            0.0901          -0.2946     0.0272  |       0.5311      0.1889
 241      0.1214        1.0000  |    0.0399/  0.0733/  0.0845            0.0845          -0.2946     0.0276  |       0.5311      0.1889
 242      0.1214        1.0000  |    0.0466/  0.0765/  0.0882            0.0882          -0.2943     0.0283  |       0.5311      0.1889
 243      0.1214        1.0000  |    0.0568/  0.0777/  0.0874            0.0874          -0.2953     0.0274  |       0.5311      0.1889
 244      0.1214        1.0000  |    0.0456/  0.0755/  0.0872            0.0872          -0.2953     0.0282  |       0.5311      0.1889
 245      0.1214        1.0000  |    0.0643/  0.0777/  0.0869            0.0869          -0.2943     0.0291  |       0.5311      0.1889
 246      0.1214        1.0000  |    0.0529/  0.0795/  0.0891            0.0891          -0.2943     0.0290  |       0.5311      0.1889
 247      0.1214        1.0000  |    0.0426/  0.0721/  0.0826            0.0826          -0.2950     0.0271  |       0.5311      0.1889
 248      0.1214        1.0000  |    0.0503/  0.0745/  0.0868            0.0868          -0.2950     0.0233  |       0.5311      0.1889
 249      0.1214        1.0000  |    0.0352/  0.0779/  0.0879            0.0879          -0.2948     0.0253  |       0.5311      0.1889
 250      0.1214        1.0000  |    0.0551/  0.0767/  0.0877            0.0877          -0.2950     0.0275  |       0.5311      0.1889
 251      0.1214        1.0000  |    0.0533/  0.0753/  0.0857            0.0857          -0.2948     0.0293  |       0.5311      0.1889
 252      0.1214        1.0000  |    0.0450/  0.0743/  0.0843            0.0843          -0.2948     0.0305  |       0.5311      0.1889
 253      0.1214        1.0000  |    0.0511/  0.0779/  0.0889            0.0889          -0.2948     0.0231  |       0.5311      0.1889
 254      0.1214        1.0000  |    0.0551/  0.0743/  0.0855            0.0855          -0.2948     0.0223  |       0.5311      0.1889
 255      0.1214        1.0000  |    0.0473/  0.0746/  0.0860            0.0860          -0.2948     0.0290  |       0.5311      0.1889
 256      0.1214        1.0000  |    0.0419/  0.0752/  0.0864            0.0864          -0.2948     0.0228  |       0.5311      0.1889
 257      0.1214        1.0000  |    0.0422/  0.0774/  0.0867            0.0867          -0.2948     0.0253  |       0.5311      0.1889
 258      0.1214        1.0000  |    0.0383/  0.0712/  0.0822            0.0822          -0.2948     0.0297  |       0.5311      0.1889
 259      0.1214        1.0000  |    0.0479/  0.0714/  0.0817            0.0817          -0.2948     0.0274  |       0.5311      0.1889
 260      0.1214        1.0000  |    0.0517/  0.0734/  0.0838            0.0838          -0.2948     0.0262  |       0.5311      0.1889
 261      0.1214        1.0000  |    0.0556/  0.0724/  0.0839            0.0839          -0.2948     0.0280  |       0.5311      0.1889
 262      0.1214        1.0000  |    0.0581/  0.0769/  0.0870            0.0870          -0.2948     0.0242  |       0.5311      0.1889
 263      0.1214        1.0000  |    0.0496/  0.0757/  0.0851            0.0851          -0.2948     0.0257  |       0.5311      0.1889
 264      0.1214        1.0000  |    0.0511/  0.0754/  0.0845            0.0845          -0.2948     0.0253  |       0.5311      0.1889
 265      0.1214        1.0000  |    0.0471/  0.0777/  0.0893            0.0893          -0.2948     0.0256  |       0.5311      0.1889
 266      0.1214        1.0000  |    0.0494/  0.0771/  0.0872            0.0872          -0.2948     0.0274  |       0.5311      0.1889
 267      0.1214        1.0000  |    0.0440/  0.0752/  0.0875            0.0875          -0.2948     0.0269  |       0.5311      0.1889
 268      0.1214        1.0000  |    0.0512/  0.0759/  0.0869            0.0869          -0.2948     0.0284  |       0.5311      0.1889
 269      0.1213        1.0000  |    0.0505/  0.0737/  0.0837            0.0837          -0.2953     0.0282  |       0.5311      0.1889
 270      0.1213        1.0000  |    0.0608/  0.0750/  0.0835            0.0835          -0.2953     0.0271  |       0.5311      0.1889
 271      0.1213        1.0000  |    0.0465/  0.0737/  0.0852            0.0852          -0.2953     0.0266  |       0.5311      0.1889
 272      0.1213        1.0000  |    0.0504/  0.0714/  0.0853            0.0853          -0.2953     0.0277  |       0.5311      0.1889
 273      0.1213        1.0000  |    0.0540/  0.0743/  0.0836            0.0836          -0.2953     0.0301  |       0.5311      0.1889
 274      0.1213        1.0000  |    0.0473/  0.0703/  0.0800            0.0800          -0.2953     0.0254  |       0.5311      0.1889
 275      0.1213        1.0000  |    0.0541/  0.0717/  0.0836            0.0836          -0.2953     0.0276  |       0.5311      0.1889
 276      0.1214        1.0000  |    0.0431/  0.0739/  0.0851            0.0851          -0.2954     0.0267  |       0.5311      0.1889
 277      0.1214        1.0000  |    0.0537/  0.0737/  0.0849            0.0849          -0.2954     0.0254  |       0.5311      0.1889
 278      0.1214        1.0000  |    0.0553/  0.0754/  0.0858            0.0858          -0.2954     0.0285  |       0.5311      0.1889
 279      0.1214        1.0000  |    0.0520/  0.0739/  0.0836            0.0836          -0.2952     0.0259  |       0.5311      0.1889
 280      0.1213        1.0000  |    0.0530/  0.0720/  0.0834            0.0834          -0.2951     0.0267  |       0.5311      0.1889
 281      0.1213        1.0000  |    0.0348/  0.0727/  0.0857            0.0857          -0.2951     0.0257  |       0.5311      0.1889
 282      0.1213        1.0000  |    0.0542/  0.0746/  0.0853            0.0853          -0.2951     0.0284  |       0.5311      0.1889
 283      0.1213        1.0000  |    0.0514/  0.0756/  0.0871            0.0871          -0.2951     0.0246  |       0.5311      0.1889
 284      0.1214        1.0000  |    0.0552/  0.0761/  0.0865            0.0865          -0.2943     0.0259  |       0.5311      0.1889
 285      0.1213        1.0000  |    0.0580/  0.0744/  0.0841            0.0841          -0.2951     0.0275  |       0.5311      0.1889
 286      0.1213        1.0000  |    0.0446/  0.0769/  0.0875            0.0875          -0.2951     0.0261  |       0.5311      0.1889
 287      0.1213        1.0000  |    0.0476/  0.0713/  0.0810            0.0810          -0.2951     0.0285  |       0.5311      0.1889
 288      0.1213        1.0000  |    0.0470/  0.0657/  0.0759            0.0759          -0.2951     0.0280  |       0.5311      0.1889
 289      0.1214        1.0000  |    0.0440/  0.0717/  0.0832            0.0832          -0.2943     0.0267  |       0.5311      0.1889
 290      0.1214        1.0000  |    0.0552/  0.0736/  0.0836            0.0836          -0.2943     0.0262  |       0.5311      0.1889
 291      0.1214        1.0000  |    0.0504/  0.0770/  0.0872            0.0872          -0.2943     0.0276  |       0.5311      0.1889
 292      0.1214        1.0000  |    0.0446/  0.0773/  0.0879            0.0879          -0.2943     0.0269  |       0.5311      0.1889
 293      0.1214        1.0000  |    0.0515/  0.0763/  0.0869            0.0869          -0.2943     0.0280  |       0.5311      0.1889
 294      0.1214        1.0000  |    0.0216/  0.0721/  0.0837            0.0837          -0.2943     0.0241  |       0.5311      0.1889
 295      0.1214        1.0000  |    0.0579/  0.0792/  0.0890            0.0890          -0.2943     0.0238  |       0.5311      0.1889
 296      0.1215        1.0000  |    0.0559/  0.0774/  0.0866            0.0866          -0.2944     0.0290  |       0.5311      0.1889
 297      0.1215        1.0000  |    0.0540/  0.0755/  0.0855            0.0855          -0.2944     0.0246  |       0.5311      0.1889
 298      0.1214        1.0000  |    0.0579/  0.0798/  0.0898            0.0898          -0.2943     0.0260  |       0.5311      0.1889
 299      0.1215        1.0000  |    0.0604/  0.0766/  0.0918            0.0918          -0.2944     0.0275  |       0.5311      0.1889
IMAGEIO FFMPEG_WRITER WARNING: input image is not divisible by macro_block_size=16, resizing from (320, 180) to (320, 192) to ensure video compatibility with most codecs and players. To prevent resizing, make your input image divisible by the macro_block_size or set the macro_block_size to 1 (risking incompatibility).

Saved 300 frames -> /home/ashwink/Documents/swms/SWM_copy/rollouts_5_per/expert+subopt/epoch6/epoch6_rollout2_failure.mp4
min dist(green_cube,blue_moon) over episode = 0.1889  ->  FAILURE
Full log written to /home/ashwink/Documents/swms/SWM_copy/rollouts_5_per/expert+subopt/epoch6/epoch6_rollout2_20260723_124551.log
Result json -> /home/ashwink/Documents/swms/SWM_copy/rollouts_5_per/expert+subopt/epoch6/epoch6_rollout2_result.json
