Checkpoint dir epoch: 11  Rollout: 1
Logging to /home/ashwink/Documents/swms/SWM_copy/rollouts_5_per/expert+subopt_cem_ne128/epoch11/epoch11_rollout1_20260730_124208.log
Goal (fixed, steps 0-299): the green cube is touching the blue moon. the peg is touching the green cube.

Checkpoint: /home/ashwink/Documents/swms/SWM_copy/training/checkpoints_clip_full_fine-tuned_with_subopt_data/epoch_011.pt
  epoch=11  step=20232

Loading CLIP ViT-L/14 (datacomp_xl_s13b_b90k) + fine-tuned clip_state_dict ...
Parsing model identifier. Schema: None, Identifier: ViT-L-14
Loaded built-in ViT-L-14 model config.
Instantiating model architecture: CLIP
Loading full pretrained weights from: /home/ashwink/.cache/huggingface/hub/models--laion--CLIP-ViT-L-14-DataComp.XL-s13B-b90K/snapshots/84c9828e63dc9a9351d1fe637c346d4c1c4db341/open_clip_pytorch_model.bin
Final image preprocessing configuration set: {'size': (224, 224), 'mode': 'RGB', 'mean': (0.48145466, 0.4578275, 0.40821073), 'std': (0.26862954, 0.26130258, 0.27577711), 'interpolation': 'bicubic', 'resize_mode': 'shortest', 'fill_color': 0}
Model ViT-L-14 creation process complete.
Parsing tokenizer identifier. Schema: None, Identifier: ViT-L-14
Attempting to load config from built-in: ViT-L-14
Using default SimpleTokenizer.
z_star shape: torch.Size([768])

Loading action stats from /home/ashwink/full_data_5000/langtable/demos/ ...
  lo=[-0.03372681140899658, -0.03493623435497284]  hi=[0.03496786952018738, 0.03494429588317871]

Initializing LangTable env ...
Loading URDF plane.urdf
Loading URDF /home/ashwink/Documents/swms/.venv/lib/python3.10/site-packages/language_table/environments/utils/../../../language_table/environments/assets/workspace_real.urdf
Loading URDF xarm/xarm6_robot_white.urdf
Loading URDF /home/ashwink/Documents/swms/.venv/lib/python3.10/site-packages/language_table/environments/utils/../../../language_table/environments/assets/suction/cylinder_real.urdf
Loading URDF /home/ashwink/Documents/swms/.venv/lib/python3.10/site-packages/language_table/environments/utils/../../../language_table/environments/assets/blocks/red_moon.urdf
Loading URDF /home/ashwink/Documents/swms/.venv/lib/python3.10/site-packages/language_table/environments/utils/../../../language_table/environments/assets/blocks/red_cube.urdf
Loading URDF /home/ashwink/Documents/swms/.venv/lib/python3.10/site-packages/language_table/environments/utils/../../../language_table/environments/assets/blocks/red_star.urdf
Loading URDF /home/ashwink/Documents/swms/.venv/lib/python3.10/site-packages/language_table/environments/utils/../../../language_table/environments/assets/blocks/red_pentagon.urdf
Loading URDF /home/ashwink/Documents/swms/.venv/lib/python3.10/site-packages/language_table/environments/utils/../../../language_table/environments/assets/blocks/blue_moon.urdf
Loading URDF /home/ashwink/Documents/swms/.venv/lib/python3.10/site-packages/language_table/environments/utils/../../../language_table/environments/assets/blocks/blue_cube.urdf
Loading URDF /home/ashwink/Documents/swms/.venv/lib/python3.10/site-packages/language_table/environments/utils/../../../language_table/environments/assets/blocks/blue_star.urdf
Loading URDF /home/ashwink/Documents/swms/.venv/lib/python3.10/site-packages/language_table/environments/utils/../../../language_table/environments/assets/blocks/blue_pentagon.urdf
Loading URDF /home/ashwink/Documents/swms/.venv/lib/python3.10/site-packages/language_table/environments/utils/../../../language_table/environments/assets/blocks/yellow_moon.urdf
Loading URDF /home/ashwink/Documents/swms/.venv/lib/python3.10/site-packages/language_table/environments/utils/../../../language_table/environments/assets/blocks/yellow_cube.urdf
Loading URDF /home/ashwink/Documents/swms/.venv/lib/python3.10/site-packages/language_table/environments/utils/../../../language_table/environments/assets/blocks/yellow_star.urdf
Loading URDF /home/ashwink/Documents/swms/.venv/lib/python3.10/site-packages/language_table/environments/utils/../../../language_table/environments/assets/blocks/yellow_pentagon.urdf
Loading URDF /home/ashwink/Documents/swms/.venv/lib/python3.10/site-packages/language_table/environments/utils/../../../language_table/environments/assets/blocks/green_moon.urdf
Loading URDF /home/ashwink/Documents/swms/.venv/lib/python3.10/site-packages/language_table/environments/utils/../../../language_table/environments/assets/blocks/green_cube.urdf
Loading URDF /home/ashwink/Documents/swms/.venv/lib/python3.10/site-packages/language_table/environments/utils/../../../language_table/environments/assets/blocks/green_star.urdf
Loading URDF /home/ashwink/Documents/swms/.venv/lib/python3.10/site-packages/language_table/environments/utils/../../../language_table/environments/assets/blocks/green_pentagon.urdf
Loading URDF /home/ashwink/Documents/swms/.venv/lib/python3.10/site-packages/language_table/environments/utils/../../../language_table/environments/assets/blocks/purple_moon.urdf
Loading URDF /home/ashwink/Documents/swms/.venv/lib/python3.10/site-packages/language_table/environments/utils/../../../language_table/environments/assets/blocks/purple_cube.urdf
Loading URDF /home/ashwink/Documents/swms/.venv/lib/python3.10/site-packages/language_table/environments/utils/../../../language_table/environments/assets/blocks/purple_star.urdf
Loading URDF /home/ashwink/Documents/swms/.venv/lib/python3.10/site-packages/language_table/environments/utils/../../../language_table/environments/assets/blocks/purple_pentagon.urdf
Env ready.

Forced peg start: [0.42843915 0.24419614]  (green_cube=[0.40339102 0.18967466], blue_moon=[0.32039625 0.00902261])
  dist(peg,green_cube)=0.0600  dist(peg,blue_moon)=0.2588  dist(green_cube,blue_moon)=0.1988

CEM: K=512  num_elites=128  n_planning_itrs=9  max_action_value=1.0  warm_start_std=0.1  return_mode=best  min_std=0.0  seed=124

step  cos(zt,z*)  cos(zt,zt-1)  |   cos(predK,z*) min/mean/max  cos(pred_sel,z*)   cos(zpred0,z*)  ||a_raw||  |  dist(peg,A)   dist(A,B)
-------------------------------------------------------------------------------------------------------------------------------------------------------------------------------
   0      0.1539           nan  |    0.6470/  0.6702/  0.6786            0.6786           0.6009     0.0153  |       0.0587      0.1988
   1      0.1552        0.9851  |    0.6598/  0.6626/  0.6647            0.6647           0.5821     0.0153  |       0.0539      0.1988
   2      0.1478        0.9745  |    0.6711/  0.6748/  0.6770            0.6770           0.5873     0.0139  |       0.0511      0.1988
   3      0.1332        0.8569  |    0.5949/  0.6031/  0.6102            0.6102           0.4399     0.0078  |       0.0516      0.1988
   4      0.1333        0.9276  |    0.5619/  0.5657/  0.5679            0.5679           0.4053     0.0079  |       0.0552      0.1988
   5      0.0918        0.9448  |    0.2926/  0.3011/  0.3069            0.3069          -0.0183     0.0071  |       0.0591      0.1988
   6      0.0769        0.9515  |    0.3430/  0.3526/  0.3599            0.3599          -0.0254     0.0069  |       0.0652      0.1988
   7      0.0529        0.9376  |    0.2198/  0.2338/  0.2444            0.2444          -0.1693     0.0080  |       0.0713      0.1988
   8     -0.0052        0.9375  |   -0.1437/ -0.1320/ -0.1224           -0.1224          -0.3695     0.0051  |       0.0788      0.1988
   9      0.0075        0.9361  |   -0.1266/ -0.1153/ -0.1084           -0.1084          -0.3670     0.0121  |       0.0831      0.1988
  10      0.0534        0.9010  |    0.0266/  0.0340/  0.0387            0.0387          -0.1755     0.0084  |       0.0881      0.1988
  11      0.1271        0.8106  |    0.5109/  0.5239/  0.5402            0.5402           0.2693     0.0058  |       0.0943      0.1988
  12      0.1145        0.9296  |    0.3200/  0.3414/  0.3555            0.3555          -0.0298     0.0065  |       0.0977      0.1988
  13      0.0251        0.8817  |   -0.0498/ -0.0166/  0.0071            0.0071          -0.2605     0.0064  |       0.1025      0.1988
  14      0.1134        0.8962  |    0.2694/  0.2953/  0.3149            0.3149          -0.0591     0.0083  |       0.1087      0.1988
  15      0.0677        0.9092  |    0.1924/  0.2316/  0.2521            0.2521          -0.2046     0.0044  |       0.1142      0.1988
  16      0.0561        0.9811  |    0.1026/  0.1316/  0.1486            0.1486          -0.2585     0.0050  |       0.1187      0.1988
  17      0.1079        0.9410  |    0.3989/  0.4193/  0.4319            0.4319          -0.0408     0.0066  |       0.1235      0.1988
  18      0.0664        0.9383  |    0.1424/  0.1756/  0.2033            0.2033          -0.2304     0.0059  |       0.1287      0.1988
  19      0.0809        0.9660  |    0.1692/  0.1902/  0.2118            0.2118          -0.1549     0.0034  |       0.1344      0.1988
  20      0.1035        0.9710  |    0.3861/  0.4045/  0.4193            0.4193           0.0219     0.0085  |       0.1381      0.1988
  21      0.0381        0.8592  |    0.1179/  0.1384/  0.1510            0.1510          -0.1950     0.0035  |       0.1443      0.1988
  22      0.0144        0.9510  |    0.0180/  0.0372/  0.0483            0.0483          -0.2813     0.0057  |       0.1480      0.1988
  23      0.0811        0.7808  |    0.4554/  0.4750/  0.4887            0.4887           0.0170     0.0085  |       0.1502      0.1988
  24      0.0245        0.8307  |   -0.0050/  0.0147/  0.0296            0.0296          -0.2748     0.0047  |       0.1563      0.1988
  25      0.0780        0.8491  |    0.3646/  0.3901/  0.4107            0.4107          -0.0829     0.0056  |       0.1585      0.1988
  26      0.0749        0.9613  |    0.3281/  0.3505/  0.3620            0.3620          -0.1959     0.0067  |       0.1634      0.1988
  27      0.0495        0.9469  |    0.0092/  0.0292/  0.0457            0.0457          -0.2705     0.0041  |       0.1693      0.1988
  28      0.0624        0.9578  |    0.1285/  0.1511/  0.1646            0.1646          -0.2322     0.0050  |       0.1733      0.1988
  29      0.0740        0.9509  |    0.1448/  0.1590/  0.1696            0.1696          -0.2097     0.0072  |       0.1767      0.1988
  30      0.1068        0.9138  |    0.2027/  0.2318/  0.2478            0.2478          -0.0606     0.0060  |       0.1820      0.1988
  31      0.0513        0.9575  |    0.0291/  0.0401/  0.0464            0.0464          -0.1692     0.0058  |       0.1878      0.1988
  32      0.0522        0.9605  |   -0.0738/ -0.0647/ -0.0580           -0.0580          -0.2438     0.0094  |       0.1934      0.1988
  33      0.0190        0.9050  |   -0.2555/ -0.2445/ -0.2393           -0.2393          -0.3553     0.0141  |       0.1952      0.1988
  34      0.1133        0.8324  |    0.2729/  0.2956/  0.3155            0.3155           0.1033     0.0031  |       0.1967      0.1988
  35      0.1197        0.9733  |    0.4650/  0.4741/  0.4784            0.4784           0.2596     0.0051  |       0.1969      0.1988
  36      0.1399        0.9724  |    0.4409/  0.4471/  0.4508            0.4508           0.2589     0.0074  |       0.1967      0.1988
  37      0.1137        0.9571  |    0.2450/  0.2558/  0.2624            0.2624           0.0384     0.0069  |       0.1962      0.1988
  38      0.0683        0.9497  |   -0.1358/ -0.1264/ -0.1191           -0.1191          -0.2351     0.0134  |       0.1960      0.1988
  39      0.1315        0.8379  |    0.4208/  0.4318/  0.4389            0.4389           0.2476     0.0057  |       0.1972      0.1988
  40      0.1144        0.9534  |    0.4212/  0.4275/  0.4307            0.4307           0.2476     0.0075  |       0.1969      0.1988
  41      0.1375        0.9507  |    0.4040/  0.4111/  0.4147            0.4147           0.2104     0.0069  |       0.1965      0.1988
  42      0.0722        0.9261  |   -0.1181/ -0.1112/ -0.1056           -0.1056          -0.2355     0.0097  |       0.1960      0.1988
  43      0.1360        0.9162  |    0.4244/  0.4305/  0.4335            0.4335           0.2468     0.0063  |       0.1966      0.1988
  44      0.1219        0.9654  |    0.2797/  0.2861/  0.2918            0.2918           0.0861     0.0083  |       0.1963      0.1988
  45      0.0926        0.9328  |    0.0087/  0.0206/  0.0274            0.0274          -0.1798     0.0075  |       0.1959      0.1988
  46      0.0997        0.9840  |   -0.0258/ -0.0190/ -0.0139           -0.0139          -0.1565     0.0105  |       0.1959      0.1988
  47      0.1055        0.9863  |    0.2374/  0.2465/  0.2523            0.2523          -0.0316     0.0085  |       0.1959      0.1988
  48      0.0935        0.9602  |    0.0216/  0.0316/  0.0368            0.0368          -0.1425     0.0088  |       0.1957      0.1988
  49      0.1034        0.9400  |    0.0679/  0.0780/  0.0851            0.0851          -0.1043     0.0099  |       0.1961      0.1988
  50      0.0947        0.9856  |   -0.0357/ -0.0255/ -0.0202           -0.0202          -0.1458     0.0097  |       0.1961      0.1988
  51      0.0881        0.9885  |    0.0362/  0.0437/  0.0481            0.0481          -0.1155     0.0092  |       0.1962      0.1988
  52      0.0955        0.9884  |    0.1238/  0.1316/  0.1361            0.1361          -0.0540     0.0083  |       0.1962      0.1988
  53      0.0928        0.9898  |    0.0393/  0.0460/  0.0493            0.0493          -0.1148     0.0097  |       0.1962      0.1988
  54      0.1126        0.9846  |    0.2542/  0.2638/  0.2684            0.2684           0.0367     0.0076  |       0.1963      0.1988
  55      0.0912        0.9818  |   -0.0143/ -0.0069/ -0.0010           -0.0010          -0.1231     0.0088  |       0.1962      0.1988
  56      0.1010        0.9812  |    0.0429/  0.0526/  0.0578            0.0578          -0.1129     0.0072  |       0.1961      0.1988
  57      0.0649        0.9858  |   -0.1283/ -0.1208/ -0.1152           -0.1152          -0.2313     0.0106  |       0.1961      0.1988
  58      0.1207        0.9116  |    0.4179/  0.4223/  0.4256            0.4256           0.2144     0.0085  |       0.1968      0.1988
  59      0.1246        0.9578  |    0.3419/  0.3489/  0.3532            0.3532           0.1298     0.0069  |       0.1966      0.1988
  60      0.0890        0.9512  |   -0.0231/ -0.0128/ -0.0069           -0.0069          -0.1283     0.0086  |       0.1962      0.1988
  61      0.0965        0.9922  |   -0.0121/ -0.0050/ -0.0009           -0.0009          -0.1344     0.0102  |       0.1962      0.1988
  62      0.0890        0.9898  |   -0.0205/ -0.0148/ -0.0117           -0.0117          -0.1434     0.0098  |       0.1962      0.1988
  63      0.1144        0.9725  |    0.2955/  0.3016/  0.3052            0.3052           0.0651     0.0071  |       0.1964      0.1988
  64      0.0882        0.9711  |    0.1390/  0.1490/  0.1560            0.1560          -0.0395     0.0082  |       0.1963      0.1988
  65      0.0963        0.9831  |   -0.0036/  0.0059/  0.0126            0.0126          -0.1260     0.0089  |       0.1962      0.1988
  66      0.0903        0.9886  |    0.0329/  0.0419/  0.0473            0.0473          -0.1235     0.0091  |       0.1962      0.1988
  67      0.1132        0.9826  |    0.2621/  0.2691/  0.2755            0.2755           0.0396     0.0081  |       0.1963      0.1988
  68      0.0692        0.9494  |   -0.1473/ -0.1396/ -0.1322           -0.1322          -0.2403     0.0091  |       0.1961      0.1988
  69      0.1282        0.9260  |    0.3181/  0.3272/  0.3329            0.3329           0.1147     0.0059  |       0.1966      0.1988
  70      0.1286        0.9798  |    0.3893/  0.3952/  0.4003            0.4003           0.1964     0.0067  |       0.1965      0.1988
  71      0.0701        0.9278  |   -0.1316/ -0.1245/ -0.1179           -0.1179          -0.2448     0.0116  |       0.1961      0.1988
  72      0.1367        0.9028  |    0.4119/  0.4178/  0.4210            0.4210           0.2271     0.0063  |       0.1967      0.1988
  73      0.1302        0.9664  |    0.3765/  0.3816/  0.3844            0.3844           0.2037     0.0061  |       0.1965      0.1988
  74      0.1125        0.9830  |    0.2488/  0.2569/  0.2621            0.2621           0.0368     0.0056  |       0.1964      0.1988
  75      0.1122        0.9731  |    0.1817/  0.1910/  0.1976            0.1976          -0.0295     0.0103  |       0.1962      0.1988
  76      0.0883        0.9609  |   -0.0885/ -0.0796/ -0.0714           -0.0714          -0.2305     0.0108  |       0.1960      0.1988
  77      0.1244        0.9323  |    0.2678/  0.2805/  0.2905            0.2905           0.0764     0.0097  |       0.1963      0.1988
  78      0.1028        0.9745  |    0.0600/  0.0718/  0.0785            0.0785          -0.0929     0.0094  |       0.1962      0.1988
  79      0.0918        0.9711  |   -0.0440/ -0.0361/ -0.0297           -0.0297          -0.1730     0.0108  |       0.1960      0.1988
  80      0.0725        0.9769  |   -0.1249/ -0.1166/ -0.1111           -0.1111          -0.2336     0.0125  |       0.1961      0.1988
  81      0.1135        0.8699  |    0.3952/  0.4050/  0.4100            0.4100           0.1579     0.0064  |       0.1972      0.1988
  82      0.1163        0.9648  |    0.3587/  0.3668/  0.3733            0.3733           0.1409     0.0081  |       0.1970      0.1988
  83      0.1203        0.9429  |    0.3550/  0.3635/  0.3677            0.3677           0.1474     0.0078  |       0.1965      0.1988
  84      0.0988        0.9356  |    0.0053/  0.0167/  0.0237            0.0237          -0.1438     0.0090  |       0.1961      0.1988
  85      0.0783        0.9762  |   -0.1041/ -0.0963/ -0.0903           -0.0903          -0.2096     0.0113  |       0.1959      0.1988
  86      0.0868        0.9355  |    0.1279/  0.1380/  0.1451            0.1451          -0.0514     0.0075  |       0.1963      0.1988
  87      0.0960        0.9946  |    0.1983/  0.2057/  0.2106            0.2106          -0.0176     0.0079  |       0.1963      0.1988
  88      0.0895        0.9793  |    0.0175/  0.0256/  0.0314            0.0314          -0.1302     0.0087  |       0.1963      0.1988
  89      0.1304        0.9629  |    0.3215/  0.3271/  0.3311            0.3311           0.1241     0.0076  |       0.1966      0.1988
  90      0.0932        0.9625  |    0.0165/  0.0254/  0.0318            0.0318          -0.1058     0.0102  |       0.1963      0.1988
  91      0.0901        0.9538  |    0.1126/  0.1253/  0.1326            0.1326          -0.1246     0.0072  |       0.1960      0.1988
  92      0.1059        0.9544  |    0.0763/  0.0850/  0.0916            0.0916          -0.0887     0.0083  |       0.1958      0.1988
  93      0.0452        0.9475  |   -0.2984/ -0.2890/ -0.2807           -0.2807          -0.3508     0.0168  |       0.1957      0.1988
  94      0.1208        0.8424  |    0.3819/  0.3936/  0.3989            0.3989           0.1528     0.0064  |       0.1971      0.1988
  95      0.1393        0.9549  |    0.3727/  0.3800/  0.3845            0.3845           0.1566     0.0065  |       0.1968      0.1988
  96      0.1465        0.9814  |    0.3682/  0.3735/  0.3765            0.3765           0.1900     0.0053  |       0.1966      0.1988
  97      0.0970        0.9488  |    0.1229/  0.1329/  0.1402            0.1402          -0.0498     0.0063  |       0.1964      0.1988
  98      0.0691        0.9567  |   -0.1400/ -0.1334/ -0.1281           -0.1281          -0.2392     0.0130  |       0.1962      0.1988
  99      0.1148        0.8537  |    0.4099/  0.4196/  0.4247            0.4247           0.1906     0.0077  |       0.1972      0.1988
 100      0.1422        0.9455  |    0.4533/  0.4596/  0.4642            0.4642           0.2875     0.0077  |       0.1969      0.1988
 101      0.0621        0.8956  |   -0.1672/ -0.1587/ -0.1520           -0.1520          -0.2527     0.0075  |       0.1962      0.1988
 102      0.1392        0.9166  |    0.4186/  0.4254/  0.4287            0.4287           0.2522     0.0060  |       0.1967      0.1988
 103      0.1479        0.9729  |    0.4337/  0.4377/  0.4406            0.4406           0.2480     0.0060  |       0.1966      0.1988
 104      0.0884        0.9473  |    0.0107/  0.0187/  0.0252            0.0252          -0.1132     0.0086  |       0.1963      0.1988
 105      0.1447        0.9497  |    0.4010/  0.4054/  0.4082            0.4082           0.1987     0.0063  |       0.1966      0.1988
 106      0.0958        0.9545  |    0.1293/  0.1387/  0.1451            0.1451          -0.0498     0.0076  |       0.1964      0.1988
 107      0.0946        0.9989  |    0.1205/  0.1326/  0.1376            0.1376          -0.0495     0.0086  |       0.1963      0.1988
 108      0.0910        0.9908  |    0.0399/  0.0453/  0.0493            0.0493          -0.1208     0.0087  |       0.1963      0.1988
 109      0.1216        0.9723  |    0.3178/  0.3232/  0.3266            0.3266           0.1129     0.0058  |       0.1965      0.1988
 110      0.0919        0.9696  |    0.0057/  0.0140/  0.0205            0.0205          -0.1146     0.0088  |       0.1963      0.1988
 111      0.0702        0.9622  |   -0.1367/ -0.1304/ -0.1252           -0.1252          -0.2376     0.0098  |       0.1962      0.1988
 112      0.1366        0.9205  |    0.3516/  0.3567/  0.3598            0.3598           0.1460     0.0056  |       0.1967      0.1988
 113      0.1341        0.9861  |    0.3447/  0.3504/  0.3543            0.3543           0.1510     0.0052  |       0.1967      0.1988
 114      0.0902        0.9560  |    0.0329/  0.0458/  0.0530            0.0530          -0.1054     0.0079  |       0.1964      0.1988
 115      0.1240        0.9732  |    0.3415/  0.3482/  0.3527            0.3527           0.1350     0.0093  |       0.1965      0.1988
 116      0.0695        0.9340  |   -0.1514/ -0.1428/ -0.1351           -0.1351          -0.2465     0.0114  |       0.1962      0.1988
 117      0.1217        0.8837  |    0.3895/  0.4030/  0.4095            0.4095           0.1647     0.0068  |       0.1971      0.1988
 118      0.1293        0.9454  |    0.3190/  0.3257/  0.3296            0.3296           0.1182     0.0069  |       0.1967      0.1988
 119      0.0905        0.9595  |    0.0002/  0.0091/  0.0143            0.0143          -0.1266     0.0100  |       0.1964      0.1988
 120      0.1246        0.9713  |    0.3464/  0.3527/  0.3560            0.3560           0.1443     0.0068  |       0.1965      0.1988
 121      0.0982        0.9792  |    0.1284/  0.1385/  0.1446            0.1446          -0.0469     0.0077  |       0.1964      0.1988
 122      0.0902        0.9969  |    0.0560/  0.0639/  0.0691            0.0691          -0.1012     0.0080  |       0.1964      0.1988
 123      0.1193        0.9846  |    0.2777/  0.2856/  0.2890            0.2890           0.0797     0.0082  |       0.1965      0.1988
 124      0.0906        0.9825  |    0.0423/  0.0510/  0.0571            0.0571          -0.1017     0.0080  |       0.1963      0.1988
 125      0.0924        0.9896  |   -0.0219/ -0.0136/ -0.0083           -0.0083          -0.1240     0.0089  |       0.1963      0.1988
 126      0.1114        0.9817  |    0.1832/  0.1914/  0.1962            0.1962          -0.0241     0.0089  |       0.1963      0.1988
 127      0.0719        0.9667  |   -0.1018/ -0.0950/ -0.0907           -0.0907          -0.2084     0.0127  |       0.1961      0.1988
 128      0.1315        0.9217  |    0.3179/  0.3242/  0.3280            0.3280           0.1204     0.0066  |       0.1966      0.1988
 129      0.0963        0.9699  |    0.1175/  0.1263/  0.1324            0.1324          -0.0527     0.0063  |       0.1964      0.1988
 130      0.0959        0.9807  |    0.0295/  0.0377/  0.0428            0.0428          -0.1123     0.0080  |       0.1963      0.1988
 131      0.0647        0.9794  |   -0.1339/ -0.1273/ -0.1221           -0.1221          -0.2289     0.0108  |       0.1962      0.1988
 132      0.1362        0.9045  |    0.4665/  0.4729/  0.4761            0.4761           0.2716     0.0086  |       0.1969      0.1988
 133      0.1334        0.9521  |    0.3907/  0.3975/  0.4037            0.4037           0.2145     0.0067  |       0.1966      0.1988
 134      0.0685        0.9268  |   -0.1235/ -0.1166/ -0.1113           -0.1113          -0.2229     0.0095  |       0.1962      0.1988
 135      0.1431        0.9027  |    0.4099/  0.4153/  0.4182            0.4182           0.2204     0.0068  |       0.1968      0.1988
 136      0.1288        0.9786  |    0.3183/  0.3238/  0.3279            0.3279           0.1149     0.0066  |       0.1967      0.1988
 137      0.0885        0.9592  |    0.0124/  0.0244/  0.0332            0.0332          -0.1194     0.0083  |       0.1964      0.1988
 138      0.1289        0.9683  |    0.3163/  0.3262/  0.3319            0.3319           0.1043     0.0081  |       0.1965      0.1988
 139      0.0804        0.9279  |   -0.0559/ -0.0501/ -0.0456           -0.0456          -0.1861     0.0068  |       0.1962      0.1988
 140      0.1262        0.9359  |    0.2890/  0.2971/  0.3031            0.3031           0.0882     0.0092  |       0.1964      0.1988
 141      0.0865        0.9338  |   -0.1063/ -0.0975/ -0.0906           -0.0906          -0.2334     0.0081  |       0.1961      0.1988
 142      0.0902        0.9500  |   -0.0209/ -0.0137/ -0.0078           -0.0078          -0.1363     0.0093  |       0.1963      0.1988
 143      0.1261        0.9505  |    0.2781/  0.2858/  0.2900            0.2900           0.0983     0.0076  |       0.1967      0.1988
 144      0.1476        0.9802  |    0.4244/  0.4286/  0.4314            0.4314           0.2360     0.0061  |       0.1966      0.1988
 145      0.0940        0.9467  |   -0.0051/  0.0048/  0.0104            0.0104          -0.1179     0.0089  |       0.1963      0.1988
 146      0.1114        0.9784  |    0.1829/  0.1954/  0.2016            0.2016          -0.0294     0.0086  |       0.1963      0.1988
 147      0.0874        0.9665  |   -0.0951/ -0.0867/ -0.0801           -0.0801          -0.2070     0.0110  |       0.1961      0.1988
 148      0.1323        0.9158  |    0.3955/  0.4005/  0.4036            0.4036           0.2067     0.0078  |       0.1965      0.1988
 149      0.0703        0.9247  |   -0.1143/ -0.1053/ -0.0989           -0.0989          -0.2239     0.0103  |       0.1962      0.1988
 150      0.1358        0.9048  |    0.4414/  0.4472/  0.4512            0.4512           0.2451     0.0074  |       0.1969      0.1988
 151      0.1283        0.9516  |    0.3202/  0.3333/  0.3406            0.3406           0.1218     0.0085  |       0.1965      0.1988
 152      0.0631        0.9331  |   -0.1717/ -0.1640/ -0.1577           -0.1577          -0.2564     0.0108  |       0.1962      0.1988
 153      0.1366        0.9017  |    0.3916/  0.3976/  0.4015            0.4015           0.1998     0.0070  |       0.1968      0.1988
 154      0.1303        0.9811  |    0.3580/  0.3641/  0.3676            0.3676           0.1509     0.0055  |       0.1967      0.1988
 155      0.1201        0.9752  |    0.2656/  0.2733/  0.2782            0.2782           0.0758     0.0093  |       0.1965      0.1988
 156      0.0905        0.9371  |    0.0922/  0.1037/  0.1127            0.1127          -0.1415     0.0073  |       0.1961      0.1988
 157      0.0654        0.9770  |   -0.1584/ -0.1512/ -0.1449           -0.1449          -0.2588     0.0123  |       0.1960      0.1988
 158      0.1463        0.8872  |    0.4062/  0.4137/  0.4176            0.4176           0.2201     0.0063  |       0.1966      0.1988
 159      0.1123        0.9697  |    0.2633/  0.2737/  0.2825            0.2825           0.0684     0.0081  |       0.1964      0.1988
 160      0.1003        0.9701  |    0.0587/  0.0664/  0.0731            0.0731          -0.1105     0.0076  |       0.1963      0.1988
 161      0.0902        0.9776  |   -0.0121/ -0.0066/ -0.0030           -0.0030          -0.1362     0.0096  |       0.1963      0.1988
 162      0.0866        0.9796  |    0.0158/  0.0223/  0.0274            0.0274          -0.1288     0.0094  |       0.1962      0.1988
 163      0.0890        0.9820  |    0.0035/  0.0089/  0.0139            0.0139          -0.1223     0.0086  |       0.1963      0.1988
 164      0.1021        0.9810  |    0.0577/  0.0649/  0.0691            0.0691          -0.1060     0.0098  |       0.1963      0.1988
 165      0.1033        0.9939  |    0.1131/  0.1229/  0.1279            0.1279          -0.0709     0.0093  |       0.1963      0.1988
 166      0.0826        0.9494  |   -0.1403/ -0.1295/ -0.1219           -0.1219          -0.2523     0.0092  |       0.1960      0.1988
 167      0.1028        0.9495  |    0.0768/  0.0920/  0.1036            0.1036          -0.0880     0.0100  |       0.1962      0.1988
 168      0.0933        0.9812  |    0.0717/  0.0815/  0.0859            0.0859          -0.0936     0.0093  |       0.1964      0.1988
 169      0.1231        0.9818  |    0.3343/  0.3411/  0.3447            0.3447           0.1324     0.0081  |       0.1965      0.1988
 170      0.1006        0.9719  |    0.0647/  0.0737/  0.0799            0.0799          -0.0913     0.0086  |       0.1963      0.1988
 171      0.0922        0.9578  |    0.1232/  0.1327/  0.1377            0.1377          -0.1299     0.0088  |       0.1961      0.1988
 172      0.0784        0.9798  |   -0.1185/ -0.1097/ -0.1025           -0.1025          -0.2313     0.0131  |       0.1960      0.1988
 173      0.1266        0.9138  |    0.3001/  0.3127/  0.3207            0.3207           0.1029     0.0096  |       0.1964      0.1988
 174      0.1022        0.9412  |    0.0695/  0.0807/  0.0873            0.0873          -0.1078     0.0101  |       0.1961      0.1988
 175      0.0789        0.9792  |   -0.1232/ -0.1129/ -0.1057           -0.1057          -0.2359     0.0141  |       0.1960      0.1988
 176      0.1333        0.8827  |    0.3918/  0.3988/  0.4022            0.4022           0.1991     0.0072  |       0.1968      0.1988
 177      0.1230        0.9718  |    0.3398/  0.3473/  0.3515            0.3515           0.1291     0.0066  |       0.1967      0.1988
 178      0.0941        0.9714  |    0.1618/  0.1741/  0.1813            0.1813          -0.0234     0.0069  |       0.1964      0.1988
 179      0.0708        0.9613  |   -0.1377/ -0.1312/ -0.1242           -0.1242          -0.2434     0.0097  |       0.1962      0.1988
 180      0.1183        0.9071  |    0.3710/  0.3805/  0.3864            0.3864           0.1657     0.0073  |       0.1970      0.1988
 181      0.1246        0.9645  |    0.3466/  0.3529/  0.3569            0.3569           0.1346     0.0070  |       0.1967      0.1988
 182      0.0908        0.9601  |    0.0398/  0.0489/  0.0551            0.0551          -0.1204     0.0071  |       0.1964      0.1988
 183      0.1003        0.9783  |    0.0562/  0.0662/  0.0725            0.0725          -0.1105     0.0100  |       0.1963      0.1988
 184      0.0724        0.9816  |   -0.1279/ -0.1209/ -0.1155           -0.1155          -0.2348     0.0106  |       0.1962      0.1988
 185      0.1182        0.9091  |    0.3767/  0.3822/  0.3864            0.3864           0.1655     0.0066  |       0.1970      0.1988
 186      0.1352        0.9869  |    0.4411/  0.4473/  0.4511            0.4511           0.2545     0.0063  |       0.1969      0.1988
 187      0.1305        0.9638  |    0.3616/  0.3692/  0.3745            0.3745           0.1927     0.0066  |       0.1966      0.1988
 188      0.0954        0.9614  |   -0.0292/ -0.0221/ -0.0147           -0.0147          -0.1371     0.0057  |       0.1963      0.1988
 189      0.0891        0.9923  |   -0.0110/ -0.0044/  0.0000            0.0000          -0.1260     0.0087  |       0.1963      0.1988
 190      0.1300        0.9589  |    0.3745/  0.3794/  0.3818            0.3818           0.2004     0.0065  |       0.1966      0.1988
 191      0.1125        0.9808  |    0.2568/  0.2654/  0.2697            0.2697           0.0386     0.0092  |       0.1964      0.1988
 192      0.0870        0.9472  |   -0.0409/ -0.0330/ -0.0282           -0.0282          -0.1663     0.0101  |       0.1962      0.1988
 193      0.0726        0.9964  |   -0.0959/ -0.0884/ -0.0849           -0.0849          -0.2038     0.0123  |       0.1961      0.1988
 194      0.1277        0.9168  |    0.3085/  0.3139/  0.3173            0.3173           0.1098     0.0064  |       0.1967      0.1988
 195      0.1289        0.9666  |    0.2967/  0.3044/  0.3088            0.3088           0.0960     0.0089  |       0.1965      0.1988
 196      0.0724        0.9409  |   -0.1275/ -0.1210/ -0.1152           -0.1152          -0.2343     0.0108  |       0.1962      0.1988
 197      0.1422        0.8957  |    0.5112/  0.5152/  0.5170            0.5170           0.3362     0.0081  |       0.1969      0.1988
 198      0.1124        0.9470  |    0.2632/  0.2765/  0.2840            0.2840           0.0689     0.0091  |       0.1965      0.1988
 199      0.0896        0.9425  |    0.0987/  0.1083/  0.1155            0.1155          -0.1407     0.0066  |       0.1961      0.1988
 200      0.0795        0.9834  |   -0.1297/ -0.1218/ -0.1151           -0.1151          -0.2524     0.0116  |       0.1960      0.1988
 201      0.1472        0.8708  |    0.3587/  0.3654/  0.3681            0.3681           0.1872     0.0068  |       0.1966      0.1988
 202      0.1241        0.9755  |    0.3087/  0.3162/  0.3205            0.3205           0.1029     0.0072  |       0.1965      0.1988
 203      0.0880        0.9755  |    0.0159/  0.0229/  0.0271            0.0271          -0.1152     0.0097  |       0.1964      0.1988
 204      0.1238        0.9716  |    0.3428/  0.3484/  0.3520            0.3520           0.1339     0.0074  |       0.1965      0.1988
 205      0.0893        0.9719  |    0.0183/  0.0262/  0.0328            0.0328          -0.1285     0.0086  |       0.1964      0.1988
 206      0.1248        0.9689  |    0.3269/  0.3340/  0.3391            0.3391           0.1318     0.0067  |       0.1965      0.1988
 207      0.0927        0.9709  |    0.0339/  0.0402/  0.0462            0.0462          -0.1135     0.0095  |       0.1964      0.1988
 208      0.1338        0.9641  |    0.4035/  0.4084/  0.4112            0.4112           0.2206     0.0074  |       0.1966      0.1988
 209      0.1094        0.9585  |    0.1667/  0.1766/  0.1836            0.1836          -0.0326     0.0100  |       0.1963      0.1988
 210      0.0800        0.9457  |   -0.1262/ -0.1185/ -0.1120           -0.1120          -0.2312     0.0115  |       0.1960      0.1988
 211      0.0951        0.9258  |    0.1166/  0.1247/  0.1302            0.1302          -0.0567     0.0080  |       0.1964      0.1988
 212      0.0916        0.9886  |    0.0006/  0.0104/  0.0165            0.0165          -0.1156     0.0098  |       0.1963      0.1988
 213      0.0910        0.9998  |   -0.0037/  0.0043/  0.0091            0.0091          -0.1233     0.0096  |       0.1963      0.1988
 214      0.0891        0.9936  |   -0.0078/ -0.0018/  0.0021            0.0021          -0.1262     0.0107  |       0.1964      0.1988
 215      0.1024        0.9904  |    0.0962/  0.1033/  0.1089            0.1089          -0.0796     0.0093  |       0.1963      0.1988
 216      0.0719        0.9672  |   -0.1003/ -0.0928/ -0.0887           -0.0887          -0.2087     0.0114  |       0.1962      0.1988
 217      0.1320        0.9062  |    0.3165/  0.3216/  0.3243            0.3243           0.1307     0.0071  |       0.1967      0.1988
 218      0.1252        0.9782  |    0.3487/  0.3553/  0.3595            0.3595           0.1444     0.0085  |       0.1966      0.1988
 219      0.0647        0.9311  |   -0.1659/ -0.1588/ -0.1516           -0.1516          -0.2533     0.0102  |       0.1963      0.1988
 220      0.1181        0.9067  |    0.3933/  0.3998/  0.4052            0.4052           0.1854     0.0074  |       0.1970      0.1988
 221      0.1362        0.9544  |    0.3984/  0.4049/  0.4086            0.4086           0.1952     0.0070  |       0.1967      0.1988
 222      0.0912        0.9583  |   -0.0283/ -0.0211/ -0.0149           -0.0149          -0.1282     0.0076  |       0.1964      0.1988
 223      0.1071        0.9790  |    0.1395/  0.1475/  0.1529            0.1529          -0.0561     0.0092  |       0.1963      0.1988
 224      0.0904        0.9699  |    0.1126/  0.1234/  0.1306            0.1306          -0.1323     0.0078  |       0.1962      0.1988
 225      0.0663        0.9753  |   -0.1706/ -0.1621/ -0.1570           -0.1570          -0.2589     0.0109  |       0.1961      0.1988
 226      0.0908        0.9305  |    0.0360/  0.0424/  0.0468            0.0468          -0.1088     0.0105  |       0.1965      0.1988
 227      0.1344        0.9618  |    0.3944/  0.3992/  0.4022            0.4022           0.1945     0.0068  |       0.1967      0.1988
 228      0.0877        0.9611  |    0.0171/  0.0263/  0.0315            0.0315          -0.1106     0.0097  |       0.1965      0.1988
 229      0.1310        0.9548  |    0.3704/  0.3744/  0.3770            0.3770           0.1614     0.0071  |       0.1968      0.1988
 230      0.1121        0.9722  |    0.2662/  0.2746/  0.2796            0.2796           0.0661     0.0075  |       0.1966      0.1988
 231      0.1109        0.9742  |    0.1818/  0.1902/  0.1966            0.1966          -0.0302     0.0086  |       0.1964      0.1988
 232      0.0907        0.9619  |   -0.0254/ -0.0168/ -0.0119           -0.0119          -0.2004     0.0089  |       0.1962      0.1988
 233      0.1054        0.9607  |    0.0958/  0.1062/  0.1127            0.1127          -0.0880     0.0074  |       0.1964      0.1988
 234      0.0697        0.9767  |   -0.1141/ -0.1068/ -0.1007           -0.1007          -0.2270     0.0103  |       0.1963      0.1988
 235      0.1103        0.8761  |    0.4616/  0.4679/  0.4709            0.4709           0.3073     0.0077  |       0.1972      0.1988
 236      0.1332        0.9495  |    0.3387/  0.3446/  0.3489            0.3489           0.1460     0.0058  |       0.1969      0.1988
 237      0.1121        0.9672  |    0.2644/  0.2738/  0.2793            0.2793           0.0662     0.0077  |       0.1966      0.1988
 238      0.1064        0.9778  |    0.1537/  0.1635/  0.1691            0.1691          -0.0335     0.0098  |       0.1964      0.1988
 239      0.0892        0.9629  |    0.0924/  0.1032/  0.1093            0.1093          -0.1432     0.0077  |       0.1962      0.1988
 240      0.0886        0.9781  |   -0.0733/ -0.0669/ -0.0614           -0.0614          -0.1833     0.0114  |       0.1961      0.1988
 241      0.0706        0.9555  |   -0.1139/ -0.1061/ -0.0979           -0.0979          -0.2344     0.0108  |       0.1963      0.1988
 242      0.1240        0.8641  |    0.4848/  0.4951/  0.5008            0.5008           0.3023     0.0067  |       0.1973      0.1988
 243      0.1420        0.9694  |    0.4565/  0.4619/  0.4650            0.4650           0.2860     0.0081  |       0.1971      0.1988
 244      0.0904        0.9340  |   -0.0005/  0.0168/  0.0241            0.0241          -0.1167     0.0078  |       0.1965      0.1988
 245      0.0949        0.9909  |   -0.0040/  0.0078/  0.0144            0.0144          -0.1239     0.0072  |       0.1964      0.1988
 246      0.0952        0.9961  |   -0.0169/ -0.0117/ -0.0076           -0.0076          -0.1387     0.0110  |       0.1964      0.1988
 247      0.0981        0.9936  |    0.0673/  0.0780/  0.0831            0.0831          -0.0933     0.0091  |       0.1964      0.1988
 248      0.0694        0.9690  |   -0.1211/ -0.1137/ -0.1084           -0.1084          -0.2377     0.0121  |       0.1963      0.1988
 249      0.1312        0.9234  |    0.3209/  0.3286/  0.3324            0.3324           0.1238     0.0084  |       0.1968      0.1988
 250      0.1129        0.9759  |    0.2722/  0.2793/  0.2830            0.2830           0.0690     0.0085  |       0.1966      0.1988
 251      0.1092        0.9463  |    0.2086/  0.2204/  0.2275            0.2275          -0.0400     0.0078  |       0.1962      0.1988
 252      0.1030        0.9760  |    0.0514/  0.0626/  0.0708            0.0708          -0.1141     0.0120  |       0.1961      0.1988
 253      0.0891        0.9808  |   -0.0806/ -0.0694/ -0.0613           -0.0613          -0.2125     0.0120  |       0.1960      0.1988
 254      0.1336        0.9044  |    0.4040/  0.4087/  0.4115            0.4115           0.2229     0.0070  |       0.1967      0.1988
 255      0.1120        0.9810  |    0.2601/  0.2690/  0.2752            0.2752           0.0264     0.0083  |       0.1966      0.1988
 256      0.0699        0.9521  |   -0.1448/ -0.1367/ -0.1298           -0.1298          -0.2452     0.0109  |       0.1963      0.1988
 257      0.1123        0.8809  |    0.4676/  0.4722/  0.4764            0.4764           0.3177     0.0079  |       0.1972      0.1988
 258      0.1386        0.9701  |    0.4758/  0.4811/  0.4847            0.4847           0.2820     0.0084  |       0.1971      0.1988
 259      0.0916        0.9366  |    0.0356/  0.0463/  0.0529            0.0529          -0.1077     0.0084  |       0.1966      0.1988
 260      0.1463        0.9441  |    0.3667/  0.3726/  0.3753            0.3753           0.2003     0.0064  |       0.1968      0.1988
 261      0.0951        0.9432  |   -0.0199/ -0.0075/ -0.0007           -0.0007          -0.1361     0.0095  |       0.1965      0.1988
 262      0.0938        0.9669  |   -0.0312/ -0.0218/ -0.0162           -0.0162          -0.1493     0.0097  |       0.1963      0.1988
 263      0.0618        0.9803  |   -0.1664/ -0.1578/ -0.1526           -0.1526          -0.2596     0.0116  |       0.1963      0.1988
 264      0.1417        0.8968  |    0.4586/  0.4642/  0.4669            0.4669           0.2782     0.0068  |       0.1970      0.1988
 265      0.1346        0.9727  |    0.4046/  0.4096/  0.4137            0.4137           0.2355     0.0056  |       0.1969      0.1988
 266      0.1407        0.9669  |    0.3356/  0.3411/  0.3444            0.3444           0.1762     0.0053  |       0.1968      0.1988
 267      0.0885        0.9559  |    0.1323/  0.1471/  0.1547            0.1547          -0.0395     0.0065  |       0.1966      0.1988
 268      0.0720        0.9603  |   -0.1352/ -0.1276/ -0.1217           -0.1217          -0.2379     0.0127  |       0.1964      0.1988
 269      0.1227        0.8695  |    0.3985/  0.4074/  0.4133            0.4134           0.1733     0.0072  |       0.1973      0.1988
 270      0.1414        0.9427  |    0.4037/  0.4120/  0.4152            0.4152           0.1906     0.0055  |       0.1970      0.1988
 271      0.1250        0.9623  |    0.3406/  0.3490/  0.3542            0.3542           0.1498     0.0068  |       0.1967      0.1988
 272      0.0905        0.9713  |    0.0258/  0.0393/  0.0469            0.0469          -0.1118     0.0057  |       0.1965      0.1988
 273      0.0990        0.9933  |    0.1242/  0.1311/  0.1364            0.1364          -0.0505     0.0082  |       0.1965      0.1988
 274      0.0901        0.9894  |    0.0376/  0.0453/  0.0508            0.0508          -0.1233     0.0107  |       0.1965      0.1988
 275      0.0924        0.9978  |    0.0189/  0.0274/  0.0320            0.0320          -0.1252     0.0096  |       0.1965      0.1988
 276      0.1217        0.9746  |    0.2485/  0.2554/  0.2596            0.2596           0.0504     0.0089  |       0.1966      0.1988
 277      0.0992        0.9742  |    0.0777/  0.0855/  0.0912            0.0912          -0.0926     0.0090  |       0.1964      0.1988
 278      0.1035        0.9995  |    0.1038/  0.1127/  0.1181            0.1181          -0.0783     0.0096  |       0.1964      0.1988
 279      0.1040        0.9627  |    0.0762/  0.0871/  0.0951            0.0951          -0.1103     0.0083  |       0.1963      0.1988
 280      0.0892        0.9866  |   -0.0456/ -0.0361/ -0.0299           -0.0299          -0.2125     0.0084  |       0.1962      0.1988
 281      0.1127        0.9388  |    0.2509/  0.2579/  0.2620            0.2620           0.0388     0.0087  |       0.1966      0.1988
 282      0.0673        0.9496  |   -0.1412/ -0.1339/ -0.1277           -0.1277          -0.2424     0.0093  |       0.1964      0.1988
 283      0.1355        0.9152  |    0.4435/  0.4484/  0.4511            0.4511           0.2734     0.0051  |       0.1969      0.1988
 284      0.1459        0.9667  |    0.3674/  0.3719/  0.3747            0.3747           0.1987     0.0073  |       0.1968      0.1988
 285      0.1129        0.9643  |    0.2501/  0.2592/  0.2645            0.2645           0.0405     0.0083  |       0.1966      0.1988
 286      0.0940        0.9826  |    0.0180/  0.0270/  0.0350            0.0350          -0.1083     0.0093  |       0.1965      0.1988
 287      0.0716        0.9704  |   -0.1383/ -0.1313/ -0.1256           -0.1256          -0.2460     0.0101  |       0.1964      0.1988
 288      0.1374        0.8994  |    0.4673/  0.4762/  0.4800            0.4800           0.2836     0.0070  |       0.1971      0.1988
 289      0.1239        0.9572  |    0.3374/  0.3461/  0.3519            0.3519           0.1395     0.0068  |       0.1967      0.1988
 290      0.0906        0.9705  |    0.0330/  0.0429/  0.0494            0.0494          -0.1252     0.0062  |       0.1965      0.1988
 291      0.1006        0.9839  |    0.1921/  0.2030/  0.2081            0.2081          -0.0209     0.0078  |       0.1966      0.1988
 292      0.0919        0.9809  |   -0.0241/ -0.0171/ -0.0119           -0.0119          -0.1280     0.0101  |       0.1965      0.1988
 293      0.1094        0.9799  |    0.1546/  0.1630/  0.1673            0.1673          -0.0452     0.0101  |       0.1964      0.1988
 294      0.0703        0.9408  |   -0.1708/ -0.1608/ -0.1533           -0.1533          -0.2765     0.0125  |       0.1962      0.1988
 295      0.1496        0.8590  |    0.3853/  0.3919/  0.3954            0.3954           0.2134     0.0068  |       0.1968      0.1988
 296      0.1217        0.9657  |    0.2381/  0.2492/  0.2573            0.2573           0.0504     0.0079  |       0.1966      0.1988
 297      0.0999        0.9641  |    0.0547/  0.0678/  0.0735            0.0735          -0.1136     0.0074  |       0.1964      0.1988
 298      0.1023        0.9988  |    0.0522/  0.0605/  0.0669            0.0669          -0.1099     0.0086  |       0.1964      0.1988
 299      0.0893        0.9728  |   -0.0902/ -0.0800/ -0.0751           -0.0751          -0.2030     0.0105  |       0.1963      0.1988
IMAGEIO FFMPEG_WRITER WARNING: input image is not divisible by macro_block_size=16, resizing from (320, 180) to (320, 192) to ensure video compatibility with most codecs and players. To prevent resizing, make your input image divisible by the macro_block_size or set the macro_block_size to 1 (risking incompatibility).

Saved 300 frames -> /home/ashwink/Documents/swms/SWM_copy/rollouts_5_per/expert+subopt_cem_ne128/epoch11/epoch11_rollout1_failure.mp4
min dist(green_cube,blue_moon) over episode = 0.1988  ->  FAILURE
Full log written to /home/ashwink/Documents/swms/SWM_copy/rollouts_5_per/expert+subopt_cem_ne128/epoch11/epoch11_rollout1_20260730_124208.log
Result json -> /home/ashwink/Documents/swms/SWM_copy/rollouts_5_per/expert+subopt_cem_ne128/epoch11/epoch11_rollout1_result.json
