Checkpoint dir epoch: 11  Rollout: 4
Logging to /home/ashwink/Documents/swms/SWM_copy/rollouts_5_per/expert+subopt_cem_ne128/epoch11/epoch11_rollout4_20260730_124554.log
Goal (fixed, steps 0-299): the green cube is touching the blue moon. the peg is touching the green cube.

Checkpoint: /home/ashwink/Documents/swms/SWM_copy/training/checkpoints_clip_full_fine-tuned_with_subopt_data/epoch_011.pt
  epoch=11  step=20232

Loading CLIP ViT-L/14 (datacomp_xl_s13b_b90k) + fine-tuned clip_state_dict ...
Parsing model identifier. Schema: None, Identifier: ViT-L-14
Loaded built-in ViT-L-14 model config.
Instantiating model architecture: CLIP
Loading full pretrained weights from: /home/ashwink/.cache/huggingface/hub/models--laion--CLIP-ViT-L-14-DataComp.XL-s13B-b90K/snapshots/84c9828e63dc9a9351d1fe637c346d4c1c4db341/open_clip_pytorch_model.bin
Final image preprocessing configuration set: {'size': (224, 224), 'mode': 'RGB', 'mean': (0.48145466, 0.4578275, 0.40821073), 'std': (0.26862954, 0.26130258, 0.27577711), 'interpolation': 'bicubic', 'resize_mode': 'shortest', 'fill_color': 0}
Model ViT-L-14 creation process complete.
Parsing tokenizer identifier. Schema: None, Identifier: ViT-L-14
Attempting to load config from built-in: ViT-L-14
Using default SimpleTokenizer.
z_star shape: torch.Size([768])

Loading action stats from /home/ashwink/full_data_5000/langtable/demos/ ...
  lo=[-0.03372681140899658, -0.03493623435497284]  hi=[0.03496786952018738, 0.03494429588317871]

Initializing LangTable env ...
Loading URDF plane.urdf
Loading URDF /home/ashwink/Documents/swms/.venv/lib/python3.10/site-packages/language_table/environments/utils/../../../language_table/environments/assets/workspace_real.urdf
Loading URDF xarm/xarm6_robot_white.urdf
Loading URDF /home/ashwink/Documents/swms/.venv/lib/python3.10/site-packages/language_table/environments/utils/../../../language_table/environments/assets/suction/cylinder_real.urdf
Loading URDF /home/ashwink/Documents/swms/.venv/lib/python3.10/site-packages/language_table/environments/utils/../../../language_table/environments/assets/blocks/red_moon.urdf
Loading URDF /home/ashwink/Documents/swms/.venv/lib/python3.10/site-packages/language_table/environments/utils/../../../language_table/environments/assets/blocks/red_cube.urdf
Loading URDF /home/ashwink/Documents/swms/.venv/lib/python3.10/site-packages/language_table/environments/utils/../../../language_table/environments/assets/blocks/red_star.urdf
Loading URDF /home/ashwink/Documents/swms/.venv/lib/python3.10/site-packages/language_table/environments/utils/../../../language_table/environments/assets/blocks/red_pentagon.urdf
Loading URDF /home/ashwink/Documents/swms/.venv/lib/python3.10/site-packages/language_table/environments/utils/../../../language_table/environments/assets/blocks/blue_moon.urdf
Loading URDF /home/ashwink/Documents/swms/.venv/lib/python3.10/site-packages/language_table/environments/utils/../../../language_table/environments/assets/blocks/blue_cube.urdf
Loading URDF /home/ashwink/Documents/swms/.venv/lib/python3.10/site-packages/language_table/environments/utils/../../../language_table/environments/assets/blocks/blue_star.urdf
Loading URDF /home/ashwink/Documents/swms/.venv/lib/python3.10/site-packages/language_table/environments/utils/../../../language_table/environments/assets/blocks/blue_pentagon.urdf
Loading URDF /home/ashwink/Documents/swms/.venv/lib/python3.10/site-packages/language_table/environments/utils/../../../language_table/environments/assets/blocks/yellow_moon.urdf
Loading URDF /home/ashwink/Documents/swms/.venv/lib/python3.10/site-packages/language_table/environments/utils/../../../language_table/environments/assets/blocks/yellow_cube.urdf
Loading URDF /home/ashwink/Documents/swms/.venv/lib/python3.10/site-packages/language_table/environments/utils/../../../language_table/environments/assets/blocks/yellow_star.urdf
Loading URDF /home/ashwink/Documents/swms/.venv/lib/python3.10/site-packages/language_table/environments/utils/../../../language_table/environments/assets/blocks/yellow_pentagon.urdf
Loading URDF /home/ashwink/Documents/swms/.venv/lib/python3.10/site-packages/language_table/environments/utils/../../../language_table/environments/assets/blocks/green_moon.urdf
Loading URDF /home/ashwink/Documents/swms/.venv/lib/python3.10/site-packages/language_table/environments/utils/../../../language_table/environments/assets/blocks/green_cube.urdf
Loading URDF /home/ashwink/Documents/swms/.venv/lib/python3.10/site-packages/language_table/environments/utils/../../../language_table/environments/assets/blocks/green_star.urdf
Loading URDF /home/ashwink/Documents/swms/.venv/lib/python3.10/site-packages/language_table/environments/utils/../../../language_table/environments/assets/blocks/green_pentagon.urdf
Loading URDF /home/ashwink/Documents/swms/.venv/lib/python3.10/site-packages/language_table/environments/utils/../../../language_table/environments/assets/blocks/purple_moon.urdf
Loading URDF /home/ashwink/Documents/swms/.venv/lib/python3.10/site-packages/language_table/environments/utils/../../../language_table/environments/assets/blocks/purple_cube.urdf
Loading URDF /home/ashwink/Documents/swms/.venv/lib/python3.10/site-packages/language_table/environments/utils/../../../language_table/environments/assets/blocks/purple_star.urdf
Loading URDF /home/ashwink/Documents/swms/.venv/lib/python3.10/site-packages/language_table/environments/utils/../../../language_table/environments/assets/blocks/purple_pentagon.urdf
Env ready.

Forced peg start: [0.42843915 0.24419614]  (green_cube=[0.40339102 0.18967466], blue_moon=[0.32039625 0.00902261])
  dist(peg,green_cube)=0.0600  dist(peg,blue_moon)=0.2588  dist(green_cube,blue_moon)=0.1988

CEM: K=512  num_elites=128  n_planning_itrs=9  max_action_value=1.0  warm_start_std=0.1  return_mode=best  min_std=0.0  seed=127

step  cos(zt,z*)  cos(zt,zt-1)  |   cos(predK,z*) min/mean/max  cos(pred_sel,z*)   cos(zpred0,z*)  ||a_raw||  |  dist(peg,A)   dist(A,B)
-------------------------------------------------------------------------------------------------------------------------------------------------------------------------------
   0      0.1539           nan  |    0.6520/  0.6702/  0.6782            0.6782           0.6009     0.0132  |       0.0587      0.1988
   1      0.1500        0.9840  |    0.6629/  0.6652/  0.6671            0.6671           0.5835     0.0105  |       0.0551      0.1988
   2      0.1467        0.9819  |    0.6604/  0.6628/  0.6647            0.6647           0.5853     0.0120  |       0.0547      0.1988
   3      0.1512        0.9578  |    0.6717/  0.6753/  0.6772            0.6772           0.5866     0.0109  |       0.0537      0.1988
   4      0.1298        0.8423  |    0.4810/  0.4920/  0.5017            0.5017           0.2828     0.0062  |       0.0546      0.1988
   5      0.1197        0.9400  |    0.5228/  0.5278/  0.5310            0.5310           0.3368     0.0073  |       0.0574      0.1988
   6      0.0849        0.9519  |    0.3181/  0.3273/  0.3342            0.3342          -0.0372     0.0066  |       0.0611      0.1988
   7      0.0781        0.9584  |    0.2984/  0.3116/  0.3207            0.3207          -0.0323     0.0070  |       0.0664      0.1988
   8      0.0304        0.8964  |    0.0641/  0.0782/  0.0857            0.0857          -0.2599     0.0045  |       0.0711      0.1988
   9      0.0166        0.9482  |   -0.0821/ -0.0675/ -0.0583           -0.0583          -0.3198     0.0052  |       0.0753      0.1988
  10      0.0281        0.9412  |   -0.0721/ -0.0612/ -0.0562           -0.0562          -0.3182     0.0049  |       0.0796      0.1988
  11      0.0178        0.9502  |   -0.0910/ -0.0813/ -0.0760           -0.0760          -0.3281     0.0081  |       0.0839      0.1988
  12      0.0535        0.9330  |   -0.0959/ -0.0805/ -0.0729           -0.0729          -0.2878     0.0107  |       0.0889      0.1988
  13      0.1217        0.7485  |    0.5241/  0.5391/  0.5533            0.5533           0.2734     0.0063  |       0.0970      0.1988
  14      0.1046        0.9733  |    0.4934/  0.5041/  0.5116            0.5116           0.0665     0.0059  |       0.1025      0.1988
  15      0.0951        0.8748  |    0.1490/  0.1759/  0.1924            0.1924          -0.1278     0.0074  |       0.1070      0.1988
  16      0.0978        0.9118  |    0.4553/  0.4694/  0.4791            0.4791          -0.0090     0.0048  |       0.1141      0.1988
  17      0.0764        0.9051  |    0.1704/  0.1954/  0.2135            0.2135          -0.1921     0.0079  |       0.1175      0.1988
  18      0.0935        0.9136  |    0.4688/  0.4872/  0.4963            0.4963           0.0553     0.0062  |       0.1249      0.1988
  19      0.0634        0.8849  |    0.2271/  0.2711/  0.2904            0.2904          -0.1989     0.0053  |       0.1284      0.1988
  20      0.0787        0.9745  |    0.1755/  0.1940/  0.2114            0.2114          -0.1643     0.0045  |       0.1335      0.1988
  21      0.1007        0.9532  |    0.3813/  0.4071/  0.4191            0.4191           0.0172     0.0059  |       0.1379      0.1988
  22      0.0951        0.9373  |    0.3173/  0.3320/  0.3411            0.3411          -0.0703     0.0071  |       0.1432      0.1988
  23      0.0116        0.9062  |   -0.0664/ -0.0479/ -0.0315           -0.0315          -0.2729     0.0112  |       0.1496      0.1988
  24      0.0803        0.8115  |    0.4309/  0.4435/  0.4538            0.4538           0.0547     0.0071  |       0.1558      0.1988
  25      0.0872        0.9483  |    0.4877/  0.5006/  0.5078            0.5078          -0.0209     0.0068  |       0.1620      0.1988
  26      0.0557        0.9497  |    0.0923/  0.1075/  0.1260            0.1260          -0.2628     0.0062  |       0.1676      0.1988
  27      0.0894        0.9484  |    0.2776/  0.2999/  0.3143            0.3143          -0.1144     0.0080  |       0.1734      0.1988
  28      0.0871        0.9508  |    0.2680/  0.2909/  0.3042            0.3042          -0.1738     0.0057  |       0.1809      0.1988
  29      0.0519        0.9279  |   -0.1268/ -0.1163/ -0.1076           -0.1076          -0.2526     0.0071  |       0.1867      0.1988
  30      0.0383        0.9329  |   -0.0214/ -0.0105/ -0.0018           -0.0018          -0.2195     0.0074  |       0.1897      0.1988
  31      0.0797        0.9279  |   -0.0891/ -0.0738/ -0.0629           -0.0629          -0.2614     0.0112  |       0.1936      0.1988
  32      0.1262        0.8749  |    0.2615/  0.2800/  0.2918            0.2918           0.0552     0.0069  |       0.1959      0.1988
  33      0.1196        0.9818  |    0.2739/  0.2808/  0.2865            0.2865           0.0794     0.0071  |       0.1962      0.1988
  34      0.1093        0.9668  |    0.1317/  0.1428/  0.1499            0.1499          -0.0553     0.0081  |       0.1960      0.1988
  35      0.0857        0.9515  |   -0.0875/ -0.0766/ -0.0703           -0.0703          -0.2183     0.0095  |       0.1958      0.1988
  36      0.0995        0.9576  |    0.0448/  0.0534/  0.0610            0.0610          -0.1189     0.0090  |       0.1960      0.1988
  37      0.0902        0.9769  |    0.0355/  0.0429/  0.0476            0.0476          -0.1236     0.0085  |       0.1961      0.1988
  38      0.0917        0.9889  |    0.1666/  0.1729/  0.1772            0.1772          -0.0329     0.0082  |       0.1962      0.1988
  39      0.0688        0.9660  |   -0.1218/ -0.1149/ -0.1103           -0.1103          -0.2236     0.0120  |       0.1960      0.1988
  40      0.1352        0.9039  |    0.3843/  0.3906/  0.3940            0.3940           0.1866     0.0064  |       0.1967      0.1988
  41      0.1470        0.9748  |    0.3848/  0.3890/  0.3912            0.3912           0.2000     0.0061  |       0.1965      0.1988
  42      0.1271        0.9657  |    0.3003/  0.3103/  0.3165            0.3165           0.1013     0.0083  |       0.1963      0.1988
  43      0.0953        0.9153  |    0.0417/  0.0500/  0.0565            0.0565          -0.1409     0.0083  |       0.1958      0.1988
  44      0.0731        0.9563  |   -0.0945/ -0.0840/ -0.0790           -0.0790          -0.2104     0.0112  |       0.1960      0.1988
  45      0.1377        0.9051  |    0.4791/  0.4839/  0.4867            0.4867           0.2971     0.0067  |       0.1968      0.1988
  46      0.1323        0.9727  |    0.3528/  0.3599/  0.3641            0.3641           0.1514     0.0061  |       0.1966      0.1988
  47      0.0993        0.9712  |    0.1813/  0.1921/  0.2004            0.2004          -0.0154     0.0075  |       0.1963      0.1988
  48      0.0709        0.9594  |   -0.1369/ -0.1298/ -0.1240           -0.1240          -0.2439     0.0101  |       0.1961      0.1988
  49      0.1143        0.8993  |    0.3432/  0.3493/  0.3532            0.3532           0.1168     0.0074  |       0.1968      0.1988
  50      0.1402        0.9675  |    0.3804/  0.3879/  0.3916            0.3916           0.1626     0.0052  |       0.1967      0.1988
  51      0.1304        0.9741  |    0.3786/  0.3868/  0.3905            0.3905           0.2137     0.0061  |       0.1965      0.1988
  52      0.0893        0.9582  |   -0.0255/ -0.0180/ -0.0125           -0.0125          -0.1388     0.0086  |       0.1962      0.1988
  53      0.1242        0.9696  |    0.2575/  0.2659/  0.2715            0.2715           0.0591     0.0097  |       0.1963      0.1988
  54      0.0891        0.9435  |   -0.0396/ -0.0320/ -0.0261           -0.0261          -0.1737     0.0104  |       0.1960      0.1988
  55      0.0919        0.9996  |   -0.0322/ -0.0258/ -0.0209           -0.0209          -0.1705     0.0103  |       0.1960      0.1988
  56      0.1006        0.9750  |    0.0457/  0.0517/  0.0564            0.0564          -0.1157     0.0084  |       0.1961      0.1988
  57      0.0668        0.9790  |   -0.1367/ -0.1312/ -0.1263           -0.1263          -0.2376     0.0116  |       0.1961      0.1988
  58      0.1153        0.8883  |    0.3772/  0.3871/  0.3917            0.3917           0.1547     0.0067  |       0.1969      0.1988
  59      0.1373        0.9784  |    0.4680/  0.4729/  0.4759            0.4759           0.2721     0.0077  |       0.1968      0.1988
  60      0.0967        0.9394  |    0.1086/  0.1264/  0.1370            0.1370          -0.0503     0.0060  |       0.1963      0.1988
  61      0.0960        0.9916  |    0.1924/  0.2018/  0.2085            0.2085          -0.0191     0.0090  |       0.1963      0.1988
  62      0.0903        0.9882  |    0.0461/  0.0526/  0.0561            0.0561          -0.1083     0.0085  |       0.1963      0.1988
  63      0.1233        0.9827  |    0.2729/  0.2851/  0.2894            0.2894           0.0836     0.0084  |       0.1964      0.1988
  64      0.0724        0.9476  |   -0.1326/ -0.1255/ -0.1191           -0.1191          -0.2364     0.0101  |       0.1961      0.1988
  65      0.1192        0.9064  |    0.3459/  0.3549/  0.3613            0.3613           0.1426     0.0061  |       0.1969      0.1988
  66      0.1391        0.9648  |    0.4197/  0.4252/  0.4285            0.4285           0.2484     0.0067  |       0.1967      0.1988
  67      0.0921        0.9502  |    0.0322/  0.0405/  0.0473            0.0473          -0.1017     0.0066  |       0.1963      0.1988
  68      0.1084        0.9873  |    0.1711/  0.1844/  0.1931            0.1931          -0.0181     0.0093  |       0.1963      0.1988
  69      0.0697        0.9550  |   -0.1487/ -0.1425/ -0.1374           -0.1374          -0.2564     0.0122  |       0.1961      0.1988
  70      0.1186        0.8711  |    0.4133/  0.4214/  0.4255            0.4255           0.1626     0.0066  |       0.1971      0.1988
  71      0.1429        0.9512  |    0.4300/  0.4375/  0.4418            0.4418           0.2472     0.0058  |       0.1968      0.1988
  72      0.1224        0.9589  |    0.3001/  0.3068/  0.3126            0.3126           0.1058     0.0062  |       0.1964      0.1988
  73      0.0682        0.9366  |   -0.1299/ -0.1193/ -0.1133           -0.1133          -0.2244     0.0094  |       0.1961      0.1988
  74      0.1282        0.9313  |    0.3237/  0.3306/  0.3346            0.3346           0.1155     0.0059  |       0.1966      0.1988
  75      0.1330        0.9891  |    0.3032/  0.3129/  0.3201            0.3201           0.1116     0.0074  |       0.1966      0.1988
  76      0.1080        0.9491  |    0.1353/  0.1462/  0.1541            0.1541          -0.0504     0.0095  |       0.1962      0.1988
  77      0.0790        0.9475  |   -0.1296/ -0.1194/ -0.1120           -0.1120          -0.2360     0.0100  |       0.1959      0.1988
  78      0.1478        0.8824  |    0.4080/  0.4136/  0.4179            0.4179           0.2133     0.0066  |       0.1965      0.1988
  79      0.0914        0.9461  |    0.0353/  0.0482/  0.0550            0.0550          -0.1033     0.0077  |       0.1963      0.1988
  80      0.0923        0.9931  |    0.1506/  0.1586/  0.1640            0.1640          -0.0330     0.0082  |       0.1963      0.1988
  81      0.0684        0.9661  |   -0.1215/ -0.1140/ -0.1080           -0.1080          -0.2208     0.0099  |       0.1961      0.1988
  82      0.1438        0.8960  |    0.4667/  0.4711/  0.4748            0.4748           0.3002     0.0059  |       0.1968      0.1988
  83      0.1303        0.9636  |    0.3837/  0.3887/  0.3924            0.3924           0.2147     0.0067  |       0.1965      0.1988
  84      0.0903        0.9632  |    0.0368/  0.0457/  0.0527            0.0527          -0.1012     0.0078  |       0.1963      0.1988
  85      0.1245        0.9758  |    0.2754/  0.2863/  0.2916            0.2916           0.0749     0.0102  |       0.1964      0.1988
  86      0.0703        0.9375  |   -0.1118/ -0.1051/ -0.0977           -0.0977          -0.2245     0.0084  |       0.1962      0.1988
  87      0.1300        0.9228  |    0.3523/  0.3590/  0.3631            0.3631           0.1478     0.0076  |       0.1966      0.1988
  88      0.0942        0.9664  |    0.1708/  0.1818/  0.1903            0.1903          -0.0181     0.0094  |       0.1964      0.1988
  89      0.0716        0.9539  |   -0.1253/ -0.1178/ -0.1116           -0.1116          -0.2403     0.0109  |       0.1961      0.1988
  90      0.1288        0.9151  |    0.3193/  0.3266/  0.3311            0.3311           0.1184     0.0060  |       0.1966      0.1988
  91      0.1271        0.9657  |    0.2982/  0.3073/  0.3130            0.3130           0.0957     0.0099  |       0.1964      0.1988
  92      0.1030        0.9261  |    0.1420/  0.1506/  0.1579            0.1579          -0.0486     0.0075  |       0.1959      0.1988
  93      0.0895        0.9412  |   -0.1991/ -0.1887/ -0.1795           -0.1795          -0.2913     0.0120  |       0.1957      0.1988
  94      0.1201        0.8925  |    0.2540/  0.2666/  0.2765            0.2765           0.0810     0.0077  |       0.1964      0.1988
  95      0.1126        0.9903  |    0.2877/  0.2942/  0.2982            0.2982           0.0837     0.0082  |       0.1964      0.1988
  96      0.0928        0.9504  |   -0.0379/ -0.0281/ -0.0219           -0.0219          -0.1489     0.0087  |       0.1961      0.1988
  97      0.0998        0.9833  |   -0.0223/ -0.0152/ -0.0108           -0.0108          -0.1554     0.0104  |       0.1960      0.1988
  98      0.0735        0.9786  |   -0.1018/ -0.0952/ -0.0913           -0.0913          -0.2153     0.0108  |       0.1961      0.1988
  99      0.1428        0.8951  |    0.5132/  0.5177/  0.5214            0.5214           0.3426     0.0073  |       0.1969      0.1988
 100      0.1311        0.9698  |    0.3201/  0.3323/  0.3381            0.3381           0.1357     0.0052  |       0.1967      0.1988
 101      0.1125        0.9737  |    0.2436/  0.2568/  0.2634            0.2634           0.0373     0.0072  |       0.1964      0.1988
 102      0.0725        0.9536  |   -0.1441/ -0.1378/ -0.1319           -0.1319          -0.2440     0.0097  |       0.1962      0.1988
 103      0.1362        0.8992  |    0.4620/  0.4695/  0.4741            0.4741           0.2697     0.0070  |       0.1969      0.1988
 104      0.1453        0.9611  |    0.3944/  0.4004/  0.4034            0.4034           0.1942     0.0065  |       0.1966      0.1988
 105      0.0841        0.9136  |   -0.0717/ -0.0630/ -0.0565           -0.0565          -0.1954     0.0081  |       0.1961      0.1988
 106      0.1289        0.9219  |    0.2728/  0.2814/  0.2857            0.2857           0.0899     0.0068  |       0.1966      0.1988
 107      0.1462        0.9881  |    0.3744/  0.3778/  0.3799            0.3799           0.1935     0.0071  |       0.1966      0.1988
 108      0.1207        0.9667  |    0.2492/  0.2565/  0.2621            0.2621           0.0519     0.0095  |       0.1964      0.1988
 109      0.0852        0.9367  |   -0.1086/ -0.0984/ -0.0915           -0.0915          -0.2197     0.0099  |       0.1961      0.1988
 110      0.1311        0.9070  |    0.3069/  0.3120/  0.3150            0.3150           0.1205     0.0076  |       0.1966      0.1988
 111      0.1309        0.9744  |    0.3768/  0.3805/  0.3839            0.3839           0.1855     0.0067  |       0.1965      0.1988
 112      0.1045        0.9520  |    0.1131/  0.1273/  0.1346            0.1346          -0.0710     0.0066  |       0.1962      0.1988
 113      0.0904        0.9661  |   -0.0541/ -0.0464/ -0.0400           -0.0400          -0.1769     0.0093  |       0.1961      0.1988
 114      0.0963        0.9516  |    0.1164/  0.1261/  0.1331            0.1331          -0.0527     0.0071  |       0.1963      0.1988
 115      0.1245        0.9821  |    0.2765/  0.2839/  0.2888            0.2888           0.0726     0.0086  |       0.1964      0.1988
 116      0.0945        0.9759  |   -0.0227/ -0.0155/ -0.0114           -0.0114          -0.1420     0.0105  |       0.1963      0.1988
 117      0.0690        0.9618  |   -0.1380/ -0.1309/ -0.1254           -0.1254          -0.2396     0.0147  |       0.1962      0.1988
 118      0.1133        0.8561  |    0.3410/  0.3526/  0.3584            0.3584           0.1135     0.0067  |       0.1974      0.1988
 119      0.1228        0.9719  |    0.4522/  0.4602/  0.4643            0.4643           0.2186     0.0075  |       0.1972      0.1988
 120      0.1317        0.9412  |    0.2970/  0.3051/  0.3107            0.3107           0.1164     0.0050  |       0.1967      0.1988
 121      0.0959        0.9612  |    0.1109/  0.1205/  0.1267            0.1267          -0.0571     0.0081  |       0.1964      0.1988
 122      0.0617        0.9532  |   -0.1628/ -0.1581/ -0.1538           -0.1538          -0.2645     0.0111  |       0.1962      0.1988
 123      0.1183        0.9040  |    0.3700/  0.3785/  0.3847            0.3847           0.1656     0.0063  |       0.1969      0.1988
 124      0.1189        0.9998  |    0.3763/  0.3831/  0.3874            0.3874           0.1649     0.0076  |       0.1970      0.1988
 125      0.1230        0.9501  |    0.3177/  0.3258/  0.3327            0.3327           0.1221     0.0060  |       0.1965      0.1988
 126      0.0745        0.9382  |   -0.1172/ -0.1100/ -0.1030           -0.1030          -0.2238     0.0100  |       0.1962      0.1988
 127      0.1393        0.9038  |    0.4474/  0.4519/  0.4548            0.4548           0.2632     0.0073  |       0.1969      0.1988
 128      0.1347        0.9681  |    0.3950/  0.4015/  0.4056            0.4056           0.1999     0.0063  |       0.1966      0.1988
 129      0.0569        0.9312  |   -0.1796/ -0.1728/ -0.1664           -0.1664          -0.2684     0.0091  |       0.1962      0.1988
 130      0.1394        0.8961  |    0.4438/  0.4517/  0.4562            0.4562           0.2657     0.0071  |       0.1969      0.1988
 131      0.1354        0.9678  |    0.3791/  0.3849/  0.3889            0.3889           0.1806     0.0052  |       0.1966      0.1988
 132      0.0884        0.9630  |    0.0073/  0.0173/  0.0252            0.0252          -0.1132     0.0079  |       0.1964      0.1988
 133      0.1303        0.9675  |    0.3660/  0.3757/  0.3793            0.3793           0.1950     0.0059  |       0.1966      0.1988
 134      0.0894        0.9702  |    0.0463/  0.0529/  0.0580            0.0580          -0.1011     0.0083  |       0.1964      0.1988
 135      0.1348        0.9671  |    0.3894/  0.3939/  0.3968            0.3968           0.1837     0.0067  |       0.1966      0.1988
 136      0.0940        0.9629  |   -0.0013/  0.0057/  0.0116            0.0116          -0.1178     0.0074  |       0.1963      0.1988
 137      0.0970        0.9912  |    0.0459/  0.0528/  0.0567            0.0567          -0.1102     0.0091  |       0.1963      0.1988
 138      0.0711        0.9681  |   -0.1340/ -0.1263/ -0.1189           -0.1189          -0.2445     0.0109  |       0.1962      0.1988
 139      0.1423        0.8908  |    0.5104/  0.5160/  0.5186            0.5186           0.3355     0.0081  |       0.1969      0.1988
 140      0.1211        0.9527  |    0.2997/  0.3116/  0.3178            0.3178           0.1053     0.0063  |       0.1965      0.1988
 141      0.0914        0.9711  |    0.0512/  0.0571/  0.0618            0.0618          -0.1183     0.0082  |       0.1963      0.1988
 142      0.1045        0.9790  |    0.1168/  0.1286/  0.1347            0.1347          -0.0716     0.0101  |       0.1963      0.1988
 143      0.1034        0.9962  |    0.1101/  0.1205/  0.1276            0.1276          -0.0701     0.0106  |       0.1963      0.1988
 144      0.0884        0.9498  |   -0.0719/ -0.0659/ -0.0611           -0.0611          -0.1829     0.0109  |       0.1960      0.1988
 145      0.0667        0.9510  |   -0.1296/ -0.1238/ -0.1190           -0.1190          -0.2363     0.0113  |       0.1962      0.1988
 146      0.1200        0.8714  |    0.4402/  0.4500/  0.4555            0.4555           0.2121     0.0079  |       0.1972      0.1988
 147      0.1226        0.9815  |    0.4913/  0.4968/  0.5005            0.5005           0.3169     0.0082  |       0.1971      0.1988
 148      0.1323        0.9354  |    0.3656/  0.3752/  0.3816            0.3816           0.1813     0.0072  |       0.1966      0.1988
 149      0.0690        0.9212  |   -0.1487/ -0.1408/ -0.1342           -0.1342          -0.2396     0.0097  |       0.1962      0.1988
 150      0.1422        0.8851  |    0.5080/  0.5142/  0.5172            0.5172           0.3363     0.0066  |       0.1969      0.1988
 151      0.1337        0.9616  |    0.3999/  0.4060/  0.4100            0.4100           0.2224     0.0052  |       0.1966      0.1988
 152      0.0905        0.9601  |    0.0059/  0.0143/  0.0222            0.0222          -0.1248     0.0093  |       0.1964      0.1988
 153      0.0694        0.9723  |   -0.1433/ -0.1363/ -0.1288           -0.1288          -0.2470     0.0115  |       0.1962      0.1988
 154      0.1268        0.8746  |    0.4554/  0.4640/  0.4687            0.4687           0.2469     0.0063  |       0.1971      0.1988
 155      0.1328        0.9456  |    0.3039/  0.3111/  0.3157            0.3157           0.1124     0.0063  |       0.1967      0.1988
 156      0.0886        0.9521  |   -0.0263/ -0.0184/ -0.0132           -0.0132          -0.1436     0.0085  |       0.1964      0.1988
 157      0.1251        0.9649  |    0.3495/  0.3534/  0.3559            0.3559           0.1372     0.0075  |       0.1965      0.1988
 158      0.0907        0.9746  |    0.0481/  0.0547/  0.0589            0.0589          -0.1016     0.0077  |       0.1964      0.1988
 159      0.0990        0.9840  |    0.1979/  0.2053/  0.2096            0.2096          -0.0182     0.0093  |       0.1964      0.1988
 160      0.1003        0.9729  |    0.0593/  0.0690/  0.0736            0.0736          -0.1105     0.0077  |       0.1963      0.1988
 161      0.0695        0.9804  |   -0.1441/ -0.1376/ -0.1298           -0.1298          -0.2463     0.0126  |       0.1962      0.1988
 162      0.1367        0.9053  |    0.4461/  0.4533/  0.4578            0.4578           0.2564     0.0071  |       0.1969      0.1988
 163      0.1292        0.9593  |    0.3883/  0.3938/  0.3985            0.3985           0.1963     0.0073  |       0.1966      0.1988
 164      0.0630        0.9276  |   -0.1696/ -0.1622/ -0.1561           -0.1561          -0.2570     0.0127  |       0.1962      0.1988
 165      0.1268        0.8759  |    0.4584/  0.4645/  0.4695            0.4695           0.2469     0.0066  |       0.1972      0.1988
 166      0.1411        0.9548  |    0.3935/  0.3982/  0.4015            0.4015           0.1836     0.0061  |       0.1969      0.1988
 167      0.1313        0.9591  |    0.3297/  0.3373/  0.3426            0.3426           0.1239     0.0070  |       0.1965      0.1988
 168      0.1078        0.9618  |    0.1384/  0.1499/  0.1590            0.1590          -0.0355     0.0085  |       0.1963      0.1988
 169      0.1000        0.9402  |    0.0163/  0.0282/  0.0348            0.0348          -0.1541     0.0080  |       0.1959      0.1988
 170      0.0977        0.9998  |    0.0122/  0.0212/  0.0276            0.0276          -0.1586     0.0100  |       0.1959      0.1988
 171      0.0840        0.9690  |   -0.1065/ -0.0992/ -0.0935           -0.0935          -0.2149     0.0135  |       0.1961      0.1988
 172      0.1174        0.8727  |    0.4546/  0.4636/  0.4683            0.4683           0.2524     0.0071  |       0.1971      0.1988
 173      0.1279        0.9442  |    0.3517/  0.3584/  0.3622            0.3622           0.1453     0.0074  |       0.1967      0.1988
 174      0.0944        0.9526  |   -0.0363/ -0.0273/ -0.0210           -0.0210          -0.1451     0.0082  |       0.1963      0.1988
 175      0.0903        0.9907  |   -0.0040/  0.0024/  0.0062            0.0062          -0.1285     0.0095  |       0.1963      0.1988
 176      0.0902        0.9997  |   -0.0092/ -0.0018/  0.0022            0.0022          -0.1306     0.0097  |       0.1963      0.1988
 177      0.0899        0.9918  |    0.0324/  0.0386/  0.0422            0.0422          -0.1098     0.0091  |       0.1964      0.1988
 178      0.0947        0.9866  |    0.0096/  0.0158/  0.0206            0.0206          -0.1219     0.0099  |       0.1963      0.1988
 179      0.0610        0.9683  |   -0.1753/ -0.1688/ -0.1640           -0.1640          -0.2684     0.0122  |       0.1962      0.1988
 180      0.1350        0.9019  |    0.3888/  0.3947/  0.3991            0.3991           0.1920     0.0083  |       0.1969      0.1988
 181      0.1289        0.9805  |    0.3211/  0.3264/  0.3297            0.3297           0.1184     0.0065  |       0.1967      0.1988
 182      0.1280        0.9664  |    0.3059/  0.3123/  0.3166            0.3166           0.1011     0.0074  |       0.1965      0.1988
 183      0.0892        0.9294  |   -0.0600/ -0.0482/ -0.0399           -0.0399          -0.2101     0.0074  |       0.1961      0.1988
 184      0.0720        0.9830  |   -0.1306/ -0.1233/ -0.1181           -0.1181          -0.2517     0.0136  |       0.1960      0.1988
 185      0.1372        0.8827  |    0.4798/  0.4867/  0.4905            0.4905           0.3034     0.0061  |       0.1969      0.1988
 186      0.1401        0.9786  |    0.3861/  0.3925/  0.3959            0.3959           0.1653     0.0056  |       0.1969      0.1988
 187      0.1307        0.9670  |    0.3652/  0.3733/  0.3782            0.3782           0.1820     0.0077  |       0.1966      0.1988
 188      0.0641        0.9395  |   -0.1415/ -0.1320/ -0.1253           -0.1253          -0.2239     0.0105  |       0.1963      0.1988
 189      0.1392        0.9199  |    0.3788/  0.3853/  0.3900            0.3900           0.1543     0.0056  |       0.1968      0.1988
 190      0.1366        0.9799  |    0.3900/  0.3954/  0.3982            0.3982           0.1976     0.0069  |       0.1966      0.1988
 191      0.0997        0.9542  |    0.0565/  0.0685/  0.0745            0.0745          -0.1082     0.0075  |       0.1963      0.1988
 192      0.0836        0.9561  |   -0.0939/ -0.0852/ -0.0796           -0.0796          -0.2184     0.0104  |       0.1960      0.1988
 193      0.1490        0.8823  |    0.3907/  0.3975/  0.4015            0.4015           0.2044     0.0055  |       0.1966      0.1988
 194      0.1343        0.9750  |    0.4051/  0.4122/  0.4157            0.4157           0.2303     0.0070  |       0.1966      0.1988
 195      0.0971        0.9597  |   -0.0024/  0.0077/  0.0144            0.0144          -0.1184     0.0076  |       0.1963      0.1988
 196      0.1077        0.9583  |    0.0454/  0.0540/  0.0597            0.0597          -0.1146     0.0101  |       0.1961      0.1988
 197      0.0797        0.9776  |   -0.1038/ -0.0969/ -0.0918           -0.0918          -0.2060     0.0123  |       0.1960      0.1988
 198      0.1125        0.9250  |    0.2614/  0.2672/  0.2707            0.2707           0.0387     0.0094  |       0.1964      0.1988
 199      0.1094        0.9981  |    0.2148/  0.2264/  0.2311            0.2311          -0.0021     0.0095  |       0.1964      0.1988
 200      0.1041        0.9779  |    0.1137/  0.1213/  0.1257            0.1257          -0.0785     0.0098  |       0.1963      0.1988
 201      0.1113        0.9986  |    0.1737/  0.1823/  0.1871            0.1871          -0.0363     0.0103  |       0.1963      0.1988
 202      0.0717        0.9458  |   -0.1565/ -0.1473/ -0.1383           -0.1383          -0.2712     0.0116  |       0.1960      0.1988
 203      0.1406        0.8842  |    0.3933/  0.3996/  0.4032            0.4032           0.1726     0.0064  |       0.1968      0.1988
 204      0.1348        0.9836  |    0.3725/  0.3790/  0.3836            0.3836           0.1709     0.0059  |       0.1966      0.1988
 205      0.0715        0.9388  |   -0.1508/ -0.1423/ -0.1366           -0.1366          -0.2458     0.0114  |       0.1962      0.1988
 206      0.1167        0.8712  |    0.4181/  0.4249/  0.4288            0.4288           0.1653     0.0070  |       0.1972      0.1988
 207      0.1194        0.9757  |    0.4631/  0.4725/  0.4783            0.4783           0.2610     0.0073  |       0.1972      0.1988
 208      0.1359        0.9422  |    0.3895/  0.3936/  0.3978            0.3978           0.1909     0.0055  |       0.1967      0.1988
 209      0.0905        0.9627  |   -0.0064/  0.0049/  0.0110            0.0110          -0.1268     0.0091  |       0.1964      0.1988
 210      0.1125        0.9827  |    0.2548/  0.2661/  0.2701            0.2701           0.0387     0.0077  |       0.1964      0.1988
 211      0.0915        0.9811  |   -0.0221/ -0.0142/ -0.0093           -0.0093          -0.1267     0.0088  |       0.1963      0.1988
 212      0.1125        0.9817  |    0.2547/  0.2612/  0.2644            0.2644           0.0377     0.0076  |       0.1964      0.1988
 213      0.0618        0.9549  |   -0.1602/ -0.1524/ -0.1471           -0.1471          -0.2480     0.0107  |       0.1963      0.1988
 214      0.1436        0.9046  |    0.4241/  0.4277/  0.4305            0.4305           0.2394     0.0066  |       0.1969      0.1988
 215      0.1457        0.9830  |    0.3688/  0.3734/  0.3758            0.3758           0.1885     0.0055  |       0.1967      0.1988
 216      0.0992        0.9569  |    0.2026/  0.2138/  0.2199            0.2199          -0.0132     0.0070  |       0.1965      0.1988
 217      0.1110        0.9738  |    0.1785/  0.1884/  0.1943            0.1943          -0.0296     0.0074  |       0.1963      0.1988
 218      0.0791        0.9507  |   -0.1661/ -0.1561/ -0.1466           -0.1466          -0.2749     0.0104  |       0.1961      0.1988
 219      0.0934        0.9313  |    0.1605/  0.1733/  0.1810            0.1810          -0.0179     0.0085  |       0.1964      0.1988
 220      0.1244        0.9827  |    0.2723/  0.2830/  0.2879            0.2879           0.0723     0.0085  |       0.1965      0.1988
 221      0.0681        0.9387  |   -0.1173/ -0.1104/ -0.1049           -0.1049          -0.2423     0.0106  |       0.1962      0.1988
 222      0.1270        0.9235  |    0.3454/  0.3514/  0.3559            0.3559           0.1360     0.0069  |       0.1967      0.1988
 223      0.1303        0.9838  |    0.3827/  0.3884/  0.3916            0.3916           0.2119     0.0076  |       0.1966      0.1988
 224      0.0895        0.9623  |   -0.0004/  0.0077/  0.0152            0.0152          -0.1166     0.0079  |       0.1964      0.1988
 225      0.1092        0.9840  |    0.2254/  0.2336/  0.2378            0.2378          -0.0003     0.0075  |       0.1964      0.1988
 226      0.0940        0.9807  |    0.0075/  0.0161/  0.0211            0.0211          -0.1219     0.0093  |       0.1963      0.1988
 227      0.1022        0.9875  |    0.0607/  0.0697/  0.0743            0.0743          -0.1049     0.0080  |       0.1962      0.1988
 228      0.0718        0.9698  |   -0.0959/ -0.0895/ -0.0847           -0.0847          -0.2047     0.0110  |       0.1961      0.1988
 229      0.1282        0.9370  |    0.3034/  0.3113/  0.3165            0.3165           0.0984     0.0082  |       0.1965      0.1988
 230      0.0973        0.9729  |    0.0474/  0.0575/  0.0640            0.0640          -0.1066     0.0084  |       0.1964      0.1988
 231      0.0732        0.9730  |   -0.1441/ -0.1378/ -0.1311           -0.1311          -0.2415     0.0115  |       0.1963      0.1988
 232      0.1155        0.8739  |    0.4636/  0.4695/  0.4741            0.4741           0.2673     0.0069  |       0.1972      0.1988
 233      0.1476        0.9688  |    0.5111/  0.5154/  0.5182            0.5182           0.3400     0.0056  |       0.1971      0.1988
 234      0.1263        0.9471  |    0.2960/  0.3050/  0.3123            0.3123           0.1010     0.0082  |       0.1966      0.1988
 235      0.0684        0.9340  |   -0.1515/ -0.1426/ -0.1366           -0.1366          -0.2568     0.0103  |       0.1963      0.1988
 236      0.1303        0.9128  |    0.3387/  0.3451/  0.3497            0.3497           0.1398     0.0067  |       0.1968      0.1988
 237      0.1140        0.9747  |    0.2808/  0.2857/  0.2896            0.2896           0.0810     0.0080  |       0.1966      0.1988
 238      0.0950        0.9823  |    0.0395/  0.0474/  0.0521            0.0521          -0.0940     0.0085  |       0.1965      0.1988
 239      0.0970        0.9934  |    0.0085/  0.0166/  0.0219            0.0219          -0.1229     0.0100  |       0.1964      0.1988
 240      0.1024        0.9871  |    0.0618/  0.0721/  0.0771            0.0771          -0.1034     0.0086  |       0.1964      0.1988
 241      0.0843        0.9730  |   -0.0533/ -0.0473/ -0.0436           -0.0436          -0.1930     0.0098  |       0.1963      0.1988
 242      0.1345        0.9341  |    0.4056/  0.4111/  0.4143            0.4143           0.2282     0.0075  |       0.1967      0.1988
 243      0.0954        0.9799  |    0.1732/  0.1814/  0.1871            0.1871          -0.0236     0.0083  |       0.1966      0.1988
 244      0.0617        0.9701  |   -0.1401/ -0.1339/ -0.1281           -0.1281          -0.2326     0.0114  |       0.1964      0.1988
 245      0.1142        0.9107  |    0.3316/  0.3397/  0.3440            0.3440           0.1136     0.0065  |       0.1971      0.1988
 246      0.1383        0.9623  |    0.3642/  0.3693/  0.3723            0.3723           0.1450     0.0060  |       0.1970      0.1988
 247      0.1280        0.9581  |    0.3112/  0.3193/  0.3254            0.3254           0.1064     0.0066  |       0.1967      0.1988
 248      0.0878        0.9691  |   -0.0265/ -0.0205/ -0.0155           -0.0155          -0.1397     0.0097  |       0.1965      0.1988
 249      0.0953        0.9815  |    0.1233/  0.1317/  0.1368            0.1368          -0.0578     0.0086  |       0.1965      0.1988
 250      0.0941        0.9872  |    0.0220/  0.0301/  0.0355            0.0355          -0.1092     0.0101  |       0.1965      0.1988
 251      0.1059        0.9552  |    0.2002/  0.2111/  0.2186            0.2186          -0.0507     0.0094  |       0.1962      0.1988
 252      0.0837        0.9724  |   -0.0905/ -0.0846/ -0.0799           -0.0799          -0.1965     0.0107  |       0.1961      0.1988
 253      0.0879        0.9341  |    0.0115/  0.0163/  0.0198            0.0198          -0.1362     0.0098  |       0.1965      0.1988
 254      0.1347        0.9454  |    0.4340/  0.4372/  0.4391            0.4391           0.2596     0.0066  |       0.1969      0.1988
 255      0.1351        0.9810  |    0.4101/  0.4167/  0.4199            0.4199           0.2402     0.0072  |       0.1968      0.1988
 256      0.0738        0.9327  |   -0.1103/ -0.1024/ -0.0952           -0.0952          -0.2317     0.0105  |       0.1964      0.1988
 257      0.1352        0.9175  |    0.4395/  0.4449/  0.4483            0.4483           0.2684     0.0056  |       0.1969      0.1988
 258      0.1273        0.9659  |    0.2988/  0.3094/  0.3174            0.3174           0.1078     0.0082  |       0.1966      0.1988
 259      0.0888        0.9356  |   -0.0958/ -0.0880/ -0.0823           -0.0823          -0.2053     0.0113  |       0.1963      0.1988
 260      0.1219        0.9397  |    0.2726/  0.2781/  0.2823            0.2823           0.0809     0.0086  |       0.1966      0.1988
 261      0.1050        0.9674  |    0.1091/  0.1187/  0.1263            0.1263          -0.0791     0.0084  |       0.1964      0.1988
 262      0.1063        0.9990  |    0.0995/  0.1102/  0.1176            0.1176          -0.0889     0.0100  |       0.1964      0.1988
 263      0.1100        0.9692  |    0.0597/  0.0720/  0.0797            0.0797          -0.1043     0.0081  |       0.1963      0.1988
 264      0.0705        0.9770  |   -0.1546/ -0.1491/ -0.1430           -0.1430          -0.2513     0.0137  |       0.1961      0.1988
 265      0.1238        0.9112  |    0.3049/  0.3102/  0.3143            0.3143           0.1095     0.0074  |       0.1966      0.1988
 266      0.1050        0.9605  |    0.1103/  0.1186/  0.1254            0.1254          -0.0796     0.0072  |       0.1964      0.1988
 267      0.0968        0.9636  |    0.1175/  0.1306/  0.1379            0.1379          -0.1314     0.0088  |       0.1962      0.1988
 268      0.0749        0.9802  |   -0.1492/ -0.1406/ -0.1342           -0.1342          -0.2508     0.0124  |       0.1961      0.1988
 269      0.0939        0.9369  |    0.0158/  0.0250/  0.0324            0.0324          -0.1086     0.0093  |       0.1964      0.1988
 270      0.0889        0.9895  |    0.0189/  0.0234/  0.0260            0.0260          -0.1150     0.0094  |       0.1965      0.1988
 271      0.1313        0.9683  |    0.3710/  0.3757/  0.3784            0.3784           0.1809     0.0069  |       0.1967      0.1988
 272      0.0899        0.9703  |    0.0376/  0.0463/  0.0532            0.0532          -0.1020     0.0086  |       0.1965      0.1988
 273      0.1292        0.9715  |    0.3431/  0.3476/  0.3516            0.3516           0.1205     0.0072  |       0.1967      0.1988
 274      0.0979        0.9588  |    0.0960/  0.1052/  0.1110            0.1110          -0.0912     0.0077  |       0.1964      0.1988
 275      0.0703        0.9723  |   -0.1221/ -0.1121/ -0.1056           -0.1056          -0.2417     0.0111  |       0.1963      0.1988
 276      0.1385        0.9180  |    0.4142/  0.4189/  0.4226            0.4226           0.2483     0.0060  |       0.1969      0.1988
 277      0.1329        0.9712  |    0.3984/  0.4045/  0.4091            0.4091           0.2144     0.0066  |       0.1967      0.1988
 278      0.0939        0.9622  |    0.0073/  0.0197/  0.0300            0.0300          -0.1091     0.0075  |       0.1965      0.1988
 279      0.0661        0.9707  |   -0.1560/ -0.1472/ -0.1403           -0.1403          -0.2561     0.0112  |       0.1964      0.1988
 280      0.1180        0.8736  |    0.4764/  0.4813/  0.4846            0.4846           0.2763     0.0061  |       0.1973      0.1988
 281      0.1406        0.9718  |    0.4451/  0.4497/  0.4525            0.4525           0.2670     0.0074  |       0.1971      0.1988
 282      0.1086        0.9549  |    0.2262/  0.2375/  0.2461            0.2461           0.0079     0.0083  |       0.1966      0.1988
 283      0.0864        0.9542  |   -0.0551/ -0.0483/ -0.0427           -0.0427          -0.1909     0.0104  |       0.1963      0.1988
 284      0.1157        0.9463  |    0.2265/  0.2364/  0.2426            0.2426           0.0503     0.0102  |       0.1966      0.1988
 285      0.1041        0.9638  |    0.0650/  0.0740/  0.0785            0.0785          -0.1029     0.0085  |       0.1964      0.1988
 286      0.0909        0.9701  |    0.0949/  0.1055/  0.1125            0.1125          -0.1426     0.0079  |       0.1962      0.1988
 287      0.0912        0.9982  |    0.0956/  0.1084/  0.1167            0.1167          -0.1404     0.0073  |       0.1962      0.1988
 288      0.0916        0.9981  |    0.1031/  0.1143/  0.1204            0.1204          -0.1391     0.0081  |       0.1962      0.1988
 289      0.0974        0.9680  |   -0.0013/  0.0078/  0.0147            0.0147          -0.1630     0.0084  |       0.1961      0.1988
 290      0.0694        0.9589  |   -0.1597/ -0.1528/ -0.1455           -0.1455          -0.2587     0.0133  |       0.1963      0.1988
 291      0.1101        0.8860  |    0.4567/  0.4619/  0.4671            0.4671           0.3053     0.0079  |       0.1972      0.1988
 292      0.1419        0.9659  |    0.3873/  0.3934/  0.3969            0.3969           0.1884     0.0058  |       0.1970      0.1988
 293      0.1227        0.9586  |    0.3037/  0.3140/  0.3193            0.3193           0.1109     0.0065  |       0.1967      0.1988
 294      0.0972        0.9729  |   -0.0325/ -0.0234/ -0.0183           -0.0183          -0.1387     0.0080  |       0.1965      0.1988
 295      0.0953        0.9799  |    0.1776/  0.1870/  0.1930            0.1930          -0.0114     0.0080  |       0.1966      0.1988
 296      0.1100        0.9724  |    0.1545/  0.1650/  0.1723            0.1723          -0.0459     0.0110  |       0.1964      0.1988
 297      0.0909        0.9634  |    0.1037/  0.1121/  0.1176            0.1176          -0.1427     0.0084  |       0.1962      0.1988
 298      0.0811        0.9807  |   -0.1223/ -0.1149/ -0.1095           -0.1095          -0.2315     0.0132  |       0.1962      0.1988
 299      0.1221        0.9182  |    0.2697/  0.2798/  0.2863            0.2863           0.0833     0.0089  |       0.1966      0.1988
IMAGEIO FFMPEG_WRITER WARNING: input image is not divisible by macro_block_size=16, resizing from (320, 180) to (320, 192) to ensure video compatibility with most codecs and players. To prevent resizing, make your input image divisible by the macro_block_size or set the macro_block_size to 1 (risking incompatibility).

Saved 300 frames -> /home/ashwink/Documents/swms/SWM_copy/rollouts_5_per/expert+subopt_cem_ne128/epoch11/epoch11_rollout4_failure.mp4
min dist(green_cube,blue_moon) over episode = 0.1988  ->  FAILURE
Full log written to /home/ashwink/Documents/swms/SWM_copy/rollouts_5_per/expert+subopt_cem_ne128/epoch11/epoch11_rollout4_20260730_124554.log
Result json -> /home/ashwink/Documents/swms/SWM_copy/rollouts_5_per/expert+subopt_cem_ne128/epoch11/epoch11_rollout4_result.json
