Checkpoint dir epoch: 11  Rollout: 0
Logging to /home/ashwink/Documents/swms/SWM_copy/rollouts_5_per/expert+subopt_cem_ne128/epoch11/epoch11_rollout0_20260730_124051.log
Goal (fixed, steps 0-299): the green cube is touching the blue moon. the peg is touching the green cube.

Checkpoint: /home/ashwink/Documents/swms/SWM_copy/training/checkpoints_clip_full_fine-tuned_with_subopt_data/epoch_011.pt
  epoch=11  step=20232

Loading CLIP ViT-L/14 (datacomp_xl_s13b_b90k) + fine-tuned clip_state_dict ...
Parsing model identifier. Schema: None, Identifier: ViT-L-14
Loaded built-in ViT-L-14 model config.
Instantiating model architecture: CLIP
Loading full pretrained weights from: /home/ashwink/.cache/huggingface/hub/models--laion--CLIP-ViT-L-14-DataComp.XL-s13B-b90K/snapshots/84c9828e63dc9a9351d1fe637c346d4c1c4db341/open_clip_pytorch_model.bin
Final image preprocessing configuration set: {'size': (224, 224), 'mode': 'RGB', 'mean': (0.48145466, 0.4578275, 0.40821073), 'std': (0.26862954, 0.26130258, 0.27577711), 'interpolation': 'bicubic', 'resize_mode': 'shortest', 'fill_color': 0}
Model ViT-L-14 creation process complete.
Parsing tokenizer identifier. Schema: None, Identifier: ViT-L-14
Attempting to load config from built-in: ViT-L-14
Using default SimpleTokenizer.
z_star shape: torch.Size([768])

Loading action stats from /home/ashwink/full_data_5000/langtable/demos/ ...
  lo=[-0.03372681140899658, -0.03493623435497284]  hi=[0.03496786952018738, 0.03494429588317871]

Initializing LangTable env ...
Loading URDF plane.urdf
Loading URDF /home/ashwink/Documents/swms/.venv/lib/python3.10/site-packages/language_table/environments/utils/../../../language_table/environments/assets/workspace_real.urdf
Loading URDF xarm/xarm6_robot_white.urdf
Loading URDF /home/ashwink/Documents/swms/.venv/lib/python3.10/site-packages/language_table/environments/utils/../../../language_table/environments/assets/suction/cylinder_real.urdf
Loading URDF /home/ashwink/Documents/swms/.venv/lib/python3.10/site-packages/language_table/environments/utils/../../../language_table/environments/assets/blocks/red_moon.urdf
Loading URDF /home/ashwink/Documents/swms/.venv/lib/python3.10/site-packages/language_table/environments/utils/../../../language_table/environments/assets/blocks/red_cube.urdf
Loading URDF /home/ashwink/Documents/swms/.venv/lib/python3.10/site-packages/language_table/environments/utils/../../../language_table/environments/assets/blocks/red_star.urdf
Loading URDF /home/ashwink/Documents/swms/.venv/lib/python3.10/site-packages/language_table/environments/utils/../../../language_table/environments/assets/blocks/red_pentagon.urdf
Loading URDF /home/ashwink/Documents/swms/.venv/lib/python3.10/site-packages/language_table/environments/utils/../../../language_table/environments/assets/blocks/blue_moon.urdf
Loading URDF /home/ashwink/Documents/swms/.venv/lib/python3.10/site-packages/language_table/environments/utils/../../../language_table/environments/assets/blocks/blue_cube.urdf
Loading URDF /home/ashwink/Documents/swms/.venv/lib/python3.10/site-packages/language_table/environments/utils/../../../language_table/environments/assets/blocks/blue_star.urdf
Loading URDF /home/ashwink/Documents/swms/.venv/lib/python3.10/site-packages/language_table/environments/utils/../../../language_table/environments/assets/blocks/blue_pentagon.urdf
Loading URDF /home/ashwink/Documents/swms/.venv/lib/python3.10/site-packages/language_table/environments/utils/../../../language_table/environments/assets/blocks/yellow_moon.urdf
Loading URDF /home/ashwink/Documents/swms/.venv/lib/python3.10/site-packages/language_table/environments/utils/../../../language_table/environments/assets/blocks/yellow_cube.urdf
Loading URDF /home/ashwink/Documents/swms/.venv/lib/python3.10/site-packages/language_table/environments/utils/../../../language_table/environments/assets/blocks/yellow_star.urdf
Loading URDF /home/ashwink/Documents/swms/.venv/lib/python3.10/site-packages/language_table/environments/utils/../../../language_table/environments/assets/blocks/yellow_pentagon.urdf
Loading URDF /home/ashwink/Documents/swms/.venv/lib/python3.10/site-packages/language_table/environments/utils/../../../language_table/environments/assets/blocks/green_moon.urdf
Loading URDF /home/ashwink/Documents/swms/.venv/lib/python3.10/site-packages/language_table/environments/utils/../../../language_table/environments/assets/blocks/green_cube.urdf
Loading URDF /home/ashwink/Documents/swms/.venv/lib/python3.10/site-packages/language_table/environments/utils/../../../language_table/environments/assets/blocks/green_star.urdf
Loading URDF /home/ashwink/Documents/swms/.venv/lib/python3.10/site-packages/language_table/environments/utils/../../../language_table/environments/assets/blocks/green_pentagon.urdf
Loading URDF /home/ashwink/Documents/swms/.venv/lib/python3.10/site-packages/language_table/environments/utils/../../../language_table/environments/assets/blocks/purple_moon.urdf
Loading URDF /home/ashwink/Documents/swms/.venv/lib/python3.10/site-packages/language_table/environments/utils/../../../language_table/environments/assets/blocks/purple_cube.urdf
Loading URDF /home/ashwink/Documents/swms/.venv/lib/python3.10/site-packages/language_table/environments/utils/../../../language_table/environments/assets/blocks/purple_star.urdf
Loading URDF /home/ashwink/Documents/swms/.venv/lib/python3.10/site-packages/language_table/environments/utils/../../../language_table/environments/assets/blocks/purple_pentagon.urdf
Env ready.

Forced peg start: [0.42843915 0.24419614]  (green_cube=[0.40339102 0.18967466], blue_moon=[0.32039625 0.00902261])
  dist(peg,green_cube)=0.0600  dist(peg,blue_moon)=0.2588  dist(green_cube,blue_moon)=0.1988

CEM: K=512  num_elites=128  n_planning_itrs=9  max_action_value=1.0  warm_start_std=0.1  return_mode=best  min_std=0.0  seed=123

step  cos(zt,z*)  cos(zt,zt-1)  |   cos(predK,z*) min/mean/max  cos(pred_sel,z*)   cos(zpred0,z*)  ||a_raw||  |  dist(peg,A)   dist(A,B)
-------------------------------------------------------------------------------------------------------------------------------------------------------------------------------
   0      0.1539           nan  |    0.6459/  0.6696/  0.6778            0.6778           0.6009     0.0119  |       0.0587      0.1988
   1      0.1539        0.9877  |    0.6612/  0.6640/  0.6665            0.6665           0.5936     0.0107  |       0.0565      0.1988
   2      0.1466        0.9866  |    0.6568/  0.6596/  0.6616            0.6616           0.5859     0.0101  |       0.0533      0.1988
   3      0.1430        0.9619  |    0.6611/  0.6653/  0.6679            0.6679           0.5707     0.0120  |       0.0516      0.1988
   4      0.1423        0.8957  |    0.5669/  0.5795/  0.5855            0.5855           0.4081     0.0064  |       0.0535      0.1988
   5      0.1373        0.9355  |    0.5693/  0.5738/  0.5770            0.5770           0.4087     0.0079  |       0.0552      0.1988
   6      0.0956        0.9552  |    0.4965/  0.5023/  0.5062            0.5062           0.1978     0.0091  |       0.0589      0.1988
   7      0.1053        0.9264  |    0.4752/  0.4849/  0.4907            0.4907           0.1506     0.0095  |       0.0658      0.1988
   8      0.0086        0.8964  |   -0.0514/ -0.0323/ -0.0222           -0.0222          -0.3322     0.0061  |       0.0720      0.1988
   9      0.0375        0.9294  |   -0.0198/ -0.0049/  0.0050            0.0050          -0.2559     0.0074  |       0.0779      0.1988
  10      0.0061        0.8961  |   -0.1263/ -0.1129/ -0.1045           -0.1045          -0.3477     0.0062  |       0.0851      0.1988
  11      0.0032        0.9178  |   -0.1042/ -0.0980/ -0.0942           -0.0942          -0.3717     0.0084  |       0.0883      0.1988
  12      0.0191        0.9112  |   -0.0989/ -0.0898/ -0.0817           -0.0817          -0.2964     0.0083  |       0.0934      0.1988
  13      0.0740        0.8303  |    0.1679/  0.1801/  0.1874            0.1874          -0.1609     0.0051  |       0.0996      0.1988
  14      0.0864        0.8930  |    0.1811/  0.2074/  0.2279            0.2279          -0.1385     0.0095  |       0.1046      0.1988
  15      0.0982        0.8819  |    0.4485/  0.4602/  0.4696            0.4696           0.0097     0.0087  |       0.1135      0.1988
  16      0.0603        0.8347  |    0.1942/  0.2389/  0.2612            0.2612          -0.2354     0.0031  |       0.1195      0.1988
  17      0.0637        0.9620  |    0.1267/  0.1642/  0.1864            0.1864          -0.2448     0.0038  |       0.1222      0.1988
  18      0.1088        0.9492  |    0.3880/  0.4107/  0.4273            0.4273          -0.0656     0.0045  |       0.1258      0.1988
  19      0.0629        0.9547  |    0.1573/  0.2050/  0.2334            0.2334          -0.2310     0.0090  |       0.1295      0.1988
  20      0.0934        0.8956  |    0.4864/  0.5131/  0.5271            0.5271           0.0545     0.0097  |       0.1375      0.1988
  21      0.0643        0.8468  |    0.0840/  0.1091/  0.1259            0.1259          -0.2311     0.0026  |       0.1437      0.1988
  22      0.0348        0.9684  |    0.0673/  0.1030/  0.1219            0.1219          -0.2642     0.0054  |       0.1463      0.1988
  23      0.0850        0.7996  |    0.5430/  0.5534/  0.5589            0.5589           0.1237     0.0085  |       0.1488      0.1988
  24      0.0489        0.8685  |    0.0681/  0.1108/  0.1324            0.1324          -0.2488     0.0040  |       0.1543      0.1988
  25      0.0877        0.9015  |    0.5353/  0.5484/  0.5564            0.5564           0.1264     0.0090  |       0.1574      0.1988
  26      0.0311        0.8394  |    0.1006/  0.1205/  0.1388            0.1388          -0.2436     0.0068  |       0.1629      0.1988
  27      0.0424        0.8687  |    0.0025/  0.0211/  0.0360            0.0360          -0.2948     0.0076  |       0.1677      0.1988
  28      0.0983        0.9337  |    0.4657/  0.4809/  0.4946            0.4946           0.0171     0.0086  |       0.1743      0.1988
  29      0.0950        0.9325  |    0.3540/  0.3717/  0.3847            0.3847          -0.1513     0.0066  |       0.1811      0.1988
  30      0.0139        0.9142  |   -0.2529/ -0.2488/ -0.2464           -0.2464          -0.3101     0.0022  |       0.1875      0.1988
  31      0.0039        0.9529  |   -0.2078/ -0.2016/ -0.1964           -0.1964          -0.3169     0.0091  |       0.1880      0.1988
  32     -0.0157        0.9355  |   -0.2633/ -0.2529/ -0.2408           -0.2408          -0.3467     0.0085  |       0.1916      0.1988
  33      0.0953        0.8816  |    0.1616/  0.1810/  0.1981            0.1981          -0.0799     0.0047  |       0.1898      0.1988
  34      0.1032        0.9337  |    0.0117/  0.0242/  0.0359            0.0359          -0.1683     0.0075  |       0.1908      0.1988
  35      0.0994        0.9298  |    0.0294/  0.0517/  0.0630            0.0630          -0.0940     0.0073  |       0.1955      0.1988
  36      0.1291        0.9670  |    0.3386/  0.3432/  0.3461            0.3461           0.1365     0.0074  |       0.1962      0.1988
  37      0.0921        0.9740  |    0.0394/  0.0465/  0.0520            0.0520          -0.1093     0.0083  |       0.1961      0.1988
  38      0.1316        0.9638  |    0.3788/  0.3830/  0.3851            0.3851           0.2050     0.0060  |       0.1964      0.1988
  39      0.1133        0.9813  |    0.2759/  0.2864/  0.2914            0.2914           0.0728     0.0075  |       0.1962      0.1988
  40      0.0999        0.9454  |    0.0509/  0.0627/  0.0705            0.0705          -0.1204     0.0095  |       0.1959      0.1988
  41      0.1036        0.9832  |    0.0598/  0.0737/  0.0847            0.0847          -0.1031     0.0105  |       0.1958      0.1988
  42      0.1149        0.9623  |    0.0521/  0.0637/  0.0692            0.0692          -0.0777     0.0075  |       0.1956      0.1988
  43      0.0782        0.9233  |   -0.1766/ -0.1625/ -0.1507           -0.1507          -0.2846     0.0156  |       0.1954      0.1988
  44      0.1330        0.8415  |    0.3941/  0.4009/  0.4050            0.4050           0.2108     0.0087  |       0.1963      0.1988
  45      0.0692        0.9183  |   -0.1456/ -0.1395/ -0.1345           -0.1345          -0.2383     0.0105  |       0.1961      0.1988
  46      0.1337        0.9184  |    0.3311/  0.3373/  0.3409            0.3409           0.1239     0.0060  |       0.1966      0.1988
  47      0.1452        0.9754  |    0.3693/  0.3754/  0.3789            0.3789           0.2017     0.0065  |       0.1965      0.1988
  48      0.1139        0.9652  |    0.2645/  0.2736/  0.2807            0.2807           0.0527     0.0058  |       0.1963      0.1988
  49      0.1022        0.9803  |    0.0459/  0.0584/  0.0661            0.0661          -0.1002     0.0092  |       0.1961      0.1988
  50      0.0808        0.9415  |   -0.1279/ -0.1163/ -0.1092           -0.1092          -0.2512     0.0115  |       0.1959      0.1988
  51      0.1261        0.8946  |    0.3505/  0.3561/  0.3602            0.3602           0.1426     0.0084  |       0.1963      0.1988
  52      0.0959        0.9737  |    0.1249/  0.1351/  0.1419            0.1419          -0.0503     0.0069  |       0.1962      0.1988
  53      0.0904        0.9807  |   -0.0074/ -0.0014/  0.0034            0.0034          -0.1302     0.0096  |       0.1962      0.1988
  54      0.1321        0.9575  |    0.4009/  0.4062/  0.4086            0.4086           0.2078     0.0065  |       0.1964      0.1988
  55      0.0692        0.9309  |   -0.1235/ -0.1153/ -0.1088           -0.1088          -0.2236     0.0098  |       0.1961      0.1988
  56      0.1342        0.9206  |    0.3319/  0.3390/  0.3423            0.3423           0.1334     0.0052  |       0.1966      0.1988
  57      0.1249        0.9840  |    0.3453/  0.3514/  0.3549            0.3549           0.1343     0.0047  |       0.1966      0.1988
  58      0.1294        0.9779  |    0.3231/  0.3322/  0.3391            0.3391           0.1149     0.0077  |       0.1964      0.1988
  59      0.0736        0.9322  |   -0.0984/ -0.0884/ -0.0823           -0.0823          -0.2035     0.0112  |       0.1960      0.1988
  60      0.1293        0.9287  |    0.3205/  0.3252/  0.3284            0.3284           0.1049     0.0083  |       0.1964      0.1988
  61      0.0946        0.9671  |   -0.0299/ -0.0222/ -0.0160           -0.0160          -0.1435     0.0087  |       0.1962      0.1988
  62      0.1138        0.9808  |    0.2809/  0.2866/  0.2901            0.2901           0.0541     0.0085  |       0.1963      0.1988
  63      0.0713        0.9458  |   -0.1238/ -0.1163/ -0.1108           -0.1108          -0.2409     0.0129  |       0.1961      0.1988
  64      0.1142        0.8926  |    0.3502/  0.3571/  0.3626            0.3626           0.1315     0.0089  |       0.1969      0.1988
  65      0.1330        0.9670  |    0.3251/  0.3335/  0.3383            0.3383           0.1314     0.0063  |       0.1967      0.1988
  66      0.1304        0.9530  |    0.3091/  0.3186/  0.3243            0.3243           0.1100     0.0075  |       0.1964      0.1988
  67      0.0667        0.9320  |   -0.1358/ -0.1277/ -0.1207           -0.1207          -0.2451     0.0108  |       0.1961      0.1988
  68      0.1302        0.9205  |    0.3595/  0.3661/  0.3709            0.3710           0.1432     0.0055  |       0.1967      0.1988
  69      0.1265        0.9623  |    0.3112/  0.3170/  0.3210            0.3210           0.1166     0.0080  |       0.1964      0.1988
  70      0.0717        0.9373  |   -0.1399/ -0.1306/ -0.1238           -0.1238          -0.2419     0.0089  |       0.1961      0.1988
  71      0.1149        0.9052  |    0.3385/  0.3468/  0.3514            0.3514           0.1160     0.0082  |       0.1969      0.1988
  72      0.1332        0.9618  |    0.3139/  0.3211/  0.3261            0.3261           0.1190     0.0083  |       0.1966      0.1988
  73      0.0946        0.9597  |   -0.0315/ -0.0219/ -0.0156           -0.0156          -0.1425     0.0093  |       0.1962      0.1988
  74      0.0936        0.9949  |   -0.0125/ -0.0034/  0.0013            0.0013          -0.1211     0.0098  |       0.1962      0.1988
  75      0.0927        0.9992  |   -0.0026/  0.0020/  0.0053            0.0053          -0.1262     0.0101  |       0.1962      0.1988
  76      0.0682        0.9617  |   -0.1400/ -0.1342/ -0.1291           -0.1291          -0.2362     0.0101  |       0.1961      0.1988
  77      0.1378        0.8944  |    0.4117/  0.4186/  0.4238            0.4238           0.2304     0.0081  |       0.1967      0.1988
  78      0.1307        0.9650  |    0.3863/  0.3938/  0.3972            0.3972           0.2178     0.0055  |       0.1965      0.1988
  79      0.1138        0.9835  |    0.2693/  0.2766/  0.2825            0.2825           0.0561     0.0072  |       0.1964      0.1988
  80      0.1024        0.9702  |    0.0672/  0.0779/  0.0850            0.0850          -0.0966     0.0076  |       0.1962      0.1988
  81      0.0744        0.9685  |   -0.0916/ -0.0809/ -0.0762           -0.0762          -0.1980     0.0124  |       0.1961      0.1988
  82      0.1285        0.9235  |    0.3320/  0.3376/  0.3404            0.3404           0.1183     0.0068  |       0.1966      0.1988
  83      0.1228        0.9771  |    0.2999/  0.3081/  0.3130            0.3130           0.1059     0.0066  |       0.1964      0.1988
  84      0.0686        0.9368  |   -0.1263/ -0.1193/ -0.1140           -0.1140          -0.2231     0.0097  |       0.1962      0.1988
  85      0.1281        0.9291  |    0.3557/  0.3630/  0.3672            0.3672           0.1482     0.0066  |       0.1966      0.1988
  86      0.1363        0.9849  |    0.3919/  0.3972/  0.4009            0.4009           0.1993     0.0057  |       0.1965      0.1988
  87      0.1032        0.9597  |    0.0944/  0.1065/  0.1133            0.1133          -0.0741     0.0074  |       0.1962      0.1988
  88      0.0881        0.9482  |   -0.0698/ -0.0610/ -0.0542           -0.0542          -0.1792     0.0119  |       0.1959      0.1988
  89      0.0940        0.9344  |    0.0212/  0.0284/  0.0340            0.0340          -0.1110     0.0116  |       0.1962      0.1988
  90      0.0691        0.9642  |   -0.1459/ -0.1369/ -0.1301           -0.1301          -0.2392     0.0095  |       0.1962      0.1988
  91      0.1474        0.8723  |    0.5074/  0.5137/  0.5177            0.5177           0.3388     0.0079  |       0.1969      0.1988
  92      0.1256        0.9519  |    0.3323/  0.3405/  0.3447            0.3447           0.1280     0.0073  |       0.1965      0.1988
  93      0.0918        0.9741  |   -0.0213/ -0.0146/ -0.0087           -0.0087          -0.1251     0.0100  |       0.1963      0.1988
  94      0.0902        0.9898  |    0.0296/  0.0380/  0.0417            0.0417          -0.1248     0.0089  |       0.1963      0.1988
  95      0.1027        0.9856  |    0.0556/  0.0703/  0.0790            0.0790          -0.0925     0.0084  |       0.1962      0.1988
  96      0.0996        0.9921  |    0.0605/  0.0677/  0.0724            0.0724          -0.1110     0.0090  |       0.1962      0.1988
  97      0.1005        0.9997  |    0.0640/  0.0724/  0.0768            0.0768          -0.1090     0.0086  |       0.1962      0.1988
  98      0.1079        0.9718  |    0.0440/  0.0553/  0.0630            0.0630          -0.1120     0.0092  |       0.1960      0.1988
  99      0.0885        0.9841  |   -0.0359/ -0.0284/ -0.0235           -0.0235          -0.2109     0.0098  |       0.1960      0.1988
 100      0.1126        0.9367  |    0.2604/  0.2693/  0.2731            0.2731           0.0570     0.0092  |       0.1964      0.1988
 101      0.0707        0.9531  |   -0.1285/ -0.1214/ -0.1158           -0.1158          -0.2234     0.0110  |       0.1962      0.1988
 102      0.1306        0.9289  |    0.3600/  0.3655/  0.3681            0.3681           0.1399     0.0068  |       0.1967      0.1988
 103      0.1261        0.9795  |    0.2784/  0.2850/  0.2896            0.2896           0.0936     0.0070  |       0.1966      0.1988
 104      0.0937        0.9569  |    0.0142/  0.0218/  0.0272            0.0272          -0.1092     0.0079  |       0.1963      0.1988
 105      0.0702        0.9671  |   -0.1111/ -0.1047/ -0.0990           -0.0990          -0.2242     0.0090  |       0.1962      0.1988
 106      0.1388        0.9184  |    0.3480/  0.3540/  0.3584            0.3584           0.1184     0.0060  |       0.1967      0.1988
 107      0.1357        0.9876  |    0.4438/  0.4480/  0.4506            0.4506           0.2653     0.0071  |       0.1967      0.1988
 108      0.1222        0.9637  |    0.2745/  0.2845/  0.2910            0.2910           0.0877     0.0060  |       0.1965      0.1988
 109      0.0906        0.9795  |    0.1160/  0.1250/  0.1297            0.1297          -0.0496     0.0079  |       0.1964      0.1988
 110      0.0991        0.9752  |    0.0621/  0.0690/  0.0748            0.0748          -0.1102     0.0081  |       0.1962      0.1988
 111      0.0734        0.9766  |   -0.0941/ -0.0861/ -0.0813           -0.0813          -0.2085     0.0094  |       0.1961      0.1988
 112      0.1296        0.9147  |    0.3052/  0.3106/  0.3135            0.3135           0.1127     0.0058  |       0.1966      0.1988
 113      0.1250        0.9771  |    0.3506/  0.3567/  0.3609            0.3609           0.1439     0.0058  |       0.1965      0.1988
 114      0.0894        0.9619  |   -0.0212/ -0.0124/ -0.0061           -0.0061          -0.1375     0.0089  |       0.1963      0.1988
 115      0.0953        0.9827  |    0.1175/  0.1272/  0.1318            0.1318          -0.0557     0.0075  |       0.1964      0.1988
 116      0.0995        0.9744  |    0.0563/  0.0649/  0.0698            0.0698          -0.1115     0.0083  |       0.1962      0.1988
 117      0.1027        0.9906  |    0.0878/  0.0956/  0.1000            0.1000          -0.0829     0.0094  |       0.1962      0.1988
 118      0.0872        0.9450  |   -0.1086/ -0.0973/ -0.0898           -0.0898          -0.2361     0.0105  |       0.1960      0.1988
 119      0.1477        0.8823  |    0.4127/  0.4161/  0.4185            0.4185           0.2141     0.0068  |       0.1966      0.1988
 120      0.0884        0.9460  |    0.0132/  0.0208/  0.0270            0.0270          -0.1132     0.0088  |       0.1963      0.1988
 121      0.1225        0.9756  |    0.3048/  0.3126/  0.3166            0.3166           0.1066     0.0077  |       0.1965      0.1988
 122      0.0717        0.9387  |   -0.1340/ -0.1272/ -0.1209           -0.1209          -0.2417     0.0111  |       0.1962      0.1988
 123      0.1351        0.9054  |    0.4666/  0.4719/  0.4758            0.4758           0.2678     0.0065  |       0.1969      0.1988
 124      0.1328        0.9721  |    0.3541/  0.3612/  0.3650            0.3650           0.1523     0.0069  |       0.1967      0.1988
 125      0.0921        0.9488  |   -0.0154/ -0.0062/  0.0002            0.0002          -0.1287     0.0090  |       0.1963      0.1988
 126      0.0685        0.9697  |   -0.1521/ -0.1445/ -0.1385           -0.1385          -0.2586     0.0129  |       0.1962      0.1988
 127      0.1227        0.8815  |    0.4912/  0.4957/  0.4995            0.4995           0.3172     0.0073  |       0.1971      0.1988
 128      0.1416        0.9717  |    0.3861/  0.3934/  0.3978            0.3978           0.1938     0.0065  |       0.1969      0.1988
 129      0.0995        0.9527  |    0.1977/  0.2065/  0.2122            0.2122          -0.0158     0.0083  |       0.1964      0.1988
 130      0.0691        0.9522  |   -0.1561/ -0.1445/ -0.1386           -0.1386          -0.2583     0.0116  |       0.1962      0.1988
 131      0.1191        0.9013  |    0.3717/  0.3782/  0.3833            0.3833           0.1587     0.0077  |       0.1969      0.1988
 132      0.1388        0.9555  |    0.4102/  0.4157/  0.4201            0.4201           0.2161     0.0064  |       0.1966      0.1988
 133      0.0678        0.9243  |   -0.1229/ -0.1152/ -0.1103           -0.1103          -0.2370     0.0093  |       0.1962      0.1988
 134      0.1290        0.9296  |    0.3708/  0.3773/  0.3824            0.3824           0.1955     0.0065  |       0.1965      0.1988
 135      0.0909        0.9796  |    0.1432/  0.1537/  0.1591            0.1591          -0.0415     0.0071  |       0.1964      0.1988
 136      0.0962        0.9949  |    0.1315/  0.1408/  0.1458            0.1458          -0.0495     0.0075  |       0.1964      0.1988
 137      0.0980        0.9799  |    0.0601/  0.0715/  0.0779            0.0779          -0.0937     0.0088  |       0.1963      0.1988
 138      0.0984        0.9687  |    0.0018/  0.0107/  0.0162            0.0162          -0.1487     0.0103  |       0.1961      0.1988
 139      0.0932        0.9844  |   -0.0365/ -0.0250/ -0.0195           -0.0195          -0.1494     0.0121  |       0.1961      0.1988
 140      0.0931        0.9581  |   -0.0059/  0.0005/  0.0051            0.0051          -0.1217     0.0106  |       0.1963      0.1988
 141      0.0897        0.9899  |    0.0225/  0.0289/  0.0322            0.0322          -0.1312     0.0088  |       0.1963      0.1988
 142      0.1225        0.9757  |    0.3415/  0.3484/  0.3508            0.3508           0.1295     0.0081  |       0.1965      0.1988
 143      0.0892        0.9661  |   -0.0253/ -0.0193/ -0.0134           -0.0134          -0.1424     0.0102  |       0.1963      0.1988
 144      0.1285        0.9581  |    0.3931/  0.3998/  0.4035            0.4035           0.1980     0.0069  |       0.1965      0.1988
 145      0.0906        0.9706  |   -0.0008/  0.0075/  0.0135            0.0135          -0.1259     0.0082  |       0.1964      0.1988
 146      0.1322        0.9671  |    0.3988/  0.4059/  0.4094            0.4094           0.2077     0.0068  |       0.1965      0.1988
 147      0.0950        0.9648  |    0.0365/  0.0458/  0.0523            0.0523          -0.0939     0.0091  |       0.1963      0.1988
 148      0.0872        0.9551  |   -0.0415/ -0.0336/ -0.0275           -0.0275          -0.1651     0.0117  |       0.1961      0.1988
 149      0.1147        0.9466  |    0.2270/  0.2360/  0.2409            0.2409           0.0447     0.0112  |       0.1964      0.1988
 150      0.0739        0.9494  |   -0.0923/ -0.0838/ -0.0798           -0.0798          -0.1997     0.0103  |       0.1962      0.1988
 151      0.0962        0.9508  |    0.2009/  0.2069/  0.2114            0.2114          -0.0143     0.0090  |       0.1964      0.1988
 152      0.0889        0.9765  |   -0.0240/ -0.0176/ -0.0120           -0.0120          -0.1417     0.0103  |       0.1963      0.1988
 153      0.1041        0.9826  |    0.1599/  0.1667/  0.1719            0.1719          -0.0346     0.0085  |       0.1964      0.1988
 154      0.0958        0.9834  |    0.0242/  0.0328/  0.0396            0.0396          -0.1130     0.0090  |       0.1963      0.1988
 155      0.0655        0.9727  |   -0.1322/ -0.1261/ -0.1202           -0.1202          -0.2366     0.0103  |       0.1962      0.1988
 156      0.1405        0.8982  |    0.4485/  0.4560/  0.4590            0.4590           0.2687     0.0067  |       0.1969      0.1988
 157      0.1211        0.9589  |    0.3001/  0.3122/  0.3182            0.3182           0.1054     0.0063  |       0.1966      0.1988
 158      0.1022        0.9653  |    0.0789/  0.0923/  0.1011            0.1011          -0.0799     0.0080  |       0.1963      0.1988
 159      0.0793        0.9411  |   -0.1353/ -0.1271/ -0.1189           -0.1189          -0.2511     0.0133  |       0.1960      0.1988
 160      0.1081        0.9301  |    0.1722/  0.1865/  0.1971            0.1971          -0.0152     0.0083  |       0.1964      0.1988
 161      0.1244        0.9870  |    0.2749/  0.2836/  0.2891            0.2891           0.0726     0.0094  |       0.1964      0.1988
 162      0.0936        0.9373  |    0.1378/  0.1473/  0.1540            0.1540          -0.1214     0.0088  |       0.1961      0.1988
 163      0.0860        0.9847  |   -0.1075/ -0.0999/ -0.0930           -0.0930          -0.2333     0.0108  |       0.1960      0.1988
 164      0.1216        0.9224  |    0.2764/  0.2830/  0.2877            0.2877           0.0827     0.0082  |       0.1965      0.1988
 165      0.0981        0.9831  |    0.1274/  0.1365/  0.1431            0.1431          -0.0477     0.0074  |       0.1964      0.1988
 166      0.0964        0.9732  |    0.1325/  0.1429/  0.1496            0.1496          -0.0668     0.0098  |       0.1963      0.1988
 167      0.0874        0.9690  |   -0.0448/ -0.0348/ -0.0278           -0.0278          -0.1650     0.0094  |       0.1961      0.1988
 168      0.0938        0.9558  |    0.0428/  0.0493/  0.0543            0.0543          -0.1068     0.0081  |       0.1964      0.1988
 169      0.1290        0.9676  |    0.3745/  0.3797/  0.3832            0.3832           0.1956     0.0080  |       0.1966      0.1988
 170      0.0889        0.9601  |   -0.0232/ -0.0156/ -0.0105           -0.0105          -0.1417     0.0096  |       0.1964      0.1988
 171      0.1123        0.9776  |    0.2470/  0.2527/  0.2569            0.2569           0.0433     0.0116  |       0.1964      0.1988
 172      0.0928        0.9472  |   -0.0294/ -0.0214/ -0.0148           -0.0148          -0.1472     0.0099  |       0.1962      0.1988
 173      0.0927        0.9998  |   -0.0346/ -0.0267/ -0.0208           -0.0208          -0.1497     0.0118  |       0.1961      0.1988
 174      0.0695        0.9869  |   -0.1288/ -0.1225/ -0.1176           -0.1176          -0.2473     0.0120  |       0.1962      0.1988
 175      0.1376        0.9011  |    0.4064/  0.4149/  0.4193            0.4193           0.2272     0.0066  |       0.1968      0.1988
 176      0.1472        0.9764  |    0.3923/  0.3969/  0.3995            0.3995           0.2125     0.0061  |       0.1967      0.1988
 177      0.0894        0.9410  |   -0.0064/  0.0011/  0.0070            0.0070          -0.1219     0.0075  |       0.1964      0.1988
 178      0.0888        0.9976  |   -0.0078/ -0.0028/  0.0016            0.0016          -0.1260     0.0091  |       0.1963      0.1988
 179      0.0735        0.9771  |   -0.1209/ -0.1150/ -0.1089           -0.1089          -0.2311     0.0103  |       0.1962      0.1988
 180      0.1366        0.9059  |    0.3900/  0.3973/  0.4011            0.4011           0.2000     0.0082  |       0.1969      0.1988
 181      0.1310        0.9520  |    0.3695/  0.3764/  0.3806            0.3806           0.1840     0.0070  |       0.1966      0.1988
 182      0.1129        0.9764  |    0.2599/  0.2700/  0.2761            0.2761           0.0410     0.0080  |       0.1964      0.1988
 183      0.1028        0.9439  |    0.0672/  0.0786/  0.0861            0.0861          -0.1106     0.0097  |       0.1961      0.1988
 184      0.0843        0.9826  |   -0.1253/ -0.1123/ -0.1050           -0.1050          -0.2397     0.0102  |       0.1960      0.1988
 185      0.1297        0.9136  |    0.3776/  0.3843/  0.3882            0.3882           0.1893     0.0077  |       0.1966      0.1988
 186      0.1000        0.9548  |    0.0471/  0.0586/  0.0655            0.0655          -0.1104     0.0063  |       0.1963      0.1988
 187      0.0906        0.9682  |   -0.0505/ -0.0439/ -0.0385           -0.0385          -0.1765     0.0105  |       0.1961      0.1988
 188      0.1258        0.9379  |    0.3042/  0.3149/  0.3189            0.3189           0.0963     0.0106  |       0.1965      0.1988
 189      0.0719        0.9437  |   -0.1335/ -0.1275/ -0.1217           -0.1217          -0.2365     0.0084  |       0.1962      0.1988
 190      0.1286        0.9284  |    0.3604/  0.3718/  0.3754            0.3754           0.1579     0.0078  |       0.1967      0.1988
 191      0.0936        0.9550  |    0.0069/  0.0183/  0.0264            0.0264          -0.1093     0.0093  |       0.1963      0.1988
 192      0.0861        0.9362  |   -0.0682/ -0.0595/ -0.0509           -0.0509          -0.2082     0.0109  |       0.1959      0.1988
 193      0.0949        0.9420  |   -0.0271/ -0.0201/ -0.0146           -0.0146          -0.1385     0.0111  |       0.1963      0.1988
 194      0.1365        0.9388  |    0.3553/  0.3588/  0.3612            0.3612           0.1457     0.0067  |       0.1968      0.1988
 195      0.1311        0.9787  |    0.3009/  0.3104/  0.3149            0.3149           0.1090     0.0082  |       0.1967      0.1988
 196      0.0938        0.9694  |    0.1677/  0.1773/  0.1835            0.1835          -0.0259     0.0075  |       0.1964      0.1988
 197      0.1009        0.9789  |    0.0722/  0.0817/  0.0871            0.0871          -0.0903     0.0094  |       0.1963      0.1988
 198      0.0963        0.9576  |    0.1329/  0.1421/  0.1481            0.1481          -0.1184     0.0082  |       0.1961      0.1988
 199      0.0937        0.9698  |   -0.1155/ -0.1057/ -0.0991           -0.0991          -0.2150     0.0121  |       0.1959      0.1988
 200      0.0970        0.9344  |    0.0989/  0.1116/  0.1209            0.1209          -0.0604     0.0081  |       0.1964      0.1988
 201      0.0915        0.9866  |   -0.0211/ -0.0137/ -0.0079           -0.0079          -0.1235     0.0099  |       0.1963      0.1988
 202      0.1245        0.9671  |    0.3477/  0.3527/  0.3557            0.3557           0.1439     0.0066  |       0.1966      0.1988
 203      0.1041        0.9520  |    0.1071/  0.1194/  0.1258            0.1258          -0.0770     0.0074  |       0.1963      0.1988
 204      0.1042        0.9690  |    0.1989/  0.2063/  0.2122            0.2122          -0.0530     0.0095  |       0.1961      0.1988
 205      0.0948        0.9777  |   -0.0178/ -0.0097/ -0.0025           -0.0025          -0.1488     0.0111  |       0.1960      0.1988
 206      0.0878        0.9698  |   -0.0634/ -0.0567/ -0.0519           -0.0519          -0.1958     0.0110  |       0.1962      0.1988
 207      0.1276        0.9380  |    0.3290/  0.3343/  0.3380            0.3380           0.1310     0.0082  |       0.1965      0.1988
 208      0.0892        0.9708  |    0.0151/  0.0221/  0.0272            0.0272          -0.1349     0.0077  |       0.1964      0.1988
 209      0.1285        0.9730  |    0.2926/  0.3002/  0.3054            0.3054           0.0917     0.0087  |       0.1965      0.1988
 210      0.0699        0.9347  |   -0.1235/ -0.1152/ -0.1089           -0.1089          -0.2364     0.0101  |       0.1962      0.1988
 211      0.1288        0.9256  |    0.3260/  0.3366/  0.3424            0.3424           0.1216     0.0075  |       0.1967      0.1988
 212      0.0956        0.9668  |    0.1334/  0.1474/  0.1554            0.1554          -0.0427     0.0085  |       0.1964      0.1988
 213      0.0617        0.9583  |   -0.1712/ -0.1649/ -0.1584           -0.1584          -0.2674     0.0126  |       0.1962      0.1988
 214      0.1170        0.8720  |    0.4677/  0.4740/  0.4776            0.4776           0.2690     0.0056  |       0.1971      0.1988
 215      0.1110        0.9878  |    0.4630/  0.4678/  0.4725            0.4725           0.3008     0.0066  |       0.1972      0.1988
 216      0.1475        0.9424  |    0.4211/  0.4280/  0.4311            0.4311           0.2359     0.0066  |       0.1968      0.1988
 217      0.0623        0.9136  |   -0.1644/ -0.1568/ -0.1517           -0.1517          -0.2565     0.0114  |       0.1963      0.1988
 218      0.1196        0.9022  |    0.3507/  0.3601/  0.3642            0.3642           0.1430     0.0067  |       0.1971      0.1988
 219      0.1189        0.9961  |    0.3799/  0.3865/  0.3899            0.3899           0.1697     0.0072  |       0.1971      0.1988
 220      0.1290        0.9683  |    0.3255/  0.3312/  0.3351            0.3351           0.1354     0.0061  |       0.1969      0.1988
 221      0.1312        0.9682  |    0.3654/  0.3698/  0.3733            0.3733           0.1762     0.0069  |       0.1967      0.1988
 222      0.0676        0.9302  |   -0.1272/ -0.1203/ -0.1146           -0.1146          -0.2238     0.0085  |       0.1964      0.1988
 223      0.1387        0.9103  |    0.3782/  0.3846/  0.3885            0.3885           0.1628     0.0055  |       0.1970      0.1988
 224      0.1454        0.9806  |    0.3602/  0.3654/  0.3691            0.3691           0.1981     0.0057  |       0.1968      0.1988
 225      0.1120        0.9637  |    0.2695/  0.2767/  0.2816            0.2816           0.0652     0.0083  |       0.1966      0.1988
 226      0.1050        0.9485  |    0.1928/  0.2045/  0.2128            0.2128          -0.0471     0.0081  |       0.1962      0.1988
 227      0.1015        0.9703  |   -0.0399/ -0.0320/ -0.0275           -0.0275          -0.1532     0.0091  |       0.1960      0.1988
 228      0.0901        0.9652  |   -0.0458/ -0.0393/ -0.0352           -0.0352          -0.1814     0.0098  |       0.1962      0.1988
 229      0.1052        0.9693  |    0.0920/  0.1046/  0.1121            0.1121          -0.0887     0.0095  |       0.1964      0.1988
 230      0.0735        0.9411  |   -0.1431/ -0.1346/ -0.1272           -0.1272          -0.2592     0.0115  |       0.1962      0.1988
 231      0.1329        0.8925  |    0.3285/  0.3344/  0.3395            0.3395           0.1379     0.0066  |       0.1969      0.1988
 232      0.1354        0.9844  |    0.3909/  0.3956/  0.3991            0.3991           0.1903     0.0064  |       0.1968      0.1988
 233      0.1112        0.9828  |    0.2570/  0.2666/  0.2718            0.2718           0.0228     0.0086  |       0.1966      0.1988
 234      0.1039        0.9768  |    0.1049/  0.1161/  0.1224            0.1224          -0.0789     0.0088  |       0.1964      0.1988
 235      0.0912        0.9655  |   -0.0317/ -0.0253/ -0.0198           -0.0198          -0.1514     0.0099  |       0.1963      0.1988
 236      0.0683        0.9858  |   -0.1200/ -0.1123/ -0.1072           -0.1072          -0.2454     0.0121  |       0.1963      0.1988
 237      0.1429        0.8999  |    0.5084/  0.5149/  0.5192            0.5192           0.3410     0.0069  |       0.1971      0.1988
 238      0.1292        0.9672  |    0.3501/  0.3589/  0.3637            0.3637           0.1492     0.0052  |       0.1969      0.1988
 239      0.1208        0.9771  |    0.2321/  0.2432/  0.2514            0.2514           0.0474     0.0078  |       0.1966      0.1988
 240      0.0694        0.9408  |   -0.1285/ -0.1192/ -0.1138           -0.1138          -0.2408     0.0111  |       0.1963      0.1988
 241      0.1142        0.8931  |    0.3779/  0.3843/  0.3875            0.3875           0.1497     0.0087  |       0.1971      0.1988
 242      0.1447        0.9792  |    0.4082/  0.4138/  0.4171            0.4171           0.2233     0.0063  |       0.1970      0.1988
 243      0.1480        0.9779  |    0.3780/  0.3845/  0.3880            0.3880           0.2040     0.0052  |       0.1968      0.1988
 244      0.1271        0.9733  |    0.2781/  0.2869/  0.2923            0.2923           0.1008     0.0068  |       0.1967      0.1988
 245      0.0969        0.9685  |   -0.0048/  0.0032/  0.0099            0.0099          -0.1220     0.0087  |       0.1965      0.1988
 246      0.0667        0.9650  |   -0.1275/ -0.1190/ -0.1133           -0.1133          -0.2400     0.0096  |       0.1963      0.1988
 247      0.1474        0.9059  |    0.4045/  0.4107/  0.4140            0.4140           0.2101     0.0053  |       0.1968      0.1988
 248      0.1121        0.9625  |    0.2670/  0.2744/  0.2795            0.2795           0.0655     0.0086  |       0.1966      0.1988
 249      0.0903        0.9385  |   -0.0352/ -0.0234/ -0.0160           -0.0160          -0.2004     0.0066  |       0.1962      0.1988
 250      0.1054        0.9860  |    0.1795/  0.1930/  0.2028            0.2028          -0.0586     0.0072  |       0.1962      0.1988
 251      0.0893        0.9808  |   -0.1075/ -0.0985/ -0.0919           -0.0919          -0.2284     0.0133  |       0.1962      0.1988
 252      0.1332        0.9080  |    0.3951/  0.4020/  0.4064            0.4064           0.2198     0.0069  |       0.1967      0.1988
 253      0.0925        0.9620  |   -0.0081/  0.0076/  0.0157            0.0157          -0.1161     0.0094  |       0.1965      0.1988
 254      0.0899        0.9888  |    0.0128/  0.0206/  0.0259            0.0259          -0.1318     0.0094  |       0.1965      0.1988
 255      0.1292        0.9716  |    0.3276/  0.3325/  0.3359            0.3359           0.1104     0.0074  |       0.1967      0.1988
 256      0.1131        0.9783  |    0.2543/  0.2616/  0.2661            0.2661           0.0415     0.0086  |       0.1966      0.1988
 257      0.0736        0.9472  |   -0.1069/ -0.0993/ -0.0940           -0.0940          -0.2100     0.0120  |       0.1963      0.1988
 258      0.1332        0.9183  |    0.3987/  0.4032/  0.4065            0.4065           0.2198     0.0086  |       0.1967      0.1988
 259      0.0698        0.9187  |   -0.1172/ -0.1094/ -0.1030           -0.1030          -0.2323     0.0091  |       0.1963      0.1988
 260      0.1350        0.9326  |    0.3825/  0.3909/  0.3953            0.3953           0.1868     0.0059  |       0.1967      0.1988
 261      0.0985        0.9800  |    0.2052/  0.2157/  0.2221            0.2221          -0.0135     0.0070  |       0.1966      0.1988
 262      0.0904        0.9852  |    0.0351/  0.0467/  0.0527            0.0527          -0.1079     0.0071  |       0.1965      0.1988
 263      0.1149        0.9822  |    0.2258/  0.2363/  0.2414            0.2414           0.0427     0.0100  |       0.1966      0.1988
 264      0.0725        0.9458  |   -0.1180/ -0.1113/ -0.1044           -0.1044          -0.2298     0.0082  |       0.1964      0.1988
 265      0.1324        0.9168  |    0.3736/  0.3813/  0.3854            0.3854           0.1785     0.0059  |       0.1968      0.1988
 266      0.0985        0.9673  |    0.2044/  0.2152/  0.2220            0.2220          -0.0135     0.0072  |       0.1966      0.1988
 267      0.0972        0.9763  |   -0.0203/ -0.0137/ -0.0087           -0.0087          -0.1387     0.0118  |       0.1965      0.1988
 268      0.0888        0.9867  |    0.0340/  0.0426/  0.0474            0.0474          -0.1152     0.0095  |       0.1965      0.1988
 269      0.0947        0.9895  |    0.1128/  0.1214/  0.1274            0.1274          -0.0605     0.0078  |       0.1965      0.1988
 270      0.1128        0.9898  |    0.2532/  0.2604/  0.2642            0.2642           0.0398     0.0081  |       0.1966      0.1988
 271      0.0695        0.9550  |   -0.1267/ -0.1193/ -0.1143           -0.1143          -0.2242     0.0107  |       0.1964      0.1988
 272      0.1353        0.9192  |    0.4390/  0.4459/  0.4483            0.4483           0.2689     0.0050  |       0.1969      0.1988
 273      0.1374        0.9818  |    0.3916/  0.3978/  0.4010            0.4010           0.2068     0.0072  |       0.1968      0.1988
 274      0.1123        0.9579  |    0.1737/  0.1874/  0.1952            0.1952          -0.0285     0.0085  |       0.1965      0.1988
 275      0.1059        0.9715  |    0.1971/  0.2082/  0.2158            0.2158          -0.0507     0.0087  |       0.1963      0.1988
 276      0.0916        0.9864  |   -0.0217/ -0.0120/ -0.0062           -0.0062          -0.2013     0.0087  |       0.1962      0.1988
 277      0.0692        0.9695  |   -0.1428/ -0.1329/ -0.1261           -0.1261          -0.2504     0.0136  |       0.1963      0.1988
 278      0.1190        0.8559  |    0.4833/  0.4910/  0.4965            0.4965           0.3283     0.0074  |       0.1974      0.1988
 279      0.1433        0.9401  |    0.4012/  0.4070/  0.4114            0.4114           0.2172     0.0046  |       0.1971      0.1988
 280      0.1470        0.9730  |    0.3973/  0.4043/  0.4072            0.4072           0.2011     0.0052  |       0.1968      0.1988
 281      0.0991        0.9428  |    0.0617/  0.0766/  0.0837            0.0837          -0.0916     0.0084  |       0.1965      0.1988
 282      0.0673        0.9804  |   -0.1318/ -0.1218/ -0.1164           -0.1164          -0.2266     0.0112  |       0.1964      0.1988
 283      0.1150        0.8969  |    0.3805/  0.3856/  0.3896            0.3896           0.1573     0.0074  |       0.1972      0.1988
 284      0.1365        0.9875  |    0.4005/  0.4072/  0.4116            0.4116           0.2180     0.0061  |       0.1971      0.1988
 285      0.1240        0.9571  |    0.2791/  0.2872/  0.2920            0.2920           0.0884     0.0078  |       0.1967      0.1988
 286      0.0704        0.9398  |   -0.1539/ -0.1470/ -0.1408           -0.1408          -0.2577     0.0113  |       0.1964      0.1988
 287      0.1462        0.8951  |    0.4201/  0.4252/  0.4282            0.4282           0.2373     0.0078  |       0.1970      0.1988
 288      0.1226        0.9534  |    0.3314/  0.3388/  0.3439            0.3439           0.1280     0.0057  |       0.1967      0.1988
 289      0.0895        0.9751  |    0.0134/  0.0227/  0.0281            0.0281          -0.1115     0.0072  |       0.1965      0.1988
 290      0.1307        0.9673  |    0.3787/  0.3824/  0.3850            0.3850           0.2053     0.0078  |       0.1967      0.1988
 291      0.0944        0.9640  |   -0.0047/  0.0023/  0.0093            0.0093          -0.1205     0.0091  |       0.1965      0.1988
 292      0.0899        0.9921  |   -0.0062/  0.0020/  0.0057            0.0057          -0.1296     0.0100  |       0.1965      0.1988
 293      0.0926        0.9917  |   -0.0235/ -0.0161/ -0.0108           -0.0108          -0.1293     0.0107  |       0.1965      0.1988
 294      0.0918        0.9898  |    0.0016/  0.0070/  0.0103            0.0103          -0.1316     0.0105  |       0.1965      0.1988
 295      0.1310        0.9462  |    0.3597/  0.3644/  0.3667            0.3667           0.1485     0.0063  |       0.1969      0.1988
 296      0.1335        0.9674  |    0.3948/  0.4026/  0.4066            0.4066           0.2221     0.0069  |       0.1968      0.1988
 297      0.0664        0.9272  |   -0.1594/ -0.1500/ -0.1430           -0.1430          -0.2568     0.0098  |       0.1964      0.1988
 298      0.1176        0.8761  |    0.4616/  0.4688/  0.4734            0.4734           0.2633     0.0059  |       0.1973      0.1988
 299      0.1149        0.9811  |    0.3754/  0.3807/  0.3844            0.3844           0.1538     0.0066  |       0.1972      0.1988
IMAGEIO FFMPEG_WRITER WARNING: input image is not divisible by macro_block_size=16, resizing from (320, 180) to (320, 192) to ensure video compatibility with most codecs and players. To prevent resizing, make your input image divisible by the macro_block_size or set the macro_block_size to 1 (risking incompatibility).

Saved 300 frames -> /home/ashwink/Documents/swms/SWM_copy/rollouts_5_per/expert+subopt_cem_ne128/epoch11/epoch11_rollout0_failure.mp4
min dist(green_cube,blue_moon) over episode = 0.1988  ->  FAILURE
Full log written to /home/ashwink/Documents/swms/SWM_copy/rollouts_5_per/expert+subopt_cem_ne128/epoch11/epoch11_rollout0_20260730_124051.log
Result json -> /home/ashwink/Documents/swms/SWM_copy/rollouts_5_per/expert+subopt_cem_ne128/epoch11/epoch11_rollout0_result.json
