Checkpoint dir epoch: 11  Rollout: 2
Logging to /home/ashwink/Documents/swms/SWM_copy/rollouts_5_per/expert+subopt_cem_ne128/epoch11/epoch11_rollout2_20260730_124324.log
Goal (fixed, steps 0-299): the green cube is touching the blue moon. the peg is touching the green cube.

Checkpoint: /home/ashwink/Documents/swms/SWM_copy/training/checkpoints_clip_full_fine-tuned_with_subopt_data/epoch_011.pt
  epoch=11  step=20232

Loading CLIP ViT-L/14 (datacomp_xl_s13b_b90k) + fine-tuned clip_state_dict ...
Parsing model identifier. Schema: None, Identifier: ViT-L-14
Loaded built-in ViT-L-14 model config.
Instantiating model architecture: CLIP
Loading full pretrained weights from: /home/ashwink/.cache/huggingface/hub/models--laion--CLIP-ViT-L-14-DataComp.XL-s13B-b90K/snapshots/84c9828e63dc9a9351d1fe637c346d4c1c4db341/open_clip_pytorch_model.bin
Final image preprocessing configuration set: {'size': (224, 224), 'mode': 'RGB', 'mean': (0.48145466, 0.4578275, 0.40821073), 'std': (0.26862954, 0.26130258, 0.27577711), 'interpolation': 'bicubic', 'resize_mode': 'shortest', 'fill_color': 0}
Model ViT-L-14 creation process complete.
Parsing tokenizer identifier. Schema: None, Identifier: ViT-L-14
Attempting to load config from built-in: ViT-L-14
Using default SimpleTokenizer.
z_star shape: torch.Size([768])

Loading action stats from /home/ashwink/full_data_5000/langtable/demos/ ...
  lo=[-0.03372681140899658, -0.03493623435497284]  hi=[0.03496786952018738, 0.03494429588317871]

Initializing LangTable env ...
Loading URDF plane.urdf
Loading URDF /home/ashwink/Documents/swms/.venv/lib/python3.10/site-packages/language_table/environments/utils/../../../language_table/environments/assets/workspace_real.urdf
Loading URDF xarm/xarm6_robot_white.urdf
Loading URDF /home/ashwink/Documents/swms/.venv/lib/python3.10/site-packages/language_table/environments/utils/../../../language_table/environments/assets/suction/cylinder_real.urdf
Loading URDF /home/ashwink/Documents/swms/.venv/lib/python3.10/site-packages/language_table/environments/utils/../../../language_table/environments/assets/blocks/red_moon.urdf
Loading URDF /home/ashwink/Documents/swms/.venv/lib/python3.10/site-packages/language_table/environments/utils/../../../language_table/environments/assets/blocks/red_cube.urdf
Loading URDF /home/ashwink/Documents/swms/.venv/lib/python3.10/site-packages/language_table/environments/utils/../../../language_table/environments/assets/blocks/red_star.urdf
Loading URDF /home/ashwink/Documents/swms/.venv/lib/python3.10/site-packages/language_table/environments/utils/../../../language_table/environments/assets/blocks/red_pentagon.urdf
Loading URDF /home/ashwink/Documents/swms/.venv/lib/python3.10/site-packages/language_table/environments/utils/../../../language_table/environments/assets/blocks/blue_moon.urdf
Loading URDF /home/ashwink/Documents/swms/.venv/lib/python3.10/site-packages/language_table/environments/utils/../../../language_table/environments/assets/blocks/blue_cube.urdf
Loading URDF /home/ashwink/Documents/swms/.venv/lib/python3.10/site-packages/language_table/environments/utils/../../../language_table/environments/assets/blocks/blue_star.urdf
Loading URDF /home/ashwink/Documents/swms/.venv/lib/python3.10/site-packages/language_table/environments/utils/../../../language_table/environments/assets/blocks/blue_pentagon.urdf
Loading URDF /home/ashwink/Documents/swms/.venv/lib/python3.10/site-packages/language_table/environments/utils/../../../language_table/environments/assets/blocks/yellow_moon.urdf
Loading URDF /home/ashwink/Documents/swms/.venv/lib/python3.10/site-packages/language_table/environments/utils/../../../language_table/environments/assets/blocks/yellow_cube.urdf
Loading URDF /home/ashwink/Documents/swms/.venv/lib/python3.10/site-packages/language_table/environments/utils/../../../language_table/environments/assets/blocks/yellow_star.urdf
Loading URDF /home/ashwink/Documents/swms/.venv/lib/python3.10/site-packages/language_table/environments/utils/../../../language_table/environments/assets/blocks/yellow_pentagon.urdf
Loading URDF /home/ashwink/Documents/swms/.venv/lib/python3.10/site-packages/language_table/environments/utils/../../../language_table/environments/assets/blocks/green_moon.urdf
Loading URDF /home/ashwink/Documents/swms/.venv/lib/python3.10/site-packages/language_table/environments/utils/../../../language_table/environments/assets/blocks/green_cube.urdf
Loading URDF /home/ashwink/Documents/swms/.venv/lib/python3.10/site-packages/language_table/environments/utils/../../../language_table/environments/assets/blocks/green_star.urdf
Loading URDF /home/ashwink/Documents/swms/.venv/lib/python3.10/site-packages/language_table/environments/utils/../../../language_table/environments/assets/blocks/green_pentagon.urdf
Loading URDF /home/ashwink/Documents/swms/.venv/lib/python3.10/site-packages/language_table/environments/utils/../../../language_table/environments/assets/blocks/purple_moon.urdf
Loading URDF /home/ashwink/Documents/swms/.venv/lib/python3.10/site-packages/language_table/environments/utils/../../../language_table/environments/assets/blocks/purple_cube.urdf
Loading URDF /home/ashwink/Documents/swms/.venv/lib/python3.10/site-packages/language_table/environments/utils/../../../language_table/environments/assets/blocks/purple_star.urdf
Loading URDF /home/ashwink/Documents/swms/.venv/lib/python3.10/site-packages/language_table/environments/utils/../../../language_table/environments/assets/blocks/purple_pentagon.urdf
Env ready.

Forced peg start: [0.42843915 0.24419614]  (green_cube=[0.40339102 0.18967466], blue_moon=[0.32039625 0.00902261])
  dist(peg,green_cube)=0.0600  dist(peg,blue_moon)=0.2588  dist(green_cube,blue_moon)=0.1988

CEM: K=512  num_elites=128  n_planning_itrs=9  max_action_value=1.0  warm_start_std=0.1  return_mode=best  min_std=0.0  seed=125

step  cos(zt,z*)  cos(zt,zt-1)  |   cos(predK,z*) min/mean/max  cos(pred_sel,z*)   cos(zpred0,z*)  ||a_raw||  |  dist(peg,A)   dist(A,B)
-------------------------------------------------------------------------------------------------------------------------------------------------------------------------------
   0      0.1539           nan  |    0.6496/  0.6694/  0.6788            0.6788           0.6009     0.0148  |       0.0587      0.1988
   1      0.1517        0.9869  |    0.6628/  0.6655/  0.6682            0.6682           0.5878     0.0111  |       0.0543      0.1988
   2      0.1469        0.9849  |    0.6558/  0.6585/  0.6609            0.6609           0.5835     0.0115  |       0.0529      0.1988
   3      0.1490        0.9512  |    0.6682/  0.6715/  0.6742            0.6742           0.5796     0.0101  |       0.0515      0.1988
   4      0.1248        0.8438  |    0.5058/  0.5162/  0.5259            0.5259           0.3074     0.0103  |       0.0525      0.1988
   5      0.1153        0.9216  |    0.5228/  0.5266/  0.5301            0.5301           0.3151     0.0071  |       0.0556      0.1988
   6      0.0901        0.9475  |    0.4256/  0.4343/  0.4398            0.4398           0.0596     0.0088  |       0.0610      0.1988
   7      0.0231        0.9222  |    0.0159/  0.0336/  0.0439            0.0439          -0.2668     0.0015  |       0.0681      0.1988
   8      0.0505        0.9636  |    0.0862/  0.1034/  0.1096            0.1096          -0.2132     0.0019  |       0.0700      0.1988
   9      0.0131        0.9633  |   -0.0366/ -0.0255/ -0.0197           -0.0197          -0.2914     0.0042  |       0.0719      0.1988
  10      0.0179        0.9438  |    0.0313/  0.0420/  0.0506            0.0506          -0.3035     0.0026  |       0.0758      0.1988
  11      0.0416        0.9570  |   -0.0089/  0.0083/  0.0181            0.0181          -0.2426     0.0041  |       0.0783      0.1988
  12      0.0646        0.9327  |    0.0938/  0.1104/  0.1184            0.1184          -0.2284     0.0058  |       0.0823      0.1988
  13      0.0203        0.9162  |   -0.0841/ -0.0749/ -0.0694           -0.0694          -0.3194     0.0085  |       0.0878      0.1988
  14      0.0144        0.9124  |   -0.0956/ -0.0864/ -0.0802           -0.0802          -0.3475     0.0076  |       0.0905      0.1988
  15     -0.0051        0.9071  |   -0.1607/ -0.1485/ -0.1371           -0.1371          -0.3338     0.0173  |       0.0967      0.1988
  16      0.1123        0.7015  |    0.4695/  0.4887/  0.4995            0.4995           0.1496     0.0079  |       0.1079      0.1988
  17      0.1062        0.9680  |    0.5189/  0.5273/  0.5342            0.5342           0.1188     0.0058  |       0.1137      0.1988
  18      0.0905        0.9536  |    0.4575/  0.4695/  0.4810            0.4810          -0.0186     0.0067  |       0.1174      0.1988
  19      0.0813        0.9075  |    0.2572/  0.2776/  0.2946            0.2946          -0.1751     0.0007  |       0.1215      0.1988
  20      0.0683        0.9892  |    0.2112/  0.2405/  0.2563            0.2563          -0.2096     0.0030  |       0.1224      0.1988
  21      0.1059        0.9523  |    0.4302/  0.4508/  0.4647            0.4647          -0.0189     0.0070  |       0.1246      0.1988
  22      0.1106        0.9807  |    0.5253/  0.5406/  0.5486            0.5486           0.0905     0.0105  |       0.1308      0.1988
  23      0.0498        0.8890  |    0.1552/  0.1972/  0.2176            0.2176          -0.2254     0.0004  |       0.1391      0.1988
  24      0.0774        0.9834  |    0.2953/  0.3120/  0.3242            0.3242          -0.1747     0.0040  |       0.1400      0.1988
  25      0.1112        0.8944  |    0.5522/  0.5642/  0.5710            0.5710           0.1756     0.0094  |       0.1400      0.1988
  26      0.0407        0.8402  |    0.1455/  0.1662/  0.1831            0.1831          -0.2077     0.0022  |       0.1455      0.1988
  27      0.0253        0.9663  |    0.0905/  0.1032/  0.1143            0.1143          -0.2566     0.0045  |       0.1480      0.1988
  28      0.0929        0.8772  |    0.2580/  0.2751/  0.2919            0.2919          -0.1282     0.0070  |       0.1483      0.1988
  29      0.0765        0.9243  |    0.4847/  0.4962/  0.5039            0.5039           0.0346     0.0058  |       0.1538      0.1988
  30      0.0835        0.9694  |    0.4943/  0.5054/  0.5136            0.5136           0.0272     0.0071  |       0.1578      0.1988
  31      0.0757        0.9418  |    0.3419/  0.3677/  0.3823            0.3823          -0.1824     0.0071  |       0.1636      0.1988
  32      0.0392        0.9338  |   -0.0270/  0.0038/  0.0241            0.0241          -0.2729     0.0055  |       0.1704      0.1988
  33      0.0874        0.9066  |    0.3446/  0.3682/  0.3876            0.3876          -0.0866     0.0065  |       0.1741      0.1988
  34      0.0823        0.9280  |    0.1723/  0.1987/  0.2136            0.2136          -0.2079     0.0037  |       0.1797      0.1988
  35      0.0491        0.9661  |   -0.0009/  0.0134/  0.0233            0.0233          -0.2815     0.0114  |       0.1833      0.1988
  36      0.0561        0.9120  |    0.0687/  0.0855/  0.0980            0.0980          -0.2033     0.0078  |       0.1859      0.1988
  37      0.0994        0.9065  |   -0.0550/ -0.0447/ -0.0381           -0.0381          -0.2006     0.0122  |       0.1904      0.1988
  38      0.1302        0.9001  |    0.2895/  0.3040/  0.3131            0.3131           0.1077     0.0072  |       0.1959      0.1988
  39      0.1268        0.9847  |    0.3740/  0.3813/  0.3850            0.3850           0.1937     0.0072  |       0.1963      0.1988
  40      0.0696        0.9296  |   -0.1421/ -0.1343/ -0.1280           -0.1280          -0.2374     0.0106  |       0.1960      0.1988
  41      0.1099        0.8757  |    0.4582/  0.4635/  0.4675            0.4675           0.3018     0.0082  |       0.1968      0.1988
  42      0.1393        0.9545  |    0.3771/  0.3837/  0.3876            0.3876           0.1549     0.0063  |       0.1966      0.1988
  43      0.1220        0.9624  |    0.2777/  0.2880/  0.2930            0.2930           0.0865     0.0073  |       0.1963      0.1988
  44      0.0740        0.9443  |   -0.0930/ -0.0857/ -0.0804           -0.0804          -0.2008     0.0120  |       0.1960      0.1988
  45      0.1233        0.9434  |    0.2831/  0.2949/  0.2985            0.2985           0.0908     0.0091  |       0.1963      0.1988
  46      0.0900        0.9370  |   -0.0631/ -0.0552/ -0.0510           -0.0510          -0.1894     0.0104  |       0.1959      0.1988
  47      0.0964        0.9457  |    0.1193/  0.1321/  0.1381            0.1381          -0.0527     0.0082  |       0.1962      0.1988
  48      0.1126        0.9907  |    0.2542/  0.2616/  0.2662            0.2662           0.0381     0.0079  |       0.1962      0.1988
  49      0.0687        0.9495  |   -0.1546/ -0.1471/ -0.1412           -0.1412          -0.2597     0.0113  |       0.1960      0.1988
  50      0.1357        0.9148  |    0.4336/  0.4398/  0.4429            0.4429           0.2559     0.0059  |       0.1966      0.1988
  51      0.1238        0.9690  |    0.3274/  0.3363/  0.3421            0.3421           0.1259     0.0051  |       0.1964      0.1988
  52      0.0968        0.9635  |   -0.0136/ -0.0030/  0.0035            0.0035          -0.1282     0.0093  |       0.1961      0.1988
  53      0.0886        0.9420  |   -0.0863/ -0.0779/ -0.0712           -0.0712          -0.2283     0.0118  |       0.1959      0.1988
  54      0.1208        0.9182  |    0.2446/  0.2546/  0.2616            0.2616           0.0531     0.0098  |       0.1963      0.1988
  55      0.0728        0.9461  |   -0.1270/ -0.1215/ -0.1153           -0.1153          -0.2342     0.0088  |       0.1960      0.1988
  56      0.1411        0.9121  |    0.3767/  0.3844/  0.3888            0.3888           0.1665     0.0057  |       0.1966      0.1988
  57      0.1351        0.9770  |    0.3423/  0.3484/  0.3526            0.3526           0.1529     0.0052  |       0.1966      0.1988
  58      0.1281        0.9948  |    0.3492/  0.3556/  0.3597            0.3597           0.1444     0.0061  |       0.1966      0.1988
  59      0.1219        0.9776  |    0.2807/  0.2887/  0.2934            0.2934           0.0863     0.0061  |       0.1963      0.1988
  60      0.0933        0.9775  |   -0.0311/ -0.0247/ -0.0199           -0.0199          -0.1426     0.0094  |       0.1962      0.1988
  61      0.0690        0.9608  |   -0.1420/ -0.1354/ -0.1281           -0.1281          -0.2406     0.0131  |       0.1961      0.1988
  62      0.1183        0.8672  |    0.4886/  0.4949/  0.4994            0.4994           0.3081     0.0080  |       0.1969      0.1988
  63      0.1393        0.9538  |    0.3796/  0.3857/  0.3888            0.3888           0.1523     0.0068  |       0.1967      0.1988
  64      0.1277        0.9650  |    0.3523/  0.3603/  0.3660            0.3660           0.1546     0.0064  |       0.1964      0.1988
  65      0.0616        0.9394  |   -0.1490/ -0.1397/ -0.1349           -0.1349          -0.2366     0.0098  |       0.1961      0.1988
  66      0.1384        0.9098  |    0.4403/  0.4476/  0.4525            0.4525           0.2620     0.0062  |       0.1967      0.1988
  67      0.1329        0.9739  |    0.3205/  0.3277/  0.3331            0.3331           0.1254     0.0073  |       0.1966      0.1988
  68      0.1003        0.9563  |    0.0622/  0.0746/  0.0820            0.0820          -0.0899     0.0090  |       0.1962      0.1988
  69      0.0968        0.9514  |    0.0750/  0.0843/  0.0906            0.0906          -0.1234     0.0100  |       0.1959      0.1988
  70      0.1180        0.9635  |    0.1533/  0.1617/  0.1680            0.1680          -0.0408     0.0091  |       0.1957      0.1988
  71      0.0612        0.9227  |   -0.2441/ -0.2249/ -0.2135           -0.2135          -0.3241     0.0171  |       0.1955      0.1988
  72      0.1006        0.8737  |    0.1429/  0.1553/  0.1644            0.1644          -0.0283     0.0095  |       0.1962      0.1988
  73      0.1123        0.9809  |    0.1699/  0.1865/  0.1957            0.1957          -0.0266     0.0089  |       0.1961      0.1988
  74      0.0935        0.9518  |    0.0505/  0.0600/  0.0652            0.0652          -0.1206     0.0092  |       0.1958      0.1988
  75      0.1085        0.9673  |   -0.0210/ -0.0135/ -0.0081           -0.0081          -0.1560     0.0076  |       0.1957      0.1988
  76      0.0967        0.9795  |    0.0178/  0.0259/  0.0311            0.0311          -0.1502     0.0086  |       0.1958      0.1988
  77      0.1027        0.9879  |   -0.0830/ -0.0747/ -0.0694           -0.0694          -0.1818     0.0122  |       0.1957      0.1988
  78      0.1053        0.9257  |    0.1762/  0.1834/  0.1889            0.1889          -0.0238     0.0084  |       0.1963      0.1988
  79      0.0879        0.9936  |    0.1478/  0.1541/  0.1584            0.1584          -0.0388     0.0078  |       0.1963      0.1988
  80      0.0690        0.9612  |   -0.1277/ -0.1195/ -0.1142           -0.1142          -0.2397     0.0110  |       0.1961      0.1988
  81      0.1248        0.9257  |    0.3398/  0.3466/  0.3502            0.3502           0.1322     0.0067  |       0.1966      0.1988
  82      0.1208        0.9769  |    0.2413/  0.2519/  0.2596            0.2596           0.0512     0.0092  |       0.1964      0.1988
  83      0.0655        0.9196  |   -0.1654/ -0.1579/ -0.1510           -0.1510          -0.2593     0.0115  |       0.1959      0.1988
  84      0.1202        0.9217  |    0.2804/  0.2881/  0.2923            0.2923           0.0824     0.0076  |       0.1963      0.1988
  85      0.0933        0.9805  |    0.0010/  0.0084/  0.0143            0.0143          -0.1197     0.0100  |       0.1962      0.1988
  86      0.0642        0.9707  |   -0.1611/ -0.1534/ -0.1481           -0.1481          -0.2607     0.0123  |       0.1961      0.1988
  87      0.1230        0.8812  |    0.4631/  0.4695/  0.4745            0.4745           0.2330     0.0077  |       0.1971      0.1988
  88      0.1388        0.9398  |    0.4081/  0.4144/  0.4185            0.4185           0.2161     0.0055  |       0.1966      0.1988
  89      0.1021        0.9506  |    0.0420/  0.0535/  0.0609            0.0609          -0.1079     0.0082  |       0.1962      0.1988
  90      0.1051        0.9974  |    0.1195/  0.1271/  0.1325            0.1325          -0.0753     0.0081  |       0.1962      0.1988
  91      0.0930        0.9694  |    0.1428/  0.1539/  0.1609            0.1609          -0.1122     0.0086  |       0.1960      0.1988
  92      0.0908        0.9731  |   -0.1105/ -0.1027/ -0.0963           -0.0963          -0.2149     0.0113  |       0.1958      0.1988
  93      0.0922        0.9400  |    0.0450/  0.0510/  0.0543            0.0543          -0.1063     0.0086  |       0.1962      0.1988
  94      0.1471        0.9456  |    0.3620/  0.3664/  0.3686            0.3686           0.1891     0.0072  |       0.1965      0.1988
  95      0.0884        0.9449  |    0.0159/  0.0218/  0.0264            0.0264          -0.1129     0.0068  |       0.1963      0.1988
  96      0.0906        0.9986  |    0.0490/  0.0550/  0.0599            0.0599          -0.1017     0.0088  |       0.1963      0.1988
  97      0.1306        0.9669  |    0.3710/  0.3750/  0.3776            0.3776           0.1929     0.0075  |       0.1965      0.1988
  98      0.0910        0.9664  |   -0.0004/  0.0077/  0.0134            0.0134          -0.1257     0.0088  |       0.1963      0.1988
  99      0.1301        0.9654  |    0.3758/  0.3797/  0.3820            0.3820           0.2005     0.0069  |       0.1965      0.1988
 100      0.1149        0.9822  |    0.2397/  0.2468/  0.2516            0.2516           0.0569     0.0105  |       0.1964      0.1988
 101      0.1006        0.9342  |    0.0045/  0.0134/  0.0194            0.0194          -0.1511     0.0100  |       0.1960      0.1988
 102      0.0789        0.9773  |   -0.1232/ -0.1141/ -0.1066           -0.1066          -0.2359     0.0131  |       0.1959      0.1988
 103      0.1358        0.8932  |    0.4089/  0.4142/  0.4173            0.4173           0.2291     0.0056  |       0.1966      0.1988
 104      0.1304        0.9829  |    0.3194/  0.3259/  0.3297            0.3297           0.1241     0.0068  |       0.1966      0.1988
 105      0.0920        0.9619  |    0.0004/  0.0104/  0.0179            0.0179          -0.1145     0.0088  |       0.1963      0.1988
 106      0.0856        0.9535  |   -0.1005/ -0.0933/ -0.0867           -0.0867          -0.2178     0.0098  |       0.1961      0.1988
 107      0.1361        0.9307  |    0.3949/  0.4023/  0.4058            0.4058           0.2052     0.0060  |       0.1965      0.1988
 108      0.0922        0.9644  |    0.0362/  0.0436/  0.0492            0.0492          -0.1081     0.0092  |       0.1963      0.1988
 109      0.1284        0.9723  |    0.3861/  0.3919/  0.3955            0.3955           0.1914     0.0076  |       0.1965      0.1988
 110      0.0893        0.9599  |   -0.0223/ -0.0155/ -0.0095           -0.0095          -0.1374     0.0100  |       0.1963      0.1988
 111      0.1260        0.9684  |    0.3066/  0.3149/  0.3200            0.3200           0.0979     0.0098  |       0.1964      0.1988
 112      0.0995        0.9451  |    0.0976/  0.1106/  0.1175            0.1175          -0.0987     0.0091  |       0.1960      0.1988
 113      0.0884        0.9735  |   -0.0603/ -0.0475/ -0.0400           -0.0400          -0.2041     0.0114  |       0.1958      0.1988
 114      0.0891        0.9364  |    0.0184/  0.0250/  0.0297            0.0297          -0.1182     0.0104  |       0.1963      0.1988
 115      0.1366        0.9377  |    0.4141/  0.4191/  0.4228            0.4228           0.2278     0.0088  |       0.1968      0.1988
 116      0.1124        0.9550  |    0.2642/  0.2774/  0.2843            0.2843           0.0685     0.0093  |       0.1964      0.1988
 117      0.0727        0.9264  |   -0.1599/ -0.1487/ -0.1392           -0.1392          -0.2746     0.0100  |       0.1960      0.1988
 118      0.1416        0.8792  |    0.3400/  0.3485/  0.3534            0.3534           0.1840     0.0054  |       0.1966      0.1988
 119      0.1366        0.9806  |    0.3894/  0.3949/  0.3982            0.3982           0.1978     0.0060  |       0.1966      0.1988
 120      0.0937        0.9646  |    0.0460/  0.0539/  0.0618            0.0618          -0.1057     0.0085  |       0.1963      0.1988
 121      0.1232        0.9775  |    0.3100/  0.3166/  0.3208            0.3208           0.1110     0.0077  |       0.1964      0.1988
 122      0.1119        0.9652  |    0.1791/  0.1888/  0.1949            0.1949          -0.0219     0.0088  |       0.1962      0.1988
 123      0.0782        0.9477  |   -0.1045/ -0.0976/ -0.0923           -0.0923          -0.2095     0.0103  |       0.1960      0.1988
 124      0.0928        0.9374  |    0.0273/  0.0322/  0.0361            0.0361          -0.1223     0.0093  |       0.1963      0.1988
 125      0.1478        0.9436  |    0.4188/  0.4230/  0.4256            0.4256           0.2316     0.0065  |       0.1966      0.1988
 126      0.1086        0.9455  |    0.1343/  0.1505/  0.1584            0.1584          -0.0450     0.0077  |       0.1963      0.1988
 127      0.0729        0.9498  |   -0.1420/ -0.1336/ -0.1260           -0.1260          -0.2516     0.0119  |       0.1960      0.1988
 128      0.1291        0.8824  |    0.2885/  0.2979/  0.3033            0.3033           0.1091     0.0071  |       0.1966      0.1988
 129      0.1312        0.9756  |    0.3306/  0.3387/  0.3435            0.3435           0.1249     0.0061  |       0.1965      0.1988
 130      0.0980        0.9653  |    0.0622/  0.0711/  0.0775            0.0775          -0.0937     0.0097  |       0.1963      0.1988
 131      0.0744        0.9707  |   -0.0866/ -0.0794/ -0.0744           -0.0744          -0.1978     0.0115  |       0.1961      0.1988
 132      0.1291        0.9292  |    0.3290/  0.3364/  0.3397            0.3397           0.1096     0.0077  |       0.1965      0.1988
 133      0.0972        0.9665  |    0.0083/  0.0171/  0.0241            0.0241          -0.1182     0.0094  |       0.1963      0.1988
 134      0.0991        0.9853  |    0.0571/  0.0680/  0.0739            0.0739          -0.1107     0.0081  |       0.1962      0.1988
 135      0.1093        0.9751  |    0.0660/  0.0764/  0.0824            0.0824          -0.1001     0.0091  |       0.1961      0.1988
 136      0.0921        0.9852  |    0.1465/  0.1550/  0.1604            0.1604          -0.1212     0.0078  |       0.1960      0.1988
 137      0.0683        0.9756  |   -0.1594/ -0.1487/ -0.1406           -0.1406          -0.2784     0.0136  |       0.1960      0.1988
 138      0.1368        0.8838  |    0.4531/  0.4591/  0.4629            0.4629           0.2691     0.0080  |       0.1969      0.1988
 139      0.1124        0.9594  |    0.2405/  0.2533/  0.2605            0.2605           0.0364     0.0078  |       0.1964      0.1988
 140      0.0871        0.9481  |   -0.0465/ -0.0373/ -0.0316           -0.0316          -0.1654     0.0095  |       0.1961      0.1988
 141      0.0650        0.9815  |   -0.1460/ -0.1396/ -0.1325           -0.1325          -0.2506     0.0134  |       0.1962      0.1988
 142      0.1184        0.8630  |    0.4848/  0.4924/  0.4993            0.4993           0.3292     0.0093  |       0.1973      0.1988
 143      0.1318        0.9240  |    0.3553/  0.3641/  0.3696            0.3696           0.1547     0.0063  |       0.1968      0.1988
 144      0.0969        0.9665  |    0.1187/  0.1308/  0.1388            0.1388          -0.0485     0.0069  |       0.1964      0.1988
 145      0.0934        0.9880  |   -0.0116/ -0.0002/  0.0056            0.0056          -0.1180     0.0109  |       0.1963      0.1988
 146      0.1126        0.9824  |    0.2571/  0.2622/  0.2651            0.2651           0.0379     0.0095  |       0.1964      0.1988
 147      0.0684        0.9480  |   -0.1456/ -0.1382/ -0.1321           -0.1321          -0.2379     0.0114  |       0.1962      0.1988
 148      0.1370        0.8935  |    0.4411/  0.4479/  0.4528            0.4528           0.2547     0.0061  |       0.1969      0.1988
 149      0.1455        0.9707  |    0.3602/  0.3661/  0.3695            0.3695           0.1983     0.0064  |       0.1967      0.1988
 150      0.0997        0.9560  |    0.2008/  0.2110/  0.2174            0.2174          -0.0126     0.0068  |       0.1964      0.1988
 151      0.0673        0.9528  |   -0.1246/ -0.1181/ -0.1129           -0.1129          -0.2257     0.0125  |       0.1962      0.1988
 152      0.1348        0.9061  |    0.3879/  0.3935/  0.3972            0.3972           0.1887     0.0078  |       0.1968      0.1988
 153      0.1375        0.9689  |    0.4068/  0.4143/  0.4183            0.4183           0.2158     0.0059  |       0.1966      0.1988
 154      0.0888        0.9520  |   -0.0189/ -0.0098/ -0.0033           -0.0033          -0.1268     0.0083  |       0.1963      0.1988
 155      0.1065        0.9800  |    0.1183/  0.1265/  0.1342            0.1342          -0.0636     0.0092  |       0.1963      0.1988
 156      0.0874        0.9687  |   -0.0927/ -0.0846/ -0.0782           -0.0782          -0.2115     0.0097  |       0.1961      0.1988
 157      0.1283        0.9222  |    0.3880/  0.3933/  0.3972            0.3972           0.1922     0.0063  |       0.1965      0.1988
 158      0.0982        0.9793  |    0.1299/  0.1373/  0.1426            0.1426          -0.0469     0.0079  |       0.1964      0.1988
 159      0.0910        0.9839  |    0.0126/  0.0204/  0.0255            0.0255          -0.1227     0.0094  |       0.1963      0.1988
 160      0.0673        0.9641  |   -0.1209/ -0.1158/ -0.1117           -0.1117          -0.2256     0.0117  |       0.1962      0.1988
 161      0.1274        0.9166  |    0.3105/  0.3162/  0.3191            0.3191           0.1128     0.0060  |       0.1967      0.1988
 162      0.1295        0.9831  |    0.3786/  0.3845/  0.3872            0.3872           0.2049     0.0056  |       0.1966      0.1988
 163      0.0909        0.9593  |    0.0078/  0.0152/  0.0212            0.0212          -0.1245     0.0084  |       0.1964      0.1988
 164      0.0932        0.9897  |    0.0369/  0.0444/  0.0506            0.0506          -0.1086     0.0078  |       0.1964      0.1988
 165      0.1095        0.9869  |    0.2185/  0.2289/  0.2350            0.2350           0.0000     0.0081  |       0.1964      0.1988
 166      0.0683        0.9596  |   -0.1186/ -0.1121/ -0.1067           -0.1067          -0.2206     0.0118  |       0.1962      0.1988
 167      0.1481        0.8814  |    0.5111/  0.5158/  0.5192            0.5192           0.3412     0.0079  |       0.1969      0.1988
 168      0.1127        0.9457  |    0.2581/  0.2673/  0.2745            0.2745           0.0281     0.0083  |       0.1965      0.1988
 169      0.0980        0.9464  |   -0.0029/  0.0076/  0.0150            0.0150          -0.1494     0.0104  |       0.1961      0.1988
 170      0.0907        0.9530  |    0.0465/  0.0541/  0.0590            0.0590          -0.1009     0.0087  |       0.1963      0.1988
 171      0.1136        0.9798  |    0.2282/  0.2377/  0.2429            0.2429           0.0408     0.0093  |       0.1964      0.1988
 172      0.0655        0.9453  |   -0.1420/ -0.1357/ -0.1290           -0.1290          -0.2421     0.0104  |       0.1962      0.1988
 173      0.1160        0.8940  |    0.3484/  0.3557/  0.3609            0.3609           0.1286     0.0060  |       0.1970      0.1988
 174      0.1328        0.9601  |    0.3539/  0.3609/  0.3647            0.3647           0.1523     0.0052  |       0.1968      0.1988
 175      0.1337        0.9789  |    0.4028/  0.4072/  0.4106            0.4106           0.2224     0.0064  |       0.1966      0.1988
 176      0.0653        0.9377  |   -0.1538/ -0.1443/ -0.1362           -0.1362          -0.2544     0.0112  |       0.1962      0.1988
 177      0.1188        0.8880  |    0.4090/  0.4183/  0.4240            0.4240           0.1832     0.0066  |       0.1972      0.1988
 178      0.1349        0.9656  |    0.4016/  0.4065/  0.4106            0.4106           0.2093     0.0073  |       0.1969      0.1988
 179      0.1331        0.9720  |    0.3933/  0.3980/  0.4013            0.4013           0.1925     0.0055  |       0.1966      0.1988
 180      0.0969        0.9732  |    0.1228/  0.1335/  0.1395            0.1395          -0.0498     0.0071  |       0.1964      0.1988
 181      0.0900        0.9824  |   -0.0176/ -0.0103/ -0.0052           -0.0052          -0.1351     0.0104  |       0.1963      0.1988
 182      0.0979        0.9890  |    0.0600/  0.0701/  0.0763            0.0763          -0.0938     0.0093  |       0.1963      0.1988
 183      0.0917        0.9640  |    0.1261/  0.1339/  0.1398            0.1398          -0.1220     0.0077  |       0.1961      0.1988
 184      0.1044        0.9680  |    0.1745/  0.1863/  0.1945            0.1945          -0.0193     0.0089  |       0.1959      0.1988
 185      0.0393        0.9288  |   -0.3037/ -0.2940/ -0.2860           -0.2860          -0.3639     0.0120  |       0.1957      0.1988
 186      0.1448        0.8621  |    0.3885/  0.3992/  0.4045            0.4045           0.2024     0.0049  |       0.1966      0.1988
 187      0.1225        0.9748  |    0.3230/  0.3365/  0.3424            0.3424           0.1293     0.0052  |       0.1965      0.1988
 188      0.0910        0.9702  |   -0.0052/  0.0039/  0.0121            0.0121          -0.1178     0.0078  |       0.1963      0.1988
 189      0.0906        0.9927  |    0.0014/  0.0090/  0.0141            0.0141          -0.1257     0.0079  |       0.1964      0.1988
 190      0.1220        0.9810  |    0.2768/  0.2847/  0.2879            0.2879           0.0832     0.0068  |       0.1965      0.1988
 191      0.0952        0.9837  |    0.1304/  0.1381/  0.1432            0.1432          -0.0397     0.0068  |       0.1964      0.1988
 192      0.1021        0.9692  |    0.0540/  0.0603/  0.0659            0.0659          -0.1063     0.0083  |       0.1963      0.1988
 193      0.1034        0.9939  |    0.1143/  0.1227/  0.1282            0.1282          -0.0703     0.0101  |       0.1963      0.1988
 194      0.0864        0.9588  |   -0.1068/ -0.0955/ -0.0873           -0.0873          -0.2343     0.0094  |       0.1961      0.1988
 195      0.0945        0.9447  |    0.1185/  0.1268/  0.1340            0.1340          -0.0566     0.0091  |       0.1964      0.1988
 196      0.1258        0.9812  |    0.3048/  0.3131/  0.3196            0.3196           0.0979     0.0113  |       0.1965      0.1988
 197      0.0873        0.9174  |   -0.0909/ -0.0822/ -0.0762           -0.0762          -0.2280     0.0081  |       0.1960      0.1988
 198      0.1206        0.9203  |    0.2770/  0.2830/  0.2880            0.2880           0.0855     0.0086  |       0.1965      0.1988
 199      0.0702        0.9394  |   -0.1437/ -0.1334/ -0.1247           -0.1247          -0.2377     0.0118  |       0.1962      0.1988
 200      0.1197        0.8810  |    0.4372/  0.4451/  0.4486            0.4486           0.2344     0.0074  |       0.1970      0.1988
 201      0.1312        0.9668  |    0.3645/  0.3722/  0.3774            0.3774           0.1629     0.0066  |       0.1967      0.1988
 202      0.0883        0.9527  |   -0.0288/ -0.0212/ -0.0149           -0.0149          -0.1396     0.0076  |       0.1964      0.1988
 203      0.1245        0.9669  |    0.2744/  0.2835/  0.2874            0.2874           0.0714     0.0083  |       0.1965      0.1988
 204      0.0685        0.9400  |   -0.1292/ -0.1228/ -0.1165           -0.1165          -0.2262     0.0099  |       0.1962      0.1988
 205      0.1187        0.8994  |    0.3506/  0.3583/  0.3624            0.3624           0.1398     0.0078  |       0.1970      0.1988
 206      0.1347        0.9681  |    0.3363/  0.3423/  0.3458            0.3458           0.1411     0.0067  |       0.1968      0.1988
 207      0.1210        0.9696  |    0.3067/  0.3142/  0.3191            0.3191           0.1050     0.0079  |       0.1966      0.1988
 208      0.0903        0.9741  |   -0.0057/  0.0035/  0.0095            0.0095          -0.1291     0.0089  |       0.1964      0.1988
 209      0.1363        0.9613  |    0.4235/  0.4282/  0.4308            0.4308           0.2433     0.0081  |       0.1966      0.1988
 210      0.0701        0.9357  |   -0.1126/ -0.1050/ -0.0990           -0.0990          -0.2245     0.0100  |       0.1962      0.1988
 211      0.1348        0.9022  |    0.3885/  0.3959/  0.4003            0.4003           0.1969     0.0070  |       0.1969      0.1988
 212      0.1310        0.9715  |    0.3281/  0.3361/  0.3419            0.3419           0.1355     0.0077  |       0.1968      0.1988
 213      0.1223        0.9781  |    0.3021/  0.3101/  0.3146            0.3146           0.1061     0.0087  |       0.1965      0.1988
 214      0.0683        0.9382  |   -0.1250/ -0.1179/ -0.1123           -0.1123          -0.2207     0.0100  |       0.1962      0.1988
 215      0.1470        0.9257  |    0.4189/  0.4235/  0.4265            0.4265           0.2330     0.0069  |       0.1966      0.1988
 216      0.1110        0.9442  |    0.1634/  0.1768/  0.1877            0.1877          -0.0296     0.0092  |       0.1963      0.1988
 217      0.0995        0.9533  |    0.0182/  0.0289/  0.0370            0.0370          -0.1318     0.0102  |       0.1960      0.1988
 218      0.1099        0.9754  |   -0.0157/ -0.0067/ -0.0021           -0.0021          -0.1527     0.0079  |       0.1959      0.1988
 219      0.1049        0.9747  |    0.1010/  0.1101/  0.1183            0.1183          -0.0683     0.0095  |       0.1959      0.1988
 220      0.0883        0.9765  |   -0.0553/ -0.0487/ -0.0425           -0.0425          -0.2045     0.0105  |       0.1959      0.1988
 221      0.0983        0.9284  |    0.1497/  0.1603/  0.1669            0.1669          -0.0297     0.0070  |       0.1964      0.1988
 222      0.0970        0.9980  |    0.1152/  0.1277/  0.1347            0.1347          -0.0501     0.0071  |       0.1964      0.1988
 223      0.0962        0.9972  |    0.1120/  0.1223/  0.1271            0.1271          -0.0573     0.0098  |       0.1964      0.1988
 224      0.0932        0.9883  |    0.0046/  0.0137/  0.0195            0.0195          -0.1140     0.0096  |       0.1963      0.1988
 225      0.0664        0.9759  |   -0.1260/ -0.1194/ -0.1157           -0.1157          -0.2210     0.0125  |       0.1963      0.1988
 226      0.1369        0.9139  |    0.4104/  0.4161/  0.4197            0.4197           0.2236     0.0078  |       0.1969      0.1988
 227      0.1354        0.9690  |    0.3930/  0.3980/  0.4011            0.4011           0.1914     0.0076  |       0.1967      0.1988
 228      0.0973        0.9558  |    0.0978/  0.1088/  0.1165            0.1165          -0.0861     0.0081  |       0.1963      0.1988
 229      0.0704        0.9775  |   -0.1393/ -0.1316/ -0.1251           -0.1251          -0.2458     0.0111  |       0.1962      0.1988
 230      0.1178        0.8755  |    0.4575/  0.4673/  0.4721            0.4721           0.2604     0.0068  |       0.1971      0.1988
 231      0.1282        0.9502  |    0.3260/  0.3325/  0.3362            0.3362           0.1286     0.0059  |       0.1968      0.1988
 232      0.1373        0.9824  |    0.4060/  0.4127/  0.4170            0.4170           0.2247     0.0058  |       0.1966      0.1988
 233      0.1023        0.9542  |    0.0435/  0.0527/  0.0597            0.0597          -0.1076     0.0065  |       0.1963      0.1988
 234      0.0676        0.9818  |   -0.1334/ -0.1269/ -0.1216           -0.1216          -0.2278     0.0097  |       0.1962      0.1988
 235      0.1399        0.9120  |    0.3904/  0.3947/  0.3978            0.3978           0.1672     0.0062  |       0.1968      0.1988
 236      0.1301        0.9744  |    0.3848/  0.3902/  0.3936            0.3936           0.2127     0.0067  |       0.1967      0.1988
 237      0.0697        0.9316  |   -0.1184/ -0.1079/ -0.1001           -0.1001          -0.2363     0.0118  |       0.1963      0.1988
 238      0.1338        0.9128  |    0.3415/  0.3496/  0.3536            0.3536           0.1562     0.0061  |       0.1968      0.1988
 239      0.1308        0.9799  |    0.3786/  0.3834/  0.3863            0.3863           0.2038     0.0048  |       0.1967      0.1988
 240      0.1032        0.9788  |    0.1320/  0.1448/  0.1520            0.1520          -0.0386     0.0087  |       0.1965      0.1988
 241      0.0685        0.9561  |   -0.1543/ -0.1442/ -0.1360           -0.1360          -0.2559     0.0118  |       0.1963      0.1988
 242      0.1168        0.8771  |    0.4588/  0.4650/  0.4695            0.4695           0.2562     0.0064  |       0.1972      0.1988
 243      0.1438        0.9688  |    0.4325/  0.4396/  0.4430            0.4430           0.2522     0.0089  |       0.1970      0.1988
 244      0.0930        0.9368  |    0.0002/  0.0106/  0.0177            0.0177          -0.1128     0.0075  |       0.1965      0.1988
 245      0.1043        0.9819  |    0.1195/  0.1286/  0.1337            0.1337          -0.0707     0.0091  |       0.1964      0.1988
 246      0.0912        0.9669  |   -0.0322/ -0.0243/ -0.0191           -0.0191          -0.1521     0.0104  |       0.1963      0.1988
 247      0.0655        0.9693  |   -0.1255/ -0.1181/ -0.1136           -0.1136          -0.2269     0.0114  |       0.1964      0.1988
 248      0.1119        0.8960  |    0.4635/  0.4686/  0.4719            0.4719           0.3031     0.0087  |       0.1972      0.1988
 249      0.1331        0.9573  |    0.4264/  0.4323/  0.4361            0.4361           0.2488     0.0055  |       0.1969      0.1988
 250      0.1128        0.9681  |    0.2454/  0.2566/  0.2629            0.2629           0.0396     0.0076  |       0.1966      0.1988
 251      0.0920        0.9462  |    0.1095/  0.1230/  0.1320            0.1320          -0.1340     0.0081  |       0.1962      0.1988
 252      0.1020        0.9869  |    0.0646/  0.0752/  0.0836            0.0836          -0.1170     0.0089  |       0.1962      0.1988
 253      0.0703        0.9762  |   -0.1509/ -0.1421/ -0.1348           -0.1348          -0.2567     0.0136  |       0.1963      0.1988
 254      0.1187        0.8928  |    0.3404/  0.3490/  0.3540            0.3540           0.1412     0.0080  |       0.1971      0.1988
 255      0.1385        0.9644  |    0.3494/  0.3543/  0.3579            0.3579           0.1375     0.0049  |       0.1970      0.1988
 256      0.1475        0.9772  |    0.3996/  0.4045/  0.4068            0.4068           0.2257     0.0052  |       0.1968      0.1988
 257      0.1228        0.9739  |    0.3115/  0.3173/  0.3214            0.3214           0.1106     0.0071  |       0.1967      0.1988
 258      0.0681        0.9487  |   -0.1276/ -0.1209/ -0.1158           -0.1158          -0.2206     0.0113  |       0.1964      0.1988
 259      0.1399        0.9182  |    0.3817/  0.3871/  0.3910            0.3910           0.1678     0.0077  |       0.1970      0.1988
 260      0.1341        0.9759  |    0.3164/  0.3231/  0.3276            0.3276           0.1262     0.0064  |       0.1968      0.1988
 261      0.0882        0.9618  |    0.0061/  0.0133/  0.0192            0.0192          -0.1195     0.0076  |       0.1965      0.1988
 262      0.0933        0.9894  |    0.0558/  0.0655/  0.0695            0.0695          -0.1023     0.0082  |       0.1965      0.1988
 263      0.1226        0.9773  |    0.2890/  0.2942/  0.2967            0.2967           0.0892     0.0075  |       0.1966      0.1988
 264      0.0950        0.9765  |   -0.0152/ -0.0052/  0.0015            0.0015          -0.1378     0.0104  |       0.1965      0.1988
 265      0.0884        0.9819  |    0.1451/  0.1542/  0.1582            0.1582          -0.0390     0.0084  |       0.1965      0.1988
 266      0.0993        0.9826  |    0.0730/  0.0845/  0.0911            0.0911          -0.0916     0.0090  |       0.1964      0.1988
 267      0.0703        0.9695  |   -0.1415/ -0.1350/ -0.1285           -0.1285          -0.2529     0.0112  |       0.1963      0.1988
 268      0.1411        0.8927  |    0.4598/  0.4653/  0.4688            0.4688           0.2855     0.0066  |       0.1970      0.1988
 269      0.1484        0.9666  |    0.4165/  0.4228/  0.4255            0.4255           0.2305     0.0040  |       0.1968      0.1988
 270      0.0872        0.9521  |    0.1158/  0.1272/  0.1348            0.1348          -0.0548     0.0054  |       0.1966      0.1988
 271      0.0992        0.9828  |    0.0711/  0.0844/  0.0907            0.0907          -0.0926     0.0094  |       0.1964      0.1988
 272      0.0626        0.9704  |   -0.1725/ -0.1657/ -0.1603           -0.1603          -0.2655     0.0138  |       0.1963      0.1988
 273      0.1195        0.8679  |    0.3990/  0.4071/  0.4121            0.4121           0.1454     0.0053  |       0.1974      0.1988
 274      0.1235        0.9728  |    0.4939/  0.5003/  0.5048            0.5048           0.3276     0.0077  |       0.1973      0.1988
 275      0.1468        0.9483  |    0.3997/  0.4050/  0.4083            0.4083           0.2053     0.0041  |       0.1968      0.1988
 276      0.0964        0.9524  |    0.1206/  0.1285/  0.1342            0.1342          -0.0537     0.0072  |       0.1966      0.1988
 277      0.0954        0.9804  |    0.0205/  0.0307/  0.0375            0.0375          -0.1182     0.0104  |       0.1965      0.1988
 278      0.0895        0.9423  |   -0.0927/ -0.0861/ -0.0804           -0.0804          -0.2283     0.0107  |       0.1962      0.1988
 279      0.0955        0.9312  |    0.1130/  0.1237/  0.1294            0.1294          -0.0596     0.0082  |       0.1965      0.1988
 280      0.0916        0.9900  |    0.0433/  0.0513/  0.0564            0.0564          -0.1027     0.0078  |       0.1965      0.1988
 281      0.1258        0.9707  |    0.3489/  0.3528/  0.3554            0.3554           0.1477     0.0070  |       0.1967      0.1988
 282      0.0908        0.9764  |    0.0508/  0.0575/  0.0627            0.0627          -0.1043     0.0088  |       0.1965      0.1988
 283      0.1245        0.9764  |    0.3491/  0.3556/  0.3594            0.3594           0.1458     0.0076  |       0.1967      0.1988
 284      0.0892        0.9677  |    0.0341/  0.0439/  0.0503            0.0503          -0.1126     0.0088  |       0.1965      0.1988
 285      0.1276        0.9666  |    0.2857/  0.2931/  0.2967            0.2967           0.1036     0.0082  |       0.1967      0.1988
 286      0.0664        0.9334  |   -0.1549/ -0.1495/ -0.1433           -0.1433          -0.2558     0.0095  |       0.1964      0.1988
 287      0.1148        0.8997  |    0.3503/  0.3573/  0.3614            0.3614           0.1274     0.0065  |       0.1972      0.1988
 288      0.1335        0.9569  |    0.3512/  0.3585/  0.3626            0.3626           0.1540     0.0058  |       0.1969      0.1988
 289      0.0920        0.9617  |    0.0338/  0.0449/  0.0512            0.0512          -0.1045     0.0073  |       0.1966      0.1988
 290      0.1267        0.9801  |    0.2845/  0.2944/  0.2987            0.2987           0.0868     0.0092  |       0.1966      0.1988
 291      0.0630        0.9487  |   -0.1472/ -0.1406/ -0.1363           -0.1363          -0.2359     0.0097  |       0.1964      0.1988
 292      0.1433        0.9113  |    0.4225/  0.4277/  0.4315            0.4315           0.2316     0.0084  |       0.1970      0.1988
 293      0.1337        0.9697  |    0.3375/  0.3425/  0.3462            0.3462           0.1442     0.0056  |       0.1969      0.1988
 294      0.1376        0.9811  |    0.4232/  0.4274/  0.4299            0.4299           0.2437     0.0081  |       0.1968      0.1988
 295      0.0644        0.9310  |   -0.1736/ -0.1660/ -0.1596           -0.1596          -0.2649     0.0092  |       0.1964      0.1988
 296      0.1492        0.8751  |    0.5124/  0.5200/  0.5239            0.5239           0.3507     0.0080  |       0.1971      0.1988
 297      0.1223        0.9494  |    0.3023/  0.3094/  0.3164            0.3164           0.1092     0.0077  |       0.1967      0.1988
 298      0.0701        0.9336  |   -0.1360/ -0.1266/ -0.1198           -0.1198          -0.2279     0.0111  |       0.1964      0.1988
 299      0.1199        0.9013  |    0.3761/  0.3838/  0.3881            0.3881           0.1701     0.0076  |       0.1971      0.1988
IMAGEIO FFMPEG_WRITER WARNING: input image is not divisible by macro_block_size=16, resizing from (320, 180) to (320, 192) to ensure video compatibility with most codecs and players. To prevent resizing, make your input image divisible by the macro_block_size or set the macro_block_size to 1 (risking incompatibility).

Saved 300 frames -> /home/ashwink/Documents/swms/SWM_copy/rollouts_5_per/expert+subopt_cem_ne128/epoch11/epoch11_rollout2_failure.mp4
min dist(green_cube,blue_moon) over episode = 0.1988  ->  FAILURE
Full log written to /home/ashwink/Documents/swms/SWM_copy/rollouts_5_per/expert+subopt_cem_ne128/epoch11/epoch11_rollout2_20260730_124324.log
Result json -> /home/ashwink/Documents/swms/SWM_copy/rollouts_5_per/expert+subopt_cem_ne128/epoch11/epoch11_rollout2_result.json
