Checkpoint dir epoch: 3  Rollout: 0
Logging to /home/ashwink/Documents/swms/SWM_copy/rollouts_5_per/expert+subopt/epoch3/epoch3_rollout0_20260723_121607.log
Goal (fixed, steps 0-299): the green cube is touching the blue moon. the peg is touching the green cube.

Checkpoint: /home/ashwink/Documents/swms/SWM_copy/training/checkpoints_clip_full_fine-tuned_with_subopt_data/epoch_003.pt
  epoch=3  step=6744

Loading CLIP ViT-L/14 (datacomp_xl_s13b_b90k) + fine-tuned clip_state_dict ...
Parsing model identifier. Schema: None, Identifier: ViT-L-14
Loaded built-in ViT-L-14 model config.
Instantiating model architecture: CLIP
Loading full pretrained weights from: /home/ashwink/.cache/huggingface/hub/models--laion--CLIP-ViT-L-14-DataComp.XL-s13B-b90K/snapshots/84c9828e63dc9a9351d1fe637c346d4c1c4db341/open_clip_pytorch_model.bin
Final image preprocessing configuration set: {'size': (224, 224), 'mode': 'RGB', 'mean': (0.48145466, 0.4578275, 0.40821073), 'std': (0.26862954, 0.26130258, 0.27577711), 'interpolation': 'bicubic', 'resize_mode': 'shortest', 'fill_color': 0}
Model ViT-L-14 creation process complete.
Parsing tokenizer identifier. Schema: None, Identifier: ViT-L-14
Attempting to load config from built-in: ViT-L-14
Using default SimpleTokenizer.
z_star shape: torch.Size([768])

Loading action stats from /home/ashwink/full_data_5000/langtable/demos/ ...
  lo=[-0.03372681140899658, -0.03493623435497284]  hi=[0.03496786952018738, 0.03494429588317871]

Initializing LangTable env ...
Loading URDF plane.urdf
Loading URDF /home/ashwink/Documents/swms/.venv/lib/python3.10/site-packages/language_table/environments/utils/../../../language_table/environments/assets/workspace_real.urdf
Loading URDF xarm/xarm6_robot_white.urdf
Loading URDF /home/ashwink/Documents/swms/.venv/lib/python3.10/site-packages/language_table/environments/utils/../../../language_table/environments/assets/suction/cylinder_real.urdf
Loading URDF /home/ashwink/Documents/swms/.venv/lib/python3.10/site-packages/language_table/environments/utils/../../../language_table/environments/assets/blocks/red_moon.urdf
Loading URDF /home/ashwink/Documents/swms/.venv/lib/python3.10/site-packages/language_table/environments/utils/../../../language_table/environments/assets/blocks/red_cube.urdf
Loading URDF /home/ashwink/Documents/swms/.venv/lib/python3.10/site-packages/language_table/environments/utils/../../../language_table/environments/assets/blocks/red_star.urdf
Loading URDF /home/ashwink/Documents/swms/.venv/lib/python3.10/site-packages/language_table/environments/utils/../../../language_table/environments/assets/blocks/red_pentagon.urdf
Loading URDF /home/ashwink/Documents/swms/.venv/lib/python3.10/site-packages/language_table/environments/utils/../../../language_table/environments/assets/blocks/blue_moon.urdf
Loading URDF /home/ashwink/Documents/swms/.venv/lib/python3.10/site-packages/language_table/environments/utils/../../../language_table/environments/assets/blocks/blue_cube.urdf
Loading URDF /home/ashwink/Documents/swms/.venv/lib/python3.10/site-packages/language_table/environments/utils/../../../language_table/environments/assets/blocks/blue_star.urdf
Loading URDF /home/ashwink/Documents/swms/.venv/lib/python3.10/site-packages/language_table/environments/utils/../../../language_table/environments/assets/blocks/blue_pentagon.urdf
Loading URDF /home/ashwink/Documents/swms/.venv/lib/python3.10/site-packages/language_table/environments/utils/../../../language_table/environments/assets/blocks/yellow_moon.urdf
Loading URDF /home/ashwink/Documents/swms/.venv/lib/python3.10/site-packages/language_table/environments/utils/../../../language_table/environments/assets/blocks/yellow_cube.urdf
Loading URDF /home/ashwink/Documents/swms/.venv/lib/python3.10/site-packages/language_table/environments/utils/../../../language_table/environments/assets/blocks/yellow_star.urdf
Loading URDF /home/ashwink/Documents/swms/.venv/lib/python3.10/site-packages/language_table/environments/utils/../../../language_table/environments/assets/blocks/yellow_pentagon.urdf
Loading URDF /home/ashwink/Documents/swms/.venv/lib/python3.10/site-packages/language_table/environments/utils/../../../language_table/environments/assets/blocks/green_moon.urdf
Loading URDF /home/ashwink/Documents/swms/.venv/lib/python3.10/site-packages/language_table/environments/utils/../../../language_table/environments/assets/blocks/green_cube.urdf
Loading URDF /home/ashwink/Documents/swms/.venv/lib/python3.10/site-packages/language_table/environments/utils/../../../language_table/environments/assets/blocks/green_star.urdf
Loading URDF /home/ashwink/Documents/swms/.venv/lib/python3.10/site-packages/language_table/environments/utils/../../../language_table/environments/assets/blocks/green_pentagon.urdf
Loading URDF /home/ashwink/Documents/swms/.venv/lib/python3.10/site-packages/language_table/environments/utils/../../../language_table/environments/assets/blocks/purple_moon.urdf
Loading URDF /home/ashwink/Documents/swms/.venv/lib/python3.10/site-packages/language_table/environments/utils/../../../language_table/environments/assets/blocks/purple_cube.urdf
Loading URDF /home/ashwink/Documents/swms/.venv/lib/python3.10/site-packages/language_table/environments/utils/../../../language_table/environments/assets/blocks/purple_star.urdf
Loading URDF /home/ashwink/Documents/swms/.venv/lib/python3.10/site-packages/language_table/environments/utils/../../../language_table/environments/assets/blocks/purple_pentagon.urdf
Env ready.

Forced peg start: [0.42843915 0.24419614]  (green_cube=[0.40339102 0.18967466], blue_moon=[0.32039625 0.00902261])
  dist(peg,green_cube)=0.0600  dist(peg,blue_moon)=0.2588  dist(green_cube,blue_moon)=0.1988

step  cos(zt,z*)  cos(zt,zt-1)  |   cos(predK,z*) min/mean/max  cos(pred_sel,z*)   cos(zpred0,z*)  ||a_raw||  |  dist(peg,A)   dist(A,B)
-------------------------------------------------------------------------------------------------------------------------------------------------------------------------------
   0      0.1834           nan  |    0.2170/  0.2201/  0.2233            0.2233           0.3977     0.0149  |       0.0587      0.1988
   1      0.1829        0.9795  |    0.3482/  0.3644/  0.3791            0.3791           0.3351     0.0076  |       0.0727      0.1988
   2      0.1632        0.9840  |    0.3687/  0.3818/  0.3895            0.3895           0.3015     0.0078  |       0.0804      0.1988
   3      0.1769        0.9867  |    0.3874/  0.3983/  0.4039            0.4039           0.3472     0.0093  |       0.0786      0.1988
   4      0.1928        0.9868  |    0.4186/  0.4320/  0.4384            0.4384           0.3916     0.0071  |       0.0776      0.1988
   5      0.1846        0.9891  |    0.3994/  0.4106/  0.4164            0.4164           0.3711     0.0061  |       0.0756      0.1988
   6      0.1888        0.9905  |    0.4028/  0.4151/  0.4208            0.4208           0.3858     0.0063  |       0.0750      0.1988
   7      0.1876        0.9928  |    0.3608/  0.3772/  0.3835            0.3835           0.3485     0.0061  |       0.0746      0.1988
   8      0.1951        0.9883  |    0.3901/  0.4002/  0.4065            0.4065           0.3668     0.0064  |       0.0748      0.1988
   9      0.1785        0.9883  |    0.3436/  0.3550/  0.3612            0.3612           0.3234     0.0065  |       0.0726      0.1988
  10      0.1667        0.9651  |    0.2037/  0.2170/  0.2232            0.2232           0.1909     0.0062  |       0.0691      0.1988
  11      0.1727        0.9797  |    0.2144/  0.2297/  0.2362            0.2362           0.2025     0.0032  |       0.0659      0.1988
  12      0.1557        0.9469  |    0.0192/  0.0307/  0.0416            0.0416          -0.0320     0.0064  |       0.0633      0.1988
  13      0.1266        0.9421  |    0.0080/  0.0244/  0.0321            0.0321          -0.0972     0.0122  |       0.0574      0.1988
  14      0.1527        0.9470  |    0.1068/  0.1174/  0.1242            0.1242          -0.0077     0.0101  |       0.0458      0.1988
  15      0.1610        0.9409  |    0.2838/  0.2956/  0.3013            0.3013           0.1744     0.0109  |       0.0392      0.1963
  16      0.1481        0.9284  |    0.3566/  0.3693/  0.3755            0.3755           0.3044     0.0073  |       0.0383      0.1904
  17      0.1444        0.9372  |    0.3488/  0.3665/  0.3726            0.3726           0.2663     0.0087  |       0.0366      0.1869
  18      0.1362        0.9230  |    0.4247/  0.4350/  0.4413            0.4413           0.3676     0.0096  |       0.0346      0.1831
  19      0.1361        0.9402  |    0.4480/  0.4589/  0.4641            0.4641           0.3867     0.0074  |       0.0337      0.1785
  20      0.1399        0.9409  |    0.3816/  0.3925/  0.3982            0.3982           0.3026     0.0078  |       0.0333      0.1745
  21      0.1490        0.9343  |    0.3693/  0.3827/  0.3891            0.3891           0.3390     0.0074  |       0.0329      0.1714
  22      0.1449        0.9279  |    0.4450/  0.4599/  0.4657            0.4657           0.3983     0.0079  |       0.0326      0.1671
  23      0.1274        0.9331  |    0.5069/  0.5192/  0.5250            0.5250           0.4218     0.0108  |       0.0325      0.1627
  24      0.1126        0.9369  |    0.4976/  0.5084/  0.5151            0.5151           0.3981     0.0105  |       0.0328      0.1573
  25      0.1175        0.9183  |    0.5448/  0.5583/  0.5636            0.5636           0.4829     0.0099  |       0.0329      0.1544
  26      0.1167        0.9209  |    0.5417/  0.5536/  0.5589            0.5589           0.4672     0.0103  |       0.0331      0.1513
  27      0.1038        0.8816  |    0.5359/  0.5492/  0.5543            0.5543           0.5267     0.0054  |       0.0328      0.1462
  28      0.1094        0.9192  |    0.5703/  0.5841/  0.5902            0.5902           0.5556     0.0056  |       0.0326      0.1413
  29      0.1048        0.9423  |    0.5565/  0.5670/  0.5743            0.5743           0.5079     0.0084  |       0.0323      0.1370
  30      0.1252        0.8818  |    0.5847/  0.6035/  0.6114            0.6114           0.5515     0.0088  |       0.0329      0.1345
  31      0.1163        0.8549  |    0.5717/  0.5900/  0.5981            0.5981           0.5393     0.0089  |       0.0333      0.1313
  32      0.1054        0.8522  |    0.4557/  0.4699/  0.4779            0.4779           0.4211     0.0047  |       0.0334      0.1272
  33      0.1050        0.8805  |    0.5193/  0.5321/  0.5385            0.5385           0.4604     0.0088  |       0.0332      0.1252
  34      0.1294        0.8771  |    0.5412/  0.5553/  0.5634            0.5634           0.4972     0.0061  |       0.0336      0.1204
  35      0.1274        0.9167  |    0.4019/  0.4204/  0.4275            0.4275           0.3432     0.0042  |       0.0333      0.1175
  36      0.1163        0.9543  |    0.3516/  0.3620/  0.3692            0.3692           0.3110     0.0035  |       0.0328      0.1169
  37      0.0988        0.9367  |    0.2835/  0.2937/  0.3000            0.3000           0.2350     0.0049  |       0.0325      0.1149
  38      0.0977        0.9549  |    0.3337/  0.3503/  0.3567            0.3567           0.2714     0.0037  |       0.0327      0.1136
  39      0.0994        0.9493  |    0.4541/  0.4734/  0.4819            0.4819           0.3577     0.0078  |       0.0326      0.1120
  40      0.1090        0.9053  |    0.4811/  0.4997/  0.5070            0.5070           0.4229     0.0010  |       0.0331      0.1128
  41      0.1154        0.9813  |    0.4643/  0.4815/  0.4895            0.4895           0.4061     0.0026  |       0.0327      0.1126
  42      0.1097        0.9465  |    0.4351/  0.4584/  0.4637            0.4637           0.3633     0.0067  |       0.0329      0.1127
  43      0.1213        0.9465  |    0.4989/  0.5094/  0.5153            0.5153           0.3962     0.0056  |       0.0333      0.1153
  44      0.1126        0.9267  |    0.3531/  0.3709/  0.3784            0.3784           0.2129     0.0056  |       0.0334      0.1168
  45      0.1090        0.9275  |    0.2670/  0.2878/  0.2935            0.2935           0.2030     0.0050  |       0.0335      0.1185
  46      0.1069        0.9530  |    0.3169/  0.3364/  0.3434            0.3434           0.2047     0.0074  |       0.0338      0.1201
  47      0.1307        0.9258  |    0.5509/  0.5681/  0.5808            0.5808           0.4977     0.0076  |       0.0341      0.1218
  48      0.1202        0.9294  |    0.4524/  0.4700/  0.4784            0.4784           0.4141     0.0049  |       0.0344      0.1232
  49      0.1282        0.9519  |    0.4694/  0.4822/  0.4886            0.4886           0.3960     0.0054  |       0.0343      0.1234
  50      0.1124        0.9335  |    0.2159/  0.2254/  0.2316            0.2316           0.1660     0.0074  |       0.0343      0.1229
  51      0.0961        0.9407  |    0.2112/  0.2242/  0.2321            0.2321           0.1550     0.0061  |       0.0344      0.1223
  52      0.1008        0.9323  |    0.3089/  0.3263/  0.3352            0.3352           0.0796     0.0092  |       0.0343      0.1243
  53      0.1128        0.9195  |    0.0466/  0.0685/  0.0742            0.0742          -0.0626     0.0073  |       0.0345      0.1299
  54      0.0883        0.9628  |   -0.1477/ -0.1306/ -0.1219           -0.1219          -0.1687     0.0080  |       0.0344      0.1342
  55      0.0857        0.9728  |   -0.1351/ -0.1197/ -0.1118           -0.1118          -0.2076     0.0111  |       0.0345      0.1399
  56      0.1437        0.9149  |    0.2872/  0.3227/  0.3312            0.3312           0.2768     0.0066  |       0.0348      0.1454
  57      0.1408        0.9552  |    0.2545/  0.2690/  0.2759            0.2759           0.2128     0.0037  |       0.0376      0.1456
  58      0.1256        0.9761  |    0.2016/  0.2165/  0.2240            0.2240           0.1558     0.0068  |       0.0407      0.1456
  59      0.0975        0.9632  |    0.1624/  0.1744/  0.1812            0.1812           0.0932     0.0066  |       0.0465      0.1456
  60      0.0619        0.9764  |    0.0162/  0.0308/  0.0373            0.0373          -0.1485     0.0072  |       0.0530      0.1456
  61      0.0559        0.9805  |   -0.0448/ -0.0189/ -0.0118           -0.0118          -0.2406     0.0077  |       0.0601      0.1456
  62      0.0501        0.9741  |    0.0202/  0.0332/  0.0417            0.0417          -0.2479     0.0101  |       0.0676      0.1456
  63     -0.0031        0.9733  |   -0.2190/ -0.2016/ -0.1950           -0.1950          -0.4120     0.0103  |       0.0774      0.1456
  64     -0.0456        0.9701  |   -0.2785/ -0.2372/ -0.2257           -0.2257          -0.4166     0.0116  |       0.0871      0.1456
  65     -0.0687        0.9097  |   -0.2164/ -0.1915/ -0.1841           -0.1841          -0.3640     0.0129  |       0.0983      0.1456
  66     -0.0689        0.9160  |   -0.2113/ -0.1890/ -0.1815           -0.1815          -0.3345     0.0102  |       0.1109      0.1456
  67     -0.0762        0.9341  |   -0.2690/ -0.2490/ -0.2401           -0.2401          -0.4206     0.0114  |       0.1211      0.1456
  68     -0.0552        0.8967  |   -0.1778/ -0.1575/ -0.1497           -0.1497          -0.3652     0.0110  |       0.1324      0.1456
  69     -0.0357        0.9246  |   -0.1390/ -0.1205/ -0.1116           -0.1116          -0.3872     0.0119  |       0.1434      0.1456
  70     -0.0539        0.9217  |   -0.1848/ -0.1694/ -0.1535           -0.1535          -0.3621     0.0130  |       0.1544      0.1456
  71     -0.0597        0.9199  |   -0.0564/ -0.0301/ -0.0178           -0.0178          -0.3405     0.0186  |       0.1615      0.1456
  72     -0.0466        0.9027  |   -0.3086/ -0.2951/ -0.2835           -0.2835          -0.4641     0.0111  |       0.1694      0.1456
  73     -0.0492        0.9812  |   -0.3531/ -0.3386/ -0.3301           -0.3301          -0.4892     0.0106  |       0.1720      0.1456
  74     -0.0548        0.9742  |   -0.3870/ -0.3732/ -0.3665           -0.3665          -0.4865     0.0106  |       0.1750      0.1456
  75     -0.0489        0.9833  |   -0.3717/ -0.3599/ -0.3506           -0.3506          -0.4877     0.0098  |       0.1771      0.1456
  76     -0.0575        0.9733  |   -0.3854/ -0.3707/ -0.3624           -0.3624          -0.4787     0.0080  |       0.1775      0.1456
  77     -0.0757        0.9833  |   -0.3943/ -0.3810/ -0.3731           -0.3731          -0.4700     0.0104  |       0.1772      0.1456
  78     -0.0975        0.9694  |   -0.3711/ -0.3579/ -0.3507           -0.3507          -0.4531     0.0085  |       0.1739      0.1456
  79     -0.0935        0.9812  |   -0.4010/ -0.3903/ -0.3819           -0.3819          -0.4660     0.0096  |       0.1723      0.1456
  80     -0.1122        0.9730  |   -0.3820/ -0.3646/ -0.3565           -0.3565          -0.4584     0.0063  |       0.1698      0.1456
  81     -0.1107        0.9797  |   -0.3787/ -0.3649/ -0.3579           -0.3579          -0.4446     0.0098  |       0.1693      0.1456
  82     -0.0957        0.9792  |   -0.3764/ -0.3612/ -0.3538           -0.3538          -0.4388     0.0088  |       0.1674      0.1456
  83     -0.1110        0.9716  |   -0.3474/ -0.3326/ -0.3249           -0.3249          -0.4446     0.0064  |       0.1641      0.1456
  84     -0.1191        0.9773  |   -0.3487/ -0.3357/ -0.3274           -0.3274          -0.4286     0.0084  |       0.1630      0.1456
  85     -0.1085        0.9881  |   -0.3417/ -0.3285/ -0.3205           -0.3205          -0.4252     0.0085  |       0.1634      0.1456
  86     -0.1084        0.9517  |   -0.3327/ -0.3163/ -0.3095           -0.3095          -0.4010     0.0084  |       0.1643      0.1456
  87     -0.1024        0.9685  |   -0.2813/ -0.2636/ -0.2567           -0.2567          -0.3622     0.0113  |       0.1619      0.1456
  88     -0.1159        0.9439  |   -0.2554/ -0.2345/ -0.2275           -0.2275          -0.3436     0.0110  |       0.1623      0.1456
  89     -0.1140        0.9597  |   -0.2138/ -0.1994/ -0.1921           -0.1921          -0.2921     0.0108  |       0.1616      0.1456
  90     -0.1038        0.9318  |   -0.1473/ -0.1318/ -0.1244           -0.1244          -0.2475     0.0122  |       0.1588      0.1456
  91     -0.1133        0.9407  |   -0.1587/ -0.1406/ -0.1348           -0.1348          -0.2504     0.0122  |       0.1577      0.1454
  92     -0.0920        0.9381  |   -0.1474/ -0.1252/ -0.1189           -0.1189          -0.2529     0.0125  |       0.1583      0.1437
  93     -0.0761        0.9006  |   -0.1139/ -0.0910/ -0.0852           -0.0852          -0.2340     0.0153  |       0.1578      0.1406
  94     -0.1160        0.8762  |   -0.1432/ -0.1261/ -0.1208           -0.1208          -0.2495     0.0132  |       0.1544      0.1378
  95     -0.1113        0.8618  |   -0.1088/ -0.0855/ -0.0798           -0.0798          -0.2027     0.0136  |       0.1555      0.1374
  96     -0.0628        0.9078  |   -0.1420/ -0.1147/ -0.1074           -0.1074          -0.2399     0.0150  |       0.1580      0.1361
  97     -0.0742        0.7884  |   -0.1193/ -0.0889/ -0.0824           -0.0824          -0.2210     0.0147  |       0.1627      0.1358
  98     -0.0396        0.8786  |   -0.1169/ -0.0962/ -0.0904           -0.0904          -0.2145     0.0150  |       0.1689      0.1358
  99     -0.0494        0.9155  |   -0.1530/ -0.1356/ -0.1299           -0.1299          -0.2399     0.0157  |       0.1781      0.1358
 100      0.0010        0.8940  |   -0.2094/ -0.1964/ -0.1896           -0.1896          -0.2813     0.0139  |       0.1900      0.1358
 101      0.0300        0.9257  |   -0.2551/ -0.2390/ -0.2315           -0.2315          -0.3114     0.0154  |       0.2016      0.1358
 102      0.0398        0.9182  |   -0.3470/ -0.3265/ -0.3196           -0.3196          -0.3794     0.0151  |       0.2138      0.1358
 103      0.0331        0.9413  |   -0.3052/ -0.2906/ -0.2788           -0.2788          -0.3958     0.0103  |       0.2241      0.1358
 104      0.0413        0.9601  |   -0.3219/ -0.3085/ -0.3019           -0.3019          -0.4119     0.0127  |       0.2340      0.1358
 105      0.0230        0.9492  |   -0.3349/ -0.3243/ -0.3173           -0.3173          -0.4025     0.0125  |       0.2464      0.1358
 106      0.0141        0.9657  |   -0.3891/ -0.3741/ -0.3668           -0.3668          -0.4170     0.0115  |       0.2579      0.1358
 107     -0.0065        0.9593  |   -0.4056/ -0.3924/ -0.3843           -0.3843          -0.4283     0.0121  |       0.2684      0.1358
 108     -0.0148        0.9853  |   -0.3956/ -0.3862/ -0.3796           -0.3796          -0.4124     0.0132  |       0.2800      0.1358
 109     -0.0368        0.9701  |   -0.4408/ -0.4289/ -0.4223           -0.4223          -0.4520     0.0125  |       0.2895      0.1358
 110     -0.0480        0.9758  |   -0.4777/ -0.4659/ -0.4592           -0.4592          -0.4811     0.0148  |       0.2993      0.1358
 111     -0.0404        0.9489  |   -0.4493/ -0.4383/ -0.4305           -0.4305          -0.4692     0.0130  |       0.3124      0.1358
 112     -0.0626        0.9067  |   -0.4569/ -0.4467/ -0.4404           -0.4404          -0.4748     0.0102  |       0.3252      0.1358
 113     -0.0517        0.9437  |   -0.3984/ -0.3869/ -0.3809           -0.3809          -0.4379     0.0118  |       0.3355      0.1358
 114     -0.0487        0.9931  |   -0.4047/ -0.3887/ -0.3821           -0.3821          -0.4412     0.0104  |       0.3464      0.1358
 115     -0.0488        1.0000  |   -0.4006/ -0.3895/ -0.3819           -0.3819          -0.4412     0.0101  |       0.3561      0.1358
 116     -0.0496        0.9982  |   -0.4014/ -0.3886/ -0.3813           -0.3813          -0.4404     0.0110  |       0.3657      0.1358
 117     -0.0496        1.0000  |   -0.4056/ -0.3902/ -0.3837           -0.3837          -0.4414     0.0105  |       0.3765      0.1358
 118     -0.0495        1.0000  |   -0.4024/ -0.3907/ -0.3840           -0.3840          -0.4413     0.0089  |       0.3871      0.1358
 119     -0.0496        1.0000  |   -0.4075/ -0.3911/ -0.3835           -0.3835          -0.4412     0.0106  |       0.3930      0.1358
 120     -0.0497        1.0000  |   -0.4019/ -0.3898/ -0.3828           -0.3828          -0.4411     0.0101  |       0.3940      0.1358
 121     -0.0495        1.0000  |   -0.4025/ -0.3890/ -0.3824           -0.3824          -0.4409     0.0126  |       0.3943      0.1358
 122     -0.0495        1.0000  |   -0.4012/ -0.3895/ -0.3821           -0.3821          -0.4409     0.0114  |       0.3950      0.1358
 123     -0.0473        0.9994  |   -0.4014/ -0.3888/ -0.3813           -0.3813          -0.4394     0.0101  |       0.3959      0.1358
 124     -0.0475        1.0000  |   -0.4036/ -0.3892/ -0.3824           -0.3824          -0.4396     0.0114  |       0.3970      0.1358
 125     -0.0476        1.0000  |   -0.4016/ -0.3892/ -0.3823           -0.3823          -0.4394     0.0117  |       0.3977      0.1358
 126     -0.0476        1.0000  |   -0.4074/ -0.3900/ -0.3834           -0.3834          -0.4395     0.0123  |       0.3985      0.1359
 127     -0.0475        1.0000  |   -0.4010/ -0.3898/ -0.3830           -0.3830          -0.4394     0.0101  |       0.3989      0.1359
 128     -0.0477        1.0000  |   -0.4070/ -0.3896/ -0.3824           -0.3824          -0.4393     0.0110  |       0.4002      0.1359
 129     -0.0475        1.0000  |   -0.4008/ -0.3887/ -0.3823           -0.3823          -0.4392     0.0101  |       0.4009      0.1359
 130     -0.0476        1.0000  |   -0.4028/ -0.3887/ -0.3823           -0.3823          -0.4390     0.0100  |       0.4024      0.1359
 131     -0.0475        1.0000  |   -0.4048/ -0.3878/ -0.3807           -0.3807          -0.4383     0.0106  |       0.4031      0.1359
 132     -0.0477        1.0000  |   -0.4010/ -0.3882/ -0.3813           -0.3813          -0.4383     0.0104  |       0.4036      0.1359
 133     -0.0476        1.0000  |   -0.4004/ -0.3888/ -0.3825           -0.3825          -0.4385     0.0124  |       0.4049      0.1359
 134     -0.0475        1.0000  |   -0.4000/ -0.3882/ -0.3814           -0.3814          -0.4386     0.0112  |       0.4055      0.1359
 135     -0.0477        1.0000  |   -0.4018/ -0.3895/ -0.3823           -0.3823          -0.4387     0.0117  |       0.4071      0.1359
 136     -0.0479        0.9999  |   -0.4017/ -0.3882/ -0.3818           -0.3818          -0.4388     0.0096  |       0.4087      0.1359
 137     -0.0478        1.0000  |   -0.4029/ -0.3874/ -0.3811           -0.3811          -0.4385     0.0094  |       0.4089      0.1359
 138     -0.0480        1.0000  |   -0.4049/ -0.3883/ -0.3811           -0.3811          -0.4390     0.0119  |       0.4103      0.1359
 139     -0.0480        1.0000  |   -0.4085/ -0.3892/ -0.3824           -0.3824          -0.4395     0.0102  |       0.4106      0.1359
 140     -0.0483        0.9946  |   -0.4004/ -0.3816/ -0.3747           -0.3747          -0.4292     0.0104  |       0.4117      0.1359
 141     -0.0482        1.0000  |   -0.3926/ -0.3816/ -0.3749           -0.3749          -0.4293     0.0126  |       0.4125      0.1359
 142     -0.0482        1.0000  |   -0.3999/ -0.3831/ -0.3759           -0.3759          -0.4296     0.0113  |       0.4130      0.1359
 143     -0.0481        1.0000  |   -0.3962/ -0.3823/ -0.3747           -0.3747          -0.4294     0.0122  |       0.4139      0.1359
 144     -0.0485        1.0000  |   -0.3967/ -0.3828/ -0.3761           -0.3761          -0.4303     0.0110  |       0.4150      0.1359
 145     -0.0483        1.0000  |   -0.3964/ -0.3822/ -0.3750           -0.3750          -0.4296     0.0104  |       0.4158      0.1359
 146     -0.0438        0.9969  |   -0.3997/ -0.3843/ -0.3776           -0.3776          -0.4348     0.0095  |       0.4161      0.1359
 147     -0.0436        1.0000  |   -0.3963/ -0.3840/ -0.3769           -0.3769          -0.4340     0.0104  |       0.4169      0.1359
 148     -0.0437        1.0000  |   -0.3952/ -0.3844/ -0.3769           -0.3769          -0.4351     0.0095  |       0.4178      0.1359
 149     -0.0438        1.0000  |   -0.3955/ -0.3845/ -0.3773           -0.3773          -0.4350     0.0104  |       0.4187      0.1359
 150     -0.0434        1.0000  |   -0.3958/ -0.3834/ -0.3765           -0.3765          -0.4347     0.0101  |       0.4190      0.1359
 151     -0.0431        1.0000  |   -0.3957/ -0.3835/ -0.3772           -0.3772          -0.4349     0.0098  |       0.4207      0.1359
 152     -0.0430        1.0000  |   -0.3965/ -0.3841/ -0.3769           -0.3769          -0.4349     0.0113  |       0.4218      0.1359
 153     -0.0430        1.0000  |   -0.3960/ -0.3839/ -0.3765           -0.3765          -0.4344     0.0105  |       0.4237      0.1359
 154     -0.0431        1.0000  |   -0.4026/ -0.3838/ -0.3772           -0.3772          -0.4345     0.0105  |       0.4251      0.1359
 155     -0.0431        1.0000  |   -0.4012/ -0.3838/ -0.3776           -0.3776          -0.4345     0.0106  |       0.4263      0.1359
 156     -0.0430        1.0000  |   -0.4079/ -0.3839/ -0.3769           -0.3769          -0.4344     0.0106  |       0.4278      0.1359
 157     -0.0433        1.0000  |   -0.3976/ -0.3813/ -0.3751           -0.3751          -0.4327     0.0098  |       0.4299      0.1359
 158     -0.0431        1.0000  |   -0.3925/ -0.3802/ -0.3743           -0.3743          -0.4327     0.0094  |       0.4299      0.1359
 159     -0.0431        1.0000  |   -0.3955/ -0.3803/ -0.3734           -0.3734          -0.4326     0.0095  |       0.4305      0.1359
 160     -0.0432        1.0000  |   -0.3918/ -0.3812/ -0.3751           -0.3751          -0.4324     0.0117  |       0.4311      0.1359
 161     -0.0432        1.0000  |   -0.3954/ -0.3810/ -0.3737           -0.3737          -0.4326     0.0092  |       0.4327      0.1359
 162     -0.0433        1.0000  |   -0.3932/ -0.3813/ -0.3751           -0.3751          -0.4325     0.0089  |       0.4343      0.1359
 163     -0.0433        1.0000  |   -0.3961/ -0.3814/ -0.3739           -0.3739          -0.4324     0.0107  |       0.4355      0.1359
 164     -0.0432        1.0000  |   -0.3955/ -0.3822/ -0.3756           -0.3756          -0.4330     0.0093  |       0.4365      0.1359
 165     -0.0430        1.0000  |   -0.3961/ -0.3817/ -0.3750           -0.3750          -0.4332     0.0106  |       0.4368      0.1360
 166     -0.0431        1.0000  |   -0.3918/ -0.3810/ -0.3738           -0.3738          -0.4328     0.0089  |       0.4383      0.1360
 167     -0.0431        1.0000  |   -0.3954/ -0.3809/ -0.3744           -0.3744          -0.4327     0.0103  |       0.4394      0.1360
 168     -0.0431        0.9998  |   -0.3960/ -0.3836/ -0.3769           -0.3769          -0.4345     0.0082  |       0.4395      0.1360
 169     -0.0432        1.0000  |   -0.3959/ -0.3838/ -0.3777           -0.3777          -0.4348     0.0087  |       0.4408      0.1360
 170     -0.0433        1.0000  |   -0.3955/ -0.3845/ -0.3778           -0.3778          -0.4347     0.0109  |       0.4416      0.1360
 171     -0.0430        1.0000  |   -0.3972/ -0.3833/ -0.3763           -0.3763          -0.4340     0.0094  |       0.4425      0.1360
 172     -0.0428        1.0000  |   -0.3943/ -0.3833/ -0.3765           -0.3765          -0.4340     0.0103  |       0.4434      0.1360
 173     -0.0426        1.0000  |   -0.3984/ -0.3834/ -0.3759           -0.3759          -0.4342     0.0111  |       0.4436      0.1360
 174     -0.0425        1.0000  |   -0.3987/ -0.3835/ -0.3759           -0.3759          -0.4342     0.0098  |       0.4439      0.1360
 175     -0.0424        1.0000  |   -0.4016/ -0.3844/ -0.3768           -0.3768          -0.4342     0.0097  |       0.4451      0.1360
 176     -0.0426        1.0000  |   -0.4015/ -0.3848/ -0.3764           -0.3764          -0.4340     0.0111  |       0.4469      0.1360
 177     -0.0429        1.0000  |   -0.3959/ -0.3832/ -0.3766           -0.3766          -0.4341     0.0110  |       0.4474      0.1360
 178     -0.0429        1.0000  |   -0.3965/ -0.3835/ -0.3767           -0.3767          -0.4341     0.0100  |       0.4477      0.1360
 179     -0.0437        0.9997  |   -0.3963/ -0.3853/ -0.3793           -0.3793          -0.4351     0.0085  |       0.4482      0.1360
 180     -0.0435        1.0000  |   -0.4023/ -0.3858/ -0.3799           -0.3799          -0.4354     0.0099  |       0.4490      0.1360
 181     -0.0435        1.0000  |   -0.4015/ -0.3869/ -0.3799           -0.3799          -0.4354     0.0090  |       0.4503      0.1360
 182     -0.0434        1.0000  |   -0.3987/ -0.3862/ -0.3797           -0.3797          -0.4352     0.0096  |       0.4515      0.1360
 183     -0.0433        1.0000  |   -0.4085/ -0.3860/ -0.3793           -0.3793          -0.4349     0.0112  |       0.4515      0.1360
 184     -0.0433        1.0000  |   -0.4058/ -0.3860/ -0.3791           -0.3791          -0.4350     0.0106  |       0.4524      0.1360
 185     -0.0433        1.0000  |   -0.4057/ -0.3859/ -0.3788           -0.3788          -0.4350     0.0107  |       0.4535      0.1360
 186     -0.0433        1.0000  |   -0.3969/ -0.3855/ -0.3786           -0.3786          -0.4350     0.0110  |       0.4545      0.1360
 187     -0.0434        1.0000  |   -0.3988/ -0.3854/ -0.3777           -0.3777          -0.4342     0.0106  |       0.4551      0.1360
 188     -0.0434        1.0000  |   -0.3994/ -0.3856/ -0.3789           -0.3789          -0.4343     0.0081  |       0.4557      0.1360
 189     -0.0434        1.0000  |   -0.3996/ -0.3854/ -0.3790           -0.3790          -0.4344     0.0084  |       0.4560      0.1360
 190     -0.0432        1.0000  |   -0.4025/ -0.3854/ -0.3795           -0.3795          -0.4346     0.0095  |       0.4562      0.1360
 191     -0.0433        1.0000  |   -0.4049/ -0.3860/ -0.3788           -0.3788          -0.4346     0.0099  |       0.4566      0.1360
 192     -0.0432        1.0000  |   -0.4020/ -0.3854/ -0.3793           -0.3793          -0.4346     0.0082  |       0.4580      0.1359
 193     -0.0432        1.0000  |   -0.4005/ -0.3852/ -0.3786           -0.3786          -0.4344     0.0113  |       0.4588      0.1359
 194     -0.0431        1.0000  |   -0.3983/ -0.3856/ -0.3782           -0.3782          -0.4345     0.0104  |       0.4608      0.1359
 195     -0.0431        1.0000  |   -0.4011/ -0.3851/ -0.3793           -0.3793          -0.4345     0.0111  |       0.4625      0.1359
 196     -0.0430        1.0000  |   -0.3967/ -0.3851/ -0.3785           -0.3785          -0.4347     0.0088  |       0.4647      0.1359
 197     -0.0430        0.9978  |   -0.3927/ -0.3763/ -0.3695           -0.3695          -0.4276     0.0121  |       0.4656      0.1359
 198     -0.0428        1.0000  |   -0.3898/ -0.3755/ -0.3689           -0.3689          -0.4278     0.0117  |       0.4679      0.1359
 199     -0.0428        1.0000  |   -0.3883/ -0.3758/ -0.3690           -0.3690          -0.4278     0.0112  |       0.4690      0.1359
 200     -0.0426        0.9998  |   -0.3862/ -0.3743/ -0.3674           -0.3674          -0.4261     0.0097  |       0.4714      0.1359
 201     -0.0427        1.0000  |   -0.3902/ -0.3749/ -0.3674           -0.3674          -0.4259     0.0116  |       0.4742      0.1359
 202     -0.0428        1.0000  |   -0.3882/ -0.3750/ -0.3682           -0.3682          -0.4261     0.0086  |       0.4771      0.1359
 203     -0.0428        1.0000  |   -0.3869/ -0.3743/ -0.3681           -0.3681          -0.4259     0.0087  |       0.4792      0.1359
 204     -0.0428        1.0000  |   -0.3880/ -0.3738/ -0.3679           -0.3679          -0.4259     0.0105  |       0.4819      0.1359
 205     -0.0417        0.9993  |   -0.3748/ -0.3634/ -0.3572           -0.3572          -0.4192     0.0104  |       0.4835      0.1359
 206     -0.0416        1.0000  |   -0.3792/ -0.3640/ -0.3568           -0.3568          -0.4192     0.0109  |       0.4854      0.1359
 207     -0.0416        1.0000  |   -0.3744/ -0.3644/ -0.3579           -0.3579          -0.4194     0.0126  |       0.4872      0.1359
 208     -0.0431        0.9995  |   -0.3838/ -0.3728/ -0.3663           -0.3663          -0.4245     0.0100  |       0.4900      0.1359
 209     -0.0428        1.0000  |   -0.3927/ -0.3753/ -0.3687           -0.3687          -0.4266     0.0118  |       0.4921      0.1359
 210     -0.0428        1.0000  |   -0.3873/ -0.3750/ -0.3683           -0.3683          -0.4266     0.0111  |       0.4926      0.1359
 211     -0.0428        1.0000  |   -0.3877/ -0.3748/ -0.3673           -0.3673          -0.4266     0.0093  |       0.4945      0.1359
 212     -0.0427        1.0000  |   -0.3855/ -0.3747/ -0.3690           -0.3690          -0.4266     0.0116  |       0.4953      0.1359
 213     -0.0412        0.9995  |   -0.3803/ -0.3664/ -0.3595           -0.3595          -0.4210     0.0109  |       0.4975      0.1359
 214     -0.0427        0.9995  |   -0.3903/ -0.3749/ -0.3673           -0.3673          -0.4265     0.0093  |       0.4990      0.1359
 215     -0.0426        1.0000  |   -0.3864/ -0.3741/ -0.3675           -0.3675          -0.4264     0.0110  |       0.5016      0.1359
 216     -0.0410        0.9995  |   -0.3822/ -0.3666/ -0.3596           -0.3596          -0.4212     0.0082  |       0.5035      0.1359
 217     -0.0426        0.9995  |   -0.3883/ -0.3757/ -0.3684           -0.3684          -0.4264     0.0120  |       0.5045      0.1359
 218     -0.0425        1.0000  |   -0.3882/ -0.3744/ -0.3675           -0.3675          -0.4260     0.0113  |       0.5072      0.1359
 219     -0.0425        1.0000  |   -0.3863/ -0.3748/ -0.3679           -0.3679          -0.4259     0.0107  |       0.5098      0.1359
 220     -0.0425        1.0000  |   -0.3890/ -0.3752/ -0.3678           -0.3678          -0.4259     0.0110  |       0.5128      0.1359
 221     -0.0424        1.0000  |   -0.3885/ -0.3747/ -0.3674           -0.3674          -0.4260     0.0102  |       0.5148      0.1359
 222     -0.0425        1.0000  |   -0.3880/ -0.3743/ -0.3678           -0.3678          -0.4260     0.0100  |       0.5169      0.1359
 223     -0.0425        1.0000  |   -0.3876/ -0.3751/ -0.3676           -0.3676          -0.4261     0.0102  |       0.5183      0.1359
 224     -0.0424        1.0000  |   -0.3859/ -0.3742/ -0.3674           -0.3674          -0.4259     0.0111  |       0.5185      0.1359
 225     -0.0424        1.0000  |   -0.3886/ -0.3743/ -0.3675           -0.3675          -0.4259     0.0113  |       0.5190      0.1359
 226     -0.0422        0.9985  |   -0.3819/ -0.3690/ -0.3627           -0.3627          -0.4254     0.0096  |       0.5207      0.1359
 227     -0.0423        1.0000  |   -0.3804/ -0.3680/ -0.3618           -0.3618          -0.4248     0.0084  |       0.5230      0.1359
 228     -0.0423        1.0000  |   -0.3794/ -0.3679/ -0.3617           -0.3617          -0.4248     0.0091  |       0.5241      0.1359
 229     -0.0421        1.0000  |   -0.3862/ -0.3694/ -0.3625           -0.3625          -0.4252     0.0099  |       0.5266      0.1359
 230     -0.0421        1.0000  |   -0.3853/ -0.3696/ -0.3621           -0.3621          -0.4253     0.0089  |       0.5285      0.1359
 231     -0.0423        1.0000  |   -0.3868/ -0.3684/ -0.3623           -0.3623          -0.4251     0.0103  |       0.5296      0.1359
 232     -0.0404        0.9994  |   -0.3709/ -0.3592/ -0.3525           -0.3525          -0.4191     0.0110  |       0.5322      0.1359
 233     -0.0404        1.0000  |   -0.3752/ -0.3587/ -0.3525           -0.3525          -0.4191     0.0074  |       0.5344      0.1359
 234     -0.0404        1.0000  |   -0.3719/ -0.3592/ -0.3529           -0.3529          -0.4191     0.0093  |       0.5366      0.1359
 235     -0.0406        1.0000  |   -0.3774/ -0.3595/ -0.3531           -0.3531          -0.4192     0.0085  |       0.5389      0.1359
 236     -0.0405        1.0000  |   -0.3753/ -0.3587/ -0.3521           -0.3521          -0.4188     0.0106  |       0.5413      0.1359
 237     -0.0405        1.0000  |   -0.3706/ -0.3591/ -0.3519           -0.3519          -0.4187     0.0110  |       0.5441      0.1359
 238     -0.0404        1.0000  |   -0.3687/ -0.3587/ -0.3511           -0.3511          -0.4185     0.0108  |       0.5472      0.1359
 239     -0.0406        1.0000  |   -0.3714/ -0.3584/ -0.3515           -0.3515          -0.4186     0.0100  |       0.5496      0.1359
 240     -0.0404        1.0000  |   -0.3756/ -0.3586/ -0.3518           -0.3518          -0.4182     0.0099  |       0.5521      0.1359
 241     -0.0403        1.0000  |   -0.3721/ -0.3588/ -0.3519           -0.3519          -0.4186     0.0098  |       0.5526      0.1359
 242     -0.0405        1.0000  |   -0.3717/ -0.3588/ -0.3515           -0.3515          -0.4189     0.0095  |       0.5527      0.1359
 243     -0.0403        1.0000  |   -0.3722/ -0.3579/ -0.3511           -0.3511          -0.4185     0.0111  |       0.5527      0.1359
 244     -0.0402        1.0000  |   -0.3711/ -0.3592/ -0.3527           -0.3527          -0.4186     0.0105  |       0.5527      0.1359
 245     -0.0404        1.0000  |   -0.3769/ -0.3592/ -0.3525           -0.3525          -0.4190     0.0104  |       0.5527      0.1359
 246     -0.0402        1.0000  |   -0.3705/ -0.3575/ -0.3509           -0.3509          -0.4185     0.0081  |       0.5527      0.1359
 247     -0.0403        1.0000  |   -0.3731/ -0.3572/ -0.3512           -0.3512          -0.4182     0.0091  |       0.5527      0.1359
 248     -0.0404        1.0000  |   -0.3723/ -0.3571/ -0.3503           -0.3503          -0.4179     0.0083  |       0.5527      0.1359
 249     -0.0402        1.0000  |   -0.3722/ -0.3576/ -0.3505           -0.3505          -0.4179     0.0107  |       0.5527      0.1359
 250     -0.0402        0.9998  |   -0.3722/ -0.3596/ -0.3528           -0.3528          -0.4183     0.0118  |       0.5527      0.1359
 251     -0.0400        1.0000  |   -0.3735/ -0.3587/ -0.3519           -0.3519          -0.4183     0.0103  |       0.5527      0.1359
 252     -0.0400        1.0000  |   -0.3716/ -0.3588/ -0.3518           -0.3518          -0.4184     0.0094  |       0.5527      0.1358
 253     -0.0399        1.0000  |   -0.3687/ -0.3579/ -0.3511           -0.3511          -0.4182     0.0093  |       0.5527      0.1358
 254     -0.0400        1.0000  |   -0.3703/ -0.3594/ -0.3523           -0.3523          -0.4185     0.0097  |       0.5527      0.1358
 255     -0.0398        1.0000  |   -0.3748/ -0.3596/ -0.3530           -0.3530          -0.4191     0.0076  |       0.5527      0.1358
 256     -0.0409        0.9981  |   -0.3748/ -0.3620/ -0.3555           -0.3555          -0.4218     0.0113  |       0.5527      0.1358
 257     -0.0408        1.0000  |   -0.3761/ -0.3626/ -0.3554           -0.3554          -0.4221     0.0083  |       0.5527      0.1358
 258     -0.0398        0.9981  |   -0.3757/ -0.3582/ -0.3523           -0.3523          -0.4190     0.0082  |       0.5527      0.1358
 259     -0.0398        1.0000  |   -0.3784/ -0.3599/ -0.3525           -0.3525          -0.4190     0.0096  |       0.5527      0.1358
 260     -0.0398        1.0000  |   -0.3731/ -0.3602/ -0.3534           -0.3534          -0.4194     0.0098  |       0.5527      0.1358
 261     -0.0398        1.0000  |   -0.3742/ -0.3598/ -0.3523           -0.3523          -0.4194     0.0090  |       0.5527      0.1358
 262     -0.0398        1.0000  |   -0.3715/ -0.3591/ -0.3519           -0.3519          -0.4190     0.0088  |       0.5527      0.1358
 263     -0.0398        1.0000  |   -0.3774/ -0.3599/ -0.3536           -0.3536          -0.4190     0.0108  |       0.5527      0.1358
 264     -0.0398        1.0000  |   -0.3751/ -0.3590/ -0.3510           -0.3510          -0.4188     0.0107  |       0.5527      0.1358
 265     -0.0397        1.0000  |   -0.3722/ -0.3592/ -0.3530           -0.3530          -0.4192     0.0109  |       0.5527      0.1358
 266     -0.0398        1.0000  |   -0.3726/ -0.3588/ -0.3522           -0.3522          -0.4188     0.0083  |       0.5527      0.1358
 267     -0.0398        1.0000  |   -0.3825/ -0.3585/ -0.3508           -0.3508          -0.4186     0.0085  |       0.5527      0.1358
 268     -0.0398        1.0000  |   -0.3723/ -0.3592/ -0.3521           -0.3521          -0.4186     0.0103  |       0.5527      0.1358
 269     -0.0398        1.0000  |   -0.3747/ -0.3591/ -0.3519           -0.3519          -0.4190     0.0094  |       0.5527      0.1358
 270     -0.0401        1.0000  |   -0.3733/ -0.3589/ -0.3527           -0.3527          -0.4185     0.0102  |       0.5527      0.1358
 271     -0.0401        1.0000  |   -0.3712/ -0.3588/ -0.3522           -0.3522          -0.4185     0.0085  |       0.5527      0.1358
 272     -0.0401        1.0000  |   -0.3751/ -0.3578/ -0.3517           -0.3517          -0.4185     0.0089  |       0.5527      0.1358
 273     -0.0401        1.0000  |   -0.3695/ -0.3590/ -0.3527           -0.3527          -0.4189     0.0117  |       0.5526      0.1358
 274     -0.0401        1.0000  |   -0.3715/ -0.3593/ -0.3526           -0.3526          -0.4185     0.0101  |       0.5526      0.1358
 275     -0.0401        1.0000  |   -0.3777/ -0.3592/ -0.3524           -0.3524          -0.4185     0.0096  |       0.5526      0.1358
 276     -0.0402        1.0000  |   -0.3712/ -0.3592/ -0.3530           -0.3530          -0.4189     0.0090  |       0.5526      0.1358
 277     -0.0402        1.0000  |   -0.3713/ -0.3590/ -0.3512           -0.3512          -0.4189     0.0105  |       0.5526      0.1358
 278     -0.0402        1.0000  |   -0.3760/ -0.3589/ -0.3519           -0.3519          -0.4186     0.0094  |       0.5526      0.1358
 279     -0.0402        1.0000  |   -0.3686/ -0.3585/ -0.3517           -0.3517          -0.4186     0.0112  |       0.5526      0.1358
 280     -0.0401        1.0000  |   -0.3730/ -0.3596/ -0.3527           -0.3527          -0.4188     0.0100  |       0.5526      0.1358
 281     -0.0402        1.0000  |   -0.3718/ -0.3602/ -0.3529           -0.3529          -0.4189     0.0089  |       0.5526      0.1358
 282     -0.0403        1.0000  |   -0.3761/ -0.3586/ -0.3524           -0.3524          -0.4186     0.0092  |       0.5526      0.1358
 283     -0.0403        1.0000  |   -0.3734/ -0.3588/ -0.3520           -0.3520          -0.4186     0.0102  |       0.5526      0.1358
 284     -0.0402        1.0000  |   -0.3680/ -0.3591/ -0.3525           -0.3525          -0.4190     0.0096  |       0.5526      0.1358
 285     -0.0403        1.0000  |   -0.3704/ -0.3589/ -0.3513           -0.3513          -0.4186     0.0095  |       0.5526      0.1358
 286     -0.0403        1.0000  |   -0.3717/ -0.3583/ -0.3520           -0.3520          -0.4186     0.0122  |       0.5526      0.1358
 287     -0.0402        1.0000  |   -0.3747/ -0.3591/ -0.3526           -0.3526          -0.4190     0.0100  |       0.5526      0.1358
 288     -0.0402        1.0000  |   -0.3718/ -0.3590/ -0.3522           -0.3522          -0.4190     0.0089  |       0.5526      0.1358
 289     -0.0403        1.0000  |   -0.3719/ -0.3583/ -0.3519           -0.3519          -0.4186     0.0112  |       0.5526      0.1358
 290     -0.0403        1.0000  |   -0.3723/ -0.3595/ -0.3525           -0.3525          -0.4186     0.0091  |       0.5526      0.1358
 291     -0.0402        1.0000  |   -0.3718/ -0.3593/ -0.3524           -0.3524          -0.4190     0.0102  |       0.5526      0.1358
 292     -0.0403        1.0000  |   -0.3782/ -0.3589/ -0.3528           -0.3528          -0.4187     0.0095  |       0.5526      0.1358
 293     -0.0403        1.0000  |   -0.3725/ -0.3594/ -0.3522           -0.3522          -0.4187     0.0094  |       0.5526      0.1358
 294     -0.0402        1.0000  |   -0.3718/ -0.3590/ -0.3532           -0.3532          -0.4192     0.0085  |       0.5526      0.1358
 295     -0.0401        1.0000  |   -0.3742/ -0.3600/ -0.3529           -0.3529          -0.4192     0.0089  |       0.5526      0.1358
 296     -0.0402        1.0000  |   -0.3709/ -0.3597/ -0.3525           -0.3525          -0.4189     0.0076  |       0.5526      0.1358
 297     -0.0402        1.0000  |   -0.3728/ -0.3600/ -0.3534           -0.3534          -0.4190     0.0100  |       0.5526      0.1358
 298     -0.0402        1.0000  |   -0.3747/ -0.3600/ -0.3537           -0.3537          -0.4192     0.0094  |       0.5526      0.1358
 299     -0.0402        1.0000  |   -0.3747/ -0.3588/ -0.3530           -0.3530          -0.4189     0.0106  |       0.5527      0.1358
IMAGEIO FFMPEG_WRITER WARNING: input image is not divisible by macro_block_size=16, resizing from (320, 180) to (320, 192) to ensure video compatibility with most codecs and players. To prevent resizing, make your input image divisible by the macro_block_size or set the macro_block_size to 1 (risking incompatibility).

Saved 300 frames -> /home/ashwink/Documents/swms/SWM_copy/rollouts_5_per/expert+subopt/epoch3/epoch3_rollout0_failure.mp4
min dist(green_cube,blue_moon) over episode = 0.1120  ->  FAILURE
Full log written to /home/ashwink/Documents/swms/SWM_copy/rollouts_5_per/expert+subopt/epoch3/epoch3_rollout0_20260723_121607.log
Result json -> /home/ashwink/Documents/swms/SWM_copy/rollouts_5_per/expert+subopt/epoch3/epoch3_rollout0_result.json
