Checkpoint dir epoch: 3  Rollout: 3
Logging to /home/ashwink/Documents/swms/SWM_copy/rollouts_5_per/expert+subopt/epoch3/epoch3_rollout3_20260723_122456.log
Goal (fixed, steps 0-299): the green cube is touching the blue moon. the peg is touching the green cube.

Checkpoint: /home/ashwink/Documents/swms/SWM_copy/training/checkpoints_clip_full_fine-tuned_with_subopt_data/epoch_003.pt
  epoch=3  step=6744

Loading CLIP ViT-L/14 (datacomp_xl_s13b_b90k) + fine-tuned clip_state_dict ...
Parsing model identifier. Schema: None, Identifier: ViT-L-14
Loaded built-in ViT-L-14 model config.
Instantiating model architecture: CLIP
Loading full pretrained weights from: /home/ashwink/.cache/huggingface/hub/models--laion--CLIP-ViT-L-14-DataComp.XL-s13B-b90K/snapshots/84c9828e63dc9a9351d1fe637c346d4c1c4db341/open_clip_pytorch_model.bin
Final image preprocessing configuration set: {'size': (224, 224), 'mode': 'RGB', 'mean': (0.48145466, 0.4578275, 0.40821073), 'std': (0.26862954, 0.26130258, 0.27577711), 'interpolation': 'bicubic', 'resize_mode': 'shortest', 'fill_color': 0}
Model ViT-L-14 creation process complete.
Parsing tokenizer identifier. Schema: None, Identifier: ViT-L-14
Attempting to load config from built-in: ViT-L-14
Using default SimpleTokenizer.
z_star shape: torch.Size([768])

Loading action stats from /home/ashwink/full_data_5000/langtable/demos/ ...
  lo=[-0.03372681140899658, -0.03493623435497284]  hi=[0.03496786952018738, 0.03494429588317871]

Initializing LangTable env ...
Loading URDF plane.urdf
Loading URDF /home/ashwink/Documents/swms/.venv/lib/python3.10/site-packages/language_table/environments/utils/../../../language_table/environments/assets/workspace_real.urdf
Loading URDF xarm/xarm6_robot_white.urdf
Loading URDF /home/ashwink/Documents/swms/.venv/lib/python3.10/site-packages/language_table/environments/utils/../../../language_table/environments/assets/suction/cylinder_real.urdf
Loading URDF /home/ashwink/Documents/swms/.venv/lib/python3.10/site-packages/language_table/environments/utils/../../../language_table/environments/assets/blocks/red_moon.urdf
Loading URDF /home/ashwink/Documents/swms/.venv/lib/python3.10/site-packages/language_table/environments/utils/../../../language_table/environments/assets/blocks/red_cube.urdf
Loading URDF /home/ashwink/Documents/swms/.venv/lib/python3.10/site-packages/language_table/environments/utils/../../../language_table/environments/assets/blocks/red_star.urdf
Loading URDF /home/ashwink/Documents/swms/.venv/lib/python3.10/site-packages/language_table/environments/utils/../../../language_table/environments/assets/blocks/red_pentagon.urdf
Loading URDF /home/ashwink/Documents/swms/.venv/lib/python3.10/site-packages/language_table/environments/utils/../../../language_table/environments/assets/blocks/blue_moon.urdf
Loading URDF /home/ashwink/Documents/swms/.venv/lib/python3.10/site-packages/language_table/environments/utils/../../../language_table/environments/assets/blocks/blue_cube.urdf
Loading URDF /home/ashwink/Documents/swms/.venv/lib/python3.10/site-packages/language_table/environments/utils/../../../language_table/environments/assets/blocks/blue_star.urdf
Loading URDF /home/ashwink/Documents/swms/.venv/lib/python3.10/site-packages/language_table/environments/utils/../../../language_table/environments/assets/blocks/blue_pentagon.urdf
Loading URDF /home/ashwink/Documents/swms/.venv/lib/python3.10/site-packages/language_table/environments/utils/../../../language_table/environments/assets/blocks/yellow_moon.urdf
Loading URDF /home/ashwink/Documents/swms/.venv/lib/python3.10/site-packages/language_table/environments/utils/../../../language_table/environments/assets/blocks/yellow_cube.urdf
Loading URDF /home/ashwink/Documents/swms/.venv/lib/python3.10/site-packages/language_table/environments/utils/../../../language_table/environments/assets/blocks/yellow_star.urdf
Loading URDF /home/ashwink/Documents/swms/.venv/lib/python3.10/site-packages/language_table/environments/utils/../../../language_table/environments/assets/blocks/yellow_pentagon.urdf
Loading URDF /home/ashwink/Documents/swms/.venv/lib/python3.10/site-packages/language_table/environments/utils/../../../language_table/environments/assets/blocks/green_moon.urdf
Loading URDF /home/ashwink/Documents/swms/.venv/lib/python3.10/site-packages/language_table/environments/utils/../../../language_table/environments/assets/blocks/green_cube.urdf
Loading URDF /home/ashwink/Documents/swms/.venv/lib/python3.10/site-packages/language_table/environments/utils/../../../language_table/environments/assets/blocks/green_star.urdf
Loading URDF /home/ashwink/Documents/swms/.venv/lib/python3.10/site-packages/language_table/environments/utils/../../../language_table/environments/assets/blocks/green_pentagon.urdf
Loading URDF /home/ashwink/Documents/swms/.venv/lib/python3.10/site-packages/language_table/environments/utils/../../../language_table/environments/assets/blocks/purple_moon.urdf
Loading URDF /home/ashwink/Documents/swms/.venv/lib/python3.10/site-packages/language_table/environments/utils/../../../language_table/environments/assets/blocks/purple_cube.urdf
Loading URDF /home/ashwink/Documents/swms/.venv/lib/python3.10/site-packages/language_table/environments/utils/../../../language_table/environments/assets/blocks/purple_star.urdf
Loading URDF /home/ashwink/Documents/swms/.venv/lib/python3.10/site-packages/language_table/environments/utils/../../../language_table/environments/assets/blocks/purple_pentagon.urdf
Env ready.

Forced peg start: [0.42843915 0.24419614]  (green_cube=[0.40339102 0.18967466], blue_moon=[0.32039625 0.00902261])
  dist(peg,green_cube)=0.0600  dist(peg,blue_moon)=0.2588  dist(green_cube,blue_moon)=0.1988

step  cos(zt,z*)  cos(zt,zt-1)  |   cos(predK,z*) min/mean/max  cos(pred_sel,z*)   cos(zpred0,z*)  ||a_raw||  |  dist(peg,A)   dist(A,B)
-------------------------------------------------------------------------------------------------------------------------------------------------------------------------------
   0      0.1834           nan  |    0.2050/  0.2288/  0.2514            0.2514           0.3977     0.0185  |       0.0587      0.1988
   1      0.1828        0.9878  |    0.4013/  0.4181/  0.4281            0.4281           0.3818     0.0105  |       0.0446      0.1988
   2      0.1841        0.9929  |    0.4310/  0.4399/  0.4467            0.4467           0.4050     0.0071  |       0.0379      0.1988
   3      0.1857        0.9953  |    0.4074/  0.4195/  0.4258            0.4258           0.3849     0.0086  |       0.0356      0.1988
   4      0.1692        0.8744  |    0.4678/  0.4786/  0.4848            0.4848           0.4496     0.0074  |       0.0349      0.1980
   5      0.1656        0.9533  |    0.4923/  0.5050/  0.5146            0.5146           0.4631     0.0085  |       0.0329      0.1948
   6      0.1558        0.9183  |    0.3758/  0.3862/  0.3916            0.3916           0.3626     0.0060  |       0.0329      0.1865
   7      0.1578        0.8886  |    0.4590/  0.4700/  0.4773            0.4773           0.4015     0.0087  |       0.0332      0.1809
   8      0.1455        0.8970  |    0.4734/  0.4836/  0.4902            0.4902           0.4273     0.0062  |       0.0330      0.1737
   9      0.1373        0.9517  |    0.4978/  0.5076/  0.5128            0.5128           0.4599     0.0083  |       0.0328      0.1679
  10      0.1276        0.8805  |    0.4740/  0.4846/  0.4899            0.4899           0.4112     0.0085  |       0.0327      0.1603
  11      0.1137        0.9280  |    0.4176/  0.4345/  0.4416            0.4416           0.3755     0.0050  |       0.0328      0.1524
  12      0.1017        0.9366  |    0.2866/  0.2951/  0.3004            0.3004           0.2102     0.0068  |       0.0327      0.1478
  13      0.1277        0.9466  |    0.3522/  0.3623/  0.3682            0.3682           0.2872     0.0068  |       0.0332      0.1411
  14      0.1167        0.9376  |    0.5125/  0.5248/  0.5313            0.5313           0.4331     0.0082  |       0.0333      0.1343
  15      0.0954        0.9304  |    0.4867/  0.4983/  0.5056            0.5056           0.3660     0.0093  |       0.0337      0.1258
  16      0.1024        0.9448  |    0.3974/  0.4062/  0.4127            0.4127           0.2772     0.0095  |       0.0339      0.1183
  17      0.1071        0.9268  |    0.3443/  0.3607/  0.3678            0.3678           0.2505     0.0075  |       0.0342      0.1099
  18      0.1011        0.9451  |    0.3760/  0.3883/  0.3958            0.3958           0.2792     0.0085  |       0.0342      0.1022
  19      0.1174        0.9228  |    0.4576/  0.4703/  0.4763            0.4763           0.3553     0.0075  |       0.0342      0.0938
  20      0.1171        0.9417  |    0.3857/  0.4022/  0.4093            0.4093           0.2537     0.0077  |       0.0343      0.0867
  21      0.1223        0.9344  |    0.3839/  0.4043/  0.4115            0.4115           0.2680     0.0074  |       0.0341      0.0793
  22      0.1200        0.9244  |    0.4150/  0.4285/  0.4354            0.4354           0.2283     0.0066  |       0.0346      0.0718
  23      0.1262        0.9434  |    0.4432/  0.4583/  0.4656            0.4656           0.3044     0.0066  |       0.0348      0.0654
  24      0.1302        0.9214  |    0.3453/  0.3678/  0.3771            0.3771           0.1631     0.0074  |       0.0352      0.0592
  25      0.1343        0.8374  |    0.3767/  0.3909/  0.3977            0.3977           0.2149     0.0032  |       0.0352      0.0530
  26      0.1208        0.8579  |    0.2012/  0.2165/  0.2236            0.2236           0.0638     0.0041  |       0.0354      0.0501
  27      0.1303        0.8884  |    0.4165/  0.4372/  0.4465            0.4465           0.2109     0.0080  |       0.0361      0.0485
  28      0.1304        0.8027  |    0.4098/  0.4239/  0.4327            0.4327           0.1763     0.0039  |       0.0378      0.0458
  29      0.1317        0.8567  |    0.5355/  0.5588/  0.5655            0.5655           0.2420     0.0052  |       0.0401      0.0430
  30      0.1298        0.8964  |    0.4652/  0.4796/  0.4869            0.4869           0.2478     0.0048  |       0.0403      0.0404
  31      0.1144        0.9363  |    0.5076/  0.5242/  0.5311            0.5311           0.2877     0.0046  |       0.0397      0.0390
  32      0.1253        0.9040  |    0.5237/  0.5382/  0.5455            0.5455           0.2851     0.0077  |       0.0383      0.0392
  33      0.1106        0.9141  |    0.4795/  0.4943/  0.5014            0.5014           0.2919     0.0068  |       0.0359      0.0415
  34      0.1365        0.9284  |    0.3554/  0.3736/  0.3819            0.3819           0.2061     0.0087  |       0.0348      0.0421
  35      0.1194        0.8520  |    0.4502/  0.4672/  0.4762            0.4762           0.2784     0.0085  |       0.0345      0.0410
  36      0.1404        0.8394  |    0.5223/  0.5359/  0.5452            0.5452           0.3193     0.0061  |       0.0346      0.0416
  37      0.1502        0.9009  |    0.5027/  0.5510/  0.5581            0.5581           0.2894     0.0112  |       0.0344      0.0429
  38      0.1833        0.8014  |    0.5911/  0.6378/  0.6476            0.6476           0.3454     0.0059  |       0.0347      0.0500
  39      0.1602        0.8713  |    0.5387/  0.5534/  0.5630            0.5630           0.2602     0.0069  |       0.0350      0.0540
  40      0.1780        0.8878  |    0.4573/  0.4746/  0.4856            0.4856           0.2615     0.0030  |       0.0353      0.0600
  41      0.1479        0.9228  |    0.5408/  0.5574/  0.5677            0.5677           0.3808     0.0057  |       0.0352      0.0626
  42      0.1355        0.9004  |    0.5307/  0.5594/  0.5696            0.5696           0.2885     0.0080  |       0.0351      0.0672
  43      0.1766        0.8280  |    0.5992/  0.6248/  0.6384            0.6384           0.1980     0.0019  |       0.0355      0.0741
  44      0.1615        0.9466  |    0.5339/  0.5531/  0.5635            0.5635           0.2408     0.0082  |       0.0352      0.0752
  45      0.1768        0.8633  |    0.6003/  0.6164/  0.6251            0.6251           0.4311     0.0045  |       0.0354      0.0813
  46      0.1514        0.9136  |    0.6417/  0.6581/  0.6665            0.6665           0.3833     0.0021  |       0.0351      0.0854
  47      0.1412        0.9401  |    0.6046/  0.6245/  0.6327            0.6327           0.3431     0.0019  |       0.0353      0.0879
  48      0.1447        0.9479  |    0.6168/  0.6460/  0.6557            0.6557           0.4215     0.0078  |       0.0353      0.0896
  49      0.1352        0.8721  |    0.5166/  0.5443/  0.5557            0.5557           0.2854     0.0029  |       0.0356      0.0957
  50      0.1254        0.9705  |    0.5759/  0.5974/  0.6100            0.6100           0.3154     0.0024  |       0.0376      0.0957
  51      0.1389        0.9743  |    0.5938/  0.6140/  0.6222            0.6222           0.3327     0.0085  |       0.0378      0.0957
  52      0.0946        0.9167  |    0.5695/  0.6016/  0.6126            0.6126           0.1365     0.0023  |       0.0439      0.0957
  53      0.0631        0.9811  |    0.5802/  0.6052/  0.6163            0.6163           0.0438     0.0003  |       0.0450      0.0957
  54      0.0700        0.9936  |    0.5999/  0.6182/  0.6277            0.6277           0.0989     0.0037  |       0.0453      0.0957
  55      0.1153        0.9534  |    0.5830/  0.6044/  0.6138            0.6138           0.2633     0.0031  |       0.0419      0.0957
  56      0.0971        0.9688  |    0.5925/  0.6219/  0.6316            0.6316           0.0787     0.0067  |       0.0444      0.0957
  57      0.0711        0.9380  |    0.5298/  0.5686/  0.5778            0.5778           0.0141     0.0033  |       0.0502      0.0957
  58      0.0663        0.9603  |    0.4873/  0.5296/  0.5400            0.5400          -0.0653     0.0027  |       0.0527      0.0957
  59      0.0526        0.9731  |    0.3870/  0.4184/  0.4319            0.4319          -0.1108     0.0041  |       0.0533      0.0957
  60      0.0424        0.9654  |    0.3418/  0.3665/  0.3755            0.3755          -0.1157     0.0021  |       0.0561      0.0957
  61      0.0437        0.9764  |    0.4782/  0.5198/  0.5308            0.5308          -0.0927     0.0023  |       0.0576      0.0957
  62      0.0335        0.9718  |    0.4162/  0.4504/  0.4618            0.4618          -0.1331     0.0036  |       0.0597      0.0957
  63      0.0142        0.9507  |    0.3596/  0.3843/  0.3966            0.3966          -0.1644     0.0015  |       0.0623      0.0957
  64      0.0119        0.9839  |    0.4399/  0.4906/  0.5057            0.5057          -0.1590     0.0005  |       0.0618      0.0957
  65      0.0095        0.9939  |    0.4439/  0.4915/  0.5062            0.5062          -0.1498     0.0036  |       0.0620      0.0957
  66      0.0463        0.9612  |    0.3450/  0.3896/  0.4026            0.4026          -0.1553     0.0034  |       0.0592      0.0957
  67      0.0472        0.9747  |    0.4328/  0.4590/  0.4706            0.4706          -0.1397     0.0013  |       0.0574      0.0957
  68      0.0402        0.9840  |    0.3308/  0.3551/  0.3668            0.3668          -0.1789     0.0003  |       0.0584      0.0957
  69      0.0427        0.9927  |    0.2884/  0.3122/  0.3233            0.3233          -0.1917     0.0017  |       0.0587      0.0957
  70      0.0548        0.9874  |    0.3003/  0.3374/  0.3518            0.3518          -0.1784     0.0010  |       0.0576      0.0957
  71      0.0580        0.9886  |    0.4392/  0.4838/  0.4969            0.4969          -0.1216     0.0038  |       0.0570      0.0957
  72      0.0258        0.9667  |    0.3819/  0.4483/  0.4638            0.4638          -0.1618     0.0017  |       0.0602      0.0957
  73      0.0151        0.9874  |    0.4646/  0.5130/  0.5276            0.5276          -0.1514     0.0048  |       0.0620      0.0957
  74      0.0285        0.9801  |    0.3615/  0.4109/  0.4256            0.4256          -0.1638     0.0008  |       0.0598      0.0957
  75      0.0302        0.9814  |    0.3138/  0.3585/  0.3747            0.3747          -0.1885     0.0024  |       0.0598      0.0957
  76      0.0267        0.9794  |    0.3598/  0.4191/  0.4326            0.4326          -0.1633     0.0017  |       0.0601      0.0957
  77      0.0093        0.9815  |    0.3870/  0.4258/  0.4407            0.4407          -0.1612     0.0024  |       0.0617      0.0957
  78      0.0167        0.9806  |    0.3645/  0.3976/  0.4105            0.4105          -0.1660     0.0018  |       0.0596      0.0957
  79      0.0132        0.9837  |    0.3047/  0.3547/  0.3730            0.3730          -0.1660     0.0016  |       0.0611      0.0957
  80      0.0227        0.9912  |    0.4050/  0.4441/  0.4580            0.4580          -0.1462     0.0027  |       0.0616      0.0957
  81      0.0137        0.9869  |    0.3099/  0.3771/  0.3934            0.3934          -0.1487     0.0036  |       0.0624      0.0957
  82      0.0145        0.9795  |    0.3875/  0.4514/  0.4640            0.4640          -0.1712     0.0010  |       0.0602      0.0957
  83      0.0225        0.9928  |    0.4071/  0.4676/  0.4806            0.4806          -0.1687     0.0031  |       0.0598      0.0957
  84      0.0115        0.9778  |    0.4654/  0.5066/  0.5196            0.5196          -0.1553     0.0023  |       0.0618      0.0957
  85      0.0074        0.9730  |    0.1825/  0.2174/  0.2328            0.2328          -0.2021     0.0014  |       0.0624      0.0957
  86      0.0043        0.9762  |    0.3583/  0.4092/  0.4227            0.4227          -0.1569     0.0040  |       0.0630      0.0957
  87      0.0194        0.9807  |    0.5005/  0.5431/  0.5564            0.5564          -0.1568     0.0009  |       0.0624      0.0957
  88      0.0105        0.9905  |    0.4421/  0.5006/  0.5165            0.5165          -0.1266     0.0016  |       0.0622      0.0957
  89      0.0137        0.9745  |    0.2734/  0.3085/  0.3215            0.3215          -0.1621     0.0018  |       0.0634      0.0957
  90     -0.0099        0.9713  |    0.1331/  0.1666/  0.1788            0.1788          -0.1871     0.0034  |       0.0652      0.0957
  91     -0.0101        0.9785  |   -0.0866/ -0.0565/ -0.0407           -0.0407          -0.2063     0.0061  |       0.0675      0.0957
  92      0.0006        0.9765  |    0.1303/  0.1618/  0.1783            0.1783          -0.1811     0.0065  |       0.0659      0.0957
  93      0.0102        0.9272  |   -0.0749/ -0.0578/ -0.0464           -0.0464          -0.2885     0.0078  |       0.0707      0.0957
  94     -0.0045        0.9336  |   -0.1873/ -0.1614/ -0.1504           -0.1504          -0.3086     0.0067  |       0.0742      0.0957
  95      0.0074        0.9453  |   -0.0986/ -0.0835/ -0.0748           -0.0748          -0.3058     0.0096  |       0.0790      0.0957
  96     -0.0142        0.9341  |   -0.1802/ -0.1593/ -0.1472           -0.1472          -0.3035     0.0103  |       0.0881      0.0957
  97     -0.0433        0.9079  |   -0.2735/ -0.2640/ -0.2547           -0.2547          -0.3949     0.0106  |       0.0981      0.0957
  98     -0.0709        0.9485  |   -0.2541/ -0.2400/ -0.2321           -0.2321          -0.4068     0.0069  |       0.1070      0.0957
  99     -0.0861        0.9560  |   -0.3151/ -0.3037/ -0.2968           -0.2968          -0.4207     0.0003  |       0.1140      0.0957
 100     -0.0924        0.9862  |   -0.3599/ -0.3465/ -0.3363           -0.3363          -0.4296     0.0052  |       0.1148      0.0957
 101     -0.0822        0.9734  |   -0.3014/ -0.2899/ -0.2812           -0.2812          -0.4266     0.0034  |       0.1156      0.0957
 102     -0.0905        0.9803  |   -0.2994/ -0.2792/ -0.2703           -0.2703          -0.4237     0.0056  |       0.1151      0.0957
 103     -0.0682        0.9540  |   -0.2490/ -0.2343/ -0.2265           -0.2265          -0.4016     0.0071  |       0.1124      0.0957
 104     -0.0500        0.9656  |   -0.2418/ -0.2268/ -0.2171           -0.2171          -0.4124     0.0047  |       0.1101      0.0957
 105     -0.0508        0.9655  |   -0.2623/ -0.2523/ -0.2456           -0.2456          -0.4195     0.0067  |       0.1068      0.0957
 106     -0.0478        0.9437  |   -0.2561/ -0.2455/ -0.2376           -0.2376          -0.3881     0.0071  |       0.1042      0.0957
 107     -0.0484        0.9424  |   -0.2614/ -0.2493/ -0.2388           -0.2388          -0.3155     0.0075  |       0.0993      0.0957
 108     -0.0244        0.9612  |   -0.2237/ -0.2095/ -0.2000           -0.2000          -0.3026     0.0086  |       0.0946      0.0957
 109     -0.0373        0.9458  |   -0.1918/ -0.1766/ -0.1677           -0.1677          -0.3044     0.0102  |       0.0875      0.0957
 110     -0.0473        0.8920  |   -0.1489/ -0.1278/ -0.1214           -0.1214          -0.3181     0.0115  |       0.0780      0.0957
 111     -0.0047        0.8365  |   -0.0784/ -0.0474/ -0.0364           -0.0364          -0.3460     0.0192  |       0.0676      0.0957
 112      0.1304        0.6422  |    0.4716/  0.5026/  0.5118            0.5118           0.3316     0.0109  |       0.0496      0.0957
 113      0.1037        0.7956  |    0.2496/  0.3787/  0.4051            0.4051           0.2603     0.0131  |       0.0404      0.0957
 114      0.1140        0.8462  |    0.4911/  0.5509/  0.5629            0.5629           0.4472     0.0124  |       0.0384      0.0982
 115      0.1297        0.8961  |    0.5710/  0.6002/  0.6088            0.6088           0.5144     0.0035  |       0.0377      0.0995
 116      0.1176        0.9573  |    0.6147/  0.6293/  0.6373            0.6373           0.5373     0.0058  |       0.0394      0.0995
 117      0.1137        0.9241  |    0.5704/  0.5947/  0.6071            0.6071           0.4469     0.0089  |       0.0419      0.0995
 118      0.1133        0.9028  |    0.5261/  0.5520/  0.5642            0.5642           0.4238     0.0042  |       0.0408      0.1022
 119      0.1095        0.9693  |    0.5419/  0.5665/  0.5759            0.5759           0.4030     0.0042  |       0.0409      0.1022
 120      0.1172        0.9793  |    0.5525/  0.5883/  0.5964            0.5964           0.3951     0.0031  |       0.0428      0.1022
 121      0.1243        0.9813  |    0.5664/  0.5928/  0.6009            0.6009           0.3652     0.0074  |       0.0439      0.1022
 122      0.1268        0.9216  |    0.5556/  0.5847/  0.5948            0.5948           0.3609     0.0055  |       0.0506      0.1022
 123      0.1110        0.9539  |    0.5356/  0.5719/  0.5822            0.5822           0.2866     0.0038  |       0.0559      0.1022
 124      0.1231        0.9729  |    0.5618/  0.6000/  0.6086            0.6086           0.2902     0.0046  |       0.0579      0.1022
 125      0.0994        0.9671  |    0.4618/  0.5076/  0.5196            0.5196           0.1212     0.0052  |       0.0619      0.1022
 126      0.1038        0.9726  |    0.4236/  0.4629/  0.4729            0.4729           0.0946     0.0046  |       0.0657      0.1022
 127      0.0997        0.9678  |    0.3925/  0.4166/  0.4254            0.4254           0.0895     0.0042  |       0.0686      0.1022
 128      0.0637        0.9581  |    0.2734/  0.3457/  0.3566            0.3566          -0.0208     0.0062  |       0.0725      0.1022
 129      0.0354        0.9583  |    0.1514/  0.1795/  0.1898            0.1898          -0.0829     0.0066  |       0.0779      0.1022
 130      0.0110        0.9363  |   -0.1838/ -0.1566/ -0.1357           -0.1357          -0.1666     0.0021  |       0.0818      0.1022
 131      0.0097        0.9721  |   -0.1961/ -0.1852/ -0.1795           -0.1795          -0.2117     0.0074  |       0.0840      0.1022
 132     -0.0023        0.9190  |   -0.2396/ -0.2247/ -0.2190           -0.2190          -0.2564     0.0073  |       0.0909      0.1022
 133     -0.0165        0.9304  |   -0.2514/ -0.2358/ -0.2244           -0.2244          -0.2734     0.0110  |       0.0973      0.1022
 134     -0.0470        0.9402  |   -0.2773/ -0.2634/ -0.2571           -0.2571          -0.3132     0.0146  |       0.1078      0.1022
 135     -0.0706        0.8953  |   -0.3266/ -0.3164/ -0.3103           -0.3103          -0.3793     0.0138  |       0.1215      0.1022
 136     -0.0754        0.9020  |   -0.3241/ -0.3032/ -0.2967           -0.2967          -0.3745     0.0104  |       0.1345      0.1022
 137     -0.0822        0.9435  |   -0.3017/ -0.2857/ -0.2788           -0.2788          -0.3876     0.0124  |       0.1445      0.1022
 138     -0.0983        0.9288  |   -0.3158/ -0.3037/ -0.2963           -0.2963          -0.4151     0.0128  |       0.1562      0.1022
 139     -0.1011        0.9709  |   -0.3160/ -0.2985/ -0.2915           -0.2915          -0.4018     0.0125  |       0.1688      0.1022
 140     -0.1057        0.9639  |   -0.3037/ -0.2893/ -0.2819           -0.2819          -0.3886     0.0097  |       0.1808      0.1022
 141     -0.1262        0.9660  |   -0.3062/ -0.2909/ -0.2822           -0.2822          -0.3948     0.0151  |       0.1901      0.1022
 142     -0.0894        0.9454  |   -0.2721/ -0.2583/ -0.2494           -0.2494          -0.3811     0.0149  |       0.2019      0.1022
 143     -0.0662        0.9111  |   -0.2999/ -0.2881/ -0.2806           -0.2806          -0.3802     0.0149  |       0.2138      0.1022
 144     -0.0792        0.9329  |   -0.3198/ -0.3109/ -0.3049           -0.3049          -0.3980     0.0124  |       0.2271      0.1022
 145     -0.0846        0.8643  |   -0.4310/ -0.4207/ -0.4111           -0.4111          -0.4579     0.0070  |       0.2394      0.1022
 146     -0.0616        0.9467  |   -0.4328/ -0.4206/ -0.4142           -0.4142          -0.4480     0.0046  |       0.2450      0.1022
 147     -0.0600        0.9755  |   -0.3902/ -0.3786/ -0.3706           -0.3706          -0.4359     0.0065  |       0.2479      0.1022
 148     -0.0643        0.9760  |   -0.3933/ -0.3799/ -0.3679           -0.3679          -0.4351     0.0094  |       0.2510      0.1022
 149     -0.0623        0.9712  |   -0.3242/ -0.3100/ -0.3005           -0.3005          -0.4236     0.0090  |       0.2452      0.1022
 150     -0.0681        0.9714  |   -0.3130/ -0.2960/ -0.2874           -0.2874          -0.4175     0.0088  |       0.2402      0.1022
 151     -0.0854        0.9328  |   -0.2964/ -0.2783/ -0.2699           -0.2699          -0.4091     0.0083  |       0.2327      0.1022
 152     -0.0795        0.9666  |   -0.2771/ -0.2536/ -0.2466           -0.2466          -0.4026     0.0095  |       0.2256      0.1022
 153     -0.0900        0.9560  |   -0.2617/ -0.2462/ -0.2369           -0.2369          -0.3768     0.0094  |       0.2170      0.1022
 154     -0.0956        0.9800  |   -0.2686/ -0.2544/ -0.2478           -0.2478          -0.3740     0.0070  |       0.2084      0.1022
 155     -0.0986        0.9612  |   -0.2215/ -0.2103/ -0.2022           -0.2022          -0.3722     0.0081  |       0.2013      0.1022
 156     -0.1127        0.9213  |   -0.3086/ -0.2832/ -0.2767           -0.2767          -0.4011     0.0070  |       0.1936      0.1022
 157     -0.1192        0.9186  |   -0.2799/ -0.2648/ -0.2578           -0.2578          -0.3928     0.0052  |       0.1865      0.1022
 158     -0.1066        0.9687  |   -0.2594/ -0.2441/ -0.2363           -0.2363          -0.4009     0.0095  |       0.1821      0.1022
 159     -0.1124        0.9700  |   -0.2739/ -0.2620/ -0.2554           -0.2554          -0.4010     0.0097  |       0.1742      0.1022
 160     -0.1052        0.9381  |   -0.2834/ -0.2701/ -0.2637           -0.2637          -0.3790     0.0094  |       0.1648      0.1022
 161     -0.1032        0.9585  |   -0.3028/ -0.2874/ -0.2802           -0.2802          -0.4010     0.0083  |       0.1554      0.1022
 162     -0.0834        0.9523  |   -0.2793/ -0.2671/ -0.2591           -0.2591          -0.3693     0.0128  |       0.1470      0.1022
 163     -0.0776        0.9309  |   -0.2635/ -0.2447/ -0.2378           -0.2378          -0.3510     0.0124  |       0.1347      0.1022
 164     -0.0488        0.9015  |   -0.2948/ -0.2704/ -0.2601           -0.2601          -0.3484     0.0192  |       0.1223      0.1022
 165     -0.0247        0.8730  |   -0.2227/ -0.2027/ -0.1950           -0.1950          -0.2886     0.0168  |       0.1038      0.1022
 166     -0.0157        0.8751  |   -0.1670/ -0.1431/ -0.1317           -0.1317          -0.2696     0.0154  |       0.0875      0.1022
 167      0.0661        0.8102  |    0.0322/  0.0564/  0.0629            0.0629          -0.0597     0.0140  |       0.0744      0.1022
 168      0.0864        0.8694  |    0.3414/  0.4053/  0.4185            0.4185           0.2893     0.0123  |       0.0630      0.1022
 169      0.1050        0.9101  |    0.3551/  0.4451/  0.4683            0.4683           0.3159     0.0194  |       0.0547      0.1022
 170      0.1330        0.8459  |    0.5548/  0.5761/  0.5892            0.5892           0.4845     0.0061  |       0.0395      0.1043
 171      0.1400        0.9264  |    0.5919/  0.6148/  0.6219            0.6219           0.5249     0.0104  |       0.0394      0.1061
 172      0.1512        0.9003  |    0.6016/  0.6268/  0.6344            0.6344           0.5412     0.0053  |       0.0402      0.1092
 173      0.1312        0.9512  |    0.5827/  0.6205/  0.6268            0.6268           0.5072     0.0036  |       0.0435      0.1092
 174      0.1237        0.9665  |    0.5878/  0.6088/  0.6151            0.6151           0.4737     0.0029  |       0.0461      0.1092
 175      0.1144        0.9848  |    0.5750/  0.5939/  0.6036            0.6036           0.4166     0.0019  |       0.0489      0.1092
 176      0.1124        0.9847  |    0.5845/  0.6071/  0.6160            0.6160           0.4334     0.0057  |       0.0505      0.1092
 177      0.0974        0.9761  |    0.5644/  0.5886/  0.5988            0.5988           0.3130     0.0086  |       0.0558      0.1092
 178      0.1182        0.9511  |    0.5354/  0.5709/  0.5822            0.5822           0.2312     0.0031  |       0.0628      0.1092
 179      0.1083        0.9780  |    0.5365/  0.5776/  0.5872            0.5872           0.2371     0.0057  |       0.0656      0.1092
 180      0.0972        0.9643  |    0.4969/  0.5341/  0.5462            0.5462           0.1396     0.0042  |       0.0701      0.1092
 181      0.0835        0.9589  |    0.4898/  0.5188/  0.5278            0.5278           0.1043     0.0052  |       0.0741      0.1092
 182      0.0810        0.9509  |    0.2800/  0.3057/  0.3149            0.3149           0.0083     0.0066  |       0.0788      0.1092
 183      0.0529        0.9377  |    0.0572/  0.0817/  0.0914            0.0914          -0.0772     0.0068  |       0.0841      0.1092
 184      0.0159        0.9286  |   -0.1241/ -0.1001/ -0.0882           -0.0882          -0.1462     0.0084  |       0.0897      0.1092
 185     -0.0374        0.8899  |   -0.2024/ -0.1890/ -0.1818           -0.1818          -0.2693     0.0062  |       0.0969      0.1092
 186     -0.0405        0.9546  |   -0.1777/ -0.1633/ -0.1578           -0.1578          -0.2460     0.0059  |       0.0997      0.1092
 187     -0.0787        0.9415  |   -0.2928/ -0.2818/ -0.2756           -0.2756          -0.3920     0.0098  |       0.1043      0.1092
 188     -0.0737        0.9573  |   -0.2090/ -0.1778/ -0.1718           -0.1718          -0.2820     0.0083  |       0.1039      0.1092
 189     -0.0646        0.9304  |   -0.1956/ -0.1477/ -0.1406           -0.1406          -0.2587     0.0103  |       0.1070      0.1092
 190     -0.0526        0.9215  |   -0.1721/ -0.1085/ -0.1014           -0.1014          -0.2297     0.0049  |       0.1089      0.1107
 191     -0.0368        0.9155  |   -0.1047/ -0.0750/ -0.0681           -0.0681          -0.2107     0.0079  |       0.1063      0.1109
 192     -0.0665        0.9062  |   -0.1604/ -0.0799/ -0.0659           -0.0659          -0.2416     0.0161  |       0.0992      0.1105
 193      0.0328        0.8517  |    0.0992/  0.1674/  0.2067            0.2067          -0.1669     0.0165  |       0.0852      0.1104
 194      0.0769        0.8915  |    0.2643/  0.3251/  0.3439            0.3439          -0.1195     0.0157  |       0.0695      0.1104
 195      0.1347        0.8668  |    0.5313/  0.5481/  0.5579            0.5579           0.3006     0.0094  |       0.0556      0.1104
 196      0.1420        0.9327  |    0.6028/  0.6443/  0.6541            0.6541           0.4761     0.0106  |       0.0470      0.1104
 197      0.1530        0.9006  |    0.5999/  0.6276/  0.6356            0.6356           0.5141     0.0102  |       0.0409      0.1137
 198      0.1477        0.8799  |    0.6135/  0.6629/  0.6724            0.6724           0.4787     0.0107  |       0.0403      0.1216
 199      0.1511        0.8728  |    0.6145/  0.6429/  0.6524            0.6524           0.4896     0.0056  |       0.0385      0.1293
 200      0.1363        0.9304  |    0.6576/  0.6873/  0.6970            0.6970           0.5247     0.0073  |       0.0366      0.1335
 201      0.1414        0.9109  |    0.6101/  0.6413/  0.6490            0.6490           0.5564     0.0091  |       0.0350      0.1383
 202      0.1350        0.9441  |    0.5956/  0.6257/  0.6344            0.6344           0.5389     0.0072  |       0.0345      0.1441
 203      0.1212        0.9399  |    0.6081/  0.6332/  0.6431            0.6431           0.5308     0.0076  |       0.0342      0.1508
 204      0.1190        0.9518  |    0.5952/  0.6119/  0.6212            0.6212           0.5118     0.0037  |       0.0341      0.1577
 205      0.1304        0.9677  |    0.5655/  0.5925/  0.6036            0.6036           0.4514     0.0039  |       0.0344      0.1621
 206      0.1230        0.9863  |    0.5943/  0.6121/  0.6198            0.6198           0.4840     0.0053  |       0.0356      0.1621
 207      0.1133        0.9793  |    0.5553/  0.5767/  0.5857            0.5857           0.4314     0.0047  |       0.0405      0.1621
 208      0.1149        0.9760  |    0.5142/  0.5370/  0.5463            0.5463           0.3804     0.0061  |       0.0433      0.1621
 209      0.1066        0.9711  |    0.4057/  0.4222/  0.4309            0.4309           0.2548     0.0070  |       0.0485      0.1621
 210      0.1129        0.9746  |    0.3847/  0.4175/  0.4276            0.4276           0.2496     0.0035  |       0.0554      0.1621
 211      0.1081        0.9795  |    0.3284/  0.3514/  0.3594            0.3594           0.1425     0.0036  |       0.0591      0.1621
 212      0.0934        0.9786  |    0.2322/  0.2520/  0.2594            0.2594           0.1044     0.0047  |       0.0618      0.1621
 213      0.1130        0.9541  |    0.3253/  0.3432/  0.3512            0.3512           0.1265     0.0053  |       0.0660      0.1621
 214      0.1110        0.9739  |    0.2730/  0.2901/  0.2980            0.2980           0.1051     0.0071  |       0.0709      0.1621
 215      0.1068        0.9721  |    0.1947/  0.2129/  0.2203            0.2203           0.0167     0.0043  |       0.0773      0.1621
 216      0.1015        0.9800  |    0.1953/  0.2378/  0.2468            0.2468           0.0010     0.0080  |       0.0814      0.1621
 217      0.0938        0.9562  |   -0.0347/ -0.0013/  0.0066            0.0066          -0.0799     0.0071  |       0.0878      0.1621
 218      0.0664        0.9552  |   -0.0692/ -0.0357/ -0.0257           -0.0257          -0.1395     0.0097  |       0.0941      0.1621
 219      0.0621        0.9399  |   -0.0555/ -0.0157/ -0.0056           -0.0056          -0.1240     0.0095  |       0.1025      0.1621
 220      0.0576        0.9356  |   -0.0281/ -0.0125/ -0.0018           -0.0018          -0.1258     0.0096  |       0.1096      0.1621
 221      0.0479        0.9587  |   -0.0878/ -0.0569/ -0.0477           -0.0477          -0.1804     0.0097  |       0.1186      0.1621
 222     -0.0006        0.9526  |   -0.0842/ -0.0674/ -0.0589           -0.0589          -0.1615     0.0088  |       0.1270      0.1621
 223      0.0057        0.9464  |   -0.1310/ -0.1142/ -0.1069           -0.1069          -0.2007     0.0097  |       0.1357      0.1621
 224     -0.0008        0.9497  |   -0.1432/ -0.1289/ -0.1221           -0.1221          -0.2189     0.0071  |       0.1452      0.1621
 225     -0.0434        0.9239  |   -0.1323/ -0.1004/ -0.0922           -0.0922          -0.2579     0.0103  |       0.1521      0.1621
 226     -0.0387        0.8854  |   -0.2151/ -0.2017/ -0.1958           -0.1958          -0.3177     0.0106  |       0.1621      0.1621
 227     -0.0507        0.9123  |   -0.2221/ -0.2083/ -0.2020           -0.2020          -0.2912     0.0058  |       0.1722      0.1621
 228     -0.0492        0.9594  |   -0.2251/ -0.2125/ -0.2082           -0.2082          -0.2909     0.0058  |       0.1775      0.1621
 229     -0.0423        0.9802  |   -0.2446/ -0.2307/ -0.2247           -0.2247          -0.2931     0.0097  |       0.1807      0.1621
 230     -0.0292        0.9674  |   -0.2487/ -0.2343/ -0.2285           -0.2285          -0.2923     0.0075  |       0.1858      0.1621
 231     -0.0427        0.9542  |   -0.2258/ -0.2110/ -0.2059           -0.2059          -0.2868     0.0119  |       0.1921      0.1621
 232     -0.0713        0.9256  |   -0.2394/ -0.2236/ -0.2179           -0.2179          -0.2781     0.0128  |       0.2032      0.1621
 233     -0.0764        0.9574  |   -0.2785/ -0.2658/ -0.2596           -0.2596          -0.3103     0.0125  |       0.2149      0.1621
 234     -0.0938        0.9457  |   -0.3308/ -0.3173/ -0.3113           -0.3113          -0.3696     0.0113  |       0.2266      0.1621
 235     -0.1018        0.9681  |   -0.3466/ -0.3329/ -0.3269           -0.3269          -0.4116     0.0125  |       0.2363      0.1621
 236     -0.1040        0.9491  |   -0.3277/ -0.3089/ -0.3021           -0.3021          -0.3942     0.0134  |       0.2476      0.1621
 237     -0.1273        0.9241  |   -0.2967/ -0.2829/ -0.2771           -0.2771          -0.3790     0.0130  |       0.2601      0.1621
 238     -0.1145        0.9392  |   -0.2784/ -0.2586/ -0.2524           -0.2524          -0.3338     0.0139  |       0.2720      0.1621
 239     -0.1186        0.8484  |   -0.3302/ -0.3035/ -0.2911           -0.2911          -0.4103     0.0140  |       0.2854      0.1621
 240     -0.0791        0.8936  |   -0.3454/ -0.3282/ -0.3164           -0.3164          -0.5127     0.0159  |       0.2985      0.1621
 241     -0.1319        0.8225  |   -0.3959/ -0.3791/ -0.3652           -0.3652          -0.5388     0.0138  |       0.3077      0.1621
 242     -0.1614        0.8356  |   -0.2709/ -0.2531/ -0.2457           -0.2457          -0.4286     0.0162  |       0.3126      0.1621
 243     -0.1401        0.8675  |   -0.2702/ -0.2483/ -0.2404           -0.2404          -0.3962     0.0139  |       0.3103      0.1621
 244     -0.1422        0.9145  |   -0.3432/ -0.3257/ -0.3181           -0.3181          -0.4994     0.0164  |       0.3062      0.1621
 245     -0.1059        0.8802  |   -0.3258/ -0.2662/ -0.2529           -0.2529          -0.4614     0.0161  |       0.2997      0.1621
 246     -0.0931        0.9750  |   -0.2234/ -0.1931/ -0.1856           -0.1856          -0.4272     0.0101  |       0.2894      0.1621
 247     -0.0736        0.9768  |   -0.1873/ -0.1649/ -0.1562           -0.1562          -0.4029     0.0068  |       0.2800      0.1621
 248     -0.0770        0.9870  |   -0.1703/ -0.1474/ -0.1396           -0.1396          -0.3967     0.0049  |       0.2737      0.1621
 249     -0.0669        0.9892  |   -0.1802/ -0.1579/ -0.1510           -0.1510          -0.3917     0.0101  |       0.2688      0.1621
 250     -0.0760        0.9681  |   -0.1824/ -0.1645/ -0.1574           -0.1574          -0.3744     0.0075  |       0.2592      0.1621
 251     -0.0562        0.9801  |   -0.1842/ -0.1667/ -0.1593           -0.1593          -0.3566     0.0030  |       0.2525      0.1621
 252     -0.0554        0.9923  |   -0.1883/ -0.1698/ -0.1642           -0.1642          -0.3606     0.0032  |       0.2492      0.1621
 253     -0.0546        0.9919  |   -0.1878/ -0.1721/ -0.1663           -0.1663          -0.3670     0.0048  |       0.2461      0.1621
 254     -0.0381        0.9878  |   -0.1920/ -0.1705/ -0.1646           -0.1646          -0.3605     0.0052  |       0.2415      0.1621
 255     -0.0309        0.9867  |   -0.1784/ -0.1602/ -0.1547           -0.1547          -0.3493     0.0096  |       0.2365      0.1621
 256     -0.0208        0.9673  |   -0.2056/ -0.1897/ -0.1838           -0.1838          -0.3697     0.0060  |       0.2274      0.1621
 257     -0.0209        0.9863  |   -0.1936/ -0.1792/ -0.1736           -0.1736          -0.3665     0.0031  |       0.2213      0.1621
 258     -0.0190        0.9902  |   -0.1934/ -0.1768/ -0.1700           -0.1700          -0.3483     0.0042  |       0.2180      0.1621
 259     -0.0079        0.9936  |   -0.1936/ -0.1773/ -0.1712           -0.1712          -0.3429     0.0037  |       0.2151      0.1621
 260     -0.0080        0.9833  |   -0.1989/ -0.1840/ -0.1779           -0.1779          -0.3582     0.0045  |       0.2119      0.1621
 261      0.0117        0.9685  |   -0.1792/ -0.1617/ -0.1545           -0.1545          -0.3434     0.0067  |       0.2079      0.1621
 262      0.0098        0.9646  |   -0.1419/ -0.1292/ -0.1229           -0.1229          -0.3273     0.0071  |       0.2014      0.1621
 263      0.0066        0.9544  |   -0.1305/ -0.1136/ -0.1060           -0.1060          -0.3289     0.0069  |       0.1944      0.1621
 264      0.0182        0.9633  |   -0.1346/ -0.1227/ -0.1147           -0.1147          -0.3263     0.0064  |       0.1876      0.1621
 265      0.0219        0.9772  |   -0.1335/ -0.1172/ -0.1098           -0.1098          -0.3257     0.0111  |       0.1814      0.1621
 266      0.0231        0.9529  |   -0.1324/ -0.1023/ -0.0945           -0.0945          -0.3205     0.0077  |       0.1708      0.1621
 267      0.0235        0.9618  |   -0.1147/ -0.0983/ -0.0902           -0.0902          -0.3134     0.0050  |       0.1638      0.1615
 268     -0.0109        0.9089  |   -0.0759/ -0.0493/ -0.0386           -0.0386          -0.2930     0.0124  |       0.1604      0.1589
 269     -0.0041        0.9073  |   -0.0856/ -0.0686/ -0.0578           -0.0578          -0.2627     0.0062  |       0.1508      0.1556
 270      0.0044        0.9358  |   -0.1153/ -0.0925/ -0.0844           -0.0844          -0.2516     0.0082  |       0.1443      0.1546
 271     -0.0046        0.9142  |   -0.0588/ -0.0322/ -0.0174           -0.0174          -0.2446     0.0092  |       0.1373      0.1520
 272     -0.0150        0.9316  |   -0.0542/ -0.0211/ -0.0114           -0.0114          -0.2475     0.0069  |       0.1293      0.1509
 273     -0.0326        0.9451  |   -0.0346/ -0.0172/ -0.0077           -0.0077          -0.2277     0.0130  |       0.1231      0.1506
 274     -0.0507        0.9545  |   -0.0986/ -0.0814/ -0.0732           -0.0732          -0.2062     0.0138  |       0.1120      0.1506
 275      0.0075        0.9372  |   -0.1172/ -0.0940/ -0.0853           -0.0853          -0.1835     0.0097  |       0.0991      0.1506
 276      0.0135        0.9605  |   -0.1141/ -0.0982/ -0.0867           -0.0867          -0.1777     0.0061  |       0.0908      0.1506
 277      0.0247        0.9668  |   -0.1067/ -0.0812/ -0.0699           -0.0699          -0.1660     0.0098  |       0.0846      0.1506
 278      0.0400        0.9583  |   -0.0801/ -0.0635/ -0.0532           -0.0532          -0.1535     0.0126  |       0.0751      0.1506
 279      0.0348        0.9683  |   -0.1156/ -0.0967/ -0.0905           -0.0905          -0.1683     0.0119  |       0.0685      0.1506
 280      0.0298        0.9343  |   -0.1167/ -0.1024/ -0.0948           -0.0948          -0.1852     0.0115  |       0.0661      0.1506
 281      0.0372        0.9606  |   -0.0752/ -0.0565/ -0.0499           -0.0499          -0.1339     0.0076  |       0.0570      0.1506
 282      0.0465        0.9810  |   -0.0621/ -0.0373/ -0.0299           -0.0299          -0.1235     0.0070  |       0.0535      0.1506
 283      0.0537        0.9720  |    0.0106/  0.0279/  0.0370            0.0370          -0.1062     0.0083  |       0.0499      0.1506
 284      0.0765        0.9797  |    0.2444/  0.2609/  0.2695            0.2695           0.0260     0.0051  |       0.0499      0.1506
 285      0.0713        0.9866  |    0.1094/  0.1256/  0.1339            0.1339          -0.0730     0.0026  |       0.0489      0.1506
 286      0.0728        0.9876  |    0.1168/  0.1286/  0.1365            0.1365          -0.0747     0.0034  |       0.0484      0.1506
 287      0.0661        0.9862  |    0.1330/  0.1476/  0.1544            0.1544          -0.0887     0.0015  |       0.0472      0.1506
 288      0.0700        0.9921  |    0.1567/  0.1718/  0.1822            0.1822          -0.0753     0.0040  |       0.0461      0.1506
 289      0.0759        0.9902  |    0.2516/  0.2726/  0.2807            0.2807          -0.0154     0.0034  |       0.0443      0.1506
 290      0.0828        0.9880  |    0.3273/  0.3483/  0.3547            0.3547           0.0612     0.0052  |       0.0434      0.1506
 291      0.1027        0.9738  |    0.5385/  0.5528/  0.5597            0.5597           0.2603     0.0038  |       0.0411      0.1506
 292      0.0987        0.9768  |    0.4704/  0.4953/  0.5038            0.5038           0.1853     0.0025  |       0.0406      0.1506
 293      0.0973        0.9899  |    0.4732/  0.4899/  0.4981            0.4981           0.1820     0.0023  |       0.0411      0.1506
 294      0.0982        0.9920  |    0.4682/  0.4883/  0.4971            0.4971           0.1851     0.0023  |       0.0397      0.1506
 295      0.0964        0.9926  |    0.4910/  0.5087/  0.5170            0.5170           0.1841     0.0023  |       0.0382      0.1506
 296      0.0991        0.9925  |    0.4285/  0.4408/  0.4500            0.4500           0.1295     0.0020  |       0.0378      0.1506
 297      0.0958        0.9959  |    0.4192/  0.4346/  0.4429            0.4429           0.1054     0.0027  |       0.0383      0.1506
 298      0.1060        0.9926  |    0.4381/  0.4575/  0.4651            0.4651           0.1312     0.0044  |       0.0386      0.1506
 299      0.1141        0.9832  |    0.4968/  0.5133/  0.5224            0.5224           0.2167     0.0037  |       0.0393      0.1506
IMAGEIO FFMPEG_WRITER WARNING: input image is not divisible by macro_block_size=16, resizing from (320, 180) to (320, 192) to ensure video compatibility with most codecs and players. To prevent resizing, make your input image divisible by the macro_block_size or set the macro_block_size to 1 (risking incompatibility).

Saved 300 frames -> /home/ashwink/Documents/swms/SWM_copy/rollouts_5_per/expert+subopt/epoch3/epoch3_rollout3_success.mp4
min dist(green_cube,blue_moon) over episode = 0.0390  ->  SUCCESS
Full log written to /home/ashwink/Documents/swms/SWM_copy/rollouts_5_per/expert+subopt/epoch3/epoch3_rollout3_20260723_122456.log
Result json -> /home/ashwink/Documents/swms/SWM_copy/rollouts_5_per/expert+subopt/epoch3/epoch3_rollout3_result.json
