Checkpoint dir epoch: 3  Rollout: 1
Logging to /home/ashwink/Documents/swms/SWM_copy/rollouts_5_per/expert+subopt/epoch3/epoch3_rollout1_20260723_121749.log
Goal (fixed, steps 0-299): the green cube is touching the blue moon. the peg is touching the green cube.

Checkpoint: /home/ashwink/Documents/swms/SWM_copy/training/checkpoints_clip_full_fine-tuned_with_subopt_data/epoch_003.pt
  epoch=3  step=6744

Loading CLIP ViT-L/14 (datacomp_xl_s13b_b90k) + fine-tuned clip_state_dict ...
Parsing model identifier. Schema: None, Identifier: ViT-L-14
Loaded built-in ViT-L-14 model config.
Instantiating model architecture: CLIP
Loading full pretrained weights from: /home/ashwink/.cache/huggingface/hub/models--laion--CLIP-ViT-L-14-DataComp.XL-s13B-b90K/snapshots/84c9828e63dc9a9351d1fe637c346d4c1c4db341/open_clip_pytorch_model.bin
Final image preprocessing configuration set: {'size': (224, 224), 'mode': 'RGB', 'mean': (0.48145466, 0.4578275, 0.40821073), 'std': (0.26862954, 0.26130258, 0.27577711), 'interpolation': 'bicubic', 'resize_mode': 'shortest', 'fill_color': 0}
Model ViT-L-14 creation process complete.
Parsing tokenizer identifier. Schema: None, Identifier: ViT-L-14
Attempting to load config from built-in: ViT-L-14
Using default SimpleTokenizer.
z_star shape: torch.Size([768])

Loading action stats from /home/ashwink/full_data_5000/langtable/demos/ ...
  lo=[-0.03372681140899658, -0.03493623435497284]  hi=[0.03496786952018738, 0.03494429588317871]

Initializing LangTable env ...
Loading URDF plane.urdf
Loading URDF /home/ashwink/Documents/swms/.venv/lib/python3.10/site-packages/language_table/environments/utils/../../../language_table/environments/assets/workspace_real.urdf
Loading URDF xarm/xarm6_robot_white.urdf
Loading URDF /home/ashwink/Documents/swms/.venv/lib/python3.10/site-packages/language_table/environments/utils/../../../language_table/environments/assets/suction/cylinder_real.urdf
Loading URDF /home/ashwink/Documents/swms/.venv/lib/python3.10/site-packages/language_table/environments/utils/../../../language_table/environments/assets/blocks/red_moon.urdf
Loading URDF /home/ashwink/Documents/swms/.venv/lib/python3.10/site-packages/language_table/environments/utils/../../../language_table/environments/assets/blocks/red_cube.urdf
Loading URDF /home/ashwink/Documents/swms/.venv/lib/python3.10/site-packages/language_table/environments/utils/../../../language_table/environments/assets/blocks/red_star.urdf
Loading URDF /home/ashwink/Documents/swms/.venv/lib/python3.10/site-packages/language_table/environments/utils/../../../language_table/environments/assets/blocks/red_pentagon.urdf
Loading URDF /home/ashwink/Documents/swms/.venv/lib/python3.10/site-packages/language_table/environments/utils/../../../language_table/environments/assets/blocks/blue_moon.urdf
Loading URDF /home/ashwink/Documents/swms/.venv/lib/python3.10/site-packages/language_table/environments/utils/../../../language_table/environments/assets/blocks/blue_cube.urdf
Loading URDF /home/ashwink/Documents/swms/.venv/lib/python3.10/site-packages/language_table/environments/utils/../../../language_table/environments/assets/blocks/blue_star.urdf
Loading URDF /home/ashwink/Documents/swms/.venv/lib/python3.10/site-packages/language_table/environments/utils/../../../language_table/environments/assets/blocks/blue_pentagon.urdf
Loading URDF /home/ashwink/Documents/swms/.venv/lib/python3.10/site-packages/language_table/environments/utils/../../../language_table/environments/assets/blocks/yellow_moon.urdf
Loading URDF /home/ashwink/Documents/swms/.venv/lib/python3.10/site-packages/language_table/environments/utils/../../../language_table/environments/assets/blocks/yellow_cube.urdf
Loading URDF /home/ashwink/Documents/swms/.venv/lib/python3.10/site-packages/language_table/environments/utils/../../../language_table/environments/assets/blocks/yellow_star.urdf
Loading URDF /home/ashwink/Documents/swms/.venv/lib/python3.10/site-packages/language_table/environments/utils/../../../language_table/environments/assets/blocks/yellow_pentagon.urdf
Loading URDF /home/ashwink/Documents/swms/.venv/lib/python3.10/site-packages/language_table/environments/utils/../../../language_table/environments/assets/blocks/green_moon.urdf
Loading URDF /home/ashwink/Documents/swms/.venv/lib/python3.10/site-packages/language_table/environments/utils/../../../language_table/environments/assets/blocks/green_cube.urdf
Loading URDF /home/ashwink/Documents/swms/.venv/lib/python3.10/site-packages/language_table/environments/utils/../../../language_table/environments/assets/blocks/green_star.urdf
Loading URDF /home/ashwink/Documents/swms/.venv/lib/python3.10/site-packages/language_table/environments/utils/../../../language_table/environments/assets/blocks/green_pentagon.urdf
Loading URDF /home/ashwink/Documents/swms/.venv/lib/python3.10/site-packages/language_table/environments/utils/../../../language_table/environments/assets/blocks/purple_moon.urdf
Loading URDF /home/ashwink/Documents/swms/.venv/lib/python3.10/site-packages/language_table/environments/utils/../../../language_table/environments/assets/blocks/purple_cube.urdf
Loading URDF /home/ashwink/Documents/swms/.venv/lib/python3.10/site-packages/language_table/environments/utils/../../../language_table/environments/assets/blocks/purple_star.urdf
Loading URDF /home/ashwink/Documents/swms/.venv/lib/python3.10/site-packages/language_table/environments/utils/../../../language_table/environments/assets/blocks/purple_pentagon.urdf
Env ready.

Forced peg start: [0.42843915 0.24419614]  (green_cube=[0.40339102 0.18967466], blue_moon=[0.32039625 0.00902261])
  dist(peg,green_cube)=0.0600  dist(peg,blue_moon)=0.2588  dist(green_cube,blue_moon)=0.1988

step  cos(zt,z*)  cos(zt,zt-1)  |   cos(predK,z*) min/mean/max  cos(pred_sel,z*)   cos(zpred0,z*)  ||a_raw||  |  dist(peg,A)   dist(A,B)
-------------------------------------------------------------------------------------------------------------------------------------------------------------------------------
   0      0.1834           nan  |    0.3813/  0.4112/  0.4236            0.4236           0.3977     0.0053  |       0.0587      0.1988
   1      0.1813        0.9934  |    0.4166/  0.4278/  0.4351            0.4351           0.3921     0.0077  |       0.0622      0.1988
   2      0.1853        0.9854  |    0.3963/  0.4115/  0.4173            0.4173           0.3777     0.0080  |       0.0573      0.1988
   3      0.1825        0.9961  |    0.3873/  0.3990/  0.4050            0.4050           0.3678     0.0061  |       0.0537      0.1988
   4      0.1772        0.9945  |    0.3890/  0.4024/  0.4084            0.4084           0.3692     0.0066  |       0.0504      0.1988
   5      0.1735        0.9887  |    0.3393/  0.3519/  0.3578            0.3578           0.3149     0.0068  |       0.0496      0.1988
   6      0.1818        0.9402  |    0.3908/  0.4073/  0.4151            0.4151           0.3667     0.0059  |       0.0478      0.1988
   7      0.1485        0.9152  |    0.1161/  0.1358/  0.1461            0.1461           0.0432     0.0085  |       0.0431      0.1988
   8      0.1562        0.9606  |    0.3072/  0.3199/  0.3265            0.3265           0.2255     0.0089  |       0.0395      0.1949
   9      0.1711        0.9231  |    0.3302/  0.3491/  0.3575            0.3575           0.3075     0.0086  |       0.0382      0.1886
  10      0.1519        0.9277  |    0.4993/  0.5112/  0.5187            0.5187           0.4475     0.0078  |       0.0356      0.1833
  11      0.1418        0.9171  |    0.4893/  0.5013/  0.5075            0.5075           0.4228     0.0070  |       0.0333      0.1774
  12      0.1261        0.9484  |    0.4971/  0.5074/  0.5135            0.5135           0.4329     0.0103  |       0.0327      0.1724
  13      0.1398        0.9131  |    0.5250/  0.5361/  0.5432            0.5432           0.4596     0.0092  |       0.0330      0.1638
  14      0.1178        0.9099  |    0.4365/  0.4492/  0.4554            0.4554           0.3749     0.0088  |       0.0329      0.1557
  15      0.1027        0.9209  |    0.3587/  0.3730/  0.3805            0.3805           0.2564     0.0087  |       0.0330      0.1494
  16      0.1092        0.9441  |    0.4082/  0.4296/  0.4352            0.4352           0.3160     0.0070  |       0.0332      0.1425
  17      0.0954        0.9609  |    0.3989/  0.4134/  0.4199            0.4199           0.3038     0.0084  |       0.0330      0.1375
  18      0.1010        0.9336  |    0.4830/  0.4955/  0.5020            0.5020           0.3828     0.0093  |       0.0331      0.1311
  19      0.0991        0.9154  |    0.3453/  0.3575/  0.3641            0.3641           0.2764     0.0078  |       0.0330      0.1231
  20      0.1066        0.8828  |    0.4527/  0.4645/  0.4704            0.4704           0.3532     0.0081  |       0.0331      0.1163
  21      0.1120        0.9260  |    0.5213/  0.5342/  0.5410            0.5410           0.4343     0.0083  |       0.0332      0.1094
  22      0.1049        0.8984  |    0.5708/  0.5823/  0.5885            0.5885           0.4788     0.0102  |       0.0335      0.1012
  23      0.1175        0.9214  |    0.4742/  0.4858/  0.4917            0.4917           0.4024     0.0072  |       0.0336      0.0939
  24      0.1052        0.9307  |    0.5497/  0.5604/  0.5688            0.5688           0.4229     0.0099  |       0.0338      0.0886
  25      0.1231        0.9143  |    0.3759/  0.3927/  0.3984            0.3984           0.2920     0.0081  |       0.0344      0.0858
  26      0.1263        0.9346  |    0.4330/  0.4461/  0.4551            0.4551           0.3539     0.0071  |       0.0347      0.0812
  27      0.1079        0.8732  |    0.2209/  0.2349/  0.2432            0.2432           0.1084     0.0080  |       0.0350      0.0748
  28      0.1292        0.8997  |    0.4156/  0.4309/  0.4376            0.4376           0.3389     0.0059  |       0.0347      0.0674
  29      0.1263        0.9520  |    0.4611/  0.4753/  0.4814            0.4814           0.3430     0.0080  |       0.0337      0.0632
  30      0.1267        0.8029  |    0.4733/  0.4872/  0.4951            0.4951           0.3661     0.0053  |       0.0342      0.0550
  31      0.1336        0.8747  |    0.5524/  0.5751/  0.5851            0.5851           0.4545     0.0084  |       0.0348      0.0499
  32      0.1360        0.8902  |    0.2923/  0.3117/  0.3220            0.3220           0.2597     0.0077  |       0.0354      0.0436
  33      0.1386        0.8554  |    0.3550/  0.3729/  0.3804            0.3804           0.2988     0.0043  |       0.0354      0.0393
  34      0.1194        0.9195  |    0.2386/  0.2574/  0.2668            0.2668           0.1526     0.0074  |       0.0347      0.0375
  35      0.1005        0.8894  |    0.0763/  0.0901/  0.0974            0.0974           0.0116     0.0089  |       0.0345      0.0354
  36      0.1226        0.8882  |    0.2353/  0.2498/  0.2567            0.2567           0.1450     0.0084  |       0.0347      0.0345
  37      0.1195        0.9141  |    0.3757/  0.3980/  0.4064            0.4064           0.2113     0.0094  |       0.0338      0.0350
  38      0.1050        0.9134  |    0.3504/  0.3663/  0.3784            0.3784           0.1590     0.0083  |       0.0332      0.0369
  39      0.1254        0.9157  |    0.2866/  0.3157/  0.3262            0.3262           0.1393     0.0078  |       0.0336      0.0405
  40      0.1020        0.8897  |    0.1901/  0.2113/  0.2191            0.2191           0.0655     0.0061  |       0.0339      0.0447
  41      0.1139        0.9000  |    0.4066/  0.4243/  0.4333            0.4333           0.2896     0.0074  |       0.0340      0.0485
  42      0.1259        0.9276  |    0.4979/  0.5149/  0.5235            0.5235           0.3392     0.0110  |       0.0341      0.0544
  43      0.0994        0.8493  |    0.1811/  0.1986/  0.2092            0.2092           0.0458     0.0138  |       0.0343      0.0625
  44      0.0805        0.7984  |    0.0900/  0.1039/  0.1135            0.1135          -0.0250     0.0086  |       0.0345      0.0731
  45      0.0787        0.8645  |   -0.0048/  0.0433/  0.0531            0.0531          -0.1244     0.0079  |       0.0339      0.0793
  46      0.0893        0.8497  |    0.3143/  0.3380/  0.3450            0.3450           0.1446     0.0111  |       0.0344      0.0863
  47      0.1167        0.7948  |    0.2459/  0.2675/  0.2837            0.2837           0.1275     0.0058  |       0.0354      0.0964
  48      0.1219        0.9207  |    0.4123/  0.4466/  0.4647            0.4647           0.2253     0.0050  |       0.0354      0.0995
  49      0.1118        0.8949  |    0.3755/  0.4003/  0.4116            0.4116           0.0911     0.0016  |       0.0357      0.1022
  50      0.1037        0.9775  |    0.4040/  0.4284/  0.4389            0.4389           0.1311     0.0058  |       0.0355      0.1021
  51      0.1082        0.9538  |    0.4887/  0.5076/  0.5192            0.5192           0.1940     0.0073  |       0.0389      0.1021
  52      0.0950        0.9402  |    0.2596/  0.2843/  0.2968            0.2968          -0.0321     0.0071  |       0.0453      0.1021
  53      0.0743        0.9439  |    0.1485/  0.1738/  0.1857            0.1857          -0.0995     0.0062  |       0.0509      0.1021
  54      0.0700        0.9657  |   -0.0258/  0.0128/  0.0245            0.0245          -0.1789     0.0068  |       0.0563      0.1021
  55      0.0626        0.9364  |   -0.0554/ -0.0282/ -0.0176           -0.0176          -0.1768     0.0080  |       0.0625      0.1021
  56      0.0526        0.9503  |    0.0009/  0.0398/  0.0527            0.0527          -0.1842     0.0092  |       0.0692      0.1021
  57      0.0600        0.9639  |   -0.0808/ -0.0549/ -0.0450           -0.0450          -0.1992     0.0087  |       0.0781      0.1021
  58      0.0398        0.9579  |   -0.0746/ -0.0477/ -0.0381           -0.0381          -0.2277     0.0090  |       0.0865      0.1021
  59      0.0139        0.9618  |   -0.1065/ -0.0797/ -0.0696           -0.0696          -0.2568     0.0121  |       0.0954      0.1021
  60     -0.0212        0.9718  |   -0.1895/ -0.1577/ -0.1489           -0.1489          -0.2797     0.0097  |       0.1069      0.1021
  61     -0.0676        0.9423  |   -0.2570/ -0.2444/ -0.2376           -0.2376          -0.3431     0.0079  |       0.1165      0.1021
  62     -0.0984        0.9633  |   -0.2720/ -0.2508/ -0.2415           -0.2415          -0.3461     0.0101  |       0.1237      0.1021
  63     -0.0878        0.9810  |   -0.2685/ -0.2512/ -0.2445           -0.2445          -0.3568     0.0096  |       0.1330      0.1021
  64     -0.1002        0.9633  |   -0.2637/ -0.2483/ -0.2412           -0.2412          -0.3661     0.0077  |       0.1421      0.1021
  65     -0.1241        0.9555  |   -0.2704/ -0.2570/ -0.2502           -0.2502          -0.3508     0.0122  |       0.1497      0.1021
  66     -0.1341        0.9428  |   -0.2860/ -0.2704/ -0.2639           -0.2639          -0.3557     0.0078  |       0.1615      0.1021
  67     -0.1520        0.9287  |   -0.2530/ -0.2255/ -0.2186           -0.2186          -0.3480     0.0132  |       0.1696      0.1021
  68     -0.1425        0.9433  |   -0.2326/ -0.2092/ -0.2019           -0.2019          -0.3205     0.0184  |       0.1810      0.1021
  69     -0.1292        0.8768  |   -0.2517/ -0.2196/ -0.2116           -0.2116          -0.3640     0.0165  |       0.1981      0.1021
  70     -0.1152        0.8023  |   -0.3192/ -0.3049/ -0.2974           -0.2974          -0.4529     0.0128  |       0.2145      0.1021
  71     -0.1201        0.8936  |   -0.2778/ -0.2543/ -0.2432           -0.2432          -0.4560     0.0199  |       0.2275      0.1021
  72     -0.1254        0.8078  |   -0.3541/ -0.3352/ -0.3264           -0.3264          -0.5076     0.0128  |       0.2466      0.1021
  73     -0.1348        0.8962  |   -0.2863/ -0.2569/ -0.2492           -0.2492          -0.4743     0.0164  |       0.2594      0.1021
  74     -0.1171        0.8144  |   -0.3332/ -0.3131/ -0.3042           -0.3042          -0.4654     0.0131  |       0.2734      0.1021
  75     -0.1191        0.8328  |   -0.3218/ -0.3040/ -0.2944           -0.2944          -0.4717     0.0097  |       0.2820      0.1021
  76     -0.1055        0.8625  |   -0.3236/ -0.3063/ -0.2976           -0.2976          -0.4637     0.0100  |       0.2835      0.1021
  77     -0.1152        0.9296  |   -0.2957/ -0.2826/ -0.2750           -0.2750          -0.4409     0.0118  |       0.2815      0.1021
  78     -0.1352        0.9237  |   -0.2719/ -0.2546/ -0.2478           -0.2478          -0.4264     0.0088  |       0.2776      0.1021
  79     -0.1363        0.8934  |   -0.3168/ -0.3029/ -0.2967           -0.2967          -0.4633     0.0126  |       0.2748      0.1021
  80     -0.1240        0.8917  |   -0.2923/ -0.2774/ -0.2703           -0.2703          -0.4367     0.0070  |       0.2703      0.1021
  81     -0.1376        0.9263  |   -0.2537/ -0.2410/ -0.2339           -0.2339          -0.4085     0.0101  |       0.2668      0.1021
  82     -0.1630        0.9437  |   -0.2648/ -0.2492/ -0.2433           -0.2433          -0.4113     0.0110  |       0.2630      0.1021
  83     -0.1351        0.9634  |   -0.2555/ -0.2452/ -0.2385           -0.2385          -0.3767     0.0108  |       0.2608      0.1021
  84     -0.1450        0.9104  |   -0.3128/ -0.3008/ -0.2945           -0.2945          -0.4213     0.0088  |       0.2564      0.1021
  85     -0.1344        0.9195  |   -0.2810/ -0.2642/ -0.2588           -0.2588          -0.3886     0.0068  |       0.2514      0.1021
  86     -0.1537        0.8991  |   -0.2661/ -0.2520/ -0.2456           -0.2456          -0.3439     0.0062  |       0.2485      0.1021
  87     -0.1621        0.9571  |   -0.3226/ -0.3081/ -0.3018           -0.3018          -0.4391     0.0065  |       0.2429      0.1021
  88     -0.1483        0.9739  |   -0.3202/ -0.3033/ -0.2976           -0.2976          -0.4112     0.0078  |       0.2375      0.1021
  89     -0.1651        0.9510  |   -0.3790/ -0.3692/ -0.3637           -0.3637          -0.4642     0.0086  |       0.2317      0.1021
  90     -0.1629        0.9665  |   -0.4053/ -0.3929/ -0.3875           -0.3875          -0.4927     0.0083  |       0.2246      0.1021
  91     -0.1497        0.9474  |   -0.4288/ -0.4111/ -0.4047           -0.4047          -0.4883     0.0087  |       0.2189      0.1021
  92     -0.1540        0.9747  |   -0.4214/ -0.4065/ -0.3995           -0.3995          -0.4870     0.0076  |       0.2131      0.1021
  93     -0.1543        0.9803  |   -0.4179/ -0.4050/ -0.3993           -0.3993          -0.4788     0.0060  |       0.2073      0.1021
  94     -0.1501        0.9719  |   -0.3938/ -0.3808/ -0.3739           -0.3739          -0.4523     0.0043  |       0.2029      0.1021
  95     -0.1571        0.9843  |   -0.3877/ -0.3735/ -0.3667           -0.3667          -0.4645     0.0061  |       0.1988      0.1021
  96     -0.1423        0.9851  |   -0.4034/ -0.3894/ -0.3825           -0.3825          -0.4726     0.0057  |       0.1944      0.1021
  97     -0.1486        0.9852  |   -0.4253/ -0.4121/ -0.4050           -0.4050          -0.4760     0.0049  |       0.1908      0.1021
  98     -0.1434        0.9915  |   -0.4035/ -0.3936/ -0.3870           -0.3870          -0.4758     0.0064  |       0.1896      0.1021
  99     -0.1454        0.9799  |   -0.4249/ -0.4090/ -0.4036           -0.4036          -0.4755     0.0058  |       0.1878      0.1021
 100     -0.1484        0.9824  |   -0.4309/ -0.4183/ -0.4115           -0.4115          -0.4787     0.0083  |       0.1852      0.1021
 101     -0.1326        0.9580  |   -0.3989/ -0.3865/ -0.3800           -0.3800          -0.4677     0.0043  |       0.1854      0.1021
 102     -0.1267        0.9765  |   -0.3972/ -0.3825/ -0.3761           -0.3761          -0.4640     0.0053  |       0.1858      0.1021
 103     -0.1345        0.9712  |   -0.4004/ -0.3883/ -0.3825           -0.3825          -0.4844     0.0069  |       0.1870      0.1021
 104     -0.1273        0.9705  |   -0.3831/ -0.3706/ -0.3629           -0.3629          -0.4662     0.0071  |       0.1890      0.1021
 105     -0.1157        0.9522  |   -0.4048/ -0.3909/ -0.3837           -0.3837          -0.4956     0.0044  |       0.1901      0.1021
 106     -0.1072        0.9748  |   -0.3857/ -0.3722/ -0.3628           -0.3628          -0.4790     0.0065  |       0.1893      0.1021
 107     -0.1013        0.9621  |   -0.3823/ -0.3709/ -0.3650           -0.3650          -0.4903     0.0030  |       0.1888      0.1021
 108     -0.1006        0.9787  |   -0.3956/ -0.3832/ -0.3758           -0.3758          -0.4904     0.0053  |       0.1869      0.1021
 109     -0.1026        0.9743  |   -0.4161/ -0.4035/ -0.3956           -0.3956          -0.4779     0.0063  |       0.1901      0.1021
 110     -0.0881        0.9423  |   -0.4236/ -0.4097/ -0.4026           -0.4026          -0.4468     0.0063  |       0.1913      0.1021
 111     -0.0717        0.9332  |   -0.3386/ -0.3224/ -0.3109           -0.3109          -0.3657     0.0088  |       0.1916      0.1021
 112     -0.0845        0.9546  |   -0.3243/ -0.3096/ -0.3020           -0.3020          -0.3828     0.0107  |       0.1883      0.1021
 113     -0.1018        0.9198  |   -0.2736/ -0.2624/ -0.2555           -0.2555          -0.3633     0.0115  |       0.1824      0.1021
 114     -0.0989        0.8649  |   -0.2525/ -0.2390/ -0.2319           -0.2319          -0.3823     0.0120  |       0.1747      0.1021
 115     -0.0869        0.8228  |   -0.1720/ -0.1542/ -0.1461           -0.1461          -0.3542     0.0150  |       0.1667      0.1021
 116     -0.0806        0.8053  |   -0.2002/ -0.1801/ -0.1739           -0.1739          -0.3392     0.0142  |       0.1565      0.1021
 117     -0.1061        0.7518  |   -0.3585/ -0.3450/ -0.3395           -0.3395          -0.4620     0.0135  |       0.1467      0.1021
 118     -0.1299        0.7670  |   -0.3172/ -0.2997/ -0.2936           -0.2936          -0.4232     0.0099  |       0.1405      0.1021
 119     -0.1519        0.8605  |   -0.2374/ -0.2097/ -0.2035           -0.2035          -0.4293     0.0126  |       0.1373      0.1021
 120     -0.1101        0.8123  |   -0.3184/ -0.3038/ -0.2974           -0.2974          -0.4281     0.0106  |       0.1389      0.1021
 121     -0.1247        0.8581  |   -0.2549/ -0.2419/ -0.2357           -0.2357          -0.4349     0.0057  |       0.1429      0.1021
 122     -0.1352        0.9140  |   -0.2787/ -0.2634/ -0.2582           -0.2582          -0.4037     0.0046  |       0.1464      0.1021
 123     -0.1298        0.9398  |   -0.2949/ -0.2819/ -0.2753           -0.2753          -0.4567     0.0052  |       0.1493      0.1021
 124     -0.1331        0.9195  |   -0.2797/ -0.2589/ -0.2527           -0.2527          -0.4687     0.0071  |       0.1521      0.1021
 125     -0.0981        0.9348  |   -0.2901/ -0.2703/ -0.2637           -0.2637          -0.4418     0.0065  |       0.1563      0.1021
 126     -0.1348        0.8867  |   -0.2845/ -0.2719/ -0.2659           -0.2659          -0.4356     0.0087  |       0.1613      0.1021
 127     -0.1261        0.9144  |   -0.2932/ -0.2778/ -0.2703           -0.2703          -0.4385     0.0113  |       0.1673      0.1021
 128     -0.1258        0.9326  |   -0.2952/ -0.2772/ -0.2714           -0.2714          -0.4241     0.0112  |       0.1758      0.1021
 129     -0.1346        0.9596  |   -0.2662/ -0.2507/ -0.2441           -0.2441          -0.4133     0.0133  |       0.1822      0.1021
 130     -0.1147        0.9242  |   -0.3203/ -0.3068/ -0.3009           -0.3009          -0.4369     0.0107  |       0.1882      0.1021
 131     -0.1085        0.9524  |   -0.3631/ -0.3508/ -0.3435           -0.3435          -0.4357     0.0093  |       0.1959      0.1021
 132     -0.1029        0.9612  |   -0.3677/ -0.3548/ -0.3481           -0.3481          -0.4271     0.0104  |       0.2025      0.1021
 133     -0.0920        0.9512  |   -0.4245/ -0.4106/ -0.4030           -0.4030          -0.4543     0.0100  |       0.2076      0.1021
 134     -0.0769        0.9468  |   -0.3701/ -0.3528/ -0.3464           -0.3464          -0.4129     0.0098  |       0.2133      0.1021
 135     -0.0670        0.9573  |   -0.4116/ -0.3995/ -0.3923           -0.3923          -0.4715     0.0100  |       0.2161      0.1021
 136     -0.0500        0.9245  |   -0.4071/ -0.3943/ -0.3860           -0.3860          -0.4335     0.0112  |       0.2209      0.1021
 137     -0.0522        0.8849  |   -0.4195/ -0.4056/ -0.3995           -0.3995          -0.4540     0.0124  |       0.2246      0.1021
 138     -0.0613        0.9784  |   -0.4055/ -0.3931/ -0.3849           -0.3849          -0.4491     0.0140  |       0.2293      0.1021
 139     -0.0694        0.9769  |   -0.4053/ -0.3896/ -0.3817           -0.3817          -0.4552     0.0164  |       0.2380      0.1021
 140     -0.0565        0.9829  |   -0.4089/ -0.3948/ -0.3882           -0.3882          -0.4781     0.0171  |       0.2519      0.1021
 141     -0.0565        1.0000  |   -0.4078/ -0.3953/ -0.3887           -0.3887          -0.4781     0.0147  |       0.2684      0.1021
 142     -0.0565        1.0000  |   -0.4079/ -0.3954/ -0.3875           -0.3875          -0.4781     0.0184  |       0.2827      0.1021
 143     -0.0565        1.0000  |   -0.4088/ -0.3955/ -0.3889           -0.3889          -0.4781     0.0165  |       0.2964      0.1021
 144     -0.0565        1.0000  |   -0.4140/ -0.3953/ -0.3881           -0.3881          -0.4781     0.0156  |       0.3017      0.1021
 145     -0.0565        1.0000  |   -0.4101/ -0.3955/ -0.3888           -0.3888          -0.4781     0.0175  |       0.3071      0.1021
 146     -0.0565        1.0000  |   -0.4140/ -0.3962/ -0.3889           -0.3889          -0.4781     0.0167  |       0.3137      0.1021
 147     -0.0565        1.0000  |   -0.4108/ -0.3962/ -0.3888           -0.3888          -0.4781     0.0137  |       0.3204      0.1021
 148     -0.0565        1.0000  |   -0.4120/ -0.3946/ -0.3884           -0.3884          -0.4781     0.0189  |       0.3252      0.1021
 149     -0.0565        1.0000  |   -0.4104/ -0.3950/ -0.3880           -0.3880          -0.4781     0.0177  |       0.3314      0.1021
 150     -0.0565        1.0000  |   -0.4055/ -0.3942/ -0.3885           -0.3885          -0.4781     0.0177  |       0.3373      0.1021
 151     -0.0565        1.0000  |   -0.4095/ -0.3955/ -0.3882           -0.3882          -0.4781     0.0155  |       0.3430      0.1021
 152     -0.0565        1.0000  |   -0.4069/ -0.3947/ -0.3885           -0.3885          -0.4781     0.0166  |       0.3487      0.1021
 153     -0.0565        1.0000  |   -0.4090/ -0.3945/ -0.3876           -0.3876          -0.4781     0.0153  |       0.3561      0.1021
 154     -0.0565        1.0000  |   -0.4120/ -0.3951/ -0.3880           -0.3880          -0.4781     0.0145  |       0.3635      0.1021
 155     -0.0565        1.0000  |   -0.4131/ -0.3954/ -0.3884           -0.3884          -0.4781     0.0149  |       0.3699      0.1021
 156     -0.0565        1.0000  |   -0.4121/ -0.3944/ -0.3877           -0.3877          -0.4781     0.0148  |       0.3769      0.1021
 157     -0.0565        1.0000  |   -0.4101/ -0.3959/ -0.3895           -0.3895          -0.4781     0.0178  |       0.3839      0.1021
 158     -0.0565        1.0000  |   -0.4082/ -0.3947/ -0.3876           -0.3876          -0.4781     0.0170  |       0.3909      0.1021
 159     -0.0565        1.0000  |   -0.4090/ -0.3963/ -0.3892           -0.3892          -0.4780     0.0158  |       0.3972      0.1021
 160     -0.0565        1.0000  |   -0.4063/ -0.3946/ -0.3882           -0.3882          -0.4781     0.0167  |       0.3982      0.1021
 161     -0.0565        1.0000  |   -0.4164/ -0.3955/ -0.3891           -0.3891          -0.4780     0.0164  |       0.3985      0.1021
 162     -0.0565        1.0000  |   -0.4096/ -0.3957/ -0.3887           -0.3887          -0.4780     0.0168  |       0.3986      0.1021
 163     -0.0565        1.0000  |   -0.4102/ -0.3964/ -0.3886           -0.3886          -0.4780     0.0154  |       0.3986      0.1021
 164     -0.0565        1.0000  |   -0.4255/ -0.3961/ -0.3889           -0.3889          -0.4780     0.0167  |       0.3987      0.1021
 165     -0.0565        1.0000  |   -0.4121/ -0.3954/ -0.3874           -0.3874          -0.4780     0.0168  |       0.3987      0.1021
 166     -0.0565        1.0000  |   -0.4118/ -0.3953/ -0.3887           -0.3887          -0.4780     0.0144  |       0.3986      0.1021
 167     -0.0565        1.0000  |   -0.4104/ -0.3952/ -0.3887           -0.3887          -0.4780     0.0162  |       0.3985      0.1021
 168     -0.0565        1.0000  |   -0.4088/ -0.3956/ -0.3884           -0.3884          -0.4780     0.0167  |       0.3986      0.1021
 169     -0.0565        1.0000  |   -0.4084/ -0.3964/ -0.3896           -0.3896          -0.4780     0.0153  |       0.3986      0.1021
 170     -0.0565        1.0000  |   -0.4116/ -0.3956/ -0.3893           -0.3893          -0.4780     0.0163  |       0.3987      0.1021
 171     -0.0565        1.0000  |   -0.4096/ -0.3956/ -0.3894           -0.3894          -0.4780     0.0152  |       0.3987      0.1021
 172     -0.0565        1.0000  |   -0.4100/ -0.3952/ -0.3889           -0.3889          -0.4780     0.0158  |       0.3987      0.1021
 173     -0.0565        1.0000  |   -0.4125/ -0.3951/ -0.3885           -0.3885          -0.4780     0.0168  |       0.3987      0.1021
 174     -0.0565        1.0000  |   -0.4174/ -0.3958/ -0.3883           -0.3883          -0.4780     0.0162  |       0.3986      0.1021
 175     -0.0565        1.0000  |   -0.4132/ -0.3967/ -0.3896           -0.3896          -0.4780     0.0145  |       0.3987      0.1021
 176     -0.0565        1.0000  |   -0.4110/ -0.3958/ -0.3897           -0.3897          -0.4780     0.0172  |       0.3987      0.1021
 177     -0.0565        1.0000  |   -0.4094/ -0.3951/ -0.3888           -0.3888          -0.4780     0.0179  |       0.3987      0.1021
 178     -0.0565        1.0000  |   -0.4150/ -0.3958/ -0.3889           -0.3889          -0.4780     0.0142  |       0.3988      0.1021
 179     -0.0565        1.0000  |   -0.4091/ -0.3962/ -0.3889           -0.3889          -0.4780     0.0158  |       0.3988      0.1021
 180     -0.0565        1.0000  |   -0.4089/ -0.3950/ -0.3872           -0.3872          -0.4780     0.0160  |       0.3988      0.1021
 181     -0.0565        1.0000  |   -0.4082/ -0.3952/ -0.3883           -0.3883          -0.4780     0.0167  |       0.3988      0.1021
 182     -0.0565        1.0000  |   -0.4099/ -0.3954/ -0.3874           -0.3874          -0.4780     0.0164  |       0.3987      0.1021
 183     -0.0565        1.0000  |   -0.4101/ -0.3954/ -0.3885           -0.3885          -0.4780     0.0148  |       0.3987      0.1021
 184     -0.0565        1.0000  |   -0.4073/ -0.3951/ -0.3892           -0.3892          -0.4780     0.0167  |       0.3987      0.1021
 185     -0.0565        1.0000  |   -0.4082/ -0.3951/ -0.3888           -0.3888          -0.4780     0.0180  |       0.3987      0.1021
 186     -0.0565        1.0000  |   -0.4106/ -0.3962/ -0.3885           -0.3885          -0.4780     0.0178  |       0.3986      0.1021
 187     -0.0565        1.0000  |   -0.4077/ -0.3958/ -0.3884           -0.3884          -0.4780     0.0173  |       0.3986      0.1021
 188     -0.0565        1.0000  |   -0.4086/ -0.3956/ -0.3890           -0.3890          -0.4780     0.0154  |       0.3986      0.1021
 189     -0.0565        1.0000  |   -0.4066/ -0.3955/ -0.3889           -0.3889          -0.4780     0.0172  |       0.3987      0.1021
 190     -0.0565        1.0000  |   -0.4103/ -0.3956/ -0.3892           -0.3892          -0.4780     0.0178  |       0.3987      0.1021
 191     -0.0565        1.0000  |   -0.4107/ -0.3951/ -0.3879           -0.3879          -0.4780     0.0177  |       0.3988      0.1021
 192     -0.0565        1.0000  |   -0.4106/ -0.3956/ -0.3880           -0.3880          -0.4780     0.0162  |       0.3988      0.1021
 193     -0.0565        1.0000  |   -0.4127/ -0.3948/ -0.3881           -0.3881          -0.4780     0.0170  |       0.3988      0.1021
 194     -0.0565        1.0000  |   -0.4073/ -0.3948/ -0.3883           -0.3883          -0.4780     0.0168  |       0.3988      0.1021
 195     -0.0565        1.0000  |   -0.4162/ -0.3950/ -0.3880           -0.3880          -0.4780     0.0161  |       0.3988      0.1021
 196     -0.0565        1.0000  |   -0.4107/ -0.3952/ -0.3891           -0.3891          -0.4780     0.0165  |       0.3988      0.1021
 197     -0.0565        1.0000  |   -0.4094/ -0.3962/ -0.3888           -0.3888          -0.4780     0.0162  |       0.3988      0.1021
 198     -0.0565        1.0000  |   -0.4124/ -0.3962/ -0.3894           -0.3894          -0.4780     0.0153  |       0.3988      0.1021
 199     -0.0565        1.0000  |   -0.4084/ -0.3961/ -0.3892           -0.3892          -0.4780     0.0158  |       0.3988      0.1021
 200     -0.0565        1.0000  |   -0.4110/ -0.3950/ -0.3882           -0.3882          -0.4780     0.0150  |       0.3988      0.1021
 201     -0.0565        1.0000  |   -0.4076/ -0.3956/ -0.3888           -0.3888          -0.4780     0.0165  |       0.3987      0.1021
 202     -0.0565        1.0000  |   -0.4120/ -0.3967/ -0.3898           -0.3898          -0.4780     0.0163  |       0.3987      0.1021
 203     -0.0565        1.0000  |   -0.4088/ -0.3951/ -0.3883           -0.3883          -0.4780     0.0165  |       0.3987      0.1021
 204     -0.0565        1.0000  |   -0.4101/ -0.3943/ -0.3885           -0.3885          -0.4780     0.0162  |       0.3987      0.1021
 205     -0.0565        1.0000  |   -0.4142/ -0.3950/ -0.3890           -0.3890          -0.4780     0.0172  |       0.3987      0.1021
 206     -0.0565        1.0000  |   -0.4087/ -0.3964/ -0.3884           -0.3884          -0.4780     0.0175  |       0.3987      0.1021
 207     -0.0565        1.0000  |   -0.4130/ -0.3962/ -0.3886           -0.3886          -0.4780     0.0169  |       0.3988      0.1021
 208     -0.0565        1.0000  |   -0.4085/ -0.3951/ -0.3888           -0.3888          -0.4780     0.0166  |       0.3988      0.1021
 209     -0.0565        1.0000  |   -0.4091/ -0.3956/ -0.3895           -0.3895          -0.4780     0.0181  |       0.3988      0.1021
 210     -0.0565        1.0000  |   -0.4089/ -0.3960/ -0.3890           -0.3890          -0.4780     0.0161  |       0.3988      0.1021
 211     -0.0565        1.0000  |   -0.4117/ -0.3971/ -0.3896           -0.3896          -0.4780     0.0185  |       0.3988      0.1021
 212     -0.0565        1.0000  |   -0.4088/ -0.3966/ -0.3888           -0.3888          -0.4780     0.0171  |       0.3988      0.1021
 213     -0.0565        1.0000  |   -0.4097/ -0.3963/ -0.3893           -0.3893          -0.4780     0.0167  |       0.3988      0.1021
 214     -0.0565        1.0000  |   -0.4084/ -0.3958/ -0.3892           -0.3892          -0.4780     0.0185  |       0.3988      0.1021
 215     -0.0565        1.0000  |   -0.4121/ -0.3957/ -0.3894           -0.3894          -0.4780     0.0167  |       0.3988      0.1021
 216     -0.0565        1.0000  |   -0.4074/ -0.3954/ -0.3878           -0.3878          -0.4780     0.0168  |       0.3988      0.1021
 217     -0.0565        1.0000  |   -0.4153/ -0.3948/ -0.3889           -0.3889          -0.4780     0.0161  |       0.3988      0.1021
 218     -0.0565        1.0000  |   -0.4088/ -0.3955/ -0.3885           -0.3885          -0.4780     0.0161  |       0.3988      0.1021
 219     -0.0565        1.0000  |   -0.4084/ -0.3951/ -0.3881           -0.3881          -0.4780     0.0147  |       0.3988      0.1021
 220     -0.0565        1.0000  |   -0.4154/ -0.3951/ -0.3882           -0.3882          -0.4780     0.0178  |       0.3988      0.1021
 221     -0.0565        1.0000  |   -0.4083/ -0.3956/ -0.3884           -0.3884          -0.4780     0.0169  |       0.3988      0.1021
 222     -0.0565        1.0000  |   -0.4090/ -0.3957/ -0.3893           -0.3893          -0.4780     0.0154  |       0.3988      0.1021
 223     -0.0565        1.0000  |   -0.4249/ -0.3956/ -0.3886           -0.3886          -0.4780     0.0168  |       0.3988      0.1021
 224     -0.0565        1.0000  |   -0.4168/ -0.3951/ -0.3879           -0.3879          -0.4780     0.0160  |       0.3988      0.1021
 225     -0.0565        1.0000  |   -0.4119/ -0.3952/ -0.3889           -0.3889          -0.4780     0.0150  |       0.3988      0.1021
 226     -0.0565        1.0000  |   -0.4123/ -0.3959/ -0.3892           -0.3892          -0.4780     0.0166  |       0.3988      0.1021
 227     -0.0565        1.0000  |   -0.4102/ -0.3956/ -0.3890           -0.3890          -0.4780     0.0185  |       0.3988      0.1021
 228     -0.0565        1.0000  |   -0.4094/ -0.3959/ -0.3882           -0.3882          -0.4780     0.0179  |       0.3988      0.1021
 229     -0.0565        1.0000  |   -0.4178/ -0.3959/ -0.3889           -0.3889          -0.4780     0.0156  |       0.3988      0.1021
 230     -0.0565        1.0000  |   -0.4122/ -0.3963/ -0.3895           -0.3895          -0.4780     0.0171  |       0.3988      0.1021
 231     -0.0565        1.0000  |   -0.4122/ -0.3961/ -0.3890           -0.3890          -0.4780     0.0148  |       0.3988      0.1021
 232     -0.0565        1.0000  |   -0.4097/ -0.3959/ -0.3892           -0.3892          -0.4780     0.0150  |       0.3988      0.1021
 233     -0.0565        1.0000  |   -0.4098/ -0.3954/ -0.3876           -0.3876          -0.4780     0.0153  |       0.3988      0.1021
 234     -0.0565        1.0000  |   -0.4070/ -0.3954/ -0.3893           -0.3893          -0.4780     0.0170  |       0.3988      0.1021
 235     -0.0565        1.0000  |   -0.4120/ -0.3965/ -0.3891           -0.3891          -0.4780     0.0165  |       0.3988      0.1021
 236     -0.0565        1.0000  |   -0.4211/ -0.3957/ -0.3884           -0.3884          -0.4780     0.0162  |       0.3988      0.1021
 237     -0.0565        1.0000  |   -0.4082/ -0.3954/ -0.3880           -0.3880          -0.4780     0.0164  |       0.3988      0.1021
 238     -0.0565        1.0000  |   -0.4115/ -0.3953/ -0.3886           -0.3886          -0.4780     0.0152  |       0.3988      0.1021
 239     -0.0565        1.0000  |   -0.4095/ -0.3961/ -0.3884           -0.3884          -0.4780     0.0164  |       0.3988      0.1021
 240     -0.0565        1.0000  |   -0.4199/ -0.3956/ -0.3891           -0.3891          -0.4780     0.0175  |       0.3988      0.1021
 241     -0.0565        1.0000  |   -0.4080/ -0.3958/ -0.3889           -0.3889          -0.4780     0.0141  |       0.3988      0.1021
 242     -0.0565        1.0000  |   -0.4132/ -0.3960/ -0.3894           -0.3894          -0.4780     0.0163  |       0.3988      0.1021
 243     -0.0565        1.0000  |   -0.4138/ -0.3954/ -0.3886           -0.3886          -0.4780     0.0180  |       0.3988      0.1021
 244     -0.0565        1.0000  |   -0.4081/ -0.3962/ -0.3887           -0.3887          -0.4780     0.0168  |       0.3988      0.1021
 245     -0.0565        1.0000  |   -0.4196/ -0.3966/ -0.3896           -0.3896          -0.4780     0.0175  |       0.3988      0.1021
 246     -0.0565        1.0000  |   -0.4178/ -0.3959/ -0.3899           -0.3899          -0.4780     0.0157  |       0.3988      0.1021
 247     -0.0565        1.0000  |   -0.4120/ -0.3962/ -0.3891           -0.3891          -0.4780     0.0166  |       0.3988      0.1021
 248     -0.0565        1.0000  |   -0.4110/ -0.3962/ -0.3895           -0.3895          -0.4780     0.0161  |       0.3988      0.1021
 249     -0.0565        1.0000  |   -0.4094/ -0.3956/ -0.3889           -0.3889          -0.4780     0.0163  |       0.3988      0.1021
 250     -0.0565        1.0000  |   -0.4112/ -0.3962/ -0.3897           -0.3897          -0.4780     0.0173  |       0.3988      0.1021
 251     -0.0565        1.0000  |   -0.4104/ -0.3968/ -0.3891           -0.3891          -0.4780     0.0155  |       0.3988      0.1021
 252     -0.0565        1.0000  |   -0.4061/ -0.3955/ -0.3893           -0.3893          -0.4780     0.0147  |       0.3988      0.1021
 253     -0.0565        1.0000  |   -0.4113/ -0.3968/ -0.3893           -0.3893          -0.4780     0.0165  |       0.3988      0.1021
 254     -0.0565        1.0000  |   -0.4134/ -0.3972/ -0.3896           -0.3896          -0.4780     0.0154  |       0.3988      0.1021
 255     -0.0565        1.0000  |   -0.4100/ -0.3958/ -0.3883           -0.3883          -0.4780     0.0178  |       0.3988      0.1021
 256     -0.0565        1.0000  |   -0.4108/ -0.3953/ -0.3877           -0.3877          -0.4780     0.0149  |       0.3988      0.1021
 257     -0.0565        1.0000  |   -0.4102/ -0.3945/ -0.3876           -0.3876          -0.4780     0.0165  |       0.3988      0.1021
 258     -0.0565        1.0000  |   -0.4105/ -0.3959/ -0.3885           -0.3885          -0.4780     0.0166  |       0.3988      0.1021
 259     -0.0565        1.0000  |   -0.4084/ -0.3959/ -0.3879           -0.3879          -0.4780     0.0168  |       0.3988      0.1021
 260     -0.0565        1.0000  |   -0.4112/ -0.3958/ -0.3886           -0.3886          -0.4780     0.0186  |       0.3988      0.1021
 261     -0.0565        1.0000  |   -0.4078/ -0.3961/ -0.3883           -0.3883          -0.4780     0.0157  |       0.3988      0.1021
 262     -0.0565        1.0000  |   -0.4148/ -0.3953/ -0.3888           -0.3888          -0.4780     0.0159  |       0.3988      0.1021
 263     -0.0565        1.0000  |   -0.4096/ -0.3952/ -0.3892           -0.3892          -0.4780     0.0173  |       0.3988      0.1021
 264     -0.0565        1.0000  |   -0.4102/ -0.3964/ -0.3881           -0.3881          -0.4780     0.0155  |       0.3988      0.1021
 265     -0.0565        1.0000  |   -0.4084/ -0.3958/ -0.3884           -0.3884          -0.4780     0.0177  |       0.3988      0.1021
 266     -0.0565        1.0000  |   -0.4095/ -0.3959/ -0.3884           -0.3884          -0.4780     0.0167  |       0.3988      0.1021
 267     -0.0565        1.0000  |   -0.4071/ -0.3959/ -0.3896           -0.3896          -0.4780     0.0152  |       0.3988      0.1021
 268     -0.0565        1.0000  |   -0.4110/ -0.3959/ -0.3886           -0.3886          -0.4780     0.0162  |       0.3988      0.1021
 269     -0.0565        1.0000  |   -0.4202/ -0.3959/ -0.3881           -0.3881          -0.4780     0.0171  |       0.3988      0.1021
 270     -0.0565        1.0000  |   -0.4084/ -0.3948/ -0.3881           -0.3881          -0.4780     0.0162  |       0.3988      0.1021
 271     -0.0565        1.0000  |   -0.4073/ -0.3950/ -0.3883           -0.3883          -0.4780     0.0143  |       0.3988      0.1021
 272     -0.0565        1.0000  |   -0.4073/ -0.3954/ -0.3889           -0.3889          -0.4780     0.0166  |       0.3988      0.1021
 273     -0.0565        1.0000  |   -0.4072/ -0.3952/ -0.3886           -0.3886          -0.4780     0.0163  |       0.3988      0.1021
 274     -0.0565        1.0000  |   -0.4119/ -0.3961/ -0.3881           -0.3881          -0.4780     0.0176  |       0.3988      0.1021
 275     -0.0565        1.0000  |   -0.4118/ -0.3958/ -0.3882           -0.3882          -0.4780     0.0161  |       0.3988      0.1021
 276     -0.0565        1.0000  |   -0.4075/ -0.3956/ -0.3893           -0.3893          -0.4780     0.0156  |       0.3988      0.1021
 277     -0.0565        1.0000  |   -0.4094/ -0.3964/ -0.3888           -0.3888          -0.4780     0.0158  |       0.3988      0.1021
 278     -0.0565        1.0000  |   -0.4113/ -0.3956/ -0.3887           -0.3887          -0.4780     0.0165  |       0.3988      0.1021
 279     -0.0565        1.0000  |   -0.4119/ -0.3966/ -0.3890           -0.3890          -0.4780     0.0179  |       0.3988      0.1021
 280     -0.0565        1.0000  |   -0.4162/ -0.3973/ -0.3893           -0.3893          -0.4780     0.0168  |       0.3988      0.1021
 281     -0.0565        1.0000  |   -0.4132/ -0.3962/ -0.3889           -0.3889          -0.4780     0.0150  |       0.3988      0.1021
 282     -0.0565        1.0000  |   -0.4102/ -0.3963/ -0.3899           -0.3899          -0.4780     0.0175  |       0.3988      0.1021
 283     -0.0565        1.0000  |   -0.4106/ -0.3959/ -0.3891           -0.3891          -0.4780     0.0131  |       0.3988      0.1021
 284     -0.0565        1.0000  |   -0.4175/ -0.3954/ -0.3895           -0.3895          -0.4780     0.0165  |       0.3988      0.1021
 285     -0.0565        1.0000  |   -0.4212/ -0.3958/ -0.3893           -0.3893          -0.4780     0.0179  |       0.3988      0.1021
 286     -0.0565        1.0000  |   -0.4100/ -0.3957/ -0.3882           -0.3882          -0.4780     0.0181  |       0.3988      0.1021
 287     -0.0565        1.0000  |   -0.4090/ -0.3949/ -0.3883           -0.3883          -0.4780     0.0159  |       0.3988      0.1021
 288     -0.0565        1.0000  |   -0.4150/ -0.3962/ -0.3883           -0.3883          -0.4780     0.0178  |       0.3988      0.1021
 289     -0.0565        1.0000  |   -0.4102/ -0.3957/ -0.3888           -0.3888          -0.4780     0.0161  |       0.3988      0.1021
 290     -0.0565        1.0000  |   -0.4090/ -0.3960/ -0.3888           -0.3888          -0.4780     0.0175  |       0.3988      0.1021
 291     -0.0565        1.0000  |   -0.4131/ -0.3958/ -0.3890           -0.3890          -0.4780     0.0167  |       0.3988      0.1021
 292     -0.0565        1.0000  |   -0.4050/ -0.3951/ -0.3894           -0.3894          -0.4780     0.0183  |       0.3988      0.1021
 293     -0.0565        1.0000  |   -0.4074/ -0.3952/ -0.3885           -0.3885          -0.4780     0.0159  |       0.3988      0.1021
 294     -0.0595        0.9990  |   -0.4145/ -0.4030/ -0.3967           -0.3967          -0.4870     0.0162  |       0.3988      0.1021
 295     -0.0595        1.0000  |   -0.4210/ -0.4033/ -0.3964           -0.3964          -0.4870     0.0164  |       0.3988      0.1021
 296     -0.0595        1.0000  |   -0.4163/ -0.4031/ -0.3959           -0.3959          -0.4870     0.0161  |       0.3988      0.1021
 297     -0.0595        1.0000  |   -0.4219/ -0.4039/ -0.3967           -0.3967          -0.4870     0.0147  |       0.3988      0.1021
 298     -0.0595        1.0000  |   -0.4205/ -0.4028/ -0.3964           -0.3964          -0.4870     0.0151  |       0.3988      0.1021
 299     -0.0595        1.0000  |   -0.4151/ -0.4033/ -0.3962           -0.3962          -0.4870     0.0161  |       0.3988      0.1021
IMAGEIO FFMPEG_WRITER WARNING: input image is not divisible by macro_block_size=16, resizing from (320, 180) to (320, 192) to ensure video compatibility with most codecs and players. To prevent resizing, make your input image divisible by the macro_block_size or set the macro_block_size to 1 (risking incompatibility).

Saved 300 frames -> /home/ashwink/Documents/swms/SWM_copy/rollouts_5_per/expert+subopt/epoch3/epoch3_rollout1_success.mp4
min dist(green_cube,blue_moon) over episode = 0.0345  ->  SUCCESS
Full log written to /home/ashwink/Documents/swms/SWM_copy/rollouts_5_per/expert+subopt/epoch3/epoch3_rollout1_20260723_121749.log
Result json -> /home/ashwink/Documents/swms/SWM_copy/rollouts_5_per/expert+subopt/epoch3/epoch3_rollout1_result.json
