Checkpoint dir epoch: 2  Rollout: 2
Logging to /home/ashwink/Documents/swms/SWM_copy/rollouts_5_per/expert-only/epoch2/epoch2_rollout2_20260723_120658.log
Goal (fixed, steps 0-299): the green cube is touching the blue moon. the peg is touching the green cube.

Checkpoint: /home/ashwink/Documents/swms/SWM_copy/training/checkpoints_clip_full_finetuned_wider_hl/epoch_002.pt
  epoch=2  step=2574

Loading CLIP ViT-L/14 (datacomp_xl_s13b_b90k) + fine-tuned clip_state_dict ...
Parsing model identifier. Schema: None, Identifier: ViT-L-14
Loaded built-in ViT-L-14 model config.
Instantiating model architecture: CLIP
Loading full pretrained weights from: /home/ashwink/.cache/huggingface/hub/models--laion--CLIP-ViT-L-14-DataComp.XL-s13B-b90K/snapshots/84c9828e63dc9a9351d1fe637c346d4c1c4db341/open_clip_pytorch_model.bin
Final image preprocessing configuration set: {'size': (224, 224), 'mode': 'RGB', 'mean': (0.48145466, 0.4578275, 0.40821073), 'std': (0.26862954, 0.26130258, 0.27577711), 'interpolation': 'bicubic', 'resize_mode': 'shortest', 'fill_color': 0}
Model ViT-L-14 creation process complete.
Parsing tokenizer identifier. Schema: None, Identifier: ViT-L-14
Attempting to load config from built-in: ViT-L-14
Using default SimpleTokenizer.
z_star shape: torch.Size([768])

Loading action stats from /home/ashwink/full_data_5000/langtable/demos/ ...
  lo=[-0.03372681140899658, -0.03493623435497284]  hi=[0.03496786952018738, 0.03494429588317871]

Initializing LangTable env ...
Loading URDF plane.urdf
Loading URDF /home/ashwink/Documents/swms/.venv/lib/python3.10/site-packages/language_table/environments/utils/../../../language_table/environments/assets/workspace_real.urdf
Loading URDF xarm/xarm6_robot_white.urdf
Loading URDF /home/ashwink/Documents/swms/.venv/lib/python3.10/site-packages/language_table/environments/utils/../../../language_table/environments/assets/suction/cylinder_real.urdf
Loading URDF /home/ashwink/Documents/swms/.venv/lib/python3.10/site-packages/language_table/environments/utils/../../../language_table/environments/assets/blocks/red_moon.urdf
Loading URDF /home/ashwink/Documents/swms/.venv/lib/python3.10/site-packages/language_table/environments/utils/../../../language_table/environments/assets/blocks/red_cube.urdf
Loading URDF /home/ashwink/Documents/swms/.venv/lib/python3.10/site-packages/language_table/environments/utils/../../../language_table/environments/assets/blocks/red_star.urdf
Loading URDF /home/ashwink/Documents/swms/.venv/lib/python3.10/site-packages/language_table/environments/utils/../../../language_table/environments/assets/blocks/red_pentagon.urdf
Loading URDF /home/ashwink/Documents/swms/.venv/lib/python3.10/site-packages/language_table/environments/utils/../../../language_table/environments/assets/blocks/blue_moon.urdf
Loading URDF /home/ashwink/Documents/swms/.venv/lib/python3.10/site-packages/language_table/environments/utils/../../../language_table/environments/assets/blocks/blue_cube.urdf
Loading URDF /home/ashwink/Documents/swms/.venv/lib/python3.10/site-packages/language_table/environments/utils/../../../language_table/environments/assets/blocks/blue_star.urdf
Loading URDF /home/ashwink/Documents/swms/.venv/lib/python3.10/site-packages/language_table/environments/utils/../../../language_table/environments/assets/blocks/blue_pentagon.urdf
Loading URDF /home/ashwink/Documents/swms/.venv/lib/python3.10/site-packages/language_table/environments/utils/../../../language_table/environments/assets/blocks/yellow_moon.urdf
Loading URDF /home/ashwink/Documents/swms/.venv/lib/python3.10/site-packages/language_table/environments/utils/../../../language_table/environments/assets/blocks/yellow_cube.urdf
Loading URDF /home/ashwink/Documents/swms/.venv/lib/python3.10/site-packages/language_table/environments/utils/../../../language_table/environments/assets/blocks/yellow_star.urdf
Loading URDF /home/ashwink/Documents/swms/.venv/lib/python3.10/site-packages/language_table/environments/utils/../../../language_table/environments/assets/blocks/yellow_pentagon.urdf
Loading URDF /home/ashwink/Documents/swms/.venv/lib/python3.10/site-packages/language_table/environments/utils/../../../language_table/environments/assets/blocks/green_moon.urdf
Loading URDF /home/ashwink/Documents/swms/.venv/lib/python3.10/site-packages/language_table/environments/utils/../../../language_table/environments/assets/blocks/green_cube.urdf
Loading URDF /home/ashwink/Documents/swms/.venv/lib/python3.10/site-packages/language_table/environments/utils/../../../language_table/environments/assets/blocks/green_star.urdf
Loading URDF /home/ashwink/Documents/swms/.venv/lib/python3.10/site-packages/language_table/environments/utils/../../../language_table/environments/assets/blocks/green_pentagon.urdf
Loading URDF /home/ashwink/Documents/swms/.venv/lib/python3.10/site-packages/language_table/environments/utils/../../../language_table/environments/assets/blocks/purple_moon.urdf
Loading URDF /home/ashwink/Documents/swms/.venv/lib/python3.10/site-packages/language_table/environments/utils/../../../language_table/environments/assets/blocks/purple_cube.urdf
Loading URDF /home/ashwink/Documents/swms/.venv/lib/python3.10/site-packages/language_table/environments/utils/../../../language_table/environments/assets/blocks/purple_star.urdf
Loading URDF /home/ashwink/Documents/swms/.venv/lib/python3.10/site-packages/language_table/environments/utils/../../../language_table/environments/assets/blocks/purple_pentagon.urdf
Env ready.

Forced peg start: [0.42843915 0.24419614]  (green_cube=[0.40339102 0.18967466], blue_moon=[0.32039625 0.00902261])
  dist(peg,green_cube)=0.0600  dist(peg,blue_moon)=0.2588  dist(green_cube,blue_moon)=0.1988

step  cos(zt,z*)  cos(zt,zt-1)  |   cos(predK,z*) min/mean/max  cos(pred_sel,z*)   cos(zpred0,z*)  ||a_raw||  |  dist(peg,A)   dist(A,B)
-------------------------------------------------------------------------------------------------------------------------------------------------------------------------------
   0      0.1572           nan  |    0.4805/  0.5846/  0.5993            0.5993           0.4283     0.0044  |       0.0587      0.1988
   1      0.1589        0.9977  |    0.5201/  0.5580/  0.5733            0.5733           0.4247     0.0026  |       0.0631      0.1988
   2      0.1588        0.9974  |    0.5243/  0.5505/  0.5687            0.5687           0.4156     0.0084  |       0.0651      0.1988
   3      0.1557        0.9952  |    0.5319/  0.5529/  0.5700            0.5700           0.4149     0.0029  |       0.0660      0.1988
   4      0.1545        0.9974  |    0.5046/  0.5407/  0.5557            0.5557           0.4044     0.0060  |       0.0674      0.1988
   5      0.1528        0.9972  |    0.5155/  0.5460/  0.5626            0.5626           0.4128     0.0093  |       0.0698      0.1988
   6      0.1530        0.9970  |    0.5142/  0.5382/  0.5537            0.5537           0.3970     0.0010  |       0.0703      0.1988
   7      0.1474        0.9984  |    0.4925/  0.5289/  0.5430            0.5430           0.3778     0.0019  |       0.0714      0.1988
   8      0.1524        0.9987  |    0.5016/  0.5411/  0.5561            0.5561           0.3937     0.0016  |       0.0698      0.1988
   9      0.1465        0.9988  |    0.4901/  0.5215/  0.5367            0.5367           0.3745     0.0043  |       0.0692      0.1988
  10      0.1494        0.9973  |    0.5049/  0.5306/  0.5438            0.5438           0.3746     0.0054  |       0.0728      0.1988
  11      0.1431        0.9956  |    0.4848/  0.5227/  0.5366            0.5366           0.3536     0.0038  |       0.0772      0.1988
  12      0.1451        0.9960  |    0.5158/  0.5438/  0.5569            0.5569           0.3878     0.0063  |       0.0805      0.1988
  13      0.1360        0.9926  |    0.4690/  0.5179/  0.5350            0.5350           0.3247     0.0038  |       0.0862      0.1988
  14      0.1283        0.9959  |    0.4490/  0.4886/  0.5046            0.5046           0.2787     0.0019  |       0.0897      0.1988
  15      0.1243        0.9987  |    0.4364/  0.4677/  0.4838            0.4838           0.2345     0.0017  |       0.0910      0.1988
  16      0.1309        0.9983  |    0.4654/  0.4925/  0.5076            0.5076           0.2881     0.0046  |       0.0896      0.1988
  17      0.1266        0.9973  |    0.4046/  0.4540/  0.4719            0.4719           0.2243     0.0048  |       0.0927      0.1988
  18      0.1266        1.0000  |    0.3893/  0.4613/  0.4756            0.4756           0.2236     0.0034  |       0.0974      0.1988
  19      0.1266        1.0000  |    0.4248/  0.4580/  0.4729            0.4729           0.2236     0.0044  |       0.1008      0.1988
  20      0.1266        1.0000  |    0.4203/  0.4540/  0.4683            0.4683           0.2236     0.0033  |       0.0985      0.1988
  21      0.1266        1.0000  |    0.4265/  0.4500/  0.4673            0.4673           0.2236     0.0041  |       0.1011      0.1988
  22      0.1265        1.0000  |    0.4241/  0.4600/  0.4755            0.4755           0.2230     0.0033  |       0.1039      0.1988
  23      0.1265        1.0000  |    0.4216/  0.4553/  0.4697            0.4697           0.2230     0.0048  |       0.1068      0.1988
  24      0.1263        1.0000  |    0.4182/  0.4616/  0.4785            0.4785           0.2219     0.0020  |       0.1103      0.1988
  25      0.1266        1.0000  |    0.4138/  0.4532/  0.4691            0.4691           0.2236     0.0061  |       0.1123      0.1988
  26      0.1266        1.0000  |    0.4145/  0.4579/  0.4730            0.4730           0.2232     0.0036  |       0.1081      0.1988
  27      0.1265        1.0000  |    0.4127/  0.4556/  0.4723            0.4723           0.2230     0.0006  |       0.1109      0.1988
  28      0.1265        1.0000  |    0.4072/  0.4505/  0.4669            0.4669           0.2230     0.0044  |       0.1116      0.1988
  29      0.1262        1.0000  |    0.4064/  0.4571/  0.4792            0.4792           0.2217     0.0046  |       0.1157      0.1988
  30      0.1266        1.0000  |    0.4344/  0.4633/  0.4772            0.4772           0.2236     0.0026  |       0.1186      0.1988
  31      0.1265        1.0000  |    0.4092/  0.4525/  0.4705            0.4705           0.2230     0.0036  |       0.1186      0.1988
  32      0.1266        1.0000  |    0.4146/  0.4521/  0.4703            0.4703           0.2230     0.0038  |       0.1190      0.1988
  33      0.1266        1.0000  |    0.4330/  0.4612/  0.4737            0.4737           0.2230     0.0015  |       0.1191      0.1988
  34      0.1266        1.0000  |    0.4275/  0.4587/  0.4778            0.4778           0.2230     0.0016  |       0.1195      0.1988
  35      0.1266        1.0000  |    0.3851/  0.4493/  0.4650            0.4650           0.2230     0.0015  |       0.1200      0.1988
  36      0.1265        1.0000  |    0.4257/  0.4566/  0.4713            0.4713           0.2230     0.0062  |       0.1198      0.1988
  37      0.1265        1.0000  |    0.4157/  0.4573/  0.4749            0.4749           0.2230     0.0044  |       0.1195      0.1988
  38      0.1265        1.0000  |    0.4047/  0.4517/  0.4691            0.4691           0.2230     0.0033  |       0.1189      0.1988
  39      0.1265        1.0000  |    0.4044/  0.4530/  0.4689            0.4689           0.2230     0.0045  |       0.1181      0.1988
  40      0.1265        1.0000  |    0.3814/  0.4615/  0.4784            0.4784           0.2230     0.0027  |       0.1183      0.1988
  41      0.1265        1.0000  |    0.4331/  0.4585/  0.4752            0.4752           0.2230     0.0016  |       0.1184      0.1988
  42      0.1265        1.0000  |    0.4082/  0.4550/  0.4714            0.4714           0.2230     0.0032  |       0.1170      0.1988
  43      0.1265        1.0000  |    0.4147/  0.4541/  0.4735            0.4735           0.2230     0.0026  |       0.1177      0.1988
  44      0.1265        1.0000  |    0.4403/  0.4638/  0.4769            0.4769           0.2230     0.0012  |       0.1183      0.1988
  45      0.1265        1.0000  |    0.4217/  0.4547/  0.4700            0.4700           0.2230     0.0039  |       0.1173      0.1988
  46      0.1265        1.0000  |    0.4118/  0.4580/  0.4755            0.4755           0.2230     0.0032  |       0.1190      0.1988
  47      0.1265        1.0000  |    0.3386/  0.4655/  0.4838            0.4838           0.2230     0.0019  |       0.1194      0.1988
  48      0.1265        1.0000  |    0.4274/  0.4544/  0.4687            0.4687           0.2230     0.0029  |       0.1194      0.1988
  49      0.1265        1.0000  |    0.4271/  0.4535/  0.4673            0.4673           0.2230     0.0041  |       0.1167      0.1988
  50      0.1265        1.0000  |    0.4287/  0.4581/  0.4738            0.4738           0.2230     0.0021  |       0.1162      0.1988
  51      0.1265        1.0000  |    0.4296/  0.4583/  0.4759            0.4759           0.2230     0.0033  |       0.1172      0.1988
  52      0.1265        1.0000  |    0.4211/  0.4582/  0.4750            0.4750           0.2230     0.0018  |       0.1188      0.1988
  53      0.1265        1.0000  |    0.3740/  0.4519/  0.4690            0.4690           0.2230     0.0043  |       0.1194      0.1988
  54      0.1265        1.0000  |    0.4159/  0.4521/  0.4672            0.4672           0.2230     0.0055  |       0.1190      0.1988
  55      0.1265        1.0000  |    0.3951/  0.4567/  0.4736            0.4736           0.2230     0.0021  |       0.1189      0.1988
  56      0.1265        1.0000  |    0.4074/  0.4558/  0.4704            0.4704           0.2230     0.0044  |       0.1195      0.1988
  57      0.1265        1.0000  |    0.4262/  0.4553/  0.4735            0.4735           0.2230     0.0035  |       0.1201      0.1988
  58      0.1265        1.0000  |    0.4254/  0.4556/  0.4717            0.4717           0.2230     0.0012  |       0.1199      0.1988
  59      0.1265        1.0000  |    0.4189/  0.4516/  0.4673            0.4673           0.2230     0.0050  |       0.1198      0.1988
  60      0.1265        1.0000  |    0.4092/  0.4504/  0.4676            0.4676           0.2230     0.0012  |       0.1197      0.1988
  61      0.1265        1.0000  |    0.3702/  0.4540/  0.4710            0.4710           0.2230     0.0052  |       0.1195      0.1988
  62      0.1265        1.0000  |    0.4156/  0.4569/  0.4713            0.4713           0.2230     0.0023  |       0.1193      0.1988
  63      0.1265        1.0000  |    0.4022/  0.4561/  0.4747            0.4747           0.2239     0.0038  |       0.1198      0.1988
  64      0.1265        1.0000  |    0.4272/  0.4547/  0.4716            0.4716           0.2239     0.0058  |       0.1195      0.1988
  65      0.1265        1.0000  |    0.4182/  0.4544/  0.4707            0.4707           0.2239     0.0052  |       0.1204      0.1988
  66      0.1265        1.0000  |    0.4320/  0.4567/  0.4703            0.4703           0.2239     0.0044  |       0.1198      0.1988
  67      0.1265        1.0000  |    0.4264/  0.4578/  0.4769            0.4769           0.2239     0.0001  |       0.1202      0.1988
  68      0.1265        1.0000  |    0.4101/  0.4589/  0.4724            0.4724           0.2239     0.0029  |       0.1203      0.1988
  69      0.1265        1.0000  |    0.4112/  0.4534/  0.4694            0.4694           0.2242     0.0031  |       0.1205      0.1988
  70      0.1265        1.0000  |    0.4209/  0.4568/  0.4734            0.4734           0.2242     0.0006  |       0.1215      0.1988
  71      0.1265        1.0000  |    0.4109/  0.4492/  0.4663            0.4663           0.2242     0.0022  |       0.1214      0.1988
  72      0.1265        1.0000  |    0.4276/  0.4598/  0.4773            0.4773           0.2242     0.0021  |       0.1218      0.1988
  73      0.1265        1.0000  |    0.4094/  0.4588/  0.4737            0.4737           0.2242     0.0034  |       0.1225      0.1988
  74      0.1265        1.0000  |    0.4030/  0.4569/  0.4730            0.4730           0.2242     0.0064  |       0.1216      0.1988
  75      0.1265        1.0000  |    0.4345/  0.4591/  0.4733            0.4733           0.2242     0.0019  |       0.1228      0.1988
  76      0.1265        1.0000  |    0.4018/  0.4496/  0.4690            0.4690           0.2242     0.0025  |       0.1226      0.1988
  77      0.1265        1.0000  |    0.4238/  0.4571/  0.4730            0.4730           0.2242     0.0043  |       0.1232      0.1988
  78      0.1265        1.0000  |    0.4233/  0.4596/  0.4762            0.4762           0.2242     0.0023  |       0.1236      0.1988
  79      0.1265        1.0000  |    0.4117/  0.4520/  0.4680            0.4680           0.2242     0.0018  |       0.1241      0.1988
  80      0.1265        1.0000  |    0.4133/  0.4594/  0.4755            0.4755           0.2242     0.0012  |       0.1244      0.1988
  81      0.1265        1.0000  |    0.4072/  0.4670/  0.4791            0.4791           0.2242     0.0013  |       0.1245      0.1988
  82      0.1265        1.0000  |    0.4260/  0.4556/  0.4706            0.4706           0.2242     0.0018  |       0.1238      0.1988
  83      0.1265        1.0000  |    0.4205/  0.4570/  0.4723            0.4723           0.2242     0.0062  |       0.1249      0.1988
  84      0.1265        1.0000  |    0.4093/  0.4566/  0.4760            0.4760           0.2242     0.0011  |       0.1260      0.1988
  85      0.1265        1.0000  |    0.3970/  0.4535/  0.4714            0.4714           0.2242     0.0039  |       0.1257      0.1988
  86      0.1265        1.0000  |    0.4178/  0.4579/  0.4725            0.4725           0.2242     0.0008  |       0.1259      0.1988
  87      0.1265        1.0000  |    0.3973/  0.4538/  0.4733            0.4733           0.2242     0.0031  |       0.1259      0.1988
  88      0.1265        1.0000  |    0.4242/  0.4572/  0.4749            0.4749           0.2242     0.0039  |       0.1250      0.1988
  89      0.1265        1.0000  |    0.4166/  0.4581/  0.4725            0.4725           0.2242     0.0027  |       0.1251      0.1988
  90      0.1265        1.0000  |    0.4057/  0.4571/  0.4735            0.4735           0.2242     0.0043  |       0.1255      0.1988
  91      0.1265        1.0000  |    0.4054/  0.4554/  0.4737            0.4737           0.2242     0.0035  |       0.1255      0.1988
  92      0.1265        1.0000  |    0.4113/  0.4569/  0.4746            0.4746           0.2242     0.0032  |       0.1229      0.1988
  93      0.1265        1.0000  |    0.4107/  0.4568/  0.4741            0.4741           0.2242     0.0017  |       0.1240      0.1988
  94      0.1265        1.0000  |    0.4025/  0.4595/  0.4755            0.4755           0.2242     0.0027  |       0.1236      0.1988
  95      0.1265        1.0000  |    0.4286/  0.4581/  0.4727            0.4727           0.2242     0.0038  |       0.1245      0.1988
  96      0.1265        1.0000  |    0.4257/  0.4516/  0.4671            0.4671           0.2242     0.0025  |       0.1245      0.1988
  97      0.1265        1.0000  |    0.4231/  0.4498/  0.4655            0.4655           0.2242     0.0034  |       0.1243      0.1988
  98      0.1265        1.0000  |    0.4228/  0.4579/  0.4739            0.4739           0.2242     0.0036  |       0.1255      0.1988
  99      0.1265        1.0000  |    0.4199/  0.4580/  0.4747            0.4747           0.2242     0.0024  |       0.1266      0.1988
 100      0.1265        1.0000  |    0.4027/  0.4540/  0.4703            0.4703           0.2242     0.0053  |       0.1271      0.1988
 101      0.1265        1.0000  |    0.4311/  0.4631/  0.4799            0.4799           0.2242     0.0048  |       0.1250      0.1988
 102      0.1265        1.0000  |    0.4307/  0.4577/  0.4725            0.4725           0.2242     0.0016  |       0.1257      0.1988
 103      0.1265        1.0000  |    0.4264/  0.4548/  0.4722            0.4722           0.2242     0.0059  |       0.1262      0.1988
 104      0.1265        1.0000  |    0.4049/  0.4576/  0.4728            0.4728           0.2242     0.0017  |       0.1278      0.1988
 105      0.1265        1.0000  |    0.4252/  0.4575/  0.4736            0.4736           0.2242     0.0019  |       0.1279      0.1988
 106      0.1265        1.0000  |    0.4165/  0.4630/  0.4775            0.4775           0.2242     0.0039  |       0.1275      0.1988
 107      0.1265        1.0000  |    0.4306/  0.4538/  0.4686            0.4686           0.2242     0.0092  |       0.1268      0.1988
 108      0.1265        1.0000  |    0.4045/  0.4574/  0.4724            0.4724           0.2242     0.0045  |       0.1276      0.1988
 109      0.1265        1.0000  |    0.4048/  0.4552/  0.4707            0.4707           0.2242     0.0015  |       0.1280      0.1988
 110      0.1265        1.0000  |    0.4187/  0.4550/  0.4695            0.4695           0.2242     0.0013  |       0.1275      0.1988
 111      0.1265        1.0000  |    0.4172/  0.4575/  0.4757            0.4757           0.2242     0.0041  |       0.1273      0.1988
 112      0.1265        1.0000  |    0.4221/  0.4505/  0.4639            0.4639           0.2242     0.0034  |       0.1264      0.1988
 113      0.1265        1.0000  |    0.4300/  0.4653/  0.4832            0.4832           0.2242     0.0024  |       0.1266      0.1988
 114      0.1265        1.0000  |    0.4273/  0.4562/  0.4708            0.4708           0.2242     0.0035  |       0.1261      0.1988
 115      0.1265        1.0000  |    0.4226/  0.4550/  0.4715            0.4715           0.2242     0.0045  |       0.1249      0.1988
 116      0.1265        1.0000  |    0.4237/  0.4582/  0.4750            0.4750           0.2242     0.0027  |       0.1257      0.1988
 117      0.1265        1.0000  |    0.4189/  0.4586/  0.4765            0.4765           0.2242     0.0031  |       0.1268      0.1988
 118      0.1265        1.0000  |    0.4171/  0.4597/  0.4757            0.4757           0.2242     0.0043  |       0.1265      0.1988
 119      0.1265        1.0000  |    0.4285/  0.4577/  0.4740            0.4740           0.2242     0.0026  |       0.1274      0.1988
 120      0.1265        1.0000  |    0.4299/  0.4554/  0.4709            0.4709           0.2242     0.0053  |       0.1286      0.1988
 121      0.1265        1.0000  |    0.4236/  0.4503/  0.4684            0.4684           0.2242     0.0048  |       0.1280      0.1988
 122      0.1265        1.0000  |    0.3893/  0.4532/  0.4676            0.4676           0.2242     0.0024  |       0.1268      0.1988
 123      0.1265        1.0000  |    0.4147/  0.4511/  0.4684            0.4684           0.2242     0.0037  |       0.1261      0.1988
 124      0.1265        1.0000  |    0.4140/  0.4589/  0.4730            0.4730           0.2242     0.0013  |       0.1270      0.1988
 125      0.1265        1.0000  |    0.4234/  0.4615/  0.4769            0.4769           0.2242     0.0016  |       0.1272      0.1988
 126      0.1265        1.0000  |    0.4256/  0.4652/  0.4791            0.4791           0.2242     0.0030  |       0.1264      0.1988
 127      0.1265        1.0000  |    0.4261/  0.4565/  0.4763            0.4763           0.2243     0.0014  |       0.1275      0.1988
 128      0.1265        1.0000  |    0.4229/  0.4525/  0.4681            0.4681           0.2243     0.0036  |       0.1269      0.1988
 129      0.1265        1.0000  |    0.4129/  0.4513/  0.4669            0.4669           0.2243     0.0033  |       0.1286      0.1988
 130      0.1265        1.0000  |    0.3929/  0.4522/  0.4676            0.4676           0.2242     0.0019  |       0.1274      0.1988
 131      0.1265        1.0000  |    0.4109/  0.4526/  0.4703            0.4703           0.2243     0.0060  |       0.1279      0.1988
 132      0.1265        1.0000  |    0.4096/  0.4594/  0.4769            0.4769           0.2243     0.0015  |       0.1303      0.1988
 133      0.1265        1.0000  |    0.4216/  0.4547/  0.4708            0.4708           0.2243     0.0020  |       0.1295      0.1988
 134      0.1265        1.0000  |    0.4230/  0.4596/  0.4761            0.4761           0.2243     0.0055  |       0.1297      0.1988
 135      0.1265        1.0000  |    0.4252/  0.4562/  0.4747            0.4747           0.2243     0.0035  |       0.1322      0.1988
 136      0.1265        1.0000  |    0.4170/  0.4511/  0.4694            0.4694           0.2243     0.0014  |       0.1318      0.1988
 137      0.1265        1.0000  |    0.4153/  0.4573/  0.4718            0.4718           0.2243     0.0058  |       0.1318      0.1988
 138      0.1265        1.0000  |    0.3988/  0.4569/  0.4735            0.4735           0.2245     0.0047  |       0.1338      0.1988
 139      0.1265        1.0000  |    0.4078/  0.4560/  0.4704            0.4704           0.2245     0.0015  |       0.1349      0.1988
 140      0.1265        1.0000  |    0.4173/  0.4581/  0.4754            0.4754           0.2243     0.0027  |       0.1337      0.1988
 141      0.1265        1.0000  |    0.4051/  0.4512/  0.4660            0.4660           0.2243     0.0011  |       0.1350      0.1988
 142      0.1265        1.0000  |    0.4228/  0.4520/  0.4705            0.4705           0.2243     0.0065  |       0.1345      0.1988
 143      0.1265        1.0000  |    0.4248/  0.4526/  0.4681            0.4681           0.2243     0.0047  |       0.1385      0.1988
 144      0.1265        1.0000  |    0.4172/  0.4541/  0.4722            0.4722           0.2243     0.0031  |       0.1401      0.1988
 145      0.1265        1.0000  |    0.4078/  0.4566/  0.4752            0.4752           0.2243     0.0033  |       0.1387      0.1988
 146      0.1265        1.0000  |    0.4216/  0.4590/  0.4741            0.4741           0.2243     0.0020  |       0.1383      0.1988
 147      0.1265        1.0000  |    0.4203/  0.4537/  0.4674            0.4674           0.2243     0.0013  |       0.1373      0.1988
 148      0.1265        1.0000  |    0.4128/  0.4499/  0.4710            0.4710           0.2243     0.0003  |       0.1376      0.1988
 149      0.1265        1.0000  |    0.4152/  0.4583/  0.4719            0.4719           0.2243     0.0050  |       0.1376      0.1988
 150      0.1265        1.0000  |    0.4261/  0.4539/  0.4703            0.4703           0.2243     0.0002  |       0.1383      0.1988
 151      0.1265        1.0000  |    0.4341/  0.4613/  0.4752            0.4752           0.2243     0.0070  |       0.1382      0.1988
 152      0.1265        1.0000  |    0.4288/  0.4569/  0.4713            0.4713           0.2243     0.0042  |       0.1367      0.1988
 153      0.1265        1.0000  |    0.4072/  0.4539/  0.4714            0.4714           0.2245     0.0019  |       0.1372      0.1988
 154      0.1265        1.0000  |    0.4398/  0.4642/  0.4796            0.4796           0.2242     0.0039  |       0.1380      0.1988
 155      0.1265        1.0000  |    0.4112/  0.4586/  0.4733            0.4733           0.2240     0.0029  |       0.1376      0.1988
 156      0.1265        1.0000  |    0.3740/  0.4490/  0.4654            0.4654           0.2240     0.0045  |       0.1351      0.1988
 157      0.1265        1.0000  |    0.4092/  0.4570/  0.4738            0.4738           0.2240     0.0041  |       0.1357      0.1988
 158      0.1265        1.0000  |    0.4252/  0.4523/  0.4702            0.4702           0.2240     0.0036  |       0.1368      0.1988
 159      0.1265        1.0000  |    0.4267/  0.4573/  0.4731            0.4731           0.2240     0.0034  |       0.1377      0.1988
 160      0.1265        1.0000  |    0.4175/  0.4561/  0.4723            0.4723           0.2240     0.0023  |       0.1377      0.1988
 161      0.1265        1.0000  |    0.4199/  0.4588/  0.4761            0.4761           0.2240     0.0010  |       0.1373      0.1988
 162      0.1265        1.0000  |    0.4095/  0.4594/  0.4757            0.4757           0.2240     0.0009  |       0.1371      0.1988
 163      0.1265        1.0000  |    0.4272/  0.4569/  0.4744            0.4744           0.2240     0.0010  |       0.1371      0.1988
 164      0.1265        1.0000  |    0.4056/  0.4473/  0.4644            0.4644           0.2242     0.0018  |       0.1373      0.1988
 165      0.1265        1.0000  |    0.4264/  0.4629/  0.4789            0.4789           0.2242     0.0020  |       0.1378      0.1988
 166      0.1265        1.0000  |    0.4133/  0.4574/  0.4718            0.4718           0.2240     0.0040  |       0.1372      0.1988
 167      0.1265        1.0000  |    0.4166/  0.4479/  0.4630            0.4630           0.2240     0.0015  |       0.1373      0.1988
 168      0.1265        1.0000  |    0.4117/  0.4575/  0.4752            0.4752           0.2240     0.0022  |       0.1380      0.1988
 169      0.1265        1.0000  |    0.4165/  0.4586/  0.4759            0.4759           0.2240     0.0029  |       0.1389      0.1988
 170      0.1265        1.0000  |    0.4172/  0.4573/  0.4729            0.4729           0.2240     0.0060  |       0.1404      0.1988
 171      0.1265        1.0000  |    0.4149/  0.4490/  0.4657            0.4657           0.2240     0.0054  |       0.1415      0.1988
 172      0.1265        1.0000  |    0.4232/  0.4613/  0.4775            0.4775           0.2240     0.0022  |       0.1434      0.1988
 173      0.1265        1.0000  |    0.3816/  0.4544/  0.4708            0.4708           0.2242     0.0007  |       0.1447      0.1988
 174      0.1265        1.0000  |    0.4263/  0.4582/  0.4763            0.4763           0.2240     0.0020  |       0.1445      0.1988
 175      0.1265        1.0000  |    0.4111/  0.4529/  0.4720            0.4720           0.2240     0.0027  |       0.1441      0.1988
 176      0.1265        1.0000  |    0.3963/  0.4609/  0.4753            0.4753           0.2240     0.0050  |       0.1428      0.1988
 177      0.1265        1.0000  |    0.4266/  0.4546/  0.4708            0.4708           0.2240     0.0021  |       0.1454      0.1988
 178      0.1265        1.0000  |    0.4125/  0.4553/  0.4718            0.4718           0.2240     0.0035  |       0.1452      0.1988
 179      0.1265        1.0000  |    0.4107/  0.4572/  0.4716            0.4716           0.2242     0.0063  |       0.1471      0.1988
 180      0.1265        1.0000  |    0.3951/  0.4582/  0.4735            0.4735           0.2240     0.0041  |       0.1505      0.1988
 181      0.1265        1.0000  |    0.3882/  0.4568/  0.4730            0.4730           0.2240     0.0032  |       0.1524      0.1988
 182      0.1266        1.0000  |    0.4340/  0.4561/  0.4712            0.4712           0.2242     0.0005  |       0.1528      0.1988
 183      0.1265        1.0000  |    0.4038/  0.4620/  0.4794            0.4794           0.2240     0.0029  |       0.1533      0.1988
 184      0.1265        1.0000  |    0.4179/  0.4686/  0.4832            0.4832           0.2244     0.0024  |       0.1543      0.1988
 185      0.1266        1.0000  |    0.3932/  0.4549/  0.4714            0.4714           0.2242     0.0023  |       0.1553      0.1988
 186      0.1266        1.0000  |    0.4205/  0.4567/  0.4733            0.4733           0.2242     0.0032  |       0.1549      0.1988
 187      0.1266        1.0000  |    0.4122/  0.4644/  0.4796            0.4796           0.2242     0.0057  |       0.1545      0.1988
 188      0.1265        1.0000  |    0.4068/  0.4564/  0.4714            0.4714           0.2244     0.0026  |       0.1558      0.1988
 189      0.1266        1.0000  |    0.3976/  0.4513/  0.4697            0.4697           0.2242     0.0045  |       0.1541      0.1988
 190      0.1266        1.0000  |    0.4117/  0.4489/  0.4630            0.4630           0.2242     0.0018  |       0.1560      0.1988
 191      0.1266        1.0000  |    0.4272/  0.4570/  0.4732            0.4732           0.2242     0.0004  |       0.1552      0.1988
 192      0.1265        1.0000  |    0.4174/  0.4606/  0.4752            0.4752           0.2245     0.0022  |       0.1553      0.1988
 193      0.1265        1.0000  |    0.4205/  0.4561/  0.4692            0.4692           0.2242     0.0042  |       0.1555      0.1988
 194      0.1265        1.0000  |    0.4203/  0.4583/  0.4729            0.4729           0.2242     0.0050  |       0.1532      0.1988
 195      0.1265        1.0000  |    0.4218/  0.4591/  0.4761            0.4761           0.2242     0.0039  |       0.1529      0.1988
 196      0.1265        1.0000  |    0.4152/  0.4502/  0.4692            0.4692           0.2245     0.0035  |       0.1552      0.1988
 197      0.1265        1.0000  |    0.3945/  0.4575/  0.4746            0.4746           0.2242     0.0042  |       0.1552      0.1988
 198      0.1265        1.0000  |    0.4193/  0.4562/  0.4741            0.4741           0.2242     0.0054  |       0.1578      0.1988
 199      0.1265        1.0000  |    0.4332/  0.4560/  0.4723            0.4723           0.2242     0.0035  |       0.1600      0.1988
 200      0.1265        1.0000  |    0.4192/  0.4588/  0.4736            0.4736           0.2245     0.0027  |       0.1593      0.1988
 201      0.1265        1.0000  |    0.4062/  0.4496/  0.4640            0.4640           0.2242     0.0013  |       0.1610      0.1988
 202      0.1265        1.0000  |    0.4058/  0.4553/  0.4718            0.4718           0.2242     0.0014  |       0.1605      0.1988
 203      0.1265        1.0000  |    0.4171/  0.4600/  0.4761            0.4761           0.2242     0.0018  |       0.1605      0.1988
 204      0.1265        1.0000  |    0.4066/  0.4554/  0.4764            0.4764           0.2245     0.0009  |       0.1617      0.1988
 205      0.1265        1.0000  |    0.3968/  0.4565/  0.4703            0.4703           0.2242     0.0031  |       0.1623      0.1988
 206      0.1265        1.0000  |    0.4029/  0.4611/  0.4768            0.4768           0.2242     0.0015  |       0.1636      0.1988
 207      0.1265        1.0000  |    0.4273/  0.4561/  0.4697            0.4697           0.2242     0.0036  |       0.1639      0.1988
 208      0.1265        1.0000  |    0.4266/  0.4550/  0.4712            0.4712           0.2245     0.0015  |       0.1658      0.1988
 209      0.1265        1.0000  |    0.4176/  0.4531/  0.4675            0.4675           0.2242     0.0025  |       0.1664      0.1988
 210      0.1265        1.0000  |    0.4114/  0.4587/  0.4822            0.4822           0.2242     0.0042  |       0.1658      0.1988
 211      0.1265        1.0000  |    0.3862/  0.4581/  0.4734            0.4734           0.2245     0.0025  |       0.1669      0.1988
 212      0.1265        1.0000  |    0.3943/  0.4526/  0.4684            0.4684           0.2242     0.0023  |       0.1656      0.1988
 213      0.1265        1.0000  |    0.4182/  0.4536/  0.4701            0.4701           0.2243     0.0017  |       0.1657      0.1988
 214      0.1265        1.0000  |    0.4212/  0.4560/  0.4706            0.4706           0.2243     0.0065  |       0.1665      0.1988
 215      0.1265        1.0000  |    0.4210/  0.4642/  0.4791            0.4791           0.2245     0.0036  |       0.1673      0.1988
 216      0.1265        1.0000  |    0.4210/  0.4610/  0.4764            0.4764           0.2243     0.0033  |       0.1674      0.1988
 217      0.1265        1.0000  |    0.4196/  0.4583/  0.4747            0.4747           0.2243     0.0035  |       0.1677      0.1988
 218      0.1265        1.0000  |    0.4094/  0.4538/  0.4707            0.4707           0.2245     0.0025  |       0.1666      0.1988
 219      0.1265        1.0000  |    0.4241/  0.4595/  0.4766            0.4766           0.2243     0.0029  |       0.1675      0.1988
 220      0.1265        1.0000  |    0.4233/  0.4506/  0.4659            0.4659           0.2243     0.0009  |       0.1665      0.1988
 221      0.1265        1.0000  |    0.4046/  0.4529/  0.4690            0.4690           0.2243     0.0021  |       0.1670      0.1988
 222      0.1265        1.0000  |    0.4145/  0.4521/  0.4686            0.4686           0.2245     0.0050  |       0.1675      0.1988
 223      0.1265        1.0000  |    0.4165/  0.4582/  0.4732            0.4732           0.2243     0.0024  |       0.1695      0.1988
 224      0.1265        1.0000  |    0.4319/  0.4601/  0.4734            0.4734           0.2243     0.0051  |       0.1698      0.1988
 225      0.1265        1.0000  |    0.4100/  0.4572/  0.4742            0.4742           0.2245     0.0046  |       0.1656      0.1988
 226      0.1265        1.0000  |    0.4196/  0.4557/  0.4701            0.4701           0.2243     0.0063  |       0.1661      0.1988
 227      0.1265        1.0000  |    0.4292/  0.4583/  0.4740            0.4740           0.2243     0.0025  |       0.1678      0.1988
 228      0.1265        1.0000  |    0.4241/  0.4577/  0.4721            0.4721           0.2243     0.0031  |       0.1663      0.1988
 229      0.1265        1.0000  |    0.4288/  0.4608/  0.4779            0.4779           0.2245     0.0020  |       0.1642      0.1988
 230      0.1265        1.0000  |    0.4254/  0.4554/  0.4721            0.4721           0.2243     0.0018  |       0.1653      0.1988
 231      0.1265        1.0000  |    0.4216/  0.4534/  0.4723            0.4723           0.2241     0.0009  |       0.1662      0.1988
 232      0.1265        1.0000  |    0.3903/  0.4603/  0.4777            0.4777           0.2243     0.0040  |       0.1663      0.1988
 233      0.1265        1.0000  |    0.4250/  0.4568/  0.4714            0.4714           0.2243     0.0015  |       0.1686      0.1988
 234      0.1264        1.0000  |    0.4311/  0.4558/  0.4731            0.4731           0.2241     0.0050  |       0.1694      0.1988
 235      0.1264        1.0000  |    0.4192/  0.4551/  0.4713            0.4713           0.2241     0.0019  |       0.1692      0.1988
 236      0.1263        1.0000  |    0.4344/  0.4566/  0.4702            0.4702           0.2244     0.0027  |       0.1696      0.1988
 237      0.1264        1.0000  |    0.4165/  0.4506/  0.4675            0.4675           0.2241     0.0016  |       0.1704      0.1988
 238      0.1264        1.0000  |    0.4331/  0.4568/  0.4726            0.4726           0.2241     0.0048  |       0.1708      0.1988
 239      0.1263        1.0000  |    0.4224/  0.4556/  0.4707            0.4707           0.2244     0.0025  |       0.1741      0.1988
 240      0.1263        1.0000  |    0.4134/  0.4590/  0.4768            0.4768           0.2244     0.0024  |       0.1756      0.1988
 241      0.1264        1.0000  |    0.4163/  0.4580/  0.4741            0.4741           0.2241     0.0025  |       0.1748      0.1988
 242      0.1264        1.0000  |    0.3974/  0.4592/  0.4765            0.4765           0.2241     0.0023  |       0.1746      0.1988
 243      0.1263        1.0000  |    0.4174/  0.4608/  0.4772            0.4772           0.2244     0.0026  |       0.1752      0.1988
 244      0.1264        1.0000  |    0.4130/  0.4570/  0.4718            0.4718           0.2241     0.0033  |       0.1754      0.1988
 245      0.1264        1.0000  |    0.4178/  0.4553/  0.4710            0.4710           0.2241     0.0026  |       0.1735      0.1988
 246      0.1263        1.0000  |    0.4246/  0.4573/  0.4738            0.4738           0.2244     0.0014  |       0.1751      0.1988
 247      0.1264        1.0000  |    0.4092/  0.4557/  0.4683            0.4683           0.2241     0.0035  |       0.1739      0.1988
 248      0.1264        1.0000  |    0.4247/  0.4531/  0.4687            0.4687           0.2241     0.0021  |       0.1710      0.1988
 249      0.1264        1.0000  |    0.4303/  0.4590/  0.4745            0.4745           0.2241     0.0070  |       0.1712      0.1988
 250      0.1297        0.9989  |    0.4290/  0.4606/  0.4775            0.4775           0.2176     0.0024  |       0.1756      0.1988
 251      0.1297        1.0000  |    0.4137/  0.4577/  0.4747            0.4747           0.2173     0.0051  |       0.1766      0.1988
 252      0.1297        1.0000  |    0.4132/  0.4523/  0.4664            0.4664           0.2173     0.0032  |       0.1759      0.1988
 253      0.1297        1.0000  |    0.4024/  0.4593/  0.4765            0.4765           0.2176     0.0019  |       0.1729      0.1988
 254      0.1297        1.0000  |    0.4281/  0.4658/  0.4804            0.4804           0.2173     0.0043  |       0.1735      0.1988
 255      0.1297        1.0000  |    0.4220/  0.4551/  0.4708            0.4708           0.2173     0.0023  |       0.1734      0.1988
 256      0.1297        1.0000  |    0.4306/  0.4594/  0.4774            0.4774           0.2173     0.0051  |       0.1728      0.1988
 257      0.1297        1.0000  |    0.4194/  0.4618/  0.4790            0.4790           0.2176     0.0040  |       0.1730      0.1988
 258      0.1297        1.0000  |    0.4142/  0.4576/  0.4744            0.4744           0.2173     0.0029  |       0.1738      0.1988
 259      0.1297        1.0000  |    0.3919/  0.4558/  0.4751            0.4751           0.2173     0.0022  |       0.1736      0.1988
 260      0.1297        1.0000  |    0.4136/  0.4699/  0.4817            0.4817           0.2176     0.0016  |       0.1724      0.1988
 261      0.1297        1.0000  |    0.4201/  0.4548/  0.4708            0.4708           0.2173     0.0059  |       0.1732      0.1988
 262      0.1297        1.0000  |    0.4331/  0.4582/  0.4762            0.4762           0.2173     0.0025  |       0.1728      0.1988
 263      0.1297        1.0000  |    0.4027/  0.4564/  0.4727            0.4727           0.2176     0.0039  |       0.1735      0.1988
 264      0.1297        1.0000  |    0.4250/  0.4539/  0.4693            0.4693           0.2176     0.0022  |       0.1765      0.1988
 265      0.1297        1.0000  |    0.4009/  0.4567/  0.4764            0.4764           0.2173     0.0022  |       0.1774      0.1988
 266      0.1297        1.0000  |    0.4169/  0.4599/  0.4755            0.4755           0.2173     0.0022  |       0.1779      0.1988
 267      0.1297        1.0000  |    0.4247/  0.4678/  0.4825            0.4825           0.2175     0.0020  |       0.1762      0.1988
 268      0.1297        1.0000  |    0.4169/  0.4580/  0.4735            0.4735           0.2172     0.0032  |       0.1774      0.1988
 269      0.1297        1.0000  |    0.4250/  0.4579/  0.4729            0.4729           0.2172     0.0014  |       0.1787      0.1988
 270      0.1297        1.0000  |    0.4274/  0.4562/  0.4722            0.4722           0.2175     0.0026  |       0.1789      0.1988
 271      0.1297        1.0000  |    0.4263/  0.4568/  0.4733            0.4733           0.2175     0.0024  |       0.1808      0.1988
 272      0.1297        1.0000  |    0.4083/  0.4551/  0.4717            0.4717           0.2172     0.0039  |       0.1808      0.1988
 273      0.1297        1.0000  |    0.4006/  0.4561/  0.4716            0.4716           0.2172     0.0015  |       0.1842      0.1988
 274      0.1297        1.0000  |    0.3728/  0.4524/  0.4696            0.4696           0.2175     0.0039  |       0.1857      0.1988
 275      0.1297        1.0000  |    0.4170/  0.4544/  0.4687            0.4687           0.2172     0.0014  |       0.1861      0.1988
 276      0.1297        1.0000  |    0.4131/  0.4605/  0.4772            0.4772           0.2172     0.0012  |       0.1851      0.1988
 277      0.1297        1.0000  |    0.4235/  0.4587/  0.4725            0.4725           0.2175     0.0043  |       0.1857      0.1988
 278      0.1297        1.0000  |    0.4343/  0.4673/  0.4814            0.4814           0.2175     0.0019  |       0.1857      0.1988
 279      0.1297        1.0000  |    0.4280/  0.4549/  0.4683            0.4683           0.2172     0.0034  |       0.1840      0.1988
 280      0.1297        1.0000  |    0.4128/  0.4550/  0.4719            0.4719           0.2172     0.0045  |       0.1839      0.1988
 281      0.1297        1.0000  |    0.4174/  0.4617/  0.4787            0.4787           0.2175     0.0016  |       0.1860      0.1988
 282      0.1297        1.0000  |    0.4090/  0.4617/  0.4768            0.4768           0.2172     0.0023  |       0.1871      0.1988
 283      0.1297        1.0000  |    0.4032/  0.4505/  0.4691            0.4691           0.2172     0.0011  |       0.1858      0.1988
 284      0.1297        1.0000  |    0.4249/  0.4600/  0.4804            0.4804           0.2175     0.0016  |       0.1858      0.1988
 285      0.1297        1.0000  |    0.4053/  0.4580/  0.4726            0.4726           0.2172     0.0030  |       0.1847      0.1988
 286      0.1297        1.0000  |    0.3886/  0.4627/  0.4796            0.4796           0.2172     0.0020  |       0.1853      0.1988
 287      0.1297        1.0000  |    0.4244/  0.4587/  0.4732            0.4732           0.2175     0.0031  |       0.1864      0.1988
 288      0.1297        1.0000  |    0.4070/  0.4600/  0.4794            0.4794           0.2175     0.0017  |       0.1855      0.1988
 289      0.1297        1.0000  |    0.4039/  0.4574/  0.4710            0.4710           0.2172     0.0010  |       0.1846      0.1988
 290      0.1297        1.0000  |    0.4324/  0.4616/  0.4797            0.4797           0.2172     0.0022  |       0.1839      0.1988
 291      0.1297        1.0000  |    0.4199/  0.4585/  0.4735            0.4735           0.2175     0.0004  |       0.1848      0.1988
 292      0.1297        1.0000  |    0.4226/  0.4581/  0.4791            0.4791           0.2172     0.0054  |       0.1850      0.1988
 293      0.1297        1.0000  |    0.4099/  0.4523/  0.4708            0.4708           0.2172     0.0030  |       0.1865      0.1988
 294      0.1297        1.0000  |    0.4231/  0.4564/  0.4719            0.4719           0.2175     0.0002  |       0.1848      0.1988
 295      0.1297        1.0000  |    0.4287/  0.4551/  0.4724            0.4724           0.2175     0.0026  |       0.1845      0.1988
 296      0.1297        1.0000  |    0.4132/  0.4637/  0.4815            0.4815           0.2172     0.0019  |       0.1833      0.1988
 297      0.1297        1.0000  |    0.3877/  0.4542/  0.4716            0.4716           0.2173     0.0023  |       0.1831      0.1988
 298      0.1297        1.0000  |    0.4105/  0.4566/  0.4721            0.4721           0.2176     0.0019  |       0.1823      0.1988
 299      0.1297        1.0000  |    0.4107/  0.4653/  0.4813            0.4813           0.2173     0.0011  |       0.1822      0.1988
IMAGEIO FFMPEG_WRITER WARNING: input image is not divisible by macro_block_size=16, resizing from (320, 180) to (320, 192) to ensure video compatibility with most codecs and players. To prevent resizing, make your input image divisible by the macro_block_size or set the macro_block_size to 1 (risking incompatibility).

Saved 300 frames -> /home/ashwink/Documents/swms/SWM_copy/rollouts_5_per/expert-only/epoch2/epoch2_rollout2_failure.mp4
min dist(green_cube,blue_moon) over episode = 0.1988  ->  FAILURE
Full log written to /home/ashwink/Documents/swms/SWM_copy/rollouts_5_per/expert-only/epoch2/epoch2_rollout2_20260723_120658.log
Result json -> /home/ashwink/Documents/swms/SWM_copy/rollouts_5_per/expert-only/epoch2/epoch2_rollout2_result.json
