Checkpoint dir epoch: 2  Rollout: 3
Logging to /home/ashwink/Documents/swms/SWM_copy/rollouts_5_per/expert-only/epoch2/epoch2_rollout3_20260723_120834.log
Goal (fixed, steps 0-299): the green cube is touching the blue moon. the peg is touching the green cube.

Checkpoint: /home/ashwink/Documents/swms/SWM_copy/training/checkpoints_clip_full_finetuned_wider_hl/epoch_002.pt
  epoch=2  step=2574

Loading CLIP ViT-L/14 (datacomp_xl_s13b_b90k) + fine-tuned clip_state_dict ...
Parsing model identifier. Schema: None, Identifier: ViT-L-14
Loaded built-in ViT-L-14 model config.
Instantiating model architecture: CLIP
Loading full pretrained weights from: /home/ashwink/.cache/huggingface/hub/models--laion--CLIP-ViT-L-14-DataComp.XL-s13B-b90K/snapshots/84c9828e63dc9a9351d1fe637c346d4c1c4db341/open_clip_pytorch_model.bin
Final image preprocessing configuration set: {'size': (224, 224), 'mode': 'RGB', 'mean': (0.48145466, 0.4578275, 0.40821073), 'std': (0.26862954, 0.26130258, 0.27577711), 'interpolation': 'bicubic', 'resize_mode': 'shortest', 'fill_color': 0}
Model ViT-L-14 creation process complete.
Parsing tokenizer identifier. Schema: None, Identifier: ViT-L-14
Attempting to load config from built-in: ViT-L-14
Using default SimpleTokenizer.
z_star shape: torch.Size([768])

Loading action stats from /home/ashwink/full_data_5000/langtable/demos/ ...
  lo=[-0.03372681140899658, -0.03493623435497284]  hi=[0.03496786952018738, 0.03494429588317871]

Initializing LangTable env ...
Loading URDF plane.urdf
Loading URDF /home/ashwink/Documents/swms/.venv/lib/python3.10/site-packages/language_table/environments/utils/../../../language_table/environments/assets/workspace_real.urdf
Loading URDF xarm/xarm6_robot_white.urdf
Loading URDF /home/ashwink/Documents/swms/.venv/lib/python3.10/site-packages/language_table/environments/utils/../../../language_table/environments/assets/suction/cylinder_real.urdf
Loading URDF /home/ashwink/Documents/swms/.venv/lib/python3.10/site-packages/language_table/environments/utils/../../../language_table/environments/assets/blocks/red_moon.urdf
Loading URDF /home/ashwink/Documents/swms/.venv/lib/python3.10/site-packages/language_table/environments/utils/../../../language_table/environments/assets/blocks/red_cube.urdf
Loading URDF /home/ashwink/Documents/swms/.venv/lib/python3.10/site-packages/language_table/environments/utils/../../../language_table/environments/assets/blocks/red_star.urdf
Loading URDF /home/ashwink/Documents/swms/.venv/lib/python3.10/site-packages/language_table/environments/utils/../../../language_table/environments/assets/blocks/red_pentagon.urdf
Loading URDF /home/ashwink/Documents/swms/.venv/lib/python3.10/site-packages/language_table/environments/utils/../../../language_table/environments/assets/blocks/blue_moon.urdf
Loading URDF /home/ashwink/Documents/swms/.venv/lib/python3.10/site-packages/language_table/environments/utils/../../../language_table/environments/assets/blocks/blue_cube.urdf
Loading URDF /home/ashwink/Documents/swms/.venv/lib/python3.10/site-packages/language_table/environments/utils/../../../language_table/environments/assets/blocks/blue_star.urdf
Loading URDF /home/ashwink/Documents/swms/.venv/lib/python3.10/site-packages/language_table/environments/utils/../../../language_table/environments/assets/blocks/blue_pentagon.urdf
Loading URDF /home/ashwink/Documents/swms/.venv/lib/python3.10/site-packages/language_table/environments/utils/../../../language_table/environments/assets/blocks/yellow_moon.urdf
Loading URDF /home/ashwink/Documents/swms/.venv/lib/python3.10/site-packages/language_table/environments/utils/../../../language_table/environments/assets/blocks/yellow_cube.urdf
Loading URDF /home/ashwink/Documents/swms/.venv/lib/python3.10/site-packages/language_table/environments/utils/../../../language_table/environments/assets/blocks/yellow_star.urdf
Loading URDF /home/ashwink/Documents/swms/.venv/lib/python3.10/site-packages/language_table/environments/utils/../../../language_table/environments/assets/blocks/yellow_pentagon.urdf
Loading URDF /home/ashwink/Documents/swms/.venv/lib/python3.10/site-packages/language_table/environments/utils/../../../language_table/environments/assets/blocks/green_moon.urdf
Loading URDF /home/ashwink/Documents/swms/.venv/lib/python3.10/site-packages/language_table/environments/utils/../../../language_table/environments/assets/blocks/green_cube.urdf
Loading URDF /home/ashwink/Documents/swms/.venv/lib/python3.10/site-packages/language_table/environments/utils/../../../language_table/environments/assets/blocks/green_star.urdf
Loading URDF /home/ashwink/Documents/swms/.venv/lib/python3.10/site-packages/language_table/environments/utils/../../../language_table/environments/assets/blocks/green_pentagon.urdf
Loading URDF /home/ashwink/Documents/swms/.venv/lib/python3.10/site-packages/language_table/environments/utils/../../../language_table/environments/assets/blocks/purple_moon.urdf
Loading URDF /home/ashwink/Documents/swms/.venv/lib/python3.10/site-packages/language_table/environments/utils/../../../language_table/environments/assets/blocks/purple_cube.urdf
Loading URDF /home/ashwink/Documents/swms/.venv/lib/python3.10/site-packages/language_table/environments/utils/../../../language_table/environments/assets/blocks/purple_star.urdf
Loading URDF /home/ashwink/Documents/swms/.venv/lib/python3.10/site-packages/language_table/environments/utils/../../../language_table/environments/assets/blocks/purple_pentagon.urdf
Env ready.

Forced peg start: [0.42843915 0.24419614]  (green_cube=[0.40339102 0.18967466], blue_moon=[0.32039625 0.00902261])
  dist(peg,green_cube)=0.0600  dist(peg,blue_moon)=0.2588  dist(green_cube,blue_moon)=0.1988

step  cos(zt,z*)  cos(zt,zt-1)  |   cos(predK,z*) min/mean/max  cos(pred_sel,z*)   cos(zpred0,z*)  ||a_raw||  |  dist(peg,A)   dist(A,B)
-------------------------------------------------------------------------------------------------------------------------------------------------------------------------------
   0      0.1572           nan  |    0.5024/  0.5955/  0.6084            0.6084           0.4283     0.0073  |       0.0587      0.1988
   1      0.1554        0.9975  |    0.5127/  0.5369/  0.5533            0.5533           0.4192     0.0043  |       0.0610      0.1988
   2      0.1577        0.9981  |    0.4773/  0.5506/  0.5663            0.5663           0.4188     0.0094  |       0.0614      0.1988
   3      0.1607        0.9966  |    0.4769/  0.5546/  0.5688            0.5688           0.4194     0.0028  |       0.0642      0.1988
   4      0.1575        0.9982  |    0.5290/  0.5635/  0.5798            0.5798           0.4277     0.0031  |       0.0622      0.1988
   5      0.1578        0.9985  |    0.4948/  0.5520/  0.5710            0.5710           0.4251     0.0057  |       0.0618      0.1988
   6      0.1546        0.9946  |    0.5006/  0.5494/  0.5645            0.5645           0.4106     0.0058  |       0.0650      0.1988
   7      0.1509        0.9959  |    0.5036/  0.5350/  0.5496            0.5496           0.3901     0.0036  |       0.0704      0.1988
   8      0.1500        0.9954  |    0.5180/  0.5453/  0.5596            0.5596           0.4009     0.0051  |       0.0680      0.1988
   9      0.1517        0.9969  |    0.5103/  0.5408/  0.5550            0.5550           0.3890     0.0064  |       0.0718      0.1988
  10      0.1437        0.9950  |    0.4738/  0.5145/  0.5299            0.5299           0.3574     0.0035  |       0.0724      0.1988
  11      0.1421        0.9958  |    0.4686/  0.5125/  0.5271            0.5271           0.3474     0.0059  |       0.0755      0.1988
  12      0.1403        0.9971  |    0.4958/  0.5253/  0.5404            0.5404           0.3478     0.0032  |       0.0812      0.1988
  13      0.1408        0.9950  |    0.4848/  0.5323/  0.5482            0.5482           0.3661     0.0025  |       0.0838      0.1988
  14      0.1419        0.9975  |    0.4871/  0.5263/  0.5410            0.5410           0.3481     0.0031  |       0.0850      0.1988
  15      0.1393        0.9990  |    0.4877/  0.5320/  0.5473            0.5473           0.3480     0.0021  |       0.0859      0.1988
  16      0.1378        0.9993  |    0.4787/  0.5284/  0.5439            0.5439           0.3447     0.0023  |       0.0868      0.1988
  17      0.1371        0.9975  |    0.4743/  0.5096/  0.5241            0.5241           0.3305     0.0021  |       0.0889      0.1988
  18      0.1309        0.9975  |    0.4492/  0.4895/  0.5064            0.5064           0.2872     0.0047  |       0.0908      0.1988
  19      0.1260        0.9994  |    0.4551/  0.4816/  0.4985            0.4985           0.2700     0.0008  |       0.0926      0.1988
  20      0.1260        1.0000  |    0.4476/  0.4841/  0.4984            0.4984           0.2700     0.0018  |       0.0923      0.1988
  21      0.1260        1.0000  |    0.4429/  0.4917/  0.5068            0.5068           0.2700     0.0043  |       0.0924      0.1988
  22      0.1265        0.9981  |    0.4225/  0.4555/  0.4749            0.4749           0.2230     0.0025  |       0.0958      0.1988
  23      0.1265        1.0000  |    0.4226/  0.4620/  0.4769            0.4769           0.2230     0.0031  |       0.0956      0.1988
  24      0.1263        1.0000  |    0.4293/  0.4540/  0.4704            0.4704           0.2219     0.0030  |       0.0982      0.1988
  25      0.1266        1.0000  |    0.4331/  0.4605/  0.4792            0.4792           0.2236     0.0022  |       0.1011      0.1988
  26      0.1266        1.0000  |    0.4116/  0.4552/  0.4730            0.4730           0.2232     0.0015  |       0.1030      0.1988
  27      0.1265        1.0000  |    0.4042/  0.4518/  0.4695            0.4695           0.2230     0.0027  |       0.1045      0.1988
  28      0.1265        1.0000  |    0.4284/  0.4576/  0.4725            0.4725           0.2230     0.0029  |       0.1058      0.1988
  29      0.1262        1.0000  |    0.4273/  0.4549/  0.4696            0.4696           0.2217     0.0043  |       0.1075      0.1988
  30      0.1266        1.0000  |    0.4293/  0.4558/  0.4710            0.4710           0.2236     0.0016  |       0.1114      0.1988
  31      0.1265        1.0000  |    0.4168/  0.4513/  0.4679            0.4679           0.2230     0.0028  |       0.1130      0.1988
  32      0.1266        1.0000  |    0.4160/  0.4560/  0.4762            0.4762           0.2230     0.0028  |       0.1125      0.1988
  33      0.1266        1.0000  |    0.4036/  0.4548/  0.4720            0.4720           0.2230     0.0043  |       0.1130      0.1988
  34      0.1266        1.0000  |    0.4180/  0.4560/  0.4720            0.4720           0.2230     0.0032  |       0.1168      0.1988
  35      0.1266        1.0000  |    0.4193/  0.4625/  0.4788            0.4788           0.2230     0.0046  |       0.1175      0.1988
  36      0.1265        1.0000  |    0.4265/  0.4627/  0.4811            0.4811           0.2230     0.0048  |       0.1183      0.1988
  37      0.1265        1.0000  |    0.3999/  0.4663/  0.4815            0.4815           0.2230     0.0048  |       0.1182      0.1988
  38      0.1265        1.0000  |    0.4088/  0.4480/  0.4654            0.4654           0.2230     0.0056  |       0.1191      0.1988
  39      0.1265        1.0000  |    0.4173/  0.4556/  0.4697            0.4697           0.2230     0.0053  |       0.1198      0.1988
  40      0.1265        1.0000  |    0.3862/  0.4564/  0.4746            0.4746           0.2230     0.0022  |       0.1211      0.1988
  41      0.1265        1.0000  |    0.4169/  0.4570/  0.4754            0.4754           0.2230     0.0024  |       0.1218      0.1988
  42      0.1265        1.0000  |    0.4270/  0.4546/  0.4698            0.4698           0.2230     0.0011  |       0.1226      0.1988
  43      0.1265        1.0000  |    0.3680/  0.4539/  0.4730            0.4730           0.2230     0.0020  |       0.1230      0.1988
  44      0.1265        1.0000  |    0.4220/  0.4536/  0.4703            0.4703           0.2230     0.0012  |       0.1228      0.1988
  45      0.1265        1.0000  |    0.4207/  0.4564/  0.4740            0.4740           0.2230     0.0011  |       0.1232      0.1988
  46      0.1265        1.0000  |    0.4120/  0.4553/  0.4723            0.4723           0.2230     0.0026  |       0.1232      0.1988
  47      0.1265        1.0000  |    0.4237/  0.4563/  0.4713            0.4713           0.2230     0.0054  |       0.1235      0.1988
  48      0.1265        1.0000  |    0.4135/  0.4462/  0.4645            0.4645           0.2230     0.0055  |       0.1245      0.1988
  49      0.1265        1.0000  |    0.4158/  0.4570/  0.4721            0.4721           0.2230     0.0032  |       0.1258      0.1988
  50      0.1265        1.0000  |    0.4335/  0.4579/  0.4721            0.4721           0.2230     0.0048  |       0.1265      0.1988
  51      0.1265        1.0000  |    0.4267/  0.4546/  0.4741            0.4741           0.2230     0.0057  |       0.1283      0.1988
  52      0.1265        1.0000  |    0.4194/  0.4567/  0.4731            0.4731           0.2230     0.0015  |       0.1292      0.1988
  53      0.1265        1.0000  |    0.4096/  0.4498/  0.4654            0.4654           0.2230     0.0025  |       0.1285      0.1988
  54      0.1265        1.0000  |    0.4050/  0.4521/  0.4682            0.4682           0.2230     0.0007  |       0.1287      0.1988
  55      0.1265        1.0000  |    0.4195/  0.4521/  0.4681            0.4681           0.2230     0.0060  |       0.1288      0.1988
  56      0.1265        1.0000  |    0.4086/  0.4577/  0.4749            0.4749           0.2230     0.0048  |       0.1303      0.1988
  57      0.1265        1.0000  |    0.3947/  0.4516/  0.4709            0.4709           0.2230     0.0026  |       0.1304      0.1988
  58      0.1265        1.0000  |    0.4267/  0.4542/  0.4746            0.4746           0.2230     0.0023  |       0.1284      0.1988
  59      0.1265        1.0000  |    0.4286/  0.4583/  0.4737            0.4737           0.2230     0.0013  |       0.1301      0.1988
  60      0.1265        1.0000  |    0.4230/  0.4590/  0.4745            0.4745           0.2230     0.0013  |       0.1308      0.1988
  61      0.1265        1.0000  |    0.4191/  0.4555/  0.4696            0.4696           0.2230     0.0021  |       0.1312      0.1988
  62      0.1265        1.0000  |    0.4335/  0.4597/  0.4778            0.4778           0.2230     0.0046  |       0.1309      0.1988
  63      0.1265        1.0000  |    0.4237/  0.4621/  0.4790            0.4790           0.2239     0.0056  |       0.1290      0.1988
  64      0.1265        1.0000  |    0.4222/  0.4529/  0.4678            0.4678           0.2239     0.0030  |       0.1313      0.1988
  65      0.1265        1.0000  |    0.3676/  0.4571/  0.4727            0.4727           0.2239     0.0015  |       0.1327      0.1988
  66      0.1265        1.0000  |    0.4049/  0.4621/  0.4802            0.4802           0.2239     0.0043  |       0.1333      0.1988
  67      0.1265        1.0000  |    0.4273/  0.4573/  0.4726            0.4726           0.2239     0.0034  |       0.1333      0.1988
  68      0.1265        1.0000  |    0.4121/  0.4366/  0.4590            0.4590           0.2239     0.0008  |       0.1354      0.1988
  69      0.1265        1.0000  |    0.4324/  0.4572/  0.4726            0.4726           0.2242     0.0041  |       0.1360      0.1988
  70      0.1265        1.0000  |    0.4225/  0.4548/  0.4728            0.4728           0.2242     0.0008  |       0.1381      0.1988
  71      0.1265        1.0000  |    0.4010/  0.4507/  0.4672            0.4672           0.2242     0.0030  |       0.1379      0.1988
  72      0.1265        1.0000  |    0.4239/  0.4573/  0.4746            0.4746           0.2242     0.0008  |       0.1384      0.1988
  73      0.1265        1.0000  |    0.4048/  0.4527/  0.4663            0.4663           0.2242     0.0031  |       0.1386      0.1988
  74      0.1265        1.0000  |    0.4159/  0.4549/  0.4692            0.4692           0.2242     0.0027  |       0.1400      0.1988
  75      0.1265        1.0000  |    0.4248/  0.4576/  0.4786            0.4786           0.2242     0.0029  |       0.1410      0.1988
  76      0.1265        1.0000  |    0.4104/  0.4549/  0.4710            0.4710           0.2242     0.0030  |       0.1387      0.1988
  77      0.1265        1.0000  |    0.4094/  0.4530/  0.4685            0.4685           0.2242     0.0023  |       0.1396      0.1988
  78      0.1265        1.0000  |    0.4055/  0.4482/  0.4680            0.4680           0.2242     0.0012  |       0.1403      0.1988
  79      0.1265        1.0000  |    0.4127/  0.4568/  0.4743            0.4743           0.2242     0.0015  |       0.1406      0.1988
  80      0.1265        1.0000  |    0.4138/  0.4596/  0.4750            0.4750           0.2242     0.0044  |       0.1404      0.1988
  81      0.1265        1.0000  |    0.4138/  0.4515/  0.4680            0.4680           0.2242     0.0024  |       0.1399      0.1988
  82      0.1265        1.0000  |    0.4077/  0.4589/  0.4730            0.4730           0.2242     0.0032  |       0.1406      0.1988
  83      0.1265        1.0000  |    0.4130/  0.4542/  0.4680            0.4680           0.2242     0.0020  |       0.1428      0.1988
  84      0.1265        1.0000  |    0.4113/  0.4630/  0.4782            0.4782           0.2242     0.0042  |       0.1441      0.1988
  85      0.1265        1.0000  |    0.3940/  0.4483/  0.4644            0.4644           0.2242     0.0091  |       0.1465      0.1988
  86      0.1265        1.0000  |    0.4265/  0.4560/  0.4712            0.4712           0.2242     0.0017  |       0.1475      0.1988
  87      0.1265        1.0000  |    0.4222/  0.4521/  0.4694            0.4694           0.2242     0.0024  |       0.1478      0.1988
  88      0.1265        1.0000  |    0.4166/  0.4510/  0.4663            0.4663           0.2242     0.0014  |       0.1476      0.1988
  89      0.1265        1.0000  |    0.3934/  0.4604/  0.4770            0.4770           0.2242     0.0031  |       0.1484      0.1988
  90      0.1265        1.0000  |    0.4049/  0.4558/  0.4731            0.4731           0.2242     0.0033  |       0.1492      0.1988
  91      0.1265        1.0000  |    0.4127/  0.4586/  0.4756            0.4756           0.2242     0.0032  |       0.1498      0.1988
  92      0.1265        1.0000  |    0.4316/  0.4643/  0.4798            0.4798           0.2242     0.0011  |       0.1511      0.1988
  93      0.1265        1.0000  |    0.4182/  0.4572/  0.4730            0.4730           0.2242     0.0031  |       0.1505      0.1988
  94      0.1265        1.0000  |    0.4180/  0.4504/  0.4624            0.4624           0.2242     0.0066  |       0.1517      0.1988
  95      0.1265        1.0000  |    0.4256/  0.4519/  0.4692            0.4692           0.2242     0.0026  |       0.1554      0.1988
  96      0.1265        1.0000  |    0.3985/  0.4636/  0.4797            0.4797           0.2242     0.0028  |       0.1562      0.1988
  97      0.1265        1.0000  |    0.4113/  0.4563/  0.4721            0.4721           0.2242     0.0027  |       0.1557      0.1988
  98      0.1265        1.0000  |    0.4122/  0.4562/  0.4725            0.4725           0.2242     0.0043  |       0.1554      0.1988
  99      0.1265        1.0000  |    0.4194/  0.4547/  0.4717            0.4717           0.2242     0.0017  |       0.1545      0.1988
 100      0.1265        1.0000  |    0.3927/  0.4556/  0.4712            0.4712           0.2242     0.0052  |       0.1554      0.1988
 101      0.1265        1.0000  |    0.4111/  0.4582/  0.4754            0.4754           0.2242     0.0045  |       0.1587      0.1988
 102      0.1265        1.0000  |    0.4178/  0.4524/  0.4684            0.4684           0.2242     0.0017  |       0.1594      0.1988
 103      0.1265        1.0000  |    0.4162/  0.4516/  0.4676            0.4676           0.2242     0.0070  |       0.1604      0.1988
 104      0.1265        1.0000  |    0.4133/  0.4547/  0.4711            0.4711           0.2242     0.0042  |       0.1617      0.1988
 105      0.1265        1.0000  |    0.3825/  0.4565/  0.4713            0.4713           0.2242     0.0024  |       0.1629      0.1988
 106      0.1265        1.0000  |    0.4197/  0.4522/  0.4723            0.4723           0.2242     0.0051  |       0.1615      0.1988
 107      0.1265        1.0000  |    0.4161/  0.4585/  0.4745            0.4745           0.2242     0.0030  |       0.1613      0.1988
 108      0.1265        1.0000  |    0.4174/  0.4522/  0.4696            0.4696           0.2242     0.0022  |       0.1625      0.1988
 109      0.1265        1.0000  |    0.4158/  0.4510/  0.4689            0.4689           0.2242     0.0043  |       0.1626      0.1988
 110      0.1265        1.0000  |    0.4098/  0.4535/  0.4683            0.4683           0.2242     0.0016  |       0.1621      0.1988
 111      0.1265        1.0000  |    0.4131/  0.4525/  0.4700            0.4700           0.2242     0.0023  |       0.1630      0.1988
 112      0.1265        1.0000  |    0.4198/  0.4616/  0.4774            0.4774           0.2242     0.0063  |       0.1626      0.1988
 113      0.1265        1.0000  |    0.4104/  0.4557/  0.4721            0.4721           0.2242     0.0034  |       0.1628      0.1988
 114      0.1265        1.0000  |    0.4128/  0.4576/  0.4731            0.4731           0.2242     0.0025  |       0.1647      0.1988
 115      0.1265        1.0000  |    0.4134/  0.4589/  0.4711            0.4711           0.2242     0.0026  |       0.1654      0.1988
 116      0.1265        1.0000  |    0.4186/  0.4533/  0.4699            0.4699           0.2242     0.0044  |       0.1644      0.1988
 117      0.1265        1.0000  |    0.4062/  0.4533/  0.4723            0.4723           0.2242     0.0030  |       0.1634      0.1988
 118      0.1265        1.0000  |    0.4327/  0.4541/  0.4706            0.4706           0.2242     0.0021  |       0.1653      0.1988
 119      0.1265        1.0000  |    0.4158/  0.4563/  0.4723            0.4723           0.2242     0.0024  |       0.1653      0.1988
 120      0.1265        1.0000  |    0.4099/  0.4541/  0.4714            0.4714           0.2242     0.0028  |       0.1653      0.1988
 121      0.1265        1.0000  |    0.3981/  0.4586/  0.4761            0.4761           0.2242     0.0055  |       0.1663      0.1988
 122      0.1265        1.0000  |    0.4257/  0.4556/  0.4721            0.4721           0.2242     0.0038  |       0.1680      0.1988
 123      0.1265        1.0000  |    0.3946/  0.4563/  0.4747            0.4747           0.2242     0.0015  |       0.1699      0.1988
 124      0.1265        1.0000  |    0.4278/  0.4561/  0.4701            0.4701           0.2242     0.0016  |       0.1696      0.1988
 125      0.1265        1.0000  |    0.4199/  0.4532/  0.4684            0.4684           0.2242     0.0030  |       0.1693      0.1988
 126      0.1265        1.0000  |    0.4223/  0.4566/  0.4749            0.4749           0.2242     0.0040  |       0.1668      0.1988
 127      0.1265        1.0000  |    0.3887/  0.4555/  0.4712            0.4712           0.2243     0.0049  |       0.1699      0.1988
 128      0.1265        1.0000  |    0.4218/  0.4568/  0.4714            0.4714           0.2243     0.0018  |       0.1724      0.1988
 129      0.1265        1.0000  |    0.4285/  0.4537/  0.4712            0.4712           0.2243     0.0027  |       0.1729      0.1988
 130      0.1265        1.0000  |    0.4298/  0.4567/  0.4727            0.4727           0.2242     0.0052  |       0.1729      0.1988
 131      0.1265        1.0000  |    0.4129/  0.4500/  0.4680            0.4680           0.2243     0.0018  |       0.1757      0.1988
 132      0.1265        1.0000  |    0.4216/  0.4541/  0.4712            0.4712           0.2243     0.0042  |       0.1763      0.1988
 133      0.1265        1.0000  |    0.4124/  0.4558/  0.4719            0.4719           0.2243     0.0069  |       0.1735      0.1988
 134      0.1265        1.0000  |    0.4131/  0.4525/  0.4736            0.4736           0.2243     0.0046  |       0.1741      0.1988
 135      0.1265        1.0000  |    0.4112/  0.4574/  0.4736            0.4736           0.2243     0.0053  |       0.1770      0.1988
 136      0.1265        1.0000  |    0.4036/  0.4557/  0.4693            0.4693           0.2243     0.0012  |       0.1809      0.1988
 137      0.1265        1.0000  |    0.3928/  0.4579/  0.4722            0.4722           0.2243     0.0046  |       0.1821      0.1988
 138      0.1265        1.0000  |    0.3842/  0.4609/  0.4763            0.4763           0.2245     0.0017  |       0.1814      0.1988
 139      0.1265        1.0000  |    0.4233/  0.4588/  0.4730            0.4730           0.2245     0.0003  |       0.1814      0.1988
 140      0.1265        1.0000  |    0.3733/  0.4579/  0.4741            0.4741           0.2243     0.0049  |       0.1815      0.1988
 141      0.1265        1.0000  |    0.4353/  0.4558/  0.4713            0.4713           0.2243     0.0012  |       0.1807      0.1988
 142      0.1265        1.0000  |    0.3950/  0.4580/  0.4736            0.4736           0.2243     0.0027  |       0.1799      0.1988
 143      0.1265        1.0000  |    0.4292/  0.4566/  0.4710            0.4710           0.2243     0.0034  |       0.1775      0.1988
 144      0.1265        1.0000  |    0.3939/  0.4519/  0.4713            0.4713           0.2243     0.0013  |       0.1786      0.1988
 145      0.1265        1.0000  |    0.4153/  0.4582/  0.4727            0.4727           0.2243     0.0081  |       0.1788      0.1988
 146      0.1265        1.0000  |    0.4219/  0.4555/  0.4714            0.4714           0.2243     0.0026  |       0.1809      0.1988
 147      0.1265        1.0000  |    0.4191/  0.4500/  0.4680            0.4680           0.2243     0.0050  |       0.1804      0.1988
 148      0.1265        1.0000  |    0.4108/  0.4516/  0.4681            0.4681           0.2243     0.0006  |       0.1823      0.1988
 149      0.1265        1.0000  |    0.4270/  0.4586/  0.4735            0.4735           0.2243     0.0031  |       0.1820      0.1988
 150      0.1265        1.0000  |    0.4230/  0.4523/  0.4671            0.4671           0.2243     0.0031  |       0.1840      0.1988
 151      0.1265        1.0000  |    0.4139/  0.4525/  0.4683            0.4683           0.2243     0.0039  |       0.1831      0.1988
 152      0.1265        1.0000  |    0.3629/  0.4570/  0.4749            0.4749           0.2243     0.0046  |       0.1805      0.1988
 153      0.1265        1.0000  |    0.3945/  0.4610/  0.4788            0.4788           0.2245     0.0011  |       0.1820      0.1988
 154      0.1265        1.0000  |    0.4182/  0.4550/  0.4717            0.4717           0.2242     0.0018  |       0.1820      0.1988
 155      0.1265        1.0000  |    0.4210/  0.4609/  0.4759            0.4759           0.2240     0.0026  |       0.1835      0.1988
 156      0.1265        1.0000  |    0.4281/  0.4502/  0.4645            0.4645           0.2240     0.0053  |       0.1843      0.1988
 157      0.1265        1.0000  |    0.4029/  0.4543/  0.4693            0.4693           0.2240     0.0032  |       0.1811      0.1988
 158      0.1265        1.0000  |    0.4354/  0.4625/  0.4775            0.4775           0.2240     0.0025  |       0.1826      0.1988
 159      0.1265        1.0000  |    0.4104/  0.4544/  0.4714            0.4714           0.2240     0.0012  |       0.1845      0.1988
 160      0.1265        1.0000  |    0.4215/  0.4578/  0.4720            0.4720           0.2240     0.0060  |       0.1841      0.1988
 161      0.1265        1.0000  |    0.4074/  0.4622/  0.4779            0.4779           0.2240     0.0013  |       0.1881      0.1988
 162      0.1265        1.0000  |    0.4168/  0.4528/  0.4688            0.4688           0.2240     0.0072  |       0.1875      0.1988
 163      0.1265        1.0000  |    0.4131/  0.4538/  0.4719            0.4719           0.2240     0.0001  |       0.1887      0.1988
 164      0.1265        1.0000  |    0.3992/  0.4577/  0.4752            0.4752           0.2242     0.0035  |       0.1888      0.1988
 165      0.1265        1.0000  |    0.4246/  0.4600/  0.4757            0.4757           0.2242     0.0034  |       0.1911      0.1988
 166      0.1265        1.0000  |    0.4076/  0.4444/  0.4618            0.4618           0.2240     0.0021  |       0.1922      0.1988
 167      0.1265        1.0000  |    0.4140/  0.4622/  0.4804            0.4804           0.2240     0.0039  |       0.1932      0.1988
 168      0.1265        1.0000  |    0.4067/  0.4592/  0.4754            0.4754           0.2240     0.0044  |       0.1952      0.1988
 169      0.1265        1.0000  |    0.4295/  0.4515/  0.4695            0.4695           0.2240     0.0047  |       0.1920      0.1988
 170      0.1265        1.0000  |    0.4218/  0.4572/  0.4736            0.4736           0.2240     0.0014  |       0.1915      0.1988
 171      0.1265        1.0000  |    0.4210/  0.4552/  0.4718            0.4718           0.2240     0.0050  |       0.1913      0.1988
 172      0.1265        1.0000  |    0.4229/  0.4642/  0.4797            0.4797           0.2240     0.0030  |       0.1923      0.1988
 173      0.1265        1.0000  |    0.4236/  0.4573/  0.4741            0.4741           0.2242     0.0059  |       0.1924      0.1988
 174      0.1265        1.0000  |    0.3967/  0.4543/  0.4706            0.4706           0.2240     0.0054  |       0.1902      0.1988
 175      0.1265        1.0000  |    0.4230/  0.4620/  0.4801            0.4801           0.2240     0.0006  |       0.1897      0.1988
 176      0.1265        1.0000  |    0.4236/  0.4561/  0.4690            0.4690           0.2240     0.0045  |       0.1895      0.1988
 177      0.1265        1.0000  |    0.4018/  0.4540/  0.4675            0.4675           0.2240     0.0037  |       0.1919      0.1988
 178      0.1265        1.0000  |    0.4038/  0.4506/  0.4678            0.4678           0.2240     0.0036  |       0.1919      0.1988
 179      0.1265        1.0000  |    0.4130/  0.4578/  0.4731            0.4731           0.2242     0.0025  |       0.1910      0.1988
 180      0.1265        1.0000  |    0.4189/  0.4522/  0.4689            0.4689           0.2240     0.0008  |       0.1905      0.1988
 181      0.1265        1.0000  |    0.4064/  0.4528/  0.4683            0.4683           0.2240     0.0028  |       0.1906      0.1988
 182      0.1266        1.0000  |    0.4213/  0.4535/  0.4736            0.4736           0.2242     0.0050  |       0.1907      0.1988
 183      0.1265        1.0000  |    0.4022/  0.4591/  0.4772            0.4772           0.2240     0.0040  |       0.1940      0.1988
 184      0.1265        1.0000  |    0.4242/  0.4606/  0.4745            0.4745           0.2244     0.0019  |       0.1931      0.1988
 185      0.1266        1.0000  |    0.4210/  0.4603/  0.4733            0.4733           0.2242     0.0017  |       0.1932      0.1988
 186      0.1266        1.0000  |    0.4033/  0.4572/  0.4735            0.4735           0.2242     0.0026  |       0.1940      0.1988
 187      0.1266        1.0000  |    0.4126/  0.4576/  0.4764            0.4764           0.2242     0.0032  |       0.1926      0.1988
 188      0.1265        1.0000  |    0.4182/  0.4608/  0.4742            0.4742           0.2244     0.0052  |       0.1948      0.1988
 189      0.1266        1.0000  |    0.4167/  0.4552/  0.4696            0.4696           0.2242     0.0042  |       0.1948      0.1988
 190      0.1266        1.0000  |    0.4175/  0.4463/  0.4617            0.4617           0.2242     0.0014  |       0.1927      0.1988
 191      0.1266        1.0000  |    0.3986/  0.4604/  0.4767            0.4767           0.2242     0.0040  |       0.1929      0.1988
 192      0.1265        1.0000  |    0.4264/  0.4550/  0.4722            0.4722           0.2245     0.0012  |       0.1948      0.1988
 193      0.1265        1.0000  |    0.3914/  0.4611/  0.4765            0.4765           0.2242     0.0027  |       0.1938      0.1988
 194      0.1265        1.0000  |    0.4177/  0.4584/  0.4739            0.4739           0.2242     0.0052  |       0.1958      0.1988
 195      0.1265        1.0000  |    0.4046/  0.4561/  0.4766            0.4766           0.2242     0.0032  |       0.1971      0.1988
 196      0.1265        1.0000  |    0.4282/  0.4569/  0.4755            0.4755           0.2245     0.0022  |       0.1993      0.1988
 197      0.1265        1.0000  |    0.4090/  0.4593/  0.4747            0.4747           0.2242     0.0032  |       0.1998      0.1988
 198      0.1265        1.0000  |    0.4218/  0.4502/  0.4654            0.4654           0.2242     0.0029  |       0.2006      0.1988
 199      0.1265        1.0000  |    0.4016/  0.4569/  0.4694            0.4694           0.2242     0.0029  |       0.1998      0.1988
 200      0.1265        1.0000  |    0.4185/  0.4565/  0.4728            0.4728           0.2245     0.0033  |       0.2017      0.1988
 201      0.1265        1.0000  |    0.4235/  0.4566/  0.4736            0.4736           0.2242     0.0063  |       0.2036      0.1988
 202      0.1265        1.0000  |    0.3871/  0.4515/  0.4685            0.4685           0.2242     0.0021  |       0.2065      0.1988
 203      0.1265        1.0000  |    0.4214/  0.4573/  0.4733            0.4733           0.2242     0.0039  |       0.2083      0.1988
 204      0.1265        1.0000  |    0.4131/  0.4590/  0.4744            0.4744           0.2245     0.0032  |       0.2067      0.1988
 205      0.1265        1.0000  |    0.4190/  0.4507/  0.4684            0.4684           0.2242     0.0055  |       0.2079      0.1988
 206      0.1265        1.0000  |    0.4119/  0.4525/  0.4662            0.4662           0.2242     0.0021  |       0.2094      0.1988
 207      0.1265        1.0000  |    0.4146/  0.4587/  0.4741            0.4741           0.2242     0.0029  |       0.2093      0.1988
 208      0.1265        1.0000  |    0.4053/  0.4586/  0.4736            0.4736           0.2245     0.0046  |       0.2114      0.1988
 209      0.1265        1.0000  |    0.4134/  0.4599/  0.4745            0.4745           0.2242     0.0047  |       0.2076      0.1988
 210      0.1265        1.0000  |    0.4267/  0.4615/  0.4758            0.4758           0.2242     0.0026  |       0.2094      0.1988
 211      0.1265        1.0000  |    0.3948/  0.4518/  0.4688            0.4688           0.2245     0.0028  |       0.2107      0.1988
 212      0.1265        1.0000  |    0.4167/  0.4535/  0.4683            0.4683           0.2242     0.0056  |       0.2128      0.1988
 213      0.1265        1.0000  |    0.4037/  0.4520/  0.4682            0.4682           0.2243     0.0009  |       0.2149      0.1988
 214      0.1265        1.0000  |    0.4165/  0.4538/  0.4703            0.4703           0.2243     0.0015  |       0.2157      0.1988
 215      0.1265        1.0000  |    0.4246/  0.4520/  0.4668            0.4668           0.2245     0.0020  |       0.2159      0.1988
 216      0.1265        1.0000  |    0.4269/  0.4556/  0.4716            0.4716           0.2243     0.0020  |       0.2173      0.1988
 217      0.1265        1.0000  |    0.4215/  0.4567/  0.4760            0.4760           0.2243     0.0041  |       0.2165      0.1988
 218      0.1265        1.0000  |    0.4231/  0.4511/  0.4656            0.4656           0.2245     0.0048  |       0.2139      0.1988
 219      0.1265        1.0000  |    0.4202/  0.4524/  0.4668            0.4668           0.2243     0.0027  |       0.2174      0.1988
 220      0.1265        1.0000  |    0.4070/  0.4630/  0.4793            0.4793           0.2243     0.0054  |       0.2166      0.1988
 221      0.1265        1.0000  |    0.4219/  0.4591/  0.4750            0.4750           0.2243     0.0070  |       0.2169      0.1988
 222      0.1265        1.0000  |    0.4150/  0.4535/  0.4685            0.4685           0.2245     0.0062  |       0.2207      0.1988
 223      0.1265        1.0000  |    0.4344/  0.4583/  0.4732            0.4732           0.2243     0.0042  |       0.2210      0.1988
 224      0.1265        1.0000  |    0.4228/  0.4540/  0.4696            0.4696           0.2243     0.0032  |       0.2208      0.1988
 225      0.1265        1.0000  |    0.4249/  0.4600/  0.4762            0.4762           0.2245     0.0021  |       0.2194      0.1988
 226      0.1265        1.0000  |    0.3818/  0.4563/  0.4723            0.4723           0.2243     0.0072  |       0.2213      0.1988
 227      0.1265        1.0000  |    0.4056/  0.4446/  0.4623            0.4623           0.2243     0.0016  |       0.2265      0.1988
 228      0.1265        1.0000  |    0.4123/  0.4501/  0.4715            0.4715           0.2243     0.0043  |       0.2263      0.1988
 229      0.1265        1.0000  |    0.4146/  0.4578/  0.4757            0.4757           0.2245     0.0017  |       0.2284      0.1988
 230      0.1265        1.0000  |    0.4206/  0.4570/  0.4706            0.4706           0.2243     0.0034  |       0.2290      0.1988
 231      0.1265        1.0000  |    0.4155/  0.4549/  0.4699            0.4699           0.2241     0.0057  |       0.2271      0.1988
 232      0.1265        1.0000  |    0.4290/  0.4561/  0.4705            0.4705           0.2243     0.0049  |       0.2267      0.1988
 233      0.1265        1.0000  |    0.4096/  0.4613/  0.4739            0.4739           0.2243     0.0004  |       0.2265      0.1988
 234      0.1264        1.0000  |    0.4224/  0.4537/  0.4690            0.4690           0.2241     0.0019  |       0.2261      0.1988
 235      0.1264        1.0000  |    0.4044/  0.4607/  0.4771            0.4771           0.2241     0.0032  |       0.2275      0.1988
 236      0.1263        1.0000  |    0.4209/  0.4564/  0.4731            0.4731           0.2244     0.0023  |       0.2286      0.1988
 237      0.1264        1.0000  |    0.4102/  0.4573/  0.4753            0.4753           0.2241     0.0048  |       0.2297      0.1988
 238      0.1264        1.0000  |    0.4261/  0.4576/  0.4722            0.4722           0.2241     0.0020  |       0.2310      0.1988
 239      0.1263        1.0000  |    0.4258/  0.4610/  0.4776            0.4776           0.2244     0.0032  |       0.2295      0.1988
 240      0.1263        1.0000  |    0.4311/  0.4543/  0.4686            0.4686           0.2244     0.0031  |       0.2287      0.1988
 241      0.1264        1.0000  |    0.4282/  0.4565/  0.4721            0.4721           0.2241     0.0032  |       0.2277      0.1988
 242      0.1264        1.0000  |    0.4320/  0.4539/  0.4693            0.4693           0.2241     0.0032  |       0.2300      0.1988
 243      0.1263        1.0000  |    0.4273/  0.4505/  0.4654            0.4654           0.2244     0.0041  |       0.2315      0.1988
 244      0.1264        1.0000  |    0.4171/  0.4570/  0.4770            0.4770           0.2241     0.0035  |       0.2278      0.1988
 245      0.1264        1.0000  |    0.4031/  0.4532/  0.4675            0.4675           0.2241     0.0049  |       0.2307      0.1988
 246      0.1263        1.0000  |    0.4123/  0.4505/  0.4685            0.4685           0.2244     0.0040  |       0.2346      0.1988
 247      0.1264        1.0000  |    0.4211/  0.4534/  0.4698            0.4698           0.2241     0.0018  |       0.2377      0.1988
 248      0.1264        1.0000  |    0.4096/  0.4649/  0.4802            0.4802           0.2241     0.0009  |       0.2388      0.1988
 249      0.1264        1.0000  |    0.4006/  0.4527/  0.4736            0.4736           0.2241     0.0034  |       0.2381      0.1988
 250      0.1297        0.9989  |    0.4015/  0.4591/  0.4762            0.4762           0.2176     0.0015  |       0.2412      0.1988
 251      0.1297        1.0000  |    0.4185/  0.4592/  0.4756            0.4756           0.2173     0.0045  |       0.2427      0.1988
 252      0.1297        1.0000  |    0.4231/  0.4542/  0.4675            0.4675           0.2173     0.0030  |       0.2449      0.1988
 253      0.1297        1.0000  |    0.4132/  0.4591/  0.4751            0.4751           0.2176     0.0066  |       0.2469      0.1988
 254      0.1297        1.0000  |    0.4214/  0.4611/  0.4770            0.4770           0.2173     0.0044  |       0.2521      0.1988
 255      0.1297        1.0000  |    0.4295/  0.4550/  0.4710            0.4710           0.2173     0.0014  |       0.2548      0.1988
 256      0.1297        1.0000  |    0.4087/  0.4592/  0.4777            0.4777           0.2173     0.0026  |       0.2542      0.1988
 257      0.1297        1.0000  |    0.4017/  0.4634/  0.4796            0.4796           0.2176     0.0057  |       0.2559      0.1988
 258      0.1297        1.0000  |    0.4041/  0.4578/  0.4744            0.4744           0.2173     0.0030  |       0.2514      0.1988
 259      0.1297        1.0000  |    0.4192/  0.4565/  0.4718            0.4718           0.2173     0.0018  |       0.2506      0.1988
 260      0.1297        1.0000  |    0.3768/  0.4654/  0.4826            0.4826           0.2176     0.0051  |       0.2510      0.1988
 261      0.1297        1.0000  |    0.4156/  0.4552/  0.4698            0.4698           0.2173     0.0027  |       0.2541      0.1988
 262      0.1297        1.0000  |    0.4054/  0.4484/  0.4640            0.4640           0.2173     0.0018  |       0.2539      0.1988
 263      0.1297        1.0000  |    0.4156/  0.4609/  0.4775            0.4775           0.2176     0.0024  |       0.2549      0.1988
 264      0.1297        1.0000  |    0.4231/  0.4594/  0.4756            0.4756           0.2176     0.0014  |       0.2566      0.1988
 265      0.1297        1.0000  |    0.4118/  0.4578/  0.4754            0.4754           0.2173     0.0063  |       0.2580      0.1988
 266      0.1297        1.0000  |    0.4343/  0.4590/  0.4755            0.4755           0.2172     0.0042  |       0.2591      0.1988
 267      0.1297        1.0000  |    0.4219/  0.4601/  0.4779            0.4779           0.2176     0.0018  |       0.2567      0.1988
 268      0.1297        1.0000  |    0.4285/  0.4566/  0.4707            0.4707           0.2172     0.0042  |       0.2575      0.1988
 269      0.1297        1.0000  |    0.4324/  0.4634/  0.4780            0.4780           0.2172     0.0055  |       0.2572      0.1988
 270      0.1297        1.0000  |    0.4273/  0.4616/  0.4783            0.4783           0.2175     0.0014  |       0.2614      0.1988
 271      0.1297        1.0000  |    0.4034/  0.4542/  0.4739            0.4739           0.2175     0.0010  |       0.2618      0.1988
 272      0.1297        1.0000  |    0.4315/  0.4560/  0.4711            0.4711           0.2172     0.0052  |       0.2610      0.1988
 273      0.1297        1.0000  |    0.4106/  0.4598/  0.4756            0.4756           0.2172     0.0043  |       0.2616      0.1988
 274      0.1297        1.0000  |    0.4225/  0.4577/  0.4744            0.4744           0.2175     0.0024  |       0.2641      0.1988
 275      0.1297        1.0000  |    0.4217/  0.4575/  0.4737            0.4737           0.2172     0.0022  |       0.2643      0.1988
 276      0.1297        1.0000  |    0.4253/  0.4611/  0.4757            0.4757           0.2172     0.0018  |       0.2651      0.1988
 277      0.1297        1.0000  |    0.4165/  0.4545/  0.4700            0.4700           0.2175     0.0045  |       0.2657      0.1988
 278      0.1297        1.0000  |    0.4199/  0.4560/  0.4752            0.4752           0.2175     0.0032  |       0.2690      0.1988
 279      0.1297        1.0000  |    0.4074/  0.4583/  0.4756            0.4756           0.2172     0.0038  |       0.2713      0.1988
 280      0.1297        1.0000  |    0.4295/  0.4629/  0.4760            0.4760           0.2172     0.0027  |       0.2726      0.1988
 281      0.1297        1.0000  |    0.3917/  0.4518/  0.4697            0.4697           0.2175     0.0017  |       0.2733      0.1988
 282      0.1297        1.0000  |    0.3610/  0.4636/  0.4790            0.4790           0.2172     0.0035  |       0.2748      0.1988
 283      0.1297        1.0000  |    0.4125/  0.4571/  0.4740            0.4740           0.2172     0.0053  |       0.2725      0.1988
 284      0.1297        1.0000  |    0.4081/  0.4616/  0.4802            0.4802           0.2175     0.0020  |       0.2765      0.1988
 285      0.1297        1.0000  |    0.4124/  0.4582/  0.4732            0.4732           0.2172     0.0006  |       0.2774      0.1988
 286      0.1297        1.0000  |    0.4266/  0.4599/  0.4754            0.4754           0.2172     0.0043  |       0.2774      0.1988
 287      0.1297        1.0000  |    0.4062/  0.4578/  0.4756            0.4756           0.2175     0.0035  |       0.2754      0.1988
 288      0.1297        1.0000  |    0.4153/  0.4566/  0.4699            0.4699           0.2175     0.0034  |       0.2726      0.1988
 289      0.1297        1.0000  |    0.4270/  0.4542/  0.4724            0.4724           0.2172     0.0013  |       0.2733      0.1988
 290      0.1297        1.0000  |    0.4292/  0.4564/  0.4740            0.4740           0.2172     0.0043  |       0.2739      0.1988
 291      0.1297        1.0000  |    0.4242/  0.4547/  0.4706            0.4706           0.2175     0.0037  |       0.2754      0.1988
 292      0.1297        1.0000  |    0.4015/  0.4634/  0.4813            0.4813           0.2172     0.0033  |       0.2737      0.1988
 293      0.1297        1.0000  |    0.4257/  0.4574/  0.4727            0.4727           0.2172     0.0018  |       0.2732      0.1988
 294      0.1297        1.0000  |    0.4226/  0.4599/  0.4783            0.4783           0.2175     0.0020  |       0.2726      0.1988
 295      0.1297        1.0000  |    0.4185/  0.4551/  0.4705            0.4705           0.2175     0.0006  |       0.2730      0.1988
 296      0.1297        1.0000  |    0.4270/  0.4568/  0.4721            0.4721           0.2172     0.0009  |       0.2733      0.1988
 297      0.1297        1.0000  |    0.4232/  0.4574/  0.4755            0.4755           0.2173     0.0050  |       0.2737      0.1988
 298      0.1297        1.0000  |    0.4159/  0.4576/  0.4755            0.4755           0.2176     0.0042  |       0.2768      0.1988
 299      0.1297        1.0000  |    0.3886/  0.4501/  0.4654            0.4654           0.2173     0.0072  |       0.2774      0.1988
IMAGEIO FFMPEG_WRITER WARNING: input image is not divisible by macro_block_size=16, resizing from (320, 180) to (320, 192) to ensure video compatibility with most codecs and players. To prevent resizing, make your input image divisible by the macro_block_size or set the macro_block_size to 1 (risking incompatibility).

Saved 300 frames -> /home/ashwink/Documents/swms/SWM_copy/rollouts_5_per/expert-only/epoch2/epoch2_rollout3_failure.mp4
min dist(green_cube,blue_moon) over episode = 0.1988  ->  FAILURE
Full log written to /home/ashwink/Documents/swms/SWM_copy/rollouts_5_per/expert-only/epoch2/epoch2_rollout3_20260723_120834.log
Result json -> /home/ashwink/Documents/swms/SWM_copy/rollouts_5_per/expert-only/epoch2/epoch2_rollout3_result.json
