Checkpoint dir epoch: 2  Rollout: 1
Logging to /home/ashwink/Documents/swms/SWM_copy/rollouts_5_per/expert-only/epoch2/epoch2_rollout1_20260723_120521.log
Goal (fixed, steps 0-299): the green cube is touching the blue moon. the peg is touching the green cube.

Checkpoint: /home/ashwink/Documents/swms/SWM_copy/training/checkpoints_clip_full_finetuned_wider_hl/epoch_002.pt
  epoch=2  step=2574

Loading CLIP ViT-L/14 (datacomp_xl_s13b_b90k) + fine-tuned clip_state_dict ...
Parsing model identifier. Schema: None, Identifier: ViT-L-14
Loaded built-in ViT-L-14 model config.
Instantiating model architecture: CLIP
Loading full pretrained weights from: /home/ashwink/.cache/huggingface/hub/models--laion--CLIP-ViT-L-14-DataComp.XL-s13B-b90K/snapshots/84c9828e63dc9a9351d1fe637c346d4c1c4db341/open_clip_pytorch_model.bin
Final image preprocessing configuration set: {'size': (224, 224), 'mode': 'RGB', 'mean': (0.48145466, 0.4578275, 0.40821073), 'std': (0.26862954, 0.26130258, 0.27577711), 'interpolation': 'bicubic', 'resize_mode': 'shortest', 'fill_color': 0}
Model ViT-L-14 creation process complete.
Parsing tokenizer identifier. Schema: None, Identifier: ViT-L-14
Attempting to load config from built-in: ViT-L-14
Using default SimpleTokenizer.
z_star shape: torch.Size([768])

Loading action stats from /home/ashwink/full_data_5000/langtable/demos/ ...
  lo=[-0.03372681140899658, -0.03493623435497284]  hi=[0.03496786952018738, 0.03494429588317871]

Initializing LangTable env ...
Loading URDF plane.urdf
Loading URDF /home/ashwink/Documents/swms/.venv/lib/python3.10/site-packages/language_table/environments/utils/../../../language_table/environments/assets/workspace_real.urdf
Loading URDF xarm/xarm6_robot_white.urdf
Loading URDF /home/ashwink/Documents/swms/.venv/lib/python3.10/site-packages/language_table/environments/utils/../../../language_table/environments/assets/suction/cylinder_real.urdf
Loading URDF /home/ashwink/Documents/swms/.venv/lib/python3.10/site-packages/language_table/environments/utils/../../../language_table/environments/assets/blocks/red_moon.urdf
Loading URDF /home/ashwink/Documents/swms/.venv/lib/python3.10/site-packages/language_table/environments/utils/../../../language_table/environments/assets/blocks/red_cube.urdf
Loading URDF /home/ashwink/Documents/swms/.venv/lib/python3.10/site-packages/language_table/environments/utils/../../../language_table/environments/assets/blocks/red_star.urdf
Loading URDF /home/ashwink/Documents/swms/.venv/lib/python3.10/site-packages/language_table/environments/utils/../../../language_table/environments/assets/blocks/red_pentagon.urdf
Loading URDF /home/ashwink/Documents/swms/.venv/lib/python3.10/site-packages/language_table/environments/utils/../../../language_table/environments/assets/blocks/blue_moon.urdf
Loading URDF /home/ashwink/Documents/swms/.venv/lib/python3.10/site-packages/language_table/environments/utils/../../../language_table/environments/assets/blocks/blue_cube.urdf
Loading URDF /home/ashwink/Documents/swms/.venv/lib/python3.10/site-packages/language_table/environments/utils/../../../language_table/environments/assets/blocks/blue_star.urdf
Loading URDF /home/ashwink/Documents/swms/.venv/lib/python3.10/site-packages/language_table/environments/utils/../../../language_table/environments/assets/blocks/blue_pentagon.urdf
Loading URDF /home/ashwink/Documents/swms/.venv/lib/python3.10/site-packages/language_table/environments/utils/../../../language_table/environments/assets/blocks/yellow_moon.urdf
Loading URDF /home/ashwink/Documents/swms/.venv/lib/python3.10/site-packages/language_table/environments/utils/../../../language_table/environments/assets/blocks/yellow_cube.urdf
Loading URDF /home/ashwink/Documents/swms/.venv/lib/python3.10/site-packages/language_table/environments/utils/../../../language_table/environments/assets/blocks/yellow_star.urdf
Loading URDF /home/ashwink/Documents/swms/.venv/lib/python3.10/site-packages/language_table/environments/utils/../../../language_table/environments/assets/blocks/yellow_pentagon.urdf
Loading URDF /home/ashwink/Documents/swms/.venv/lib/python3.10/site-packages/language_table/environments/utils/../../../language_table/environments/assets/blocks/green_moon.urdf
Loading URDF /home/ashwink/Documents/swms/.venv/lib/python3.10/site-packages/language_table/environments/utils/../../../language_table/environments/assets/blocks/green_cube.urdf
Loading URDF /home/ashwink/Documents/swms/.venv/lib/python3.10/site-packages/language_table/environments/utils/../../../language_table/environments/assets/blocks/green_star.urdf
Loading URDF /home/ashwink/Documents/swms/.venv/lib/python3.10/site-packages/language_table/environments/utils/../../../language_table/environments/assets/blocks/green_pentagon.urdf
Loading URDF /home/ashwink/Documents/swms/.venv/lib/python3.10/site-packages/language_table/environments/utils/../../../language_table/environments/assets/blocks/purple_moon.urdf
Loading URDF /home/ashwink/Documents/swms/.venv/lib/python3.10/site-packages/language_table/environments/utils/../../../language_table/environments/assets/blocks/purple_cube.urdf
Loading URDF /home/ashwink/Documents/swms/.venv/lib/python3.10/site-packages/language_table/environments/utils/../../../language_table/environments/assets/blocks/purple_star.urdf
Loading URDF /home/ashwink/Documents/swms/.venv/lib/python3.10/site-packages/language_table/environments/utils/../../../language_table/environments/assets/blocks/purple_pentagon.urdf
Env ready.

Forced peg start: [0.42843915 0.24419614]  (green_cube=[0.40339102 0.18967466], blue_moon=[0.32039625 0.00902261])
  dist(peg,green_cube)=0.0600  dist(peg,blue_moon)=0.2588  dist(green_cube,blue_moon)=0.1988

step  cos(zt,z*)  cos(zt,zt-1)  |   cos(predK,z*) min/mean/max  cos(pred_sel,z*)   cos(zpred0,z*)  ||a_raw||  |  dist(peg,A)   dist(A,B)
-------------------------------------------------------------------------------------------------------------------------------------------------------------------------------
   0      0.1572           nan  |    0.5617/  0.5719/  0.5792            0.5792           0.4283     0.0074  |       0.0587      0.1988
   1      0.1601        0.9973  |    0.5079/  0.5556/  0.5725            0.5725           0.4319     0.0141  |       0.0654      0.1988
   2      0.1537        0.9881  |    0.5078/  0.5361/  0.5538            0.5538           0.4117     0.0040  |       0.0717      0.1988
   3      0.1488        0.9944  |    0.5078/  0.5348/  0.5476            0.5476           0.3821     0.0039  |       0.0720      0.1988
   4      0.1454        0.9981  |    0.4920/  0.5249/  0.5393            0.5393           0.3647     0.0042  |       0.0738      0.1988
   5      0.1395        0.9949  |    0.4310/  0.4988/  0.5147            0.5147           0.3110     0.0016  |       0.0775      0.1988
   6      0.1412        0.9986  |    0.4770/  0.5110/  0.5255            0.5255           0.3385     0.0033  |       0.0792      0.1988
   7      0.1425        0.9997  |    0.4724/  0.5098/  0.5234            0.5234           0.3417     0.0012  |       0.0788      0.1988
   8      0.1416        0.9986  |    0.4917/  0.5276/  0.5408            0.5408           0.3635     0.0015  |       0.0799      0.1988
   9      0.1416        0.9994  |    0.4972/  0.5224/  0.5372            0.5372           0.3546     0.0037  |       0.0806      0.1988
  10      0.1382        0.9979  |    0.4893/  0.5207/  0.5380            0.5380           0.3336     0.0049  |       0.0827      0.1988
  11      0.1389        0.9993  |    0.4669/  0.5142/  0.5291            0.5291           0.3341     0.0028  |       0.0839      0.1988
  12      0.1416        0.9987  |    0.5043/  0.5337/  0.5483            0.5483           0.3652     0.0041  |       0.0844      0.1988
  13      0.1345        0.9934  |    0.4546/  0.5052/  0.5212            0.5212           0.3088     0.0065  |       0.0882      0.1988
  14      0.1242        0.9971  |    0.4018/  0.4656/  0.4823            0.4823           0.2343     0.0014  |       0.0912      0.1988
  15      0.1266        0.9995  |    0.4118/  0.4627/  0.4782            0.4782           0.2246     0.0049  |       0.0927      0.1988
  16      0.1266        1.0000  |    0.3895/  0.4436/  0.4593            0.4593           0.2236     0.0021  |       0.0957      0.1988
  17      0.1266        1.0000  |    0.4194/  0.4557/  0.4753            0.4753           0.2236     0.0020  |       0.0973      0.1988
  18      0.1266        1.0000  |    0.4063/  0.4557/  0.4704            0.4704           0.2236     0.0019  |       0.0985      0.1988
  19      0.1266        1.0000  |    0.4060/  0.4470/  0.4659            0.4659           0.2236     0.0039  |       0.0979      0.1988
  20      0.1266        1.0000  |    0.4298/  0.4533/  0.4689            0.4689           0.2236     0.0047  |       0.1008      0.1988
  21      0.1266        1.0000  |    0.4296/  0.4502/  0.4647            0.4647           0.2236     0.0043  |       0.1055      0.1988
  22      0.1265        1.0000  |    0.4151/  0.4484/  0.4622            0.4622           0.2230     0.0003  |       0.1092      0.1988
  23      0.1265        1.0000  |    0.4324/  0.4595/  0.4789            0.4789           0.2230     0.0038  |       0.1097      0.1988
  24      0.1263        1.0000  |    0.4077/  0.4592/  0.4731            0.4731           0.2219     0.0052  |       0.1116      0.1988
  25      0.1266        1.0000  |    0.4378/  0.4626/  0.4771            0.4771           0.2236     0.0018  |       0.1164      0.1988
  26      0.1266        1.0000  |    0.4234/  0.4507/  0.4648            0.4648           0.2232     0.0034  |       0.1174      0.1988
  27      0.1265        1.0000  |    0.4055/  0.4629/  0.4792            0.4792           0.2230     0.0027  |       0.1168      0.1988
  28      0.1265        1.0000  |    0.4101/  0.4587/  0.4739            0.4739           0.2230     0.0056  |       0.1171      0.1988
  29      0.1262        1.0000  |    0.4137/  0.4507/  0.4680            0.4680           0.2217     0.0024  |       0.1180      0.1988
  30      0.1266        1.0000  |    0.4055/  0.4632/  0.4806            0.4806           0.2236     0.0038  |       0.1158      0.1988
  31      0.1265        1.0000  |    0.4264/  0.4589/  0.4742            0.4742           0.2230     0.0021  |       0.1181      0.1988
  32      0.1266        1.0000  |    0.4149/  0.4496/  0.4686            0.4686           0.2230     0.0023  |       0.1180      0.1988
  33      0.1266        1.0000  |    0.4214/  0.4566/  0.4711            0.4711           0.2230     0.0028  |       0.1185      0.1988
  34      0.1266        1.0000  |    0.4135/  0.4539/  0.4704            0.4704           0.2230     0.0010  |       0.1188      0.1988
  35      0.1266        1.0000  |    0.4125/  0.4500/  0.4690            0.4690           0.2230     0.0038  |       0.1180      0.1988
  36      0.1265        1.0000  |    0.4162/  0.4639/  0.4786            0.4786           0.2230     0.0047  |       0.1194      0.1988
  37      0.1265        1.0000  |    0.4317/  0.4549/  0.4702            0.4702           0.2230     0.0015  |       0.1195      0.1988
  38      0.1265        1.0000  |    0.3808/  0.4593/  0.4756            0.4756           0.2230     0.0033  |       0.1196      0.1988
  39      0.1265        1.0000  |    0.3768/  0.4509/  0.4664            0.4664           0.2230     0.0032  |       0.1201      0.1988
  40      0.1265        1.0000  |    0.4253/  0.4542/  0.4721            0.4721           0.2230     0.0034  |       0.1211      0.1988
  41      0.1265        1.0000  |    0.4267/  0.4525/  0.4681            0.4681           0.2230     0.0014  |       0.1219      0.1988
  42      0.1265        1.0000  |    0.4139/  0.4560/  0.4720            0.4720           0.2230     0.0045  |       0.1223      0.1988
  43      0.1265        1.0000  |    0.4078/  0.4565/  0.4786            0.4786           0.2230     0.0046  |       0.1218      0.1988
  44      0.1265        1.0000  |    0.4064/  0.4567/  0.4732            0.4732           0.2230     0.0027  |       0.1208      0.1988
  45      0.1265        1.0000  |    0.4086/  0.4470/  0.4655            0.4655           0.2230     0.0023  |       0.1212      0.1988
  46      0.1265        1.0000  |    0.4256/  0.4504/  0.4669            0.4669           0.2230     0.0018  |       0.1216      0.1988
  47      0.1265        1.0000  |    0.4223/  0.4559/  0.4688            0.4688           0.2230     0.0049  |       0.1222      0.1988
  48      0.1265        1.0000  |    0.4230/  0.4530/  0.4704            0.4704           0.2230     0.0023  |       0.1234      0.1988
  49      0.1265        1.0000  |    0.3881/  0.4480/  0.4657            0.4657           0.2230     0.0041  |       0.1231      0.1988
  50      0.1265        1.0000  |    0.4144/  0.4530/  0.4692            0.4692           0.2230     0.0026  |       0.1243      0.1988
  51      0.1265        1.0000  |    0.4003/  0.4481/  0.4670            0.4670           0.2230     0.0027  |       0.1248      0.1988
  52      0.1265        1.0000  |    0.4039/  0.4582/  0.4782            0.4782           0.2230     0.0030  |       0.1258      0.1988
  53      0.1265        1.0000  |    0.4086/  0.4521/  0.4702            0.4702           0.2230     0.0031  |       0.1260      0.1988
  54      0.1265        1.0000  |    0.4156/  0.4530/  0.4714            0.4714           0.2230     0.0022  |       0.1266      0.1988
  55      0.1265        1.0000  |    0.4288/  0.4569/  0.4743            0.4743           0.2230     0.0017  |       0.1275      0.1988
  56      0.1265        1.0000  |    0.4151/  0.4519/  0.4723            0.4723           0.2230     0.0050  |       0.1261      0.1988
  57      0.1265        1.0000  |    0.4103/  0.4546/  0.4697            0.4697           0.2230     0.0042  |       0.1265      0.1988
  58      0.1265        1.0000  |    0.4309/  0.4499/  0.4683            0.4683           0.2230     0.0029  |       0.1282      0.1988
  59      0.1265        1.0000  |    0.3931/  0.4467/  0.4643            0.4643           0.2230     0.0011  |       0.1275      0.1988
  60      0.1265        1.0000  |    0.4194/  0.4524/  0.4669            0.4669           0.2230     0.0045  |       0.1271      0.1988
  61      0.1265        1.0000  |    0.4260/  0.4560/  0.4701            0.4701           0.2230     0.0030  |       0.1269      0.1988
  62      0.1265        1.0000  |    0.4350/  0.4557/  0.4694            0.4694           0.2230     0.0026  |       0.1278      0.1988
  63      0.1265        1.0000  |    0.4090/  0.4587/  0.4744            0.4744           0.2239     0.0011  |       0.1269      0.1988
  64      0.1265        1.0000  |    0.3892/  0.4568/  0.4735            0.4735           0.2239     0.0037  |       0.1267      0.1988
  65      0.1265        1.0000  |    0.3959/  0.4564/  0.4745            0.4745           0.2239     0.0053  |       0.1281      0.1988
  66      0.1265        1.0000  |    0.4290/  0.4624/  0.4789            0.4789           0.2239     0.0004  |       0.1294      0.1988
  67      0.1265        1.0000  |    0.4104/  0.4566/  0.4749            0.4749           0.2239     0.0018  |       0.1293      0.1988
  68      0.1265        1.0000  |    0.4168/  0.4542/  0.4749            0.4749           0.2239     0.0039  |       0.1291      0.1988
  69      0.1265        1.0000  |    0.3941/  0.4581/  0.4740            0.4740           0.2242     0.0023  |       0.1308      0.1988
  70      0.1265        1.0000  |    0.4016/  0.4515/  0.4674            0.4674           0.2242     0.0035  |       0.1300      0.1988
  71      0.1265        1.0000  |    0.4049/  0.4558/  0.4744            0.4744           0.2242     0.0011  |       0.1302      0.1988
  72      0.1265        1.0000  |    0.4207/  0.4542/  0.4690            0.4690           0.2242     0.0032  |       0.1292      0.1988
  73      0.1265        1.0000  |    0.4279/  0.4513/  0.4656            0.4656           0.2242     0.0044  |       0.1310      0.1988
  74      0.1265        1.0000  |    0.4100/  0.4590/  0.4767            0.4767           0.2242     0.0017  |       0.1314      0.1988
  75      0.1265        1.0000  |    0.4231/  0.4600/  0.4763            0.4763           0.2242     0.0033  |       0.1313      0.1988
  76      0.1265        1.0000  |    0.4247/  0.4545/  0.4720            0.4720           0.2242     0.0032  |       0.1299      0.1988
  77      0.1265        1.0000  |    0.3726/  0.4529/  0.4692            0.4692           0.2242     0.0019  |       0.1307      0.1988
  78      0.1265        1.0000  |    0.4196/  0.4577/  0.4752            0.4752           0.2242     0.0024  |       0.1315      0.1988
  79      0.1265        1.0000  |    0.4298/  0.4547/  0.4693            0.4693           0.2242     0.0016  |       0.1307      0.1988
  80      0.1265        1.0000  |    0.4153/  0.4501/  0.4644            0.4644           0.2242     0.0029  |       0.1311      0.1988
  81      0.1265        1.0000  |    0.4179/  0.4509/  0.4662            0.4662           0.2242     0.0030  |       0.1300      0.1988
  82      0.1265        1.0000  |    0.4282/  0.4617/  0.4774            0.4774           0.2242     0.0037  |       0.1304      0.1988
  83      0.1265        1.0000  |    0.4237/  0.4583/  0.4733            0.4733           0.2242     0.0032  |       0.1311      0.1988
  84      0.1265        1.0000  |    0.4006/  0.4544/  0.4734            0.4734           0.2242     0.0051  |       0.1301      0.1988
  85      0.1265        1.0000  |    0.4203/  0.4504/  0.4668            0.4668           0.2242     0.0018  |       0.1319      0.1988
  86      0.1265        1.0000  |    0.4249/  0.4560/  0.4743            0.4743           0.2242     0.0019  |       0.1326      0.1988
  87      0.1265        1.0000  |    0.4174/  0.4586/  0.4760            0.4760           0.2242     0.0019  |       0.1324      0.1988
  88      0.1265        1.0000  |    0.4303/  0.4572/  0.4732            0.4732           0.2242     0.0029  |       0.1325      0.1988
  89      0.1265        1.0000  |    0.4187/  0.4594/  0.4762            0.4762           0.2242     0.0039  |       0.1342      0.1988
  90      0.1265        1.0000  |    0.4170/  0.4539/  0.4673            0.4673           0.2242     0.0058  |       0.1335      0.1988
  91      0.1265        1.0000  |    0.4217/  0.4577/  0.4754            0.4754           0.2242     0.0021  |       0.1381      0.1988
  92      0.1265        1.0000  |    0.4256/  0.4597/  0.4739            0.4739           0.2242     0.0015  |       0.1386      0.1988
  93      0.1265        1.0000  |    0.3988/  0.4570/  0.4769            0.4769           0.2242     0.0053  |       0.1386      0.1988
  94      0.1265        1.0000  |    0.3976/  0.4524/  0.4698            0.4698           0.2242     0.0019  |       0.1385      0.1988
  95      0.1265        1.0000  |    0.4234/  0.4530/  0.4696            0.4696           0.2242     0.0020  |       0.1377      0.1988
  96      0.1265        1.0000  |    0.4104/  0.4604/  0.4757            0.4757           0.2242     0.0020  |       0.1394      0.1988
  97      0.1265        1.0000  |    0.3986/  0.4512/  0.4682            0.4682           0.2242     0.0038  |       0.1390      0.1988
  98      0.1265        1.0000  |    0.4282/  0.4529/  0.4670            0.4670           0.2242     0.0055  |       0.1409      0.1988
  99      0.1265        1.0000  |    0.4168/  0.4556/  0.4712            0.4712           0.2242     0.0036  |       0.1420      0.1988
 100      0.1265        1.0000  |    0.4148/  0.4623/  0.4762            0.4762           0.2242     0.0022  |       0.1427      0.1988
 101      0.1265        1.0000  |    0.4322/  0.4545/  0.4690            0.4690           0.2242     0.0018  |       0.1432      0.1988
 102      0.1265        1.0000  |    0.4067/  0.4609/  0.4796            0.4796           0.2242     0.0038  |       0.1429      0.1988
 103      0.1265        1.0000  |    0.4311/  0.4609/  0.4771            0.4771           0.2242     0.0006  |       0.1446      0.1988
 104      0.1265        1.0000  |    0.4376/  0.4604/  0.4754            0.4754           0.2242     0.0066  |       0.1451      0.1988
 105      0.1265        1.0000  |    0.4090/  0.4567/  0.4731            0.4731           0.2242     0.0042  |       0.1466      0.1988
 106      0.1265        1.0000  |    0.4122/  0.4488/  0.4680            0.4680           0.2242     0.0065  |       0.1480      0.1988
 107      0.1265        1.0000  |    0.3876/  0.4562/  0.4732            0.4732           0.2242     0.0013  |       0.1501      0.1988
 108      0.1265        1.0000  |    0.4116/  0.4592/  0.4773            0.4773           0.2242     0.0028  |       0.1504      0.1988
 109      0.1265        1.0000  |    0.4308/  0.4571/  0.4721            0.4721           0.2242     0.0023  |       0.1500      0.1988
 110      0.1265        1.0000  |    0.4275/  0.4541/  0.4748            0.4748           0.2242     0.0036  |       0.1502      0.1988
 111      0.1265        1.0000  |    0.4026/  0.4538/  0.4695            0.4695           0.2242     0.0038  |       0.1519      0.1988
 112      0.1265        1.0000  |    0.3959/  0.4559/  0.4743            0.4743           0.2242     0.0011  |       0.1539      0.1988
 113      0.1265        1.0000  |    0.4207/  0.4532/  0.4736            0.4736           0.2242     0.0062  |       0.1537      0.1988
 114      0.1265        1.0000  |    0.4271/  0.4586/  0.4761            0.4761           0.2242     0.0017  |       0.1528      0.1988
 115      0.1265        1.0000  |    0.4270/  0.4612/  0.4814            0.4814           0.2242     0.0017  |       0.1531      0.1988
 116      0.1265        1.0000  |    0.4163/  0.4603/  0.4769            0.4769           0.2242     0.0076  |       0.1523      0.1988
 117      0.1265        1.0000  |    0.4264/  0.4546/  0.4696            0.4696           0.2242     0.0032  |       0.1533      0.1988
 118      0.1265        1.0000  |    0.4143/  0.4538/  0.4703            0.4703           0.2242     0.0049  |       0.1537      0.1988
 119      0.1265        1.0000  |    0.3761/  0.4534/  0.4702            0.4702           0.2242     0.0027  |       0.1521      0.1988
 120      0.1265        1.0000  |    0.3809/  0.4555/  0.4727            0.4727           0.2242     0.0025  |       0.1511      0.1988
 121      0.1265        1.0000  |    0.4217/  0.4525/  0.4681            0.4681           0.2242     0.0056  |       0.1529      0.1988
 122      0.1265        1.0000  |    0.4234/  0.4571/  0.4717            0.4717           0.2242     0.0034  |       0.1567      0.1988
 123      0.1265        1.0000  |    0.4215/  0.4589/  0.4747            0.4747           0.2242     0.0037  |       0.1552      0.1988
 124      0.1265        1.0000  |    0.4219/  0.4495/  0.4649            0.4649           0.2242     0.0018  |       0.1562      0.1988
 125      0.1265        1.0000  |    0.4273/  0.4610/  0.4753            0.4753           0.2242     0.0013  |       0.1573      0.1988
 126      0.1265        1.0000  |    0.4200/  0.4534/  0.4709            0.4709           0.2242     0.0026  |       0.1564      0.1988
 127      0.1265        1.0000  |    0.4219/  0.4614/  0.4774            0.4774           0.2243     0.0029  |       0.1579      0.1988
 128      0.1265        1.0000  |    0.4199/  0.4501/  0.4666            0.4666           0.2243     0.0038  |       0.1591      0.1988
 129      0.1265        1.0000  |    0.4387/  0.4598/  0.4735            0.4735           0.2243     0.0048  |       0.1593      0.1988
 130      0.1265        1.0000  |    0.4278/  0.4658/  0.4820            0.4820           0.2242     0.0048  |       0.1613      0.1988
 131      0.1265        1.0000  |    0.4097/  0.4548/  0.4697            0.4697           0.2243     0.0050  |       0.1615      0.1988
 132      0.1265        1.0000  |    0.4070/  0.4640/  0.4806            0.4806           0.2243     0.0010  |       0.1595      0.1988
 133      0.1265        1.0000  |    0.4093/  0.4614/  0.4756            0.4756           0.2243     0.0068  |       0.1596      0.1988
 134      0.1265        1.0000  |    0.4035/  0.4540/  0.4706            0.4706           0.2243     0.0047  |       0.1632      0.1988
 135      0.1265        1.0000  |    0.3966/  0.4531/  0.4733            0.4733           0.2243     0.0034  |       0.1654      0.1988
 136      0.1265        1.0000  |    0.4092/  0.4539/  0.4704            0.4704           0.2243     0.0020  |       0.1677      0.1988
 137      0.1265        1.0000  |    0.4206/  0.4594/  0.4758            0.4758           0.2243     0.0012  |       0.1692      0.1988
 138      0.1265        1.0000  |    0.4158/  0.4664/  0.4823            0.4823           0.2245     0.0011  |       0.1690      0.1988
 139      0.1265        1.0000  |    0.4097/  0.4547/  0.4702            0.4702           0.2245     0.0042  |       0.1683      0.1988
 140      0.1265        1.0000  |    0.3823/  0.4527/  0.4706            0.4706           0.2243     0.0031  |       0.1663      0.1988
 141      0.1265        1.0000  |    0.4353/  0.4640/  0.4779            0.4779           0.2243     0.0063  |       0.1640      0.1988
 142      0.1265        1.0000  |    0.4145/  0.4571/  0.4742            0.4742           0.2243     0.0032  |       0.1617      0.1988
 143      0.1265        1.0000  |    0.3946/  0.4506/  0.4677            0.4677           0.2243     0.0024  |       0.1634      0.1988
 144      0.1265        1.0000  |    0.4225/  0.4469/  0.4618            0.4618           0.2243     0.0039  |       0.1648      0.1988
 145      0.1265        1.0000  |    0.4151/  0.4597/  0.4756            0.4756           0.2243     0.0015  |       0.1664      0.1988
 146      0.1265        1.0000  |    0.4106/  0.4571/  0.4734            0.4734           0.2243     0.0020  |       0.1656      0.1988
 147      0.1265        1.0000  |    0.4150/  0.4550/  0.4711            0.4711           0.2243     0.0037  |       0.1667      0.1988
 148      0.1265        1.0000  |    0.4044/  0.4538/  0.4718            0.4718           0.2243     0.0012  |       0.1666      0.1988
 149      0.1265        1.0000  |    0.4114/  0.4511/  0.4664            0.4664           0.2243     0.0042  |       0.1664      0.1988
 150      0.1265        1.0000  |    0.4109/  0.4567/  0.4722            0.4722           0.2243     0.0039  |       0.1678      0.1988
 151      0.1265        1.0000  |    0.3955/  0.4491/  0.4641            0.4641           0.2243     0.0054  |       0.1705      0.1988
 152      0.1265        1.0000  |    0.4018/  0.4585/  0.4743            0.4743           0.2243     0.0028  |       0.1707      0.1988
 153      0.1265        1.0000  |    0.4238/  0.4545/  0.4712            0.4712           0.2245     0.0023  |       0.1720      0.1988
 154      0.1265        1.0000  |    0.4117/  0.4609/  0.4758            0.4758           0.2242     0.0044  |       0.1714      0.1988
 155      0.1265        1.0000  |    0.4176/  0.4582/  0.4726            0.4726           0.2240     0.0040  |       0.1727      0.1988
 156      0.1265        1.0000  |    0.4302/  0.4613/  0.4756            0.4756           0.2240     0.0021  |       0.1741      0.1988
 157      0.1265        1.0000  |    0.4017/  0.4562/  0.4716            0.4716           0.2240     0.0025  |       0.1748      0.1988
 158      0.1265        1.0000  |    0.3796/  0.4489/  0.4654            0.4654           0.2240     0.0022  |       0.1743      0.1988
 159      0.1265        1.0000  |    0.4083/  0.4541/  0.4746            0.4746           0.2240     0.0032  |       0.1732      0.1988
 160      0.1265        1.0000  |    0.4244/  0.4612/  0.4771            0.4771           0.2240     0.0030  |       0.1759      0.1988
 161      0.1265        1.0000  |    0.4204/  0.4561/  0.4725            0.4725           0.2240     0.0023  |       0.1780      0.1988
 162      0.1265        1.0000  |    0.4199/  0.4514/  0.4669            0.4669           0.2240     0.0044  |       0.1789      0.1988
 163      0.1265        1.0000  |    0.4236/  0.4569/  0.4738            0.4738           0.2240     0.0069  |       0.1806      0.1988
 164      0.1265        1.0000  |    0.4219/  0.4560/  0.4701            0.4701           0.2242     0.0024  |       0.1788      0.1988
 165      0.1265        1.0000  |    0.4007/  0.4552/  0.4719            0.4719           0.2242     0.0050  |       0.1800      0.1988
 166      0.1265        1.0000  |    0.3938/  0.4521/  0.4664            0.4664           0.2240     0.0028  |       0.1788      0.1988
 167      0.1265        1.0000  |    0.4109/  0.4528/  0.4690            0.4690           0.2240     0.0023  |       0.1775      0.1988
 168      0.1265        1.0000  |    0.4083/  0.4569/  0.4770            0.4770           0.2240     0.0026  |       0.1769      0.1988
 169      0.1265        1.0000  |    0.4237/  0.4603/  0.4750            0.4750           0.2240     0.0029  |       0.1783      0.1988
 170      0.1265        1.0000  |    0.4250/  0.4476/  0.4642            0.4642           0.2240     0.0025  |       0.1760      0.1988
 171      0.1265        1.0000  |    0.4165/  0.4600/  0.4753            0.4753           0.2240     0.0017  |       0.1759      0.1988
 172      0.1265        1.0000  |    0.4127/  0.4513/  0.4646            0.4646           0.2240     0.0028  |       0.1769      0.1988
 173      0.1265        1.0000  |    0.4066/  0.4535/  0.4683            0.4683           0.2242     0.0039  |       0.1786      0.1988
 174      0.1265        1.0000  |    0.4303/  0.4626/  0.4765            0.4765           0.2240     0.0030  |       0.1761      0.1988
 175      0.1265        1.0000  |    0.4005/  0.4553/  0.4703            0.4703           0.2240     0.0012  |       0.1772      0.1988
 176      0.1265        1.0000  |    0.4154/  0.4560/  0.4720            0.4720           0.2240     0.0050  |       0.1775      0.1988
 177      0.1265        1.0000  |    0.3927/  0.4557/  0.4716            0.4716           0.2240     0.0010  |       0.1804      0.1988
 178      0.1265        1.0000  |    0.4211/  0.4540/  0.4716            0.4716           0.2240     0.0057  |       0.1798      0.1988
 179      0.1265        1.0000  |    0.4192/  0.4559/  0.4699            0.4699           0.2242     0.0038  |       0.1846      0.1988
 180      0.1265        1.0000  |    0.4042/  0.4533/  0.4678            0.4678           0.2240     0.0061  |       0.1866      0.1988
 181      0.1265        1.0000  |    0.3952/  0.4606/  0.4764            0.4764           0.2240     0.0013  |       0.1854      0.1988
 182      0.1266        1.0000  |    0.3929/  0.4600/  0.4771            0.4771           0.2242     0.0009  |       0.1852      0.1988
 183      0.1265        1.0000  |    0.3830/  0.4504/  0.4677            0.4677           0.2240     0.0023  |       0.1855      0.1988
 184      0.1265        1.0000  |    0.4209/  0.4582/  0.4733            0.4733           0.2244     0.0052  |       0.1845      0.1988
 185      0.1266        1.0000  |    0.4045/  0.4519/  0.4661            0.4661           0.2242     0.0007  |       0.1851      0.1988
 186      0.1266        1.0000  |    0.4292/  0.4572/  0.4738            0.4738           0.2242     0.0045  |       0.1849      0.1988
 187      0.1266        1.0000  |    0.3754/  0.4564/  0.4728            0.4728           0.2242     0.0032  |       0.1873      0.1988
 188      0.1265        1.0000  |    0.4194/  0.4539/  0.4711            0.4711           0.2244     0.0044  |       0.1876      0.1988
 189      0.1266        1.0000  |    0.4273/  0.4581/  0.4769            0.4769           0.2242     0.0034  |       0.1908      0.1988
 190      0.1266        1.0000  |    0.4157/  0.4585/  0.4753            0.4753           0.2242     0.0015  |       0.1898      0.1988
 191      0.1266        1.0000  |    0.4137/  0.4591/  0.4744            0.4744           0.2242     0.0024  |       0.1907      0.1988
 192      0.1265        1.0000  |    0.3967/  0.4608/  0.4778            0.4778           0.2245     0.0034  |       0.1920      0.1988
 193      0.1265        1.0000  |    0.4116/  0.4570/  0.4740            0.4740           0.2242     0.0045  |       0.1912      0.1988
 194      0.1265        1.0000  |    0.4291/  0.4636/  0.4803            0.4803           0.2242     0.0013  |       0.1914      0.1988
 195      0.1265        1.0000  |    0.4269/  0.4531/  0.4677            0.4677           0.2242     0.0030  |       0.1916      0.1988
 196      0.1265        1.0000  |    0.4081/  0.4546/  0.4693            0.4693           0.2245     0.0029  |       0.1927      0.1988
 197      0.1265        1.0000  |    0.4155/  0.4544/  0.4715            0.4715           0.2242     0.0019  |       0.1932      0.1988
 198      0.1265        1.0000  |    0.4172/  0.4510/  0.4672            0.4672           0.2242     0.0046  |       0.1946      0.1988
 199      0.1265        1.0000  |    0.4117/  0.4572/  0.4717            0.4717           0.2242     0.0021  |       0.1976      0.1988
 200      0.1265        1.0000  |    0.4228/  0.4577/  0.4745            0.4745           0.2245     0.0039  |       0.1991      0.1988
 201      0.1265        1.0000  |    0.3956/  0.4541/  0.4717            0.4717           0.2242     0.0078  |       0.1975      0.1988
 202      0.1265        1.0000  |    0.4179/  0.4557/  0.4758            0.4758           0.2242     0.0063  |       0.1993      0.1988
 203      0.1265        1.0000  |    0.4340/  0.4614/  0.4780            0.4780           0.2242     0.0043  |       0.2029      0.1988
 204      0.1265        1.0000  |    0.4135/  0.4493/  0.4647            0.4647           0.2245     0.0008  |       0.2017      0.1988
 205      0.1265        1.0000  |    0.4223/  0.4543/  0.4692            0.4692           0.2242     0.0049  |       0.2020      0.1988
 206      0.1265        1.0000  |    0.4213/  0.4638/  0.4829            0.4829           0.2242     0.0010  |       0.2006      0.1988
 207      0.1265        1.0000  |    0.4177/  0.4565/  0.4718            0.4718           0.2242     0.0061  |       0.2004      0.1988
 208      0.1265        1.0000  |    0.3893/  0.4464/  0.4616            0.4616           0.2245     0.0018  |       0.2024      0.1988
 209      0.1265        1.0000  |    0.4230/  0.4587/  0.4740            0.4740           0.2242     0.0035  |       0.2024      0.1988
 210      0.1265        1.0000  |    0.4246/  0.4658/  0.4793            0.4793           0.2242     0.0035  |       0.2041      0.1988
 211      0.1265        1.0000  |    0.4233/  0.4537/  0.4703            0.4703           0.2245     0.0027  |       0.2048      0.1988
 212      0.1265        1.0000  |    0.4272/  0.4540/  0.4697            0.4697           0.2242     0.0049  |       0.2060      0.1988
 213      0.1265        1.0000  |    0.4264/  0.4625/  0.4774            0.4774           0.2243     0.0068  |       0.2050      0.1988
 214      0.1265        1.0000  |    0.4072/  0.4512/  0.4655            0.4655           0.2243     0.0069  |       0.2046      0.1988
 215      0.1265        1.0000  |    0.4244/  0.4536/  0.4693            0.4693           0.2245     0.0062  |       0.2060      0.1988
 216      0.1265        1.0000  |    0.4232/  0.4558/  0.4729            0.4729           0.2243     0.0038  |       0.2089      0.1988
 217      0.1265        1.0000  |    0.4215/  0.4620/  0.4786            0.4786           0.2243     0.0039  |       0.2071      0.1988
 218      0.1265        1.0000  |    0.4148/  0.4549/  0.4679            0.4679           0.2245     0.0054  |       0.2070      0.1988
 219      0.1265        1.0000  |    0.4210/  0.4550/  0.4730            0.4730           0.2243     0.0071  |       0.2101      0.1988
 220      0.1265        1.0000  |    0.4232/  0.4544/  0.4704            0.4704           0.2243     0.0030  |       0.2084      0.1988
 221      0.1265        1.0000  |    0.4042/  0.4584/  0.4732            0.4732           0.2243     0.0021  |       0.2062      0.1988
 222      0.1265        1.0000  |    0.4068/  0.4550/  0.4707            0.4707           0.2245     0.0044  |       0.2059      0.1988
 223      0.1265        1.0000  |    0.4027/  0.4554/  0.4704            0.4704           0.2243     0.0044  |       0.2023      0.1988
 224      0.1265        1.0000  |    0.4066/  0.4588/  0.4741            0.4741           0.2243     0.0010  |       0.2032      0.1988
 225      0.1265        1.0000  |    0.3899/  0.4598/  0.4742            0.4742           0.2245     0.0020  |       0.2029      0.1988
 226      0.1265        1.0000  |    0.4142/  0.4547/  0.4702            0.4702           0.2243     0.0049  |       0.2032      0.1988
 227      0.1265        1.0000  |    0.4093/  0.4547/  0.4714            0.4714           0.2243     0.0023  |       0.2031      0.1988
 228      0.1265        1.0000  |    0.4185/  0.4601/  0.4754            0.4754           0.2243     0.0012  |       0.2045      0.1988
 229      0.1265        1.0000  |    0.4159/  0.4612/  0.4730            0.4730           0.2245     0.0056  |       0.2055      0.1988
 230      0.1265        1.0000  |    0.4178/  0.4510/  0.4667            0.4667           0.2243     0.0057  |       0.2043      0.1988
 231      0.1265        1.0000  |    0.4295/  0.4600/  0.4782            0.4782           0.2241     0.0035  |       0.2075      0.1988
 232      0.1265        1.0000  |    0.3885/  0.4547/  0.4723            0.4723           0.2243     0.0054  |       0.2077      0.1988
 233      0.1265        1.0000  |    0.3981/  0.4559/  0.4752            0.4752           0.2243     0.0041  |       0.2072      0.1988
 234      0.1264        1.0000  |    0.4021/  0.4632/  0.4804            0.4804           0.2241     0.0019  |       0.2064      0.1988
 235      0.1264        1.0000  |    0.4117/  0.4560/  0.4726            0.4726           0.2241     0.0048  |       0.2061      0.1988
 236      0.1263        1.0000  |    0.4278/  0.4608/  0.4750            0.4750           0.2244     0.0037  |       0.2065      0.1988
 237      0.1264        1.0000  |    0.4243/  0.4604/  0.4759            0.4759           0.2241     0.0042  |       0.2067      0.1988
 238      0.1264        1.0000  |    0.4227/  0.4573/  0.4758            0.4758           0.2241     0.0031  |       0.2062      0.1988
 239      0.1263        1.0000  |    0.4218/  0.4510/  0.4666            0.4666           0.2244     0.0014  |       0.2067      0.1988
 240      0.1263        1.0000  |    0.4120/  0.4549/  0.4708            0.4708           0.2244     0.0062  |       0.2076      0.1988
 241      0.1264        1.0000  |    0.4092/  0.4561/  0.4729            0.4729           0.2241     0.0003  |       0.2120      0.1988
 242      0.1264        1.0000  |    0.4156/  0.4499/  0.4668            0.4668           0.2241     0.0027  |       0.2121      0.1988
 243      0.1263        1.0000  |    0.4079/  0.4525/  0.4674            0.4674           0.2244     0.0016  |       0.2119      0.1988
 244      0.1264        1.0000  |    0.4121/  0.4563/  0.4774            0.4774           0.2241     0.0033  |       0.2126      0.1988
 245      0.1264        1.0000  |    0.4078/  0.4575/  0.4734            0.4734           0.2241     0.0028  |       0.2133      0.1988
 246      0.1263        1.0000  |    0.4140/  0.4596/  0.4763            0.4763           0.2244     0.0013  |       0.2154      0.1988
 247      0.1264        1.0000  |    0.4255/  0.4547/  0.4735            0.4735           0.2241     0.0050  |       0.2163      0.1988
 248      0.1264        1.0000  |    0.4252/  0.4619/  0.4800            0.4800           0.2241     0.0064  |       0.2169      0.1988
 249      0.1264        1.0000  |    0.4050/  0.4544/  0.4742            0.4742           0.2241     0.0028  |       0.2160      0.1988
 250      0.1297        0.9989  |    0.4227/  0.4624/  0.4790            0.4790           0.2176     0.0023  |       0.2155      0.1988
 251      0.1297        1.0000  |    0.4069/  0.4523/  0.4685            0.4685           0.2173     0.0020  |       0.2147      0.1988
 252      0.1297        1.0000  |    0.4121/  0.4594/  0.4753            0.4753           0.2173     0.0034  |       0.2159      0.1988
 253      0.1297        1.0000  |    0.4074/  0.4625/  0.4781            0.4781           0.2176     0.0065  |       0.2179      0.1988
 254      0.1297        1.0000  |    0.3863/  0.4639/  0.4815            0.4815           0.2173     0.0024  |       0.2159      0.1988
 255      0.1297        1.0000  |    0.4227/  0.4551/  0.4756            0.4756           0.2173     0.0030  |       0.2142      0.1988
 256      0.1297        1.0000  |    0.4247/  0.4608/  0.4796            0.4796           0.2173     0.0033  |       0.2159      0.1988
 257      0.1297        1.0000  |    0.4380/  0.4604/  0.4759            0.4759           0.2176     0.0021  |       0.2131      0.1988
 258      0.1297        1.0000  |    0.4134/  0.4597/  0.4745            0.4745           0.2173     0.0046  |       0.2146      0.1988
 259      0.1297        1.0000  |    0.4282/  0.4632/  0.4782            0.4782           0.2173     0.0058  |       0.2152      0.1988
 260      0.1297        1.0000  |    0.4358/  0.4618/  0.4775            0.4775           0.2176     0.0012  |       0.2158      0.1988
 261      0.1297        1.0000  |    0.4191/  0.4572/  0.4736            0.4736           0.2173     0.0009  |       0.2164      0.1988
 262      0.1297        1.0000  |    0.4024/  0.4591/  0.4769            0.4769           0.2173     0.0041  |       0.2161      0.1988
 263      0.1297        1.0000  |    0.4248/  0.4642/  0.4806            0.4806           0.2176     0.0030  |       0.2180      0.1988
 264      0.1297        1.0000  |    0.3912/  0.4560/  0.4702            0.4702           0.2176     0.0027  |       0.2161      0.1988
 265      0.1297        1.0000  |    0.4089/  0.4613/  0.4766            0.4766           0.2173     0.0029  |       0.2165      0.1988
 266      0.1297        1.0000  |    0.4110/  0.4607/  0.4772            0.4772           0.2173     0.0019  |       0.2167      0.1988
 267      0.1297        1.0000  |    0.4250/  0.4600/  0.4786            0.4786           0.2175     0.0013  |       0.2164      0.1988
 268      0.1297        1.0000  |    0.4220/  0.4575/  0.4724            0.4724           0.2172     0.0049  |       0.2152      0.1988
 269      0.1297        1.0000  |    0.4245/  0.4614/  0.4764            0.4764           0.2172     0.0029  |       0.2168      0.1988
 270      0.1297        1.0000  |    0.4322/  0.4634/  0.4784            0.4784           0.2175     0.0004  |       0.2146      0.1988
 271      0.1297        1.0000  |    0.4271/  0.4611/  0.4746            0.4746           0.2175     0.0032  |       0.2147      0.1988
 272      0.1297        1.0000  |    0.4266/  0.4618/  0.4777            0.4777           0.2172     0.0053  |       0.2148      0.1988
 273      0.1297        1.0000  |    0.4151/  0.4594/  0.4777            0.4777           0.2172     0.0014  |       0.2156      0.1988
 274      0.1297        1.0000  |    0.4206/  0.4623/  0.4778            0.4778           0.2175     0.0029  |       0.2167      0.1988
 275      0.1297        1.0000  |    0.4272/  0.4612/  0.4775            0.4775           0.2172     0.0033  |       0.2154      0.1988
 276      0.1297        1.0000  |    0.4398/  0.4668/  0.4807            0.4807           0.2172     0.0013  |       0.2175      0.1988
 277      0.1297        1.0000  |    0.4249/  0.4611/  0.4778            0.4778           0.2175     0.0037  |       0.2175      0.1988
 278      0.1297        1.0000  |    0.4256/  0.4594/  0.4766            0.4766           0.2175     0.0007  |       0.2195      0.1988
 279      0.1297        1.0000  |    0.4255/  0.4593/  0.4748            0.4748           0.2172     0.0051  |       0.2196      0.1988
 280      0.1297        1.0000  |    0.4198/  0.4552/  0.4724            0.4724           0.2172     0.0039  |       0.2178      0.1988
 281      0.1297        1.0000  |    0.4131/  0.4617/  0.4763            0.4763           0.2175     0.0043  |       0.2141      0.1988
 282      0.1297        1.0000  |    0.4184/  0.4566/  0.4728            0.4728           0.2172     0.0060  |       0.2165      0.1988
 283      0.1297        1.0000  |    0.4317/  0.4590/  0.4755            0.4755           0.2172     0.0007  |       0.2209      0.1988
 284      0.1297        1.0000  |    0.4236/  0.4595/  0.4751            0.4751           0.2175     0.0018  |       0.2218      0.1988
 285      0.1297        1.0000  |    0.4250/  0.4627/  0.4783            0.4783           0.2172     0.0014  |       0.2233      0.1988
 286      0.1297        1.0000  |    0.4270/  0.4603/  0.4759            0.4759           0.2172     0.0030  |       0.2241      0.1988
 287      0.1297        1.0000  |    0.4214/  0.4531/  0.4713            0.4713           0.2175     0.0037  |       0.2216      0.1988
 288      0.1297        1.0000  |    0.4150/  0.4612/  0.4786            0.4786           0.2175     0.0007  |       0.2246      0.1988
 289      0.1297        1.0000  |    0.4044/  0.4551/  0.4717            0.4717           0.2172     0.0007  |       0.2246      0.1988
 290      0.1297        1.0000  |    0.4121/  0.4553/  0.4706            0.4706           0.2172     0.0025  |       0.2242      0.1988
 291      0.1297        1.0000  |    0.4044/  0.4558/  0.4701            0.4701           0.2175     0.0013  |       0.2231      0.1988
 292      0.1297        1.0000  |    0.4167/  0.4589/  0.4759            0.4759           0.2172     0.0030  |       0.2230      0.1988
 293      0.1297        1.0000  |    0.4137/  0.4631/  0.4788            0.4788           0.2172     0.0025  |       0.2240      0.1988
 294      0.1297        1.0000  |    0.3987/  0.4582/  0.4745            0.4745           0.2175     0.0038  |       0.2229      0.1988
 295      0.1297        1.0000  |    0.4184/  0.4595/  0.4756            0.4756           0.2175     0.0050  |       0.2235      0.1988
 296      0.1297        1.0000  |    0.4239/  0.4597/  0.4747            0.4747           0.2172     0.0018  |       0.2240      0.1988
 297      0.1297        1.0000  |    0.3975/  0.4518/  0.4691            0.4691           0.2173     0.0037  |       0.2226      0.1988
 298      0.1297        1.0000  |    0.4257/  0.4599/  0.4754            0.4754           0.2176     0.0034  |       0.2226      0.1988
 299      0.1297        1.0000  |    0.4282/  0.4570/  0.4739            0.4739           0.2173     0.0032  |       0.2223      0.1988
IMAGEIO FFMPEG_WRITER WARNING: input image is not divisible by macro_block_size=16, resizing from (320, 180) to (320, 192) to ensure video compatibility with most codecs and players. To prevent resizing, make your input image divisible by the macro_block_size or set the macro_block_size to 1 (risking incompatibility).

Saved 300 frames -> /home/ashwink/Documents/swms/SWM_copy/rollouts_5_per/expert-only/epoch2/epoch2_rollout1_failure.mp4
min dist(green_cube,blue_moon) over episode = 0.1988  ->  FAILURE
Full log written to /home/ashwink/Documents/swms/SWM_copy/rollouts_5_per/expert-only/epoch2/epoch2_rollout1_20260723_120521.log
Result json -> /home/ashwink/Documents/swms/SWM_copy/rollouts_5_per/expert-only/epoch2/epoch2_rollout1_result.json
