Checkpoint dir epoch: 6  Rollout: 4
Logging to /home/ashwink/Documents/swms/SWM_copy/rollouts_5_per/expert-only/epoch6/epoch6_rollout4_20260723_124725.log
Goal (fixed, steps 0-299): the green cube is touching the blue moon. the peg is touching the green cube.

Checkpoint: /home/ashwink/Documents/swms/SWM_copy/training/checkpoints_clip_full_finetuned_wider_hl/epoch_006.pt
  epoch=6  step=6006

Loading CLIP ViT-L/14 (datacomp_xl_s13b_b90k) + fine-tuned clip_state_dict ...
Parsing model identifier. Schema: None, Identifier: ViT-L-14
Loaded built-in ViT-L-14 model config.
Instantiating model architecture: CLIP
Loading full pretrained weights from: /home/ashwink/.cache/huggingface/hub/models--laion--CLIP-ViT-L-14-DataComp.XL-s13B-b90K/snapshots/84c9828e63dc9a9351d1fe637c346d4c1c4db341/open_clip_pytorch_model.bin
Final image preprocessing configuration set: {'size': (224, 224), 'mode': 'RGB', 'mean': (0.48145466, 0.4578275, 0.40821073), 'std': (0.26862954, 0.26130258, 0.27577711), 'interpolation': 'bicubic', 'resize_mode': 'shortest', 'fill_color': 0}
Model ViT-L-14 creation process complete.
Parsing tokenizer identifier. Schema: None, Identifier: ViT-L-14
Attempting to load config from built-in: ViT-L-14
Using default SimpleTokenizer.
z_star shape: torch.Size([768])

Loading action stats from /home/ashwink/full_data_5000/langtable/demos/ ...
  lo=[-0.03372681140899658, -0.03493623435497284]  hi=[0.03496786952018738, 0.03494429588317871]

Initializing LangTable env ...
Loading URDF plane.urdf
Loading URDF /home/ashwink/Documents/swms/.venv/lib/python3.10/site-packages/language_table/environments/utils/../../../language_table/environments/assets/workspace_real.urdf
Loading URDF xarm/xarm6_robot_white.urdf
Loading URDF /home/ashwink/Documents/swms/.venv/lib/python3.10/site-packages/language_table/environments/utils/../../../language_table/environments/assets/suction/cylinder_real.urdf
Loading URDF /home/ashwink/Documents/swms/.venv/lib/python3.10/site-packages/language_table/environments/utils/../../../language_table/environments/assets/blocks/red_moon.urdf
Loading URDF /home/ashwink/Documents/swms/.venv/lib/python3.10/site-packages/language_table/environments/utils/../../../language_table/environments/assets/blocks/red_cube.urdf
Loading URDF /home/ashwink/Documents/swms/.venv/lib/python3.10/site-packages/language_table/environments/utils/../../../language_table/environments/assets/blocks/red_star.urdf
Loading URDF /home/ashwink/Documents/swms/.venv/lib/python3.10/site-packages/language_table/environments/utils/../../../language_table/environments/assets/blocks/red_pentagon.urdf
Loading URDF /home/ashwink/Documents/swms/.venv/lib/python3.10/site-packages/language_table/environments/utils/../../../language_table/environments/assets/blocks/blue_moon.urdf
Loading URDF /home/ashwink/Documents/swms/.venv/lib/python3.10/site-packages/language_table/environments/utils/../../../language_table/environments/assets/blocks/blue_cube.urdf
Loading URDF /home/ashwink/Documents/swms/.venv/lib/python3.10/site-packages/language_table/environments/utils/../../../language_table/environments/assets/blocks/blue_star.urdf
Loading URDF /home/ashwink/Documents/swms/.venv/lib/python3.10/site-packages/language_table/environments/utils/../../../language_table/environments/assets/blocks/blue_pentagon.urdf
Loading URDF /home/ashwink/Documents/swms/.venv/lib/python3.10/site-packages/language_table/environments/utils/../../../language_table/environments/assets/blocks/yellow_moon.urdf
Loading URDF /home/ashwink/Documents/swms/.venv/lib/python3.10/site-packages/language_table/environments/utils/../../../language_table/environments/assets/blocks/yellow_cube.urdf
Loading URDF /home/ashwink/Documents/swms/.venv/lib/python3.10/site-packages/language_table/environments/utils/../../../language_table/environments/assets/blocks/yellow_star.urdf
Loading URDF /home/ashwink/Documents/swms/.venv/lib/python3.10/site-packages/language_table/environments/utils/../../../language_table/environments/assets/blocks/yellow_pentagon.urdf
Loading URDF /home/ashwink/Documents/swms/.venv/lib/python3.10/site-packages/language_table/environments/utils/../../../language_table/environments/assets/blocks/green_moon.urdf
Loading URDF /home/ashwink/Documents/swms/.venv/lib/python3.10/site-packages/language_table/environments/utils/../../../language_table/environments/assets/blocks/green_cube.urdf
Loading URDF /home/ashwink/Documents/swms/.venv/lib/python3.10/site-packages/language_table/environments/utils/../../../language_table/environments/assets/blocks/green_star.urdf
Loading URDF /home/ashwink/Documents/swms/.venv/lib/python3.10/site-packages/language_table/environments/utils/../../../language_table/environments/assets/blocks/green_pentagon.urdf
Loading URDF /home/ashwink/Documents/swms/.venv/lib/python3.10/site-packages/language_table/environments/utils/../../../language_table/environments/assets/blocks/purple_moon.urdf
Loading URDF /home/ashwink/Documents/swms/.venv/lib/python3.10/site-packages/language_table/environments/utils/../../../language_table/environments/assets/blocks/purple_cube.urdf
Loading URDF /home/ashwink/Documents/swms/.venv/lib/python3.10/site-packages/language_table/environments/utils/../../../language_table/environments/assets/blocks/purple_star.urdf
Loading URDF /home/ashwink/Documents/swms/.venv/lib/python3.10/site-packages/language_table/environments/utils/../../../language_table/environments/assets/blocks/purple_pentagon.urdf
Env ready.

Forced peg start: [0.42843915 0.24419614]  (green_cube=[0.40339102 0.18967466], blue_moon=[0.32039625 0.00902261])
  dist(peg,green_cube)=0.0600  dist(peg,blue_moon)=0.2588  dist(green_cube,blue_moon)=0.1988

step  cos(zt,z*)  cos(zt,zt-1)  |   cos(predK,z*) min/mean/max  cos(pred_sel,z*)   cos(zpred0,z*)  ||a_raw||  |  dist(peg,A)   dist(A,B)
-------------------------------------------------------------------------------------------------------------------------------------------------------------------------------
   0      0.1241           nan  |    0.5680/  0.7143/  0.7341            0.7341           0.6677     0.0147  |       0.0587      0.1988
   1      0.1244        0.9954  |    0.6904/  0.7138/  0.7222            0.7222           0.6677     0.0030  |       0.0517      0.1988
   2      0.1258        0.9977  |    0.6649/  0.7029/  0.7137            0.7137           0.6665     0.0036  |       0.0513      0.1988
   3      0.1273        0.9982  |    0.6375/  0.7077/  0.7190            0.7190           0.6679     0.0201  |       0.0521      0.1988
   4      0.1173        0.9834  |    0.6543/  0.7132/  0.7260            0.7260           0.6723     0.0114  |       0.0388      0.1988
   5      0.1315        0.9580  |    0.6740/  0.7196/  0.7302            0.7302           0.6716     0.0022  |       0.0346      0.1963
   6      0.1336        0.9874  |    0.7005/  0.7311/  0.7426            0.7426           0.6734     0.0066  |       0.0355      0.1963
   7      0.1116        0.9781  |    0.6605/  0.7132/  0.7242            0.7242           0.6704     0.0008  |       0.0369      0.1963
   8      0.1132        0.9991  |    0.6895/  0.7117/  0.7227            0.7227           0.6676     0.0045  |       0.0370      0.1963
   9      0.1411        0.9520  |    0.7004/  0.7325/  0.7444            0.7444           0.6858     0.0043  |       0.0349      0.1947
  10      0.1316        0.9817  |    0.7008/  0.7230/  0.7337            0.7337           0.6838     0.0079  |       0.0377      0.1947
  11      0.1056        0.9846  |    0.6743/  0.6905/  0.6987            0.6987           0.6646     0.0063  |       0.0426      0.1947
  12      0.1104        0.9945  |    0.6732/  0.7018/  0.7130            0.7130           0.6723     0.0042  |       0.0449      0.1947
  13      0.1021        0.9977  |    0.6700/  0.6946/  0.7055            0.7055           0.6628     0.0064  |       0.0463      0.1947
  14      0.1088        0.9933  |    0.6674/  0.6876/  0.6982            0.6982           0.6620     0.0046  |       0.0450      0.1947
  15      0.0966        0.9925  |    0.6430/  0.6781/  0.6866            0.6866           0.6466     0.0019  |       0.0479      0.1947
  16      0.1064        0.9934  |    0.6447/  0.6971/  0.7080            0.7080           0.6634     0.0028  |       0.0477      0.1947
  17      0.0993        0.9965  |    0.6554/  0.6823/  0.6922            0.6922           0.6500     0.0089  |       0.0498      0.1947
  18      0.1064        0.9947  |    0.6561/  0.6928/  0.7028            0.7028           0.6592     0.0020  |       0.0538      0.1947
  19      0.1049        0.9988  |    0.6543/  0.6888/  0.6989            0.6989           0.6566     0.0119  |       0.0525      0.1947
  20      0.0912        0.9925  |    0.6398/  0.6691/  0.6785            0.6785           0.6351     0.0056  |       0.0528      0.1947
  21      0.0975        0.9957  |    0.6543/  0.6916/  0.7012            0.7012           0.6521     0.0032  |       0.0486      0.1947
  22      0.1112        0.9886  |    0.6764/  0.6973/  0.7077            0.7077           0.6533     0.0041  |       0.0455      0.1947
  23      0.0957        0.9844  |    0.6537/  0.6924/  0.7027            0.7027           0.6595     0.0048  |       0.0444      0.1947
  24      0.0975        0.9970  |    0.6633/  0.6891/  0.7001            0.7001           0.6532     0.0040  |       0.0486      0.1947
  25      0.0955        0.9957  |    0.6159/  0.6716/  0.6808            0.6808           0.6426     0.0046  |       0.0491      0.1947
  26      0.0932        0.9965  |    0.6657/  0.6812/  0.6905            0.6905           0.6492     0.0020  |       0.0496      0.1947
  27      0.0918        0.9971  |    0.6571/  0.6815/  0.6915            0.6915           0.6474     0.0033  |       0.0489      0.1947
  28      0.1011        0.9963  |    0.6554/  0.6803/  0.6899            0.6899           0.6495     0.0042  |       0.0464      0.1947
  29      0.0956        0.9972  |    0.6306/  0.6819/  0.6931            0.6931           0.6498     0.0072  |       0.0495      0.1947
  30      0.1236        0.9673  |    0.6657/  0.7092/  0.7212            0.7212           0.6517     0.0003  |       0.0490      0.1947
  31      0.1220        0.9981  |    0.6412/  0.7066/  0.7170            0.7170           0.6551     0.0025  |       0.0490      0.1947
  32      0.1488        0.9692  |    0.7087/  0.7388/  0.7503            0.7503           0.6773     0.0052  |       0.0474      0.1947
  33      0.1451        0.9848  |    0.6536/  0.7283/  0.7386            0.7386           0.6617     0.0027  |       0.0510      0.1947
  34      0.1274        0.9663  |    0.6672/  0.7069/  0.7178            0.7178           0.6621     0.0065  |       0.0527      0.1947
  35      0.1356        0.9865  |    0.6566/  0.7317/  0.7463            0.7463           0.6777     0.0056  |       0.0476      0.1947
  36      0.1487        0.9635  |    0.6189/  0.7338/  0.7451            0.7451           0.6739     0.0019  |       0.0498      0.1947
  37      0.1584        0.9837  |    0.6632/  0.7256/  0.7368            0.7368           0.6675     0.0028  |       0.0510      0.1947
  38      0.1580        0.9922  |    0.6830/  0.7245/  0.7362            0.7362           0.6681     0.0051  |       0.0486      0.1947
  39      0.1555        0.9752  |    0.6792/  0.7191/  0.7277            0.7277           0.6507     0.0100  |       0.0456      0.1947
  40      0.1434        0.9681  |    0.6970/  0.7320/  0.7435            0.7435           0.6509     0.0069  |       0.0467      0.1947
  41      0.1461        0.9683  |    0.6831/  0.7269/  0.7373            0.7373           0.6563     0.0111  |       0.0493      0.1947
  42      0.1438        0.9587  |    0.6879/  0.7092/  0.7193            0.7193           0.6471     0.0082  |       0.0497      0.1947
  43      0.1419        0.9530  |    0.6889/  0.7138/  0.7233            0.7233           0.6592     0.0092  |       0.0527      0.1947
  44      0.1052        0.9473  |    0.6354/  0.6520/  0.6612            0.6612           0.5923     0.0030  |       0.0577      0.1947
  45      0.1082        0.9851  |    0.6576/  0.6737/  0.6825            0.6825           0.6114     0.0014  |       0.0577      0.1947
  46      0.1047        0.9901  |    0.6379/  0.6816/  0.6899            0.6899           0.6244     0.0069  |       0.0565      0.1947
  47      0.1052        0.9725  |    0.6298/  0.6447/  0.6560            0.6560           0.5946     0.0064  |       0.0610      0.1947
  48      0.0955        0.9669  |    0.6070/  0.6236/  0.6339            0.6339           0.5596     0.0064  |       0.0608      0.1947
  49      0.0920        0.9769  |    0.5238/  0.5429/  0.5547            0.5547           0.4348     0.0043  |       0.0657      0.1947
  50      0.0979        0.9813  |    0.6252/  0.6514/  0.6600            0.6600           0.5664     0.0102  |       0.0647      0.1947
  51      0.0943        0.9671  |    0.6396/  0.6613/  0.6714            0.6714           0.5984     0.0063  |       0.0668      0.1947
  52      0.0858        0.9415  |    0.4899/  0.5119/  0.5252            0.5252           0.4135     0.0066  |       0.0694      0.1947
  53      0.0799        0.9553  |    0.5897/  0.6180/  0.6273            0.6273           0.5352     0.0082  |       0.0738      0.1947
  54      0.0795        0.9439  |    0.5715/  0.5933/  0.6042            0.6042           0.4638     0.0058  |       0.0799      0.1947
  55      0.0621        0.9754  |    0.4365/  0.4613/  0.4720            0.4720           0.2540     0.0073  |       0.0839      0.1947
  56      0.0752        0.9648  |    0.4445/  0.4799/  0.4945            0.4945           0.2414     0.0128  |       0.0895      0.1947
  57      0.0741        0.9083  |    0.3010/  0.3270/  0.3401            0.3401           0.0171     0.0086  |       0.0979      0.1947
  58      0.0363        0.9430  |   -0.1704/ -0.1533/ -0.1379           -0.1379          -0.3932     0.0148  |       0.1046      0.1947
  59      0.0315        0.9437  |   -0.2481/ -0.2253/ -0.2109           -0.2109          -0.3810     0.0099  |       0.1108      0.1947
  60     -0.0086        0.9411  |   -0.3865/ -0.3525/ -0.3404           -0.3404          -0.3905     0.0165  |       0.1181      0.1947
  61     -0.0005        0.8888  |   -0.2549/ -0.2340/ -0.2191           -0.2191          -0.3397     0.0123  |       0.1154      0.1947
  62      0.0092        0.9366  |   -0.2112/ -0.1701/ -0.1570           -0.1570          -0.3869     0.0133  |       0.1169      0.1947
  63     -0.0156        0.8918  |   -0.2787/ -0.1518/ -0.1403           -0.1403          -0.3707     0.0204  |       0.1229      0.1947
  64     -0.0346        0.8696  |   -0.2447/ -0.2132/ -0.2022           -0.2022          -0.3742     0.0162  |       0.1409      0.1947
  65     -0.0344        0.8847  |   -0.2810/ -0.2655/ -0.2551           -0.2551          -0.3444     0.0132  |       0.1523      0.1947
  66     -0.0334        0.8172  |   -0.4053/ -0.3618/ -0.3474           -0.3474          -0.4600     0.0041  |       0.1650      0.1947
  67     -0.0342        0.9702  |   -0.3507/ -0.2956/ -0.2785           -0.2785          -0.4635     0.0093  |       0.1690      0.1947
  68     -0.0188        0.9380  |   -0.3539/ -0.2436/ -0.2293           -0.2293          -0.4311     0.0063  |       0.1766      0.1947
  69     -0.0163        0.9675  |   -0.3004/ -0.2616/ -0.2467           -0.2467          -0.4505     0.0076  |       0.1780      0.1947
  70     -0.0224        0.9584  |   -0.3416/ -0.2978/ -0.2862           -0.2862          -0.3871     0.0061  |       0.1784      0.1947
  71     -0.0178        0.9345  |   -0.2879/ -0.2436/ -0.2297           -0.2297          -0.3242     0.0032  |       0.1835      0.1947
  72     -0.0155        0.9432  |   -0.2410/ -0.1999/ -0.1869           -0.1869          -0.3515     0.0066  |       0.1868      0.1947
  73     -0.0373        0.9304  |   -0.2315/ -0.2135/ -0.2035           -0.2035          -0.3122     0.0086  |       0.1882      0.1947
  74      0.0009        0.8788  |   -0.1738/ -0.1565/ -0.1390           -0.1390          -0.2642     0.0060  |       0.1897      0.1947
  75     -0.0018        0.8659  |   -0.1182/ -0.0957/ -0.0811           -0.0811          -0.3876     0.0129  |       0.1881      0.1947
  76     -0.0116        0.8545  |   -0.2768/ -0.2589/ -0.2485           -0.2485          -0.3324     0.0209  |       0.1918      0.1947
  77      0.0287        0.8384  |   -0.1438/ -0.1266/ -0.1157           -0.1157          -0.3485     0.0155  |       0.2084      0.1947
  78      0.0128        0.8934  |   -0.0793/ -0.0638/ -0.0521           -0.0521          -0.2644     0.0156  |       0.2198      0.1947
  79     -0.0091        0.9381  |   -0.1541/ -0.1342/ -0.1217           -0.1217          -0.3691     0.0289  |       0.2324      0.1947
  80     -0.0103        0.8978  |   -0.1006/ -0.0854/ -0.0727           -0.0727          -0.3429     0.0234  |       0.2506      0.1947
  81      0.0014        0.8646  |   -0.1207/ -0.1054/ -0.0969           -0.0969          -0.3796     0.0309  |       0.2688      0.1947
  82      0.0501        0.8806  |   -0.1278/ -0.0932/ -0.0559           -0.0559          -0.3711     0.0346  |       0.2770      0.1947
  83      0.0574        0.9270  |   -0.0557/ -0.0369/ -0.0240           -0.0240          -0.3958     0.0265  |       0.2754      0.1947
  84      0.0723        0.8874  |   -0.0130/  0.0099/  0.0291            0.0291          -0.3714     0.0403  |       0.2790      0.1947
  85      0.0696        0.9008  |    0.0706/  0.0984/  0.1174            0.1174          -0.3398     0.0488  |       0.2941      0.1947
  86      0.0948        0.8134  |    0.1196/  0.1366/  0.1499            0.1499          -0.3598     0.0482  |       0.3201      0.1947
  87      0.1140        0.6599  |    0.0667/  0.0777/  0.0881            0.0881          -0.1613     0.0331  |       0.3480      0.1947
  88      0.0816        0.8081  |    0.0948/  0.1185/  0.1307            0.1307          -0.0535     0.0285  |       0.3740      0.1947
  89      0.0814        0.8503  |    0.0042/  0.0308/  0.0482            0.0482          -0.2641     0.0258  |       0.3968      0.1947
  90      0.0849        0.8859  |    0.1757/  0.2129/  0.2312            0.2312           0.0038     0.0159  |       0.4184      0.1947
  91      0.0914        0.9076  |    0.4935/  0.5138/  0.5240            0.5240           0.4049     0.0064  |       0.4325      0.1947
  92      0.0588        0.9315  |    0.5381/  0.5670/  0.5782            0.5782           0.4353     0.0074  |       0.4388      0.1947
  93      0.0588        1.0000  |    0.5397/  0.5601/  0.5710            0.5710           0.4353     0.0084  |       0.4451      0.1947
  94      0.0588        1.0000  |    0.5261/  0.5614/  0.5717            0.5717           0.4353     0.0051  |       0.4461      0.1947
  95      0.0590        1.0000  |    0.5241/  0.5654/  0.5759            0.5759           0.4359     0.0041  |       0.4483      0.1947
  96      0.0590        1.0000  |    0.5271/  0.5647/  0.5751            0.5751           0.4355     0.0060  |       0.4514      0.1947
  97      0.0588        1.0000  |    0.5378/  0.5613/  0.5709            0.5709           0.4353     0.0032  |       0.4555      0.1947
  98      0.0588        1.0000  |    0.5388/  0.5663/  0.5750            0.5750           0.4353     0.0059  |       0.4567      0.1947
  99      0.0588        1.0000  |    0.5394/  0.5621/  0.5731            0.5731           0.4353     0.0062  |       0.4612      0.1947
 100      0.0588        1.0000  |    0.5189/  0.5590/  0.5713            0.5713           0.4353     0.0045  |       0.4643      0.1947
 101      0.0588        1.0000  |    0.5395/  0.5617/  0.5726            0.5726           0.4353     0.0026  |       0.4668      0.1947
 102      0.0588        1.0000  |    0.5364/  0.5622/  0.5727            0.5727           0.4353     0.0053  |       0.4687      0.1947
 103      0.0588        1.0000  |    0.5397/  0.5581/  0.5724            0.5724           0.4353     0.0042  |       0.4734      0.1947
 104      0.0588        1.0000  |    0.5361/  0.5589/  0.5686            0.5686           0.4353     0.0064  |       0.4772      0.1947
 105      0.0588        1.0000  |    0.5301/  0.5596/  0.5713            0.5713           0.4353     0.0035  |       0.4823      0.1947
 106      0.0588        1.0000  |    0.5430/  0.5627/  0.5735            0.5735           0.4353     0.0035  |       0.4845      0.1947
 107      0.0588        1.0000  |    0.5395/  0.5609/  0.5718            0.5718           0.4353     0.0062  |       0.4874      0.1947
 108      0.0588        1.0000  |    0.5376/  0.5620/  0.5733            0.5733           0.4353     0.0076  |       0.4916      0.1947
 109      0.0588        1.0000  |    0.5369/  0.5610/  0.5730            0.5730           0.4353     0.0051  |       0.4933      0.1947
 110      0.0588        1.0000  |    0.5405/  0.5595/  0.5705            0.5705           0.4353     0.0055  |       0.4971      0.1947
 111      0.0588        1.0000  |    0.5375/  0.5593/  0.5710            0.5710           0.4353     0.0031  |       0.5021      0.1947
 112      0.0588        1.0000  |    0.5400/  0.5617/  0.5720            0.5720           0.4353     0.0018  |       0.5040      0.1947
 113      0.0588        1.0000  |    0.5415/  0.5641/  0.5737            0.5737           0.4353     0.0052  |       0.5049      0.1947
 114      0.0588        1.0000  |    0.5337/  0.5623/  0.5737            0.5737           0.4353     0.0057  |       0.5057      0.1947
 115      0.0588        1.0000  |    0.5410/  0.5597/  0.5695            0.5695           0.4353     0.0056  |       0.5100      0.1947
 116      0.0588        1.0000  |    0.5343/  0.5591/  0.5714            0.5714           0.4353     0.0049  |       0.5076      0.1947
 117      0.0588        1.0000  |    0.5401/  0.5621/  0.5732            0.5732           0.4353     0.0040  |       0.5107      0.1947
 118      0.0588        1.0000  |    0.5337/  0.5598/  0.5706            0.5706           0.4353     0.0036  |       0.5144      0.1947
 119      0.0588        1.0000  |    0.5414/  0.5620/  0.5729            0.5729           0.4353     0.0098  |       0.5164      0.1947
 120      0.0588        1.0000  |    0.5294/  0.5591/  0.5697            0.5697           0.4353     0.0020  |       0.5239      0.1947
 121      0.0588        1.0000  |    0.5285/  0.5589/  0.5712            0.5712           0.4353     0.0042  |       0.5249      0.1947
 122      0.0588        1.0000  |    0.5404/  0.5631/  0.5747            0.5747           0.4353     0.0033  |       0.5245      0.1947
 123      0.0588        1.0000  |    0.5349/  0.5593/  0.5706            0.5706           0.4353     0.0038  |       0.5250      0.1947
 124      0.0588        1.0000  |    0.5112/  0.5582/  0.5682            0.5682           0.4353     0.0022  |       0.5249      0.1947
 125      0.0588        1.0000  |    0.5314/  0.5610/  0.5719            0.5719           0.4353     0.0028  |       0.5249      0.1947
 126      0.0588        1.0000  |    0.5212/  0.5549/  0.5655            0.5655           0.4353     0.0048  |       0.5250      0.1947
 127      0.0588        1.0000  |    0.5423/  0.5604/  0.5737            0.5737           0.4353     0.0005  |       0.5250      0.1947
 128      0.0588        1.0000  |    0.5411/  0.5630/  0.5739            0.5739           0.4353     0.0051  |       0.5251      0.1947
 129      0.0588        1.0000  |    0.5348/  0.5613/  0.5723            0.5723           0.4353     0.0036  |       0.5251      0.1947
 130      0.0588        1.0000  |    0.5471/  0.5645/  0.5741            0.5741           0.4353     0.0048  |       0.5251      0.1947
 131      0.0588        1.0000  |    0.5286/  0.5629/  0.5718            0.5718           0.4353     0.0074  |       0.5251      0.1947
 132      0.0588        1.0000  |    0.5317/  0.5594/  0.5697            0.5697           0.4353     0.0055  |       0.5250      0.1947
 133      0.0588        1.0000  |    0.5296/  0.5594/  0.5709            0.5709           0.4353     0.0076  |       0.5250      0.1947
 134      0.0588        1.0000  |    0.5458/  0.5600/  0.5703            0.5703           0.4353     0.0033  |       0.5250      0.1947
 135      0.0588        1.0000  |    0.5402/  0.5615/  0.5719            0.5719           0.4353     0.0042  |       0.5251      0.1947
 136      0.0588        1.0000  |    0.5390/  0.5597/  0.5706            0.5706           0.4353     0.0071  |       0.5242      0.1947
 137      0.0588        1.0000  |    0.5341/  0.5581/  0.5711            0.5711           0.4353     0.0068  |       0.5242      0.1947
 138      0.0590        1.0000  |    0.5360/  0.5595/  0.5709            0.5709           0.4357     0.0053  |       0.5249      0.1947
 139      0.0590        1.0000  |    0.5403/  0.5610/  0.5749            0.5749           0.4357     0.0034  |       0.5251      0.1947
 140      0.0590        1.0000  |    0.5352/  0.5616/  0.5713            0.5713           0.4357     0.0019  |       0.5248      0.1947
 141      0.0590        1.0000  |    0.5339/  0.5612/  0.5702            0.5702           0.4357     0.0065  |       0.5248      0.1947
 142      0.0590        1.0000  |    0.5369/  0.5622/  0.5738            0.5738           0.4357     0.0028  |       0.5250      0.1947
 143      0.0590        1.0000  |    0.5385/  0.5608/  0.5706            0.5706           0.4357     0.0065  |       0.5251      0.1947
 144      0.0590        1.0000  |    0.5476/  0.5660/  0.5758            0.5758           0.4357     0.0041  |       0.5250      0.1947
 145      0.0590        1.0000  |    0.5352/  0.5610/  0.5708            0.5708           0.4357     0.0042  |       0.5251      0.1947
 146      0.0590        1.0000  |    0.5406/  0.5602/  0.5714            0.5714           0.4357     0.0022  |       0.5252      0.1947
 147      0.0590        1.0000  |    0.5385/  0.5584/  0.5717            0.5717           0.4357     0.0058  |       0.5252      0.1947
 148      0.0590        1.0000  |    0.5339/  0.5637/  0.5759            0.5759           0.4357     0.0070  |       0.5251      0.1947
 149      0.0590        1.0000  |    0.5439/  0.5622/  0.5718            0.5718           0.4357     0.0028  |       0.5251      0.1947
 150      0.0590        1.0000  |    0.5266/  0.5594/  0.5702            0.5702           0.4357     0.0026  |       0.5251      0.1947
 151      0.0590        1.0000  |    0.5480/  0.5652/  0.5743            0.5743           0.4366     0.0071  |       0.5251      0.1947
 152      0.0590        1.0000  |    0.5152/  0.5591/  0.5715            0.5715           0.4366     0.0021  |       0.5251      0.1947
 153      0.0590        1.0000  |    0.5301/  0.5590/  0.5720            0.5720           0.4366     0.0026  |       0.5246      0.1947
 154      0.0590        1.0000  |    0.5357/  0.5654/  0.5755            0.5755           0.4371     0.0065  |       0.5249      0.1947
 155      0.0590        1.0000  |    0.5351/  0.5596/  0.5709            0.5709           0.4371     0.0062  |       0.5252      0.1947
 156      0.0590        1.0000  |    0.5388/  0.5608/  0.5724            0.5724           0.4371     0.0037  |       0.5251      0.1947
 157      0.0590        1.0000  |    0.5468/  0.5624/  0.5724            0.5724           0.4371     0.0049  |       0.5247      0.1947
 158      0.0590        1.0000  |    0.5399/  0.5624/  0.5731            0.5731           0.4366     0.0022  |       0.5250      0.1947
 159      0.0590        1.0000  |    0.5324/  0.5590/  0.5696            0.5696           0.4371     0.0070  |       0.5251      0.1947
 160      0.0590        1.0000  |    0.5368/  0.5626/  0.5742            0.5742           0.4371     0.0038  |       0.5252      0.1947
 161      0.0590        1.0000  |    0.5357/  0.5603/  0.5712            0.5712           0.4371     0.0049  |       0.5248      0.1947
 162      0.0589        1.0000  |    0.5416/  0.5616/  0.5734            0.5734           0.4370     0.0020  |       0.5250      0.1947
 163      0.0589        1.0000  |    0.5393/  0.5623/  0.5728            0.5728           0.4370     0.0067  |       0.5251      0.1947
 164      0.0589        1.0000  |    0.5308/  0.5595/  0.5714            0.5714           0.4370     0.0039  |       0.5252      0.1947
 165      0.0589        1.0000  |    0.5388/  0.5619/  0.5731            0.5731           0.4370     0.0013  |       0.5245      0.1947
 166      0.0589        1.0000  |    0.5350/  0.5591/  0.5702            0.5702           0.4370     0.0054  |       0.5248      0.1947
 167      0.0589        1.0000  |    0.5314/  0.5614/  0.5741            0.5741           0.4368     0.0047  |       0.5251      0.1947
 168      0.0589        1.0000  |    0.5381/  0.5626/  0.5743            0.5743           0.4368     0.0045  |       0.5249      0.1947
 169      0.0589        1.0000  |    0.5379/  0.5642/  0.5743            0.5743           0.4368     0.0080  |       0.5217      0.1947
 170      0.0589        1.0000  |    0.5402/  0.5641/  0.5756            0.5756           0.4368     0.0051  |       0.5232      0.1947
 171      0.0589        1.0000  |    0.5358/  0.5647/  0.5758            0.5758           0.4370     0.0060  |       0.5251      0.1947
 172      0.0589        1.0000  |    0.5448/  0.5650/  0.5738            0.5738           0.4370     0.0043  |       0.5253      0.1947
 173      0.0589        1.0000  |    0.5166/  0.5572/  0.5677            0.5677           0.4370     0.0065  |       0.5253      0.1947
 174      0.0589        1.0000  |    0.5395/  0.5629/  0.5726            0.5726           0.4370     0.0076  |       0.5253      0.1947
 175      0.0589        1.0000  |    0.5236/  0.5642/  0.5737            0.5737           0.4370     0.0037  |       0.5253      0.1947
 176      0.0589        1.0000  |    0.5448/  0.5637/  0.5742            0.5742           0.4370     0.0072  |       0.5250      0.1947
 177      0.0589        1.0000  |    0.5400/  0.5602/  0.5716            0.5716           0.4370     0.0049  |       0.5252      0.1947
 178      0.0589        1.0000  |    0.5013/  0.5631/  0.5728            0.5728           0.4370     0.0012  |       0.5252      0.1947
 179      0.0589        1.0000  |    0.5358/  0.5636/  0.5728            0.5728           0.4370     0.0035  |       0.5252      0.1947
 180      0.0589        1.0000  |    0.5302/  0.5598/  0.5712            0.5712           0.4370     0.0037  |       0.5248      0.1947
 181      0.0589        1.0000  |    0.5380/  0.5638/  0.5751            0.5751           0.4370     0.0055  |       0.5250      0.1947
 182      0.0589        1.0000  |    0.5409/  0.5621/  0.5718            0.5718           0.4370     0.0066  |       0.5252      0.1947
 183      0.0589        1.0000  |    0.5355/  0.5596/  0.5684            0.5684           0.4370     0.0051  |       0.5252      0.1947
 184      0.0589        1.0000  |    0.5366/  0.5602/  0.5710            0.5710           0.4370     0.0076  |       0.5252      0.1947
 185      0.0589        1.0000  |    0.5356/  0.5586/  0.5693            0.5693           0.4370     0.0037  |       0.5252      0.1947
 186      0.0589        1.0000  |    0.5323/  0.5606/  0.5726            0.5726           0.4370     0.0072  |       0.5247      0.1947
 187      0.0589        1.0000  |    0.5260/  0.5620/  0.5722            0.5722           0.4370     0.0026  |       0.5251      0.1947
 188      0.0589        1.0000  |    0.5374/  0.5605/  0.5723            0.5723           0.4370     0.0044  |       0.5252      0.1947
 189      0.0589        1.0000  |    0.5352/  0.5622/  0.5752            0.5752           0.4370     0.0043  |       0.5252      0.1947
 190      0.0589        1.0000  |    0.5404/  0.5617/  0.5727            0.5727           0.4370     0.0043  |       0.5252      0.1947
 191      0.0589        1.0000  |    0.5247/  0.5624/  0.5716            0.5716           0.4370     0.0046  |       0.5252      0.1947
 192      0.0589        1.0000  |    0.5431/  0.5640/  0.5740            0.5740           0.4370     0.0054  |       0.5252      0.1947
 193      0.0589        1.0000  |    0.5313/  0.5604/  0.5704            0.5704           0.4370     0.0030  |       0.5252      0.1947
 194      0.0589        1.0000  |    0.5341/  0.5588/  0.5700            0.5700           0.4370     0.0050  |       0.5252      0.1947
 195      0.0589        1.0000  |    0.5346/  0.5625/  0.5734            0.5734           0.4370     0.0063  |       0.5253      0.1947
 196      0.0589        1.0000  |    0.5397/  0.5644/  0.5752            0.5752           0.4370     0.0043  |       0.5253      0.1947
 197      0.0589        1.0000  |    0.5307/  0.5604/  0.5707            0.5707           0.4366     0.0100  |       0.5253      0.1947
 198      0.0589        1.0000  |    0.5448/  0.5606/  0.5712            0.5712           0.4366     0.0038  |       0.5253      0.1947
 199      0.0589        1.0000  |    0.5422/  0.5625/  0.5722            0.5722           0.4366     0.0044  |       0.5253      0.1947
 200      0.0589        1.0000  |    0.5404/  0.5635/  0.5746            0.5746           0.4366     0.0036  |       0.5243      0.1947
 201      0.0589        1.0000  |    0.5408/  0.5635/  0.5760            0.5760           0.4366     0.0045  |       0.5245      0.1947
 202      0.0589        1.0000  |    0.5405/  0.5620/  0.5717            0.5717           0.4366     0.0058  |       0.5250      0.1947
 203      0.0589        1.0000  |    0.5386/  0.5608/  0.5703            0.5703           0.4366     0.0059  |       0.5252      0.1947
 204      0.0589        1.0000  |    0.5328/  0.5633/  0.5741            0.5741           0.4366     0.0059  |       0.5253      0.1947
 205      0.0589        1.0000  |    0.5371/  0.5605/  0.5698            0.5698           0.4366     0.0057  |       0.5242      0.1947
 206      0.0588        1.0000  |    0.5374/  0.5620/  0.5732            0.5732           0.4363     0.0049  |       0.5250      0.1947
 207      0.0588        1.0000  |    0.5269/  0.5623/  0.5732            0.5732           0.4363     0.0044  |       0.5252      0.1947
 208      0.0588        1.0000  |    0.5320/  0.5608/  0.5718            0.5718           0.4363     0.0025  |       0.5253      0.1947
 209      0.0589        1.0000  |    0.5415/  0.5606/  0.5728            0.5728           0.4363     0.0030  |       0.5253      0.1947
 210      0.0588        1.0000  |    0.5292/  0.5630/  0.5751            0.5751           0.4363     0.0040  |       0.5253      0.1947
 211      0.0589        1.0000  |    0.5348/  0.5612/  0.5719            0.5719           0.4363     0.0101  |       0.5252      0.1947
 212      0.0589        1.0000  |    0.5405/  0.5596/  0.5715            0.5715           0.4363     0.0046  |       0.5253      0.1947
 213      0.0588        1.0000  |    0.5324/  0.5644/  0.5739            0.5739           0.4363     0.0039  |       0.5253      0.1947
 214      0.0589        1.0000  |    0.5306/  0.5636/  0.5741            0.5741           0.4363     0.0026  |       0.5253      0.1947
 215      0.0588        1.0000  |    0.5418/  0.5601/  0.5728            0.5728           0.4363     0.0055  |       0.5253      0.1947
 216      0.0588        1.0000  |    0.5453/  0.5607/  0.5728            0.5728           0.4363     0.0026  |       0.5253      0.1947
 217      0.0588        1.0000  |    0.5390/  0.5621/  0.5735            0.5735           0.4363     0.0040  |       0.5253      0.1947
 218      0.0588        1.0000  |    0.5262/  0.5642/  0.5738            0.5738           0.4363     0.0044  |       0.5253      0.1947
 219      0.0588        1.0000  |    0.5257/  0.5635/  0.5749            0.5749           0.4363     0.0055  |       0.5253      0.1947
 220      0.0588        1.0000  |    0.5368/  0.5636/  0.5745            0.5745           0.4363     0.0046  |       0.5253      0.1947
 221      0.0588        1.0000  |    0.5411/  0.5610/  0.5705            0.5705           0.4367     0.0028  |       0.5253      0.1947
 222      0.0589        1.0000  |    0.5353/  0.5622/  0.5723            0.5723           0.4369     0.0026  |       0.5253      0.1947
 223      0.0588        1.0000  |    0.5429/  0.5625/  0.5742            0.5742           0.4367     0.0055  |       0.5248      0.1947
 224      0.0588        1.0000  |    0.5422/  0.5640/  0.5756            0.5756           0.4367     0.0022  |       0.5245      0.1947
 225      0.0588        1.0000  |    0.5404/  0.5618/  0.5721            0.5721           0.4367     0.0052  |       0.5246      0.1947
 226      0.0588        1.0000  |    0.5122/  0.5599/  0.5708            0.5708           0.4367     0.0085  |       0.5251      0.1947
 227      0.0588        1.0000  |    0.5346/  0.5600/  0.5712            0.5712           0.4367     0.0035  |       0.5252      0.1947
 228      0.0588        1.0000  |    0.5420/  0.5614/  0.5724            0.5724           0.4367     0.0060  |       0.5253      0.1947
 229      0.0588        1.0000  |    0.5319/  0.5625/  0.5738            0.5738           0.4367     0.0054  |       0.5244      0.1947
 230      0.0588        1.0000  |    0.5453/  0.5635/  0.5721            0.5721           0.4367     0.0075  |       0.5250      0.1947
 231      0.0588        1.0000  |    0.5298/  0.5659/  0.5785            0.5785           0.4367     0.0045  |       0.5252      0.1947
 232      0.0588        1.0000  |    0.5321/  0.5657/  0.5756            0.5756           0.4367     0.0039  |       0.5252      0.1947
 233      0.0588        1.0000  |    0.5510/  0.5662/  0.5758            0.5758           0.4367     0.0034  |       0.5253      0.1947
 234      0.0588        1.0000  |    0.5355/  0.5614/  0.5720            0.5720           0.4367     0.0040  |       0.5253      0.1947
 235      0.0588        1.0000  |    0.5396/  0.5652/  0.5744            0.5744           0.4367     0.0025  |       0.5253      0.1947
 236      0.0588        1.0000  |    0.5471/  0.5665/  0.5772            0.5772           0.4367     0.0042  |       0.5247      0.1947
 237      0.0589        1.0000  |    0.5364/  0.5619/  0.5714            0.5714           0.4369     0.0057  |       0.5244      0.1947
 238      0.0588        1.0000  |    0.5367/  0.5613/  0.5730            0.5730           0.4367     0.0034  |       0.5248      0.1947
 239      0.0588        1.0000  |    0.5392/  0.5631/  0.5729            0.5729           0.4367     0.0034  |       0.5251      0.1947
 240      0.0588        1.0000  |    0.5269/  0.5622/  0.5722            0.5722           0.4367     0.0031  |       0.5233      0.1947
 241      0.0588        1.0000  |    0.5365/  0.5636/  0.5740            0.5740           0.4367     0.0051  |       0.5238      0.1947
 242      0.0588        1.0000  |    0.5414/  0.5626/  0.5730            0.5730           0.4367     0.0027  |       0.5246      0.1947
 243      0.0588        1.0000  |    0.5418/  0.5609/  0.5716            0.5716           0.4367     0.0025  |       0.5251      0.1947
 244      0.0588        1.0000  |    0.5375/  0.5616/  0.5719            0.5719           0.4367     0.0063  |       0.5252      0.1947
 245      0.0588        1.0000  |    0.5368/  0.5607/  0.5717            0.5717           0.4367     0.0074  |       0.5252      0.1947
 246      0.0588        1.0000  |    0.5338/  0.5640/  0.5740            0.5740           0.4367     0.0058  |       0.5252      0.1947
 247      0.0588        1.0000  |    0.5224/  0.5632/  0.5749            0.5749           0.4367     0.0049  |       0.5252      0.1947
 248      0.0588        1.0000  |    0.5398/  0.5644/  0.5741            0.5741           0.4367     0.0026  |       0.5252      0.1947
 249      0.0589        1.0000  |    0.5351/  0.5641/  0.5747            0.5747           0.4369     0.0064  |       0.5252      0.1947
 250      0.0588        1.0000  |    0.5408/  0.5590/  0.5700            0.5700           0.4367     0.0014  |       0.5252      0.1947
 251      0.0588        1.0000  |    0.5282/  0.5622/  0.5749            0.5749           0.4367     0.0040  |       0.5252      0.1947
 252      0.0588        1.0000  |    0.5269/  0.5668/  0.5766            0.5766           0.4367     0.0023  |       0.5252      0.1947
 253      0.0588        1.0000  |    0.5403/  0.5617/  0.5716            0.5716           0.4367     0.0063  |       0.5252      0.1947
 254      0.0588        1.0000  |    0.5470/  0.5624/  0.5722            0.5722           0.4367     0.0018  |       0.5252      0.1947
 255      0.0588        1.0000  |    0.5359/  0.5584/  0.5695            0.5695           0.4367     0.0043  |       0.5248      0.1947
 256      0.0588        1.0000  |    0.5293/  0.5619/  0.5728            0.5728           0.4367     0.0066  |       0.5251      0.1947
 257      0.0589        1.0000  |    0.5438/  0.5640/  0.5744            0.5744           0.4369     0.0042  |       0.5252      0.1947
 258      0.0589        1.0000  |    0.5340/  0.5628/  0.5732            0.5732           0.4369     0.0055  |       0.5243      0.1947
 259      0.0588        1.0000  |    0.5371/  0.5607/  0.5712            0.5712           0.4367     0.0059  |       0.5248      0.1947
 260      0.0588        1.0000  |    0.5416/  0.5654/  0.5753            0.5753           0.4367     0.0045  |       0.5251      0.1947
 261      0.0588        1.0000  |    0.5245/  0.5638/  0.5746            0.5746           0.4367     0.0028  |       0.5252      0.1947
 262      0.0588        1.0000  |    0.5386/  0.5621/  0.5721            0.5721           0.4367     0.0050  |       0.5248      0.1947
 263      0.0589        1.0000  |    0.5439/  0.5665/  0.5762            0.5762           0.4369     0.0060  |       0.5251      0.1947
 264      0.0589        1.0000  |    0.5370/  0.5608/  0.5696            0.5696           0.4369     0.0081  |       0.5251      0.1947
 265      0.0589        1.0000  |    0.5201/  0.5614/  0.5731            0.5731           0.4370     0.0056  |       0.5252      0.1947
 266      0.0589        1.0000  |    0.5392/  0.5628/  0.5725            0.5725           0.4370     0.0037  |       0.5247      0.1947
 267      0.0589        1.0000  |    0.5344/  0.5583/  0.5704            0.5704           0.4370     0.0076  |       0.5250      0.1947
 268      0.0589        1.0000  |    0.5382/  0.5573/  0.5681            0.5681           0.4372     0.0059  |       0.5252      0.1947
 269      0.0589        1.0000  |    0.5358/  0.5606/  0.5725            0.5725           0.4372     0.0026  |       0.5252      0.1947
 270      0.0589        1.0000  |    0.5351/  0.5658/  0.5763            0.5763           0.4370     0.0012  |       0.5252      0.1947
 271      0.0589        1.0000  |    0.5329/  0.5621/  0.5724            0.5724           0.4370     0.0052  |       0.5251      0.1947
 272      0.0589        1.0000  |    0.5412/  0.5631/  0.5741            0.5741           0.4370     0.0029  |       0.5252      0.1947
 273      0.0589        1.0000  |    0.5397/  0.5620/  0.5721            0.5721           0.4372     0.0012  |       0.5252      0.1947
 274      0.0589        1.0000  |    0.5413/  0.5633/  0.5738            0.5738           0.4370     0.0007  |       0.5252      0.1947
 275      0.0589        1.0000  |    0.5221/  0.5639/  0.5754            0.5754           0.4370     0.0046  |       0.5252      0.1947
 276      0.0589        1.0000  |    0.5395/  0.5583/  0.5680            0.5680           0.4370     0.0040  |       0.5252      0.1947
 277      0.0589        1.0000  |    0.5361/  0.5614/  0.5734            0.5734           0.4372     0.0020  |       0.5252      0.1947
 278      0.0589        1.0000  |    0.5315/  0.5638/  0.5750            0.5750           0.4372     0.0028  |       0.5252      0.1947
 279      0.0589        1.0000  |    0.5362/  0.5619/  0.5725            0.5725           0.4370     0.0085  |       0.5251      0.1947
 280      0.0589        1.0000  |    0.5234/  0.5571/  0.5678            0.5678           0.4370     0.0028  |       0.5252      0.1947
 281      0.0589        1.0000  |    0.5388/  0.5619/  0.5730            0.5730           0.4372     0.0050  |       0.5243      0.1947
 282      0.0589        1.0000  |    0.5415/  0.5595/  0.5700            0.5700           0.4372     0.0011  |       0.5251      0.1947
 283      0.0589        1.0000  |    0.5463/  0.5645/  0.5749            0.5749           0.4370     0.0008  |       0.5252      0.1947
 284      0.0589        1.0000  |    0.5420/  0.5655/  0.5745            0.5745           0.4372     0.0063  |       0.5252      0.1947
 285      0.0589        1.0000  |    0.5431/  0.5654/  0.5751            0.5751           0.4372     0.0045  |       0.5252      0.1947
 286      0.0589        1.0000  |    0.5186/  0.5602/  0.5709            0.5709           0.4370     0.0067  |       0.5249      0.1947
 287      0.0589        1.0000  |    0.5203/  0.5587/  0.5696            0.5696           0.4370     0.0068  |       0.5251      0.1947
 288      0.0589        1.0000  |    0.5497/  0.5663/  0.5777            0.5777           0.4372     0.0019  |       0.5252      0.1947
 289      0.0589        1.0000  |    0.5363/  0.5629/  0.5751            0.5751           0.4372     0.0021  |       0.5252      0.1947
 290      0.0589        1.0000  |    0.5516/  0.5657/  0.5753            0.5753           0.4370     0.0050  |       0.5249      0.1947
 291      0.0589        1.0000  |    0.5262/  0.5597/  0.5717            0.5717           0.4370     0.0048  |       0.5250      0.1947
 292      0.0589        1.0000  |    0.5136/  0.5567/  0.5689            0.5689           0.4372     0.0074  |       0.5251      0.1947
 293      0.0589        1.0000  |    0.5431/  0.5640/  0.5744            0.5744           0.4377     0.0019  |       0.5252      0.1947
 294      0.0589        1.0000  |    0.5414/  0.5635/  0.5744            0.5744           0.4375     0.0058  |       0.5252      0.1947
 295      0.0589        1.0000  |    0.5237/  0.5641/  0.5735            0.5735           0.4377     0.0008  |       0.5252      0.1947
 296      0.0589        1.0000  |    0.5416/  0.5642/  0.5740            0.5740           0.4377     0.0062  |       0.5251      0.1947
 297      0.0589        1.0000  |    0.5397/  0.5603/  0.5726            0.5726           0.4375     0.0102  |       0.5251      0.1947
 298      0.0589        1.0000  |    0.5354/  0.5609/  0.5729            0.5729           0.4375     0.0052  |       0.5252      0.1947
 299      0.0589        1.0000  |    0.5357/  0.5657/  0.5768            0.5768           0.4377     0.0027  |       0.5247      0.1947
IMAGEIO FFMPEG_WRITER WARNING: input image is not divisible by macro_block_size=16, resizing from (320, 180) to (320, 192) to ensure video compatibility with most codecs and players. To prevent resizing, make your input image divisible by the macro_block_size or set the macro_block_size to 1 (risking incompatibility).

Saved 300 frames -> /home/ashwink/Documents/swms/SWM_copy/rollouts_5_per/expert-only/epoch6/epoch6_rollout4_failure.mp4
min dist(green_cube,blue_moon) over episode = 0.1947  ->  FAILURE
Full log written to /home/ashwink/Documents/swms/SWM_copy/rollouts_5_per/expert-only/epoch6/epoch6_rollout4_20260723_124725.log
Result json -> /home/ashwink/Documents/swms/SWM_copy/rollouts_5_per/expert-only/epoch6/epoch6_rollout4_result.json
