Checkpoint dir epoch: 6  Rollout: 1
Logging to /home/ashwink/Documents/swms/SWM_copy/rollouts_5_per/expert-only/epoch6/epoch6_rollout1_20260723_124229.log
Goal (fixed, steps 0-299): the green cube is touching the blue moon. the peg is touching the green cube.

Checkpoint: /home/ashwink/Documents/swms/SWM_copy/training/checkpoints_clip_full_finetuned_wider_hl/epoch_006.pt
  epoch=6  step=6006

Loading CLIP ViT-L/14 (datacomp_xl_s13b_b90k) + fine-tuned clip_state_dict ...
Parsing model identifier. Schema: None, Identifier: ViT-L-14
Loaded built-in ViT-L-14 model config.
Instantiating model architecture: CLIP
Loading full pretrained weights from: /home/ashwink/.cache/huggingface/hub/models--laion--CLIP-ViT-L-14-DataComp.XL-s13B-b90K/snapshots/84c9828e63dc9a9351d1fe637c346d4c1c4db341/open_clip_pytorch_model.bin
Final image preprocessing configuration set: {'size': (224, 224), 'mode': 'RGB', 'mean': (0.48145466, 0.4578275, 0.40821073), 'std': (0.26862954, 0.26130258, 0.27577711), 'interpolation': 'bicubic', 'resize_mode': 'shortest', 'fill_color': 0}
Model ViT-L-14 creation process complete.
Parsing tokenizer identifier. Schema: None, Identifier: ViT-L-14
Attempting to load config from built-in: ViT-L-14
Using default SimpleTokenizer.
z_star shape: torch.Size([768])

Loading action stats from /home/ashwink/full_data_5000/langtable/demos/ ...
  lo=[-0.03372681140899658, -0.03493623435497284]  hi=[0.03496786952018738, 0.03494429588317871]

Initializing LangTable env ...
Loading URDF plane.urdf
Loading URDF /home/ashwink/Documents/swms/.venv/lib/python3.10/site-packages/language_table/environments/utils/../../../language_table/environments/assets/workspace_real.urdf
Loading URDF xarm/xarm6_robot_white.urdf
Loading URDF /home/ashwink/Documents/swms/.venv/lib/python3.10/site-packages/language_table/environments/utils/../../../language_table/environments/assets/suction/cylinder_real.urdf
Loading URDF /home/ashwink/Documents/swms/.venv/lib/python3.10/site-packages/language_table/environments/utils/../../../language_table/environments/assets/blocks/red_moon.urdf
Loading URDF /home/ashwink/Documents/swms/.venv/lib/python3.10/site-packages/language_table/environments/utils/../../../language_table/environments/assets/blocks/red_cube.urdf
Loading URDF /home/ashwink/Documents/swms/.venv/lib/python3.10/site-packages/language_table/environments/utils/../../../language_table/environments/assets/blocks/red_star.urdf
Loading URDF /home/ashwink/Documents/swms/.venv/lib/python3.10/site-packages/language_table/environments/utils/../../../language_table/environments/assets/blocks/red_pentagon.urdf
Loading URDF /home/ashwink/Documents/swms/.venv/lib/python3.10/site-packages/language_table/environments/utils/../../../language_table/environments/assets/blocks/blue_moon.urdf
Loading URDF /home/ashwink/Documents/swms/.venv/lib/python3.10/site-packages/language_table/environments/utils/../../../language_table/environments/assets/blocks/blue_cube.urdf
Loading URDF /home/ashwink/Documents/swms/.venv/lib/python3.10/site-packages/language_table/environments/utils/../../../language_table/environments/assets/blocks/blue_star.urdf
Loading URDF /home/ashwink/Documents/swms/.venv/lib/python3.10/site-packages/language_table/environments/utils/../../../language_table/environments/assets/blocks/blue_pentagon.urdf
Loading URDF /home/ashwink/Documents/swms/.venv/lib/python3.10/site-packages/language_table/environments/utils/../../../language_table/environments/assets/blocks/yellow_moon.urdf
Loading URDF /home/ashwink/Documents/swms/.venv/lib/python3.10/site-packages/language_table/environments/utils/../../../language_table/environments/assets/blocks/yellow_cube.urdf
Loading URDF /home/ashwink/Documents/swms/.venv/lib/python3.10/site-packages/language_table/environments/utils/../../../language_table/environments/assets/blocks/yellow_star.urdf
Loading URDF /home/ashwink/Documents/swms/.venv/lib/python3.10/site-packages/language_table/environments/utils/../../../language_table/environments/assets/blocks/yellow_pentagon.urdf
Loading URDF /home/ashwink/Documents/swms/.venv/lib/python3.10/site-packages/language_table/environments/utils/../../../language_table/environments/assets/blocks/green_moon.urdf
Loading URDF /home/ashwink/Documents/swms/.venv/lib/python3.10/site-packages/language_table/environments/utils/../../../language_table/environments/assets/blocks/green_cube.urdf
Loading URDF /home/ashwink/Documents/swms/.venv/lib/python3.10/site-packages/language_table/environments/utils/../../../language_table/environments/assets/blocks/green_star.urdf
Loading URDF /home/ashwink/Documents/swms/.venv/lib/python3.10/site-packages/language_table/environments/utils/../../../language_table/environments/assets/blocks/green_pentagon.urdf
Loading URDF /home/ashwink/Documents/swms/.venv/lib/python3.10/site-packages/language_table/environments/utils/../../../language_table/environments/assets/blocks/purple_moon.urdf
Loading URDF /home/ashwink/Documents/swms/.venv/lib/python3.10/site-packages/language_table/environments/utils/../../../language_table/environments/assets/blocks/purple_cube.urdf
Loading URDF /home/ashwink/Documents/swms/.venv/lib/python3.10/site-packages/language_table/environments/utils/../../../language_table/environments/assets/blocks/purple_star.urdf
Loading URDF /home/ashwink/Documents/swms/.venv/lib/python3.10/site-packages/language_table/environments/utils/../../../language_table/environments/assets/blocks/purple_pentagon.urdf
Env ready.

Forced peg start: [0.42843915 0.24419614]  (green_cube=[0.40339102 0.18967466], blue_moon=[0.32039625 0.00902261])
  dist(peg,green_cube)=0.0600  dist(peg,blue_moon)=0.2588  dist(green_cube,blue_moon)=0.1988

step  cos(zt,z*)  cos(zt,zt-1)  |   cos(predK,z*) min/mean/max  cos(pred_sel,z*)   cos(zpred0,z*)  ||a_raw||  |  dist(peg,A)   dist(A,B)
-------------------------------------------------------------------------------------------------------------------------------------------------------------------------------
   0      0.1241           nan  |    0.6378/  0.7049/  0.7143            0.7143           0.6677     0.0126  |       0.0587      0.1988
   1      0.1270        0.9928  |    0.6929/  0.7205/  0.7293            0.7293           0.6649     0.0032  |       0.0504      0.1988
   2      0.1231        0.9976  |    0.7042/  0.7249/  0.7317            0.7317           0.6660     0.0043  |       0.0505      0.1988
   3      0.1262        0.9954  |    0.6759/  0.7148/  0.7271            0.7271           0.6733     0.0046  |       0.0478      0.1988
   4      0.1210        0.9891  |    0.6795/  0.7133/  0.7249            0.7249           0.6659     0.0109  |       0.0438      0.1988
   5      0.1276        0.9768  |    0.6687/  0.7203/  0.7300            0.7300           0.6606     0.0105  |       0.0346      0.1983
   6      0.1364        0.8949  |    0.7438/  0.7777/  0.7865            0.7865           0.6878     0.0041  |       0.0343      0.1900
   7      0.1495        0.9761  |    0.7320/  0.7518/  0.7622            0.7622           0.6881     0.0074  |       0.0368      0.1900
   8      0.1272        0.9643  |    0.7061/  0.7304/  0.7423            0.7423           0.6505     0.0077  |       0.0347      0.1890
   9      0.1256        0.9583  |    0.7072/  0.7279/  0.7379            0.7379           0.6693     0.0080  |       0.0351      0.1877
  10      0.1465        0.8470  |    0.7241/  0.7554/  0.7633            0.7633           0.6709     0.0035  |       0.0350      0.1818
  11      0.1297        0.9679  |    0.7069/  0.7479/  0.7575            0.7575           0.6908     0.0074  |       0.0364      0.1818
  12      0.1436        0.9331  |    0.7404/  0.7820/  0.7923            0.7923           0.6828     0.0144  |       0.0359      0.1803
  13      0.1434        0.9317  |    0.7471/  0.7874/  0.7982            0.7982           0.6966     0.0053  |       0.0376      0.1755
  14      0.1400        0.9563  |    0.7345/  0.7843/  0.7927            0.7927           0.7014     0.0111  |       0.0395      0.1746
  15      0.1390        0.9426  |    0.6963/  0.7356/  0.7471            0.7471           0.6678     0.0050  |       0.0429      0.1745
  16      0.1470        0.9523  |    0.6872/  0.7569/  0.7671            0.7671           0.6861     0.0128  |       0.0412      0.1737
  17      0.1480        0.8622  |    0.6570/  0.6811/  0.6917            0.6917           0.6347     0.0088  |       0.0406      0.1701
  18      0.1295        0.8590  |    0.6511/  0.6796/  0.6878            0.6878           0.5967     0.0073  |       0.0407      0.1676
  19      0.1307        0.9215  |    0.6882/  0.7078/  0.7163            0.7163           0.6297     0.0021  |       0.0407      0.1659
  20      0.1180        0.9572  |    0.6860/  0.7008/  0.7079            0.7079           0.6450     0.0037  |       0.0399      0.1673
  21      0.1166        0.9456  |    0.6558/  0.6766/  0.6871            0.6871           0.6133     0.0058  |       0.0381      0.1685
  22      0.1110        0.9420  |    0.6757/  0.7060/  0.7153            0.7153           0.6243     0.0030  |       0.0375      0.1685
  23      0.1082        0.9736  |    0.6113/  0.6648/  0.6807            0.6807           0.5805     0.0121  |       0.0351      0.1686
  24      0.1233        0.9571  |    0.6760/  0.7079/  0.7203            0.7203           0.5968     0.0066  |       0.0391      0.1686
  25      0.1163        0.9669  |    0.6581/  0.6947/  0.7074            0.7074           0.6312     0.0021  |       0.0456      0.1686
  26      0.1077        0.9872  |    0.6793/  0.7002/  0.7114            0.7114           0.6529     0.0106  |       0.0475      0.1686
  27      0.0867        0.9485  |    0.5661/  0.5899/  0.6049            0.6049           0.4926     0.0078  |       0.0546      0.1686
  28      0.0653        0.9678  |    0.4043/  0.4908/  0.5090            0.5090           0.2705     0.0084  |       0.0592      0.1686
  29      0.0711        0.9603  |    0.4595/  0.4867/  0.4976            0.4976           0.3383     0.0017  |       0.0636      0.1686
  30      0.0524        0.9859  |    0.2285/  0.2521/  0.2661            0.2661          -0.0536     0.0085  |       0.0642      0.1686
  31      0.0529        0.9558  |    0.2998/  0.3404/  0.3516            0.3516           0.1317     0.0047  |       0.0696      0.1686
  32      0.0595        0.9769  |    0.4749/  0.5082/  0.5170            0.5170           0.3643     0.0039  |       0.0699      0.1686
  33      0.0286        0.9659  |    0.2550/  0.2878/  0.3048            0.3048          -0.0336     0.0150  |       0.0721      0.1686
  34     -0.0075        0.9218  |    0.0860/  0.1178/  0.1390            0.1390          -0.3248     0.0131  |       0.0819      0.1686
  35     -0.0142        0.9498  |    0.3676/  0.4013/  0.4220            0.4220          -0.1411     0.0146  |       0.0845      0.1686
  36     -0.0159        0.9348  |    0.4744/  0.5081/  0.5234            0.5234          -0.0775     0.0074  |       0.0850      0.1686
  37     -0.0176        0.9351  |   -0.0116/  0.0136/  0.0330            0.0330          -0.3177     0.0076  |       0.0910      0.1686
  38     -0.0273        0.9291  |   -0.2036/ -0.1829/ -0.1640           -0.1640          -0.3253     0.0085  |       0.0963      0.1686
  39     -0.0073        0.9329  |   -0.3283/ -0.3045/ -0.2829           -0.2829          -0.3848     0.0091  |       0.1016      0.1686
  40     -0.0144        0.9197  |   -0.2230/ -0.2025/ -0.1837           -0.1837          -0.3572     0.0092  |       0.0958      0.1686
  41     -0.0227        0.9132  |   -0.1051/  0.0270/  0.0514            0.0514          -0.2144     0.0187  |       0.0910      0.1686
  42     -0.0389        0.8197  |   -0.2172/ -0.0233/ -0.0022           -0.0022          -0.1799     0.0023  |       0.0783      0.1686
  43     -0.0319        0.9505  |   -0.1914/  0.0848/  0.1123            0.1123          -0.2149     0.0146  |       0.0754      0.1686
  44     -0.0073        0.8556  |   -0.1395/ -0.0413/ -0.0164           -0.0164          -0.2415     0.0102  |       0.0652      0.1717
  45     -0.0827        0.8409  |   -0.1645/ -0.0438/ -0.0250           -0.0250          -0.1849     0.0087  |       0.0633      0.1731
  46     -0.0472        0.9295  |   -0.1481/ -0.0439/ -0.0214           -0.0214          -0.1724     0.0217  |       0.0664      0.1731
  47     -0.1088        0.8872  |   -0.1636/ -0.0882/ -0.0742           -0.0742          -0.1508     0.0108  |       0.0805      0.1731
  48     -0.0760        0.9630  |   -0.2777/ -0.1054/ -0.0833           -0.0833          -0.1584     0.0137  |       0.0745      0.1731
  49     -0.0485        0.8955  |   -0.1971/ -0.1054/ -0.0886           -0.0886          -0.1763     0.0019  |       0.0819      0.1731
  50     -0.0224        0.9504  |   -0.1997/ -0.1390/ -0.1257           -0.1257          -0.2214     0.0061  |       0.0826      0.1731
  51      0.0074        0.9482  |   -0.1533/ -0.0986/ -0.0857           -0.0857          -0.1808     0.0090  |       0.0792      0.1731
  52     -0.0236        0.9262  |   -0.2099/ -0.1569/ -0.1441           -0.1441          -0.2362     0.0148  |       0.0849      0.1731
  53     -0.0552        0.8839  |   -0.3805/ -0.3480/ -0.3355           -0.3355          -0.4324     0.0164  |       0.0980      0.1731
  54     -0.0823        0.9244  |   -0.2632/ -0.2317/ -0.2201           -0.2201          -0.3288     0.0107  |       0.1083      0.1731
  55     -0.0561        0.8883  |   -0.4138/ -0.3859/ -0.3723           -0.3723          -0.4790     0.0118  |       0.1181      0.1731
  56     -0.0596        0.8740  |   -0.3571/ -0.3386/ -0.3278           -0.3278          -0.3883     0.0031  |       0.1283      0.1731
  57     -0.0369        0.9482  |   -0.3427/ -0.3301/ -0.3200           -0.3200          -0.4029     0.0092  |       0.1321      0.1731
  58     -0.0382        0.9202  |   -0.3118/ -0.2853/ -0.2746           -0.2746          -0.3745     0.0054  |       0.1377      0.1731
  59     -0.0279        0.9155  |   -0.2589/ -0.2379/ -0.2263           -0.2263          -0.3309     0.0097  |       0.1431      0.1731
  60     -0.0451        0.8536  |   -0.2537/ -0.1960/ -0.1842           -0.1842          -0.2945     0.0210  |       0.1522      0.1731
  61     -0.0412        0.7813  |   -0.2991/ -0.1633/ -0.1437           -0.1437          -0.2819     0.0190  |       0.1698      0.1731
  62     -0.0893        0.6806  |   -0.0651/  0.0253/  0.0486            0.0486          -0.2746     0.0108  |       0.1880      0.1731
  63     -0.0417        0.7491  |   -0.1341/ -0.0780/ -0.0598           -0.0598          -0.2361     0.0102  |       0.1963      0.1731
  64     -0.0794        0.7550  |   -0.1919/ -0.1449/ -0.1207           -0.1207          -0.3177     0.0185  |       0.2062      0.1731
  65     -0.0503        0.7941  |   -0.1742/ -0.0736/ -0.0422           -0.0422          -0.2518     0.0141  |       0.2230      0.1731
  66     -0.0368        0.8647  |   -0.2379/ -0.1258/ -0.1040           -0.1040          -0.2341     0.0218  |       0.2349      0.1731
  67     -0.0707        0.7829  |   -0.2316/ -0.1998/ -0.1912           -0.1912          -0.2596     0.0142  |       0.2558      0.1731
  68     -0.0178        0.8762  |   -0.2792/ -0.2626/ -0.2481           -0.2481          -0.2980     0.0273  |       0.2702      0.1731
  69     -0.0074        0.9541  |   -0.2774/ -0.2293/ -0.1828           -0.1828          -0.3037     0.0332  |       0.2826      0.1731
  70     -0.0081        0.9433  |   -0.2671/ -0.2485/ -0.2365           -0.2365          -0.3194     0.0480  |       0.3006      0.1731
  71      0.0645        0.8896  |   -0.0149/  0.0358/  0.0622            0.0622          -0.1940     0.0338  |       0.2757      0.1731
  72      0.0462        0.8999  |   -0.2418/ -0.2123/ -0.2023           -0.2023          -0.2739     0.0185  |       0.2522      0.1731
  73     -0.0080        0.9366  |   -0.2834/ -0.2599/ -0.2514           -0.2514          -0.2932     0.0212  |       0.2363      0.1731
  74      0.0248        0.9343  |   -0.2641/ -0.2390/ -0.2295           -0.2295          -0.2825     0.0174  |       0.2492      0.1731
  75     -0.0143        0.9458  |   -0.3123/ -0.2763/ -0.2591           -0.2591          -0.3261     0.0069  |       0.2474      0.1731
  76     -0.0304        0.9537  |   -0.3297/ -0.3119/ -0.3020           -0.3020          -0.3497     0.0078  |       0.2516      0.1731
  77     -0.0442        0.9661  |   -0.3191/ -0.3015/ -0.2915           -0.2915          -0.3624     0.0162  |       0.2578      0.1731
  78     -0.0139        0.9333  |   -0.2511/ -0.2184/ -0.1992           -0.1992          -0.3003     0.0208  |       0.2594      0.1731
  79     -0.0513        0.9458  |   -0.2449/ -0.2003/ -0.1896           -0.1896          -0.2828     0.0194  |       0.2588      0.1731
  80     -0.0746        0.9411  |   -0.2602/ -0.1747/ -0.1632           -0.1632          -0.2393     0.0173  |       0.2534      0.1731
  81     -0.0739        0.8981  |   -0.2366/ -0.2125/ -0.2045           -0.2045          -0.2398     0.0133  |       0.2444      0.1731
  82     -0.0994        0.9268  |   -0.2482/ -0.1962/ -0.1884           -0.1884          -0.2505     0.0202  |       0.2517      0.1731
  83     -0.0571        0.9402  |   -0.2045/ -0.1669/ -0.1438           -0.1438          -0.2806     0.0301  |       0.2569      0.1731
  84      0.0055        0.8783  |   -0.2530/ -0.2222/ -0.1898           -0.1898          -0.3140     0.0377  |       0.2677      0.1731
  85      0.0051        0.8745  |   -0.2285/ -0.1922/ -0.1605           -0.1605          -0.3184     0.0468  |       0.3010      0.1731
  86      0.0298        0.9363  |   -0.1340/ -0.1085/ -0.0906           -0.0906          -0.2629     0.0366  |       0.3391      0.1731
  87      0.0211        0.9415  |   -0.1457/ -0.1074/ -0.0900           -0.0900          -0.2511     0.0353  |       0.3750      0.1731
  88     -0.0069        0.8584  |    0.0142/  0.0556/  0.0739            0.0739          -0.2464     0.0358  |       0.4008      0.1731
  89     -0.0056        0.9991  |    0.0617/  0.0913/  0.1125            0.1125          -0.2531     0.0264  |       0.4274      0.1731
  90     -0.0076        0.9990  |   -0.0294/  0.0563/  0.0760            0.0760          -0.2497     0.0302  |       0.4437      0.1731
  91     -0.0056        0.9990  |    0.0618/  0.1056/  0.1256            0.1256          -0.2530     0.0191  |       0.4549      0.1731
  92     -0.0057        1.0000  |    0.0481/  0.0809/  0.0963            0.0963          -0.2531     0.0311  |       0.4561      0.1731
  93     -0.0077        0.9990  |    0.0076/  0.0410/  0.0618            0.0618          -0.2495     0.0308  |       0.4577      0.1731
  94     -0.0056        0.9990  |    0.0529/  0.0864/  0.1038            0.1038          -0.2537     0.0296  |       0.4598      0.1731
  95     -0.0054        1.0000  |    0.0350/  0.0828/  0.1001            0.1001          -0.2530     0.0262  |       0.4634      0.1731
  96     -0.0074        0.9990  |   -0.0166/  0.0559/  0.0827            0.0827          -0.2490     0.0204  |       0.4675      0.1731
  97     -0.0056        0.9990  |    0.0038/  0.0470/  0.0705            0.0705          -0.2537     0.0328  |       0.4700      0.1731
  98     -0.0056        1.0000  |    0.0261/  0.0504/  0.0714            0.0714          -0.2536     0.0269  |       0.4762      0.1731
  99     -0.0056        1.0000  |    0.0518/  0.0826/  0.1003            0.1003          -0.2536     0.0264  |       0.4821      0.1731
 100     -0.0056        1.0000  |    0.0282/  0.0566/  0.0738            0.0738          -0.2536     0.0261  |       0.4869      0.1731
 101     -0.0056        1.0000  |    0.0029/  0.0691/  0.0873            0.0873          -0.2536     0.0246  |       0.4895      0.1731
 102     -0.0056        1.0000  |    0.0735/  0.1012/  0.1204            0.1204          -0.2530     0.0238  |       0.4902      0.1731
 103     -0.0055        1.0000  |    0.0587/  0.1107/  0.1284            0.1284          -0.2527     0.0130  |       0.4903      0.1731
 104     -0.0055        1.0000  |    0.0087/  0.0702/  0.0933            0.0933          -0.2531     0.0302  |       0.4902      0.1731
 105     -0.0056        1.0000  |    0.0184/  0.0632/  0.0855            0.0855          -0.2530     0.0293  |       0.4902      0.1731
 106     -0.0056        1.0000  |   -0.0273/  0.0239/  0.0429            0.0429          -0.2530     0.0305  |       0.4903      0.1731
 107     -0.0054        1.0000  |    0.0640/  0.0900/  0.1082            0.1082          -0.2529     0.0222  |       0.4904      0.1731
 108     -0.0055        1.0000  |    0.0396/  0.0836/  0.1023            0.1023          -0.2531     0.0297  |       0.4904      0.1731
 109     -0.0056        1.0000  |    0.0481/  0.0852/  0.1040            0.1040          -0.2530     0.0284  |       0.4902      0.1731
 110     -0.0055        1.0000  |    0.0286/  0.0820/  0.1003            0.1003          -0.2528     0.0360  |       0.4903      0.1731
 111     -0.0053        1.0000  |    0.0314/  0.0696/  0.0919            0.0919          -0.2526     0.0310  |       0.4903      0.1731
 112     -0.0054        1.0000  |    0.0190/  0.0553/  0.0726            0.0726          -0.2525     0.0261  |       0.4904      0.1731
 113     -0.0054        1.0000  |    0.0310/  0.0851/  0.1046            0.1046          -0.2525     0.0309  |       0.4904      0.1731
 114     -0.0054        1.0000  |    0.0406/  0.0706/  0.0933            0.0933          -0.2525     0.0272  |       0.4903      0.1731
 115     -0.0054        1.0000  |    0.0550/  0.0951/  0.1117            0.1117          -0.2525     0.0208  |       0.4902      0.1731
 116     -0.0054        1.0000  |    0.0637/  0.1074/  0.1296            0.1296          -0.2524     0.0239  |       0.4903      0.1731
 117     -0.0054        1.0000  |    0.0231/  0.0504/  0.0678            0.0678          -0.2526     0.0302  |       0.4903      0.1731
 118     -0.0055        1.0000  |    0.0129/  0.0751/  0.0957            0.0957          -0.2529     0.0220  |       0.4904      0.1731
 119     -0.0055        1.0000  |    0.0443/  0.0727/  0.0947            0.0947          -0.2529     0.0257  |       0.4904      0.1731
 120     -0.0055        1.0000  |   -0.0122/  0.0581/  0.0806            0.0806          -0.2529     0.0357  |       0.4904      0.1731
 121     -0.0055        1.0000  |    0.0489/  0.0912/  0.1117            0.1117          -0.2532     0.0252  |       0.4904      0.1731
 122     -0.0055        1.0000  |    0.0317/  0.0771/  0.1027            0.1027          -0.2532     0.0266  |       0.4903      0.1731
 123     -0.0055        1.0000  |    0.0557/  0.0888/  0.1078            0.1078          -0.2532     0.0266  |       0.4903      0.1731
 124     -0.0055        1.0000  |    0.0523/  0.0769/  0.0954            0.0954          -0.2532     0.0286  |       0.4903      0.1731
 125     -0.0055        1.0000  |   -0.0191/  0.0348/  0.0549            0.0549          -0.2532     0.0254  |       0.4903      0.1731
 126     -0.0055        1.0000  |    0.0519/  0.0825/  0.1002            0.1002          -0.2532     0.0249  |       0.4903      0.1731
 127     -0.0055        1.0000  |    0.0466/  0.0785/  0.0997            0.0997          -0.2532     0.0277  |       0.4903      0.1731
 128     -0.0055        1.0000  |    0.0080/  0.0513/  0.0731            0.0731          -0.2529     0.0356  |       0.4903      0.1731
 129     -0.0055        1.0000  |    0.0322/  0.0507/  0.0704            0.0704          -0.2528     0.0248  |       0.4903      0.1731
 130     -0.0055        1.0000  |    0.0484/  0.0718/  0.0870            0.0870          -0.2529     0.0268  |       0.4902      0.1731
 131     -0.0055        1.0000  |    0.0455/  0.0996/  0.1179            0.1179          -0.2529     0.0253  |       0.4902      0.1731
 132     -0.0055        1.0000  |    0.0316/  0.0597/  0.0763            0.0763          -0.2532     0.0252  |       0.4903      0.1731
 133     -0.0055        1.0000  |    0.0353/  0.0559/  0.0726            0.0726          -0.2532     0.0352  |       0.4904      0.1731
 134     -0.0055        1.0000  |    0.0534/  0.0888/  0.1064            0.1064          -0.2532     0.0163  |       0.4904      0.1731
 135     -0.0055        1.0000  |    0.0420/  0.0839/  0.0999            0.0999          -0.2532     0.0307  |       0.4905      0.1731
 136     -0.0055        1.0000  |    0.0276/  0.0702/  0.0914            0.0914          -0.2528     0.0280  |       0.4905      0.1731
 137     -0.0055        1.0000  |    0.0494/  0.0786/  0.0940            0.0940          -0.2528     0.0274  |       0.4904      0.1731
 138     -0.0055        1.0000  |    0.0289/  0.0621/  0.0886            0.0886          -0.2528     0.0356  |       0.4903      0.1731
 139     -0.0055        1.0000  |    0.0282/  0.0616/  0.0823            0.0823          -0.2532     0.0284  |       0.4904      0.1731
 140     -0.0053        1.0000  |    0.0424/  0.0880/  0.1057            0.1057          -0.2524     0.0205  |       0.4905      0.1731
 141     -0.0055        1.0000  |    0.0286/  0.0821/  0.1027            0.1027          -0.2529     0.0247  |       0.4905      0.1731
 142     -0.0055        1.0000  |    0.0447/  0.0727/  0.0902            0.0902          -0.2528     0.0272  |       0.4904      0.1731
 143     -0.0055        1.0000  |    0.0489/  0.0831/  0.1035            0.1035          -0.2528     0.0337  |       0.4904      0.1731
 144     -0.0055        1.0000  |    0.0381/  0.0789/  0.1011            0.1011          -0.2528     0.0203  |       0.4905      0.1731
 145     -0.0055        1.0000  |    0.0553/  0.0929/  0.1108            0.1108          -0.2528     0.0202  |       0.4905      0.1731
 146     -0.0054        1.0000  |    0.0292/  0.0761/  0.0947            0.0947          -0.2525     0.0282  |       0.4905      0.1731
 147     -0.0054        1.0000  |    0.0498/  0.0948/  0.1174            0.1174          -0.2530     0.0221  |       0.4906      0.1731
 148     -0.0054        1.0000  |    0.0145/  0.0764/  0.1020            0.1020          -0.2530     0.0301  |       0.4905      0.1731
 149     -0.0054        1.0000  |    0.0392/  0.0771/  0.1003            0.1003          -0.2530     0.0288  |       0.4904      0.1731
 150     -0.0054        1.0000  |    0.0534/  0.0925/  0.1081            0.1081          -0.2525     0.0275  |       0.4904      0.1731
 151     -0.0053        1.0000  |    0.0486/  0.0762/  0.0926            0.0926          -0.2523     0.0282  |       0.4904      0.1731
 152     -0.0055        1.0000  |    0.0210/  0.0580/  0.0791            0.0791          -0.2529     0.0338  |       0.4905      0.1731
 153     -0.0055        1.0000  |    0.0387/  0.0925/  0.1161            0.1161          -0.2529     0.0256  |       0.4906      0.1731
 154     -0.0055        1.0000  |    0.0535/  0.0825/  0.0986            0.0986          -0.2529     0.0261  |       0.4906      0.1731
 155     -0.0055        1.0000  |    0.0343/  0.0766/  0.0930            0.0930          -0.2529     0.0275  |       0.4906      0.1731
 156     -0.0055        1.0000  |    0.0229/  0.0601/  0.0873            0.0873          -0.2529     0.0226  |       0.4907      0.1731
 157     -0.0055        1.0000  |    0.0640/  0.0979/  0.1157            0.1157          -0.2529     0.0247  |       0.4907      0.1731
 158     -0.0055        1.0000  |    0.0224/  0.0798/  0.1002            0.1002          -0.2529     0.0249  |       0.4907      0.1731
 159     -0.0054        1.0000  |    0.0392/  0.0708/  0.0892            0.0892          -0.2530     0.0216  |       0.4907      0.1731
 160     -0.0055        1.0000  |    0.0496/  0.0826/  0.1027            0.1027          -0.2535     0.0262  |       0.4907      0.1731
 161     -0.0055        1.0000  |    0.0248/  0.0678/  0.0932            0.0932          -0.2529     0.0253  |       0.4907      0.1731
 162     -0.0056        1.0000  |    0.0435/  0.0751/  0.0927            0.0927          -0.2528     0.0261  |       0.4907      0.1731
 163     -0.0056        1.0000  |    0.0137/  0.0537/  0.0749            0.0749          -0.2528     0.0348  |       0.4907      0.1731
 164     -0.0054        1.0000  |    0.0459/  0.0862/  0.1106            0.1106          -0.2529     0.0251  |       0.4907      0.1731
 165     -0.0055        1.0000  |    0.0485/  0.0900/  0.1121            0.1121          -0.2528     0.0218  |       0.4907      0.1731
 166     -0.0055        1.0000  |    0.0184/  0.0484/  0.0703            0.0703          -0.2528     0.0310  |       0.4907      0.1731
 167     -0.0054        1.0000  |    0.0551/  0.0870/  0.1052            0.1052          -0.2530     0.0254  |       0.4907      0.1731
 168     -0.0055        1.0000  |    0.0298/  0.0715/  0.0915            0.0915          -0.2529     0.0282  |       0.4907      0.1731
 169     -0.0055        1.0000  |    0.0694/  0.1067/  0.1222            0.1222          -0.2529     0.0219  |       0.4907      0.1731
 170     -0.0055        1.0000  |    0.0169/  0.0498/  0.0673            0.0673          -0.2530     0.0301  |       0.4907      0.1731
 171     -0.0055        1.0000  |    0.0574/  0.1149/  0.1313            0.1313          -0.2535     0.0195  |       0.4907      0.1731
 172     -0.0054        1.0000  |    0.0335/  0.0661/  0.0851            0.0851          -0.2530     0.0317  |       0.4907      0.1731
 173     -0.0055        1.0000  |    0.0286/  0.0623/  0.0835            0.0835          -0.2536     0.0210  |       0.4907      0.1731
 174     -0.0056        1.0000  |    0.0475/  0.0683/  0.0821            0.0821          -0.2536     0.0328  |       0.4907      0.1731
 175     -0.0056        1.0000  |    0.0645/  0.0950/  0.1132            0.1132          -0.2536     0.0231  |       0.4907      0.1731
 176     -0.0056        1.0000  |    0.0211/  0.0742/  0.0927            0.0927          -0.2536     0.0281  |       0.4907      0.1731
 177     -0.0055        1.0000  |    0.0555/  0.0961/  0.1152            0.1152          -0.2533     0.0264  |       0.4907      0.1731
 178     -0.0055        1.0000  |    0.0401/  0.0749/  0.0936            0.0936          -0.2529     0.0259  |       0.4907      0.1731
 179     -0.0056        1.0000  |    0.0692/  0.0923/  0.1126            0.1126          -0.2528     0.0273  |       0.4907      0.1731
 180     -0.0056        1.0000  |    0.0482/  0.0688/  0.0869            0.0869          -0.2528     0.0241  |       0.4907      0.1731
 181     -0.0056        1.0000  |    0.0178/  0.0663/  0.0896            0.0896          -0.2528     0.0305  |       0.4907      0.1731
 182     -0.0056        1.0000  |    0.0309/  0.0715/  0.0953            0.0953          -0.2528     0.0284  |       0.4907      0.1731
 183     -0.0056        1.0000  |    0.0261/  0.0713/  0.0924            0.0924          -0.2528     0.0167  |       0.4907      0.1731
 184     -0.0056        1.0000  |    0.0606/  0.0921/  0.1120            0.1120          -0.2528     0.0249  |       0.4907      0.1731
 185     -0.0055        1.0000  |    0.0330/  0.0754/  0.0951            0.0951          -0.2529     0.0261  |       0.4908      0.1731
 186     -0.0055        1.0000  |    0.0599/  0.0801/  0.0937            0.0937          -0.2529     0.0309  |       0.4909      0.1731
 187     -0.0055        1.0000  |    0.0604/  0.0855/  0.0988            0.0988          -0.2529     0.0265  |       0.4909      0.1731
 188     -0.0055        1.0000  |    0.0665/  0.0873/  0.1071            0.1071          -0.2528     0.0226  |       0.4908      0.1731
 189     -0.0056        1.0000  |    0.0051/  0.0628/  0.0844            0.0844          -0.2528     0.0265  |       0.4908      0.1731
 190     -0.0055        1.0000  |    0.0497/  0.0880/  0.1067            0.1067          -0.2533     0.0275  |       0.4908      0.1731
 191     -0.0055        1.0000  |    0.0571/  0.0977/  0.1149            0.1149          -0.2530     0.0259  |       0.4908      0.1731
 192     -0.0056        1.0000  |    0.0667/  0.0981/  0.1148            0.1148          -0.2528     0.0279  |       0.4908      0.1731
 193     -0.0056        1.0000  |    0.0064/  0.0693/  0.0892            0.0892          -0.2528     0.0286  |       0.4908      0.1731
 194     -0.0056        1.0000  |    0.0491/  0.0902/  0.1129            0.1129          -0.2528     0.0199  |       0.4908      0.1731
 195     -0.0055        1.0000  |    0.0607/  0.1000/  0.1197            0.1197          -0.2529     0.0250  |       0.4908      0.1731
 196     -0.0055        1.0000  |    0.0481/  0.0742/  0.0932            0.0932          -0.2528     0.0266  |       0.4908      0.1731
 197     -0.0055        1.0000  |    0.0626/  0.0949/  0.1159            0.1159          -0.2528     0.0233  |       0.4908      0.1731
 198     -0.0055        1.0000  |    0.0182/  0.0400/  0.0559            0.0559          -0.2529     0.0270  |       0.4908      0.1731
 199     -0.0055        1.0000  |    0.0457/  0.0813/  0.1028            0.1028          -0.2528     0.0291  |       0.4908      0.1731
 200     -0.0055        1.0000  |    0.0293/  0.0655/  0.0903            0.0903          -0.2528     0.0256  |       0.4908      0.1731
 201     -0.0055        1.0000  |    0.0150/  0.0771/  0.1110            0.1110          -0.2528     0.0260  |       0.4908      0.1731
 202     -0.0055        1.0000  |    0.0256/  0.0649/  0.0858            0.0858          -0.2528     0.0269  |       0.4908      0.1731
 203     -0.0055        1.0000  |    0.0113/  0.0329/  0.0481            0.0481          -0.2528     0.0374  |       0.4908      0.1731
 204     -0.0055        1.0000  |    0.0211/  0.0608/  0.0880            0.0880          -0.2533     0.0227  |       0.4908      0.1731
 205     -0.0055        1.0000  |    0.0772/  0.1092/  0.1249            0.1249          -0.2533     0.0218  |       0.4908      0.1731
 206     -0.0055        1.0000  |    0.0275/  0.0612/  0.0808            0.0808          -0.2529     0.0299  |       0.4908      0.1731
 207     -0.0056        1.0000  |    0.0109/  0.0828/  0.1038            0.1038          -0.2528     0.0329  |       0.4908      0.1731
 208     -0.0056        1.0000  |    0.0100/  0.0457/  0.0670            0.0670          -0.2528     0.0300  |       0.4908      0.1731
 209     -0.0056        1.0000  |    0.0432/  0.0829/  0.1046            0.1046          -0.2528     0.0247  |       0.4908      0.1731
 210     -0.0056        1.0000  |    0.0704/  0.1024/  0.1185            0.1185          -0.2528     0.0235  |       0.4908      0.1731
 211     -0.0056        1.0000  |    0.0377/  0.0987/  0.1177            0.1177          -0.2528     0.0233  |       0.4908      0.1731
 212     -0.0056        1.0000  |    0.0091/  0.0559/  0.0767            0.0767          -0.2528     0.0283  |       0.4908      0.1731
 213     -0.0056        1.0000  |    0.0060/  0.0227/  0.0334            0.0334          -0.2528     0.0289  |       0.4908      0.1731
 214     -0.0056        1.0000  |    0.0126/  0.0427/  0.0665            0.0665          -0.2528     0.0270  |       0.4908      0.1731
 215     -0.0056        1.0000  |    0.0311/  0.0567/  0.0728            0.0728          -0.2530     0.0298  |       0.4908      0.1731
 216     -0.0056        1.0000  |    0.0611/  0.0884/  0.1059            0.1059          -0.2530     0.0174  |       0.4908      0.1731
 217     -0.0056        1.0000  |    0.0261/  0.0758/  0.0990            0.0990          -0.2530     0.0348  |       0.4908      0.1731
 218     -0.0056        1.0000  |    0.0288/  0.0706/  0.0960            0.0960          -0.2530     0.0208  |       0.4908      0.1731
 219     -0.0056        1.0000  |    0.0606/  0.0871/  0.1022            0.1022          -0.2530     0.0214  |       0.4908      0.1731
 220     -0.0056        1.0000  |    0.0175/  0.0729/  0.0920            0.0920          -0.2526     0.0367  |       0.4908      0.1731
 221     -0.0056        1.0000  |    0.0226/  0.0513/  0.0696            0.0696          -0.2526     0.0237  |       0.4908      0.1731
 222     -0.0056        1.0000  |    0.0472/  0.0952/  0.1132            0.1132          -0.2526     0.0312  |       0.4908      0.1731
 223     -0.0056        1.0000  |   -0.0049/  0.0492/  0.0720            0.0720          -0.2526     0.0266  |       0.4908      0.1731
 224     -0.0056        1.0000  |    0.0642/  0.0899/  0.1036            0.1036          -0.2526     0.0217  |       0.4908      0.1731
 225     -0.0056        1.0000  |    0.0378/  0.0835/  0.1075            0.1075          -0.2526     0.0236  |       0.4908      0.1731
 226     -0.0056        1.0000  |    0.0658/  0.0960/  0.1143            0.1143          -0.2526     0.0239  |       0.4908      0.1731
 227     -0.0056        1.0000  |    0.0246/  0.0667/  0.0849            0.0849          -0.2526     0.0287  |       0.4908      0.1731
 228     -0.0056        1.0000  |    0.0378/  0.0657/  0.0873            0.0873          -0.2526     0.0267  |       0.4908      0.1731
 229     -0.0056        1.0000  |    0.0496/  0.0877/  0.1044            0.1044          -0.2526     0.0260  |       0.4908      0.1731
 230     -0.0056        1.0000  |    0.0564/  0.0825/  0.1033            0.1033          -0.2526     0.0242  |       0.4908      0.1731
 231     -0.0056        1.0000  |    0.0370/  0.0793/  0.1008            0.1008          -0.2526     0.0221  |       0.4908      0.1731
 232     -0.0056        1.0000  |    0.0506/  0.0906/  0.1115            0.1115          -0.2526     0.0290  |       0.4908      0.1731
 233     -0.0056        1.0000  |    0.0445/  0.0862/  0.1074            0.1074          -0.2526     0.0249  |       0.4908      0.1731
 234     -0.0056        1.0000  |    0.0120/  0.0555/  0.0754            0.0754          -0.2526     0.0301  |       0.4908      0.1731
 235     -0.0056        1.0000  |    0.0548/  0.0784/  0.0980            0.0980          -0.2526     0.0232  |       0.4908      0.1731
 236     -0.0056        1.0000  |    0.0328/  0.0728/  0.0923            0.0923          -0.2526     0.0323  |       0.4908      0.1731
 237     -0.0056        1.0000  |    0.0596/  0.0887/  0.1056            0.1056          -0.2526     0.0274  |       0.4908      0.1731
 238     -0.0056        1.0000  |    0.0400/  0.0818/  0.1045            0.1045          -0.2526     0.0227  |       0.4908      0.1731
 239     -0.0056        1.0000  |    0.0344/  0.0690/  0.0899            0.0899          -0.2526     0.0292  |       0.4908      0.1731
 240     -0.0056        1.0000  |    0.0215/  0.0529/  0.0718            0.0718          -0.2526     0.0250  |       0.4908      0.1731
 241     -0.0056        1.0000  |    0.0347/  0.0865/  0.1070            0.1070          -0.2526     0.0300  |       0.4908      0.1731
 242     -0.0056        1.0000  |    0.0137/  0.0675/  0.0869            0.0869          -0.2526     0.0298  |       0.4908      0.1731
 243     -0.0056        1.0000  |    0.0577/  0.0950/  0.1129            0.1129          -0.2526     0.0273  |       0.4908      0.1731
 244     -0.0056        1.0000  |    0.0429/  0.0912/  0.1117            0.1117          -0.2526     0.0196  |       0.4908      0.1731
 245     -0.0056        1.0000  |    0.0538/  0.0950/  0.1155            0.1155          -0.2526     0.0230  |       0.4908      0.1731
 246     -0.0056        1.0000  |    0.0390/  0.0766/  0.0954            0.0954          -0.2526     0.0193  |       0.4908      0.1731
 247     -0.0056        1.0000  |    0.0475/  0.0835/  0.1054            0.1054          -0.2526     0.0234  |       0.4908      0.1731
 248     -0.0056        1.0000  |    0.0731/  0.1179/  0.1361            0.1361          -0.2526     0.0189  |       0.4908      0.1731
 249     -0.0056        1.0000  |    0.0232/  0.0721/  0.0904            0.0904          -0.2526     0.0364  |       0.4908      0.1731
 250     -0.0056        1.0000  |    0.0109/  0.0467/  0.0699            0.0699          -0.2526     0.0303  |       0.4908      0.1731
 251     -0.0056        1.0000  |    0.0137/  0.0666/  0.0862            0.0862          -0.2526     0.0250  |       0.4908      0.1731
 252     -0.0056        1.0000  |    0.0643/  0.0918/  0.1120            0.1120          -0.2526     0.0193  |       0.4908      0.1731
 253     -0.0056        1.0000  |    0.0480/  0.0628/  0.0750            0.0750          -0.2526     0.0297  |       0.4908      0.1731
 254     -0.0056        1.0000  |    0.0291/  0.0629/  0.0777            0.0777          -0.2526     0.0326  |       0.4908      0.1731
 255     -0.0056        1.0000  |    0.0275/  0.0554/  0.0732            0.0732          -0.2526     0.0339  |       0.4908      0.1731
 256     -0.0056        1.0000  |    0.0074/  0.0525/  0.0748            0.0748          -0.2526     0.0263  |       0.4908      0.1731
 257     -0.0056        1.0000  |    0.0889/  0.1238/  0.1428            0.1428          -0.2526     0.0213  |       0.4908      0.1731
 258     -0.0056        1.0000  |    0.0351/  0.0780/  0.1013            0.1013          -0.2526     0.0237  |       0.4908      0.1731
 259     -0.0056        1.0000  |    0.0688/  0.0979/  0.1215            0.1215          -0.2526     0.0250  |       0.4908      0.1731
 260     -0.0056        1.0000  |    0.0481/  0.0949/  0.1149            0.1149          -0.2526     0.0277  |       0.4908      0.1731
 261     -0.0055        1.0000  |    0.0282/  0.0599/  0.0810            0.0810          -0.2520     0.0256  |       0.4908      0.1731
 262     -0.0055        1.0000  |    0.0206/  0.0795/  0.1037            0.1037          -0.2520     0.0254  |       0.4908      0.1731
 263     -0.0055        1.0000  |    0.0427/  0.0839/  0.1101            0.1101          -0.2520     0.0225  |       0.4908      0.1731
 264     -0.0055        1.0000  |    0.0135/  0.0884/  0.1104            0.1104          -0.2520     0.0264  |       0.4908      0.1731
 265     -0.0055        1.0000  |    0.0060/  0.0620/  0.0888            0.0888          -0.2520     0.0312  |       0.4908      0.1731
 266     -0.0055        1.0000  |    0.0114/  0.0639/  0.0859            0.0859          -0.2520     0.0338  |       0.4908      0.1731
 267     -0.0055        1.0000  |    0.0145/  0.0556/  0.0803            0.0803          -0.2520     0.0258  |       0.4908      0.1731
 268     -0.0055        1.0000  |    0.0461/  0.0919/  0.1106            0.1106          -0.2520     0.0298  |       0.4908      0.1731
 269     -0.0055        1.0000  |    0.0473/  0.0926/  0.1188            0.1188          -0.2520     0.0255  |       0.4908      0.1731
 270     -0.0055        1.0000  |    0.0475/  0.0740/  0.0894            0.0894          -0.2520     0.0328  |       0.4908      0.1731
 271     -0.0055        1.0000  |    0.0338/  0.0832/  0.1067            0.1067          -0.2520     0.0216  |       0.4908      0.1731
 272     -0.0055        1.0000  |   -0.0007/  0.0730/  0.0933            0.0933          -0.2520     0.0276  |       0.4908      0.1731
 273     -0.0055        1.0000  |    0.0404/  0.0722/  0.0923            0.0923          -0.2520     0.0307  |       0.4908      0.1731
 274     -0.0055        1.0000  |    0.0634/  0.0952/  0.1166            0.1166          -0.2520     0.0186  |       0.4908      0.1731
 275     -0.0055        1.0000  |    0.0162/  0.0629/  0.0815            0.0815          -0.2520     0.0377  |       0.4908      0.1731
 276     -0.0055        1.0000  |    0.0378/  0.0833/  0.1036            0.1036          -0.2520     0.0174  |       0.4908      0.1731
 277     -0.0055        1.0000  |    0.0688/  0.0978/  0.1146            0.1146          -0.2520     0.0264  |       0.4908      0.1731
 278     -0.0055        1.0000  |    0.0510/  0.0799/  0.1013            0.1013          -0.2520     0.0259  |       0.4908      0.1731
 279     -0.0055        1.0000  |    0.0430/  0.0865/  0.1096            0.1096          -0.2520     0.0227  |       0.4908      0.1731
 280     -0.0055        1.0000  |    0.0631/  0.0977/  0.1153            0.1153          -0.2520     0.0332  |       0.4908      0.1731
 281     -0.0055        1.0000  |    0.0453/  0.0703/  0.0876            0.0876          -0.2520     0.0270  |       0.4908      0.1731
 282     -0.0055        1.0000  |    0.0399/  0.0800/  0.1032            0.1032          -0.2520     0.0275  |       0.4908      0.1731
 283     -0.0055        1.0000  |    0.0166/  0.0623/  0.0870            0.0870          -0.2520     0.0279  |       0.4908      0.1731
 284     -0.0055        1.0000  |    0.0295/  0.0793/  0.1024            0.1024          -0.2520     0.0227  |       0.4908      0.1731
 285     -0.0055        1.0000  |    0.0256/  0.0747/  0.0939            0.0939          -0.2520     0.0345  |       0.4908      0.1731
 286     -0.0055        1.0000  |    0.0537/  0.0810/  0.1045            0.1045          -0.2520     0.0294  |       0.4908      0.1731
 287     -0.0055        1.0000  |    0.0309/  0.1043/  0.1292            0.1292          -0.2520     0.0231  |       0.4908      0.1731
 288     -0.0055        1.0000  |    0.0465/  0.0792/  0.1031            0.1031          -0.2520     0.0220  |       0.4908      0.1731
 289     -0.0055        1.0000  |    0.0180/  0.0769/  0.1037            0.1037          -0.2522     0.0328  |       0.4908      0.1731
 290     -0.0055        1.0000  |    0.0353/  0.0739/  0.0951            0.0951          -0.2522     0.0274  |       0.4908      0.1731
 291     -0.0055        1.0000  |    0.0112/  0.0740/  0.0958            0.0958          -0.2522     0.0251  |       0.4908      0.1731
 292     -0.0055        1.0000  |    0.0394/  0.0827/  0.1030            0.1030          -0.2522     0.0239  |       0.4908      0.1731
 293     -0.0055        1.0000  |    0.0721/  0.1009/  0.1174            0.1174          -0.2522     0.0162  |       0.4908      0.1731
 294     -0.0055        1.0000  |    0.0461/  0.0791/  0.0966            0.0966          -0.2522     0.0313  |       0.4908      0.1731
 295     -0.0055        1.0000  |    0.0314/  0.0776/  0.1011            0.1011          -0.2522     0.0301  |       0.4908      0.1731
 296     -0.0053        1.0000  |    0.0231/  0.0443/  0.0567            0.0567          -0.2521     0.0252  |       0.4908      0.1731
 297     -0.0053        1.0000  |    0.0712/  0.0987/  0.1123            0.1123          -0.2521     0.0307  |       0.4908      0.1731
 298     -0.0053        1.0000  |    0.0507/  0.0962/  0.1166            0.1166          -0.2521     0.0226  |       0.4908      0.1731
 299     -0.0053        1.0000  |    0.0559/  0.0852/  0.1048            0.1048          -0.2521     0.0254  |       0.4908      0.1731
IMAGEIO FFMPEG_WRITER WARNING: input image is not divisible by macro_block_size=16, resizing from (320, 180) to (320, 192) to ensure video compatibility with most codecs and players. To prevent resizing, make your input image divisible by the macro_block_size or set the macro_block_size to 1 (risking incompatibility).

Saved 300 frames -> /home/ashwink/Documents/swms/SWM_copy/rollouts_5_per/expert-only/epoch6/epoch6_rollout1_failure.mp4
min dist(green_cube,blue_moon) over episode = 0.1659  ->  FAILURE
Full log written to /home/ashwink/Documents/swms/SWM_copy/rollouts_5_per/expert-only/epoch6/epoch6_rollout1_20260723_124229.log
Result json -> /home/ashwink/Documents/swms/SWM_copy/rollouts_5_per/expert-only/epoch6/epoch6_rollout1_result.json
