Checkpoint dir epoch: 6  Rollout: 3
Logging to /home/ashwink/Documents/swms/SWM_copy/rollouts_5_per/expert-only/epoch6/epoch6_rollout3_20260723_124551.log
Goal (fixed, steps 0-299): the green cube is touching the blue moon. the peg is touching the green cube.

Checkpoint: /home/ashwink/Documents/swms/SWM_copy/training/checkpoints_clip_full_finetuned_wider_hl/epoch_006.pt
  epoch=6  step=6006

Loading CLIP ViT-L/14 (datacomp_xl_s13b_b90k) + fine-tuned clip_state_dict ...
Parsing model identifier. Schema: None, Identifier: ViT-L-14
Loaded built-in ViT-L-14 model config.
Instantiating model architecture: CLIP
Loading full pretrained weights from: /home/ashwink/.cache/huggingface/hub/models--laion--CLIP-ViT-L-14-DataComp.XL-s13B-b90K/snapshots/84c9828e63dc9a9351d1fe637c346d4c1c4db341/open_clip_pytorch_model.bin
Final image preprocessing configuration set: {'size': (224, 224), 'mode': 'RGB', 'mean': (0.48145466, 0.4578275, 0.40821073), 'std': (0.26862954, 0.26130258, 0.27577711), 'interpolation': 'bicubic', 'resize_mode': 'shortest', 'fill_color': 0}
Model ViT-L-14 creation process complete.
Parsing tokenizer identifier. Schema: None, Identifier: ViT-L-14
Attempting to load config from built-in: ViT-L-14
Using default SimpleTokenizer.
z_star shape: torch.Size([768])

Loading action stats from /home/ashwink/full_data_5000/langtable/demos/ ...
  lo=[-0.03372681140899658, -0.03493623435497284]  hi=[0.03496786952018738, 0.03494429588317871]

Initializing LangTable env ...
Loading URDF plane.urdf
Loading URDF /home/ashwink/Documents/swms/.venv/lib/python3.10/site-packages/language_table/environments/utils/../../../language_table/environments/assets/workspace_real.urdf
Loading URDF xarm/xarm6_robot_white.urdf
Loading URDF /home/ashwink/Documents/swms/.venv/lib/python3.10/site-packages/language_table/environments/utils/../../../language_table/environments/assets/suction/cylinder_real.urdf
Loading URDF /home/ashwink/Documents/swms/.venv/lib/python3.10/site-packages/language_table/environments/utils/../../../language_table/environments/assets/blocks/red_moon.urdf
Loading URDF /home/ashwink/Documents/swms/.venv/lib/python3.10/site-packages/language_table/environments/utils/../../../language_table/environments/assets/blocks/red_cube.urdf
Loading URDF /home/ashwink/Documents/swms/.venv/lib/python3.10/site-packages/language_table/environments/utils/../../../language_table/environments/assets/blocks/red_star.urdf
Loading URDF /home/ashwink/Documents/swms/.venv/lib/python3.10/site-packages/language_table/environments/utils/../../../language_table/environments/assets/blocks/red_pentagon.urdf
Loading URDF /home/ashwink/Documents/swms/.venv/lib/python3.10/site-packages/language_table/environments/utils/../../../language_table/environments/assets/blocks/blue_moon.urdf
Loading URDF /home/ashwink/Documents/swms/.venv/lib/python3.10/site-packages/language_table/environments/utils/../../../language_table/environments/assets/blocks/blue_cube.urdf
Loading URDF /home/ashwink/Documents/swms/.venv/lib/python3.10/site-packages/language_table/environments/utils/../../../language_table/environments/assets/blocks/blue_star.urdf
Loading URDF /home/ashwink/Documents/swms/.venv/lib/python3.10/site-packages/language_table/environments/utils/../../../language_table/environments/assets/blocks/blue_pentagon.urdf
Loading URDF /home/ashwink/Documents/swms/.venv/lib/python3.10/site-packages/language_table/environments/utils/../../../language_table/environments/assets/blocks/yellow_moon.urdf
Loading URDF /home/ashwink/Documents/swms/.venv/lib/python3.10/site-packages/language_table/environments/utils/../../../language_table/environments/assets/blocks/yellow_cube.urdf
Loading URDF /home/ashwink/Documents/swms/.venv/lib/python3.10/site-packages/language_table/environments/utils/../../../language_table/environments/assets/blocks/yellow_star.urdf
Loading URDF /home/ashwink/Documents/swms/.venv/lib/python3.10/site-packages/language_table/environments/utils/../../../language_table/environments/assets/blocks/yellow_pentagon.urdf
Loading URDF /home/ashwink/Documents/swms/.venv/lib/python3.10/site-packages/language_table/environments/utils/../../../language_table/environments/assets/blocks/green_moon.urdf
Loading URDF /home/ashwink/Documents/swms/.venv/lib/python3.10/site-packages/language_table/environments/utils/../../../language_table/environments/assets/blocks/green_cube.urdf
Loading URDF /home/ashwink/Documents/swms/.venv/lib/python3.10/site-packages/language_table/environments/utils/../../../language_table/environments/assets/blocks/green_star.urdf
Loading URDF /home/ashwink/Documents/swms/.venv/lib/python3.10/site-packages/language_table/environments/utils/../../../language_table/environments/assets/blocks/green_pentagon.urdf
Loading URDF /home/ashwink/Documents/swms/.venv/lib/python3.10/site-packages/language_table/environments/utils/../../../language_table/environments/assets/blocks/purple_moon.urdf
Loading URDF /home/ashwink/Documents/swms/.venv/lib/python3.10/site-packages/language_table/environments/utils/../../../language_table/environments/assets/blocks/purple_cube.urdf
Loading URDF /home/ashwink/Documents/swms/.venv/lib/python3.10/site-packages/language_table/environments/utils/../../../language_table/environments/assets/blocks/purple_star.urdf
Loading URDF /home/ashwink/Documents/swms/.venv/lib/python3.10/site-packages/language_table/environments/utils/../../../language_table/environments/assets/blocks/purple_pentagon.urdf
Env ready.

Forced peg start: [0.42843915 0.24419614]  (green_cube=[0.40339102 0.18967466], blue_moon=[0.32039625 0.00902261])
  dist(peg,green_cube)=0.0600  dist(peg,blue_moon)=0.2588  dist(green_cube,blue_moon)=0.1988

step  cos(zt,z*)  cos(zt,zt-1)  |   cos(predK,z*) min/mean/max  cos(pred_sel,z*)   cos(zpred0,z*)  ||a_raw||  |  dist(peg,A)   dist(A,B)
-------------------------------------------------------------------------------------------------------------------------------------------------------------------------------
   0      0.1241           nan  |    0.6764/  0.7220/  0.7340            0.7340           0.6677     0.0111  |       0.0587      0.1988
   1      0.1262        0.9946  |    0.6968/  0.7164/  0.7254            0.7254           0.6651     0.0018  |       0.0609      0.1988
   2      0.1309        0.9967  |    0.6981/  0.7196/  0.7294            0.7294           0.6661     0.0019  |       0.0614      0.1988
   3      0.1244        0.9954  |    0.6862/  0.7299/  0.7383            0.7383           0.6693     0.0098  |       0.0632      0.1988
   4      0.1301        0.9955  |    0.6988/  0.7258/  0.7354            0.7354           0.6663     0.0062  |       0.0589      0.1988
   5      0.1314        0.9959  |    0.7064/  0.7311/  0.7402            0.7402           0.6710     0.0047  |       0.0640      0.1988
   6      0.1272        0.9968  |    0.7102/  0.7288/  0.7374            0.7374           0.6683     0.0046  |       0.0616      0.1988
   7      0.1259        0.9935  |    0.6887/  0.7290/  0.7377            0.7377           0.6668     0.0041  |       0.0597      0.1988
   8      0.1307        0.9951  |    0.7111/  0.7358/  0.7449            0.7449           0.6709     0.0065  |       0.0569      0.1988
   9      0.1232        0.9938  |    0.6805/  0.7199/  0.7296            0.7296           0.6596     0.0015  |       0.0572      0.1988
  10      0.1216        0.9980  |    0.6817/  0.7190/  0.7265            0.7265           0.6604     0.0081  |       0.0580      0.1988
  11      0.1181        0.9967  |    0.6859/  0.7194/  0.7265            0.7265           0.6576     0.0046  |       0.0517      0.1988
  12      0.1158        0.9971  |    0.6997/  0.7214/  0.7289            0.7289           0.6590     0.0013  |       0.0470      0.1988
  13      0.1180        0.9963  |    0.6916/  0.7264/  0.7350            0.7350           0.6690     0.0032  |       0.0456      0.1988
  14      0.1171        0.9973  |    0.7075/  0.7232/  0.7316            0.7316           0.6629     0.0031  |       0.0445      0.1988
  15      0.1204        0.9963  |    0.7069/  0.7321/  0.7400            0.7400           0.6697     0.0055  |       0.0463      0.1988
  16      0.1124        0.9940  |    0.6589/  0.7155/  0.7264            0.7264           0.6640     0.0025  |       0.0440      0.1988
  17      0.1124        0.9972  |    0.6808/  0.7122/  0.7229            0.7229           0.6616     0.0047  |       0.0435      0.1988
  18      0.1159        0.9968  |    0.6881/  0.7139/  0.7261            0.7261           0.6600     0.0021  |       0.0418      0.1988
  19      0.1162        0.9981  |    0.6616/  0.7085/  0.7183            0.7183           0.6578     0.0050  |       0.0435      0.1988
  20      0.1238        0.9460  |    0.6213/  0.6950/  0.7092            0.7092           0.5999     0.0026  |       0.0409      0.1976
  21      0.1216        0.9881  |    0.6256/  0.7008/  0.7136            0.7136           0.6311     0.0059  |       0.0429      0.1976
  22      0.1245        0.9854  |    0.6569/  0.7080/  0.7195            0.7195           0.6134     0.0007  |       0.0451      0.1976
  23      0.1360        0.9931  |    0.6726/  0.7246/  0.7373            0.7373           0.6382     0.0025  |       0.0458      0.1976
  24      0.1167        0.9810  |    0.6658/  0.6911/  0.7026            0.7026           0.6265     0.0059  |       0.0459      0.1976
  25      0.1017        0.9846  |    0.6439/  0.6823/  0.6937            0.6937           0.6269     0.0039  |       0.0513      0.1976
  26      0.1137        0.9878  |    0.5778/  0.6916/  0.7015            0.7015           0.6270     0.0020  |       0.0492      0.1976
  27      0.1237        0.9898  |    0.6480/  0.6980/  0.7097            0.7097           0.6160     0.0060  |       0.0475      0.1976
  28      0.1492        0.9448  |    0.6470/  0.7347/  0.7460            0.7460           0.6559     0.0034  |       0.0423      0.1976
  29      0.1605        0.9750  |    0.6606/  0.7174/  0.7269            0.7269           0.6427     0.0056  |       0.0436      0.1976
  30      0.1549        0.9783  |    0.6620/  0.7138/  0.7226            0.7226           0.6480     0.0017  |       0.0392      0.1976
  31      0.1496        0.9735  |    0.7018/  0.7349/  0.7467            0.7467           0.6675     0.0080  |       0.0380      0.1979
  32      0.1543        0.9696  |    0.6860/  0.7318/  0.7403            0.7403           0.6642     0.0041  |       0.0422      0.1979
  33      0.1635        0.9864  |    0.6541/  0.7298/  0.7414            0.7414           0.6547     0.0111  |       0.0415      0.1979
  34      0.1565        0.9294  |    0.6646/  0.7225/  0.7346            0.7346           0.6510     0.0041  |       0.0427      0.1979
  35      0.1517        0.9730  |    0.6297/  0.7131/  0.7237            0.7237           0.6356     0.0079  |       0.0456      0.1979
  36      0.1592        0.9480  |    0.6513/  0.7524/  0.7619            0.7619           0.6799     0.0020  |       0.0434      0.1979
  37      0.1557        0.9779  |    0.6954/  0.7362/  0.7472            0.7472           0.6647     0.0077  |       0.0449      0.1979
  38      0.1426        0.9637  |    0.6949/  0.7443/  0.7550            0.7550           0.6767     0.0007  |       0.0499      0.1979
  39      0.1444        0.9934  |    0.6978/  0.7326/  0.7423            0.7423           0.6752     0.0085  |       0.0497      0.1979
  40      0.1229        0.9613  |    0.6471/  0.6741/  0.6845            0.6845           0.6222     0.0074  |       0.0555      0.1979
  41      0.1258        0.9645  |    0.6655/  0.6896/  0.6995            0.6995           0.5955     0.0005  |       0.0527      0.1979
  42      0.1294        0.9951  |    0.6703/  0.6926/  0.7054            0.7054           0.5951     0.0059  |       0.0525      0.1979
  43      0.1279        0.9629  |    0.6778/  0.7122/  0.7203            0.7203           0.6444     0.0054  |       0.0530      0.1979
  44      0.1271        0.9671  |    0.6654/  0.6911/  0.7018            0.7018           0.6439     0.0065  |       0.0548      0.1979
  45      0.1340        0.9581  |    0.6271/  0.6561/  0.6642            0.6642           0.5755     0.0098  |       0.0596      0.1979
  46      0.1056        0.9592  |    0.6143/  0.6409/  0.6509            0.6509           0.5539     0.0090  |       0.0661      0.1979
  47      0.1088        0.9497  |    0.6212/  0.6356/  0.6449            0.6449           0.5750     0.0147  |       0.0703      0.1979
  48      0.1006        0.9153  |    0.4569/  0.4801/  0.4925            0.4925           0.2448     0.0072  |       0.0791      0.1979
  49      0.0872        0.9427  |    0.4633/  0.4844/  0.4952            0.4952           0.2201     0.0094  |       0.0860      0.1979
  50      0.0806        0.9449  |    0.2537/  0.2773/  0.2941            0.2941           0.0279     0.0109  |       0.0896      0.1979
  51      0.0924        0.9493  |    0.2708/  0.2897/  0.3040            0.3040          -0.0633     0.0118  |       0.0976      0.1979
  52      0.0478        0.9501  |   -0.1936/ -0.1444/ -0.1215           -0.1215          -0.3662     0.0117  |       0.1083      0.1979
  53      0.0216        0.9524  |   -0.2198/ -0.1802/ -0.1623           -0.1623          -0.3586     0.0254  |       0.1160      0.1979
  54     -0.0036        0.8567  |   -0.2694/ -0.2337/ -0.2214           -0.2214          -0.3412     0.0172  |       0.1281      0.1979
  55     -0.0261        0.8771  |   -0.2152/ -0.1682/ -0.1583           -0.1583          -0.3394     0.0103  |       0.1361      0.1979
  56     -0.0396        0.9367  |   -0.2189/ -0.1946/ -0.1836           -0.1836          -0.3377     0.0090  |       0.1423      0.1979
  57     -0.0421        0.9251  |   -0.2992/ -0.2748/ -0.2644           -0.2644          -0.3746     0.0125  |       0.1506      0.1979
  58     -0.0362        0.8976  |   -0.3169/ -0.2974/ -0.2853           -0.2853          -0.4075     0.0053  |       0.1621      0.1979
  59     -0.0326        0.9373  |   -0.3724/ -0.3369/ -0.3261           -0.3261          -0.4397     0.0138  |       0.1678      0.1979
  60     -0.0162        0.8968  |   -0.3400/ -0.2202/ -0.2056           -0.2056          -0.3705     0.0069  |       0.1805      0.1979
  61     -0.0257        0.9404  |   -0.2712/ -0.2151/ -0.1996           -0.1996          -0.4047     0.0040  |       0.1854      0.1979
  62     -0.0190        0.9831  |   -0.2731/ -0.1862/ -0.1721           -0.1721          -0.3940     0.0049  |       0.1868      0.1979
  63     -0.0133        0.9614  |   -0.3030/ -0.2168/ -0.2011           -0.2011          -0.3909     0.0101  |       0.1858      0.1979
  64     -0.0245        0.8912  |   -0.2628/ -0.2157/ -0.2058           -0.2058          -0.2729     0.0150  |       0.1928      0.1979
  65     -0.0154        0.8138  |   -0.2579/ -0.2169/ -0.2072           -0.2072          -0.2508     0.0160  |       0.2054      0.1979
  66     -0.0450        0.7578  |   -0.3293/ -0.3072/ -0.2972           -0.2972          -0.3162     0.0135  |       0.2204      0.1979
  67     -0.0622        0.8668  |   -0.2724/ -0.2216/ -0.2085           -0.2085          -0.2927     0.0062  |       0.2281      0.1979
  68     -0.0693        0.8935  |   -0.0343/  0.0109/  0.0308            0.0308          -0.2940     0.0252  |       0.2338      0.1979
  69     -0.0381        0.7709  |   -0.3002/ -0.2720/ -0.2469           -0.2469          -0.3552     0.0356  |       0.2324      0.1979
  70      0.0059        0.8179  |   -0.0656/ -0.0308/ -0.0182           -0.0182          -0.2858     0.0262  |       0.2611      0.1979
  71      0.0272        0.8861  |   -0.1976/ -0.1810/ -0.1665           -0.1665          -0.3487     0.0299  |       0.2818      0.1979
  72      0.0463        0.8624  |   -0.1144/ -0.0989/ -0.0865           -0.0865          -0.4014     0.0219  |       0.2947      0.1979
  73      0.0357        0.8987  |   -0.0042/  0.0266/  0.0471            0.0471          -0.3711     0.0343  |       0.3068      0.1979
  74      0.0936        0.8986  |    0.0393/  0.0816/  0.1086            0.1086          -0.3523     0.0421  |       0.3176      0.1979
  75      0.0992        0.6282  |    0.1218/  0.1451/  0.1575            0.1575          -0.2498     0.0357  |       0.3405      0.1979
  76      0.0623        0.7993  |   -0.0189/  0.0018/  0.0164            0.0164          -0.3008     0.0337  |       0.3684      0.1979
  77      0.0691        0.8399  |    0.0066/  0.0275/  0.0444            0.0444          -0.3575     0.0358  |       0.3961      0.1979
  78      0.0980        0.8213  |    0.1433/  0.1711/  0.2089            0.2089          -0.0296     0.0284  |       0.4255      0.1979
  79      0.0841        0.8355  |    0.5499/  0.5962/  0.6061            0.6061           0.4776     0.0160  |       0.4480      0.1979
  80      0.0841        1.0000  |    0.5669/  0.5986/  0.6064            0.6064           0.4776     0.0125  |       0.4590      0.1979
  81      0.0841        1.0000  |    0.5611/  0.5929/  0.6048            0.6048           0.4776     0.0042  |       0.4661      0.1979
  82      0.0841        1.0000  |    0.5411/  0.5899/  0.6019            0.6019           0.4776     0.0005  |       0.4691      0.1979
  83      0.0841        1.0000  |    0.5586/  0.5877/  0.5993            0.5993           0.4776     0.0020  |       0.4698      0.1979
  84      0.0841        1.0000  |    0.5549/  0.5893/  0.6021            0.6021           0.4776     0.0051  |       0.4708      0.1979
  85      0.0841        1.0000  |    0.5590/  0.5917/  0.6034            0.6034           0.4776     0.0056  |       0.4679      0.1979
  86      0.0841        1.0000  |    0.5584/  0.5891/  0.6004            0.6004           0.4776     0.0061  |       0.4681      0.1979
  87      0.0841        1.0000  |    0.5587/  0.5869/  0.6034            0.6034           0.4776     0.0067  |       0.4729      0.1979
  88      0.0841        1.0000  |    0.5633/  0.5892/  0.6030            0.6030           0.4776     0.0011  |       0.4753      0.1979
  89      0.0841        1.0000  |    0.5507/  0.5911/  0.6028            0.6028           0.4776     0.0038  |       0.4763      0.1979
  90      0.0841        1.0000  |    0.5594/  0.5891/  0.6030            0.6030           0.4776     0.0019  |       0.4797      0.1979
  91      0.0841        1.0000  |    0.5441/  0.5911/  0.6027            0.6027           0.4776     0.0016  |       0.4817      0.1979
  92      0.0841        1.0000  |    0.5588/  0.5916/  0.6028            0.6028           0.4776     0.0039  |       0.4820      0.1979
  93      0.0841        1.0000  |    0.5525/  0.5890/  0.6009            0.6009           0.4776     0.0006  |       0.4853      0.1979
  94      0.0841        1.0000  |    0.5490/  0.5907/  0.6012            0.6012           0.4776     0.0011  |       0.4856      0.1979
  95      0.0841        1.0000  |    0.5607/  0.5923/  0.6050            0.6050           0.4776     0.0018  |       0.4863      0.1979
  96      0.0841        1.0000  |    0.5662/  0.5933/  0.6032            0.6032           0.4776     0.0036  |       0.4876      0.1979
  97      0.0841        1.0000  |    0.5588/  0.5912/  0.6021            0.6021           0.4776     0.0055  |       0.4889      0.1979
  98      0.0841        1.0000  |    0.5577/  0.5888/  0.5997            0.5997           0.4776     0.0043  |       0.4892      0.1979
  99      0.0841        1.0000  |    0.5176/  0.5906/  0.6032            0.6032           0.4776     0.0038  |       0.4905      0.1979
 100      0.0843        1.0000  |    0.5584/  0.5929/  0.6057            0.6057           0.4804     0.0022  |       0.4938      0.1979
 101      0.0843        1.0000  |    0.5745/  0.5944/  0.6043            0.6043           0.4804     0.0054  |       0.4956      0.1979
 102      0.0843        1.0000  |    0.5650/  0.5938/  0.6044            0.6044           0.4804     0.0039  |       0.4992      0.1979
 103      0.0843        1.0000  |    0.5528/  0.5939/  0.6044            0.6044           0.4804     0.0051  |       0.5026      0.1979
 104      0.0843        1.0000  |    0.5750/  0.5918/  0.6031            0.6031           0.4804     0.0022  |       0.5032      0.1979
 105      0.0843        1.0000  |    0.5598/  0.5956/  0.6066            0.6066           0.4804     0.0046  |       0.5044      0.1979
 106      0.0843        1.0000  |    0.5728/  0.5951/  0.6049            0.6049           0.4804     0.0012  |       0.5086      0.1979
 107      0.0843        1.0000  |    0.5235/  0.5930/  0.6047            0.6047           0.4804     0.0016  |       0.5097      0.1979
 108      0.0844        1.0000  |    0.5568/  0.5940/  0.6035            0.6035           0.4808     0.0032  |       0.5084      0.1979
 109      0.0843        1.0000  |    0.5612/  0.5921/  0.6023            0.6023           0.4804     0.0017  |       0.5054      0.1979
 110      0.0844        1.0000  |    0.5584/  0.5909/  0.6043            0.6043           0.4808     0.0024  |       0.5058      0.1979
 111      0.0844        1.0000  |    0.5715/  0.5944/  0.6036            0.6036           0.4808     0.0035  |       0.5078      0.1979
 112      0.0844        1.0000  |    0.5590/  0.5868/  0.5993            0.5993           0.4808     0.0103  |       0.5111      0.1979
 113      0.0844        1.0000  |    0.5580/  0.5878/  0.5999            0.5999           0.4808     0.0035  |       0.5185      0.1979
 114      0.0844        1.0000  |    0.5547/  0.5932/  0.6038            0.6038           0.4808     0.0076  |       0.5201      0.1979
 115      0.0844        1.0000  |    0.5608/  0.5926/  0.6049            0.6049           0.4808     0.0021  |       0.5197      0.1979
 116      0.0844        1.0000  |    0.5208/  0.5908/  0.6035            0.6035           0.4808     0.0046  |       0.5191      0.1979
 117      0.0844        1.0000  |    0.5624/  0.5952/  0.6067            0.6067           0.4808     0.0037  |       0.5195      0.1979
 118      0.0844        1.0000  |    0.5532/  0.5935/  0.6041            0.6041           0.4808     0.0043  |       0.5184      0.1979
 119      0.0844        1.0000  |    0.5249/  0.5924/  0.6030            0.6030           0.4808     0.0077  |       0.5202      0.1979
 120      0.0844        1.0000  |    0.5697/  0.5916/  0.6017            0.6017           0.4808     0.0045  |       0.5218      0.1979
 121      0.0844        1.0000  |    0.5544/  0.5935/  0.6055            0.6055           0.4808     0.0023  |       0.5208      0.1979
 122      0.0844        1.0000  |    0.5651/  0.5926/  0.6035            0.6035           0.4808     0.0030  |       0.5200      0.1979
 123      0.0844        1.0000  |    0.5669/  0.5907/  0.6010            0.6010           0.4808     0.0058  |       0.5204      0.1979
 124      0.0844        1.0000  |    0.5278/  0.5908/  0.6042            0.6042           0.4808     0.0054  |       0.5209      0.1979
 125      0.0844        1.0000  |    0.5694/  0.5919/  0.6025            0.6025           0.4808     0.0032  |       0.5222      0.1979
 126      0.0844        1.0000  |    0.5583/  0.5962/  0.6061            0.6061           0.4808     0.0061  |       0.5232      0.1979
 127      0.0844        1.0000  |    0.5744/  0.5928/  0.6048            0.6048           0.4808     0.0058  |       0.5222      0.1979
 128      0.0844        1.0000  |    0.5663/  0.5921/  0.6030            0.6030           0.4808     0.0047  |       0.5210      0.1979
 129      0.0844        1.0000  |    0.5412/  0.5928/  0.6046            0.6046           0.4808     0.0021  |       0.5230      0.1979
 130      0.0844        1.0000  |    0.5575/  0.5911/  0.6022            0.6022           0.4808     0.0047  |       0.5238      0.1979
 131      0.0844        1.0000  |    0.5676/  0.5966/  0.6068            0.6068           0.4808     0.0029  |       0.5234      0.1979
 132      0.0844        1.0000  |    0.5595/  0.5972/  0.6065            0.6065           0.4808     0.0025  |       0.5241      0.1979
 133      0.0844        1.0000  |    0.5443/  0.5929/  0.6036            0.6036           0.4808     0.0020  |       0.5248      0.1979
 134      0.0844        1.0000  |    0.5629/  0.5955/  0.6053            0.6053           0.4808     0.0080  |       0.5238      0.1979
 135      0.0844        1.0000  |    0.5599/  0.5962/  0.6082            0.6082           0.4808     0.0048  |       0.5224      0.1979
 136      0.0844        1.0000  |    0.5619/  0.5924/  0.6021            0.6021           0.4808     0.0042  |       0.5209      0.1979
 137      0.0844        1.0000  |    0.5655/  0.5933/  0.6045            0.6045           0.4811     0.0043  |       0.5195      0.1979
 138      0.0844        1.0000  |    0.5682/  0.5936/  0.6058            0.6058           0.4811     0.0012  |       0.5185      0.1979
 139      0.0844        1.0000  |    0.5701/  0.5942/  0.6047            0.6047           0.4811     0.0048  |       0.5172      0.1979
 140      0.0844        1.0000  |    0.5523/  0.5936/  0.6051            0.6051           0.4811     0.0033  |       0.5207      0.1979
 141      0.0844        1.0000  |    0.5592/  0.5921/  0.6034            0.6034           0.4811     0.0016  |       0.5202      0.1979
 142      0.0844        1.0000  |    0.5655/  0.5930/  0.6042            0.6042           0.4811     0.0013  |       0.5192      0.1979
 143      0.0844        1.0000  |    0.5684/  0.5967/  0.6072            0.6072           0.4811     0.0081  |       0.5181      0.1979
 144      0.0844        1.0000  |    0.5613/  0.5943/  0.6043            0.6043           0.4811     0.0034  |       0.5197      0.1979
 145      0.0844        1.0000  |    0.5676/  0.5891/  0.6003            0.6003           0.4815     0.0034  |       0.5192      0.1979
 146      0.0844        1.0000  |    0.5414/  0.5931/  0.6072            0.6072           0.4815     0.0015  |       0.5203      0.1979
 147      0.0844        1.0000  |    0.5754/  0.5942/  0.6049            0.6049           0.4815     0.0032  |       0.5203      0.1979
 148      0.0844        1.0000  |    0.5588/  0.5901/  0.6011            0.6011           0.4815     0.0018  |       0.5206      0.1979
 149      0.0844        1.0000  |    0.5602/  0.5913/  0.6013            0.6013           0.4815     0.0025  |       0.5206      0.1979
 150      0.0844        1.0000  |    0.5715/  0.5935/  0.6036            0.6036           0.4815     0.0063  |       0.5187      0.1979
 151      0.0844        1.0000  |    0.5568/  0.5941/  0.6047            0.6047           0.4815     0.0011  |       0.5194      0.1979
 152      0.0844        1.0000  |    0.5717/  0.5920/  0.6033            0.6033           0.4815     0.0053  |       0.5195      0.1979
 153      0.0844        1.0000  |    0.5453/  0.5924/  0.6034            0.6034           0.4815     0.0014  |       0.5187      0.1979
 154      0.0844        1.0000  |    0.5609/  0.5931/  0.6057            0.6057           0.4815     0.0055  |       0.5173      0.1979
 155      0.0844        1.0000  |    0.5767/  0.5953/  0.6055            0.6055           0.4815     0.0040  |       0.5167      0.1979
 156      0.0844        1.0000  |    0.5484/  0.5909/  0.6034            0.6034           0.4815     0.0021  |       0.5158      0.1979
 157      0.0840        0.9996  |    0.5518/  0.5932/  0.6039            0.6039           0.4821     0.0008  |       0.5159      0.1979
 158      0.0844        0.9996  |    0.5610/  0.5918/  0.6033            0.6033           0.4815     0.0013  |       0.5158      0.1979
 159      0.0844        1.0000  |    0.5523/  0.5908/  0.6033            0.6033           0.4815     0.0036  |       0.5160      0.1979
 160      0.0844        1.0000  |    0.5670/  0.5915/  0.6017            0.6017           0.4815     0.0025  |       0.5157      0.1979
 161      0.0844        1.0000  |    0.5499/  0.5920/  0.6044            0.6044           0.4815     0.0019  |       0.5140      0.1979
 162      0.0844        1.0000  |    0.5643/  0.5942/  0.6029            0.6029           0.4815     0.0052  |       0.5138      0.1979
 163      0.0844        1.0000  |    0.5564/  0.5946/  0.6069            0.6069           0.4815     0.0047  |       0.5134      0.1979
 164      0.0844        1.0000  |    0.5692/  0.5955/  0.6052            0.6052           0.4815     0.0080  |       0.5101      0.1979
 165      0.0844        1.0000  |    0.5583/  0.5910/  0.6026            0.6026           0.4815     0.0003  |       0.5125      0.1979
 166      0.0844        1.0000  |    0.5644/  0.5905/  0.6042            0.6042           0.4815     0.0015  |       0.5123      0.1979
 167      0.0844        1.0000  |    0.5627/  0.5964/  0.6072            0.6072           0.4815     0.0098  |       0.5110      0.1979
 168      0.0844        1.0000  |    0.5564/  0.5938/  0.6043            0.6043           0.4815     0.0051  |       0.5127      0.1979
 169      0.0844        1.0000  |    0.5626/  0.5917/  0.6043            0.6043           0.4815     0.0042  |       0.5120      0.1979
 170      0.0840        0.9996  |    0.5541/  0.5961/  0.6078            0.6078           0.4821     0.0041  |       0.5122      0.1979
 171      0.0844        0.9996  |    0.5300/  0.5935/  0.6043            0.6043           0.4815     0.0042  |       0.5124      0.1979
 172      0.0844        1.0000  |    0.5486/  0.5960/  0.6072            0.6072           0.4815     0.0033  |       0.5116      0.1979
 173      0.0840        0.9996  |    0.5634/  0.5959/  0.6066            0.6066           0.4821     0.0036  |       0.5108      0.1979
 174      0.0844        0.9996  |    0.5397/  0.5915/  0.6036            0.6036           0.4815     0.0038  |       0.5100      0.1979
 175      0.0844        1.0000  |    0.5621/  0.5957/  0.6065            0.6065           0.4815     0.0078  |       0.5108      0.1979
 176      0.0844        1.0000  |    0.5704/  0.5925/  0.6031            0.6031           0.4815     0.0044  |       0.5093      0.1979
 177      0.0844        1.0000  |    0.5691/  0.5934/  0.6049            0.6049           0.4815     0.0060  |       0.5101      0.1979
 178      0.0844        1.0000  |    0.5707/  0.5899/  0.6002            0.6002           0.4815     0.0037  |       0.5101      0.1979
 179      0.0844        1.0000  |    0.5612/  0.5900/  0.6011            0.6011           0.4815     0.0045  |       0.5100      0.1979
 180      0.0844        1.0000  |    0.5436/  0.5943/  0.6070            0.6070           0.4815     0.0008  |       0.5090      0.1979
 181      0.0840        0.9996  |    0.5448/  0.5945/  0.6064            0.6064           0.4821     0.0035  |       0.5087      0.1979
 182      0.0840        1.0000  |    0.5620/  0.5968/  0.6093            0.6093           0.4821     0.0037  |       0.5093      0.1979
 183      0.0840        1.0000  |    0.5562/  0.5962/  0.6087            0.6087           0.4821     0.0047  |       0.5088      0.1979
 184      0.0840        1.0000  |    0.5741/  0.5947/  0.6053            0.6053           0.4814     0.0069  |       0.5044      0.1979
 185      0.0840        1.0000  |    0.5505/  0.5955/  0.6074            0.6074           0.4821     0.0057  |       0.5091      0.1979
 186      0.0840        1.0000  |    0.5556/  0.5945/  0.6070            0.6070           0.4814     0.0026  |       0.5092      0.1979
 187      0.0840        1.0000  |    0.5624/  0.5963/  0.6081            0.6081           0.4821     0.0024  |       0.5070      0.1979
 188      0.0840        1.0000  |    0.5562/  0.5981/  0.6090            0.6090           0.4821     0.0048  |       0.5089      0.1979
 189      0.0840        1.0000  |    0.5629/  0.5966/  0.6063            0.6063           0.4821     0.0041  |       0.5085      0.1979
 190      0.0840        1.0000  |    0.5679/  0.5949/  0.6070            0.6070           0.4821     0.0034  |       0.5087      0.1979
 191      0.0840        1.0000  |    0.5764/  0.5984/  0.6091            0.6091           0.4821     0.0002  |       0.5083      0.1979
 192      0.0840        1.0000  |    0.5556/  0.5970/  0.6070            0.6070           0.4821     0.0021  |       0.5081      0.1979
 193      0.0840        1.0000  |    0.5692/  0.5977/  0.6095            0.6095           0.4821     0.0019  |       0.5093      0.1979
 194      0.0840        1.0000  |    0.5694/  0.5953/  0.6074            0.6074           0.4821     0.0012  |       0.5090      0.1979
 195      0.0840        1.0000  |    0.5080/  0.5975/  0.6096            0.6096           0.4821     0.0012  |       0.5092      0.1979
 196      0.0840        1.0000  |    0.5748/  0.5968/  0.6066            0.6066           0.4821     0.0029  |       0.5091      0.1979
 197      0.0840        1.0000  |    0.5715/  0.5967/  0.6060            0.6060           0.4821     0.0077  |       0.5079      0.1979
 198      0.0840        1.0000  |    0.5512/  0.5919/  0.6037            0.6037           0.4821     0.0044  |       0.5081      0.1979
 199      0.0840        1.0000  |    0.5725/  0.5951/  0.6047            0.6047           0.4821     0.0025  |       0.5058      0.1979
 200      0.0840        1.0000  |    0.5464/  0.5964/  0.6083            0.6083           0.4821     0.0083  |       0.5054      0.1979
 201      0.0840        1.0000  |    0.5611/  0.5963/  0.6075            0.6075           0.4821     0.0037  |       0.5088      0.1979
 202      0.0840        1.0000  |    0.5546/  0.5953/  0.6053            0.6053           0.4814     0.0027  |       0.5084      0.1979
 203      0.0840        1.0000  |    0.5686/  0.5954/  0.6052            0.6052           0.4821     0.0046  |       0.5082      0.1979
 204      0.0840        1.0000  |    0.5572/  0.5943/  0.6058            0.6058           0.4814     0.0069  |       0.5087      0.1979
 205      0.0840        1.0000  |    0.5692/  0.5935/  0.6044            0.6044           0.4814     0.0022  |       0.5066      0.1979
 206      0.0840        1.0000  |    0.5757/  0.5963/  0.6068            0.6068           0.4814     0.0048  |       0.5075      0.1979
 207      0.0840        1.0000  |    0.5713/  0.5969/  0.6083            0.6083           0.4814     0.0052  |       0.5080      0.1979
 208      0.0840        1.0000  |    0.5701/  0.5971/  0.6082            0.6082           0.4814     0.0022  |       0.5039      0.1979
 209      0.0840        1.0000  |    0.5732/  0.5959/  0.6065            0.6065           0.4814     0.0087  |       0.5044      0.1979
 210      0.0840        1.0000  |    0.5787/  0.5960/  0.6064            0.6064           0.4814     0.0022  |       0.5077      0.1979
 211      0.0840        1.0000  |    0.5591/  0.5953/  0.6066            0.6066           0.4814     0.0056  |       0.5083      0.1979
 212      0.0840        1.0000  |    0.5539/  0.5939/  0.6045            0.6045           0.4814     0.0055  |       0.5085      0.1979
 213      0.0840        1.0000  |    0.5611/  0.5967/  0.6087            0.6087           0.4814     0.0061  |       0.5092      0.1979
 214      0.0840        1.0000  |    0.5666/  0.5943/  0.6058            0.6058           0.4814     0.0016  |       0.5086      0.1979
 215      0.0840        1.0000  |    0.5708/  0.5923/  0.6051            0.6051           0.4814     0.0060  |       0.5079      0.1979
 216      0.0840        1.0000  |    0.5617/  0.5930/  0.6048            0.6048           0.4814     0.0004  |       0.5083      0.1979
 217      0.0840        1.0000  |    0.5413/  0.5949/  0.6075            0.6075           0.4814     0.0019  |       0.5083      0.1979
 218      0.0840        1.0000  |    0.5412/  0.5963/  0.6091            0.6091           0.4814     0.0041  |       0.5086      0.1979
 219      0.0840        1.0000  |    0.5370/  0.5924/  0.6059            0.6059           0.4814     0.0012  |       0.5085      0.1979
 220      0.0840        1.0000  |    0.5598/  0.5961/  0.6070            0.6070           0.4814     0.0010  |       0.5088      0.1979
 221      0.0840        1.0000  |    0.5530/  0.5933/  0.6052            0.6052           0.4814     0.0006  |       0.5087      0.1979
 222      0.0840        1.0000  |    0.5417/  0.5947/  0.6065            0.6065           0.4814     0.0012  |       0.5089      0.1979
 223      0.0840        1.0000  |    0.5665/  0.6002/  0.6089            0.6089           0.4814     0.0038  |       0.5080      0.1979
 224      0.0840        1.0000  |    0.5749/  0.5977/  0.6074            0.6074           0.4814     0.0046  |       0.5093      0.1979
 225      0.0840        1.0000  |    0.5528/  0.5951/  0.6075            0.6075           0.4814     0.0029  |       0.5094      0.1979
 226      0.0840        1.0000  |    0.5553/  0.5959/  0.6063            0.6063           0.4814     0.0057  |       0.5068      0.1979
 227      0.0840        1.0000  |    0.5617/  0.5956/  0.6094            0.6094           0.4814     0.0052  |       0.5080      0.1979
 228      0.0840        1.0000  |    0.5765/  0.5964/  0.6071            0.6071           0.4814     0.0021  |       0.5082      0.1979
 229      0.0840        1.0000  |    0.5715/  0.5966/  0.6096            0.6096           0.4814     0.0008  |       0.5082      0.1979
 230      0.0840        1.0000  |    0.5535/  0.5959/  0.6089            0.6089           0.4814     0.0052  |       0.5083      0.1979
 231      0.0840        1.0000  |    0.5686/  0.5944/  0.6048            0.6048           0.4814     0.0003  |       0.5082      0.1979
 232      0.0840        1.0000  |    0.5601/  0.5930/  0.6087            0.6087           0.4814     0.0015  |       0.5082      0.1979
 233      0.0840        1.0000  |    0.5703/  0.5985/  0.6107            0.6107           0.4814     0.0028  |       0.5079      0.1979
 234      0.0840        1.0000  |    0.5500/  0.5932/  0.6063            0.6063           0.4814     0.0043  |       0.5071      0.1979
 235      0.0840        1.0000  |    0.5631/  0.5950/  0.6057            0.6057           0.4814     0.0029  |       0.5077      0.1979
 236      0.0840        1.0000  |    0.5456/  0.5938/  0.6044            0.6044           0.4814     0.0054  |       0.5074      0.1979
 237      0.0840        1.0000  |    0.5728/  0.5981/  0.6097            0.6097           0.4814     0.0056  |       0.5051      0.1979
 238      0.0840        1.0000  |    0.5725/  0.5943/  0.6070            0.6070           0.4814     0.0061  |       0.5059      0.1979
 239      0.0840        1.0000  |    0.5515/  0.5905/  0.6002            0.6002           0.4814     0.0029  |       0.5055      0.1979
 240      0.0840        1.0000  |    0.5508/  0.5928/  0.6036            0.6036           0.4814     0.0027  |       0.5058      0.1979
 241      0.0840        1.0000  |    0.5589/  0.5950/  0.6058            0.6058           0.4814     0.0040  |       0.5057      0.1979
 242      0.0840        1.0000  |    0.5604/  0.5962/  0.6068            0.6068           0.4814     0.0024  |       0.5053      0.1979
 243      0.0840        1.0000  |    0.5292/  0.5979/  0.6072            0.6072           0.4814     0.0033  |       0.5045      0.1979
 244      0.0840        1.0000  |    0.5629/  0.5959/  0.6056            0.6056           0.4814     0.0038  |       0.5031      0.1979
 245      0.0840        1.0000  |    0.5682/  0.5955/  0.6071            0.6071           0.4814     0.0040  |       0.5012      0.1979
 246      0.0840        1.0000  |    0.5609/  0.5955/  0.6076            0.6076           0.4814     0.0023  |       0.5039      0.1979
 247      0.0840        1.0000  |    0.5756/  0.5991/  0.6120            0.6120           0.4814     0.0063  |       0.5032      0.1979
 248      0.0840        1.0000  |    0.5699/  0.5966/  0.6062            0.6062           0.4814     0.0072  |       0.5047      0.1979
 249      0.0840        1.0000  |    0.5634/  0.5958/  0.6055            0.6055           0.4814     0.0024  |       0.5036      0.1979
 250      0.0840        1.0000  |    0.5656/  0.5925/  0.6032            0.6032           0.4814     0.0046  |       0.5013      0.1979
 251      0.0840        1.0000  |    0.5102/  0.5967/  0.6092            0.6092           0.4820     0.0062  |       0.4974      0.1979
 252      0.0840        1.0000  |    0.5749/  0.5973/  0.6063            0.6063           0.4814     0.0050  |       0.4940      0.1979
 253      0.0840        1.0000  |    0.5588/  0.5922/  0.6056            0.6056           0.4814     0.0018  |       0.4949      0.1979
 254      0.0840        1.0000  |    0.5661/  0.5979/  0.6093            0.6093           0.4814     0.0057  |       0.4944      0.1979
 255      0.0840        1.0000  |    0.5584/  0.5945/  0.6039            0.6039           0.4814     0.0022  |       0.4906      0.1979
 256      0.0840        1.0000  |    0.5593/  0.5927/  0.6071            0.6071           0.4814     0.0061  |       0.4883      0.1979
 257      0.0840        1.0000  |    0.5669/  0.5960/  0.6075            0.6075           0.4814     0.0105  |       0.4916      0.1979
 258      0.0840        1.0000  |    0.5605/  0.5937/  0.6048            0.6048           0.4820     0.0067  |       0.4951      0.1979
 259      0.0838        1.0000  |    0.5735/  0.5942/  0.6058            0.6058           0.4806     0.0038  |       0.4979      0.1979
 260      0.0839        1.0000  |    0.5513/  0.5975/  0.6085            0.6085           0.4817     0.0020  |       0.4952      0.1979
 261      0.0840        1.0000  |    0.5722/  0.5925/  0.6046            0.6046           0.4820     0.0039  |       0.4968      0.1979
 262      0.0840        1.0000  |    0.5446/  0.5969/  0.6065            0.6065           0.4820     0.0041  |       0.4981      0.1979
 263      0.0840        1.0000  |    0.5766/  0.5986/  0.6090            0.6090           0.4820     0.0057  |       0.4976      0.1979
 264      0.0840        1.0000  |    0.5547/  0.5953/  0.6072            0.6072           0.4820     0.0047  |       0.4930      0.1979
 265      0.0840        1.0000  |    0.5372/  0.5979/  0.6085            0.6085           0.4820     0.0017  |       0.4966      0.1979
 266      0.0840        1.0000  |    0.5811/  0.5982/  0.6071            0.6071           0.4820     0.0002  |       0.4979      0.1979
 267      0.0840        1.0000  |    0.5666/  0.5937/  0.6058            0.6058           0.4820     0.0021  |       0.4980      0.1979
 268      0.0840        1.0000  |    0.5785/  0.5991/  0.6088            0.6088           0.4820     0.0047  |       0.4982      0.1979
 269      0.0840        1.0000  |    0.5595/  0.5955/  0.6089            0.6089           0.4820     0.0063  |       0.4985      0.1979
 270      0.0840        1.0000  |    0.5604/  0.5967/  0.6072            0.6072           0.4820     0.0012  |       0.4980      0.1979
 271      0.0840        1.0000  |    0.5578/  0.5944/  0.6049            0.6049           0.4820     0.0027  |       0.4977      0.1979
 272      0.0840        1.0000  |    0.5632/  0.5958/  0.6077            0.6077           0.4820     0.0048  |       0.4977      0.1979
 273      0.0840        1.0000  |    0.5683/  0.5941/  0.6040            0.6040           0.4820     0.0024  |       0.4976      0.1979
 274      0.0840        1.0000  |    0.5477/  0.5938/  0.6045            0.6045           0.4820     0.0011  |       0.4979      0.1979
 275      0.0840        1.0000  |    0.5611/  0.5982/  0.6101            0.6101           0.4820     0.0045  |       0.4980      0.1979
 276      0.0840        1.0000  |    0.5485/  0.5956/  0.6081            0.6081           0.4820     0.0060  |       0.4986      0.1979
 277      0.0840        1.0000  |    0.5647/  0.5929/  0.6030            0.6030           0.4819     0.0019  |       0.4987      0.1979
 278      0.0840        1.0000  |    0.5509/  0.5973/  0.6107            0.6107           0.4819     0.0048  |       0.4990      0.1979
 279      0.0840        1.0000  |    0.5726/  0.5968/  0.6078            0.6078           0.4825     0.0042  |       0.4978      0.1979
 280      0.0840        1.0000  |    0.5696/  0.5926/  0.6036            0.6036           0.4825     0.0040  |       0.4957      0.1979
 281      0.0840        1.0000  |    0.5558/  0.5929/  0.6056            0.6056           0.4825     0.0066  |       0.4988      0.1979
 282      0.0840        1.0000  |    0.5463/  0.5970/  0.6091            0.6091           0.4825     0.0019  |       0.4981      0.1979
 283      0.0840        1.0000  |    0.5459/  0.5986/  0.6088            0.6088           0.4825     0.0084  |       0.4982      0.1979
 284      0.0840        1.0000  |    0.5557/  0.5963/  0.6070            0.6070           0.4825     0.0073  |       0.4987      0.1979
 285      0.0840        1.0000  |    0.5634/  0.5980/  0.6096            0.6096           0.4819     0.0012  |       0.4977      0.1979
 286      0.0840        1.0000  |    0.5566/  0.5953/  0.6084            0.6084           0.4825     0.0026  |       0.4975      0.1979
 287      0.0840        1.0000  |    0.5756/  0.5951/  0.6047            0.6047           0.4825     0.0028  |       0.4978      0.1979
 288      0.0840        1.0000  |    0.5566/  0.5984/  0.6077            0.6077           0.4825     0.0035  |       0.4977      0.1979
 289      0.0840        1.0000  |    0.5725/  0.5984/  0.6107            0.6107           0.4825     0.0028  |       0.4973      0.1979
 290      0.0840        1.0000  |    0.5741/  0.5959/  0.6061            0.6061           0.4825     0.0044  |       0.4969      0.1979
 291      0.0840        1.0000  |    0.5594/  0.5946/  0.6037            0.6037           0.4825     0.0018  |       0.4974      0.1979
 292      0.0840        1.0000  |    0.5598/  0.5953/  0.6068            0.6068           0.4825     0.0050  |       0.4959      0.1979
 293      0.0840        1.0000  |    0.5368/  0.5959/  0.6075            0.6075           0.4825     0.0033  |       0.4970      0.1979
 294      0.0840        1.0000  |    0.5715/  0.5982/  0.6105            0.6105           0.4825     0.0007  |       0.4971      0.1979
 295      0.0840        1.0000  |    0.5559/  0.5983/  0.6098            0.6098           0.4825     0.0049  |       0.4972      0.1979
 296      0.0840        1.0000  |    0.5692/  0.5988/  0.6097            0.6097           0.4825     0.0004  |       0.4954      0.1979
 297      0.0840        1.0000  |    0.5640/  0.5979/  0.6106            0.6106           0.4825     0.0024  |       0.4956      0.1979
 298      0.0840        1.0000  |    0.5644/  0.5949/  0.6055            0.6055           0.4825     0.0041  |       0.4954      0.1979
 299      0.0840        1.0000  |    0.5579/  0.5917/  0.6048            0.6048           0.4825     0.0009  |       0.4960      0.1979
IMAGEIO FFMPEG_WRITER WARNING: input image is not divisible by macro_block_size=16, resizing from (320, 180) to (320, 192) to ensure video compatibility with most codecs and players. To prevent resizing, make your input image divisible by the macro_block_size or set the macro_block_size to 1 (risking incompatibility).

Saved 300 frames -> /home/ashwink/Documents/swms/SWM_copy/rollouts_5_per/expert-only/epoch6/epoch6_rollout3_failure.mp4
min dist(green_cube,blue_moon) over episode = 0.1976  ->  FAILURE
Full log written to /home/ashwink/Documents/swms/SWM_copy/rollouts_5_per/expert-only/epoch6/epoch6_rollout3_20260723_124551.log
Result json -> /home/ashwink/Documents/swms/SWM_copy/rollouts_5_per/expert-only/epoch6/epoch6_rollout3_result.json
