Checkpoint dir epoch: 6  Rollout: 2
Logging to /home/ashwink/Documents/swms/SWM_copy/rollouts_5_per/expert-only/epoch6/epoch6_rollout2_20260723_124412.log
Goal (fixed, steps 0-299): the green cube is touching the blue moon. the peg is touching the green cube.

Checkpoint: /home/ashwink/Documents/swms/SWM_copy/training/checkpoints_clip_full_finetuned_wider_hl/epoch_006.pt
  epoch=6  step=6006

Loading CLIP ViT-L/14 (datacomp_xl_s13b_b90k) + fine-tuned clip_state_dict ...
Parsing model identifier. Schema: None, Identifier: ViT-L-14
Loaded built-in ViT-L-14 model config.
Instantiating model architecture: CLIP
Loading full pretrained weights from: /home/ashwink/.cache/huggingface/hub/models--laion--CLIP-ViT-L-14-DataComp.XL-s13B-b90K/snapshots/84c9828e63dc9a9351d1fe637c346d4c1c4db341/open_clip_pytorch_model.bin
Final image preprocessing configuration set: {'size': (224, 224), 'mode': 'RGB', 'mean': (0.48145466, 0.4578275, 0.40821073), 'std': (0.26862954, 0.26130258, 0.27577711), 'interpolation': 'bicubic', 'resize_mode': 'shortest', 'fill_color': 0}
Model ViT-L-14 creation process complete.
Parsing tokenizer identifier. Schema: None, Identifier: ViT-L-14
Attempting to load config from built-in: ViT-L-14
Using default SimpleTokenizer.
z_star shape: torch.Size([768])

Loading action stats from /home/ashwink/full_data_5000/langtable/demos/ ...
  lo=[-0.03372681140899658, -0.03493623435497284]  hi=[0.03496786952018738, 0.03494429588317871]

Initializing LangTable env ...
Loading URDF plane.urdf
Loading URDF /home/ashwink/Documents/swms/.venv/lib/python3.10/site-packages/language_table/environments/utils/../../../language_table/environments/assets/workspace_real.urdf
Loading URDF xarm/xarm6_robot_white.urdf
Loading URDF /home/ashwink/Documents/swms/.venv/lib/python3.10/site-packages/language_table/environments/utils/../../../language_table/environments/assets/suction/cylinder_real.urdf
Loading URDF /home/ashwink/Documents/swms/.venv/lib/python3.10/site-packages/language_table/environments/utils/../../../language_table/environments/assets/blocks/red_moon.urdf
Loading URDF /home/ashwink/Documents/swms/.venv/lib/python3.10/site-packages/language_table/environments/utils/../../../language_table/environments/assets/blocks/red_cube.urdf
Loading URDF /home/ashwink/Documents/swms/.venv/lib/python3.10/site-packages/language_table/environments/utils/../../../language_table/environments/assets/blocks/red_star.urdf
Loading URDF /home/ashwink/Documents/swms/.venv/lib/python3.10/site-packages/language_table/environments/utils/../../../language_table/environments/assets/blocks/red_pentagon.urdf
Loading URDF /home/ashwink/Documents/swms/.venv/lib/python3.10/site-packages/language_table/environments/utils/../../../language_table/environments/assets/blocks/blue_moon.urdf
Loading URDF /home/ashwink/Documents/swms/.venv/lib/python3.10/site-packages/language_table/environments/utils/../../../language_table/environments/assets/blocks/blue_cube.urdf
Loading URDF /home/ashwink/Documents/swms/.venv/lib/python3.10/site-packages/language_table/environments/utils/../../../language_table/environments/assets/blocks/blue_star.urdf
Loading URDF /home/ashwink/Documents/swms/.venv/lib/python3.10/site-packages/language_table/environments/utils/../../../language_table/environments/assets/blocks/blue_pentagon.urdf
Loading URDF /home/ashwink/Documents/swms/.venv/lib/python3.10/site-packages/language_table/environments/utils/../../../language_table/environments/assets/blocks/yellow_moon.urdf
Loading URDF /home/ashwink/Documents/swms/.venv/lib/python3.10/site-packages/language_table/environments/utils/../../../language_table/environments/assets/blocks/yellow_cube.urdf
Loading URDF /home/ashwink/Documents/swms/.venv/lib/python3.10/site-packages/language_table/environments/utils/../../../language_table/environments/assets/blocks/yellow_star.urdf
Loading URDF /home/ashwink/Documents/swms/.venv/lib/python3.10/site-packages/language_table/environments/utils/../../../language_table/environments/assets/blocks/yellow_pentagon.urdf
Loading URDF /home/ashwink/Documents/swms/.venv/lib/python3.10/site-packages/language_table/environments/utils/../../../language_table/environments/assets/blocks/green_moon.urdf
Loading URDF /home/ashwink/Documents/swms/.venv/lib/python3.10/site-packages/language_table/environments/utils/../../../language_table/environments/assets/blocks/green_cube.urdf
Loading URDF /home/ashwink/Documents/swms/.venv/lib/python3.10/site-packages/language_table/environments/utils/../../../language_table/environments/assets/blocks/green_star.urdf
Loading URDF /home/ashwink/Documents/swms/.venv/lib/python3.10/site-packages/language_table/environments/utils/../../../language_table/environments/assets/blocks/green_pentagon.urdf
Loading URDF /home/ashwink/Documents/swms/.venv/lib/python3.10/site-packages/language_table/environments/utils/../../../language_table/environments/assets/blocks/purple_moon.urdf
Loading URDF /home/ashwink/Documents/swms/.venv/lib/python3.10/site-packages/language_table/environments/utils/../../../language_table/environments/assets/blocks/purple_cube.urdf
Loading URDF /home/ashwink/Documents/swms/.venv/lib/python3.10/site-packages/language_table/environments/utils/../../../language_table/environments/assets/blocks/purple_star.urdf
Loading URDF /home/ashwink/Documents/swms/.venv/lib/python3.10/site-packages/language_table/environments/utils/../../../language_table/environments/assets/blocks/purple_pentagon.urdf
Env ready.

Forced peg start: [0.42843915 0.24419614]  (green_cube=[0.40339102 0.18967466], blue_moon=[0.32039625 0.00902261])
  dist(peg,green_cube)=0.0600  dist(peg,blue_moon)=0.2588  dist(green_cube,blue_moon)=0.1988

step  cos(zt,z*)  cos(zt,zt-1)  |   cos(predK,z*) min/mean/max  cos(pred_sel,z*)   cos(zpred0,z*)  ||a_raw||  |  dist(peg,A)   dist(A,B)
-------------------------------------------------------------------------------------------------------------------------------------------------------------------------------
   0      0.1241           nan  |    0.6605/  0.7133/  0.7211            0.7211           0.6677     0.0135  |       0.0587      0.1988
   1      0.1213        0.9944  |    0.6947/  0.7092/  0.7175            0.7175           0.6654     0.0113  |       0.0514      0.1988
   2      0.1203        0.9932  |    0.6979/  0.7246/  0.7319            0.7319           0.6690     0.0091  |       0.0487      0.1988
   3      0.1257        0.9936  |    0.6806/  0.7177/  0.7261            0.7261           0.6755     0.0035  |       0.0413      0.1988
   4      0.1253        0.9962  |    0.6785/  0.7143/  0.7242            0.7242           0.6751     0.0065  |       0.0435      0.1988
   5      0.1252        0.9911  |    0.6814/  0.7134/  0.7220            0.7220           0.6680     0.0120  |       0.0490      0.1988
   6      0.1199        0.9840  |    0.6902/  0.7197/  0.7290            0.7290           0.6635     0.0148  |       0.0415      0.1988
   7      0.1253        0.9866  |    0.6566/  0.7252/  0.7336            0.7336           0.6754     0.0034  |       0.0440      0.1988
   8      0.1211        0.9966  |    0.6748/  0.7164/  0.7254            0.7254           0.6681     0.0062  |       0.0463      0.1988
   9      0.1276        0.9949  |    0.7082/  0.7310/  0.7394            0.7394           0.6789     0.0090  |       0.0412      0.1988
  10      0.1417        0.9384  |    0.6985/  0.7448/  0.7533            0.7533           0.6714     0.0062  |       0.0336      0.1978
  11      0.1387        0.9489  |    0.7126/  0.7658/  0.7750            0.7750           0.6904     0.0074  |       0.0327      0.1962
  12      0.1365        0.9413  |    0.7038/  0.7496/  0.7642            0.7642           0.6769     0.0059  |       0.0334      0.1899
  13      0.1243        0.8728  |    0.7295/  0.7652/  0.7779            0.7779           0.6846     0.0020  |       0.0338      0.1839
  14      0.1276        0.9538  |    0.7308/  0.7543/  0.7635            0.7635           0.6750     0.0131  |       0.0338      0.1819
  15      0.1328        0.9495  |    0.7366/  0.7597/  0.7711            0.7711           0.6713     0.0099  |       0.0360      0.1793
  16      0.1397        0.9283  |    0.7346/  0.7673/  0.7778            0.7778           0.6807     0.0011  |       0.0368      0.1754
  17      0.1415        0.9770  |    0.7098/  0.7563/  0.7667            0.7667           0.6813     0.0131  |       0.0375      0.1743
  18      0.1576        0.9174  |    0.7025/  0.7574/  0.7674            0.7674           0.6789     0.0134  |       0.0375      0.1686
  19      0.1538        0.9124  |    0.6813/  0.7588/  0.7703            0.7703           0.6723     0.0043  |       0.0377      0.1638
  20      0.1465        0.9656  |    0.7073/  0.7492/  0.7602            0.7602           0.6660     0.0119  |       0.0360      0.1621
  21      0.1368        0.8261  |    0.7017/  0.7176/  0.7255            0.7255           0.6488     0.0061  |       0.0347      0.1582
  22      0.1435        0.8937  |    0.6868/  0.7379/  0.7473            0.7473           0.6606     0.0009  |       0.0352      0.1557
  23      0.1566        0.9828  |    0.6817/  0.7263/  0.7381            0.7381           0.6384     0.0037  |       0.0354      0.1557
  24      0.1431        0.9481  |    0.6240/  0.7193/  0.7307            0.7307           0.6199     0.0063  |       0.0354      0.1543
  25      0.1412        0.8954  |    0.7147/  0.7590/  0.7688            0.7688           0.6697     0.0037  |       0.0347      0.1507
  26      0.1439        0.9489  |    0.6630/  0.7677/  0.7789            0.7789           0.6870     0.0101  |       0.0345      0.1477
  27      0.1328        0.9165  |    0.6395/  0.7665/  0.7771            0.7771           0.6683     0.0068  |       0.0346      0.1446
  28      0.1213        0.8992  |    0.7265/  0.7562/  0.7682            0.7682           0.6707     0.0101  |       0.0334      0.1428
  29      0.1182        0.9609  |    0.7023/  0.7601/  0.7738            0.7738           0.6839     0.0102  |       0.0368      0.1427
  30      0.1285        0.9421  |    0.7089/  0.7556/  0.7648            0.7648           0.6762     0.0114  |       0.0383      0.1427
  31      0.1271        0.8914  |    0.6794/  0.7510/  0.7607            0.7607           0.6633     0.0109  |       0.0330      0.1428
  32      0.1235        0.8944  |    0.6997/  0.7487/  0.7581            0.7581           0.6809     0.0048  |       0.0341      0.1394
  33      0.1091        0.9409  |    0.6610/  0.7572/  0.7685            0.7685           0.6759     0.0026  |       0.0333      0.1379
  34      0.1242        0.9472  |    0.6184/  0.7454/  0.7551            0.7551           0.6431     0.0036  |       0.0327      0.1387
  35      0.1495        0.9701  |    0.6016/  0.7388/  0.7513            0.7513           0.6345     0.0121  |       0.0335      0.1388
  36      0.1118        0.8688  |    0.5397/  0.7771/  0.7881            0.7881           0.6842     0.0123  |       0.0335      0.1454
  37      0.1316        0.8477  |    0.6520/  0.7566/  0.7690            0.7690           0.6612     0.0045  |       0.0342      0.1466
  38      0.1334        0.9516  |    0.6127/  0.7538/  0.7654            0.7654           0.6740     0.0124  |       0.0341      0.1468
  39      0.1148        0.8814  |    0.6703/  0.7739/  0.7862            0.7862           0.7015     0.0076  |       0.0343      0.1503
  40      0.1167        0.9600  |    0.7048/  0.7648/  0.7778            0.7778           0.6811     0.0074  |       0.0358      0.1504
  41      0.0930        0.9225  |    0.6900/  0.7536/  0.7654            0.7654           0.6798     0.0051  |       0.0342      0.1527
  42      0.1157        0.9358  |    0.6437/  0.7569/  0.7691            0.7691           0.6574     0.0075  |       0.0342      0.1553
  43      0.1454        0.9104  |    0.6532/  0.7710/  0.7827            0.7827           0.6741     0.0081  |       0.0337      0.1585
  44      0.1357        0.8942  |    0.7260/  0.7668/  0.7816            0.7816           0.6720     0.0085  |       0.0343      0.1633
  45      0.1394        0.9576  |    0.7308/  0.7770/  0.7909            0.7909           0.6593     0.0151  |       0.0349      0.1638
  46      0.1532        0.8855  |    0.7100/  0.7469/  0.7600            0.7600           0.5761     0.0048  |       0.0370      0.1668
  47      0.1625        0.9743  |    0.7041/  0.7585/  0.7708            0.7708           0.5737     0.0073  |       0.0420      0.1668
  48      0.1419        0.9394  |    0.6594/  0.7461/  0.7578            0.7578           0.6346     0.0153  |       0.0364      0.1665
  49      0.1391        0.7464  |    0.6948/  0.7255/  0.7379            0.7379           0.6080     0.0026  |       0.0350      0.1658
  50      0.1495        0.8999  |    0.7004/  0.7563/  0.7691            0.7691           0.6461     0.0134  |       0.0345      0.1655
  51      0.1672        0.9198  |    0.6999/  0.7443/  0.7582            0.7582           0.6170     0.0014  |       0.0383      0.1655
  52      0.1496        0.9429  |    0.5987/  0.7268/  0.7412            0.7412           0.5902     0.0032  |       0.0377      0.1656
  53      0.1454        0.9716  |    0.6697/  0.7442/  0.7567            0.7567           0.6215     0.0124  |       0.0367      0.1656
  54      0.1406        0.8493  |    0.6842/  0.7784/  0.7942            0.7942           0.6424     0.0112  |       0.0347      0.1610
  55      0.1526        0.9121  |    0.6503/  0.7672/  0.7814            0.7814           0.6626     0.0104  |       0.0397      0.1610
  56      0.1186        0.8933  |    0.7163/  0.7598/  0.7715            0.7715           0.6849     0.0118  |       0.0359      0.1569
  57      0.1295        0.9208  |    0.7111/  0.7587/  0.7715            0.7715           0.6735     0.0062  |       0.0413      0.1569
  58      0.1426        0.9542  |    0.7312/  0.7532/  0.7688            0.7688           0.6774     0.0130  |       0.0369      0.1569
  59      0.1312        0.9491  |    0.7142/  0.7561/  0.7697            0.7697           0.6783     0.0107  |       0.0408      0.1569
  60      0.1349        0.8682  |    0.6716/  0.7118/  0.7282            0.7282           0.6336     0.0073  |       0.0445      0.1569
  61      0.1130        0.9333  |    0.6064/  0.6672/  0.6835            0.6835           0.5326     0.0071  |       0.0389      0.1565
  62      0.1020        0.8950  |    0.5635/  0.6116/  0.6333            0.6333           0.3660     0.0135  |       0.0393      0.1562
  63      0.0975        0.8451  |    0.5173/  0.6039/  0.6282            0.6282           0.2836     0.0112  |       0.0381      0.1470
  64      0.1176        0.9158  |    0.4330/  0.5284/  0.5489            0.5489           0.2446     0.0219  |       0.0341      0.1426
  65      0.1223        0.8091  |    0.5207/  0.6103/  0.6311            0.6311           0.3454     0.0092  |       0.0419      0.1149
  66      0.1322        0.8612  |    0.6995/  0.7366/  0.7499            0.7499           0.6531     0.0124  |       0.0334      0.1134
  67      0.1255        0.8568  |    0.6619/  0.7187/  0.7282            0.7282           0.6388     0.0134  |       0.0333      0.1026
  68      0.1145        0.8348  |    0.6918/  0.7489/  0.7574            0.7574           0.6780     0.0066  |       0.0334      0.0898
  69      0.1000        0.8719  |    0.5848/  0.6056/  0.6230            0.6230           0.5005     0.0091  |       0.0330      0.0832
  70      0.1055        0.8309  |    0.5819/  0.6037/  0.6192            0.6192           0.4730     0.0130  |       0.0355      0.0832
  71      0.0691        0.8322  |    0.7065/  0.7321/  0.7437            0.7437           0.6698     0.0034  |       0.0339      0.0765
  72      0.1005        0.9184  |    0.6628/  0.6758/  0.6859            0.6859           0.6128     0.0082  |       0.0362      0.0766
  73      0.1167        0.9199  |    0.7170/  0.7403/  0.7482            0.7482           0.6679     0.0069  |       0.0342      0.0729
  74      0.0953        0.8915  |    0.6360/  0.7083/  0.7177            0.7177           0.5934     0.0122  |       0.0339      0.0689
  75      0.1367        0.8433  |    0.6935/  0.7465/  0.7559            0.7559           0.6510     0.0046  |       0.0336      0.0627
  76      0.1486        0.9497  |    0.6603/  0.7557/  0.7648            0.7648           0.6305     0.0130  |       0.0373      0.0627
  77      0.1595        0.9300  |    0.6819/  0.7640/  0.7737            0.7737           0.6531     0.0196  |       0.0388      0.0620
  78      0.1552        0.8614  |    0.6410/  0.6586/  0.6703            0.6703           0.5035     0.0117  |       0.0498      0.0620
  79      0.1210        0.8261  |    0.2952/  0.3166/  0.3400            0.3400          -0.2438     0.0179  |       0.0605      0.0620
  80      0.1647        0.8985  |    0.4727/  0.4914/  0.5054            0.5054           0.2683     0.0280  |       0.0624      0.0620
  81      0.0714        0.8097  |    0.0610/  0.1912/  0.2465            0.2465          -0.2527     0.0159  |       0.0741      0.0620
  82      0.0647        0.9279  |    0.2986/  0.3351/  0.3602            0.3602          -0.2924     0.0266  |       0.0899      0.0620
  83      0.0085        0.9276  |   -0.1666/ -0.1384/ -0.1190           -0.1190          -0.3763     0.0093  |       0.1144      0.0620
  84      0.0433        0.9480  |    0.4232/  0.4504/  0.4710            0.4710          -0.2596     0.0163  |       0.1239      0.0620
  85      0.0320        0.8885  |    0.0769/  0.1243/  0.1511            0.1511          -0.2360     0.0167  |       0.1380      0.0620
  86      0.0685        0.9274  |   -0.0200/  0.0307/  0.0487            0.0487          -0.2246     0.0231  |       0.1544      0.0620
  87      0.0500        0.8998  |   -0.2296/ -0.1585/ -0.1394           -0.1394          -0.2498     0.0161  |       0.1718      0.0620
  88      0.0507        0.9538  |   -0.0219/  0.0078/  0.0243            0.0243          -0.2347     0.0096  |       0.1869      0.0620
  89      0.0607        0.9784  |   -0.0955/ -0.0521/ -0.0112           -0.0112          -0.2374     0.0135  |       0.1928      0.0620
  90      0.0613        0.9398  |   -0.0789/ -0.0438/ -0.0184           -0.0184          -0.2442     0.0254  |       0.2019      0.0620
  91      0.0570        0.9566  |    0.0055/  0.0266/  0.0419            0.0419          -0.2627     0.0364  |       0.2241      0.0620
  92      0.0596        0.9320  |    0.1462/  0.1748/  0.1884            0.1884          -0.1682     0.0362  |       0.2460      0.0620
  93      0.0592        0.9464  |    0.2403/  0.2752/  0.2903            0.2903          -0.0065     0.0308  |       0.2717      0.0620
  94      0.0038        0.8625  |    0.2330/  0.2822/  0.3019            0.3019          -0.2591     0.0179  |       0.2888      0.0620
  95      0.0010        0.9978  |    0.2223/  0.2555/  0.2781            0.2781          -0.2844     0.0155  |       0.3011      0.0620
  96      0.0010        1.0000  |    0.2141/  0.2559/  0.2767            0.2767          -0.2844     0.0140  |       0.3083      0.0620
  97      0.0006        1.0000  |    0.1912/  0.2387/  0.2623            0.2623          -0.2848     0.0108  |       0.3156      0.0620
  98      0.0007        1.0000  |    0.2073/  0.2374/  0.2564            0.2564          -0.2836     0.0083  |       0.3184      0.0620
  99      0.0007        1.0000  |    0.1837/  0.2046/  0.2209            0.2209          -0.2828     0.0186  |       0.3245      0.0620
 100      0.0006        1.0000  |    0.1708/  0.2132/  0.2322            0.2322          -0.2847     0.0135  |       0.3324      0.0620
 101      0.0010        1.0000  |    0.1887/  0.2089/  0.2238            0.2238          -0.2844     0.0170  |       0.3394      0.0620
 102      0.0006        1.0000  |    0.1802/  0.2172/  0.2312            0.2312          -0.2848     0.0127  |       0.3458      0.0620
 103      0.0006        1.0000  |    0.1905/  0.2246/  0.2434            0.2434          -0.2847     0.0203  |       0.3473      0.0620
 104      0.0006        1.0000  |    0.1933/  0.2205/  0.2335            0.2335          -0.2830     0.0228  |       0.3488      0.0620
 105      0.0007        1.0000  |    0.1714/  0.2019/  0.2181            0.2181          -0.2828     0.0251  |       0.3522      0.0620
 106      0.0010        1.0000  |    0.1284/  0.1499/  0.1663            0.1663          -0.2846     0.0122  |       0.3565      0.0620
 107      0.0006        1.0000  |    0.1988/  0.2185/  0.2308            0.2308          -0.2849     0.0294  |       0.3590      0.0620
 108      0.0007        1.0000  |    0.2238/  0.2473/  0.2689            0.2689          -0.2835     0.0162  |       0.3628      0.0620
 109      0.0006        1.0000  |    0.2229/  0.2576/  0.2745            0.2745          -0.2855     0.0136  |       0.3671      0.0620
 110      0.0007        1.0000  |    0.1534/  0.1820/  0.2010            0.2010          -0.2843     0.0262  |       0.3696      0.0620
 111      0.0007        1.0000  |    0.1525/  0.1788/  0.1962            0.1962          -0.2850     0.0101  |       0.3768      0.0620
 112      0.0007        1.0000  |    0.1797/  0.2109/  0.2270            0.2270          -0.2835     0.0211  |       0.3808      0.0620
 113      0.0007        1.0000  |    0.2060/  0.2294/  0.2455            0.2455          -0.2835     0.0230  |       0.3877      0.0620
 114      0.0007        1.0000  |    0.1834/  0.1960/  0.2063            0.2063          -0.2835     0.0329  |       0.3914      0.0620
 115      0.0007        1.0000  |    0.1923/  0.2255/  0.2428            0.2428          -0.2835     0.0287  |       0.4017      0.0620
 116      0.0007        1.0000  |    0.1946/  0.2443/  0.2710            0.2710          -0.2835     0.0188  |       0.4063      0.0620
 117      0.0007        1.0000  |    0.2300/  0.2417/  0.2514            0.2514          -0.2850     0.0191  |       0.4099      0.0620
 118      0.0007        1.0000  |    0.2026/  0.2359/  0.2517            0.2517          -0.2833     0.0042  |       0.4106      0.0620
 119      0.0007        1.0000  |    0.2068/  0.2311/  0.2527            0.2527          -0.2828     0.0105  |       0.4108      0.0620
 120      0.0007        1.0000  |    0.1689/  0.1920/  0.2111            0.2111          -0.2833     0.0080  |       0.4080      0.0620
 121      0.0007        1.0000  |    0.1950/  0.2444/  0.2711            0.2711          -0.2828     0.0096  |       0.4098      0.0620
 122      0.0007        1.0000  |    0.2155/  0.2484/  0.2688            0.2688          -0.2832     0.0251  |       0.4105      0.0620
 123      0.0007        1.0000  |    0.1952/  0.2364/  0.2630            0.2630          -0.2833     0.0094  |       0.4106      0.0620
 124      0.0007        1.0000  |    0.2163/  0.2467/  0.2656            0.2656          -0.2833     0.0112  |       0.4107      0.0620
 125      0.0006        1.0000  |    0.1805/  0.2371/  0.2576            0.2576          -0.2830     0.0014  |       0.4108      0.0620
 126      0.0007        1.0000  |    0.1823/  0.1920/  0.2010            0.2010          -0.2828     0.0155  |       0.4108      0.0620
 127      0.0007        1.0000  |    0.1764/  0.2035/  0.2197            0.2197          -0.2828     0.0161  |       0.4108      0.0620
 128      0.0007        1.0000  |    0.1906/  0.2245/  0.2386            0.2386          -0.2833     0.0167  |       0.4107      0.0620
 129      0.0007        1.0000  |    0.1844/  0.2149/  0.2315            0.2315          -0.2832     0.0260  |       0.4107      0.0620
 130      0.0007        1.0000  |    0.1840/  0.2049/  0.2162            0.2162          -0.2840     0.0263  |       0.4107      0.0620
 131      0.0007        1.0000  |    0.1582/  0.1804/  0.1930            0.1930          -0.2833     0.0135  |       0.4108      0.0620
 132      0.0010        1.0000  |    0.1898/  0.2357/  0.2523            0.2523          -0.2844     0.0128  |       0.4108      0.0620
 133      0.0006        1.0000  |    0.1787/  0.1955/  0.2164            0.2164          -0.2830     0.0221  |       0.4109      0.0620
 134      0.0006        1.0000  |    0.1606/  0.1719/  0.1822            0.1822          -0.2835     0.0239  |       0.4109      0.0620
 135      0.0010        1.0000  |    0.1544/  0.1969/  0.2228            0.2228          -0.2844     0.0135  |       0.4108      0.0620
 136      0.0010        1.0000  |    0.1994/  0.2525/  0.2736            0.2736          -0.2844     0.0105  |       0.4107      0.0620
 137      0.0007        1.0000  |    0.2119/  0.2429/  0.2591            0.2591          -0.2833     0.0260  |       0.4108      0.0620
 138      0.0010        1.0000  |    0.1470/  0.1551/  0.1636            0.1636          -0.2844     0.0180  |       0.4108      0.0620
 139      0.0007        1.0000  |    0.1723/  0.1983/  0.2187            0.2187          -0.2833     0.0098  |       0.4100      0.0620
 140      0.0005        1.0000  |    0.2082/  0.2451/  0.2668            0.2668          -0.2844     0.0059  |       0.4057      0.0620
 141      0.0006        1.0000  |    0.2116/  0.2240/  0.2346            0.2346          -0.2844     0.0078  |       0.4067      0.0620
 142      0.0006        1.0000  |    0.2027/  0.2301/  0.2460            0.2460          -0.2844     0.0190  |       0.4075      0.0620
 143      0.0010        1.0000  |    0.1891/  0.2197/  0.2356            0.2356          -0.2844     0.0179  |       0.4105      0.0620
 144      0.0007        1.0000  |    0.1916/  0.2102/  0.2238            0.2238          -0.2840     0.0124  |       0.4108      0.0620
 145      0.0007        1.0000  |    0.1911/  0.2255/  0.2500            0.2500          -0.2840     0.0107  |       0.4108      0.0620
 146      0.0007        1.0000  |    0.2338/  0.2548/  0.2704            0.2704          -0.2832     0.0185  |       0.4052      0.0620
 147      0.0007        1.0000  |    0.2022/  0.2342/  0.2534            0.2534          -0.2839     0.0179  |       0.4101      0.0620
 148      0.0010        1.0000  |    0.1579/  0.1748/  0.1918            0.1918          -0.2851     0.0194  |       0.4106      0.0620
 149      0.0005        1.0000  |    0.1471/  0.1554/  0.1633            0.1633          -0.2851     0.0133  |       0.4056      0.0620
 150      0.0006        1.0000  |    0.1628/  0.1924/  0.2178            0.2178          -0.2860     0.0221  |       0.4039      0.0620
 151      0.0007        1.0000  |    0.2036/  0.2335/  0.2494            0.2494          -0.2840     0.0245  |       0.4100      0.0620
 152      0.0007        1.0000  |    0.2042/  0.2251/  0.2362            0.2362          -0.2835     0.0203  |       0.4107      0.0620
 153      0.0007        1.0000  |    0.1775/  0.2047/  0.2202            0.2202          -0.2825     0.0257  |       0.4108      0.0620
 154      0.0007        1.0000  |    0.2010/  0.2213/  0.2354            0.2354          -0.2833     0.0187  |       0.4109      0.0620
 155      0.0007        1.0000  |    0.1769/  0.2004/  0.2183            0.2183          -0.2832     0.0205  |       0.4109      0.0620
 156      0.0007        1.0000  |    0.1939/  0.2181/  0.2348            0.2348          -0.2832     0.0248  |       0.4109      0.0620
 157      0.0010        1.0000  |    0.1612/  0.2036/  0.2216            0.2216          -0.2844     0.0180  |       0.4110      0.0620
 158      0.0006        1.0000  |    0.2012/  0.2179/  0.2321            0.2321          -0.2843     0.0184  |       0.4110      0.0620
 159      0.0006        1.0000  |    0.2379/  0.2716/  0.2895            0.2895          -0.2843     0.0211  |       0.4109      0.0620
 160      0.0006        1.0000  |    0.2371/  0.2814/  0.3012            0.3012          -0.2835     0.0128  |       0.4109      0.0620
 161      0.0010        1.0000  |    0.2096/  0.2585/  0.2785            0.2785          -0.2844     0.0119  |       0.4109      0.0620
 162      0.0006        1.0000  |    0.1964/  0.2523/  0.2755            0.2755          -0.2843     0.0156  |       0.4108      0.0620
 163      0.0006        1.0000  |    0.1993/  0.2431/  0.2626            0.2626          -0.2828     0.0166  |       0.4108      0.0620
 164      0.0006        1.0000  |    0.1933/  0.2270/  0.2493            0.2493          -0.2840     0.0172  |       0.4108      0.0620
 165      0.0006        1.0000  |    0.2191/  0.2617/  0.2831            0.2831          -0.2840     0.0106  |       0.4082      0.0620
 166      0.0006        1.0000  |    0.2163/  0.2394/  0.2537            0.2537          -0.2840     0.0107  |       0.4104      0.0620
 167      0.0006        1.0000  |    0.1661/  0.2301/  0.2556            0.2556          -0.2840     0.0187  |       0.4091      0.0620
 168      0.0006        1.0000  |    0.2058/  0.2353/  0.2599            0.2599          -0.2840     0.0135  |       0.4106      0.0620
 169      0.0006        1.0000  |    0.1540/  0.1746/  0.1896            0.1896          -0.2840     0.0071  |       0.4109      0.0620
 170      0.0006        1.0000  |    0.2022/  0.2348/  0.2566            0.2566          -0.2839     0.0139  |       0.4100      0.0620
 171      0.0006        1.0000  |    0.2120/  0.2612/  0.2802            0.2802          -0.2840     0.0179  |       0.4108      0.0620
 172      0.0006        1.0000  |    0.2187/  0.2468/  0.2617            0.2617          -0.2840     0.0106  |       0.4109      0.0620
 173      0.0006        1.0000  |    0.1841/  0.2291/  0.2484            0.2484          -0.2831     0.0107  |       0.4110      0.0620
 174      0.0006        1.0000  |    0.2211/  0.2512/  0.2683            0.2683          -0.2852     0.0141  |       0.4106      0.0620
 175      0.0006        1.0000  |    0.2050/  0.2670/  0.2914            0.2914          -0.2842     0.0230  |       0.4109      0.0620
 176      0.0006        1.0000  |    0.1899/  0.2216/  0.2381            0.2381          -0.2838     0.0130  |       0.4110      0.0620
 177      0.0006        1.0000  |    0.2155/  0.2559/  0.2788            0.2788          -0.2838     0.0056  |       0.4110      0.0620
 178      0.0006        1.0000  |    0.1943/  0.2372/  0.2596            0.2596          -0.2840     0.0187  |       0.4109      0.0620
 179      0.0006        1.0000  |    0.1872/  0.2192/  0.2450            0.2450          -0.2840     0.0127  |       0.4109      0.0620
 180      0.0006        1.0000  |    0.1775/  0.1955/  0.2089            0.2089          -0.2852     0.0158  |       0.4109      0.0620
 181      0.0006        1.0000  |    0.1745/  0.2191/  0.2397            0.2397          -0.2852     0.0194  |       0.4109      0.0620
 182      0.0006        1.0000  |    0.1722/  0.2074/  0.2235            0.2235          -0.2838     0.0197  |       0.4108      0.0620
 183      0.0006        1.0000  |    0.1861/  0.2250/  0.2389            0.2389          -0.2838     0.0203  |       0.4108      0.0620
 184      0.0006        1.0000  |    0.1934/  0.2163/  0.2309            0.2309          -0.2834     0.0205  |       0.4108      0.0620
 185      0.0006        1.0000  |    0.1819/  0.2033/  0.2166            0.2166          -0.2852     0.0181  |       0.4110      0.0620
 186      0.0006        1.0000  |    0.1736/  0.2158/  0.2296            0.2296          -0.2849     0.0226  |       0.4110      0.0620
 187      0.0006        1.0000  |    0.1945/  0.2107/  0.2277            0.2277          -0.2840     0.0215  |       0.4111      0.0620
 188      0.0006        1.0000  |    0.2099/  0.2707/  0.2913            0.2913          -0.2831     0.0230  |       0.4111      0.0620
 189      0.0006        1.0000  |    0.2053/  0.2418/  0.2605            0.2605          -0.2840     0.0155  |       0.4112      0.0620
 190      0.0006        1.0000  |    0.1958/  0.2422/  0.2656            0.2656          -0.2834     0.0177  |       0.4112      0.0620
 191      0.0006        1.0000  |    0.1440/  0.1571/  0.1701            0.1701          -0.2831     0.0154  |       0.4112      0.0620
 192      0.0005        1.0000  |    0.1499/  0.1773/  0.1969            0.1969          -0.2851     0.0081  |       0.4093      0.0620
 193      0.0006        1.0000  |    0.1991/  0.2201/  0.2342            0.2342          -0.2838     0.0158  |       0.4043      0.0620
 194      0.0006        1.0000  |    0.1642/  0.1819/  0.1959            0.1959          -0.2832     0.0218  |       0.4104      0.0620
 195      0.0006        1.0000  |    0.2088/  0.2315/  0.2444            0.2444          -0.2847     0.0302  |       0.4111      0.0620
 196      0.0006        1.0000  |    0.1866/  0.2241/  0.2456            0.2456          -0.2847     0.0161  |       0.4112      0.0620
 197      0.0006        1.0000  |    0.2041/  0.2511/  0.2695            0.2695          -0.2838     0.0179  |       0.4112      0.0620
 198      0.0006        1.0000  |    0.1744/  0.2211/  0.2404            0.2404          -0.2829     0.0146  |       0.4112      0.0620
 199      0.0006        1.0000  |    0.1942/  0.2187/  0.2345            0.2345          -0.2829     0.0100  |       0.4112      0.0620
 200      0.0006        1.0000  |    0.1633/  0.2025/  0.2168            0.2168          -0.2835     0.0207  |       0.4112      0.0620
 201      0.0006        1.0000  |    0.1859/  0.2178/  0.2330            0.2330          -0.2838     0.0257  |       0.4112      0.0620
 202      0.0006        1.0000  |    0.1536/  0.1746/  0.1904            0.1904          -0.2827     0.0164  |       0.4112      0.0620
 203      0.0006        1.0000  |    0.1825/  0.2037/  0.2196            0.2196          -0.2837     0.0213  |       0.4112      0.0620
 204      0.0005        1.0000  |    0.2007/  0.2280/  0.2448            0.2448          -0.2853     0.0225  |       0.4112      0.0620
 205      0.0005        1.0000  |    0.1790/  0.1808/  0.1825            0.1825          -0.2853     0.0212  |       0.4112      0.0620
 206      0.0005        1.0000  |    0.2083/  0.2309/  0.2461            0.2461          -0.2853     0.0134  |       0.4112      0.0620
 207      0.0005        1.0000  |    0.2060/  0.2701/  0.2909            0.2909          -0.2853     0.0110  |       0.4112      0.0620
 208      0.0007        1.0000  |    0.2505/  0.2834/  0.2999            0.2999          -0.2838     0.0161  |       0.4086      0.0620
 209      0.0007        1.0000  |    0.1665/  0.2073/  0.2258            0.2258          -0.2840     0.0198  |       0.4109      0.0620
 210      0.0007        1.0000  |    0.1493/  0.1772/  0.1957            0.1957          -0.2840     0.0131  |       0.4112      0.0620
 211      0.0006        1.0000  |    0.2200/  0.2652/  0.2903            0.2903          -0.2829     0.0082  |       0.4112      0.0620
 212      0.0007        1.0000  |    0.2319/  0.2807/  0.2968            0.2968          -0.2834     0.0225  |       0.4112      0.0620
 213      0.0006        1.0000  |    0.2027/  0.2408/  0.2609            0.2609          -0.2838     0.0189  |       0.4112      0.0620
 214      0.0006        1.0000  |    0.2187/  0.2567/  0.2813            0.2813          -0.2838     0.0124  |       0.4112      0.0620
 215      0.0007        1.0000  |    0.1878/  0.2243/  0.2485            0.2485          -0.2840     0.0203  |       0.4112      0.0620
 216      0.0007        1.0000  |    0.1675/  0.1796/  0.1923            0.1923          -0.2840     0.0131  |       0.4112      0.0620
 217      0.0007        1.0000  |    0.1777/  0.2504/  0.2730            0.2730          -0.2840     0.0117  |       0.4112      0.0620
 218      0.0006        1.0000  |    0.2063/  0.2166/  0.2292            0.2292          -0.2829     0.0149  |       0.4112      0.0620
 219      0.0007        1.0000  |    0.1513/  0.1751/  0.1949            0.1949          -0.2834     0.0174  |       0.4078      0.0620
 220      0.0007        1.0000  |    0.1771/  0.2165/  0.2399            0.2399          -0.2834     0.0142  |       0.4092      0.0620
 221      0.0007        1.0000  |    0.1783/  0.2127/  0.2250            0.2250          -0.2834     0.0148  |       0.4097      0.0620
 222      0.0006        1.0000  |    0.1949/  0.2147/  0.2286            0.2286          -0.2829     0.0213  |       0.4110      0.0620
 223      0.0006        1.0000  |    0.1959/  0.2190/  0.2325            0.2325          -0.2837     0.0309  |       0.4112      0.0620
 224      0.0006        0.9985  |    0.1717/  0.1872/  0.2007            0.2007          -0.2687     0.0259  |       0.4112      0.0620
 225      0.0006        0.9985  |    0.1786/  0.2076/  0.2273            0.2273          -0.2849     0.0199  |       0.4112      0.0620
 226      0.0005        1.0000  |    0.1725/  0.2050/  0.2229            0.2229          -0.2851     0.0068  |       0.4112      0.0620
 227      0.0005        1.0000  |    0.2267/  0.2563/  0.2737            0.2737          -0.2851     0.0219  |       0.4112      0.0620
 228      0.0005        1.0000  |    0.2066/  0.2571/  0.2767            0.2767          -0.2851     0.0190  |       0.4112      0.0620
 229      0.0005        1.0000  |    0.1918/  0.2262/  0.2471            0.2471          -0.2851     0.0131  |       0.4112      0.0620
 230      0.0005        1.0000  |    0.1619/  0.2124/  0.2276            0.2276          -0.2851     0.0246  |       0.4112      0.0620
 231      0.0005        1.0000  |    0.1785/  0.2081/  0.2209            0.2209          -0.2851     0.0167  |       0.4112      0.0620
 232      0.0005        1.0000  |    0.1823/  0.2067/  0.2229            0.2229          -0.2851     0.0250  |       0.4104      0.0620
 233      0.0005        1.0000  |    0.1618/  0.1710/  0.1781            0.1781          -0.2851     0.0208  |       0.4110      0.0620
 234      0.0005        1.0000  |    0.1872/  0.2121/  0.2235            0.2235          -0.2851     0.0248  |       0.4112      0.0620
 235      0.0005        1.0000  |    0.2028/  0.2254/  0.2389            0.2389          -0.2851     0.0242  |       0.4112      0.0620
 236      0.0005        1.0000  |    0.1890/  0.1982/  0.2073            0.2073          -0.2851     0.0231  |       0.4112      0.0620
 237      0.0005        1.0000  |    0.1711/  0.1961/  0.2118            0.2118          -0.2851     0.0176  |       0.4112      0.0620
 238      0.0005        1.0000  |    0.1850/  0.2051/  0.2158            0.2158          -0.2851     0.0223  |       0.4112      0.0620
 239      0.0005        1.0000  |    0.1732/  0.1899/  0.2070            0.2070          -0.2851     0.0201  |       0.4112      0.0620
 240      0.0005        1.0000  |    0.1924/  0.2269/  0.2419            0.2419          -0.2851     0.0197  |       0.4112      0.0620
 241      0.0005        1.0000  |    0.1744/  0.2190/  0.2351            0.2351          -0.2851     0.0193  |       0.4112      0.0620
 242      0.0005        1.0000  |    0.1937/  0.2202/  0.2335            0.2335          -0.2851     0.0347  |       0.4112      0.0620
 243      0.0005        1.0000  |    0.1919/  0.2291/  0.2490            0.2490          -0.2851     0.0183  |       0.4112      0.0620
 244      0.0005        1.0000  |    0.2158/  0.2659/  0.2865            0.2865          -0.2851     0.0192  |       0.4112      0.0620
 245      0.0005        1.0000  |    0.2265/  0.2635/  0.2825            0.2825          -0.2851     0.0258  |       0.4112      0.0620
 246      0.0005        1.0000  |    0.2121/  0.2402/  0.2659            0.2659          -0.2851     0.0066  |       0.4112      0.0620
 247      0.0005        1.0000  |    0.1822/  0.2173/  0.2364            0.2364          -0.2851     0.0121  |       0.4112      0.0620
 248      0.0005        1.0000  |    0.2147/  0.2424/  0.2640            0.2640          -0.2851     0.0158  |       0.4112      0.0620
 249      0.0005        1.0000  |    0.2108/  0.2417/  0.2632            0.2632          -0.2851     0.0158  |       0.4112      0.0620
 250      0.0005        1.0000  |    0.2027/  0.2301/  0.2451            0.2451          -0.2851     0.0171  |       0.4105      0.0620
 251      0.0005        1.0000  |    0.2042/  0.2268/  0.2552            0.2552          -0.2851     0.0161  |       0.4111      0.0620
 252      0.0005        1.0000  |    0.2344/  0.2737/  0.2959            0.2959          -0.2851     0.0054  |       0.4112      0.0620
 253      0.0005        1.0000  |    0.1946/  0.2503/  0.2706            0.2706          -0.2851     0.0204  |       0.4070      0.0620
 254      0.0005        1.0000  |    0.1785/  0.2413/  0.2592            0.2592          -0.2851     0.0175  |       0.4107      0.0620
 255      0.0005        1.0000  |    0.1918/  0.2213/  0.2437            0.2437          -0.2851     0.0161  |       0.4111      0.0620
 256      0.0005        1.0000  |    0.2090/  0.2375/  0.2534            0.2534          -0.2851     0.0107  |       0.4071      0.0620
 257      0.0005        1.0000  |    0.2031/  0.2333/  0.2538            0.2538          -0.2851     0.0098  |       0.4107      0.0620
 258      0.0005        1.0000  |    0.1698/  0.2121/  0.2288            0.2288          -0.2851     0.0103  |       0.4111      0.0620
 259      0.0005        1.0000  |    0.1832/  0.2222/  0.2412            0.2412          -0.2851     0.0221  |       0.4112      0.0620
 260      0.0005        1.0000  |    0.1705/  0.2038/  0.2237            0.2237          -0.2851     0.0279  |       0.4112      0.0620
 261      0.0005        1.0000  |    0.1159/  0.1249/  0.1309            0.1309          -0.2851     0.0245  |       0.4112      0.0620
 262      0.0005        1.0000  |    0.1387/  0.1739/  0.1953            0.1953          -0.2851     0.0158  |       0.4112      0.0620
 263      0.0005        1.0000  |    0.1862/  0.2081/  0.2271            0.2271          -0.2851     0.0147  |       0.4112      0.0620
 264      0.0005        1.0000  |    0.1905/  0.2042/  0.2153            0.2153          -0.2851     0.0265  |       0.4112      0.0620
 265      0.0005        1.0000  |    0.2175/  0.2452/  0.2630            0.2630          -0.2851     0.0239  |       0.4112      0.0620
 266      0.0005        1.0000  |    0.2494/  0.2902/  0.3084            0.3084          -0.2851     0.0192  |       0.4112      0.0620
 267      0.0005        1.0000  |    0.1868/  0.2090/  0.2305            0.2305          -0.2851     0.0092  |       0.4112      0.0620
 268      0.0005        1.0000  |    0.1470/  0.1795/  0.1965            0.1965          -0.2851     0.0085  |       0.4095      0.0620
 269      0.0005        1.0000  |    0.1713/  0.1953/  0.2098            0.2098          -0.2851     0.0124  |       0.4068      0.0620
 270      0.0005        1.0000  |    0.1808/  0.2093/  0.2262            0.2262          -0.2851     0.0126  |       0.4107      0.0620
 271      0.0005        1.0000  |    0.2054/  0.2366/  0.2509            0.2509          -0.2851     0.0320  |       0.4111      0.0620
 272      0.0005        1.0000  |    0.1688/  0.1963/  0.2115            0.2115          -0.2851     0.0118  |       0.4112      0.0620
 273      0.0005        1.0000  |    0.1915/  0.2162/  0.2295            0.2295          -0.2851     0.0217  |       0.4112      0.0620
 274      0.0005        1.0000  |    0.1933/  0.2195/  0.2351            0.2351          -0.2851     0.0270  |       0.4112      0.0620
 275      0.0005        1.0000  |    0.1948/  0.1970/  0.1989            0.1989          -0.2851     0.0127  |       0.4112      0.0620
 276      0.0005        1.0000  |    0.1880/  0.2284/  0.2541            0.2541          -0.2851     0.0182  |       0.4112      0.0620
 277      0.0005        1.0000  |    0.2285/  0.2608/  0.2763            0.2763          -0.2851     0.0169  |       0.4112      0.0620
 278      0.0005        1.0000  |    0.2167/  0.2431/  0.2613            0.2613          -0.2851     0.0230  |       0.4112      0.0620
 279      0.0005        1.0000  |    0.2152/  0.2441/  0.2659            0.2659          -0.2851     0.0205  |       0.4112      0.0620
 280      0.0005        1.0000  |    0.2239/  0.2474/  0.2645            0.2645          -0.2851     0.0209  |       0.4112      0.0620
 281      0.0005        1.0000  |    0.1952/  0.2356/  0.2530            0.2530          -0.2851     0.0102  |       0.4112      0.0620
 282      0.0005        1.0000  |    0.2028/  0.2443/  0.2635            0.2635          -0.2851     0.0144  |       0.4112      0.0620
 283      0.0005        1.0000  |    0.1937/  0.2268/  0.2467            0.2467          -0.2851     0.0169  |       0.4112      0.0620
 284      0.0005        1.0000  |    0.2299/  0.2667/  0.2913            0.2913          -0.2851     0.0236  |       0.4112      0.0620
 285      0.0005        1.0000  |    0.2102/  0.2289/  0.2416            0.2416          -0.2851     0.0059  |       0.4112      0.0620
 286      0.0005        1.0000  |    0.1714/  0.2006/  0.2190            0.2190          -0.2851     0.0216  |       0.4084      0.0620
 287      0.0005        1.0000  |    0.1503/  0.1818/  0.2044            0.2044          -0.2851     0.0053  |       0.4109      0.0620
 288      0.0005        1.0000  |    0.1995/  0.2210/  0.2349            0.2349          -0.2851     0.0190  |       0.4111      0.0620
 289      0.0005        1.0000  |    0.1852/  0.2131/  0.2271            0.2271          -0.2851     0.0223  |       0.4112      0.0620
 290      0.0005        1.0000  |    0.1638/  0.1967/  0.2130            0.2130          -0.2851     0.0194  |       0.4112      0.0620
 291      0.0005        1.0000  |    0.1587/  0.1989/  0.2178            0.2178          -0.2851     0.0174  |       0.4112      0.0620
 292      0.0005        1.0000  |    0.1687/  0.1764/  0.1826            0.1826          -0.2851     0.0223  |       0.4112      0.0620
 293      0.0005        1.0000  |    0.2062/  0.2311/  0.2549            0.2549          -0.2851     0.0283  |       0.4112      0.0620
 294      0.0005        1.0000  |    0.1991/  0.2295/  0.2495            0.2495          -0.2851     0.0021  |       0.4112      0.0620
 295      0.0005        1.0000  |    0.1861/  0.2264/  0.2501            0.2501          -0.2851     0.0109  |       0.4099      0.0620
 296      0.0005        1.0000  |    0.2153/  0.2594/  0.2812            0.2812          -0.2851     0.0119  |       0.4110      0.0620
 297      0.0005        1.0000  |    0.2170/  0.2627/  0.2834            0.2834          -0.2851     0.0141  |       0.4112      0.0620
 298      0.0005        1.0000  |    0.1948/  0.2405/  0.2632            0.2632          -0.2851     0.0176  |       0.4112      0.0620
 299      0.0005        1.0000  |    0.1934/  0.2308/  0.2576            0.2576          -0.2851     0.0118  |       0.4112      0.0620
IMAGEIO FFMPEG_WRITER WARNING: input image is not divisible by macro_block_size=16, resizing from (320, 180) to (320, 192) to ensure video compatibility with most codecs and players. To prevent resizing, make your input image divisible by the macro_block_size or set the macro_block_size to 1 (risking incompatibility).

Saved 300 frames -> /home/ashwink/Documents/swms/SWM_copy/rollouts_5_per/expert-only/epoch6/epoch6_rollout2_failure.mp4
min dist(green_cube,blue_moon) over episode = 0.0620  ->  FAILURE
Full log written to /home/ashwink/Documents/swms/SWM_copy/rollouts_5_per/expert-only/epoch6/epoch6_rollout2_20260723_124412.log
Result json -> /home/ashwink/Documents/swms/SWM_copy/rollouts_5_per/expert-only/epoch6/epoch6_rollout2_result.json
