Checkpoint dir epoch: 6  Rollout: 0
Logging to /home/ashwink/Documents/swms/SWM_copy/rollouts_5_per/expert-only/epoch6/epoch6_rollout0_20260723_124056.log
Goal (fixed, steps 0-299): the green cube is touching the blue moon. the peg is touching the green cube.

Checkpoint: /home/ashwink/Documents/swms/SWM_copy/training/checkpoints_clip_full_finetuned_wider_hl/epoch_006.pt
  epoch=6  step=6006

Loading CLIP ViT-L/14 (datacomp_xl_s13b_b90k) + fine-tuned clip_state_dict ...
Parsing model identifier. Schema: None, Identifier: ViT-L-14
Loaded built-in ViT-L-14 model config.
Instantiating model architecture: CLIP
Loading full pretrained weights from: /home/ashwink/.cache/huggingface/hub/models--laion--CLIP-ViT-L-14-DataComp.XL-s13B-b90K/snapshots/84c9828e63dc9a9351d1fe637c346d4c1c4db341/open_clip_pytorch_model.bin
Final image preprocessing configuration set: {'size': (224, 224), 'mode': 'RGB', 'mean': (0.48145466, 0.4578275, 0.40821073), 'std': (0.26862954, 0.26130258, 0.27577711), 'interpolation': 'bicubic', 'resize_mode': 'shortest', 'fill_color': 0}
Model ViT-L-14 creation process complete.
Parsing tokenizer identifier. Schema: None, Identifier: ViT-L-14
Attempting to load config from built-in: ViT-L-14
Using default SimpleTokenizer.
z_star shape: torch.Size([768])

Loading action stats from /home/ashwink/full_data_5000/langtable/demos/ ...
  lo=[-0.03372681140899658, -0.03493623435497284]  hi=[0.03496786952018738, 0.03494429588317871]

Initializing LangTable env ...
Loading URDF plane.urdf
Loading URDF /home/ashwink/Documents/swms/.venv/lib/python3.10/site-packages/language_table/environments/utils/../../../language_table/environments/assets/workspace_real.urdf
Loading URDF xarm/xarm6_robot_white.urdf
Loading URDF /home/ashwink/Documents/swms/.venv/lib/python3.10/site-packages/language_table/environments/utils/../../../language_table/environments/assets/suction/cylinder_real.urdf
Loading URDF /home/ashwink/Documents/swms/.venv/lib/python3.10/site-packages/language_table/environments/utils/../../../language_table/environments/assets/blocks/red_moon.urdf
Loading URDF /home/ashwink/Documents/swms/.venv/lib/python3.10/site-packages/language_table/environments/utils/../../../language_table/environments/assets/blocks/red_cube.urdf
Loading URDF /home/ashwink/Documents/swms/.venv/lib/python3.10/site-packages/language_table/environments/utils/../../../language_table/environments/assets/blocks/red_star.urdf
Loading URDF /home/ashwink/Documents/swms/.venv/lib/python3.10/site-packages/language_table/environments/utils/../../../language_table/environments/assets/blocks/red_pentagon.urdf
Loading URDF /home/ashwink/Documents/swms/.venv/lib/python3.10/site-packages/language_table/environments/utils/../../../language_table/environments/assets/blocks/blue_moon.urdf
Loading URDF /home/ashwink/Documents/swms/.venv/lib/python3.10/site-packages/language_table/environments/utils/../../../language_table/environments/assets/blocks/blue_cube.urdf
Loading URDF /home/ashwink/Documents/swms/.venv/lib/python3.10/site-packages/language_table/environments/utils/../../../language_table/environments/assets/blocks/blue_star.urdf
Loading URDF /home/ashwink/Documents/swms/.venv/lib/python3.10/site-packages/language_table/environments/utils/../../../language_table/environments/assets/blocks/blue_pentagon.urdf
Loading URDF /home/ashwink/Documents/swms/.venv/lib/python3.10/site-packages/language_table/environments/utils/../../../language_table/environments/assets/blocks/yellow_moon.urdf
Loading URDF /home/ashwink/Documents/swms/.venv/lib/python3.10/site-packages/language_table/environments/utils/../../../language_table/environments/assets/blocks/yellow_cube.urdf
Loading URDF /home/ashwink/Documents/swms/.venv/lib/python3.10/site-packages/language_table/environments/utils/../../../language_table/environments/assets/blocks/yellow_star.urdf
Loading URDF /home/ashwink/Documents/swms/.venv/lib/python3.10/site-packages/language_table/environments/utils/../../../language_table/environments/assets/blocks/yellow_pentagon.urdf
Loading URDF /home/ashwink/Documents/swms/.venv/lib/python3.10/site-packages/language_table/environments/utils/../../../language_table/environments/assets/blocks/green_moon.urdf
Loading URDF /home/ashwink/Documents/swms/.venv/lib/python3.10/site-packages/language_table/environments/utils/../../../language_table/environments/assets/blocks/green_cube.urdf
Loading URDF /home/ashwink/Documents/swms/.venv/lib/python3.10/site-packages/language_table/environments/utils/../../../language_table/environments/assets/blocks/green_star.urdf
Loading URDF /home/ashwink/Documents/swms/.venv/lib/python3.10/site-packages/language_table/environments/utils/../../../language_table/environments/assets/blocks/green_pentagon.urdf
Loading URDF /home/ashwink/Documents/swms/.venv/lib/python3.10/site-packages/language_table/environments/utils/../../../language_table/environments/assets/blocks/purple_moon.urdf
Loading URDF /home/ashwink/Documents/swms/.venv/lib/python3.10/site-packages/language_table/environments/utils/../../../language_table/environments/assets/blocks/purple_cube.urdf
Loading URDF /home/ashwink/Documents/swms/.venv/lib/python3.10/site-packages/language_table/environments/utils/../../../language_table/environments/assets/blocks/purple_star.urdf
Loading URDF /home/ashwink/Documents/swms/.venv/lib/python3.10/site-packages/language_table/environments/utils/../../../language_table/environments/assets/blocks/purple_pentagon.urdf
Env ready.

Forced peg start: [0.42843915 0.24419614]  (green_cube=[0.40339102 0.18967466], blue_moon=[0.32039625 0.00902261])
  dist(peg,green_cube)=0.0600  dist(peg,blue_moon)=0.2588  dist(green_cube,blue_moon)=0.1988

step  cos(zt,z*)  cos(zt,zt-1)  |   cos(predK,z*) min/mean/max  cos(pred_sel,z*)   cos(zpred0,z*)  ||a_raw||  |  dist(peg,A)   dist(A,B)
-------------------------------------------------------------------------------------------------------------------------------------------------------------------------------
   0      0.1241           nan  |    0.3671/  0.7142/  0.7331            0.7331           0.6677     0.0141  |       0.0587      0.1988
   1      0.1264        0.9961  |    0.6910/  0.7153/  0.7234            0.7234           0.6683     0.0086  |       0.0505      0.1988
   2      0.1242        0.9912  |    0.6797/  0.7173/  0.7259            0.7259           0.6652     0.0075  |       0.0438      0.1988
   3      0.1243        0.9927  |    0.6919/  0.7302/  0.7394            0.7394           0.6715     0.0058  |       0.0435      0.1988
   4      0.1210        0.9914  |    0.6758/  0.7101/  0.7199            0.7199           0.6626     0.0080  |       0.0449      0.1988
   5      0.1268        0.9907  |    0.6568/  0.7171/  0.7271            0.7271           0.6689     0.0033  |       0.0491      0.1988
   6      0.1256        0.9967  |    0.5855/  0.7153/  0.7261            0.7261           0.6683     0.0082  |       0.0475      0.1988
   7      0.1134        0.9818  |    0.6261/  0.6990/  0.7104            0.7104           0.6504     0.0094  |       0.0418      0.1988
   8      0.1257        0.9759  |    0.6720/  0.7230/  0.7336            0.7336           0.6750     0.0063  |       0.0418      0.1988
   9      0.1262        0.9931  |    0.6747/  0.7299/  0.7391            0.7391           0.6762     0.0045  |       0.0377      0.1988
  10      0.1305        0.9683  |    0.6517/  0.7195/  0.7322            0.7322           0.6586     0.0030  |       0.0340      0.1982
  11      0.1158        0.9653  |    0.6643/  0.7143/  0.7255            0.7255           0.6668     0.0052  |       0.0346      0.1982
  12      0.1259        0.9881  |    0.6833/  0.7169/  0.7268            0.7268           0.6626     0.0023  |       0.0345      0.1982
  13      0.1360        0.9597  |    0.6544/  0.7318/  0.7428            0.7428           0.6666     0.0029  |       0.0334      0.1981
  14      0.1317        0.9736  |    0.6638/  0.7116/  0.7227            0.7227           0.6583     0.0015  |       0.0335      0.1975
  15      0.1375        0.9753  |    0.6617/  0.7226/  0.7325            0.7325           0.6581     0.0073  |       0.0336      0.1967
  16      0.1398        0.9198  |    0.6920/  0.7475/  0.7626            0.7626           0.6798     0.0042  |       0.0339      0.1913
  17      0.1347        0.9727  |    0.7246/  0.7618/  0.7749            0.7749           0.6895     0.0037  |       0.0360      0.1913
  18      0.1410        0.9758  |    0.7180/  0.7504/  0.7633            0.7633           0.6915     0.0041  |       0.0390      0.1913
  19      0.1145        0.9637  |    0.7099/  0.7305/  0.7406            0.7406           0.6889     0.0063  |       0.0429      0.1913
  20      0.1291        0.9761  |    0.6883/  0.7510/  0.7629            0.7629           0.6957     0.0054  |       0.0407      0.1913
  21      0.1236        0.9635  |    0.6993/  0.7657/  0.7825            0.7825           0.6883     0.0065  |       0.0355      0.1913
  22      0.0906        0.9355  |    0.6025/  0.6563/  0.6716            0.6716           0.5788     0.0039  |       0.0337      0.1883
  23      0.1090        0.9313  |    0.6902/  0.7142/  0.7265            0.7265           0.6585     0.0086  |       0.0340      0.1849
  24      0.1388        0.8115  |    0.7132/  0.7653/  0.7741            0.7741           0.6633     0.0079  |       0.0343      0.1775
  25      0.1540        0.9691  |    0.7050/  0.7426/  0.7532            0.7532           0.6464     0.0120  |       0.0358      0.1745
  26      0.1549        0.9692  |    0.6973/  0.7425/  0.7526            0.7526           0.6597     0.0039  |       0.0411      0.1745
  27      0.1408        0.9616  |    0.6677/  0.7584/  0.7689            0.7689           0.6721     0.0153  |       0.0408      0.1730
  28      0.1660        0.8909  |    0.6919/  0.7178/  0.7271            0.7271           0.6440     0.0124  |       0.0412      0.1683
  29      0.1444        0.8861  |    0.7109/  0.7385/  0.7495            0.7495           0.6483     0.0044  |       0.0406      0.1644
  30      0.1367        0.9061  |    0.6328/  0.6867/  0.6973            0.6973           0.5920     0.0068  |       0.0405      0.1624
  31      0.1421        0.8796  |    0.6357/  0.7146/  0.7267            0.7267           0.6163     0.0058  |       0.0396      0.1617
  32      0.1365        0.8882  |    0.6441/  0.7371/  0.7445            0.7445           0.6331     0.0057  |       0.0395      0.1612
  33      0.1183        0.9088  |    0.6966/  0.7408/  0.7493            0.7493           0.6380     0.0039  |       0.0396      0.1608
  34      0.1433        0.9247  |    0.6178/  0.7404/  0.7507            0.7507           0.6615     0.0086  |       0.0396      0.1622
  35      0.1369        0.8895  |    0.6930/  0.7596/  0.7705            0.7705           0.6670     0.0043  |       0.0383      0.1594
  36      0.1225        0.9770  |    0.6756/  0.7474/  0.7574            0.7574           0.6574     0.0099  |       0.0404      0.1594
  37      0.1162        0.9636  |    0.6416/  0.7495/  0.7597            0.7597           0.6650     0.0098  |       0.0434      0.1594
  38      0.1532        0.9072  |    0.6595/  0.7501/  0.7623            0.7623           0.6501     0.0108  |       0.0402      0.1599
  39      0.1433        0.9059  |    0.6844/  0.7313/  0.7399            0.7399           0.6315     0.0106  |       0.0405      0.1630
  40      0.1322        0.9597  |    0.6843/  0.7324/  0.7420            0.7420           0.6461     0.0054  |       0.0408      0.1631
  41      0.1174        0.9775  |    0.6643/  0.7247/  0.7378            0.7378           0.6409     0.0028  |       0.0421      0.1631
  42      0.1078        0.9813  |    0.6371/  0.6927/  0.7047            0.7047           0.6038     0.0066  |       0.0424      0.1631
  43      0.1059        0.9653  |    0.5693/  0.6300/  0.6411            0.6411           0.4159     0.0166  |       0.0446      0.1631
  44      0.0912        0.9184  |    0.0780/  0.2069/  0.2254            0.2254          -0.2113     0.0159  |       0.0532      0.1631
  45      0.0436        0.8790  |   -0.1979/ -0.1324/ -0.1144           -0.1144          -0.3290     0.0118  |       0.0672      0.1631
  46      0.0063        0.8905  |   -0.2789/ -0.2487/ -0.2361           -0.2361          -0.3735     0.0127  |       0.0710      0.1631
  47      0.0054        0.9209  |   -0.2134/ -0.1060/ -0.0906           -0.0906          -0.3204     0.0287  |       0.0710      0.1631
  48     -0.0297        0.7973  |   -0.2637/ -0.1260/ -0.1118           -0.1118          -0.2359     0.0047  |       0.0746      0.1631
  49     -0.0038        0.9137  |   -0.1757/ -0.1298/ -0.1169           -0.1169          -0.2232     0.0083  |       0.0711      0.1631
  50     -0.0200        0.9235  |   -0.2838/ -0.1275/ -0.1142           -0.1142          -0.2387     0.0085  |       0.0780      0.1631
  51     -0.0307        0.9214  |   -0.2339/ -0.1457/ -0.1359           -0.1359          -0.2133     0.0246  |       0.0854      0.1631
  52     -0.0373        0.7840  |   -0.4947/ -0.4680/ -0.4588           -0.4588          -0.5097     0.0123  |       0.1081      0.1631
  53      0.0047        0.8251  |   -0.4175/ -0.4000/ -0.3884           -0.3884          -0.4307     0.0087  |       0.1202      0.1631
  54     -0.0177        0.8985  |   -0.3147/ -0.2968/ -0.2876           -0.2876          -0.3532     0.0106  |       0.1250      0.1631
  55     -0.0317        0.8489  |   -0.3633/ -0.1749/ -0.1526           -0.1526          -0.2626     0.0074  |       0.1258      0.1631
  56     -0.0207        0.8892  |   -0.2379/ -0.1535/ -0.1203           -0.1203          -0.2612     0.0128  |       0.1317      0.1631
  57     -0.0241        0.8917  |   -0.2998/ -0.1572/ -0.1310           -0.1310          -0.2696     0.0158  |       0.1373      0.1631
  58     -0.0003        0.7224  |   -0.2485/ -0.1779/ -0.1661           -0.1661          -0.3323     0.0248  |       0.1450      0.1631
  59     -0.0368        0.7133  |   -0.3125/ -0.1513/ -0.1309           -0.1309          -0.2526     0.0256  |       0.1666      0.1631
  60     -0.0679        0.7015  |   -0.3513/ -0.2180/ -0.2000           -0.2000          -0.2933     0.0234  |       0.1885      0.1631
  61     -0.0235        0.6657  |   -0.3579/ -0.3296/ -0.3166           -0.3166          -0.3680     0.0133  |       0.2025      0.1631
  62      0.0017        0.8950  |   -0.3579/ -0.3380/ -0.3215           -0.3215          -0.3742     0.0154  |       0.1945      0.1631
  63     -0.0058        0.9188  |   -0.3476/ -0.3302/ -0.3180           -0.3180          -0.3749     0.0051  |       0.2033      0.1631
  64     -0.0022        0.9407  |   -0.2913/ -0.2722/ -0.2571           -0.2571          -0.3599     0.0196  |       0.2080      0.1631
  65     -0.0309        0.8652  |   -0.2662/ -0.2480/ -0.2370           -0.2370          -0.3086     0.0234  |       0.2221      0.1631
  66     -0.0359        0.8512  |   -0.1608/ -0.0852/ -0.0585           -0.0585          -0.2473     0.0133  |       0.2299      0.1631
  67     -0.0313        0.8548  |   -0.2808/ -0.2406/ -0.2286           -0.2286          -0.3201     0.0114  |       0.2416      0.1631
  68     -0.0246        0.9461  |   -0.2997/ -0.2704/ -0.2574           -0.2574          -0.3130     0.0096  |       0.2529      0.1631
  69     -0.0242        0.9626  |   -0.2745/ -0.2494/ -0.2399           -0.2399          -0.3115     0.0037  |       0.2625      0.1631
  70     -0.0147        0.9849  |   -0.3227/ -0.3031/ -0.2939           -0.2939          -0.3322     0.0136  |       0.2621      0.1631
  71     -0.0178        0.9704  |   -0.3155/ -0.2969/ -0.2859           -0.2859          -0.3101     0.0070  |       0.2650      0.1631
  72     -0.0125        0.9695  |   -0.3062/ -0.2811/ -0.2696           -0.2696          -0.3131     0.0032  |       0.2605      0.1631
  73     -0.0168        0.9811  |   -0.3179/ -0.2980/ -0.2886           -0.2886          -0.3242     0.0126  |       0.2608      0.1631
  74      0.0001        0.9671  |   -0.3331/ -0.3159/ -0.3013           -0.3013          -0.3586     0.0158  |       0.2669      0.1631
  75     -0.0154        0.9349  |   -0.3770/ -0.3565/ -0.3460           -0.3460          -0.3829     0.0100  |       0.2813      0.1631
  76     -0.0143        0.9787  |   -0.3459/ -0.3287/ -0.3175           -0.3175          -0.3604     0.0103  |       0.2828      0.1631
  77     -0.0190        0.9655  |   -0.3211/ -0.2825/ -0.2369           -0.2369          -0.3920     0.0367  |       0.2899      0.1631
  78     -0.0240        0.8869  |   -0.3295/ -0.3090/ -0.2998           -0.2998          -0.3338     0.0195  |       0.3165      0.1631
  79     -0.0196        0.9350  |   -0.3011/ -0.2491/ -0.2211           -0.2211          -0.3470     0.0205  |       0.3224      0.1631
  80     -0.0008        0.8798  |   -0.2548/ -0.2200/ -0.2083           -0.2083          -0.3297     0.0235  |       0.3409      0.1631
  81      0.0007        0.8709  |   -0.2654/ -0.2260/ -0.2113           -0.2113          -0.3592     0.0242  |       0.3639      0.1631
  82     -0.0128        0.9267  |   -0.2152/ -0.1575/ -0.1417           -0.1417          -0.3769     0.0149  |       0.3873      0.1631
  83     -0.0128        1.0000  |   -0.1899/ -0.1582/ -0.1407           -0.1407          -0.3769     0.0115  |       0.4026      0.1631
  84     -0.0128        1.0000  |   -0.2470/ -0.1738/ -0.1549           -0.1549          -0.3769     0.0250  |       0.4143      0.1631
  85     -0.0128        1.0000  |   -0.2214/ -0.1687/ -0.1460           -0.1460          -0.3769     0.0196  |       0.4373      0.1631
  86     -0.0128        1.0000  |   -0.1868/ -0.1519/ -0.1332           -0.1332          -0.3769     0.0175  |       0.4545      0.1631
  87     -0.0128        1.0000  |   -0.1834/ -0.1493/ -0.1347           -0.1347          -0.3769     0.0198  |       0.4638      0.1631
  88     -0.0128        1.0000  |   -0.2372/ -0.1866/ -0.1686           -0.1686          -0.3769     0.0136  |       0.4648      0.1631
  89     -0.0128        1.0000  |   -0.2410/ -0.1615/ -0.1447           -0.1447          -0.3769     0.0190  |       0.4649      0.1631
  90     -0.0128        1.0000  |   -0.2236/ -0.1691/ -0.1483           -0.1483          -0.3769     0.0170  |       0.4650      0.1631
  91     -0.0128        1.0000  |   -0.2403/ -0.1626/ -0.1430           -0.1430          -0.3769     0.0163  |       0.4651      0.1631
  92     -0.0128        1.0000  |   -0.2409/ -0.1617/ -0.1443           -0.1443          -0.3769     0.0201  |       0.4651      0.1631
  93     -0.0128        1.0000  |   -0.1799/ -0.1497/ -0.1344           -0.1344          -0.3769     0.0168  |       0.4649      0.1631
  94     -0.0128        1.0000  |   -0.2451/ -0.1813/ -0.1589           -0.1589          -0.3769     0.0220  |       0.4650      0.1631
  95     -0.0128        1.0000  |   -0.2311/ -0.1468/ -0.1303           -0.1303          -0.3769     0.0171  |       0.4651      0.1631
  96     -0.0128        1.0000  |   -0.2006/ -0.1764/ -0.1567           -0.1567          -0.3769     0.0172  |       0.4651      0.1631
  97     -0.0128        1.0000  |   -0.2020/ -0.1589/ -0.1407           -0.1407          -0.3769     0.0181  |       0.4651      0.1631
  98     -0.0128        1.0000  |   -0.2127/ -0.1812/ -0.1650           -0.1650          -0.3769     0.0245  |       0.4647      0.1631
  99     -0.0128        1.0000  |   -0.1928/ -0.1644/ -0.1422           -0.1422          -0.3769     0.0154  |       0.4649      0.1631
 100     -0.0128        1.0000  |   -0.2246/ -0.1586/ -0.1397           -0.1397          -0.3769     0.0188  |       0.4650      0.1631
 101     -0.0128        1.0000  |   -0.1979/ -0.1673/ -0.1450           -0.1450          -0.3769     0.0208  |       0.4651      0.1631
 102     -0.0128        1.0000  |   -0.2052/ -0.1555/ -0.1379           -0.1379          -0.3769     0.0111  |       0.4651      0.1631
 103     -0.0128        1.0000  |   -0.2195/ -0.1612/ -0.1435           -0.1435          -0.3769     0.0167  |       0.4652      0.1631
 104     -0.0128        1.0000  |   -0.2397/ -0.1635/ -0.1457           -0.1457          -0.3769     0.0180  |       0.4651      0.1631
 105     -0.0128        1.0000  |   -0.1883/ -0.1594/ -0.1401           -0.1401          -0.3769     0.0223  |       0.4651      0.1631
 106     -0.0128        1.0000  |   -0.1736/ -0.1454/ -0.1253           -0.1253          -0.3769     0.0171  |       0.4651      0.1631
 107     -0.0128        1.0000  |   -0.3033/ -0.1757/ -0.1542           -0.1542          -0.3769     0.0224  |       0.4628      0.1631
 108     -0.0128        1.0000  |   -0.2553/ -0.1642/ -0.1478           -0.1478          -0.3769     0.0154  |       0.4645      0.1631
 109     -0.0128        1.0000  |   -0.1862/ -0.1508/ -0.1309           -0.1309          -0.3769     0.0194  |       0.4649      0.1631
 110     -0.0128        1.0000  |   -0.1938/ -0.1675/ -0.1477           -0.1477          -0.3769     0.0178  |       0.4648      0.1631
 111     -0.0128        1.0000  |   -0.1755/ -0.1468/ -0.1253           -0.1253          -0.3769     0.0147  |       0.4649      0.1631
 112     -0.0128        1.0000  |   -0.1984/ -0.1632/ -0.1397           -0.1397          -0.3769     0.0111  |       0.4649      0.1631
 113     -0.0128        1.0000  |   -0.2331/ -0.1732/ -0.1507           -0.1507          -0.3769     0.0211  |       0.4649      0.1631
 114     -0.0128        1.0000  |   -0.2468/ -0.1668/ -0.1441           -0.1441          -0.3769     0.0227  |       0.4650      0.1631
 115     -0.0128        1.0000  |   -0.2121/ -0.1662/ -0.1483           -0.1483          -0.3769     0.0218  |       0.4651      0.1631
 116     -0.0128        1.0000  |   -0.2344/ -0.1633/ -0.1467           -0.1467          -0.3769     0.0181  |       0.4651      0.1631
 117     -0.0128        1.0000  |   -0.2232/ -0.1695/ -0.1533           -0.1533          -0.3769     0.0234  |       0.4652      0.1631
 118     -0.0128        1.0000  |   -0.2302/ -0.1536/ -0.1375           -0.1375          -0.3769     0.0147  |       0.4652      0.1631
 119     -0.0128        1.0000  |   -0.2489/ -0.1576/ -0.1337           -0.1337          -0.3769     0.0151  |       0.4651      0.1631
 120     -0.0128        1.0000  |   -0.2072/ -0.1601/ -0.1360           -0.1360          -0.3769     0.0161  |       0.4650      0.1631
 121     -0.0128        1.0000  |   -0.1709/ -0.1499/ -0.1343           -0.1343          -0.3769     0.0137  |       0.4651      0.1631
 122     -0.0128        1.0000  |   -0.2118/ -0.1617/ -0.1429           -0.1429          -0.3769     0.0182  |       0.4651      0.1631
 123     -0.0128        1.0000  |   -0.1993/ -0.1570/ -0.1355           -0.1355          -0.3769     0.0181  |       0.4652      0.1631
 124     -0.0128        1.0000  |   -0.2142/ -0.1448/ -0.1278           -0.1278          -0.3769     0.0114  |       0.4652      0.1631
 125     -0.0128        1.0000  |   -0.2173/ -0.1639/ -0.1447           -0.1447          -0.3769     0.0170  |       0.4652      0.1631
 126     -0.0128        1.0000  |   -0.1923/ -0.1623/ -0.1446           -0.1446          -0.3769     0.0170  |       0.4652      0.1631
 127     -0.0128        1.0000  |   -0.2485/ -0.2123/ -0.1920           -0.1920          -0.3769     0.0238  |       0.4652      0.1631
 128     -0.0128        1.0000  |   -0.1804/ -0.1492/ -0.1301           -0.1301          -0.3769     0.0179  |       0.4652      0.1631
 129     -0.0127        1.0000  |   -0.2326/ -0.1662/ -0.1487           -0.1487          -0.3770     0.0153  |       0.4652      0.1631
 130     -0.0127        1.0000  |   -0.1999/ -0.1714/ -0.1521           -0.1521          -0.3770     0.0201  |       0.4651      0.1631
 131     -0.0127        1.0000  |   -0.2124/ -0.1787/ -0.1546           -0.1546          -0.3770     0.0188  |       0.4651      0.1631
 132     -0.0127        1.0000  |   -0.2205/ -0.1582/ -0.1386           -0.1386          -0.3770     0.0204  |       0.4650      0.1631
 133     -0.0128        1.0000  |   -0.1993/ -0.1750/ -0.1595           -0.1595          -0.3767     0.0226  |       0.4650      0.1631
 134     -0.0127        1.0000  |   -0.2371/ -0.1586/ -0.1377           -0.1377          -0.3770     0.0121  |       0.4650      0.1631
 135     -0.0128        1.0000  |   -0.2472/ -0.1603/ -0.1378           -0.1378          -0.3767     0.0180  |       0.4651      0.1631
 136     -0.0127        1.0000  |   -0.2249/ -0.1682/ -0.1488           -0.1488          -0.3770     0.0241  |       0.4651      0.1631
 137     -0.0127        1.0000  |   -0.1732/ -0.1321/ -0.1111           -0.1111          -0.3770     0.0140  |       0.4652      0.1631
 138     -0.0127        1.0000  |   -0.2324/ -0.1770/ -0.1602           -0.1602          -0.3770     0.0201  |       0.4630      0.1631
 139     -0.0128        1.0000  |   -0.2288/ -0.1712/ -0.1533           -0.1533          -0.3767     0.0250  |       0.4647      0.1631
 140     -0.0128        1.0000  |   -0.2137/ -0.1572/ -0.1400           -0.1400          -0.3767     0.0133  |       0.4651      0.1631
 141     -0.0128        1.0000  |   -0.2645/ -0.1723/ -0.1529           -0.1529          -0.3767     0.0260  |       0.4653      0.1631
 142     -0.0128        1.0000  |   -0.2302/ -0.1662/ -0.1515           -0.1515          -0.3767     0.0107  |       0.4653      0.1631
 143     -0.0128        1.0000  |   -0.1999/ -0.1631/ -0.1435           -0.1435          -0.3767     0.0171  |       0.4652      0.1631
 144     -0.0128        1.0000  |   -0.2455/ -0.1748/ -0.1562           -0.1562          -0.3767     0.0233  |       0.4652      0.1631
 145     -0.0128        1.0000  |   -0.2250/ -0.1631/ -0.1470           -0.1470          -0.3767     0.0206  |       0.4652      0.1631
 146     -0.0128        1.0000  |   -0.2097/ -0.1585/ -0.1402           -0.1402          -0.3767     0.0140  |       0.4651      0.1631
 147     -0.0128        1.0000  |   -0.2282/ -0.1683/ -0.1522           -0.1522          -0.3767     0.0197  |       0.4651      0.1631
 148     -0.0128        1.0000  |   -0.1687/ -0.1384/ -0.1216           -0.1216          -0.3767     0.0155  |       0.4651      0.1631
 149     -0.0128        1.0000  |   -0.2193/ -0.1797/ -0.1581           -0.1581          -0.3767     0.0092  |       0.4650      0.1631
 150     -0.0128        1.0000  |   -0.2296/ -0.1595/ -0.1419           -0.1419          -0.3767     0.0176  |       0.4650      0.1631
 151     -0.0128        1.0000  |   -0.1878/ -0.1605/ -0.1353           -0.1353          -0.3767     0.0108  |       0.4651      0.1631
 152     -0.0128        1.0000  |   -0.2009/ -0.1755/ -0.1629           -0.1629          -0.3767     0.0293  |       0.4651      0.1631
 153     -0.0128        1.0000  |   -0.2631/ -0.1667/ -0.1477           -0.1477          -0.3767     0.0161  |       0.4652      0.1631
 154     -0.0128        1.0000  |   -0.1999/ -0.1473/ -0.1300           -0.1300          -0.3767     0.0143  |       0.4652      0.1631
 155     -0.0128        1.0000  |   -0.1860/ -0.1650/ -0.1507           -0.1507          -0.3767     0.0249  |       0.4652      0.1631
 156     -0.0128        1.0000  |   -0.2322/ -0.1639/ -0.1443           -0.1443          -0.3767     0.0176  |       0.4653      0.1631
 157     -0.0128        1.0000  |   -0.2612/ -0.1737/ -0.1566           -0.1566          -0.3767     0.0154  |       0.4653      0.1631
 158     -0.0128        1.0000  |   -0.2312/ -0.1473/ -0.1306           -0.1306          -0.3767     0.0197  |       0.4653      0.1631
 159     -0.0128        1.0000  |   -0.1866/ -0.1457/ -0.1165           -0.1165          -0.3767     0.0154  |       0.4653      0.1631
 160     -0.0128        1.0000  |   -0.2202/ -0.1706/ -0.1502           -0.1502          -0.3767     0.0171  |       0.4651      0.1631
 161     -0.0128        1.0000  |   -0.2429/ -0.1803/ -0.1619           -0.1619          -0.3767     0.0298  |       0.4652      0.1631
 162     -0.0128        1.0000  |   -0.1929/ -0.1578/ -0.1400           -0.1400          -0.3767     0.0155  |       0.4652      0.1631
 163     -0.0128        1.0000  |   -0.2651/ -0.1679/ -0.1481           -0.1481          -0.3767     0.0166  |       0.4652      0.1631
 164     -0.0128        1.0000  |   -0.1757/ -0.1493/ -0.1293           -0.1293          -0.3767     0.0192  |       0.4652      0.1631
 165     -0.0128        1.0000  |   -0.2416/ -0.1778/ -0.1602           -0.1602          -0.3767     0.0196  |       0.4652      0.1631
 166     -0.0126        1.0000  |   -0.1854/ -0.1705/ -0.1587           -0.1587          -0.3767     0.0229  |       0.4651      0.1631
 167     -0.0126        1.0000  |   -0.2715/ -0.1568/ -0.1427           -0.1427          -0.3767     0.0114  |       0.4651      0.1631
 168     -0.0126        1.0000  |   -0.2476/ -0.1643/ -0.1456           -0.1456          -0.3767     0.0198  |       0.4651      0.1631
 169     -0.0126        1.0000  |   -0.3263/ -0.2462/ -0.2079           -0.2079          -0.3767     0.0227  |       0.4652      0.1631
 170     -0.0126        1.0000  |   -0.2244/ -0.1432/ -0.1239           -0.1239          -0.3767     0.0172  |       0.4653      0.1631
 171     -0.0126        1.0000  |   -0.2049/ -0.1597/ -0.1400           -0.1400          -0.3767     0.0153  |       0.4653      0.1631
 172     -0.0126        1.0000  |   -0.2027/ -0.1550/ -0.1360           -0.1360          -0.3767     0.0140  |       0.4654      0.1631
 173     -0.0126        1.0000  |   -0.2335/ -0.1713/ -0.1509           -0.1509          -0.3767     0.0189  |       0.4654      0.1631
 174     -0.0126        1.0000  |   -0.1944/ -0.1518/ -0.1337           -0.1337          -0.3767     0.0172  |       0.4654      0.1631
 175     -0.0126        1.0000  |   -0.2522/ -0.1578/ -0.1352           -0.1352          -0.3767     0.0171  |       0.4654      0.1631
 176     -0.0126        1.0000  |   -0.2231/ -0.1597/ -0.1414           -0.1414          -0.3767     0.0144  |       0.4654      0.1631
 177     -0.0126        1.0000  |   -0.2083/ -0.1676/ -0.1461           -0.1461          -0.3767     0.0164  |       0.4654      0.1631
 178     -0.0126        1.0000  |   -0.2112/ -0.1551/ -0.1304           -0.1304          -0.3767     0.0124  |       0.4654      0.1631
 179     -0.0126        1.0000  |   -0.1939/ -0.1496/ -0.1305           -0.1305          -0.3767     0.0136  |       0.4654      0.1631
 180     -0.0126        1.0000  |   -0.2038/ -0.1515/ -0.1328           -0.1328          -0.3768     0.0177  |       0.4654      0.1631
 181     -0.0126        1.0000  |   -0.2792/ -0.1761/ -0.1566           -0.1566          -0.3767     0.0176  |       0.4654      0.1631
 182     -0.0126        1.0000  |   -0.2445/ -0.1691/ -0.1443           -0.1443          -0.3767     0.0256  |       0.4654      0.1631
 183     -0.0126        1.0000  |   -0.2514/ -0.1621/ -0.1377           -0.1377          -0.3767     0.0154  |       0.4654      0.1631
 184     -0.0126        1.0000  |   -0.2029/ -0.1577/ -0.1414           -0.1414          -0.3767     0.0224  |       0.4654      0.1631
 185     -0.0126        1.0000  |   -0.2062/ -0.1651/ -0.1458           -0.1458          -0.3768     0.0181  |       0.4654      0.1631
 186     -0.0126        1.0000  |   -0.1793/ -0.1574/ -0.1408           -0.1408          -0.3767     0.0115  |       0.4654      0.1631
 187     -0.0126        1.0000  |   -0.2010/ -0.1500/ -0.1346           -0.1346          -0.3767     0.0224  |       0.4654      0.1631
 188     -0.0126        1.0000  |   -0.2643/ -0.1567/ -0.1363           -0.1363          -0.3767     0.0151  |       0.4654      0.1631
 189     -0.0126        1.0000  |   -0.2231/ -0.1552/ -0.1359           -0.1359          -0.3767     0.0184  |       0.4654      0.1631
 190     -0.0126        1.0000  |   -0.2155/ -0.1653/ -0.1447           -0.1447          -0.3768     0.0171  |       0.4654      0.1631
 191     -0.0126        1.0000  |   -0.2276/ -0.1473/ -0.1265           -0.1265          -0.3767     0.0141  |       0.4654      0.1631
 192     -0.0126        1.0000  |   -0.2482/ -0.1709/ -0.1538           -0.1538          -0.3767     0.0187  |       0.4654      0.1631
 193     -0.0126        1.0000  |   -0.2374/ -0.1555/ -0.1348           -0.1348          -0.3767     0.0183  |       0.4654      0.1631
 194     -0.0126        1.0000  |   -0.2022/ -0.1564/ -0.1368           -0.1368          -0.3767     0.0180  |       0.4654      0.1631
 195     -0.0126        1.0000  |   -0.2022/ -0.1495/ -0.1325           -0.1325          -0.3768     0.0192  |       0.4654      0.1631
 196     -0.0126        1.0000  |   -0.2432/ -0.1718/ -0.1538           -0.1538          -0.3768     0.0124  |       0.4654      0.1631
 197     -0.0126        1.0000  |   -0.2557/ -0.1570/ -0.1339           -0.1339          -0.3768     0.0163  |       0.4654      0.1631
 198     -0.0126        1.0000  |   -0.2620/ -0.1779/ -0.1572           -0.1572          -0.3768     0.0227  |       0.4654      0.1631
 199     -0.0126        1.0000  |   -0.1778/ -0.1537/ -0.1379           -0.1379          -0.3768     0.0217  |       0.4654      0.1631
 200     -0.0126        1.0000  |   -0.2116/ -0.1645/ -0.1449           -0.1449          -0.3768     0.0178  |       0.4654      0.1631
 201     -0.0126        1.0000  |   -0.1959/ -0.1619/ -0.1441           -0.1441          -0.3768     0.0170  |       0.4654      0.1631
 202     -0.0126        1.0000  |   -0.2511/ -0.1660/ -0.1430           -0.1430          -0.3768     0.0185  |       0.4654      0.1631
 203     -0.0126        1.0000  |   -0.2105/ -0.1715/ -0.1561           -0.1561          -0.3768     0.0212  |       0.4654      0.1631
 204     -0.0126        1.0000  |   -0.2084/ -0.1488/ -0.1331           -0.1331          -0.3768     0.0170  |       0.4654      0.1631
 205     -0.0126        1.0000  |   -0.1834/ -0.1616/ -0.1462           -0.1462          -0.3768     0.0126  |       0.4654      0.1631
 206     -0.0126        1.0000  |   -0.2114/ -0.1649/ -0.1449           -0.1449          -0.3768     0.0235  |       0.4654      0.1631
 207     -0.0126        1.0000  |   -0.1920/ -0.1624/ -0.1454           -0.1454          -0.3768     0.0162  |       0.4654      0.1631
 208     -0.0126        1.0000  |   -0.2074/ -0.1648/ -0.1444           -0.1444          -0.3768     0.0178  |       0.4654      0.1631
 209     -0.0126        1.0000  |   -0.2202/ -0.1617/ -0.1423           -0.1423          -0.3768     0.0221  |       0.4654      0.1631
 210     -0.0126        1.0000  |   -0.2575/ -0.1663/ -0.1498           -0.1498          -0.3768     0.0179  |       0.4654      0.1631
 211     -0.0126        1.0000  |   -0.2478/ -0.1635/ -0.1391           -0.1391          -0.3768     0.0225  |       0.4654      0.1631
 212     -0.0126        1.0000  |   -0.2318/ -0.1574/ -0.1385           -0.1385          -0.3768     0.0176  |       0.4650      0.1631
 213     -0.0126        1.0000  |   -0.2065/ -0.1656/ -0.1480           -0.1480          -0.3768     0.0211  |       0.4653      0.1631
 214     -0.0126        1.0000  |   -0.1821/ -0.1529/ -0.1351           -0.1351          -0.3768     0.0201  |       0.4654      0.1631
 215     -0.0114        0.9997  |   -0.1920/ -0.1499/ -0.1295           -0.1295          -0.3780     0.0170  |       0.4654      0.1631
 216     -0.0126        0.9997  |   -0.2674/ -0.1671/ -0.1477           -0.1477          -0.3768     0.0197  |       0.4654      0.1631
 217     -0.0126        1.0000  |   -0.1839/ -0.1646/ -0.1433           -0.1433          -0.3768     0.0172  |       0.4654      0.1631
 218     -0.0126        1.0000  |   -0.2286/ -0.1616/ -0.1453           -0.1453          -0.3768     0.0177  |       0.4654      0.1631
 219     -0.0126        1.0000  |   -0.1967/ -0.1597/ -0.1426           -0.1426          -0.3768     0.0161  |       0.4654      0.1631
 220     -0.0114        0.9997  |   -0.2412/ -0.1711/ -0.1395           -0.1395          -0.3780     0.0251  |       0.4654      0.1631
 221     -0.0126        0.9997  |   -0.1730/ -0.1528/ -0.1313           -0.1313          -0.3768     0.0213  |       0.4654      0.1630
 222     -0.0126        1.0000  |   -0.2468/ -0.1608/ -0.1436           -0.1436          -0.3768     0.0121  |       0.4654      0.1630
 223     -0.0126        1.0000  |   -0.2229/ -0.1592/ -0.1429           -0.1429          -0.3768     0.0156  |       0.4654      0.1630
 224     -0.0126        1.0000  |   -0.2273/ -0.1649/ -0.1417           -0.1417          -0.3768     0.0184  |       0.4654      0.1630
 225     -0.0114        0.9997  |   -0.2029/ -0.1590/ -0.1369           -0.1369          -0.3780     0.0187  |       0.4654      0.1630
 226     -0.0125        0.9997  |   -0.1816/ -0.1371/ -0.1191           -0.1191          -0.3767     0.0106  |       0.4654      0.1630
 227     -0.0125        1.0000  |   -0.2224/ -0.1785/ -0.1530           -0.1530          -0.3767     0.0196  |       0.4647      0.1630
 228     -0.0125        1.0000  |   -0.1841/ -0.1629/ -0.1449           -0.1449          -0.3767     0.0224  |       0.4652      0.1630
 229     -0.0125        1.0000  |   -0.1895/ -0.1549/ -0.1370           -0.1370          -0.3767     0.0135  |       0.4654      0.1630
 230     -0.0114        0.9997  |   -0.2000/ -0.1671/ -0.1451           -0.1451          -0.3780     0.0190  |       0.4654      0.1630
 231     -0.0125        0.9997  |   -0.1963/ -0.1731/ -0.1561           -0.1561          -0.3767     0.0204  |       0.4654      0.1630
 232     -0.0125        1.0000  |   -0.2431/ -0.1666/ -0.1449           -0.1449          -0.3767     0.0185  |       0.4654      0.1630
 233     -0.0125        1.0000  |   -0.2077/ -0.1566/ -0.1338           -0.1338          -0.3767     0.0173  |       0.4654      0.1630
 234     -0.0125        1.0000  |   -0.2322/ -0.1854/ -0.1675           -0.1675          -0.3767     0.0173  |       0.4654      0.1630
 235     -0.0114        0.9997  |   -0.2143/ -0.1491/ -0.1322           -0.1322          -0.3780     0.0147  |       0.4654      0.1630
 236     -0.0125        0.9997  |   -0.2102/ -0.1585/ -0.1381           -0.1381          -0.3767     0.0150  |       0.4654      0.1630
 237     -0.0125        1.0000  |   -0.2389/ -0.1746/ -0.1524           -0.1524          -0.3767     0.0175  |       0.4654      0.1630
 238     -0.0125        1.0000  |   -0.2241/ -0.1547/ -0.1366           -0.1366          -0.3767     0.0223  |       0.4654      0.1630
 239     -0.0125        1.0000  |   -0.1815/ -0.1534/ -0.1349           -0.1349          -0.3767     0.0208  |       0.4654      0.1630
 240     -0.0113        0.9997  |   -0.2527/ -0.1587/ -0.1403           -0.1403          -0.3782     0.0183  |       0.4654      0.1630
 241     -0.0125        0.9997  |   -0.2335/ -0.1702/ -0.1537           -0.1537          -0.3767     0.0144  |       0.4654      0.1630
 242     -0.0125        1.0000  |   -0.1748/ -0.1489/ -0.1311           -0.1311          -0.3767     0.0173  |       0.4654      0.1630
 243     -0.0114        0.9997  |   -0.1904/ -0.1529/ -0.1324           -0.1324          -0.3780     0.0187  |       0.4654      0.1630
 244     -0.0125        0.9997  |   -0.2952/ -0.1752/ -0.1534           -0.1534          -0.3767     0.0109  |       0.4654      0.1630
 245     -0.0113        0.9997  |   -0.2254/ -0.1654/ -0.1463           -0.1463          -0.3784     0.0122  |       0.4654      0.1630
 246     -0.0113        1.0000  |   -0.2495/ -0.1810/ -0.1588           -0.1588          -0.3781     0.0253  |       0.4654      0.1630
 247     -0.0113        1.0000  |   -0.2174/ -0.1678/ -0.1514           -0.1514          -0.3781     0.0172  |       0.4654      0.1630
 248     -0.0113        1.0000  |   -0.1984/ -0.1580/ -0.1371           -0.1371          -0.3781     0.0163  |       0.4654      0.1630
 249     -0.0113        1.0000  |   -0.2565/ -0.1692/ -0.1469           -0.1469          -0.3781     0.0188  |       0.4654      0.1630
 250     -0.0112        1.0000  |   -0.1907/ -0.1502/ -0.1311           -0.1311          -0.3784     0.0125  |       0.4654      0.1630
 251     -0.0113        1.0000  |   -0.2008/ -0.1730/ -0.1549           -0.1549          -0.3781     0.0173  |       0.4654      0.1630
 252     -0.0113        1.0000  |   -0.2235/ -0.1668/ -0.1423           -0.1423          -0.3781     0.0202  |       0.4654      0.1630
 253     -0.0113        1.0000  |   -0.1925/ -0.1629/ -0.1480           -0.1480          -0.3781     0.0206  |       0.4654      0.1630
 254     -0.0113        1.0000  |   -0.2114/ -0.1756/ -0.1496           -0.1496          -0.3781     0.0193  |       0.4654      0.1630
 255     -0.0112        1.0000  |   -0.1862/ -0.1655/ -0.1538           -0.1538          -0.3784     0.0191  |       0.4654      0.1630
 256     -0.0113        1.0000  |   -0.2180/ -0.1635/ -0.1501           -0.1501          -0.3781     0.0206  |       0.4654      0.1630
 257     -0.0113        1.0000  |   -0.2286/ -0.1656/ -0.1485           -0.1485          -0.3781     0.0222  |       0.4654      0.1630
 258     -0.0113        1.0000  |   -0.2137/ -0.1563/ -0.1347           -0.1347          -0.3781     0.0118  |       0.4654      0.1630
 259     -0.0113        1.0000  |   -0.2349/ -0.1740/ -0.1559           -0.1559          -0.3781     0.0198  |       0.4654      0.1630
 260     -0.0112        1.0000  |   -0.1976/ -0.1638/ -0.1498           -0.1498          -0.3784     0.0230  |       0.4654      0.1630
 261     -0.0113        1.0000  |   -0.2061/ -0.1606/ -0.1383           -0.1383          -0.3781     0.0168  |       0.4654      0.1630
 262     -0.0113        1.0000  |   -0.1990/ -0.1621/ -0.1435           -0.1435          -0.3781     0.0181  |       0.4654      0.1630
 263     -0.0113        1.0000  |   -0.2474/ -0.1618/ -0.1389           -0.1389          -0.3782     0.0130  |       0.4654      0.1630
 264     -0.0113        1.0000  |   -0.2014/ -0.1770/ -0.1590           -0.1590          -0.3782     0.0183  |       0.4654      0.1630
 265     -0.0112        1.0000  |   -0.2125/ -0.1619/ -0.1439           -0.1439          -0.3784     0.0161  |       0.4654      0.1630
 266     -0.0113        1.0000  |   -0.1847/ -0.1478/ -0.1313           -0.1313          -0.3782     0.0153  |       0.4654      0.1630
 267     -0.0113        1.0000  |   -0.2204/ -0.1712/ -0.1514           -0.1514          -0.3782     0.0202  |       0.4654      0.1630
 268     -0.0113        1.0000  |   -0.2271/ -0.1930/ -0.1716           -0.1716          -0.3782     0.0137  |       0.4654      0.1630
 269     -0.0113        1.0000  |   -0.2088/ -0.1536/ -0.1343           -0.1343          -0.3782     0.0110  |       0.4654      0.1630
 270     -0.0113        1.0000  |   -0.2205/ -0.1701/ -0.1510           -0.1510          -0.3784     0.0207  |       0.4654      0.1630
 271     -0.0113        1.0000  |   -0.2124/ -0.1715/ -0.1515           -0.1515          -0.3784     0.0251  |       0.4654      0.1630
 272     -0.0113        1.0000  |   -0.1987/ -0.1671/ -0.1503           -0.1503          -0.3784     0.0214  |       0.4654      0.1630
 273     -0.0113        1.0000  |   -0.1898/ -0.1620/ -0.1430           -0.1430          -0.3784     0.0223  |       0.4654      0.1630
 274     -0.0114        1.0000  |   -0.2180/ -0.1648/ -0.1491           -0.1491          -0.3786     0.0174  |       0.4654      0.1630
 275     -0.0114        1.0000  |   -0.1864/ -0.1600/ -0.1373           -0.1373          -0.3786     0.0182  |       0.4654      0.1630
 276     -0.0114        1.0000  |   -0.2047/ -0.1616/ -0.1411           -0.1411          -0.3786     0.0200  |       0.4654      0.1630
 277     -0.0114        1.0000  |   -0.2218/ -0.1612/ -0.1447           -0.1447          -0.3786     0.0136  |       0.4654      0.1630
 278     -0.0114        1.0000  |   -0.2282/ -0.1591/ -0.1406           -0.1406          -0.3786     0.0199  |       0.4654      0.1630
 279     -0.0114        1.0000  |   -0.1993/ -0.1605/ -0.1441           -0.1441          -0.3786     0.0174  |       0.4654      0.1630
 280     -0.0114        1.0000  |   -0.2431/ -0.1565/ -0.1394           -0.1394          -0.3787     0.0155  |       0.4654      0.1630
 281     -0.0114        1.0000  |   -0.2182/ -0.1620/ -0.1448           -0.1448          -0.3786     0.0138  |       0.4654      0.1630
 282     -0.0114        1.0000  |   -0.2176/ -0.1711/ -0.1464           -0.1464          -0.3787     0.0122  |       0.4654      0.1630
 283     -0.0114        1.0000  |   -0.2002/ -0.1776/ -0.1633           -0.1633          -0.3787     0.0240  |       0.4654      0.1630
 284     -0.0114        1.0000  |   -0.1989/ -0.1693/ -0.1514           -0.1514          -0.3787     0.0204  |       0.4654      0.1630
 285     -0.0114        1.0000  |   -0.2413/ -0.1731/ -0.1494           -0.1494          -0.3787     0.0213  |       0.4654      0.1630
 286     -0.0114        1.0000  |   -0.1891/ -0.1636/ -0.1472           -0.1472          -0.3787     0.0154  |       0.4654      0.1630
 287     -0.0114        1.0000  |   -0.2313/ -0.1600/ -0.1428           -0.1428          -0.3787     0.0199  |       0.4654      0.1630
 288     -0.0114        1.0000  |   -0.2476/ -0.1642/ -0.1399           -0.1399          -0.3787     0.0131  |       0.4654      0.1630
 289     -0.0114        1.0000  |   -0.1908/ -0.1533/ -0.1365           -0.1365          -0.3787     0.0186  |       0.4654      0.1630
 290     -0.0114        1.0000  |   -0.2563/ -0.1669/ -0.1448           -0.1448          -0.3787     0.0180  |       0.4654      0.1630
 291     -0.0114        1.0000  |   -0.3026/ -0.1641/ -0.1455           -0.1455          -0.3787     0.0154  |       0.4654      0.1630
 292     -0.0114        1.0000  |   -0.2475/ -0.1629/ -0.1435           -0.1435          -0.3787     0.0202  |       0.4654      0.1630
 293     -0.0114        1.0000  |   -0.1920/ -0.1537/ -0.1388           -0.1388          -0.3787     0.0121  |       0.4654      0.1630
 294     -0.0114        1.0000  |   -0.2327/ -0.1772/ -0.1583           -0.1583          -0.3787     0.0221  |       0.4654      0.1630
 295     -0.0114        1.0000  |   -0.2305/ -0.1583/ -0.1392           -0.1392          -0.3787     0.0182  |       0.4654      0.1630
 296     -0.0114        1.0000  |   -0.1988/ -0.1505/ -0.1315           -0.1315          -0.3787     0.0149  |       0.4654      0.1630
 297     -0.0114        1.0000  |   -0.2084/ -0.1585/ -0.1448           -0.1448          -0.3787     0.0168  |       0.4654      0.1630
 298     -0.0114        1.0000  |   -0.2107/ -0.1609/ -0.1458           -0.1458          -0.3787     0.0186  |       0.4654      0.1630
 299     -0.0114        1.0000  |   -0.2160/ -0.1700/ -0.1502           -0.1502          -0.3787     0.0225  |       0.4654      0.1630
IMAGEIO FFMPEG_WRITER WARNING: input image is not divisible by macro_block_size=16, resizing from (320, 180) to (320, 192) to ensure video compatibility with most codecs and players. To prevent resizing, make your input image divisible by the macro_block_size or set the macro_block_size to 1 (risking incompatibility).

Saved 300 frames -> /home/ashwink/Documents/swms/SWM_copy/rollouts_5_per/expert-only/epoch6/epoch6_rollout0_failure.mp4
min dist(green_cube,blue_moon) over episode = 0.1594  ->  FAILURE
Full log written to /home/ashwink/Documents/swms/SWM_copy/rollouts_5_per/expert-only/epoch6/epoch6_rollout0_20260723_124056.log
Result json -> /home/ashwink/Documents/swms/SWM_copy/rollouts_5_per/expert-only/epoch6/epoch6_rollout0_result.json
