Checkpoint dir epoch: 5  Rollout: 3
Logging to /home/ashwink/Documents/swms/SWM_copy/rollouts_5_per/expert-only/epoch5/epoch5_rollout3_20260723_123741.log
Goal (fixed, steps 0-299): the green cube is touching the blue moon. the peg is touching the green cube.

Checkpoint: /home/ashwink/Documents/swms/SWM_copy/training/checkpoints_clip_full_finetuned_wider_hl/epoch_005.pt
  epoch=5  step=5148

Loading CLIP ViT-L/14 (datacomp_xl_s13b_b90k) + fine-tuned clip_state_dict ...
Parsing model identifier. Schema: None, Identifier: ViT-L-14
Loaded built-in ViT-L-14 model config.
Instantiating model architecture: CLIP
Loading full pretrained weights from: /home/ashwink/.cache/huggingface/hub/models--laion--CLIP-ViT-L-14-DataComp.XL-s13B-b90K/snapshots/84c9828e63dc9a9351d1fe637c346d4c1c4db341/open_clip_pytorch_model.bin
Final image preprocessing configuration set: {'size': (224, 224), 'mode': 'RGB', 'mean': (0.48145466, 0.4578275, 0.40821073), 'std': (0.26862954, 0.26130258, 0.27577711), 'interpolation': 'bicubic', 'resize_mode': 'shortest', 'fill_color': 0}
Model ViT-L-14 creation process complete.
Parsing tokenizer identifier. Schema: None, Identifier: ViT-L-14
Attempting to load config from built-in: ViT-L-14
Using default SimpleTokenizer.
z_star shape: torch.Size([768])

Loading action stats from /home/ashwink/full_data_5000/langtable/demos/ ...
  lo=[-0.03372681140899658, -0.03493623435497284]  hi=[0.03496786952018738, 0.03494429588317871]

Initializing LangTable env ...
Loading URDF plane.urdf
Loading URDF /home/ashwink/Documents/swms/.venv/lib/python3.10/site-packages/language_table/environments/utils/../../../language_table/environments/assets/workspace_real.urdf
Loading URDF xarm/xarm6_robot_white.urdf
Loading URDF /home/ashwink/Documents/swms/.venv/lib/python3.10/site-packages/language_table/environments/utils/../../../language_table/environments/assets/suction/cylinder_real.urdf
Loading URDF /home/ashwink/Documents/swms/.venv/lib/python3.10/site-packages/language_table/environments/utils/../../../language_table/environments/assets/blocks/red_moon.urdf
Loading URDF /home/ashwink/Documents/swms/.venv/lib/python3.10/site-packages/language_table/environments/utils/../../../language_table/environments/assets/blocks/red_cube.urdf
Loading URDF /home/ashwink/Documents/swms/.venv/lib/python3.10/site-packages/language_table/environments/utils/../../../language_table/environments/assets/blocks/red_star.urdf
Loading URDF /home/ashwink/Documents/swms/.venv/lib/python3.10/site-packages/language_table/environments/utils/../../../language_table/environments/assets/blocks/red_pentagon.urdf
Loading URDF /home/ashwink/Documents/swms/.venv/lib/python3.10/site-packages/language_table/environments/utils/../../../language_table/environments/assets/blocks/blue_moon.urdf
Loading URDF /home/ashwink/Documents/swms/.venv/lib/python3.10/site-packages/language_table/environments/utils/../../../language_table/environments/assets/blocks/blue_cube.urdf
Loading URDF /home/ashwink/Documents/swms/.venv/lib/python3.10/site-packages/language_table/environments/utils/../../../language_table/environments/assets/blocks/blue_star.urdf
Loading URDF /home/ashwink/Documents/swms/.venv/lib/python3.10/site-packages/language_table/environments/utils/../../../language_table/environments/assets/blocks/blue_pentagon.urdf
Loading URDF /home/ashwink/Documents/swms/.venv/lib/python3.10/site-packages/language_table/environments/utils/../../../language_table/environments/assets/blocks/yellow_moon.urdf
Loading URDF /home/ashwink/Documents/swms/.venv/lib/python3.10/site-packages/language_table/environments/utils/../../../language_table/environments/assets/blocks/yellow_cube.urdf
Loading URDF /home/ashwink/Documents/swms/.venv/lib/python3.10/site-packages/language_table/environments/utils/../../../language_table/environments/assets/blocks/yellow_star.urdf
Loading URDF /home/ashwink/Documents/swms/.venv/lib/python3.10/site-packages/language_table/environments/utils/../../../language_table/environments/assets/blocks/yellow_pentagon.urdf
Loading URDF /home/ashwink/Documents/swms/.venv/lib/python3.10/site-packages/language_table/environments/utils/../../../language_table/environments/assets/blocks/green_moon.urdf
Loading URDF /home/ashwink/Documents/swms/.venv/lib/python3.10/site-packages/language_table/environments/utils/../../../language_table/environments/assets/blocks/green_cube.urdf
Loading URDF /home/ashwink/Documents/swms/.venv/lib/python3.10/site-packages/language_table/environments/utils/../../../language_table/environments/assets/blocks/green_star.urdf
Loading URDF /home/ashwink/Documents/swms/.venv/lib/python3.10/site-packages/language_table/environments/utils/../../../language_table/environments/assets/blocks/green_pentagon.urdf
Loading URDF /home/ashwink/Documents/swms/.venv/lib/python3.10/site-packages/language_table/environments/utils/../../../language_table/environments/assets/blocks/purple_moon.urdf
Loading URDF /home/ashwink/Documents/swms/.venv/lib/python3.10/site-packages/language_table/environments/utils/../../../language_table/environments/assets/blocks/purple_cube.urdf
Loading URDF /home/ashwink/Documents/swms/.venv/lib/python3.10/site-packages/language_table/environments/utils/../../../language_table/environments/assets/blocks/purple_star.urdf
Loading URDF /home/ashwink/Documents/swms/.venv/lib/python3.10/site-packages/language_table/environments/utils/../../../language_table/environments/assets/blocks/purple_pentagon.urdf
Env ready.

Forced peg start: [0.42843915 0.24419614]  (green_cube=[0.40339102 0.18967466], blue_moon=[0.32039625 0.00902261])
  dist(peg,green_cube)=0.0600  dist(peg,blue_moon)=0.2588  dist(green_cube,blue_moon)=0.1988

step  cos(zt,z*)  cos(zt,zt-1)  |   cos(predK,z*) min/mean/max  cos(pred_sel,z*)   cos(zpred0,z*)  ||a_raw||  |  dist(peg,A)   dist(A,B)
-------------------------------------------------------------------------------------------------------------------------------------------------------------------------------
   0      0.1127           nan  |    0.5621/  0.7356/  0.7513            0.7513           0.5975     0.0061  |       0.0587      0.1988
   1      0.1154        0.9979  |    0.6724/  0.7019/  0.7101            0.7101           0.5926     0.0132  |       0.0633      0.1988
   2      0.1161        0.9968  |    0.6651/  0.7052/  0.7147            0.7147           0.5976     0.0104  |       0.0689      0.1988
   3      0.1132        0.9964  |    0.6624/  0.7183/  0.7283            0.7283           0.5959     0.0051  |       0.0602      0.1988
   4      0.1129        0.9954  |    0.6653/  0.7214/  0.7320            0.7320           0.5912     0.0188  |       0.0550      0.1988
   5      0.1129        0.9785  |    0.6583/  0.7152/  0.7291            0.7291           0.5913     0.0065  |       0.0562      0.1988
   6      0.1134        0.9907  |    0.5869/  0.7492/  0.7609            0.7609           0.6160     0.0077  |       0.0617      0.1988
   7      0.1100        0.9825  |    0.6931/  0.7264/  0.7374            0.7374           0.5811     0.0121  |       0.0564      0.1988
   8      0.1159        0.9839  |    0.6611/  0.7316/  0.7432            0.7432           0.6197     0.0028  |       0.0658      0.1988
   9      0.1219        0.9913  |    0.6707/  0.7377/  0.7472            0.7472           0.6214     0.0088  |       0.0672      0.1988
  10      0.1250        0.9001  |    0.6527/  0.6884/  0.6999            0.6999           0.5552     0.0053  |       0.0603      0.1988
  11      0.1308        0.9696  |    0.6665/  0.7326/  0.7429            0.7429           0.6183     0.0064  |       0.0639      0.1988
  12      0.1193        0.9309  |    0.6114/  0.6371/  0.6466            0.6466           0.5077     0.0077  |       0.0665      0.1988
  13      0.0789        0.9372  |    0.4511/  0.4700/  0.4849            0.4849           0.3036     0.0096  |       0.0682      0.1988
  14      0.0543        0.9505  |    0.1639/  0.1894/  0.2154            0.2154          -0.0518     0.0139  |       0.0735      0.1988
  15      0.0531        0.9062  |    0.2744/  0.2975/  0.3195            0.3195           0.0316     0.0148  |       0.0721      0.1988
  16      0.0555        0.9018  |    0.2589/  0.2765/  0.2873            0.2873           0.0971     0.0036  |       0.0672      0.1988
  17      0.0693        0.9459  |    0.4818/  0.5070/  0.5159            0.5159           0.3225     0.0097  |       0.0663      0.1988
  18      0.0120        0.8795  |   -0.1573/ -0.1334/ -0.1198           -0.1198          -0.3309     0.0214  |       0.0731      0.1988
  19      0.0016        0.8597  |   -0.0217/  0.0270/  0.0490            0.0490          -0.4075     0.0278  |       0.0750      0.1988
  20     -0.0182        0.8594  |    0.1352/  0.1631/  0.1896            0.1896          -0.4273     0.0166  |       0.0730      0.1988
  21     -0.0206        0.9145  |   -0.0695/  0.0006/  0.0257            0.0257          -0.4345     0.0112  |       0.0778      0.1988
  22     -0.0154        0.9331  |   -0.1927/ -0.0918/ -0.0580           -0.0580          -0.4558     0.0149  |       0.0823      0.1988
  23      0.0131        0.9343  |   -0.0794/ -0.0301/  0.0075            0.0075          -0.4119     0.0120  |       0.0904      0.1988
  24      0.0091        0.9667  |   -0.1106/ -0.0441/ -0.0091           -0.0091          -0.4365     0.0158  |       0.0824      0.1988
  25      0.0032        0.9314  |   -0.0626/  0.0150/  0.0519            0.0519          -0.4238     0.0231  |       0.0886      0.1988
  26      0.0062        0.8882  |   -0.1988/ -0.1433/ -0.1283           -0.1283          -0.3982     0.0230  |       0.1103      0.1988
  27     -0.0153        0.8507  |   -0.3256/ -0.3102/ -0.2997           -0.2997          -0.4278     0.0140  |       0.1277      0.1988
  28     -0.0036        0.8769  |   -0.3732/ -0.3522/ -0.3410           -0.3410          -0.4865     0.0121  |       0.1411      0.1988
  29     -0.0074        0.8998  |   -0.3577/ -0.3345/ -0.3202           -0.3202          -0.5179     0.0106  |       0.1446      0.1988
  30      0.0095        0.9212  |   -0.3418/ -0.3199/ -0.3042           -0.3042          -0.5258     0.0025  |       0.1441      0.1988
  31     -0.0081        0.9529  |   -0.3432/ -0.3239/ -0.3086           -0.3086          -0.5452     0.0155  |       0.1453      0.1988
  32     -0.0229        0.8912  |   -0.2897/ -0.2490/ -0.2326           -0.2326          -0.5021     0.0085  |       0.1545      0.1988
  33     -0.0113        0.9420  |   -0.3148/ -0.2929/ -0.2799           -0.2799          -0.5369     0.0148  |       0.1545      0.1988
  34     -0.0046        0.8826  |   -0.4157/ -0.3876/ -0.3738           -0.3738          -0.5258     0.0139  |       0.1588      0.1988
  35     -0.0244        0.9008  |   -0.4574/ -0.4350/ -0.4214           -0.4214          -0.5300     0.0165  |       0.1666      0.1988
  36     -0.0231        0.7981  |   -0.3864/ -0.3093/ -0.2931           -0.2931          -0.4960     0.0142  |       0.1765      0.1988
  37     -0.0331        0.8214  |   -0.3979/ -0.3206/ -0.2964           -0.2964          -0.5007     0.0028  |       0.1858      0.1988
  38     -0.0316        0.9421  |   -0.3034/ -0.2544/ -0.2353           -0.2353          -0.4434     0.0058  |       0.1870      0.1988
  39     -0.0339        0.9190  |   -0.2732/ -0.2325/ -0.1894           -0.1894          -0.4301     0.0056  |       0.1914      0.1988
  40     -0.0380        0.9313  |   -0.2157/ -0.1664/ -0.1247           -0.1247          -0.4780     0.0074  |       0.1958      0.1988
  41     -0.0151        0.8699  |   -0.2763/ -0.2265/ -0.1880           -0.1880          -0.4314     0.0121  |       0.2028      0.1988
  42     -0.0038        0.8208  |   -0.3868/ -0.3664/ -0.3502           -0.3502          -0.4718     0.0269  |       0.2112      0.1988
  43     -0.0274        0.8351  |   -0.3772/ -0.3506/ -0.3394           -0.3394          -0.4401     0.0248  |       0.2333      0.1988
  44     -0.0118        0.7773  |   -0.1756/ -0.1454/ -0.1282           -0.1282          -0.3367     0.0338  |       0.2541      0.1988
  45      0.0414        0.8075  |   -0.2216/ -0.2069/ -0.1929           -0.1929          -0.4985     0.0350  |       0.2581      0.1988
  46      0.0597        0.9034  |   -0.0833/ -0.0616/ -0.0496           -0.0496          -0.4943     0.0334  |       0.2530      0.1988
  47      0.0620        0.9788  |   -0.1290/ -0.1063/ -0.0957           -0.0957          -0.4896     0.0339  |       0.2539      0.1988
  48      0.0737        0.9348  |    0.1382/  0.1758/  0.1951            0.1951          -0.4477     0.0197  |       0.2561      0.1988
  49      0.0473        0.9629  |   -0.0255/  0.0276/  0.0430            0.0430          -0.4951     0.0224  |       0.2566      0.1988
  50      0.0228        0.8436  |   -0.1161/ -0.0805/ -0.0616           -0.0616          -0.4794     0.0279  |       0.2622      0.1988
  51      0.0331        0.9621  |    0.1473/  0.1750/  0.1904            0.1904          -0.3925     0.0184  |       0.2637      0.1988
  52      0.0368        0.9217  |   -0.1805/ -0.1499/ -0.1256           -0.1256          -0.4741     0.0253  |       0.2694      0.1988
  53      0.0670        0.9260  |   -0.0706/ -0.0307/ -0.0128           -0.0128          -0.4510     0.0336  |       0.2734      0.1988
  54      0.0552        0.9563  |   -0.0409/ -0.0138/  0.0010            0.0010          -0.4146     0.0303  |       0.2752      0.1988
  55      0.0614        0.9674  |   -0.0956/ -0.0702/ -0.0528           -0.0528          -0.4648     0.0335  |       0.2748      0.1988
  56      0.0596        0.9560  |    0.0024/  0.0404/  0.0543            0.0543          -0.4379     0.0249  |       0.2760      0.1988
  57      0.0511        0.9396  |   -0.0663/ -0.0310/ -0.0142           -0.0142          -0.4773     0.0319  |       0.2729      0.1988
  58      0.0565        0.9033  |    0.0730/  0.1257/  0.1486            0.1486          -0.3565     0.0203  |       0.2791      0.1988
  59      0.0635        0.9202  |   -0.1528/ -0.1160/ -0.0928           -0.0928          -0.4341     0.0276  |       0.2822      0.1988
  60      0.0627        0.9741  |   -0.0947/ -0.0643/ -0.0459           -0.0459          -0.4280     0.0261  |       0.2825      0.1988
  61      0.0594        0.9402  |   -0.1637/ -0.1403/ -0.1242           -0.1242          -0.4461     0.0281  |       0.2864      0.1988
  62      0.0662        0.9822  |   -0.1927/ -0.1773/ -0.1655           -0.1655          -0.4494     0.0332  |       0.2854      0.1988
  63      0.0677        0.9689  |   -0.1151/ -0.0989/ -0.0862           -0.0862          -0.4504     0.0347  |       0.2844      0.1988
  64      0.0302        0.9637  |   -0.1204/ -0.0765/ -0.0399           -0.0399          -0.4707     0.0346  |       0.2874      0.1988
  65      0.0411        0.9539  |   -0.0003/  0.0384/  0.0716            0.0716          -0.4787     0.0398  |       0.2893      0.1988
  66      0.0611        0.8800  |    0.0881/  0.1068/  0.1261            0.1261          -0.4189     0.0486  |       0.3040      0.1988
  67      0.0314        0.6329  |    0.0350/  0.0595/  0.0819            0.0819          -0.4764     0.0490  |       0.3301      0.1988
  68      0.0091        0.6663  |   -0.0529/ -0.0299/ -0.0059           -0.0059          -0.4306     0.0484  |       0.3581      0.1988
  69      0.0237        0.8198  |   -0.2748/ -0.2530/ -0.2367           -0.2367          -0.4474     0.0479  |       0.3868      0.1988
  70      0.0936        0.7890  |   -0.2337/ -0.2095/ -0.1851           -0.1851          -0.3457     0.0327  |       0.4160      0.1988
  71      0.0960        0.9039  |   -0.2162/ -0.1974/ -0.1826           -0.1826          -0.2320     0.0413  |       0.4195      0.1988
  72      0.0913        0.8564  |   -0.2619/ -0.2371/ -0.2183           -0.2183          -0.0737     0.0482  |       0.4308      0.1988
  73      0.0733        0.8359  |   -0.2378/ -0.2110/ -0.1918           -0.1918          -0.3753     0.0461  |       0.3909      0.1988
  74      0.0353        0.8519  |   -0.2652/ -0.2475/ -0.2311           -0.2311          -0.4229     0.0468  |       0.3500      0.1988
  75      0.0056        0.8892  |   -0.3331/ -0.3164/ -0.3007           -0.3007          -0.4398     0.0468  |       0.3101      0.1988
  76     -0.0254        0.7018  |   -0.2146/ -0.1938/ -0.1787           -0.1787          -0.3297     0.0474  |       0.2711      0.1988
  77     -0.0468        0.7505  |   -0.1607/ -0.1440/ -0.1279           -0.1279          -0.4146     0.0448  |       0.2347      0.1988
  78     -0.0170        0.6941  |   -0.2618/ -0.2346/ -0.2115           -0.2115          -0.5027     0.0459  |       0.2045      0.1988
  79     -0.0588        0.6355  |   -0.2802/ -0.2556/ -0.2388           -0.2388          -0.4628     0.0469  |       0.1817      0.1976
  80     -0.1149        0.7772  |   -0.3027/ -0.2798/ -0.2622           -0.2622          -0.4918     0.0470  |       0.1681      0.2054
  81     -0.0992        0.7833  |   -0.1808/ -0.1620/ -0.1462           -0.1462          -0.4610     0.0484  |       0.1654      0.2077
  82     -0.0458        0.8002  |   -0.1703/ -0.1503/ -0.1368           -0.1368          -0.4023     0.0476  |       0.1759      0.2077
  83     -0.0621        0.8609  |   -0.3629/ -0.3471/ -0.3309           -0.3309          -0.4570     0.0468  |       0.1969      0.2077
  84     -0.0470        0.9560  |   -0.4390/ -0.4303/ -0.4230           -0.4230          -0.3816     0.0483  |       0.2260      0.2077
  85      0.0049        0.9322  |   -0.4582/ -0.4489/ -0.4385           -0.4385          -0.2971     0.0468  |       0.2521      0.2077
  86      0.0788        0.9450  |   -0.4430/ -0.4199/ -0.3979           -0.3979          -0.3140     0.0453  |       0.2605      0.2077
  87      0.0440        0.9181  |   -0.3397/ -0.3265/ -0.3142           -0.3142          -0.4265     0.0396  |       0.2705      0.2077
  88      0.0441        1.0000  |   -0.3358/ -0.3181/ -0.3053           -0.3053          -0.4265     0.0363  |       0.2769      0.2077
  89      0.0441        1.0000  |   -0.3377/ -0.3228/ -0.3111           -0.3111          -0.4265     0.0324  |       0.2775      0.2077
  90      0.0441        1.0000  |   -0.3352/ -0.3190/ -0.3075           -0.3075          -0.4265     0.0198  |       0.2775      0.2077
  91      0.0441        1.0000  |   -0.3341/ -0.3218/ -0.3121           -0.3121          -0.4265     0.0338  |       0.2770      0.2077
  92      0.0440        1.0000  |   -0.3467/ -0.3268/ -0.3137           -0.3137          -0.4264     0.0306  |       0.2764      0.2077
  93      0.0440        1.0000  |   -0.3413/ -0.3217/ -0.3076           -0.3076          -0.4264     0.0219  |       0.2774      0.2077
  94      0.0440        1.0000  |   -0.3382/ -0.3223/ -0.3101           -0.3101          -0.4264     0.0336  |       0.2775      0.2077
  95      0.0440        1.0000  |   -0.3370/ -0.3225/ -0.3101           -0.3101          -0.4264     0.0243  |       0.2752      0.2077
  96      0.0440        1.0000  |   -0.3370/ -0.3238/ -0.3111           -0.3111          -0.4264     0.0304  |       0.2753      0.2077
  97      0.0440        1.0000  |   -0.3356/ -0.3196/ -0.3072           -0.3072          -0.4264     0.0293  |       0.2771      0.2077
  98      0.0440        1.0000  |   -0.3382/ -0.3228/ -0.3121           -0.3121          -0.4264     0.0319  |       0.2775      0.2077
  99      0.0441        1.0000  |   -0.3381/ -0.3251/ -0.3144           -0.3144          -0.4265     0.0293  |       0.2743      0.2077
 100      0.0441        1.0000  |   -0.3347/ -0.3229/ -0.3119           -0.3119          -0.4265     0.0226  |       0.2738      0.2077
 101      0.0441        1.0000  |   -0.3380/ -0.3207/ -0.3107           -0.3107          -0.4265     0.0342  |       0.2756      0.2077
 102      0.0441        1.0000  |   -0.3410/ -0.3263/ -0.3113           -0.3113          -0.4265     0.0221  |       0.2714      0.2077
 103      0.0441        1.0000  |   -0.3368/ -0.3221/ -0.3111           -0.3111          -0.4262     0.0274  |       0.2704      0.2077
 104      0.0441        1.0000  |   -0.3333/ -0.3184/ -0.3060           -0.3060          -0.4265     0.0335  |       0.2724      0.2077
 105      0.0441        1.0000  |   -0.3389/ -0.3240/ -0.3092           -0.3092          -0.4265     0.0242  |       0.2719      0.2077
 106      0.0441        1.0000  |   -0.3437/ -0.3262/ -0.3139           -0.3139          -0.4261     0.0218  |       0.2705      0.2077
 107      0.0441        1.0000  |   -0.3357/ -0.3192/ -0.3073           -0.3073          -0.4261     0.0255  |       0.2716      0.2077
 108      0.0441        1.0000  |   -0.3371/ -0.3231/ -0.3120           -0.3120          -0.4261     0.0279  |       0.2750      0.2077
 109      0.0441        1.0000  |   -0.3455/ -0.3274/ -0.3152           -0.3152          -0.4261     0.0301  |       0.2721      0.2077
 110      0.0441        1.0000  |   -0.3374/ -0.3226/ -0.3112           -0.3112          -0.4260     0.0193  |       0.2714      0.2077
 111      0.0441        1.0000  |   -0.3360/ -0.3221/ -0.3112           -0.3112          -0.4260     0.0220  |       0.2728      0.2077
 112      0.0441        1.0000  |   -0.3402/ -0.3248/ -0.3139           -0.3139          -0.4261     0.0297  |       0.2730      0.2077
 113      0.0441        1.0000  |   -0.3372/ -0.3199/ -0.3092           -0.3092          -0.4260     0.0277  |       0.2700      0.2077
 114      0.0441        1.0000  |   -0.3379/ -0.3186/ -0.3075           -0.3075          -0.4260     0.0222  |       0.2733      0.2077
 115      0.0441        1.0000  |   -0.3401/ -0.3223/ -0.3109           -0.3109          -0.4260     0.0301  |       0.2709      0.2077
 116      0.0441        1.0000  |   -0.3337/ -0.3200/ -0.3070           -0.3070          -0.4260     0.0217  |       0.2692      0.2077
 117      0.0441        1.0000  |   -0.3411/ -0.3246/ -0.3125           -0.3125          -0.4260     0.0224  |       0.2695      0.2077
 118      0.0441        1.0000  |   -0.3330/ -0.3174/ -0.3071           -0.3071          -0.4260     0.0309  |       0.2713      0.2077
 119      0.0441        1.0000  |   -0.3305/ -0.3173/ -0.3077           -0.3077          -0.4260     0.0338  |       0.2730      0.2077
 120      0.0441        1.0000  |   -0.3460/ -0.3248/ -0.3156           -0.3156          -0.4260     0.0327  |       0.2737      0.2077
 121      0.0441        1.0000  |   -0.3366/ -0.3233/ -0.3110           -0.3110          -0.4260     0.0206  |       0.2686      0.2077
 122      0.0446        1.0000  |   -0.3474/ -0.3301/ -0.3192           -0.3192          -0.4285     0.0218  |       0.2669      0.2077
 123      0.1047        0.9595  |    0.1514/  0.2013/  0.2453            0.2453          -0.1865     0.0090  |       0.2651      0.2077
 124      0.0441        0.9589  |   -0.2516/ -0.2078/ -0.1870           -0.1870          -0.4260     0.0177  |       0.2675      0.2077
 125      0.0443        1.0000  |   -0.2169/ -0.1814/ -0.1612           -0.1612          -0.4261     0.0148  |       0.2525      0.2077
 126      0.0441        1.0000  |   -0.2178/ -0.1767/ -0.1619           -0.1619          -0.4260     0.0229  |       0.2392      0.2077
 127      0.0442        1.0000  |   -0.2025/ -0.1718/ -0.1569           -0.1569          -0.4259     0.0263  |       0.2193      0.2077
 128      0.0442        1.0000  |   -0.2041/ -0.1710/ -0.1534           -0.1534          -0.4259     0.0245  |       0.1958      0.2077
 129      0.0442        1.0000  |   -0.2021/ -0.1795/ -0.1617           -0.1617          -0.4259     0.0316  |       0.1730      0.2077
 130      0.0442        1.0000  |   -0.1979/ -0.1618/ -0.1427           -0.1427          -0.4263     0.0207  |       0.1489      0.2077
 131      0.0442        1.0000  |   -0.2035/ -0.1741/ -0.1560           -0.1560          -0.4259     0.0236  |       0.1332      0.2077
 132      0.0442        1.0000  |   -0.2002/ -0.1750/ -0.1603           -0.1603          -0.4259     0.0241  |       0.1151      0.2077
 133      0.0442        1.0000  |   -0.2063/ -0.1714/ -0.1540           -0.1540          -0.4259     0.0226  |       0.1035      0.2077
 134      0.0424        0.9995  |   -0.2110/ -0.1742/ -0.1597           -0.1597          -0.4334     0.0248  |       0.0952      0.2077
 135      0.0491        0.9988  |   -0.1717/ -0.1390/ -0.1238           -0.1238          -0.4262     0.0205  |       0.0897      0.2077
 136      0.0551        0.9988  |   -0.1450/ -0.0999/ -0.0823           -0.0823          -0.4044     0.0231  |       0.0886      0.2077
 137      0.0443        0.9957  |   -0.2267/ -0.1754/ -0.1598           -0.1598          -0.4259     0.0196  |       0.0969      0.2077
 138      0.0443        1.0000  |   -0.2066/ -0.1714/ -0.1548           -0.1548          -0.4261     0.0258  |       0.1059      0.2077
 139      0.0443        1.0000  |   -0.1943/ -0.1683/ -0.1506           -0.1506          -0.4261     0.0228  |       0.1270      0.2077
 140      0.0443        1.0000  |   -0.1913/ -0.1668/ -0.1508           -0.1508          -0.4261     0.0271  |       0.1410      0.2077
 141      0.0443        1.0000  |   -0.1954/ -0.1722/ -0.1575           -0.1575          -0.4261     0.0262  |       0.1630      0.2077
 142      0.0443        1.0000  |   -0.2020/ -0.1671/ -0.1517           -0.1517          -0.4261     0.0262  |       0.1844      0.2077
 143      0.0443        1.0000  |   -0.1957/ -0.1629/ -0.1462           -0.1462          -0.4260     0.0220  |       0.2076      0.2077
 144      0.0443        1.0000  |   -0.2138/ -0.1775/ -0.1578           -0.1578          -0.4260     0.0253  |       0.2151      0.2077
 145      0.0443        1.0000  |   -0.1986/ -0.1688/ -0.1545           -0.1545          -0.4260     0.0222  |       0.2183      0.2077
 146      0.0443        1.0000  |   -0.2046/ -0.1713/ -0.1561           -0.1561          -0.4260     0.0249  |       0.2193      0.2077
 147      0.0443        1.0000  |   -0.2124/ -0.1754/ -0.1574           -0.1574          -0.4260     0.0239  |       0.2202      0.2077
 148      0.0443        1.0000  |   -0.1941/ -0.1653/ -0.1495           -0.1495          -0.4260     0.0228  |       0.2212      0.2077
 149      0.0442        1.0000  |   -0.2036/ -0.1767/ -0.1578           -0.1578          -0.4261     0.0260  |       0.2204      0.2077
 150      0.0442        1.0000  |   -0.1970/ -0.1725/ -0.1584           -0.1584          -0.4261     0.0219  |       0.2223      0.2077
 151      0.0442        1.0000  |   -0.2186/ -0.1692/ -0.1541           -0.1541          -0.4262     0.0288  |       0.2224      0.2077
 152      0.0442        1.0000  |   -0.2023/ -0.1731/ -0.1559           -0.1559          -0.4261     0.0193  |       0.2220      0.2077
 153      0.0442        1.0000  |   -0.1977/ -0.1717/ -0.1528           -0.1528          -0.4261     0.0230  |       0.2194      0.2077
 154      0.0442        1.0000  |   -0.1950/ -0.1655/ -0.1469           -0.1469          -0.4261     0.0274  |       0.2190      0.2077
 155      0.0442        1.0000  |   -0.1943/ -0.1717/ -0.1510           -0.1510          -0.4261     0.0238  |       0.2179      0.2077
 156      0.0442        1.0000  |   -0.1965/ -0.1723/ -0.1528           -0.1528          -0.4261     0.0282  |       0.2183      0.2077
 157      0.0442        1.0000  |   -0.2045/ -0.1725/ -0.1548           -0.1548          -0.4261     0.0230  |       0.2173      0.2077
 158      0.0442        1.0000  |   -0.2025/ -0.1723/ -0.1575           -0.1575          -0.4261     0.0238  |       0.2183      0.2077
 159      0.0442        1.0000  |   -0.2080/ -0.1735/ -0.1590           -0.1589          -0.4261     0.0231  |       0.2210      0.2077
 160      0.0442        1.0000  |   -0.2024/ -0.1749/ -0.1598           -0.1598          -0.4261     0.0269  |       0.2237      0.2077
 161      0.0442        1.0000  |   -0.2034/ -0.1783/ -0.1624           -0.1624          -0.4262     0.0246  |       0.2235      0.2077
 162      0.0442        1.0000  |   -0.1982/ -0.1732/ -0.1575           -0.1575          -0.4262     0.0207  |       0.2252      0.2077
 163      0.0442        1.0000  |   -0.2111/ -0.1839/ -0.1675           -0.1675          -0.4262     0.0297  |       0.2239      0.2077
 164      0.0442        1.0000  |   -0.2049/ -0.1771/ -0.1600           -0.1600          -0.4262     0.0227  |       0.2243      0.2077
 165      0.0442        1.0000  |   -0.2082/ -0.1773/ -0.1647           -0.1647          -0.4262     0.0197  |       0.2254      0.2077
 166      0.0441        1.0000  |   -0.1928/ -0.1659/ -0.1498           -0.1498          -0.4272     0.0196  |       0.2246      0.2077
 167      0.0442        1.0000  |   -0.2067/ -0.1773/ -0.1598           -0.1598          -0.4261     0.0278  |       0.2254      0.2077
 168      0.0442        1.0000  |   -0.2054/ -0.1718/ -0.1551           -0.1551          -0.4261     0.0268  |       0.2255      0.2077
 169      0.0441        1.0000  |   -0.2101/ -0.1759/ -0.1590           -0.1590          -0.4272     0.0244  |       0.2256      0.2077
 170      0.0441        1.0000  |   -0.1965/ -0.1720/ -0.1582           -0.1582          -0.4272     0.0217  |       0.2256      0.2077
 171      0.0443        1.0000  |   -0.1909/ -0.1685/ -0.1524           -0.1524          -0.4267     0.0236  |       0.2256      0.2077
 172      0.0441        1.0000  |   -0.2004/ -0.1764/ -0.1587           -0.1587          -0.4272     0.0260  |       0.2256      0.2077
 173      0.0441        1.0000  |   -0.2042/ -0.1648/ -0.1478           -0.1478          -0.4272     0.0217  |       0.2256      0.2077
 174      0.0441        1.0000  |   -0.2172/ -0.1741/ -0.1575           -0.1575          -0.4272     0.0232  |       0.2256      0.2077
 175      0.0441        1.0000  |   -0.1927/ -0.1637/ -0.1464           -0.1464          -0.4272     0.0199  |       0.2254      0.2077
 176      0.0442        1.0000  |   -0.2102/ -0.1717/ -0.1517           -0.1517          -0.4276     0.0223  |       0.2255      0.2077
 177      0.0441        1.0000  |   -0.1980/ -0.1658/ -0.1506           -0.1506          -0.4272     0.0248  |       0.2256      0.2077
 178      0.0441        1.0000  |   -0.2176/ -0.1733/ -0.1547           -0.1547          -0.4272     0.0240  |       0.2256      0.2077
 179      0.0443        1.0000  |   -0.2035/ -0.1676/ -0.1521           -0.1521          -0.4267     0.0247  |       0.2256      0.2077
 180      0.0443        1.0000  |   -0.1979/ -0.1688/ -0.1535           -0.1535          -0.4267     0.0253  |       0.2235      0.2077
 181      0.0443        1.0000  |   -0.2059/ -0.1757/ -0.1603           -0.1603          -0.4268     0.0198  |       0.2240      0.2077
 182      0.0441        1.0000  |   -0.2074/ -0.1800/ -0.1638           -0.1638          -0.4273     0.0227  |       0.2226      0.2077
 183      0.0443        1.0000  |   -0.2155/ -0.1771/ -0.1635           -0.1635          -0.4268     0.0306  |       0.2231      0.2077
 184      0.0443        1.0000  |   -0.2066/ -0.1846/ -0.1713           -0.1713          -0.4267     0.0199  |       0.2244      0.2077
 185      0.0443        1.0000  |   -0.1995/ -0.1701/ -0.1531           -0.1531          -0.4267     0.0235  |       0.2254      0.2077
 186      0.0443        1.0000  |   -0.2036/ -0.1696/ -0.1508           -0.1508          -0.4267     0.0234  |       0.2256      0.2077
 187      0.0443        1.0000  |   -0.2010/ -0.1662/ -0.1480           -0.1480          -0.4267     0.0234  |       0.2256      0.2077
 188      0.0443        1.0000  |   -0.2022/ -0.1711/ -0.1534           -0.1534          -0.4267     0.0244  |       0.2253      0.2077
 189      0.0443        1.0000  |   -0.1938/ -0.1620/ -0.1400           -0.1400          -0.4267     0.0188  |       0.2256      0.2077
 190      0.0444        1.0000  |   -0.2271/ -0.1794/ -0.1602           -0.1602          -0.4271     0.0274  |       0.2252      0.2077
 191      0.0444        1.0000  |   -0.2151/ -0.1742/ -0.1585           -0.1585          -0.4271     0.0247  |       0.2256      0.2077
 192      0.0444        1.0000  |   -0.2087/ -0.1741/ -0.1588           -0.1588          -0.4271     0.0259  |       0.2253      0.2077
 193      0.0443        1.0000  |   -0.2065/ -0.1774/ -0.1591           -0.1591          -0.4275     0.0240  |       0.2256      0.2077
 194      0.0444        1.0000  |   -0.2057/ -0.1681/ -0.1528           -0.1528          -0.4271     0.0249  |       0.2256      0.2077
 195      0.0444        1.0000  |   -0.2094/ -0.1763/ -0.1618           -0.1618          -0.4271     0.0226  |       0.2255      0.2077
 196      0.0444        1.0000  |   -0.2081/ -0.1718/ -0.1564           -0.1564          -0.4271     0.0292  |       0.2243      0.2077
 197      0.0443        1.0000  |   -0.2052/ -0.1773/ -0.1622           -0.1622          -0.4275     0.0246  |       0.2245      0.2077
 198      0.0443        1.0000  |   -0.1970/ -0.1688/ -0.1528           -0.1528          -0.4275     0.0207  |       0.2255      0.2077
 199      0.0443        1.0000  |   -0.2023/ -0.1746/ -0.1583           -0.1583          -0.4275     0.0233  |       0.2256      0.2077
 200      0.0443        1.0000  |   -0.2083/ -0.1780/ -0.1612           -0.1612          -0.4275     0.0228  |       0.2256      0.2077
 201      0.0443        1.0000  |   -0.1853/ -0.1611/ -0.1440           -0.1440          -0.4275     0.0270  |       0.2257      0.2077
 202      0.0443        1.0000  |   -0.2198/ -0.1706/ -0.1531           -0.1531          -0.4275     0.0251  |       0.2229      0.2077
 203      0.0443        1.0000  |   -0.2040/ -0.1744/ -0.1559           -0.1559          -0.4275     0.0246  |       0.2239      0.2077
 204      0.0443        1.0000  |   -0.2044/ -0.1712/ -0.1529           -0.1529          -0.4275     0.0221  |       0.2240      0.2077
 205      0.0443        1.0000  |   -0.1934/ -0.1713/ -0.1521           -0.1521          -0.4275     0.0180  |       0.2224      0.2077
 206      0.0443        1.0000  |   -0.2050/ -0.1689/ -0.1489           -0.1489          -0.4274     0.0301  |       0.2245      0.2077
 207      0.0443        1.0000  |   -0.2096/ -0.1877/ -0.1717           -0.1717          -0.4274     0.0202  |       0.2233      0.2077
 208      0.0443        1.0000  |   -0.2093/ -0.1725/ -0.1588           -0.1588          -0.4274     0.0215  |       0.2241      0.2077
 209      0.0443        1.0000  |   -0.2207/ -0.1774/ -0.1603           -0.1603          -0.4274     0.0283  |       0.2233      0.2077
 210      0.0443        1.0000  |   -0.2194/ -0.1837/ -0.1668           -0.1668          -0.4274     0.0274  |       0.2231      0.2077
 211      0.0443        1.0000  |   -0.2054/ -0.1692/ -0.1488           -0.1488          -0.4274     0.0199  |       0.2231      0.2077
 212      0.0443        1.0000  |   -0.2133/ -0.1752/ -0.1598           -0.1598          -0.4274     0.0227  |       0.2252      0.2077
 213      0.0443        1.0000  |   -0.2004/ -0.1741/ -0.1551           -0.1551          -0.4274     0.0283  |       0.2256      0.2077
 214      0.0443        1.0000  |   -0.2057/ -0.1727/ -0.1559           -0.1559          -0.4274     0.0238  |       0.2248      0.2077
 215      0.0443        1.0000  |   -0.2109/ -0.1725/ -0.1556           -0.1556          -0.4274     0.0216  |       0.2255      0.2077
 216      0.0443        1.0000  |   -0.1981/ -0.1713/ -0.1533           -0.1533          -0.4274     0.0282  |       0.2246      0.2077
 217      0.0443        1.0000  |   -0.1990/ -0.1669/ -0.1492           -0.1492          -0.4274     0.0217  |       0.2241      0.2077
 218      0.0443        1.0000  |   -0.2090/ -0.1759/ -0.1564           -0.1564          -0.4274     0.0236  |       0.2246      0.2077
 219      0.0443        1.0000  |   -0.2040/ -0.1746/ -0.1569           -0.1569          -0.4277     0.0221  |       0.2255      0.2077
 220      0.0443        1.0000  |   -0.1921/ -0.1657/ -0.1501           -0.1501          -0.4274     0.0253  |       0.2242      0.2077
 221      0.0443        1.0000  |   -0.2000/ -0.1690/ -0.1518           -0.1518          -0.4274     0.0222  |       0.2255      0.2077
 222      0.0443        1.0000  |   -0.2017/ -0.1757/ -0.1606           -0.1606          -0.4274     0.0260  |       0.2256      0.2077
 223      0.0443        1.0000  |   -0.2089/ -0.1778/ -0.1636           -0.1636          -0.4274     0.0312  |       0.2257      0.2077
 224      0.0443        1.0000  |   -0.2085/ -0.1717/ -0.1545           -0.1545          -0.4274     0.0276  |       0.2257      0.2077
 225      0.0443        1.0000  |   -0.2163/ -0.1768/ -0.1571           -0.1571          -0.4277     0.0203  |       0.2236      0.2077
 226      0.0443        1.0000  |   -0.2030/ -0.1716/ -0.1541           -0.1541          -0.4274     0.0216  |       0.2234      0.2077
 227      0.0443        1.0000  |   -0.2166/ -0.1718/ -0.1504           -0.1504          -0.4274     0.0256  |       0.2253      0.2077
 228      0.0443        1.0000  |   -0.2206/ -0.1743/ -0.1561           -0.1561          -0.4277     0.0291  |       0.2249      0.2077
 229      0.0443        1.0000  |   -0.2106/ -0.1819/ -0.1670           -0.1670          -0.4277     0.0281  |       0.2256      0.2077
 230      0.0443        1.0000  |   -0.2032/ -0.1768/ -0.1586           -0.1586          -0.4277     0.0225  |       0.2257      0.2077
 231      0.0443        1.0000  |   -0.2072/ -0.1846/ -0.1697           -0.1697          -0.4277     0.0231  |       0.2257      0.2077
 232      0.0442        1.0000  |   -0.2046/ -0.1738/ -0.1572           -0.1572          -0.4280     0.0282  |       0.2257      0.2077
 233      0.0442        1.0000  |   -0.2060/ -0.1744/ -0.1566           -0.1566          -0.4280     0.0241  |       0.2257      0.2077
 234      0.0442        1.0000  |   -0.1896/ -0.1648/ -0.1459           -0.1459          -0.4280     0.0218  |       0.2257      0.2077
 235      0.0442        1.0000  |   -0.1882/ -0.1601/ -0.1412           -0.1412          -0.4280     0.0265  |       0.2257      0.2077
 236      0.0442        1.0000  |   -0.1971/ -0.1703/ -0.1513           -0.1513          -0.4280     0.0246  |       0.2256      0.2077
 237      0.0442        1.0000  |   -0.2073/ -0.1791/ -0.1617           -0.1617          -0.4280     0.0249  |       0.2244      0.2077
 238      0.0442        1.0000  |   -0.2149/ -0.1770/ -0.1620           -0.1620          -0.4280     0.0252  |       0.2255      0.2077
 239      0.0442        1.0000  |   -0.2127/ -0.1825/ -0.1677           -0.1677          -0.4280     0.0210  |       0.2257      0.2077
 240      0.0442        1.0000  |   -0.2377/ -0.1786/ -0.1599           -0.1599          -0.4280     0.0274  |       0.2254      0.2077
 241      0.0442        1.0000  |   -0.2181/ -0.1813/ -0.1642           -0.1642          -0.4280     0.0298  |       0.2257      0.2077
 242      0.0442        1.0000  |   -0.2162/ -0.1773/ -0.1611           -0.1611          -0.4280     0.0265  |       0.2247      0.2077
 243      0.0442        1.0000  |   -0.2224/ -0.1828/ -0.1643           -0.1643          -0.4280     0.0296  |       0.2256      0.2077
 244      0.0406        0.9996  |   -0.2259/ -0.1856/ -0.1653           -0.1653          -0.4316     0.0177  |       0.2257      0.2077
 245      0.0442        0.9996  |   -0.2031/ -0.1731/ -0.1571           -0.1571          -0.4280     0.0271  |       0.2257      0.2077
 246      0.0442        1.0000  |   -0.2103/ -0.1793/ -0.1621           -0.1621          -0.4280     0.0279  |       0.2257      0.2077
 247      0.0442        1.0000  |   -0.2004/ -0.1731/ -0.1547           -0.1547          -0.4280     0.0224  |       0.2228      0.2077
 248      0.0442        1.0000  |   -0.2061/ -0.1751/ -0.1548           -0.1548          -0.4280     0.0258  |       0.2253      0.2077
 249      0.0442        1.0000  |   -0.1963/ -0.1608/ -0.1438           -0.1438          -0.4280     0.0230  |       0.2257      0.2077
 250      0.0442        1.0000  |   -0.2111/ -0.1706/ -0.1491           -0.1491          -0.4280     0.0219  |       0.2230      0.2077
 251      0.0442        1.0000  |   -0.2100/ -0.1701/ -0.1537           -0.1537          -0.4280     0.0251  |       0.2227      0.2077
 252      0.0442        1.0000  |   -0.1985/ -0.1720/ -0.1552           -0.1552          -0.4281     0.0245  |       0.2243      0.2077
 253      0.0405        0.9996  |   -0.2128/ -0.1812/ -0.1639           -0.1639          -0.4316     0.0317  |       0.2255      0.2077
 254      0.0405        1.0000  |   -0.2177/ -0.1869/ -0.1702           -0.1702          -0.4316     0.0246  |       0.2226      0.2077
 255      0.0442        0.9996  |   -0.2092/ -0.1739/ -0.1582           -0.1582          -0.4280     0.0233  |       0.2229      0.2077
 256      0.0406        0.9996  |   -0.2108/ -0.1903/ -0.1767           -0.1767          -0.4316     0.0270  |       0.2246      0.2077
 257      0.0442        0.9996  |   -0.2120/ -0.1777/ -0.1648           -0.1648          -0.4280     0.0275  |       0.2243      0.2077
 258      0.0442        1.0000  |   -0.1947/ -0.1683/ -0.1483           -0.1483          -0.4280     0.0245  |       0.2255      0.2077
 259      0.0406        0.9996  |   -0.2177/ -0.1860/ -0.1666           -0.1666          -0.4316     0.0275  |       0.2257      0.2077
 260      0.0406        1.0000  |   -0.2211/ -0.1804/ -0.1593           -0.1593          -0.4316     0.0261  |       0.2241      0.2077
 261      0.0406        1.0000  |   -0.2049/ -0.1786/ -0.1625           -0.1625          -0.4316     0.0221  |       0.2244      0.2077
 262      0.0406        1.0000  |   -0.2082/ -0.1839/ -0.1602           -0.1602          -0.4316     0.0234  |       0.2252      0.2077
 263      0.0406        1.0000  |   -0.2060/ -0.1791/ -0.1643           -0.1643          -0.4316     0.0294  |       0.2240      0.2077
 264      0.0406        1.0000  |   -0.2183/ -0.1880/ -0.1702           -0.1702          -0.4316     0.0193  |       0.2238      0.2077
 265      0.0406        1.0000  |   -0.2127/ -0.1841/ -0.1698           -0.1698          -0.4316     0.0269  |       0.2254      0.2077
 266      0.0406        1.0000  |   -0.2138/ -0.1937/ -0.1761           -0.1761          -0.4316     0.0299  |       0.2252      0.2077
 267      0.0406        1.0000  |   -0.2237/ -0.1900/ -0.1732           -0.1732          -0.4316     0.0219  |       0.2257      0.2077
 268      0.0406        1.0000  |   -0.2214/ -0.1901/ -0.1753           -0.1753          -0.4316     0.0262  |       0.2256      0.2077
 269      0.0406        1.0000  |   -0.2086/ -0.1687/ -0.1526           -0.1526          -0.4316     0.0233  |       0.2257      0.2077
 270      0.0406        1.0000  |   -0.2163/ -0.1856/ -0.1698           -0.1698          -0.4316     0.0227  |       0.2253      0.2077
 271      0.0406        1.0000  |   -0.2159/ -0.1915/ -0.1761           -0.1761          -0.4316     0.0231  |       0.2257      0.2077
 272      0.0406        1.0000  |   -0.2215/ -0.1965/ -0.1823           -0.1823          -0.4316     0.0329  |       0.2257      0.2077
 273      0.0405        1.0000  |   -0.2294/ -0.1940/ -0.1783           -0.1783          -0.4316     0.0267  |       0.2257      0.2077
 274      0.0405        1.0000  |   -0.2121/ -0.1822/ -0.1638           -0.1638          -0.4316     0.0157  |       0.2258      0.2077
 275      0.0405        1.0000  |   -0.2158/ -0.1851/ -0.1661           -0.1661          -0.4316     0.0289  |       0.2258      0.2077
 276      0.0405        1.0000  |   -0.2125/ -0.1824/ -0.1633           -0.1633          -0.4316     0.0229  |       0.2258      0.2077
 277      0.0405        1.0000  |   -0.2078/ -0.1760/ -0.1570           -0.1570          -0.4316     0.0286  |       0.2231      0.2077
 278      0.0407        1.0000  |   -0.2172/ -0.1901/ -0.1731           -0.1731          -0.4311     0.0312  |       0.2226      0.2077
 279      0.0406        1.0000  |   -0.2099/ -0.1811/ -0.1611           -0.1611          -0.4316     0.0217  |       0.2253      0.2077
 280      0.0406        1.0000  |   -0.2188/ -0.1850/ -0.1666           -0.1666          -0.4316     0.0262  |       0.2231      0.2077
 281      0.0406        1.0000  |   -0.2199/ -0.1849/ -0.1667           -0.1667          -0.4316     0.0245  |       0.2227      0.2077
 282      0.0406        1.0000  |   -0.2203/ -0.2034/ -0.1880           -0.1880          -0.4316     0.0255  |       0.2245      0.2077
 283      0.0406        1.0000  |   -0.2252/ -0.1947/ -0.1784           -0.1784          -0.4316     0.0288  |       0.2256      0.2077
 284      0.0407        1.0000  |   -0.2200/ -0.1890/ -0.1741           -0.1741          -0.4312     0.0233  |       0.2256      0.2077
 285      0.0406        1.0000  |   -0.2269/ -0.1858/ -0.1685           -0.1685          -0.4316     0.0212  |       0.2257      0.2077
 286      0.0406        1.0000  |   -0.2113/ -0.1736/ -0.1569           -0.1569          -0.4316     0.0228  |       0.2240      0.2077
 287      0.0406        1.0000  |   -0.2173/ -0.1860/ -0.1646           -0.1646          -0.4316     0.0240  |       0.2241      0.2077
 288      0.0406        1.0000  |   -0.2197/ -0.1861/ -0.1677           -0.1677          -0.4316     0.0276  |       0.2229      0.2077
 289      0.0406        1.0000  |   -0.2007/ -0.1733/ -0.1556           -0.1556          -0.4316     0.0232  |       0.2231      0.2077
 290      0.0406        1.0000  |   -0.2086/ -0.1774/ -0.1574           -0.1574          -0.4316     0.0213  |       0.2218      0.2077
 291      0.0406        1.0000  |   -0.2311/ -0.1905/ -0.1742           -0.1742          -0.4316     0.0265  |       0.2197      0.2077
 292      0.0404        1.0000  |   -0.2142/ -0.1813/ -0.1604           -0.1604          -0.4316     0.0226  |       0.2227      0.2077
 293      0.0407        1.0000  |   -0.2140/ -0.1829/ -0.1642           -0.1642          -0.4311     0.0264  |       0.2234      0.2077
 294      0.0408        1.0000  |   -0.2207/ -0.1860/ -0.1693           -0.1693          -0.4308     0.0202  |       0.2224      0.2077
 295      0.0408        1.0000  |   -0.2182/ -0.1800/ -0.1655           -0.1655          -0.4308     0.0250  |       0.2232      0.2077
 296      0.0406        1.0000  |   -0.2203/ -0.1888/ -0.1736           -0.1736          -0.4308     0.0257  |       0.2235      0.2077
 297      0.0406        1.0000  |   -0.2112/ -0.1801/ -0.1633           -0.1633          -0.4308     0.0270  |       0.2229      0.2077
 298      0.0405        1.0000  |   -0.2190/ -0.1865/ -0.1690           -0.1690          -0.4313     0.0226  |       0.2222      0.2077
 299      0.0406        1.0000  |   -0.1968/ -0.1718/ -0.1552           -0.1552          -0.4308     0.0284  |       0.2224      0.2077
IMAGEIO FFMPEG_WRITER WARNING: input image is not divisible by macro_block_size=16, resizing from (320, 180) to (320, 192) to ensure video compatibility with most codecs and players. To prevent resizing, make your input image divisible by the macro_block_size or set the macro_block_size to 1 (risking incompatibility).

Saved 300 frames -> /home/ashwink/Documents/swms/SWM_copy/rollouts_5_per/expert-only/epoch5/epoch5_rollout3_failure.mp4
min dist(green_cube,blue_moon) over episode = 0.1976  ->  FAILURE
Full log written to /home/ashwink/Documents/swms/SWM_copy/rollouts_5_per/expert-only/epoch5/epoch5_rollout3_20260723_123741.log
Result json -> /home/ashwink/Documents/swms/SWM_copy/rollouts_5_per/expert-only/epoch5/epoch5_rollout3_result.json
