Checkpoint dir epoch: 5  Rollout: 1
Logging to /home/ashwink/Documents/swms/SWM_copy/rollouts_5_per/expert-only/epoch5/epoch5_rollout1_20260723_123431.log
Goal (fixed, steps 0-299): the green cube is touching the blue moon. the peg is touching the green cube.

Checkpoint: /home/ashwink/Documents/swms/SWM_copy/training/checkpoints_clip_full_finetuned_wider_hl/epoch_005.pt
  epoch=5  step=5148

Loading CLIP ViT-L/14 (datacomp_xl_s13b_b90k) + fine-tuned clip_state_dict ...
Parsing model identifier. Schema: None, Identifier: ViT-L-14
Loaded built-in ViT-L-14 model config.
Instantiating model architecture: CLIP
Loading full pretrained weights from: /home/ashwink/.cache/huggingface/hub/models--laion--CLIP-ViT-L-14-DataComp.XL-s13B-b90K/snapshots/84c9828e63dc9a9351d1fe637c346d4c1c4db341/open_clip_pytorch_model.bin
Final image preprocessing configuration set: {'size': (224, 224), 'mode': 'RGB', 'mean': (0.48145466, 0.4578275, 0.40821073), 'std': (0.26862954, 0.26130258, 0.27577711), 'interpolation': 'bicubic', 'resize_mode': 'shortest', 'fill_color': 0}
Model ViT-L-14 creation process complete.
Parsing tokenizer identifier. Schema: None, Identifier: ViT-L-14
Attempting to load config from built-in: ViT-L-14
Using default SimpleTokenizer.
z_star shape: torch.Size([768])

Loading action stats from /home/ashwink/full_data_5000/langtable/demos/ ...
  lo=[-0.03372681140899658, -0.03493623435497284]  hi=[0.03496786952018738, 0.03494429588317871]

Initializing LangTable env ...
Loading URDF plane.urdf
Loading URDF /home/ashwink/Documents/swms/.venv/lib/python3.10/site-packages/language_table/environments/utils/../../../language_table/environments/assets/workspace_real.urdf
Loading URDF xarm/xarm6_robot_white.urdf
Loading URDF /home/ashwink/Documents/swms/.venv/lib/python3.10/site-packages/language_table/environments/utils/../../../language_table/environments/assets/suction/cylinder_real.urdf
Loading URDF /home/ashwink/Documents/swms/.venv/lib/python3.10/site-packages/language_table/environments/utils/../../../language_table/environments/assets/blocks/red_moon.urdf
Loading URDF /home/ashwink/Documents/swms/.venv/lib/python3.10/site-packages/language_table/environments/utils/../../../language_table/environments/assets/blocks/red_cube.urdf
Loading URDF /home/ashwink/Documents/swms/.venv/lib/python3.10/site-packages/language_table/environments/utils/../../../language_table/environments/assets/blocks/red_star.urdf
Loading URDF /home/ashwink/Documents/swms/.venv/lib/python3.10/site-packages/language_table/environments/utils/../../../language_table/environments/assets/blocks/red_pentagon.urdf
Loading URDF /home/ashwink/Documents/swms/.venv/lib/python3.10/site-packages/language_table/environments/utils/../../../language_table/environments/assets/blocks/blue_moon.urdf
Loading URDF /home/ashwink/Documents/swms/.venv/lib/python3.10/site-packages/language_table/environments/utils/../../../language_table/environments/assets/blocks/blue_cube.urdf
Loading URDF /home/ashwink/Documents/swms/.venv/lib/python3.10/site-packages/language_table/environments/utils/../../../language_table/environments/assets/blocks/blue_star.urdf
Loading URDF /home/ashwink/Documents/swms/.venv/lib/python3.10/site-packages/language_table/environments/utils/../../../language_table/environments/assets/blocks/blue_pentagon.urdf
Loading URDF /home/ashwink/Documents/swms/.venv/lib/python3.10/site-packages/language_table/environments/utils/../../../language_table/environments/assets/blocks/yellow_moon.urdf
Loading URDF /home/ashwink/Documents/swms/.venv/lib/python3.10/site-packages/language_table/environments/utils/../../../language_table/environments/assets/blocks/yellow_cube.urdf
Loading URDF /home/ashwink/Documents/swms/.venv/lib/python3.10/site-packages/language_table/environments/utils/../../../language_table/environments/assets/blocks/yellow_star.urdf
Loading URDF /home/ashwink/Documents/swms/.venv/lib/python3.10/site-packages/language_table/environments/utils/../../../language_table/environments/assets/blocks/yellow_pentagon.urdf
Loading URDF /home/ashwink/Documents/swms/.venv/lib/python3.10/site-packages/language_table/environments/utils/../../../language_table/environments/assets/blocks/green_moon.urdf
Loading URDF /home/ashwink/Documents/swms/.venv/lib/python3.10/site-packages/language_table/environments/utils/../../../language_table/environments/assets/blocks/green_cube.urdf
Loading URDF /home/ashwink/Documents/swms/.venv/lib/python3.10/site-packages/language_table/environments/utils/../../../language_table/environments/assets/blocks/green_star.urdf
Loading URDF /home/ashwink/Documents/swms/.venv/lib/python3.10/site-packages/language_table/environments/utils/../../../language_table/environments/assets/blocks/green_pentagon.urdf
Loading URDF /home/ashwink/Documents/swms/.venv/lib/python3.10/site-packages/language_table/environments/utils/../../../language_table/environments/assets/blocks/purple_moon.urdf
Loading URDF /home/ashwink/Documents/swms/.venv/lib/python3.10/site-packages/language_table/environments/utils/../../../language_table/environments/assets/blocks/purple_cube.urdf
Loading URDF /home/ashwink/Documents/swms/.venv/lib/python3.10/site-packages/language_table/environments/utils/../../../language_table/environments/assets/blocks/purple_star.urdf
Loading URDF /home/ashwink/Documents/swms/.venv/lib/python3.10/site-packages/language_table/environments/utils/../../../language_table/environments/assets/blocks/purple_pentagon.urdf
Env ready.

Forced peg start: [0.42843915 0.24419614]  (green_cube=[0.40339102 0.18967466], blue_moon=[0.32039625 0.00902261])
  dist(peg,green_cube)=0.0600  dist(peg,blue_moon)=0.2588  dist(green_cube,blue_moon)=0.1988

step  cos(zt,z*)  cos(zt,zt-1)  |   cos(predK,z*) min/mean/max  cos(pred_sel,z*)   cos(zpred0,z*)  ||a_raw||  |  dist(peg,A)   dist(A,B)
-------------------------------------------------------------------------------------------------------------------------------------------------------------------------------
   0      0.1127           nan  |    0.6356/  0.7354/  0.7526            0.7526           0.5975     0.0035  |       0.0587      0.1988
   1      0.1147        0.9962  |    0.6724/  0.6976/  0.7063            0.7063           0.5952     0.0074  |       0.0619      0.1988
   2      0.1149        0.9940  |    0.6818/  0.7057/  0.7146            0.7146           0.5946     0.0074  |       0.0614      0.1988
   3      0.1147        0.9934  |    0.6429/  0.7222/  0.7329            0.7329           0.5995     0.0017  |       0.0581      0.1988
   4      0.1155        0.9976  |    0.6834/  0.7202/  0.7291            0.7291           0.5974     0.0255  |       0.0564      0.1988
   5      0.1080        0.9730  |    0.6283/  0.7061/  0.7194            0.7194           0.5936     0.0069  |       0.0619      0.1988
   6      0.1127        0.9873  |    0.6868/  0.7463/  0.7575            0.7575           0.6161     0.0044  |       0.0594      0.1988
   7      0.1139        0.9895  |    0.6966/  0.7397/  0.7522            0.7522           0.6149     0.0066  |       0.0586      0.1988
   8      0.1219        0.9575  |    0.6480/  0.7261/  0.7371            0.7371           0.6113     0.0027  |       0.0579      0.1988
   9      0.1296        0.9621  |    0.6667/  0.7280/  0.7370            0.7370           0.5998     0.0089  |       0.0578      0.1988
  10      0.1278        0.9718  |    0.6857/  0.6997/  0.7087            0.7087           0.5826     0.0047  |       0.0628      0.1988
  11      0.1234        0.9666  |    0.6159/  0.6290/  0.6391            0.6391           0.5028     0.0051  |       0.0649      0.1988
  12      0.1269        0.9770  |    0.6181/  0.6323/  0.6441            0.6441           0.4764     0.0099  |       0.0636      0.1988
  13      0.0999        0.9222  |    0.5091/  0.5293/  0.5472            0.5472           0.3140     0.0145  |       0.0595      0.1988
  14      0.0428        0.8912  |    0.1712/  0.1945/  0.2130            0.2130          -0.0027     0.0082  |       0.0623      0.1988
  15      0.0761        0.9230  |    0.4565/  0.4807/  0.4922            0.4922           0.3603     0.0066  |       0.0592      0.1988
  16      0.1013        0.8601  |    0.4527/  0.4719/  0.4834            0.4834           0.2986     0.0173  |       0.0591      0.1988
  17      0.0320        0.8542  |   -0.1326/ -0.1084/ -0.0943           -0.0943          -0.3145     0.0181  |       0.0702      0.1988
  18     -0.0462        0.8147  |   -0.0482/ -0.0190/  0.0054            0.0054          -0.3400     0.0314  |       0.0749      0.1988
  19     -0.0138        0.8718  |    0.1555/  0.1939/  0.2181            0.2181          -0.3194     0.0305  |       0.0781      0.1988
  20     -0.0163        0.8995  |   -0.2027/ -0.1541/ -0.1357           -0.1357          -0.3829     0.0120  |       0.1033      0.1988
  21     -0.0160        0.9647  |   -0.1012/ -0.0661/ -0.0329           -0.0329          -0.4100     0.0330  |       0.1068      0.1988
  22     -0.0465        0.8435  |   -0.1760/ -0.1416/ -0.1316           -0.1316          -0.3539     0.0330  |       0.1323      0.1988
  23     -0.0285        0.7568  |   -0.4747/ -0.4507/ -0.4175           -0.4175          -0.5488     0.0188  |       0.1637      0.1988
  24     -0.0259        0.8256  |   -0.1880/ -0.1121/ -0.0826           -0.0826          -0.4936     0.0081  |       0.1498      0.1988
  25      0.0186        0.9203  |   -0.2894/ -0.2695/ -0.2569           -0.2569          -0.4955     0.0172  |       0.1556      0.1988
  26     -0.0358        0.8411  |   -0.2840/ -0.2478/ -0.2280           -0.2280          -0.5331     0.0182  |       0.1704      0.1988
  27     -0.0006        0.8413  |   -0.3514/ -0.3056/ -0.2912           -0.2912          -0.5292     0.0135  |       0.1664      0.1988
  28     -0.0040        0.9135  |   -0.2767/ -0.2192/ -0.2028           -0.2028          -0.4986     0.0231  |       0.1732      0.1988
  29     -0.0296        0.8168  |   -0.2552/ -0.2023/ -0.1856           -0.1856          -0.5125     0.0119  |       0.1676      0.1988
  30     -0.0154        0.9474  |   -0.1793/ -0.1492/ -0.1351           -0.1351          -0.4602     0.0134  |       0.1752      0.1988
  31     -0.0211        0.8762  |   -0.3854/ -0.3134/ -0.2919           -0.2919          -0.5696     0.0126  |       0.1780      0.1988
  32     -0.0271        0.8830  |   -0.4245/ -0.4000/ -0.3826           -0.3826          -0.5624     0.0125  |       0.1822      0.1988
  33     -0.0073        0.8180  |   -0.3324/ -0.2811/ -0.2544           -0.2544          -0.5032     0.0231  |       0.1940      0.1988
  34     -0.0245        0.7371  |   -0.4068/ -0.3875/ -0.3734           -0.3734          -0.5181     0.0265  |       0.2062      0.1988
  35     -0.0180        0.7118  |   -0.4099/ -0.3936/ -0.3791           -0.3791          -0.5014     0.0347  |       0.2096      0.1988
  36      0.0062        0.7427  |   -0.1733/ -0.1276/ -0.0996           -0.0996          -0.4125     0.0295  |       0.2165      0.1988
  37     -0.0216        0.6600  |   -0.3144/ -0.2709/ -0.2608           -0.2608          -0.3783     0.0155  |       0.2241      0.1988
  38     -0.0269        0.7800  |   -0.3781/ -0.2902/ -0.2767           -0.2767          -0.4195     0.0204  |       0.2340      0.1988
  39     -0.0090        0.8125  |   -0.4431/ -0.4225/ -0.4111           -0.4111          -0.4851     0.0196  |       0.2442      0.1988
  40     -0.0287        0.8950  |   -0.3704/ -0.3381/ -0.3163           -0.3163          -0.4718     0.0254  |       0.2479      0.1988
  41     -0.0245        0.9212  |   -0.2285/ -0.1947/ -0.1535           -0.1535          -0.5026     0.0443  |       0.2459      0.1988
  42      0.0047        0.6774  |   -0.0921/ -0.0659/ -0.0387           -0.0387          -0.4447     0.0469  |       0.2305      0.1988
  43     -0.0086        0.5268  |   -0.1051/ -0.0880/ -0.0729           -0.0729          -0.4780     0.0370  |       0.2150      0.1988
  44     -0.0029        0.9027  |   -0.0769/ -0.0630/ -0.0497           -0.0497          -0.4853     0.0463  |       0.2199      0.1988
  45      0.0243        0.6336  |   -0.0766/ -0.0436/ -0.0215           -0.0215          -0.4566     0.0485  |       0.2357      0.1988
  46      0.0661        0.5813  |    0.0226/  0.0428/  0.0600            0.0600          -0.4415     0.0478  |       0.2565      0.1988
  47      0.0676        0.8320  |    0.0726/  0.1012/  0.1223            0.1223          -0.4202     0.0488  |       0.2799      0.1988
  48      0.0520        0.8850  |    0.0363/  0.0597/  0.0874            0.0874          -0.4472     0.0483  |       0.3057      0.1988
  49      0.0438        0.7537  |   -0.1107/ -0.0694/ -0.0250           -0.0250          -0.4784     0.0488  |       0.3327      0.1988
  50      0.0503        0.7514  |   -0.1291/ -0.0985/ -0.0798           -0.0798          -0.4112     0.0482  |       0.3612      0.1988
  51      0.0259        0.8392  |   -0.2262/ -0.1957/ -0.1718           -0.1718          -0.4494     0.0460  |       0.3894      0.1988
  52      0.0796        0.7836  |   -0.2536/ -0.2400/ -0.2261           -0.2261          -0.2818     0.0430  |       0.4186      0.1988
  53      0.0200        0.7837  |   -0.2432/ -0.2037/ -0.1685           -0.1685          -0.4165     0.0458  |       0.3828      0.1988
  54      0.0497        0.8560  |   -0.1575/ -0.1177/ -0.0849           -0.0849          -0.4091     0.0473  |       0.3653      0.1988
  55     -0.0015        0.7979  |   -0.0710/ -0.0505/ -0.0355           -0.0355          -0.4295     0.0467  |       0.3222      0.1988
  56      0.0257        0.6026  |   -0.0543/ -0.0372/ -0.0254           -0.0254          -0.4660     0.0466  |       0.2772      0.1988
  57      0.0293        0.7233  |   -0.0942/ -0.0671/ -0.0500           -0.0500          -0.4327     0.0475  |       0.2329      0.1988
  58      0.0167        0.4798  |   -0.2889/ -0.2757/ -0.2637           -0.2637          -0.4814     0.0452  |       0.1890      0.1988
  59      0.0013        0.6509  |   -0.3160/ -0.2760/ -0.2489           -0.2489          -0.4617     0.0465  |       0.2066      0.1988
  60     -0.0041        0.6257  |   -0.1806/ -0.1635/ -0.1482           -0.1482          -0.4656     0.0467  |       0.1754      0.1988
  61     -0.0202        0.6340  |   -0.1980/ -0.1700/ -0.1499           -0.1499          -0.4017     0.0464  |       0.1454      0.1988
  62     -0.0304        0.8068  |   -0.1511/ -0.1346/ -0.1234           -0.1234          -0.4089     0.0459  |       0.1262      0.1988
  63      0.0236        0.8093  |   -0.1287/ -0.1023/ -0.0863           -0.0863          -0.2820     0.0461  |       0.1230      0.1988
  64      0.0474        0.8581  |   -0.1859/ -0.1635/ -0.1479           -0.1479          -0.3286     0.0464  |       0.1351      0.1988
  65      0.0609        0.8965  |   -0.3257/ -0.3060/ -0.2836           -0.2836           0.0073     0.0452  |       0.1609      0.1988
  66      0.0417        0.8712  |   -0.2543/ -0.2391/ -0.2253           -0.2253          -0.3216     0.0443  |       0.1945      0.1988
  67      0.0857        0.8372  |   -0.1916/ -0.1857/ -0.1795           -0.1795           0.2289     0.0442  |       0.2304      0.1988
  68      0.1024        0.9062  |    0.3058/  0.3520/  0.3894            0.3894           0.5293     0.0276  |       0.2624      0.1988
  69      0.0537        0.9599  |    0.4361/  0.4570/  0.4789            0.4789           0.2592     0.0176  |       0.2681      0.1988
  70      0.0927        0.9775  |    0.6358/  0.6589/  0.6710            0.6710           0.5015     0.0115  |       0.2655      0.1988
  71      0.1006        0.9626  |    0.6513/  0.6675/  0.6770            0.6770           0.5246     0.0112  |       0.2628      0.1988
  72      0.0916        0.9751  |    0.5512/  0.5753/  0.5886            0.5886           0.3463     0.0015  |       0.2565      0.1988
  73      0.0809        0.9915  |    0.5128/  0.5398/  0.5516            0.5516           0.2296     0.0141  |       0.2557      0.1988
  74      0.0599        0.9782  |    0.2587/  0.3201/  0.3367            0.3367          -0.1179     0.0243  |       0.2538      0.1988
  75      0.0476        0.9450  |    0.1833/  0.2298/  0.2487            0.2487          -0.1863     0.0119  |       0.2452      0.1988
  76      0.0368        0.8737  |   -0.0149/  0.0275/  0.0478            0.0478          -0.2856     0.0246  |       0.2366      0.1988
  77     -0.0052        0.9077  |   -0.2047/ -0.1609/ -0.1448           -0.1448          -0.3730     0.0195  |       0.2136      0.1988
  78      0.0135        0.9417  |   -0.1172/ -0.0754/ -0.0595           -0.0595          -0.3876     0.0201  |       0.1978      0.1988
  79      0.0431        0.9645  |    0.0763/  0.1131/  0.1281            0.1281          -0.2263     0.0264  |       0.1783      0.1988
  80      0.0725        0.9575  |    0.3652/  0.3840/  0.4003            0.4003           0.1258     0.0123  |       0.1528      0.1988
  81      0.0808        0.9818  |    0.4674/  0.4861/  0.4987            0.4987           0.2286     0.0170  |       0.1425      0.1988
  82      0.0810        0.9822  |    0.5137/  0.5372/  0.5540            0.5540           0.2751     0.0083  |       0.1300      0.1988
  83      0.0855        0.9774  |    0.5538/  0.5789/  0.5926            0.5926           0.3917     0.0098  |       0.1274      0.1988
  84      0.0766        0.9746  |    0.4927/  0.5133/  0.5291            0.5291           0.2844     0.0070  |       0.1329      0.1988
  85      0.0769        0.9728  |    0.4894/  0.5096/  0.5228            0.5228           0.3034     0.0170  |       0.1283      0.1988
  86      0.0835        0.9499  |    0.5120/  0.5348/  0.5514            0.5514           0.3186     0.0069  |       0.1270      0.1988
  87      0.0754        0.9788  |    0.4100/  0.4277/  0.4419            0.4419           0.2182     0.0145  |       0.1246      0.1988
  88      0.0634        0.9684  |    0.3143/  0.3316/  0.3470            0.3470           0.1411     0.0030  |       0.1369      0.1988
  89      0.0613        0.9762  |    0.3335/  0.3520/  0.3640            0.3640           0.2048     0.0067  |       0.1400      0.1988
  90      0.0574        0.9734  |    0.3731/  0.3890/  0.4009            0.4009           0.1804     0.0093  |       0.1460      0.1988
  91      0.0683        0.9713  |    0.4085/  0.4261/  0.4387            0.4387           0.2309     0.0074  |       0.1516      0.1988
  92      0.0485        0.9776  |    0.3228/  0.3435/  0.3554            0.3554           0.0904     0.0121  |       0.1584      0.1988
  93      0.0311        0.9621  |    0.1822/  0.1952/  0.2058            0.2058          -0.1333     0.0119  |       0.1679      0.1988
  94      0.0179        0.9798  |    0.0627/  0.0816/  0.0927            0.0927          -0.2379     0.0179  |       0.1781      0.1988
  95      0.0251        0.9756  |    0.1072/  0.1422/  0.1534            0.1534          -0.1951     0.0241  |       0.1950      0.1988
  96      0.0208        0.9654  |   -0.0291/ -0.0032/  0.0076            0.0076          -0.3596     0.0246  |       0.2183      0.1988
  97      0.0114        0.9750  |   -0.0877/ -0.0721/ -0.0624           -0.0624          -0.4217     0.0344  |       0.2420      0.1988
  98      0.0023        0.9770  |   -0.0089/  0.0100/  0.0213            0.0213          -0.3581     0.0271  |       0.2739      0.1988
  99      0.0145        0.9846  |   -0.0073/  0.0128/  0.0231            0.0231          -0.3267     0.0249  |       0.2847      0.1988
 100      0.0021        0.9862  |   -0.0356/ -0.0140/ -0.0021           -0.0021          -0.3485     0.0305  |       0.2865      0.1988
 101      0.0124        0.9857  |   -0.0198/  0.0016/  0.0142            0.0142          -0.3373     0.0260  |       0.2902      0.1988
 102      0.0265        0.9919  |    0.0110/  0.0333/  0.0434            0.0434          -0.3335     0.0319  |       0.2943      0.1988
 103      0.0254        0.9878  |    0.0034/  0.0282/  0.0434            0.0434          -0.3257     0.0273  |       0.3075      0.1988
 104      0.0246        0.9743  |    0.0537/  0.0721/  0.0852            0.0852          -0.3035     0.0182  |       0.3196      0.1988
 105      0.0271        0.9867  |    0.0110/  0.0356/  0.0521            0.0521          -0.3243     0.0212  |       0.3315      0.1988
 106      0.0362        0.9856  |    0.0468/  0.0688/  0.0844            0.0844          -0.2862     0.0254  |       0.3454      0.1988
 107      0.0468        0.9806  |    0.0850/  0.1326/  0.1498            0.1498          -0.2802     0.0152  |       0.3583      0.1988
 108      0.0411        0.9784  |    0.1092/  0.1296/  0.1439            0.1439          -0.2586     0.0267  |       0.3674      0.1988
 109      0.0345        0.9803  |    0.0443/  0.0733/  0.0880            0.0880          -0.3034     0.0148  |       0.3841      0.1988
 110      0.0356        0.9881  |   -0.0052/  0.0355/  0.0567            0.0567          -0.3311     0.0251  |       0.3953      0.1988
 111      0.0383        0.9942  |    0.0332/  0.0704/  0.0920            0.0920          -0.3234     0.0153  |       0.3996      0.1988
 112      0.0311        0.9909  |    0.0131/  0.0425/  0.0617            0.0617          -0.3241     0.0122  |       0.4074      0.1988
 113      0.0276        0.9939  |    0.0222/  0.0524/  0.0690            0.0690          -0.3090     0.0165  |       0.4137      0.1988
 114      0.0284        0.9926  |    0.0813/  0.1016/  0.1133            0.1133          -0.2808     0.0232  |       0.4244      0.1988
 115      0.0222        0.9861  |    0.0848/  0.1032/  0.1172            0.1172          -0.2270     0.0167  |       0.4407      0.1988
 116      0.0256        0.9881  |    0.1260/  0.1511/  0.1655            0.1655          -0.2269     0.0230  |       0.4528      0.1988
 117      0.0215        0.9849  |    0.1501/  0.1708/  0.1867            0.1867          -0.1808     0.0161  |       0.4694      0.1988
 118      0.0239        0.9901  |    0.1123/  0.1419/  0.1591            0.1591          -0.2083     0.0186  |       0.4833      0.1988
 119      0.0365        0.9859  |    0.2164/  0.2463/  0.2582            0.2582          -0.1544     0.0134  |       0.4991      0.1988
 120      0.0420        0.9827  |    0.2894/  0.3454/  0.3600            0.3600          -0.0161     0.0174  |       0.5093      0.1988
 121      0.0479        0.9685  |    0.3375/  0.3799/  0.3939            0.3939           0.0920     0.0087  |       0.5191      0.1988
 122      0.0350        0.9776  |    0.3533/  0.3799/  0.3943            0.3943           0.0492     0.0114  |       0.5269      0.1988
 123      0.0350        1.0000  |    0.3595/  0.3898/  0.4018            0.4018           0.0492     0.0088  |       0.5352      0.1988
 124      0.0350        1.0000  |    0.3367/  0.3789/  0.3935            0.3935           0.0492     0.0130  |       0.5423      0.1988
 125      0.0349        1.0000  |    0.3546/  0.3754/  0.3920            0.3920           0.0499     0.0108  |       0.5470      0.1988
 126      0.0349        1.0000  |    0.3593/  0.3842/  0.4006            0.4006           0.0499     0.0116  |       0.5479      0.1988
 127      0.0350        1.0000  |    0.3547/  0.3845/  0.4020            0.4020           0.0492     0.0141  |       0.5483      0.1988
 128      0.0350        1.0000  |    0.3526/  0.3773/  0.3946            0.3946           0.0492     0.0099  |       0.5497      0.1988
 129      0.0350        1.0000  |    0.3553/  0.3738/  0.3905            0.3905           0.0492     0.0100  |       0.5515      0.1988
 130      0.0350        1.0000  |    0.3570/  0.3860/  0.4054            0.4054           0.0492     0.0119  |       0.5537      0.1988
 131      0.0348        1.0000  |    0.3487/  0.3804/  0.3980            0.3980           0.0494     0.0130  |       0.5527      0.1988
 132      0.0350        1.0000  |    0.3243/  0.3728/  0.3894            0.3894           0.0492     0.0144  |       0.5533      0.1988
 133      0.0352        1.0000  |    0.3534/  0.3793/  0.3988            0.3988           0.0507     0.0158  |       0.5537      0.1988
 134      0.0350        1.0000  |    0.3603/  0.3807/  0.3957            0.3957           0.0492     0.0147  |       0.5539      0.1988
 135      0.0352        1.0000  |    0.3393/  0.3831/  0.4001            0.4001           0.0507     0.0114  |       0.5536      0.1988
 136      0.0351        1.0000  |    0.3456/  0.3895/  0.4045            0.4045           0.0504     0.0082  |       0.5538      0.1988
 137      0.0352        1.0000  |    0.3481/  0.3736/  0.3922            0.3922           0.0507     0.0130  |       0.5539      0.1988
 138      0.0352        1.0000  |    0.3446/  0.3711/  0.3898            0.3898           0.0507     0.0100  |       0.5539      0.1988
 139      0.0352        1.0000  |    0.3560/  0.3850/  0.4026            0.4026           0.0507     0.0130  |       0.5539      0.1988
 140      0.0351        1.0000  |    0.3486/  0.3790/  0.3968            0.3968           0.0503     0.0122  |       0.5539      0.1988
 141      0.0351        1.0000  |    0.3316/  0.3827/  0.3971            0.3971           0.0504     0.0164  |       0.5540      0.1988
 142      0.0351        1.0000  |    0.3624/  0.3874/  0.4048            0.4048           0.0503     0.0071  |       0.5527      0.1988
 143      0.0351        1.0000  |    0.3542/  0.3812/  0.4018            0.4018           0.0502     0.0154  |       0.5508      0.1988
 144      0.0351        1.0000  |    0.3545/  0.3784/  0.3978            0.3978           0.0502     0.0164  |       0.5500      0.1988
 145      0.0349        1.0000  |    0.3518/  0.3779/  0.3952            0.3952           0.0488     0.0049  |       0.5511      0.1988
 146      0.0349        1.0000  |    0.3495/  0.3744/  0.3930            0.3930           0.0488     0.0103  |       0.5503      0.1988
 147      0.0349        1.0000  |    0.3489/  0.3727/  0.3894            0.3894           0.0489     0.0075  |       0.5505      0.1988
 148      0.0349        1.0000  |    0.3480/  0.3768/  0.3937            0.3937           0.0487     0.0103  |       0.5513      0.1988
 149      0.0351        1.0000  |    0.3424/  0.3717/  0.3876            0.3876           0.0430     0.0138  |       0.5516      0.1988
 150      0.0351        1.0000  |    0.3417/  0.3769/  0.3952            0.3952           0.0431     0.0108  |       0.5537      0.1988
 151      0.0353        1.0000  |    0.3541/  0.3830/  0.3995            0.3995           0.0446     0.0168  |       0.5539      0.1988
 152      0.0352        1.0000  |    0.3501/  0.3747/  0.3932            0.3932           0.0443     0.0123  |       0.5539      0.1988
 153      0.0352        1.0000  |    0.3454/  0.3670/  0.3818            0.3818           0.0442     0.0134  |       0.5527      0.1988
 154      0.0353        1.0000  |    0.3443/  0.3780/  0.3964            0.3964           0.0446     0.0148  |       0.5536      0.1988
 155      0.0353        1.0000  |    0.3401/  0.3706/  0.3889            0.3889           0.0446     0.0111  |       0.5539      0.1988
 156      0.0353        1.0000  |    0.3525/  0.3794/  0.3956            0.3956           0.0446     0.0103  |       0.5540      0.1988
 157      0.0352        1.0000  |    0.3535/  0.3773/  0.3940            0.3940           0.0443     0.0133  |       0.5540      0.1988
 158      0.0352        1.0000  |    0.3492/  0.3715/  0.3879            0.3879           0.0442     0.0087  |       0.5536      0.1988
 159      0.0352        1.0000  |    0.3420/  0.3750/  0.3933            0.3933           0.0442     0.0119  |       0.5540      0.1988
 160      0.0352        1.0000  |    0.3456/  0.3768/  0.3914            0.3914           0.0442     0.0124  |       0.5539      0.1988
 161      0.0352        1.0000  |    0.3415/  0.3763/  0.3931            0.3931           0.0442     0.0091  |       0.5537      0.1988
 162      0.0352        1.0000  |    0.3553/  0.3838/  0.3985            0.3985           0.0443     0.0151  |       0.5538      0.1988
 163      0.0352        1.0000  |    0.3447/  0.3701/  0.3878            0.3878           0.0443     0.0053  |       0.5539      0.1988
 164      0.0352        1.0000  |    0.3429/  0.3714/  0.3867            0.3867           0.0442     0.0113  |       0.5530      0.1988
 165      0.0352        1.0000  |    0.3559/  0.3757/  0.3912            0.3912           0.0443     0.0100  |       0.5538      0.1988
 166      0.0354        1.0000  |    0.3533/  0.3776/  0.3937            0.3937           0.0454     0.0134  |       0.5539      0.1988
 167      0.0354        1.0000  |    0.3584/  0.3828/  0.3982            0.3982           0.0454     0.0139  |       0.5539      0.1988
 168      0.0354        1.0000  |    0.3506/  0.3764/  0.3923            0.3923           0.0455     0.0082  |       0.5540      0.1988
 169      0.0354        1.0000  |    0.3586/  0.3775/  0.3928            0.3928           0.0455     0.0096  |       0.5540      0.1988
 170      0.0354        1.0000  |    0.3436/  0.3724/  0.3880            0.3880           0.0455     0.0110  |       0.5540      0.1988
 171      0.0354        1.0000  |    0.3370/  0.3689/  0.3875            0.3875           0.0455     0.0142  |       0.5541      0.1988
 172      0.0354        1.0000  |    0.3460/  0.3799/  0.3990            0.3990           0.0455     0.0154  |       0.5539      0.1988
 173      0.0354        1.0000  |    0.3496/  0.3768/  0.3929            0.3929           0.0454     0.0120  |       0.5539      0.1988
 174      0.0354        1.0000  |    0.3449/  0.3781/  0.3967            0.3967           0.0454     0.0124  |       0.5539      0.1988
 175      0.0354        1.0000  |    0.3292/  0.3681/  0.3862            0.3862           0.0454     0.0138  |       0.5534      0.1988
 176      0.0354        1.0000  |    0.3383/  0.3765/  0.3920            0.3920           0.0457     0.0105  |       0.5539      0.1988
 177      0.0354        1.0000  |    0.3549/  0.3742/  0.3915            0.3915           0.0454     0.0150  |       0.5540      0.1988
 178      0.0354        1.0000  |    0.3530/  0.3792/  0.3958            0.3958           0.0454     0.0113  |       0.5539      0.1988
 179      0.0354        1.0000  |    0.3483/  0.3756/  0.3949            0.3949           0.0457     0.0099  |       0.5540      0.1988
 180      0.0354        1.0000  |    0.3498/  0.3794/  0.3943            0.3943           0.0457     0.0129  |       0.5540      0.1988
 181      0.0354        1.0000  |    0.3489/  0.3780/  0.3959            0.3959           0.0457     0.0126  |       0.5539      0.1988
 182      0.0354        1.0000  |    0.3486/  0.3757/  0.3918            0.3918           0.0454     0.0154  |       0.5537      0.1988
 183      0.0354        1.0000  |    0.3570/  0.3748/  0.3926            0.3926           0.0454     0.0057  |       0.5540      0.1988
 184      0.0355        1.0000  |    0.3375/  0.3756/  0.3953            0.3953           0.0464     0.0122  |       0.5533      0.1988
 185      0.0355        1.0000  |    0.3579/  0.3825/  0.3963            0.3963           0.0464     0.0129  |       0.5536      0.1988
 186      0.0354        1.0000  |    0.3540/  0.3751/  0.3911            0.3911           0.0456     0.0126  |       0.5540      0.1988
 187      0.0355        1.0000  |    0.3468/  0.3761/  0.3924            0.3924           0.0461     0.0144  |       0.5541      0.1988
 188      0.0353        1.0000  |    0.3282/  0.3788/  0.3920            0.3920           0.0449     0.0098  |       0.5531      0.1988
 189      0.0353        1.0000  |    0.3438/  0.3742/  0.3888            0.3888           0.0446     0.0149  |       0.5539      0.1988
 190      0.0352        1.0000  |    0.3520/  0.3745/  0.3882            0.3882           0.0439     0.0095  |       0.5539      0.1988
 191      0.0353        1.0000  |    0.3544/  0.3799/  0.3948            0.3948           0.0447     0.0153  |       0.5540      0.1988
 192      0.0355        1.0000  |    0.3540/  0.3813/  0.3987            0.3987           0.0459     0.0147  |       0.5533      0.1988
 193      0.0354        1.0000  |    0.3475/  0.3719/  0.3922            0.3922           0.0454     0.0128  |       0.5531      0.1988
 194      0.0355        1.0000  |    0.3516/  0.3729/  0.3912            0.3912           0.0461     0.0122  |       0.5540      0.1988
 195      0.0355        1.0000  |    0.3352/  0.3711/  0.3916            0.3916           0.0461     0.0071  |       0.5540      0.1988
 196      0.0355        1.0000  |    0.3478/  0.3745/  0.3909            0.3909           0.0461     0.0131  |       0.5540      0.1988
 197      0.0355        1.0000  |    0.3572/  0.3776/  0.3949            0.3949           0.0455     0.0101  |       0.5540      0.1988
 198      0.0355        1.0000  |    0.3476/  0.3690/  0.3914            0.3914           0.0459     0.0133  |       0.5540      0.1988
 199      0.0355        1.0000  |    0.3488/  0.3757/  0.3946            0.3946           0.0461     0.0091  |       0.5540      0.1988
 200      0.0355        1.0000  |    0.3553/  0.3762/  0.3934            0.3934           0.0458     0.0146  |       0.5540      0.1988
 201      0.0355        1.0000  |    0.3566/  0.3828/  0.3970            0.3970           0.0458     0.0118  |       0.5540      0.1988
 202      0.0355        1.0000  |    0.3497/  0.3790/  0.3954            0.3954           0.0452     0.0127  |       0.5540      0.1988
 203      0.0355        1.0000  |    0.3523/  0.3840/  0.3997            0.3997           0.0471     0.0073  |       0.5540      0.1988
 204      0.0355        1.0000  |    0.3354/  0.3787/  0.3948            0.3948           0.0471     0.0111  |       0.5540      0.1988
 205      0.0355        1.0000  |    0.3347/  0.3783/  0.3942            0.3942           0.0471     0.0151  |       0.5533      0.1988
 206      0.0355        1.0000  |    0.3406/  0.3789/  0.3982            0.3982           0.0471     0.0177  |       0.5540      0.1988
 207      0.0355        1.0000  |    0.3536/  0.3827/  0.3985            0.3985           0.0468     0.0075  |       0.5533      0.1988
 208      0.0355        1.0000  |    0.3486/  0.3771/  0.3922            0.3922           0.0471     0.0085  |       0.5538      0.1988
 209      0.0355        1.0000  |    0.3587/  0.3810/  0.3953            0.3953           0.0471     0.0083  |       0.5540      0.1988
 210      0.0355        1.0000  |    0.3493/  0.3772/  0.3950            0.3950           0.0471     0.0121  |       0.5540      0.1988
 211      0.0353        1.0000  |    0.3553/  0.3813/  0.3989            0.3989           0.0456     0.0096  |       0.5540      0.1988
 212      0.0353        1.0000  |    0.3578/  0.3777/  0.3931            0.3931           0.0453     0.0130  |       0.5540      0.1988
 213      0.0353        1.0000  |    0.3554/  0.3776/  0.3950            0.3950           0.0453     0.0144  |       0.5516      0.1988
 214      0.0353        1.0000  |    0.3433/  0.3687/  0.3895            0.3895           0.0453     0.0139  |       0.5522      0.1988
 215      0.0353        1.0000  |    0.3345/  0.3777/  0.3916            0.3916           0.0452     0.0101  |       0.5539      0.1988
 216      0.0355        1.0000  |    0.3493/  0.3731/  0.3901            0.3901           0.0467     0.0099  |       0.5540      0.1988
 217      0.0355        1.0000  |    0.3537/  0.3768/  0.3923            0.3923           0.0472     0.0101  |       0.5540      0.1988
 218      0.0355        1.0000  |    0.3598/  0.3843/  0.3992            0.3992           0.0474     0.0121  |       0.5540      0.1988
 219      0.0354        1.0000  |    0.3558/  0.3803/  0.3964            0.3964           0.0475     0.0145  |       0.5540      0.1988
 220      0.0354        1.0000  |    0.3453/  0.3737/  0.3885            0.3885           0.0482     0.0129  |       0.5540      0.1988
 221      0.0380        0.9998  |    0.3622/  0.3948/  0.4096            0.4096           0.0640     0.0125  |       0.5540      0.1988
 222      0.0380        1.0000  |    0.3634/  0.3916/  0.4081            0.4081           0.0632     0.0135  |       0.5540      0.1988
 223      0.0380        1.0000  |    0.3642/  0.3900/  0.4070            0.4070           0.0632     0.0157  |       0.5540      0.1988
 224      0.0379        1.0000  |    0.3500/  0.3965/  0.4140            0.4140           0.0648     0.0097  |       0.5540      0.1988
 225      0.0380        1.0000  |    0.3595/  0.3934/  0.4103            0.4103           0.0640     0.0101  |       0.5540      0.1988
 226      0.0379        1.0000  |    0.3609/  0.3872/  0.4062            0.4062           0.0648     0.0121  |       0.5540      0.1988
 227      0.0380        1.0000  |    0.3592/  0.3880/  0.4092            0.4092           0.0640     0.0121  |       0.5540      0.1988
 228      0.0379        1.0000  |    0.3689/  0.3926/  0.4118            0.4118           0.0640     0.0074  |       0.5540      0.1988
 229      0.0379        1.0000  |    0.3622/  0.3864/  0.4026            0.4026           0.0648     0.0116  |       0.5528      0.1988
 230      0.0379        1.0000  |    0.3667/  0.3906/  0.4077            0.4077           0.0648     0.0107  |       0.5538      0.1988
 231      0.0382        1.0000  |    0.3698/  0.3979/  0.4130            0.4130           0.0638     0.0074  |       0.5540      0.1988
 232      0.0379        1.0000  |    0.3620/  0.3959/  0.4112            0.4112           0.0640     0.0110  |       0.5540      0.1988
 233      0.0379        1.0000  |    0.3677/  0.3913/  0.4061            0.4061           0.0640     0.0108  |       0.5540      0.1988
 234      0.0378        1.0000  |    0.3712/  0.3937/  0.4077            0.4077           0.0634     0.0110  |       0.5540      0.1988
 235      0.0380        1.0000  |    0.3682/  0.3886/  0.4078            0.4078           0.0624     0.0128  |       0.5540      0.1988
 236      0.0380        1.0000  |    0.3600/  0.3931/  0.4097            0.4097           0.0624     0.0079  |       0.5540      0.1988
 237      0.0378        1.0000  |    0.3563/  0.3930/  0.4091            0.4091           0.0634     0.0136  |       0.5536      0.1988
 238      0.0378        1.0000  |    0.3480/  0.3972/  0.4119            0.4119           0.0634     0.0137  |       0.5526      0.1988
 239      0.0378        1.0000  |    0.3561/  0.3839/  0.4028            0.4028           0.0634     0.0099  |       0.5521      0.1988
 240      0.0382        1.0000  |    0.3661/  0.3993/  0.4142            0.4142           0.0638     0.0094  |       0.5528      0.1988
 241      0.0382        1.0000  |    0.3727/  0.3964/  0.4108            0.4108           0.0638     0.0123  |       0.5531      0.1988
 242      0.0382        1.0000  |    0.3558/  0.3814/  0.3998            0.3998           0.0638     0.0132  |       0.5536      0.1988
 243      0.0379        1.0000  |    0.3563/  0.3891/  0.4067            0.4067           0.0643     0.0131  |       0.5528      0.1988
 244      0.0379        1.0000  |    0.3688/  0.3895/  0.4050            0.4050           0.0648     0.0133  |       0.5531      0.1988
 245      0.0383        1.0000  |    0.3721/  0.3985/  0.4145            0.4145           0.0672     0.0155  |       0.5540      0.1988
 246      0.0382        1.0000  |    0.3584/  0.3936/  0.4097            0.4097           0.0638     0.0108  |       0.5540      0.1988
 247      0.0382        1.0000  |    0.3626/  0.3952/  0.4106            0.4106           0.0638     0.0119  |       0.5540      0.1988
 248      0.0380        1.0000  |    0.3688/  0.3933/  0.4106            0.4106           0.0677     0.0107  |       0.5535      0.1988
 249      0.0380        1.0000  |    0.3746/  0.3972/  0.4143            0.4143           0.0677     0.0153  |       0.5540      0.1988
 250      0.0382        1.0000  |    0.3653/  0.3918/  0.4127            0.4127           0.0668     0.0103  |       0.5540      0.1988
 251      0.0382        1.0000  |    0.3611/  0.3908/  0.4060            0.4060           0.0668     0.0190  |       0.5519      0.1988
 252      0.0382        1.0000  |    0.3606/  0.3871/  0.4020            0.4020           0.0668     0.0077  |       0.5539      0.1988
 253      0.0380        1.0000  |    0.3706/  0.3949/  0.4135            0.4135           0.0677     0.0146  |       0.5540      0.1988
 254      0.0380        1.0000  |    0.3675/  0.3983/  0.4142            0.4142           0.0677     0.0124  |       0.5540      0.1988
 255      0.0382        1.0000  |    0.3653/  0.3901/  0.4063            0.4063           0.0672     0.0091  |       0.5540      0.1988
 256      0.0382        1.0000  |    0.3394/  0.3864/  0.4078            0.4078           0.0672     0.0125  |       0.5540      0.1988
 257      0.0382        1.0000  |    0.3609/  0.3944/  0.4126            0.4126           0.0672     0.0157  |       0.5540      0.1988
 258      0.0379        1.0000  |    0.3589/  0.3850/  0.4020            0.4020           0.0669     0.0078  |       0.5540      0.1988
 259      0.0381        1.0000  |    0.3598/  0.3859/  0.4026            0.4026           0.0658     0.0127  |       0.5540      0.1988
 260      0.0381        1.0000  |    0.3638/  0.3924/  0.4090            0.4090           0.0658     0.0112  |       0.5540      0.1988
 261      0.0381        1.0000  |    0.3607/  0.3960/  0.4128            0.4128           0.0658     0.0107  |       0.5540      0.1988
 262      0.0381        1.0000  |    0.3756/  0.3964/  0.4129            0.4129           0.0659     0.0110  |       0.5540      0.1988
 263      0.0380        1.0000  |    0.3612/  0.3874/  0.4042            0.4042           0.0673     0.0120  |       0.5540      0.1988
 264      0.0384        1.0000  |    0.3627/  0.3894/  0.4056            0.4056           0.0678     0.0127  |       0.5539      0.1988
 265      0.0384        1.0000  |    0.3406/  0.4007/  0.4177            0.4177           0.0678     0.0173  |       0.5534      0.1988
 266      0.0384        1.0000  |    0.3691/  0.3946/  0.4136            0.4136           0.0678     0.0165  |       0.5534      0.1988
 267      0.0384        1.0000  |    0.3669/  0.3965/  0.4111            0.4111           0.0678     0.0133  |       0.5540      0.1988
 268      0.0382        1.0000  |    0.3674/  0.3978/  0.4161            0.4161           0.0688     0.0137  |       0.5540      0.1988
 269      0.0382        1.0000  |    0.3556/  0.3921/  0.4095            0.4095           0.0688     0.0100  |       0.5540      0.1988
 270      0.0382        1.0000  |    0.3668/  0.4004/  0.4171            0.4171           0.0688     0.0093  |       0.5540      0.1988
 271      0.0382        1.0000  |    0.3657/  0.3927/  0.4094            0.4094           0.0688     0.0125  |       0.5527      0.1988
 272      0.0382        1.0000  |    0.3778/  0.4021/  0.4156            0.4156           0.0688     0.0086  |       0.5532      0.1988
 273      0.0382        1.0000  |    0.3595/  0.3885/  0.4064            0.4064           0.0689     0.0129  |       0.5529      0.1988
 274      0.0382        1.0000  |    0.3351/  0.3951/  0.4116            0.4116           0.0695     0.0100  |       0.5522      0.1988
 275      0.0383        1.0000  |    0.3538/  0.3938/  0.4133            0.4133           0.0673     0.0109  |       0.5539      0.1988
 276      0.0383        1.0000  |    0.3754/  0.4004/  0.4139            0.4139           0.0673     0.0107  |       0.5540      0.1988
 277      0.0383        1.0000  |    0.3762/  0.3971/  0.4127            0.4127           0.0673     0.0120  |       0.5540      0.1988
 278      0.0383        1.0000  |    0.3682/  0.3972/  0.4176            0.4176           0.0673     0.0063  |       0.5540      0.1988
 279      0.0381        1.0000  |    0.3624/  0.3891/  0.4056            0.4056           0.0678     0.0137  |       0.5540      0.1988
 280      0.0384        1.0000  |    0.3715/  0.3980/  0.4185            0.4185           0.0679     0.0111  |       0.5540      0.1988
 281      0.0381        1.0000  |    0.3774/  0.3974/  0.4113            0.4113           0.0659     0.0157  |       0.5540      0.1988
 282      0.0381        1.0000  |    0.3602/  0.3828/  0.4007            0.4007           0.0659     0.0056  |       0.5540      0.1988
 283      0.0382        1.0000  |    0.3648/  0.3914/  0.4091            0.4091           0.0665     0.0159  |       0.5540      0.1988
 284      0.0380        1.0000  |    0.3711/  0.3951/  0.4121            0.4121           0.0664     0.0150  |       0.5540      0.1988
 285      0.0382        1.0000  |    0.3322/  0.3937/  0.4116            0.4116           0.0654     0.0131  |       0.5540      0.1988
 286      0.0383        1.0000  |    0.3689/  0.3974/  0.4135            0.4135           0.0677     0.0056  |       0.5540      0.1988
 287      0.0382        1.0000  |    0.3696/  0.3940/  0.4099            0.4099           0.0658     0.0100  |       0.5540      0.1988
 288      0.0384        1.0000  |    0.3668/  0.4030/  0.4204            0.4204           0.0684     0.0130  |       0.5540      0.1988
 289      0.0384        1.0000  |    0.3687/  0.3980/  0.4152            0.4152           0.0673     0.0084  |       0.5540      0.1988
 290      0.0384        1.0000  |    0.3571/  0.3970/  0.4149            0.4149           0.0673     0.0099  |       0.5539      0.1988
 291      0.0384        1.0000  |    0.3622/  0.3976/  0.4116            0.4116           0.0673     0.0114  |       0.5540      0.1988
 292      0.0384        1.0000  |    0.3566/  0.3983/  0.4128            0.4128           0.0673     0.0098  |       0.5540      0.1988
 293      0.0384        1.0000  |    0.3712/  0.3957/  0.4127            0.4127           0.0673     0.0172  |       0.5540      0.1988
 294      0.0384        1.0000  |    0.3572/  0.3940/  0.4110            0.4110           0.0673     0.0104  |       0.5540      0.1988
 295      0.0384        1.0000  |    0.3681/  0.3936/  0.4091            0.4091           0.0673     0.0142  |       0.5540      0.1988
 296      0.0384        1.0000  |    0.3679/  0.3893/  0.4062            0.4062           0.0673     0.0066  |       0.5540      0.1988
 297      0.0384        1.0000  |    0.3771/  0.4038/  0.4201            0.4201           0.0684     0.0146  |       0.5534      0.1988
 298      0.0384        1.0000  |    0.3814/  0.4043/  0.4179            0.4179           0.0684     0.0162  |       0.5527      0.1988
 299      0.0384        1.0000  |    0.3794/  0.4012/  0.4148            0.4148           0.0684     0.0056  |       0.5520      0.1988
IMAGEIO FFMPEG_WRITER WARNING: input image is not divisible by macro_block_size=16, resizing from (320, 180) to (320, 192) to ensure video compatibility with most codecs and players. To prevent resizing, make your input image divisible by the macro_block_size or set the macro_block_size to 1 (risking incompatibility).

Saved 300 frames -> /home/ashwink/Documents/swms/SWM_copy/rollouts_5_per/expert-only/epoch5/epoch5_rollout1_failure.mp4
min dist(green_cube,blue_moon) over episode = 0.1988  ->  FAILURE
Full log written to /home/ashwink/Documents/swms/SWM_copy/rollouts_5_per/expert-only/epoch5/epoch5_rollout1_20260723_123431.log
Result json -> /home/ashwink/Documents/swms/SWM_copy/rollouts_5_per/expert-only/epoch5/epoch5_rollout1_result.json
