Checkpoint dir epoch: 5  Rollout: 4
Logging to /home/ashwink/Documents/swms/SWM_copy/rollouts_5_per/expert-only/epoch5/epoch5_rollout4_20260723_123915.log
Goal (fixed, steps 0-299): the green cube is touching the blue moon. the peg is touching the green cube.

Checkpoint: /home/ashwink/Documents/swms/SWM_copy/training/checkpoints_clip_full_finetuned_wider_hl/epoch_005.pt
  epoch=5  step=5148

Loading CLIP ViT-L/14 (datacomp_xl_s13b_b90k) + fine-tuned clip_state_dict ...
Parsing model identifier. Schema: None, Identifier: ViT-L-14
Loaded built-in ViT-L-14 model config.
Instantiating model architecture: CLIP
Loading full pretrained weights from: /home/ashwink/.cache/huggingface/hub/models--laion--CLIP-ViT-L-14-DataComp.XL-s13B-b90K/snapshots/84c9828e63dc9a9351d1fe637c346d4c1c4db341/open_clip_pytorch_model.bin
Final image preprocessing configuration set: {'size': (224, 224), 'mode': 'RGB', 'mean': (0.48145466, 0.4578275, 0.40821073), 'std': (0.26862954, 0.26130258, 0.27577711), 'interpolation': 'bicubic', 'resize_mode': 'shortest', 'fill_color': 0}
Model ViT-L-14 creation process complete.
Parsing tokenizer identifier. Schema: None, Identifier: ViT-L-14
Attempting to load config from built-in: ViT-L-14
Using default SimpleTokenizer.
z_star shape: torch.Size([768])

Loading action stats from /home/ashwink/full_data_5000/langtable/demos/ ...
  lo=[-0.03372681140899658, -0.03493623435497284]  hi=[0.03496786952018738, 0.03494429588317871]

Initializing LangTable env ...
Loading URDF plane.urdf
Loading URDF /home/ashwink/Documents/swms/.venv/lib/python3.10/site-packages/language_table/environments/utils/../../../language_table/environments/assets/workspace_real.urdf
Loading URDF xarm/xarm6_robot_white.urdf
Loading URDF /home/ashwink/Documents/swms/.venv/lib/python3.10/site-packages/language_table/environments/utils/../../../language_table/environments/assets/suction/cylinder_real.urdf
Loading URDF /home/ashwink/Documents/swms/.venv/lib/python3.10/site-packages/language_table/environments/utils/../../../language_table/environments/assets/blocks/red_moon.urdf
Loading URDF /home/ashwink/Documents/swms/.venv/lib/python3.10/site-packages/language_table/environments/utils/../../../language_table/environments/assets/blocks/red_cube.urdf
Loading URDF /home/ashwink/Documents/swms/.venv/lib/python3.10/site-packages/language_table/environments/utils/../../../language_table/environments/assets/blocks/red_star.urdf
Loading URDF /home/ashwink/Documents/swms/.venv/lib/python3.10/site-packages/language_table/environments/utils/../../../language_table/environments/assets/blocks/red_pentagon.urdf
Loading URDF /home/ashwink/Documents/swms/.venv/lib/python3.10/site-packages/language_table/environments/utils/../../../language_table/environments/assets/blocks/blue_moon.urdf
Loading URDF /home/ashwink/Documents/swms/.venv/lib/python3.10/site-packages/language_table/environments/utils/../../../language_table/environments/assets/blocks/blue_cube.urdf
Loading URDF /home/ashwink/Documents/swms/.venv/lib/python3.10/site-packages/language_table/environments/utils/../../../language_table/environments/assets/blocks/blue_star.urdf
Loading URDF /home/ashwink/Documents/swms/.venv/lib/python3.10/site-packages/language_table/environments/utils/../../../language_table/environments/assets/blocks/blue_pentagon.urdf
Loading URDF /home/ashwink/Documents/swms/.venv/lib/python3.10/site-packages/language_table/environments/utils/../../../language_table/environments/assets/blocks/yellow_moon.urdf
Loading URDF /home/ashwink/Documents/swms/.venv/lib/python3.10/site-packages/language_table/environments/utils/../../../language_table/environments/assets/blocks/yellow_cube.urdf
Loading URDF /home/ashwink/Documents/swms/.venv/lib/python3.10/site-packages/language_table/environments/utils/../../../language_table/environments/assets/blocks/yellow_star.urdf
Loading URDF /home/ashwink/Documents/swms/.venv/lib/python3.10/site-packages/language_table/environments/utils/../../../language_table/environments/assets/blocks/yellow_pentagon.urdf
Loading URDF /home/ashwink/Documents/swms/.venv/lib/python3.10/site-packages/language_table/environments/utils/../../../language_table/environments/assets/blocks/green_moon.urdf
Loading URDF /home/ashwink/Documents/swms/.venv/lib/python3.10/site-packages/language_table/environments/utils/../../../language_table/environments/assets/blocks/green_cube.urdf
Loading URDF /home/ashwink/Documents/swms/.venv/lib/python3.10/site-packages/language_table/environments/utils/../../../language_table/environments/assets/blocks/green_star.urdf
Loading URDF /home/ashwink/Documents/swms/.venv/lib/python3.10/site-packages/language_table/environments/utils/../../../language_table/environments/assets/blocks/green_pentagon.urdf
Loading URDF /home/ashwink/Documents/swms/.venv/lib/python3.10/site-packages/language_table/environments/utils/../../../language_table/environments/assets/blocks/purple_moon.urdf
Loading URDF /home/ashwink/Documents/swms/.venv/lib/python3.10/site-packages/language_table/environments/utils/../../../language_table/environments/assets/blocks/purple_cube.urdf
Loading URDF /home/ashwink/Documents/swms/.venv/lib/python3.10/site-packages/language_table/environments/utils/../../../language_table/environments/assets/blocks/purple_star.urdf
Loading URDF /home/ashwink/Documents/swms/.venv/lib/python3.10/site-packages/language_table/environments/utils/../../../language_table/environments/assets/blocks/purple_pentagon.urdf
Env ready.

Forced peg start: [0.42843915 0.24419614]  (green_cube=[0.40339102 0.18967466], blue_moon=[0.32039625 0.00902261])
  dist(peg,green_cube)=0.0600  dist(peg,blue_moon)=0.2588  dist(green_cube,blue_moon)=0.1988

step  cos(zt,z*)  cos(zt,zt-1)  |   cos(predK,z*) min/mean/max  cos(pred_sel,z*)   cos(zpred0,z*)  ||a_raw||  |  dist(peg,A)   dist(A,B)
-------------------------------------------------------------------------------------------------------------------------------------------------------------------------------
   0      0.1127           nan  |    0.4391/  0.7245/  0.7484            0.7484           0.5975     0.0042  |       0.0587      0.1988
   1      0.1135        0.9966  |    0.6896/  0.7079/  0.7157            0.7157           0.5908     0.0077  |       0.0579      0.1988
   2      0.1156        0.9952  |    0.6660/  0.7103/  0.7208            0.7208           0.5873     0.0036  |       0.0598      0.1988
   3      0.1199        0.9969  |    0.6687/  0.7222/  0.7344            0.7344           0.5984     0.0024  |       0.0571      0.1988
   4      0.1150        0.9976  |    0.6949/  0.7197/  0.7294            0.7294           0.5964     0.0186  |       0.0559      0.1988
   5      0.1114        0.9897  |    0.6662/  0.7288/  0.7412            0.7412           0.5957     0.0025  |       0.0535      0.1988
   6      0.1118        0.9983  |    0.6758/  0.7346/  0.7439            0.7439           0.5996     0.0081  |       0.0539      0.1988
   7      0.1116        0.9957  |    0.6701/  0.7290/  0.7395            0.7395           0.6000     0.0043  |       0.0471      0.1988
   8      0.1130        0.9952  |    0.6326/  0.7345/  0.7458            0.7458           0.6013     0.0044  |       0.0499      0.1988
   9      0.1083        0.9957  |    0.6698/  0.7346/  0.7440            0.7440           0.6039     0.0075  |       0.0500      0.1988
  10      0.1164        0.9816  |    0.6575/  0.7265/  0.7369            0.7369           0.5805     0.0096  |       0.0515      0.1988
  11      0.1114        0.9840  |    0.6655/  0.7397/  0.7496            0.7496           0.6048     0.0021  |       0.0599      0.1988
  12      0.1168        0.9951  |    0.6729/  0.7371/  0.7463            0.7463           0.6181     0.0076  |       0.0618      0.1988
  13      0.1226        0.9847  |    0.6824/  0.7426/  0.7531            0.7531           0.6183     0.0039  |       0.0672      0.1988
  14      0.1185        0.9473  |    0.6712/  0.7138/  0.7234            0.7234           0.5919     0.0034  |       0.0675      0.1988
  15      0.1247        0.9695  |    0.6693/  0.7286/  0.7374            0.7374           0.6044     0.0091  |       0.0684      0.1988
  16      0.1032        0.9206  |    0.5141/  0.5345/  0.5540            0.5540           0.4436     0.0056  |       0.0686      0.1988
  17      0.0458        0.9608  |    0.1499/  0.1862/  0.2092            0.2092          -0.0016     0.0152  |       0.0729      0.1988
  18      0.0846        0.9101  |    0.3277/  0.3575/  0.3789            0.3789           0.1348     0.0175  |       0.0629      0.1988
  19      0.0721        0.8573  |    0.4304/  0.4504/  0.4621            0.4621           0.3182     0.0116  |       0.0575      0.1988
  20      0.0801        0.8785  |    0.3873/  0.4063/  0.4219            0.4219           0.1815     0.0049  |       0.0609      0.1988
  21      0.0358        0.9165  |   -0.1597/ -0.1385/ -0.1268           -0.1268          -0.3235     0.0139  |       0.0634      0.1988
  22      0.0799        0.9249  |    0.2216/  0.2526/  0.2711            0.2711          -0.1158     0.0250  |       0.0596      0.1988
  23     -0.0149        0.8132  |    0.3128/  0.3352/  0.3459            0.3459          -0.3037     0.0203  |       0.0628      0.1988
  24     -0.0286        0.9110  |   -0.0907/ -0.0273/  0.0095            0.0095          -0.3860     0.0266  |       0.0766      0.1988
  25      0.0197        0.9116  |   -0.1848/ -0.1409/ -0.1078           -0.1078          -0.3647     0.0197  |       0.0898      0.1988
  26      0.0830        0.8937  |    0.0028/  0.0402/  0.0590            0.0590          -0.1585     0.0188  |       0.0909      0.1988
  27      0.0826        0.9395  |    0.1108/  0.1280/  0.1431            0.1431          -0.0976     0.0201  |       0.1042      0.1988
  28      0.0469        0.9296  |   -0.0861/ -0.0653/ -0.0488           -0.0488          -0.2808     0.0163  |       0.1104      0.1988
  29     -0.0173        0.9120  |   -0.1989/ -0.1083/ -0.0805           -0.0805          -0.3009     0.0194  |       0.1169      0.1988
  30     -0.0177        0.8709  |   -0.3415/ -0.3236/ -0.3146           -0.3146          -0.3997     0.0029  |       0.1316      0.1988
  31     -0.0149        0.9852  |   -0.3640/ -0.3402/ -0.3308           -0.3308          -0.4093     0.0127  |       0.1314      0.1988
  32     -0.0122        0.9552  |   -0.2183/ -0.1989/ -0.1822           -0.1822          -0.3416     0.0103  |       0.1298      0.1988
  33     -0.0104        0.9064  |   -0.4178/ -0.4034/ -0.3912           -0.3912          -0.4659     0.0104  |       0.1390      0.1988
  34     -0.0180        0.9418  |   -0.3853/ -0.3705/ -0.3586           -0.3586          -0.4800     0.0184  |       0.1460      0.1988
  35     -0.0225        0.8793  |   -0.2352/ -0.2101/ -0.2018           -0.2018          -0.4630     0.0115  |       0.1459      0.1988
  36     -0.0312        0.9436  |   -0.2231/ -0.1848/ -0.1756           -0.1756          -0.4251     0.0068  |       0.1530      0.1988
  37     -0.0194        0.9670  |   -0.2329/ -0.1860/ -0.1774           -0.1774          -0.4021     0.0106  |       0.1577      0.1988
  38     -0.0402        0.9488  |   -0.2211/ -0.1652/ -0.1516           -0.1516          -0.3502     0.0063  |       0.1523      0.1988
  39     -0.0340        0.9710  |   -0.2022/ -0.1460/ -0.1345           -0.1345          -0.3822     0.0060  |       0.1506      0.1988
  40     -0.0248        0.9553  |   -0.0742/ -0.0160/  0.0091            0.0091          -0.3792     0.0098  |       0.1450      0.1988
  41     -0.0354        0.9198  |   -0.2043/ -0.1792/ -0.1689           -0.1689          -0.3651     0.0051  |       0.1533      0.1988
  42     -0.0233        0.9627  |   -0.2425/ -0.2035/ -0.1906           -0.1906          -0.4155     0.0077  |       0.1586      0.1988
  43     -0.0446        0.9184  |   -0.2962/ -0.2489/ -0.2347           -0.2347          -0.5170     0.0147  |       0.1649      0.1988
  44     -0.0319        0.9327  |   -0.2382/ -0.1893/ -0.1777           -0.1777          -0.4057     0.0113  |       0.1675      0.1988
  45     -0.0459        0.9294  |   -0.3140/ -0.1789/ -0.1659           -0.1659          -0.3789     0.0203  |       0.1697      0.1988
  46     -0.0225        0.8249  |   -0.2416/ -0.1978/ -0.1843           -0.1843          -0.3389     0.0041  |       0.1596      0.1988
  47     -0.0240        0.9303  |   -0.2339/ -0.1513/ -0.1385           -0.1385          -0.2659     0.0069  |       0.1553      0.1988
  48     -0.0233        0.9331  |   -0.2288/ -0.1891/ -0.1793           -0.1793          -0.2873     0.0109  |       0.1552      0.1988
  49     -0.0189        0.9238  |   -0.2548/ -0.1782/ -0.1644           -0.1644          -0.3081     0.0138  |       0.1533      0.1988
  50     -0.0123        0.8583  |   -0.2722/ -0.2440/ -0.2267           -0.2267          -0.3561     0.0030  |       0.1651      0.1988
  51     -0.0109        0.9531  |   -0.2287/ -0.1999/ -0.1894           -0.1894          -0.3079     0.0079  |       0.1671      0.1988
  52      0.0046        0.9214  |   -0.3141/ -0.2958/ -0.2821           -0.2821          -0.3847     0.0028  |       0.1708      0.1988
  53     -0.0169        0.9540  |   -0.3795/ -0.3571/ -0.3442           -0.3442          -0.4471     0.0045  |       0.1705      0.1988
  54     -0.0057        0.9596  |   -0.4646/ -0.4494/ -0.4310           -0.4310          -0.4947     0.0033  |       0.1725      0.1988
  55     -0.0053        0.9550  |   -0.4893/ -0.4703/ -0.4488           -0.4488          -0.5205     0.0119  |       0.1757      0.1988
  56      0.0090        0.8733  |   -0.3420/ -0.2701/ -0.2309           -0.2309          -0.4862     0.0184  |       0.1742      0.1988
  57      0.0342        0.8092  |   -0.1346/ -0.1049/ -0.0828           -0.0828          -0.4909     0.0207  |       0.1795      0.1988
  58     -0.0028        0.8154  |   -0.1559/ -0.1363/ -0.1075           -0.1075          -0.3643     0.0316  |       0.1909      0.1988
  59      0.0166        0.7185  |   -0.2152/ -0.1924/ -0.1707           -0.1707          -0.4069     0.0352  |       0.2130      0.1988
  60      0.0186        0.6669  |   -0.4229/ -0.3925/ -0.3759           -0.3759          -0.4394     0.0167  |       0.2363      0.1988
  61      0.0391        0.8181  |   -0.2265/ -0.2035/ -0.1809           -0.1809          -0.4475     0.0306  |       0.2477      0.1988
  62      0.0563        0.9756  |   -0.2175/ -0.1899/ -0.1704           -0.1704          -0.4593     0.0363  |       0.2482      0.1988
  63      0.0566        0.7802  |   -0.2282/ -0.1998/ -0.1832           -0.1832          -0.4504     0.0306  |       0.2424      0.1988
  64      0.0482        0.8549  |   -0.3399/ -0.3077/ -0.2956           -0.2956          -0.4096     0.0148  |       0.2357      0.1988
  65      0.0477        0.9677  |   -0.4103/ -0.3804/ -0.3685           -0.3685          -0.4522     0.0218  |       0.2348      0.1988
  66      0.0870        0.8739  |   -0.3066/ -0.2623/ -0.2311           -0.2311          -0.4905     0.0205  |       0.2407      0.1988
  67      0.0640        0.9567  |   -0.2371/ -0.1843/ -0.1633           -0.1633          -0.4391     0.0224  |       0.2418      0.1988
  68      0.0334        0.8920  |   -0.4606/ -0.4426/ -0.4251           -0.4251          -0.5141     0.0182  |       0.2453      0.1988
  69      0.0855        0.8776  |   -0.2774/ -0.2521/ -0.2339           -0.2339          -0.4285     0.0357  |       0.2410      0.1988
  70      0.0113        0.7441  |   -0.3368/ -0.3104/ -0.2962           -0.2962          -0.4832     0.0413  |       0.2241      0.1988
  71     -0.0409        0.6403  |   -0.3836/ -0.3552/ -0.3288           -0.3288          -0.4419     0.0331  |       0.2111      0.1988
  72     -0.0344        0.8875  |   -0.3661/ -0.3411/ -0.3230           -0.3230          -0.4664     0.0298  |       0.2076      0.1988
  73     -0.0559        0.7610  |   -0.3067/ -0.2890/ -0.2706           -0.2706          -0.3193     0.0154  |       0.2014      0.1988
  74     -0.0443        0.9180  |   -0.3174/ -0.2930/ -0.2718           -0.2718          -0.4084     0.0114  |       0.2002      0.1988
  75     -0.0459        0.8892  |   -0.1295/ -0.1121/ -0.0973           -0.0973          -0.3104     0.0201  |       0.1924      0.1988
  76     -0.0453        0.8250  |   -0.1366/ -0.1093/ -0.0891           -0.0891          -0.2769     0.0204  |       0.1761      0.1988
  77     -0.0931        0.8744  |   -0.1926/ -0.1648/ -0.1455           -0.1455          -0.2918     0.0123  |       0.1581      0.1988
  78     -0.0989        0.9066  |   -0.1910/ -0.1519/ -0.1347           -0.1347          -0.3350     0.0171  |       0.1467      0.1988
  79     -0.1019        0.8894  |   -0.1049/ -0.0221/ -0.0019           -0.0019          -0.2927     0.0126  |       0.1373      0.1988
  80     -0.0971        0.8945  |    0.0414/  0.0951/  0.1121            0.1121          -0.3629     0.0157  |       0.1270      0.1988
  81     -0.0741        0.8402  |    0.0608/  0.1031/  0.1290            0.1290          -0.3061     0.0285  |       0.1165      0.1988
  82     -0.0246        0.7590  |   -0.0946/ -0.0513/ -0.0336           -0.0336          -0.4112     0.0128  |       0.1018      0.1988
  83     -0.0300        0.8607  |   -0.2985/ -0.2682/ -0.2474           -0.2474          -0.5453     0.0282  |       0.0964      0.1988
  84     -0.0222        0.8430  |   -0.1473/ -0.1210/ -0.0947           -0.0947          -0.4455     0.0200  |       0.0855      0.1988
  85     -0.0427        0.8376  |   -0.2212/ -0.1931/ -0.1664           -0.1664          -0.4938     0.0355  |       0.0960      0.1988
  86      0.0601        0.6081  |   -0.2212/ -0.1950/ -0.1727           -0.1727          -0.3311     0.0223  |       0.1250      0.1988
  87      0.0531        0.7250  |   -0.1662/ -0.1350/ -0.1113           -0.1113          -0.3608     0.0332  |       0.1408      0.1988
  88      0.0055        0.6214  |   -0.2625/ -0.2372/ -0.2207           -0.2207          -0.3972     0.0121  |       0.1723      0.1988
  89      0.0207        0.8429  |   -0.2528/ -0.2356/ -0.2202           -0.2202          -0.4680     0.0275  |       0.1690      0.1988
  90     -0.0006        0.6743  |   -0.3428/ -0.3286/ -0.3199           -0.3199          -0.4880     0.0353  |       0.1629      0.1988
  91      0.0349        0.8035  |   -0.2031/ -0.1816/ -0.1564           -0.1564          -0.3551     0.0381  |       0.1560      0.1988
  92      0.0492        0.7169  |   -0.1837/ -0.1383/ -0.1132           -0.1132          -0.3217     0.0255  |       0.1513      0.1988
  93      0.0833        0.8053  |    0.0714/  0.0890/  0.1022            0.1022          -0.3116     0.0329  |       0.1589      0.1988
  94      0.1203        0.7411  |    0.2515/  0.2727/  0.2967            0.2967           0.0108     0.0270  |       0.1765      0.1988
  95      0.0688        0.7837  |   -0.4169/ -0.3894/ -0.3719           -0.3719          -0.5052     0.0120  |       0.1980      0.1988
  96      0.0473        0.8771  |   -0.4398/ -0.4141/ -0.3944           -0.3944          -0.4223     0.0079  |       0.2050      0.1988
  97      0.0549        0.9165  |   -0.3352/ -0.3089/ -0.2865           -0.2865          -0.4743     0.0094  |       0.2128      0.1988
  98      0.0588        0.9138  |   -0.2934/ -0.2671/ -0.2485           -0.2485          -0.3916     0.0147  |       0.2112      0.1988
  99      0.0849        0.9009  |    0.0307/  0.0740/  0.1077            0.1077          -0.1986     0.0056  |       0.2033      0.1988
 100      0.1080        0.9013  |    0.0473/  0.0737/  0.0942            0.0942          -0.2366     0.0119  |       0.2056      0.1988
 101      0.0616        0.8366  |    0.1344/  0.1547/  0.1707            0.1707          -0.2213     0.0194  |       0.2158      0.1988
 102      0.0525        0.9015  |    0.2885/  0.3061/  0.3209            0.3209          -0.1155     0.0144  |       0.2324      0.1988
 103      0.0710        0.8444  |    0.4452/  0.4756/  0.4882            0.4882           0.0364     0.0135  |       0.2464      0.1988
 104      0.0787        0.8102  |    0.1852/  0.2155/  0.2391            0.2391          -0.2902     0.0127  |       0.2598      0.1988
 105      0.0805        0.8481  |    0.5293/  0.5520/  0.5673            0.5673           0.0959     0.0085  |       0.2667      0.1988
 106      0.0686        0.9217  |    0.3027/  0.3317/  0.3661            0.3661          -0.1912     0.0046  |       0.2707      0.1988
 107      0.0593        0.9312  |    0.1166/  0.1438/  0.1641            0.1641          -0.3653     0.0082  |       0.2733      0.1988
 108      0.0710        0.9507  |    0.0969/  0.1349/  0.1611            0.1611          -0.3715     0.0102  |       0.2772      0.1988
 109      0.0687        0.9474  |    0.0940/  0.1316/  0.1586            0.1586          -0.3160     0.0166  |       0.2809      0.1988
 110      0.0737        0.9829  |    0.1348/  0.1788/  0.2031            0.2031          -0.3275     0.0162  |       0.2813      0.1988
 111      0.0669        0.9433  |   -0.2285/ -0.2002/ -0.1765           -0.1765          -0.4002     0.0244  |       0.2868      0.1988
 112      0.0840        0.9319  |    0.2786/  0.3047/  0.3229            0.3229          -0.2177     0.0184  |       0.2804      0.1988
 113      0.0659        0.9536  |    0.1045/  0.1489/  0.1714            0.1714          -0.3127     0.0121  |       0.2750      0.1988
 114      0.0777        0.9469  |    0.2427/  0.2735/  0.2949            0.2949          -0.1972     0.0114  |       0.2800      0.1988
 115      0.0670        0.9613  |   -0.0192/  0.0189/  0.0444            0.0444          -0.3777     0.0118  |       0.2825      0.1988
 116      0.0575        0.9868  |   -0.1585/ -0.1141/ -0.0953           -0.0953          -0.4285     0.0222  |       0.2827      0.1988
 117      0.0709        0.9553  |   -0.1212/ -0.0674/ -0.0498           -0.0498          -0.4136     0.0219  |       0.2851      0.1988
 118      0.0683        0.9474  |    0.0657/  0.1054/  0.1326            0.1326          -0.3285     0.0140  |       0.2814      0.1988
 119      0.0529        0.9750  |   -0.0834/ -0.0371/ -0.0115           -0.0115          -0.3960     0.0240  |       0.2833      0.1988
 120      0.0477        0.9680  |   -0.2749/ -0.2459/ -0.2256           -0.2256          -0.4807     0.0134  |       0.2843      0.1988
 121      0.0522        0.9766  |   -0.1037/ -0.0715/ -0.0513           -0.0513          -0.4163     0.0254  |       0.2836      0.1988
 122      0.0737        0.9639  |    0.0939/  0.1365/  0.1644            0.1644          -0.3230     0.0250  |       0.2812      0.1988
 123      0.0544        0.9678  |   -0.1982/ -0.1628/ -0.1405           -0.1405          -0.4348     0.0236  |       0.2839      0.1988
 124      0.0710        0.9554  |    0.2119/  0.2497/  0.2734            0.2734          -0.2838     0.0148  |       0.2784      0.1988
 125      0.0759        0.9765  |    0.0801/  0.1253/  0.1468            0.1468          -0.3470     0.0186  |       0.2775      0.1988
 126      0.0288        0.9218  |   -0.2606/ -0.2388/ -0.2225           -0.2225          -0.4685     0.0219  |       0.2857      0.1988
 127      0.0621        0.9117  |    0.0239/  0.0568/  0.0894            0.0894          -0.3718     0.0286  |       0.2820      0.1988
 128      0.0685        0.9379  |    0.1413/  0.1625/  0.1815            0.1815          -0.3700     0.0217  |       0.2759      0.1988
 129      0.0782        0.9624  |    0.2306/  0.2560/  0.2827            0.2827          -0.2314     0.0121  |       0.2788      0.1988
 130      0.0931        0.9779  |    0.2898/  0.3304/  0.3498            0.3498          -0.2293     0.0153  |       0.2796      0.1988
 131      0.0695        0.9308  |   -0.1509/ -0.1140/ -0.0887           -0.0887          -0.4209     0.0170  |       0.2850      0.1988
 132      0.0731        0.9509  |    0.0735/  0.1092/  0.1316            0.1316          -0.3353     0.0183  |       0.2815      0.1988
 133      0.0596        0.9328  |    0.1474/  0.1728/  0.1919            0.1919          -0.3079     0.0118  |       0.2765      0.1988
 134      0.0785        0.9536  |    0.1891/  0.2356/  0.2596            0.2596          -0.2571     0.0153  |       0.2786      0.1988
 135      0.0535        0.9451  |   -0.1203/ -0.0842/ -0.0578           -0.0578          -0.4152     0.0178  |       0.2836      0.1988
 136      0.0732        0.9396  |    0.3031/  0.3360/  0.3554            0.3554          -0.2606     0.0099  |       0.2768      0.1988
 137      0.0877        0.9600  |    0.3152/  0.3511/  0.3711            0.3711          -0.2043     0.0158  |       0.2796      0.1988
 138      0.0681        0.9529  |    0.0886/  0.1394/  0.1653            0.1653          -0.3189     0.0141  |       0.2818      0.1988
 139      0.0414        0.9082  |   -0.2754/ -0.2399/ -0.2182           -0.2182          -0.4469     0.0194  |       0.2877      0.1988
 140      0.0606        0.9653  |   -0.1897/ -0.1672/ -0.1542           -0.1542          -0.4052     0.0328  |       0.2858      0.1988
 141      0.0828        0.9208  |    0.2264/  0.2532/  0.2745            0.2745          -0.2566     0.0209  |       0.2780      0.1988
 142      0.0663        0.9756  |    0.2276/  0.2637/  0.2902            0.2902          -0.2625     0.0166  |       0.2783      0.1988
 143      0.0770        0.9527  |    0.1068/  0.1572/  0.1814            0.1814          -0.3028     0.0150  |       0.2812      0.1988
 144      0.0551        0.9234  |   -0.2469/ -0.2272/ -0.2105           -0.2105          -0.3985     0.0296  |       0.2856      0.1988
 145      0.0617        0.9778  |   -0.1212/ -0.0812/ -0.0641           -0.0641          -0.4022     0.0236  |       0.2849      0.1988
 146      0.0807        0.9298  |    0.3163/  0.3509/  0.3709            0.3709          -0.1568     0.0215  |       0.2781      0.1988
 147      0.0746        0.9562  |    0.1062/  0.1610/  0.1878            0.1878          -0.3588     0.0107  |       0.2774      0.1988
 148      0.0723        0.9731  |    0.2681/  0.3063/  0.3233            0.3233          -0.2195     0.0143  |       0.2784      0.1988
 149      0.0663        0.9375  |   -0.1007/ -0.0656/ -0.0341           -0.0341          -0.3609     0.0182  |       0.2865      0.1988
 150      0.0456        0.9521  |   -0.2782/ -0.2564/ -0.2401           -0.2401          -0.4702     0.0271  |       0.2909      0.1988
 151      0.0613        0.9507  |   -0.1063/ -0.0720/ -0.0571           -0.0571          -0.4017     0.0340  |       0.2847      0.1988
 152      0.0536        0.8915  |   -0.0021/  0.0390/  0.0624            0.0624          -0.4077     0.0273  |       0.2731      0.1988
 153      0.0620        0.9477  |    0.0196/  0.0585/  0.0852            0.0852          -0.4068     0.0200  |       0.2756      0.1988
 154      0.0738        0.9438  |    0.1173/  0.1470/  0.1710            0.1710          -0.2949     0.0114  |       0.2816      0.1988
 155      0.0535        0.9704  |   -0.0641/ -0.0378/ -0.0213           -0.0213          -0.4024     0.0135  |       0.2835      0.1988
 156      0.0638        0.9406  |   -0.2004/ -0.1744/ -0.1522           -0.1522          -0.3699     0.0240  |       0.2859      0.1988
 157      0.0524        0.9276  |   -0.0238/  0.0353/  0.0622            0.0622          -0.3503     0.0260  |       0.2824      0.1988
 158      0.0766        0.9408  |    0.1397/  0.1728/  0.1908            0.1908          -0.3494     0.0174  |       0.2775      0.1988
 159      0.0715        0.9653  |    0.0756/  0.1285/  0.1564            0.1564          -0.3222     0.0151  |       0.2814      0.1988
 160      0.0532        0.9392  |   -0.2133/ -0.1508/ -0.1269           -0.1269          -0.4217     0.0175  |       0.2878      0.1988
 161      0.0559        0.9629  |   -0.1901/ -0.1657/ -0.1508           -0.1508          -0.4172     0.0215  |       0.2854      0.1988
 162      0.0677        0.9482  |    0.1316/  0.1852/  0.2134            0.2134          -0.2965     0.0201  |       0.2809      0.1988
 163      0.0753        0.9880  |    0.2684/  0.2967/  0.3191            0.3191          -0.1674     0.0165  |       0.2808      0.1988
 164      0.0614        0.9332  |   -0.2917/ -0.2560/ -0.2341           -0.2341          -0.4072     0.0318  |       0.2869      0.1988
 165      0.0542        0.9428  |    0.0105/  0.0482/  0.0751            0.0751          -0.3386     0.0129  |       0.2825      0.1988
 166      0.0801        0.9749  |    0.2287/  0.2561/  0.2789            0.2789          -0.2683     0.0232  |       0.2806      0.1988
 167      0.0436        0.9637  |   -0.2111/ -0.1704/ -0.1527           -0.1527          -0.4227     0.0142  |       0.2831      0.1988
 168      0.0583        0.9636  |   -0.1314/ -0.0996/ -0.0803           -0.0803          -0.4084     0.0208  |       0.2847      0.1988
 169      0.0697        0.9544  |    0.0934/  0.1316/  0.1579            0.1579          -0.3208     0.0222  |       0.2817      0.1988
 170      0.0705        0.9813  |    0.1355/  0.1665/  0.1858            0.1858          -0.2929     0.0163  |       0.2810      0.1988
 171      0.0714        0.9490  |   -0.1059/ -0.0565/ -0.0311           -0.0311          -0.3585     0.0226  |       0.2864      0.1988
 172      0.0695        0.9917  |   -0.1144/ -0.0656/ -0.0389           -0.0389          -0.3544     0.0135  |       0.2865      0.1988
 173      0.0491        0.9637  |   -0.1662/ -0.1348/ -0.1174           -0.1174          -0.3901     0.0320  |       0.2892      0.1988
 174      0.0600        0.9762  |   -0.0400/ -0.0045/  0.0136            0.0136          -0.3719     0.0251  |       0.2904      0.1988
 175      0.0403        0.9709  |   -0.2931/ -0.2621/ -0.2458           -0.2458          -0.4680     0.0327  |       0.2884      0.1988
 176      0.0708        0.9299  |    0.1185/  0.1570/  0.1862            0.1862          -0.3179     0.0287  |       0.2810      0.1988
 177      0.0772        0.9745  |    0.2554/  0.2967/  0.3192            0.3192          -0.2056     0.0191  |       0.2798      0.1988
 178      0.0508        0.9335  |   -0.3198/ -0.2794/ -0.2494           -0.2494          -0.4477     0.0182  |       0.2872      0.1988
 179      0.0633        0.9423  |   -0.0377/  0.0179/  0.0485            0.0485          -0.3394     0.0129  |       0.2819      0.1988
 180      0.0791        0.9567  |    0.2987/  0.3230/  0.3430            0.3430          -0.1616     0.0244  |       0.2782      0.1988
 181      0.0764        0.9730  |    0.1760/  0.2114/  0.2351            0.2351          -0.2519     0.0141  |       0.2799      0.1988
 182      0.0641        0.9219  |   -0.1375/ -0.0869/ -0.0645           -0.0645          -0.3998     0.0098  |       0.2852      0.1988
 183      0.0556        0.9193  |    0.0444/  0.0831/  0.1118            0.1118          -0.3763     0.0208  |       0.2821      0.1988
 184      0.0596        0.9090  |   -0.2337/ -0.2078/ -0.1906           -0.1906          -0.3714     0.0312  |       0.2861      0.1988
 185      0.0689        0.9321  |    0.1664/  0.2083/  0.2374            0.2374          -0.2914     0.0176  |       0.2785      0.1988
 186      0.0723        0.9675  |    0.1503/  0.1892/  0.2135            0.2135          -0.3636     0.0203  |       0.2758      0.1988
 187      0.0696        0.9761  |    0.1287/  0.1617/  0.1791            0.1791          -0.3400     0.0135  |       0.2776      0.1988
 188      0.0626        0.9129  |   -0.1263/ -0.0795/ -0.0606           -0.0606          -0.4102     0.0231  |       0.2851      0.1988
 189      0.0572        0.9230  |   -0.0029/  0.0302/  0.0559            0.0559          -0.4064     0.0188  |       0.2820      0.1988
 190      0.0549        0.9465  |   -0.0462/ -0.0101/  0.0127            0.0127          -0.4053     0.0191  |       0.2837      0.1988
 191      0.0816        0.9593  |    0.2444/  0.2760/  0.2971            0.2971          -0.2014     0.0123  |       0.2805      0.1988
 192      0.0538        0.9606  |   -0.0939/ -0.0483/ -0.0222           -0.0222          -0.4065     0.0211  |       0.2837      0.1988
 193      0.0232        0.9532  |   -0.2551/ -0.2165/ -0.1906           -0.1906          -0.4954     0.0367  |       0.2857      0.1988
 194      0.0542        0.8706  |   -0.0227/ -0.0016/  0.0139            0.0139          -0.2846     0.0424  |       0.2743      0.1988
 195      0.1100        0.8055  |    0.1785/  0.2295/  0.2602            0.2602          -0.2924     0.0239  |       0.2562      0.1988
 196      0.1294        0.9311  |    0.3283/  0.3522/  0.3680            0.3680          -0.1619     0.0122  |       0.2554      0.1988
 197      0.0970        0.9330  |    0.2948/  0.3351/  0.3533            0.3533          -0.2123     0.0154  |       0.2576      0.1988
 198      0.0843        0.8977  |    0.3571/  0.3832/  0.3987            0.3987          -0.2986     0.0178  |       0.2612      0.1988
 199      0.0815        0.8924  |    0.5875/  0.6161/  0.6276            0.6276           0.0461     0.0159  |       0.2659      0.1988
 200      0.0620        0.8486  |    0.0860/  0.1211/  0.1454            0.1454          -0.3892     0.0076  |       0.2739      0.1988
 201      0.0712        0.9583  |    0.1574/  0.1864/  0.2052            0.2052          -0.3212     0.0106  |       0.2762      0.1988
 202      0.0734        0.9956  |    0.1505/  0.1733/  0.1962            0.1962          -0.3186     0.0161  |       0.2762      0.1988
 203      0.0386        0.9219  |   -0.2260/ -0.1915/ -0.1610           -0.1610          -0.4627     0.0407  |       0.2843      0.1988
 204      0.0763        0.8264  |    0.4058/  0.4439/  0.4720            0.4720          -0.0703     0.0186  |       0.2682      0.1988
 205      0.0648        0.9610  |    0.3993/  0.4288/  0.4486            0.4486          -0.2219     0.0209  |       0.2678      0.1988
 206      0.0668        0.8801  |    0.1178/  0.1510/  0.1780            0.1780          -0.3040     0.0183  |       0.2763      0.1988
 207      0.0669        0.9229  |    0.2898/  0.3262/  0.3478            0.3478          -0.2562     0.0107  |       0.2728      0.1988
 208      0.0601        0.9488  |    0.1010/  0.1485/  0.1751            0.1751          -0.3309     0.0088  |       0.2752      0.1988
 209      0.0858        0.9469  |    0.2860/  0.3166/  0.3416            0.3416          -0.1949     0.0128  |       0.2802      0.1988
 210      0.0656        0.9614  |    0.1095/  0.1428/  0.1640            0.1640          -0.3196     0.0151  |       0.2818      0.1988
 211      0.0645        0.9286  |   -0.2758/ -0.2456/ -0.2247           -0.2247          -0.3943     0.0205  |       0.2867      0.1988
 212      0.0592        0.9814  |   -0.1797/ -0.1618/ -0.1469           -0.1469          -0.4078     0.0360  |       0.2858      0.1988
 213      0.0684        0.8769  |    0.2763/  0.3043/  0.3360            0.3360          -0.2695     0.0265  |       0.2728      0.1988
 214      0.0646        0.9504  |    0.2430/  0.2785/  0.3039            0.3039          -0.1706     0.0107  |       0.2708      0.1988
 215      0.0517        0.9307  |    0.0241/  0.0643/  0.0899            0.0899          -0.3132     0.0097  |       0.2743      0.1988
 216      0.0751        0.9354  |    0.2516/  0.2795/  0.3065            0.3065          -0.1815     0.0099  |       0.2808      0.1988
 217      0.0509        0.9477  |   -0.2594/ -0.2145/ -0.1951           -0.1951          -0.4509     0.0211  |       0.2840      0.1988
 218      0.0886        0.9407  |    0.2743/  0.3149/  0.3355            0.3355          -0.1908     0.0136  |       0.2780      0.1988
 219      0.0675        0.9503  |    0.0866/  0.1257/  0.1525            0.1525          -0.2982     0.0086  |       0.2736      0.1988
 220      0.0565        0.9692  |    0.0806/  0.1267/  0.1534            0.1534          -0.3910     0.0145  |       0.2748      0.1988
 221      0.0707        0.9399  |    0.2085/  0.2430/  0.2698            0.2698          -0.2110     0.0066  |       0.2809      0.1988
 222      0.0865        0.9773  |    0.3217/  0.3644/  0.3841            0.3841          -0.1644     0.0105  |       0.2796      0.1988
 223      0.0801        0.9828  |    0.1679/  0.2120/  0.2401            0.2401          -0.2358     0.0145  |       0.2804      0.1988
 224      0.0490        0.9294  |   -0.2759/ -0.2297/ -0.2025           -0.2025          -0.4240     0.0135  |       0.2878      0.1988
 225      0.0485        0.9741  |   -0.2459/ -0.2256/ -0.2152           -0.2152          -0.4337     0.0274  |       0.2856      0.1988
 226      0.0792        0.9046  |    0.1259/  0.1575/  0.1912            0.1912          -0.2683     0.0300  |       0.2771      0.1988
 227      0.0626        0.9366  |    0.1906/  0.2263/  0.2539            0.2539          -0.3094     0.0138  |       0.2723      0.1988
 228      0.0553        0.9683  |    0.0461/  0.0863/  0.1065            0.1065          -0.3355     0.0135  |       0.2744      0.1988
 229      0.0797        0.9429  |    0.2442/  0.2786/  0.3026            0.3026          -0.2569     0.0147  |       0.2807      0.1988
 230      0.0445        0.9249  |   -0.2945/ -0.2687/ -0.2411           -0.2411          -0.4400     0.0318  |       0.2877      0.1988
 231      0.0666        0.9138  |    0.0577/  0.0991/  0.1402            0.1402          -0.3447     0.0257  |       0.2776      0.1988
 232      0.0546        0.9579  |    0.2047/  0.2340/  0.2554            0.2554          -0.2793     0.0100  |       0.2741      0.1988
 233      0.0526        0.9793  |    0.0493/  0.0922/  0.1209            0.1209          -0.3160     0.0078  |       0.2743      0.1988
 234      0.0621        0.9720  |    0.0982/  0.1413/  0.1712            0.1712          -0.3011     0.0029  |       0.2751      0.1988
 235      0.0670        0.9511  |    0.2700/  0.3007/  0.3257            0.3257          -0.2950     0.0081  |       0.2767      0.1988
 236      0.0717        0.9501  |    0.2170/  0.2490/  0.2690            0.2690          -0.2180     0.0079  |       0.2801      0.1988
 237      0.0570        0.9522  |   -0.0993/ -0.0523/ -0.0266           -0.0266          -0.3984     0.0145  |       0.2833      0.1988
 238      0.0653        0.9647  |   -0.0852/ -0.0511/ -0.0278           -0.0278          -0.3953     0.0215  |       0.2848      0.1988
 239      0.0458        0.9636  |   -0.2237/ -0.1865/ -0.1681           -0.1681          -0.4395     0.0245  |       0.2839      0.1988
 240      0.0771        0.9714  |    0.1703/  0.2105/  0.2334            0.2334          -0.2718     0.0289  |       0.2816      0.1988
 241      0.0591        0.9836  |   -0.1656/ -0.1312/ -0.1108           -0.1108          -0.4296     0.0140  |       0.2828      0.1988
 242      0.0702        0.9540  |    0.2157/  0.2481/  0.2691            0.2691          -0.2607     0.0170  |       0.2783      0.1988
 243      0.0554        0.9416  |   -0.0341/  0.0138/  0.0352            0.0352          -0.3838     0.0169  |       0.2835      0.1988
 244      0.0646        0.9527  |   -0.0810/ -0.0450/ -0.0281           -0.0281          -0.3826     0.0215  |       0.2853      0.1988
 245      0.0678        0.9791  |   -0.0792/ -0.0417/ -0.0239           -0.0239          -0.3784     0.0140  |       0.2846      0.1988
 246      0.0495        0.9764  |   -0.1786/ -0.1409/ -0.1220           -0.1220          -0.4559     0.0344  |       0.2838      0.1988
 247      0.0770        0.9420  |    0.2645/  0.2980/  0.3148            0.3148          -0.2576     0.0182  |       0.2798      0.1988
 248      0.0805        0.9784  |    0.2509/  0.2845/  0.3042            0.3042          -0.1947     0.0138  |       0.2799      0.1988
 249      0.0522        0.9292  |   -0.3113/ -0.2809/ -0.2573           -0.2573          -0.4413     0.0227  |       0.2871      0.1988
 250      0.0836        0.9250  |    0.2178/  0.2781/  0.3043            0.3043          -0.2554     0.0121  |       0.2798      0.1988
 251      0.0715        0.9563  |    0.0650/  0.1171/  0.1388            0.1388          -0.3251     0.0249  |       0.2817      0.1988
 252      0.0611        0.9579  |   -0.0974/ -0.0632/ -0.0444           -0.0444          -0.3896     0.0142  |       0.2846      0.1988
 253      0.0637        0.9796  |   -0.1765/ -0.1487/ -0.1333           -0.1333          -0.4053     0.0161  |       0.2858      0.1988
 254      0.0441        0.9759  |   -0.2020/ -0.1840/ -0.1684           -0.1684          -0.4748     0.0345  |       0.2843      0.1988
 255      0.0717        0.9415  |    0.2524/  0.3107/  0.3354            0.3354          -0.2384     0.0289  |       0.2784      0.1988
 256      0.0794        0.9862  |    0.2067/  0.2388/  0.2642            0.2642          -0.2321     0.0137  |       0.2788      0.1988
 257      0.0603        0.9297  |   -0.2528/ -0.2112/ -0.1868           -0.1868          -0.3731     0.0197  |       0.2860      0.1988
 258      0.0711        0.9751  |   -0.1653/ -0.1475/ -0.1296           -0.1296          -0.3916     0.0306  |       0.2862      0.1988
 259      0.0637        0.9558  |   -0.0520/ -0.0283/ -0.0099           -0.0099          -0.4105     0.0337  |       0.2835      0.1988
 260      0.0707        0.9206  |    0.1586/  0.1962/  0.2188            0.2188          -0.3293     0.0130  |       0.2774      0.1988
 261      0.0639        0.9520  |    0.1172/  0.1471/  0.1650            0.1650          -0.3691     0.0114  |       0.2766      0.1988
 262      0.0591        0.9083  |    0.0953/  0.1360/  0.1612            0.1612          -0.3273     0.0186  |       0.2824      0.1988
 263      0.0653        0.9333  |   -0.1625/ -0.1139/ -0.0949           -0.0949          -0.4345     0.0193  |       0.2916      0.1988
 264      0.0537        0.9814  |   -0.2251/ -0.1867/ -0.1727           -0.1727          -0.4636     0.0321  |       0.2918      0.1988
 265      0.0572        0.9570  |   -0.2345/ -0.2171/ -0.2015           -0.2015          -0.4281     0.0317  |       0.2869      0.1988
 266      0.0682        0.9369  |    0.0938/  0.1297/  0.1487            0.1487          -0.3468     0.0257  |       0.2814      0.1988
 267      0.0756        0.9589  |    0.2183/  0.2611/  0.2832            0.2832          -0.2540     0.0179  |       0.2779      0.1988
 268      0.0784        0.9616  |    0.2013/  0.2412/  0.2638            0.2638          -0.2559     0.0174  |       0.2816      0.1988
 269      0.0640        0.9506  |   -0.0538/ -0.0132/  0.0116            0.0116          -0.3704     0.0205  |       0.2904      0.1988
 270      0.0581        0.9680  |   -0.2281/ -0.1889/ -0.1695           -0.1695          -0.4355     0.0201  |       0.2900      0.1988
 271      0.0582        0.9691  |   -0.1739/ -0.1480/ -0.1328           -0.1328          -0.4466     0.0308  |       0.2916      0.1988
 272      0.0585        0.9527  |   -0.1675/ -0.1307/ -0.1169           -0.1169          -0.3964     0.0357  |       0.2856      0.1988
 273      0.0677        0.9281  |    0.2208/  0.2410/  0.2586            0.2586          -0.2992     0.0218  |       0.2777      0.1988
 274      0.0694        0.9564  |    0.0748/  0.1073/  0.1312            0.1312          -0.3291     0.0139  |       0.2811      0.1988
 275      0.0513        0.9554  |   -0.1001/ -0.0662/ -0.0454           -0.0454          -0.4110     0.0173  |       0.2836      0.1988
 276      0.0775        0.9649  |    0.1327/  0.1712/  0.1968            0.1968          -0.3078     0.0129  |       0.2813      0.1988
 277      0.0603        0.9280  |   -0.2535/ -0.2104/ -0.1933           -0.1933          -0.3792     0.0321  |       0.2860      0.1988
 278      0.0604        0.8301  |    0.1688/  0.2042/  0.2370            0.2370          -0.3627     0.0248  |       0.2719      0.1988
 279      0.0703        0.9412  |    0.4833/  0.5138/  0.5311            0.5311          -0.0555     0.0154  |       0.2690      0.1988
 280      0.0752        0.8939  |    0.2075/  0.2350/  0.2616            0.2616          -0.2958     0.0093  |       0.2761      0.1988
 281      0.0824        0.9650  |    0.3391/  0.3706/  0.3897            0.3897          -0.1475     0.0170  |       0.2781      0.1988
 282      0.0493        0.9181  |   -0.3068/ -0.2633/ -0.2378           -0.2378          -0.4354     0.0226  |       0.2876      0.1988
 283      0.0637        0.9218  |    0.1624/  0.2148/  0.2656            0.2656          -0.2707     0.0206  |       0.2783      0.1988
 284      0.0749        0.8853  |    0.4764/  0.4967/  0.5123            0.5123           0.0283     0.0188  |       0.2686      0.1988
 285      0.0625        0.8795  |    0.1087/  0.1448/  0.1707            0.1707          -0.3660     0.0117  |       0.2749      0.1988
 286      0.0669        0.9635  |    0.1539/  0.1996/  0.2280            0.2280          -0.3060     0.0097  |       0.2785      0.1988
 287      0.0449        0.9505  |   -0.2422/ -0.2163/ -0.1977           -0.1977          -0.4564     0.0138  |       0.2840      0.1988
 288      0.0527        0.9889  |   -0.2258/ -0.2149/ -0.2027           -0.2027          -0.4574     0.0447  |       0.2841      0.1988
 289      0.0778        0.8135  |    0.5361/  0.5616/  0.5825            0.5825           0.0707     0.0238  |       0.2647      0.1988
 290      0.0908        0.8739  |    0.3501/  0.3818/  0.4011            0.4011          -0.1599     0.0171  |       0.2586      0.1988
 291      0.0696        0.8852  |    0.4921/  0.5298/  0.5455            0.5455          -0.0817     0.0146  |       0.2640      0.1988
 292      0.0760        0.9156  |    0.4607/  0.4782/  0.4941            0.4941           0.0214     0.0116  |       0.2685      0.1988
 293      0.0587        0.9238  |    0.0830/  0.1141/  0.1433            0.1433          -0.3514     0.0065  |       0.2732      0.1988
 294      0.0486        0.9588  |   -0.0574/ -0.0236/  0.0007            0.0007          -0.3714     0.0088  |       0.2745      0.1988
 295      0.0544        0.9447  |   -0.0274/  0.0066/  0.0385            0.0385          -0.3678     0.0208  |       0.2765      0.1988
 296      0.0789        0.9392  |    0.2930/  0.3189/  0.3390            0.3390          -0.1240     0.0037  |       0.2801      0.1988
 297      0.0765        0.9701  |    0.0296/  0.0895/  0.1162            0.1162          -0.3425     0.0165  |       0.2811      0.1988
 298      0.0634        0.9424  |   -0.1844/ -0.1382/ -0.1153           -0.1153          -0.4027     0.0209  |       0.2849      0.1988
 299      0.0693        0.9363  |    0.1310/  0.1701/  0.1966            0.1966          -0.2999     0.0129  |       0.2810      0.1988
IMAGEIO FFMPEG_WRITER WARNING: input image is not divisible by macro_block_size=16, resizing from (320, 180) to (320, 192) to ensure video compatibility with most codecs and players. To prevent resizing, make your input image divisible by the macro_block_size or set the macro_block_size to 1 (risking incompatibility).

Saved 300 frames -> /home/ashwink/Documents/swms/SWM_copy/rollouts_5_per/expert-only/epoch5/epoch5_rollout4_failure.mp4
min dist(green_cube,blue_moon) over episode = 0.1988  ->  FAILURE
Full log written to /home/ashwink/Documents/swms/SWM_copy/rollouts_5_per/expert-only/epoch5/epoch5_rollout4_20260723_123915.log
Result json -> /home/ashwink/Documents/swms/SWM_copy/rollouts_5_per/expert-only/epoch5/epoch5_rollout4_result.json
