Checkpoint dir epoch: 15  Rollout: 2
Logging to /home/ashwink/Documents/swms/SWM_copy/rollouts_5_per/expert-only/epoch15/epoch15_rollout2_20260723_135305.log
Goal (fixed, steps 0-299): the green cube is touching the blue moon. the peg is touching the green cube.

Checkpoint: /home/ashwink/Documents/swms/SWM_copy/training/checkpoints_clip_full_finetuned_wider_hl/epoch_015.pt
  epoch=15  step=13728

Loading CLIP ViT-L/14 (datacomp_xl_s13b_b90k) + fine-tuned clip_state_dict ...
Parsing model identifier. Schema: None, Identifier: ViT-L-14
Loaded built-in ViT-L-14 model config.
Instantiating model architecture: CLIP
Loading full pretrained weights from: /home/ashwink/.cache/huggingface/hub/models--laion--CLIP-ViT-L-14-DataComp.XL-s13B-b90K/snapshots/84c9828e63dc9a9351d1fe637c346d4c1c4db341/open_clip_pytorch_model.bin
Final image preprocessing configuration set: {'size': (224, 224), 'mode': 'RGB', 'mean': (0.48145466, 0.4578275, 0.40821073), 'std': (0.26862954, 0.26130258, 0.27577711), 'interpolation': 'bicubic', 'resize_mode': 'shortest', 'fill_color': 0}
Model ViT-L-14 creation process complete.
Parsing tokenizer identifier. Schema: None, Identifier: ViT-L-14
Attempting to load config from built-in: ViT-L-14
Using default SimpleTokenizer.
z_star shape: torch.Size([768])

Loading action stats from /home/ashwink/full_data_5000/langtable/demos/ ...
  lo=[-0.03372681140899658, -0.03493623435497284]  hi=[0.03496786952018738, 0.03494429588317871]

Initializing LangTable env ...
Loading URDF plane.urdf
Loading URDF /home/ashwink/Documents/swms/.venv/lib/python3.10/site-packages/language_table/environments/utils/../../../language_table/environments/assets/workspace_real.urdf
Loading URDF xarm/xarm6_robot_white.urdf
Loading URDF /home/ashwink/Documents/swms/.venv/lib/python3.10/site-packages/language_table/environments/utils/../../../language_table/environments/assets/suction/cylinder_real.urdf
Loading URDF /home/ashwink/Documents/swms/.venv/lib/python3.10/site-packages/language_table/environments/utils/../../../language_table/environments/assets/blocks/red_moon.urdf
Loading URDF /home/ashwink/Documents/swms/.venv/lib/python3.10/site-packages/language_table/environments/utils/../../../language_table/environments/assets/blocks/red_cube.urdf
Loading URDF /home/ashwink/Documents/swms/.venv/lib/python3.10/site-packages/language_table/environments/utils/../../../language_table/environments/assets/blocks/red_star.urdf
Loading URDF /home/ashwink/Documents/swms/.venv/lib/python3.10/site-packages/language_table/environments/utils/../../../language_table/environments/assets/blocks/red_pentagon.urdf
Loading URDF /home/ashwink/Documents/swms/.venv/lib/python3.10/site-packages/language_table/environments/utils/../../../language_table/environments/assets/blocks/blue_moon.urdf
Loading URDF /home/ashwink/Documents/swms/.venv/lib/python3.10/site-packages/language_table/environments/utils/../../../language_table/environments/assets/blocks/blue_cube.urdf
Loading URDF /home/ashwink/Documents/swms/.venv/lib/python3.10/site-packages/language_table/environments/utils/../../../language_table/environments/assets/blocks/blue_star.urdf
Loading URDF /home/ashwink/Documents/swms/.venv/lib/python3.10/site-packages/language_table/environments/utils/../../../language_table/environments/assets/blocks/blue_pentagon.urdf
Loading URDF /home/ashwink/Documents/swms/.venv/lib/python3.10/site-packages/language_table/environments/utils/../../../language_table/environments/assets/blocks/yellow_moon.urdf
Loading URDF /home/ashwink/Documents/swms/.venv/lib/python3.10/site-packages/language_table/environments/utils/../../../language_table/environments/assets/blocks/yellow_cube.urdf
Loading URDF /home/ashwink/Documents/swms/.venv/lib/python3.10/site-packages/language_table/environments/utils/../../../language_table/environments/assets/blocks/yellow_star.urdf
Loading URDF /home/ashwink/Documents/swms/.venv/lib/python3.10/site-packages/language_table/environments/utils/../../../language_table/environments/assets/blocks/yellow_pentagon.urdf
Loading URDF /home/ashwink/Documents/swms/.venv/lib/python3.10/site-packages/language_table/environments/utils/../../../language_table/environments/assets/blocks/green_moon.urdf
Loading URDF /home/ashwink/Documents/swms/.venv/lib/python3.10/site-packages/language_table/environments/utils/../../../language_table/environments/assets/blocks/green_cube.urdf
Loading URDF /home/ashwink/Documents/swms/.venv/lib/python3.10/site-packages/language_table/environments/utils/../../../language_table/environments/assets/blocks/green_star.urdf
Loading URDF /home/ashwink/Documents/swms/.venv/lib/python3.10/site-packages/language_table/environments/utils/../../../language_table/environments/assets/blocks/green_pentagon.urdf
Loading URDF /home/ashwink/Documents/swms/.venv/lib/python3.10/site-packages/language_table/environments/utils/../../../language_table/environments/assets/blocks/purple_moon.urdf
Loading URDF /home/ashwink/Documents/swms/.venv/lib/python3.10/site-packages/language_table/environments/utils/../../../language_table/environments/assets/blocks/purple_cube.urdf
Loading URDF /home/ashwink/Documents/swms/.venv/lib/python3.10/site-packages/language_table/environments/utils/../../../language_table/environments/assets/blocks/purple_star.urdf
Loading URDF /home/ashwink/Documents/swms/.venv/lib/python3.10/site-packages/language_table/environments/utils/../../../language_table/environments/assets/blocks/purple_pentagon.urdf
Env ready.

Forced peg start: [0.42843915 0.24419614]  (green_cube=[0.40339102 0.18967466], blue_moon=[0.32039625 0.00902261])
  dist(peg,green_cube)=0.0600  dist(peg,blue_moon)=0.2588  dist(green_cube,blue_moon)=0.1988

step  cos(zt,z*)  cos(zt,zt-1)  |   cos(predK,z*) min/mean/max  cos(pred_sel,z*)   cos(zpred0,z*)  ||a_raw||  |  dist(peg,A)   dist(A,B)
-------------------------------------------------------------------------------------------------------------------------------------------------------------------------------
   0      0.0925           nan  |    0.3903/  0.7061/  0.7318            0.7318           0.6527     0.0144  |       0.0587      0.1988
   1      0.0938        0.9897  |    0.6957/  0.7174/  0.7274            0.7274           0.6525     0.0083  |       0.0592      0.1988
   2      0.0962        0.9914  |    0.6823/  0.7096/  0.7170            0.7170           0.6484     0.0098  |       0.0535      0.1988
   3      0.0928        0.9815  |    0.6856/  0.7052/  0.7144            0.7144           0.6417     0.0149  |       0.0528      0.1988
   4      0.0947        0.9933  |    0.6819/  0.6976/  0.7071            0.7071           0.6419     0.0131  |       0.0406      0.1988
   5      0.0958        0.8673  |    0.6896/  0.7166/  0.7265            0.7265           0.6577     0.0125  |       0.0403      0.1909
   6      0.1065        0.8963  |    0.7026/  0.7162/  0.7241            0.7241           0.6644     0.0233  |       0.0443      0.1909
   7      0.0979        0.9010  |    0.6877/  0.6987/  0.7101            0.7101           0.6561     0.0124  |       0.0479      0.1909
   8      0.0839        0.9373  |    0.6913/  0.7059/  0.7169            0.7169           0.6660     0.0220  |       0.0481      0.1909
   9      0.0843        0.9121  |    0.6625/  0.6906/  0.7021            0.7021           0.6606     0.0072  |       0.0622      0.1909
  10      0.0710        0.9747  |    0.6420/  0.6996/  0.7116            0.7116           0.6561     0.0075  |       0.0664      0.1909
  11      0.0706        0.9699  |    0.6719/  0.7045/  0.7146            0.7146           0.6582     0.0026  |       0.0616      0.1909
  12      0.0802        0.9860  |    0.6842/  0.6977/  0.7069            0.7069           0.6571     0.0055  |       0.0607      0.1909
  13      0.0766        0.9762  |    0.6618/  0.6920/  0.7058            0.7058           0.6473     0.0094  |       0.0608      0.1909
  14      0.0673        0.9339  |    0.6681/  0.6970/  0.7099            0.7099           0.6362     0.0125  |       0.0609      0.1909
  15      0.0487        0.9541  |    0.6318/  0.7295/  0.7420            0.7420           0.6543     0.0023  |       0.0521      0.1909
  16      0.0482        0.9811  |    0.6733/  0.7132/  0.7251            0.7251           0.6481     0.0196  |       0.0534      0.1909
  17      0.0668        0.9048  |    0.6451/  0.6689/  0.6779            0.6779           0.6257     0.0122  |       0.0714      0.1909
  18      0.0511        0.9628  |    0.6546/  0.6913/  0.6999            0.6999           0.6477     0.0122  |       0.0649      0.1909
  19      0.0637        0.9063  |    0.5573/  0.5770/  0.5860            0.5860           0.5205     0.0084  |       0.0756      0.1909
  20      0.0699        0.9354  |    0.5987/  0.6124/  0.6190            0.6190           0.5817     0.0052  |       0.0836      0.1909
  21      0.0730        0.9524  |    0.6646/  0.6797/  0.6876            0.6876           0.6538     0.0085  |       0.0889      0.1909
  22      0.0828        0.9699  |    0.6609/  0.6728/  0.6806            0.6806           0.6471     0.0099  |       0.0968      0.1909
  23      0.0824        0.9331  |    0.5688/  0.6036/  0.6144            0.6144           0.5573     0.0117  |       0.1055      0.1909
  24      0.0593        0.9000  |    0.3177/  0.3645/  0.3880            0.3880           0.0760     0.0210  |       0.1084      0.1909
  25      0.0416        0.7892  |    0.0095/  0.0718/  0.1015            0.1015          -0.2340     0.0342  |       0.1162      0.1909
  26      0.0425        0.8881  |    0.3437/  0.3572/  0.3651            0.3651           0.3353     0.0236  |       0.1066      0.1909
  27     -0.0024        0.8654  |    0.3477/  0.3951/  0.4103            0.4103           0.1277     0.0169  |       0.0980      0.1909
  28     -0.0508        0.9148  |    0.1360/  0.1397/  0.1433            0.1433          -0.1646     0.0270  |       0.1072      0.1909
  29     -0.0354        0.7975  |   -0.1836/ -0.1578/ -0.1416           -0.1416          -0.2646     0.0124  |       0.1245      0.1909
  30     -0.0223        0.8721  |   -0.0604/ -0.0111/  0.0133            0.0133          -0.2499     0.0351  |       0.1372      0.1909
  31      0.0014        0.7546  |   -0.2571/ -0.2337/ -0.2261           -0.2261          -0.2697     0.0374  |       0.1702      0.1909
  32     -0.0275        0.7123  |   -0.2531/ -0.2257/ -0.2179           -0.2179          -0.2729     0.0089  |       0.2066      0.1920
  33     -0.0470        0.8884  |   -0.2475/ -0.2278/ -0.2227           -0.2227          -0.2709     0.0121  |       0.2142      0.1920
  34     -0.0241        0.8554  |   -0.2555/ -0.2406/ -0.2258           -0.2258          -0.2831     0.0317  |       0.2201      0.1920
  35     -0.0584        0.8335  |   -0.2584/ -0.2220/ -0.2005           -0.2005          -0.3991     0.0304  |       0.2444      0.1920
  36     -0.0248        0.7187  |   -0.1186/ -0.0845/ -0.0499           -0.0499          -0.2918     0.0276  |       0.2223      0.1920
  37     -0.0207        0.7297  |   -0.1893/ -0.1612/ -0.1298           -0.1298          -0.2779     0.0297  |       0.2056      0.1920
  38     -0.0435        0.8478  |   -0.2390/ -0.2232/ -0.2107           -0.2107          -0.2649     0.0347  |       0.2187      0.1920
  39     -0.0003        0.8342  |   -0.2072/ -0.1672/ -0.1124           -0.1124          -0.2700     0.0236  |       0.2488      0.1920
  40      0.0164        0.9189  |   -0.1500/ -0.0966/ -0.0559           -0.0559          -0.2740     0.0326  |       0.2629      0.1920
  41      0.0873        0.7904  |   -0.0792/ -0.0474/ -0.0071           -0.0071          -0.2650     0.0396  |       0.2923      0.1920
  42      0.1085        0.8796  |   -0.0146/  0.0270/  0.0496            0.0496          -0.2070     0.0349  |       0.3273      0.1920
  43      0.0838        0.9301  |    0.0730/  0.1078/  0.1240            0.1240          -0.1951     0.0358  |       0.3582      0.1920
  44      0.0899        0.9428  |    0.0236/  0.0547/  0.0781            0.0781          -0.3209     0.0366  |       0.3919      0.1920
  45      0.0786        0.9233  |    0.0550/  0.0788/  0.1055            0.1055          -0.2562     0.0400  |       0.4195      0.1920
  46      0.0889        0.9114  |   -0.2286/ -0.1761/ -0.0615           -0.0615          -0.2654     0.0390  |       0.4376      0.1920
  47      0.0947        0.9333  |   -0.2449/ -0.1985/ -0.1808           -0.1808          -0.2756     0.0332  |       0.4556      0.1920
  48      0.0989        0.9632  |   -0.2349/ -0.1907/ -0.1741           -0.1741          -0.2621     0.0297  |       0.4698      0.1920
  49      0.0998        0.9571  |   -0.2506/ -0.2141/ -0.1984           -0.1984          -0.2789     0.0207  |       0.4834      0.1920
  50      0.0996        0.9408  |   -0.2189/ -0.1893/ -0.1731           -0.1731          -0.2544     0.0147  |       0.4952      0.1920
  51      0.1087        0.9730  |   -0.2095/ -0.1755/ -0.1564           -0.1564          -0.2551     0.0128  |       0.5048      0.1920
  52      0.1077        0.9918  |   -0.1737/ -0.1401/ -0.1041           -0.1041          -0.2650     0.0307  |       0.5073      0.1920
  53      0.1119        0.9617  |    0.0078/  0.0359/  0.0688            0.0688          -0.2319     0.0369  |       0.5159      0.1920
  54      0.0924        0.9411  |    0.3607/  0.3917/  0.4050            0.4050           0.1283     0.0381  |       0.5303      0.1920
  55      0.0924        1.0000  |    0.3592/  0.3859/  0.4013            0.4013           0.1283     0.0319  |       0.5447      0.1920
  56      0.0924        1.0000  |    0.3662/  0.3925/  0.4111            0.4111           0.1283     0.0409  |       0.5460      0.1920
  57      0.0924        1.0000  |    0.3671/  0.4131/  0.4306            0.4306           0.1283     0.0289  |       0.5462      0.1920
  58      0.0924        1.0000  |    0.3745/  0.4180/  0.4354            0.4354           0.1283     0.0222  |       0.5462      0.1920
  59      0.0924        1.0000  |    0.3817/  0.4191/  0.4341            0.4341           0.1283     0.0164  |       0.5461      0.1920
  60      0.0924        1.0000  |    0.3770/  0.4284/  0.4455            0.4455           0.1283     0.0261  |       0.5460      0.1920
  61      0.0924        1.0000  |    0.3910/  0.4209/  0.4357            0.4357           0.1283     0.0215  |       0.5434      0.1920
  62      0.0924        1.0000  |    0.3721/  0.4123/  0.4311            0.4311           0.1283     0.0284  |       0.5410      0.1920
  63      0.0924        1.0000  |    0.3791/  0.4224/  0.4365            0.4365           0.1283     0.0255  |       0.5436      0.1920
  64      0.0924        1.0000  |    0.3551/  0.4151/  0.4318            0.4318           0.1283     0.0321  |       0.5425      0.1920
  65      0.0924        1.0000  |    0.3893/  0.4181/  0.4332            0.4332           0.1283     0.0212  |       0.5415      0.1920
  66      0.0924        1.0000  |    0.3760/  0.4143/  0.4311            0.4311           0.1283     0.0276  |       0.5430      0.1920
  67      0.0924        1.0000  |    0.3666/  0.4194/  0.4416            0.4416           0.1283     0.0229  |       0.5409      0.1920
  68      0.0924        1.0000  |    0.3816/  0.4299/  0.4438            0.4438           0.1283     0.0190  |       0.5391      0.1920
  69      0.0924        1.0000  |    0.4005/  0.4375/  0.4516            0.4516           0.1283     0.0246  |       0.5391      0.1920
  70      0.0924        1.0000  |    0.3836/  0.4270/  0.4440            0.4440           0.1283     0.0218  |       0.5416      0.1920
  71      0.0924        1.0000  |    0.3805/  0.4195/  0.4381            0.4381           0.1283     0.0184  |       0.5410      0.1920
  72      0.0924        1.0000  |    0.3862/  0.4258/  0.4441            0.4441           0.1283     0.0201  |       0.5419      0.1920
  73      0.0924        1.0000  |    0.3895/  0.4297/  0.4439            0.4439           0.1283     0.0309  |       0.5438      0.1920
  74      0.0924        1.0000  |    0.3687/  0.4175/  0.4352            0.4352           0.1283     0.0232  |       0.5431      0.1920
  75      0.0924        1.0000  |    0.3830/  0.4206/  0.4404            0.4404           0.1283     0.0213  |       0.5415      0.1920
  76      0.0924        1.0000  |    0.3877/  0.4210/  0.4348            0.4348           0.1283     0.0311  |       0.5419      0.1920
  77      0.0924        1.0000  |    0.3913/  0.4252/  0.4407            0.4407           0.1283     0.0259  |       0.5429      0.1920
  78      0.0924        1.0000  |    0.3879/  0.4254/  0.4420            0.4420           0.1283     0.0206  |       0.5431      0.1920
  79      0.0924        1.0000  |    0.3802/  0.4311/  0.4481            0.4481           0.1283     0.0266  |       0.5413      0.1920
  80      0.0924        1.0000  |    0.3840/  0.4205/  0.4392            0.4392           0.1283     0.0221  |       0.5427      0.1920
  81      0.0924        1.0000  |    0.3854/  0.4223/  0.4369            0.4369           0.1283     0.0231  |       0.5419      0.1920
  82      0.0924        1.0000  |    0.3822/  0.4124/  0.4311            0.4311           0.1283     0.0269  |       0.5422      0.1920
  83      0.0924        1.0000  |    0.3584/  0.4190/  0.4378            0.4378           0.1283     0.0251  |       0.5404      0.1920
  84      0.0924        1.0000  |    0.3868/  0.4093/  0.4233            0.4233           0.1283     0.0212  |       0.5428      0.1920
  85      0.0924        1.0000  |    0.3780/  0.4021/  0.4193            0.4193           0.1283     0.0236  |       0.5435      0.1920
  86      0.0924        1.0000  |    0.3727/  0.4040/  0.4191            0.4191           0.1283     0.0246  |       0.5449      0.1920
  87      0.0924        1.0000  |    0.3024/  0.3993/  0.4204            0.4204           0.1283     0.0298  |       0.5461      0.1920
  88      0.0924        1.0000  |    0.3326/  0.4080/  0.4243            0.4243           0.1283     0.0170  |       0.5462      0.1920
  89      0.0924        1.0000  |    0.3722/  0.4295/  0.4496            0.4496           0.1283     0.0205  |       0.5463      0.1920
  90      0.0924        1.0000  |    0.3843/  0.4265/  0.4448            0.4448           0.1283     0.0246  |       0.5462      0.1920
  91      0.0924        1.0000  |    0.3975/  0.4279/  0.4435            0.4435           0.1283     0.0227  |       0.5457      0.1920
  92      0.0924        1.0000  |    0.3881/  0.4278/  0.4453            0.4453           0.1283     0.0163  |       0.5461      0.1920
  93      0.0924        1.0000  |    0.3972/  0.4269/  0.4449            0.4449           0.1283     0.0291  |       0.5462      0.1920
  94      0.0924        1.0000  |    0.3684/  0.4142/  0.4303            0.4303           0.1283     0.0235  |       0.5463      0.1920
  95      0.0924        1.0000  |    0.3810/  0.4117/  0.4222            0.4222           0.1283     0.0283  |       0.5441      0.1920
  96      0.0924        1.0000  |    0.3680/  0.4026/  0.4197            0.4197           0.1283     0.0245  |       0.5460      0.1920
  97      0.0924        1.0000  |    0.3768/  0.4116/  0.4307            0.4307           0.1283     0.0258  |       0.5435      0.1920
  98      0.0924        1.0000  |    0.3659/  0.4073/  0.4245            0.4245           0.1283     0.0142  |       0.5440      0.1920
  99      0.0924        1.0000  |    0.3903/  0.4190/  0.4334            0.4334           0.1283     0.0339  |       0.5458      0.1920
 100      0.0924        1.0000  |    0.3718/  0.4264/  0.4455            0.4455           0.1283     0.0199  |       0.5462      0.1920
 101      0.0924        1.0000  |    0.3726/  0.4244/  0.4396            0.4396           0.1283     0.0220  |       0.5462      0.1920
 102      0.0924        1.0000  |    0.3997/  0.4256/  0.4401            0.4401           0.1283     0.0140  |       0.5461      0.1920
 103      0.0924        1.0000  |    0.3848/  0.4286/  0.4448            0.4448           0.1283     0.0239  |       0.5462      0.1920
 104      0.0924        1.0000  |    0.3945/  0.4323/  0.4510            0.4510           0.1283     0.0293  |       0.5430      0.1920
 105      0.0924        1.0000  |    0.3868/  0.4201/  0.4353            0.4353           0.1283     0.0273  |       0.5460      0.1920
 106      0.0924        1.0000  |    0.3777/  0.4230/  0.4404            0.4404           0.1283     0.0172  |       0.5455      0.1920
 107      0.0924        1.0000  |    0.3783/  0.4237/  0.4430            0.4430           0.1283     0.0207  |       0.5462      0.1920
 108      0.0924        1.0000  |    0.3858/  0.4231/  0.4381            0.4381           0.1283     0.0221  |       0.5438      0.1920
 109      0.0924        1.0000  |    0.3854/  0.4246/  0.4403            0.4403           0.1283     0.0256  |       0.5437      0.1920
 110      0.0924        1.0000  |    0.3790/  0.4217/  0.4378            0.4378           0.1283     0.0273  |       0.5419      0.1920
 111      0.0924        1.0000  |    0.4074/  0.4327/  0.4507            0.4507           0.1283     0.0220  |       0.5437      0.1920
 112      0.0924        1.0000  |    0.3908/  0.4233/  0.4422            0.4422           0.1283     0.0203  |       0.5408      0.1920
 113      0.0924        1.0000  |    0.3709/  0.4196/  0.4340            0.4340           0.1283     0.0296  |       0.5422      0.1920
 114      0.0924        1.0000  |    0.3876/  0.4215/  0.4361            0.4361           0.1283     0.0213  |       0.5443      0.1920
 115      0.0924        1.0000  |    0.3644/  0.4133/  0.4312            0.4312           0.1283     0.0306  |       0.5433      0.1920
 116      0.0924        1.0000  |    0.3833/  0.4105/  0.4240            0.4240           0.1283     0.0268  |       0.5457      0.1920
 117      0.0924        1.0000  |    0.3482/  0.4040/  0.4229            0.4229           0.1283     0.0188  |       0.5451      0.1920
 118      0.0924        1.0000  |    0.3676/  0.4152/  0.4356            0.4356           0.1283     0.0329  |       0.5462      0.1920
 119      0.0924        1.0000  |    0.4008/  0.4264/  0.4408            0.4408           0.1283     0.0226  |       0.5462      0.1920
 120      0.0924        1.0000  |    0.3917/  0.4285/  0.4426            0.4426           0.1283     0.0181  |       0.5462      0.1920
 121      0.0924        1.0000  |    0.3937/  0.4200/  0.4346            0.4346           0.1283     0.0274  |       0.5440      0.1920
 122      0.0924        1.0000  |    0.3818/  0.4151/  0.4321            0.4321           0.1283     0.0202  |       0.5454      0.1920
 123      0.0924        1.0000  |    0.3845/  0.4209/  0.4358            0.4358           0.1283     0.0293  |       0.5451      0.1920
 124      0.0924        1.0000  |    0.3615/  0.4036/  0.4185            0.4185           0.1283     0.0293  |       0.5438      0.1920
 125      0.0924        1.0000  |    0.3619/  0.4143/  0.4315            0.4315           0.1283     0.0219  |       0.5460      0.1920
 126      0.0924        1.0000  |    0.3647/  0.4172/  0.4339            0.4339           0.1283     0.0365  |       0.5462      0.1920
 127      0.0924        1.0000  |    0.3826/  0.4168/  0.4304            0.4304           0.1283     0.0153  |       0.5410      0.1920
 128      0.0925        1.0000  |    0.3803/  0.4142/  0.4341            0.4341           0.1289     0.0256  |       0.5412      0.1920
 129      0.0925        1.0000  |    0.3918/  0.4349/  0.4489            0.4489           0.1289     0.0274  |       0.5416      0.1920
 130      0.0925        1.0000  |    0.4010/  0.4245/  0.4404            0.4404           0.1289     0.0268  |       0.5446      0.1920
 131      0.0925        1.0000  |    0.3936/  0.4247/  0.4400            0.4400           0.1289     0.0146  |       0.5462      0.1920
 132      0.0925        1.0000  |    0.3986/  0.4288/  0.4430            0.4430           0.1289     0.0230  |       0.5463      0.1920
 133      0.0925        1.0000  |    0.3954/  0.4171/  0.4319            0.4319           0.1289     0.0310  |       0.5463      0.1920
 134      0.0925        1.0000  |    0.3863/  0.4174/  0.4343            0.4343           0.1289     0.0278  |       0.5463      0.1920
 135      0.0925        1.0000  |    0.3738/  0.3999/  0.4139            0.4139           0.1289     0.0226  |       0.5438      0.1920
 136      0.0924        1.0000  |    0.3242/  0.3945/  0.4095            0.4095           0.1281     0.0279  |       0.5435      0.1920
 137      0.0924        1.0000  |    0.3221/  0.3912/  0.4052            0.4052           0.1281     0.0319  |       0.5448      0.1920
 138      0.0925        1.0000  |    0.3390/  0.4114/  0.4301            0.4301           0.1289     0.0204  |       0.5462      0.1920
 139      0.0925        1.0000  |    0.3886/  0.4227/  0.4392            0.4392           0.1289     0.0193  |       0.5463      0.1920
 140      0.0925        1.0000  |    0.3881/  0.4201/  0.4355            0.4355           0.1289     0.0336  |       0.5463      0.1920
 141      0.0925        1.0000  |    0.3655/  0.4146/  0.4313            0.4313           0.1289     0.0222  |       0.5463      0.1920
 142      0.0925        1.0000  |    0.3876/  0.4203/  0.4387            0.4387           0.1289     0.0228  |       0.5463      0.1920
 143      0.0925        1.0000  |    0.3944/  0.4284/  0.4448            0.4448           0.1289     0.0266  |       0.5454      0.1920
 144      0.0925        1.0000  |    0.3897/  0.4183/  0.4358            0.4358           0.1289     0.0236  |       0.5457      0.1920
 145      0.0925        1.0000  |    0.3890/  0.4277/  0.4419            0.4419           0.1289     0.0232  |       0.5449      0.1920
 146      0.0925        1.0000  |    0.3986/  0.4240/  0.4399            0.4399           0.1289     0.0311  |       0.5461      0.1920
 147      0.0924        1.0000  |    0.3746/  0.4251/  0.4404            0.4404           0.1281     0.0264  |       0.5462      0.1920
 148      0.0925        1.0000  |    0.3856/  0.4237/  0.4392            0.4392           0.1289     0.0253  |       0.5433      0.1920
 149      0.0925        1.0000  |    0.3958/  0.4263/  0.4416            0.4416           0.1289     0.0290  |       0.5447      0.1920
 150      0.0925        1.0000  |    0.3803/  0.4210/  0.4418            0.4418           0.1289     0.0253  |       0.5461      0.1920
 151      0.0924        1.0000  |    0.3973/  0.4326/  0.4465            0.4465           0.1281     0.0243  |       0.5419      0.1920
 152      0.0925        1.0000  |    0.3644/  0.4183/  0.4318            0.4318           0.1289     0.0243  |       0.5420      0.1920
 153      0.0924        1.0000  |    0.3834/  0.4134/  0.4306            0.4306           0.1281     0.0237  |       0.5439      0.1920
 154      0.0924        1.0000  |    0.3812/  0.4135/  0.4328            0.4328           0.1281     0.0283  |       0.5416      0.1920
 155      0.0924        1.0000  |    0.3609/  0.4205/  0.4358            0.4358           0.1281     0.0255  |       0.5405      0.1920
 156      0.0924        1.0000  |    0.3822/  0.4197/  0.4369            0.4369           0.1281     0.0282  |       0.5433      0.1920
 157      0.0924        1.0000  |    0.3888/  0.4195/  0.4357            0.4357           0.1281     0.0289  |       0.5459      0.1920
 158      0.0924        1.0000  |    0.3765/  0.4185/  0.4347            0.4347           0.1281     0.0177  |       0.5461      0.1920
 159      0.0924        1.0000  |    0.3568/  0.4131/  0.4332            0.4332           0.1281     0.0283  |       0.5447      0.1920
 160      0.0924        1.0000  |    0.3768/  0.4107/  0.4280            0.4280           0.1281     0.0261  |       0.5460      0.1920
 161      0.0924        1.0000  |    0.3784/  0.4148/  0.4347            0.4347           0.1281     0.0149  |       0.5422      0.1920
 162      0.0924        1.0000  |    0.3877/  0.4203/  0.4351            0.4351           0.1281     0.0197  |       0.5440      0.1920
 163      0.0925        1.0000  |    0.3514/  0.4217/  0.4402            0.4402           0.1289     0.0329  |       0.5440      0.1920
 164      0.0925        1.0000  |    0.3945/  0.4240/  0.4421            0.4421           0.1289     0.0288  |       0.5461      0.1920
 165      0.0924        1.0000  |    0.3737/  0.4261/  0.4380            0.4380           0.1281     0.0134  |       0.5463      0.1920
 166      0.0925        1.0000  |    0.3651/  0.4264/  0.4439            0.4439           0.1289     0.0241  |       0.5459      0.1920
 167      0.0925        1.0000  |    0.3864/  0.4259/  0.4412            0.4412           0.1289     0.0285  |       0.5463      0.1920
 168      0.0925        1.0000  |    0.3901/  0.4254/  0.4398            0.4398           0.1289     0.0197  |       0.5463      0.1920
 169      0.0925        1.0000  |    0.3741/  0.4207/  0.4382            0.4382           0.1289     0.0176  |       0.5463      0.1920
 170      0.0924        1.0000  |    0.3869/  0.4266/  0.4420            0.4420           0.1281     0.0283  |       0.5440      0.1920
 171      0.0924        1.0000  |    0.3961/  0.4284/  0.4440            0.4440           0.1281     0.0199  |       0.5447      0.1920
 172      0.0925        1.0000  |    0.3844/  0.4311/  0.4449            0.4449           0.1294     0.0258  |       0.5443      0.1920
 173      0.0925        1.0000  |    0.3954/  0.4270/  0.4432            0.4432           0.1294     0.0267  |       0.5432      0.1920
 174      0.0925        1.0000  |    0.3925/  0.4270/  0.4420            0.4420           0.1286     0.0221  |       0.5437      0.1920
 175      0.0925        1.0000  |    0.3971/  0.4288/  0.4468            0.4468           0.1286     0.0221  |       0.5441      0.1920
 176      0.0925        1.0000  |    0.3751/  0.4296/  0.4493            0.4493           0.1294     0.0271  |       0.5441      0.1920
 177      0.0925        1.0000  |    0.3791/  0.4245/  0.4395            0.4395           0.1294     0.0212  |       0.5433      0.1920
 178      0.0925        1.0000  |    0.3881/  0.4217/  0.4386            0.4386           0.1294     0.0230  |       0.5428      0.1920
 179      0.0925        1.0000  |    0.3779/  0.4204/  0.4400            0.4400           0.1294     0.0233  |       0.5437      0.1920
 180      0.0925        1.0000  |    0.3881/  0.4154/  0.4304            0.4304           0.1294     0.0282  |       0.5432      0.1920
 181      0.0925        1.0000  |    0.3916/  0.4199/  0.4372            0.4372           0.1294     0.0207  |       0.5439      0.1920
 182      0.0925        1.0000  |    0.3892/  0.4191/  0.4405            0.4405           0.1286     0.0180  |       0.5457      0.1920
 183      0.0925        1.0000  |    0.3866/  0.4231/  0.4412            0.4412           0.1286     0.0240  |       0.5431      0.1920
 184      0.0925        1.0000  |    0.3776/  0.4280/  0.4462            0.4462           0.1294     0.0198  |       0.5431      0.1920
 185      0.0925        1.0000  |    0.3852/  0.4262/  0.4434            0.4434           0.1286     0.0241  |       0.5422      0.1920
 186      0.0924        1.0000  |    0.3931/  0.4245/  0.4378            0.4378           0.1281     0.0269  |       0.5435      0.1920
 187      0.0924        1.0000  |    0.3873/  0.4254/  0.4432            0.4432           0.1281     0.0261  |       0.5461      0.1920
 188      0.0925        1.0000  |    0.3831/  0.4211/  0.4361            0.4361           0.1286     0.0259  |       0.5458      0.1920
 189      0.0925        1.0000  |    0.3856/  0.4120/  0.4284            0.4284           0.1286     0.0221  |       0.5417      0.1920
 190      0.0925        1.0000  |    0.3697/  0.4159/  0.4348            0.4348           0.1286     0.0263  |       0.5404      0.1920
 191      0.0925        1.0000  |    0.3638/  0.4212/  0.4346            0.4346           0.1286     0.0327  |       0.5430      0.1920
 192      0.0925        1.0000  |    0.3880/  0.4330/  0.4478            0.4478           0.1286     0.0229  |       0.5460      0.1920
 193      0.0925        1.0000  |    0.3991/  0.4251/  0.4408            0.4408           0.1286     0.0244  |       0.5434      0.1920
 194      0.0925        1.0000  |    0.3941/  0.4263/  0.4413            0.4413           0.1286     0.0222  |       0.5461      0.1920
 195      0.0925        1.0000  |    0.3887/  0.4265/  0.4437            0.4437           0.1294     0.0176  |       0.5463      0.1920
 196      0.0925        1.0000  |    0.3880/  0.4243/  0.4405            0.4405           0.1294     0.0266  |       0.5453      0.1920
 197      0.0925        1.0000  |    0.3797/  0.4254/  0.4413            0.4413           0.1286     0.0300  |       0.5446      0.1920
 198      0.0925        1.0000  |    0.3879/  0.4223/  0.4364            0.4364           0.1286     0.0253  |       0.5462      0.1920
 199      0.0925        1.0000  |    0.3494/  0.4248/  0.4419            0.4419           0.1286     0.0269  |       0.5463      0.1920
 200      0.0925        1.0000  |    0.3885/  0.4228/  0.4381            0.4381           0.1286     0.0256  |       0.5463      0.1920
 201      0.0924        1.0000  |    0.3565/  0.4171/  0.4327            0.4327           0.1281     0.0186  |       0.5463      0.1920
 202      0.0924        1.0000  |    0.3870/  0.4190/  0.4339            0.4339           0.1281     0.0242  |       0.5441      0.1920
 203      0.0925        1.0000  |    0.3740/  0.4030/  0.4176            0.4176           0.1286     0.0315  |       0.5428      0.1920
 204      0.0925        1.0000  |    0.3828/  0.4079/  0.4234            0.4234           0.1286     0.0212  |       0.5428      0.1920
 205      0.0925        1.0000  |    0.3795/  0.4229/  0.4405            0.4405           0.1286     0.0291  |       0.5460      0.1920
 206      0.0925        1.0000  |    0.4006/  0.4295/  0.4496            0.4496           0.1286     0.0237  |       0.5463      0.1920
 207      0.0925        1.0000  |    0.3994/  0.4272/  0.4449            0.4449           0.1286     0.0196  |       0.5450      0.1920
 208      0.0925        1.0000  |    0.3871/  0.4213/  0.4400            0.4400           0.1286     0.0227  |       0.5454      0.1920
 209      0.0925        1.0000  |    0.3839/  0.4216/  0.4403            0.4403           0.1286     0.0255  |       0.5462      0.1920
 210      0.0925        1.0000  |    0.3799/  0.4251/  0.4402            0.4402           0.1286     0.0310  |       0.5463      0.1920
 211      0.0925        1.0000  |    0.3840/  0.4197/  0.4366            0.4366           0.1286     0.0216  |       0.5463      0.1920
 212      0.0924        1.0000  |    0.3881/  0.4284/  0.4462            0.4462           0.1281     0.0226  |       0.5463      0.1920
 213      0.0924        1.0000  |    0.3900/  0.4311/  0.4459            0.4459           0.1281     0.0251  |       0.5463      0.1920
 214      0.0925        1.0000  |    0.3850/  0.4295/  0.4428            0.4428           0.1286     0.0236  |       0.5457      0.1920
 215      0.0925        1.0000  |    0.3693/  0.4209/  0.4370            0.4370           0.1286     0.0217  |       0.5463      0.1920
 216      0.0925        1.0000  |    0.3823/  0.4179/  0.4348            0.4348           0.1286     0.0275  |       0.5463      0.1920
 217      0.0925        1.0000  |    0.3780/  0.4193/  0.4367            0.4367           0.1286     0.0282  |       0.5463      0.1920
 218      0.0925        1.0000  |    0.3753/  0.4195/  0.4390            0.4390           0.1286     0.0265  |       0.5460      0.1920
 219      0.0925        1.0000  |    0.3930/  0.4244/  0.4403            0.4403           0.1286     0.0194  |       0.5463      0.1920
 220      0.0924        1.0000  |    0.3856/  0.4276/  0.4458            0.4458           0.1281     0.0215  |       0.5463      0.1920
 221      0.0924        1.0000  |    0.3934/  0.4238/  0.4392            0.4392           0.1281     0.0343  |       0.5463      0.1920
 222      0.0925        1.0000  |    0.4027/  0.4230/  0.4377            0.4377           0.1286     0.0185  |       0.5458      0.1920
 223      0.0925        1.0000  |    0.3883/  0.4227/  0.4411            0.4411           0.1286     0.0204  |       0.5463      0.1920
 224      0.0925        1.0000  |    0.3890/  0.4235/  0.4384            0.4384           0.1286     0.0272  |       0.5463      0.1920
 225      0.0925        1.0000  |    0.3904/  0.4294/  0.4469            0.4469           0.1286     0.0229  |       0.5463      0.1920
 226      0.0924        1.0000  |    0.3714/  0.4168/  0.4343            0.4343           0.1281     0.0234  |       0.5463      0.1920
 227      0.0924        1.0000  |    0.3846/  0.4197/  0.4373            0.4373           0.1281     0.0269  |       0.5463      0.1920
 228      0.0925        1.0000  |    0.3961/  0.4299/  0.4455            0.4455           0.1286     0.0200  |       0.5463      0.1920
 229      0.0925        1.0000  |    0.3921/  0.4193/  0.4361            0.4361           0.1286     0.0331  |       0.5440      0.1920
 230      0.0925        1.0000  |    0.3833/  0.4142/  0.4298            0.4298           0.1286     0.0213  |       0.5461      0.1920
 231      0.0924        1.0000  |    0.3898/  0.4261/  0.4419            0.4419           0.1281     0.0225  |       0.5463      0.1920
 232      0.0924        1.0000  |    0.3914/  0.4275/  0.4428            0.4428           0.1281     0.0271  |       0.5463      0.1920
 233      0.0925        1.0000  |    0.3963/  0.4257/  0.4406            0.4406           0.1286     0.0242  |       0.5446      0.1920
 234      0.0925        1.0000  |    0.3818/  0.4233/  0.4443            0.4443           0.1286     0.0237  |       0.5462      0.1920
 235      0.0924        1.0000  |    0.3790/  0.4261/  0.4446            0.4446           0.1281     0.0204  |       0.5463      0.1920
 236      0.0924        1.0000  |    0.3796/  0.4205/  0.4390            0.4390           0.1281     0.0236  |       0.5463      0.1920
 237      0.0925        1.0000  |    0.3946/  0.4259/  0.4415            0.4415           0.1286     0.0229  |       0.5443      0.1920
 238      0.0925        1.0000  |    0.3952/  0.4265/  0.4427            0.4427           0.1286     0.0271  |       0.5461      0.1920
 239      0.0924        1.0000  |    0.3735/  0.4273/  0.4413            0.4413           0.1281     0.0231  |       0.5461      0.1920
 240      0.0924        1.0000  |    0.3863/  0.4269/  0.4438            0.4438           0.1281     0.0226  |       0.5463      0.1920
 241      0.0925        1.0000  |    0.3917/  0.4269/  0.4413            0.4413           0.1286     0.0215  |       0.5463      0.1920
 242      0.0925        1.0000  |    0.3874/  0.4222/  0.4366            0.4366           0.1286     0.0240  |       0.5455      0.1920
 243      0.0924        1.0000  |    0.3878/  0.4223/  0.4358            0.4358           0.1281     0.0245  |       0.5441      0.1920
 244      0.0924        1.0000  |    0.3821/  0.4317/  0.4448            0.4448           0.1281     0.0342  |       0.5461      0.1920
 245      0.0925        1.0000  |    0.3833/  0.4275/  0.4432            0.4432           0.1286     0.0176  |       0.5461      0.1920
 246      0.0925        1.0000  |    0.4022/  0.4275/  0.4437            0.4437           0.1286     0.0165  |       0.5438      0.1920
 247      0.0924        1.0000  |    0.3617/  0.4280/  0.4469            0.4469           0.1281     0.0242  |       0.5434      0.1920
 248      0.0924        1.0000  |    0.3933/  0.4320/  0.4488            0.4488           0.1281     0.0277  |       0.5425      0.1920
 249      0.0925        1.0000  |    0.3935/  0.4288/  0.4430            0.4430           0.1286     0.0183  |       0.5404      0.1920
 250      0.0924        1.0000  |    0.3823/  0.4212/  0.4388            0.4388           0.1281     0.0189  |       0.5442      0.1920
 251      0.0924        1.0000  |    0.4018/  0.4303/  0.4469            0.4469           0.1281     0.0266  |       0.5439      0.1920
 252      0.0925        1.0000  |    0.3864/  0.4227/  0.4400            0.4400           0.1286     0.0273  |       0.5461      0.1920
 253      0.0925        1.0000  |    0.3821/  0.4246/  0.4408            0.4408           0.1286     0.0179  |       0.5463      0.1920
 254      0.0924        1.0000  |    0.3887/  0.4248/  0.4403            0.4403           0.1281     0.0305  |       0.5463      0.1920
 255      0.0924        1.0000  |    0.3978/  0.4257/  0.4469            0.4469           0.1281     0.0230  |       0.5463      0.1920
 256      0.0925        1.0000  |    0.3735/  0.4215/  0.4379            0.4379           0.1286     0.0248  |       0.5463      0.1920
 257      0.0925        1.0000  |    0.3991/  0.4266/  0.4398            0.4398           0.1286     0.0259  |       0.5463      0.1920
 258      0.0924        1.0000  |    0.3868/  0.4223/  0.4408            0.4408           0.1281     0.0219  |       0.5463      0.1920
 259      0.0924        1.0000  |    0.3854/  0.4194/  0.4391            0.4391           0.1281     0.0276  |       0.5453      0.1920
 260      0.0925        1.0000  |    0.3795/  0.4296/  0.4447            0.4447           0.1286     0.0223  |       0.5462      0.1920
 261      0.0924        1.0000  |    0.3924/  0.4218/  0.4369            0.4369           0.1281     0.0218  |       0.5459      0.1920
 262      0.0924        1.0000  |    0.3889/  0.4264/  0.4431            0.4431           0.1281     0.0245  |       0.5463      0.1920
 263      0.0925        1.0000  |    0.3983/  0.4316/  0.4455            0.4455           0.1286     0.0251  |       0.5463      0.1920
 264      0.0925        1.0000  |    0.3982/  0.4221/  0.4361            0.4361           0.1286     0.0319  |       0.5463      0.1920
 265      0.0924        1.0000  |    0.3912/  0.4139/  0.4302            0.4302           0.1281     0.0217  |       0.5463      0.1920
 266      0.0924        1.0000  |    0.3942/  0.4224/  0.4394            0.4394           0.1281     0.0295  |       0.5463      0.1920
 267      0.0925        1.0000  |    0.3655/  0.4197/  0.4367            0.4367           0.1286     0.0231  |       0.5435      0.1920
 268      0.0925        1.0000  |    0.3808/  0.4288/  0.4458            0.4458           0.1286     0.0235  |       0.5416      0.1920
 269      0.0924        1.0000  |    0.3964/  0.4307/  0.4448            0.4448           0.1281     0.0174  |       0.5431      0.1920
 270      0.0924        1.0000  |    0.3920/  0.4194/  0.4331            0.4331           0.1281     0.0289  |       0.5425      0.1920
 271      0.0925        1.0000  |    0.3919/  0.4344/  0.4503            0.4503           0.1286     0.0213  |       0.5460      0.1920
 272      0.0924        1.0000  |    0.3751/  0.4226/  0.4391            0.4391           0.1281     0.0250  |       0.5454      0.1920
 273      0.0924        1.0000  |    0.3878/  0.4238/  0.4382            0.4382           0.1281     0.0289  |       0.5448      0.1920
 274      0.0925        1.0000  |    0.3776/  0.4177/  0.4329            0.4329           0.1286     0.0285  |       0.5462      0.1920
 275      0.0925        1.0000  |    0.3886/  0.4240/  0.4395            0.4395           0.1286     0.0231  |       0.5436      0.1920
 276      0.0924        1.0000  |    0.3843/  0.4232/  0.4387            0.4387           0.1281     0.0322  |       0.5461      0.1920
 277      0.0924        1.0000  |    0.3937/  0.4314/  0.4464            0.4464           0.1281     0.0314  |       0.5463      0.1920
 278      0.0926        1.0000  |    0.3904/  0.4340/  0.4497            0.4497           0.1299     0.0146  |       0.5456      0.1920
 279      0.0924        1.0000  |    0.3919/  0.4246/  0.4411            0.4411           0.1281     0.0234  |       0.5456      0.1920
 280      0.0924        1.0000  |    0.3651/  0.4266/  0.4439            0.4439           0.1281     0.0222  |       0.5463      0.1920
 281      0.0926        1.0000  |    0.3991/  0.4267/  0.4434            0.4434           0.1299     0.0305  |       0.5455      0.1920
 282      0.0925        1.0000  |    0.3863/  0.4182/  0.4326            0.4326           0.1286     0.0231  |       0.5449      0.1920
 283      0.0924        1.0000  |    0.3738/  0.4144/  0.4310            0.4310           0.1281     0.0275  |       0.5462      0.1920
 284      0.0926        1.0000  |    0.3741/  0.4248/  0.4409            0.4409           0.1299     0.0276  |       0.5463      0.1920
 285      0.0926        1.0000  |    0.3844/  0.4225/  0.4369            0.4369           0.1299     0.0232  |       0.5463      0.1920
 286      0.0924        1.0000  |    0.3846/  0.4202/  0.4370            0.4370           0.1281     0.0192  |       0.5436      0.1920
 287      0.0926        1.0000  |    0.3766/  0.4216/  0.4367            0.4367           0.1293     0.0316  |       0.5457      0.1920
 288      0.0926        1.0000  |    0.3958/  0.4263/  0.4422            0.4422           0.1299     0.0273  |       0.5463      0.1920
 289      0.0925        1.0000  |    0.3650/  0.4152/  0.4362            0.4362           0.1286     0.0196  |       0.5463      0.1920
 290      0.0926        1.0000  |    0.3872/  0.4272/  0.4446            0.4446           0.1293     0.0185  |       0.5463      0.1920
 291      0.0926        1.0000  |    0.3585/  0.4164/  0.4356            0.4356           0.1299     0.0313  |       0.5430      0.1920
 292      0.0925        1.0000  |    0.3825/  0.4269/  0.4406            0.4406           0.1286     0.0262  |       0.5440      0.1920
 293      0.0926        1.0000  |    0.3766/  0.4217/  0.4389            0.4389           0.1293     0.0273  |       0.5461      0.1920
 294      0.0926        1.0000  |    0.3782/  0.4175/  0.4330            0.4330           0.1293     0.0221  |       0.5448      0.1920
 295      0.0925        1.0000  |    0.3865/  0.4178/  0.4343            0.4343           0.1286     0.0288  |       0.5462      0.1920
 296      0.0926        1.0000  |    0.3830/  0.4138/  0.4279            0.4279           0.1299     0.0245  |       0.5425      0.1920
 297      0.0926        1.0000  |    0.3857/  0.4118/  0.4273            0.4273           0.1293     0.0231  |       0.5386      0.1920
 298      0.0925        1.0000  |    0.3479/  0.4043/  0.4203            0.4203           0.1286     0.0255  |       0.5370      0.1920
 299      0.0926        1.0000  |    0.3522/  0.3972/  0.4136            0.4136           0.1299     0.0154  |       0.5401      0.1920
IMAGEIO FFMPEG_WRITER WARNING: input image is not divisible by macro_block_size=16, resizing from (320, 180) to (320, 192) to ensure video compatibility with most codecs and players. To prevent resizing, make your input image divisible by the macro_block_size or set the macro_block_size to 1 (risking incompatibility).

Saved 300 frames -> /home/ashwink/Documents/swms/SWM_copy/rollouts_5_per/expert-only/epoch15/epoch15_rollout2_failure.mp4
min dist(green_cube,blue_moon) over episode = 0.1909  ->  FAILURE
Full log written to /home/ashwink/Documents/swms/SWM_copy/rollouts_5_per/expert-only/epoch15/epoch15_rollout2_20260723_135305.log
Result json -> /home/ashwink/Documents/swms/SWM_copy/rollouts_5_per/expert-only/epoch15/epoch15_rollout2_result.json
