Checkpoint dir epoch: 15  Rollout: 4
Logging to /home/ashwink/Documents/swms/SWM_copy/rollouts_5_per/expert-only/epoch15/epoch15_rollout4_20260723_135531.log
Goal (fixed, steps 0-299): the green cube is touching the blue moon. the peg is touching the green cube.

Checkpoint: /home/ashwink/Documents/swms/SWM_copy/training/checkpoints_clip_full_finetuned_wider_hl/epoch_015.pt
  epoch=15  step=13728

Loading CLIP ViT-L/14 (datacomp_xl_s13b_b90k) + fine-tuned clip_state_dict ...
Parsing model identifier. Schema: None, Identifier: ViT-L-14
Loaded built-in ViT-L-14 model config.
Instantiating model architecture: CLIP
Loading full pretrained weights from: /home/ashwink/.cache/huggingface/hub/models--laion--CLIP-ViT-L-14-DataComp.XL-s13B-b90K/snapshots/84c9828e63dc9a9351d1fe637c346d4c1c4db341/open_clip_pytorch_model.bin
Final image preprocessing configuration set: {'size': (224, 224), 'mode': 'RGB', 'mean': (0.48145466, 0.4578275, 0.40821073), 'std': (0.26862954, 0.26130258, 0.27577711), 'interpolation': 'bicubic', 'resize_mode': 'shortest', 'fill_color': 0}
Model ViT-L-14 creation process complete.
Parsing tokenizer identifier. Schema: None, Identifier: ViT-L-14
Attempting to load config from built-in: ViT-L-14
Using default SimpleTokenizer.
z_star shape: torch.Size([768])

Loading action stats from /home/ashwink/full_data_5000/langtable/demos/ ...
  lo=[-0.03372681140899658, -0.03493623435497284]  hi=[0.03496786952018738, 0.03494429588317871]

Initializing LangTable env ...
Loading URDF plane.urdf
Loading URDF /home/ashwink/Documents/swms/.venv/lib/python3.10/site-packages/language_table/environments/utils/../../../language_table/environments/assets/workspace_real.urdf
Loading URDF xarm/xarm6_robot_white.urdf
Loading URDF /home/ashwink/Documents/swms/.venv/lib/python3.10/site-packages/language_table/environments/utils/../../../language_table/environments/assets/suction/cylinder_real.urdf
Loading URDF /home/ashwink/Documents/swms/.venv/lib/python3.10/site-packages/language_table/environments/utils/../../../language_table/environments/assets/blocks/red_moon.urdf
Loading URDF /home/ashwink/Documents/swms/.venv/lib/python3.10/site-packages/language_table/environments/utils/../../../language_table/environments/assets/blocks/red_cube.urdf
Loading URDF /home/ashwink/Documents/swms/.venv/lib/python3.10/site-packages/language_table/environments/utils/../../../language_table/environments/assets/blocks/red_star.urdf
Loading URDF /home/ashwink/Documents/swms/.venv/lib/python3.10/site-packages/language_table/environments/utils/../../../language_table/environments/assets/blocks/red_pentagon.urdf
Loading URDF /home/ashwink/Documents/swms/.venv/lib/python3.10/site-packages/language_table/environments/utils/../../../language_table/environments/assets/blocks/blue_moon.urdf
Loading URDF /home/ashwink/Documents/swms/.venv/lib/python3.10/site-packages/language_table/environments/utils/../../../language_table/environments/assets/blocks/blue_cube.urdf
Loading URDF /home/ashwink/Documents/swms/.venv/lib/python3.10/site-packages/language_table/environments/utils/../../../language_table/environments/assets/blocks/blue_star.urdf
Loading URDF /home/ashwink/Documents/swms/.venv/lib/python3.10/site-packages/language_table/environments/utils/../../../language_table/environments/assets/blocks/blue_pentagon.urdf
Loading URDF /home/ashwink/Documents/swms/.venv/lib/python3.10/site-packages/language_table/environments/utils/../../../language_table/environments/assets/blocks/yellow_moon.urdf
Loading URDF /home/ashwink/Documents/swms/.venv/lib/python3.10/site-packages/language_table/environments/utils/../../../language_table/environments/assets/blocks/yellow_cube.urdf
Loading URDF /home/ashwink/Documents/swms/.venv/lib/python3.10/site-packages/language_table/environments/utils/../../../language_table/environments/assets/blocks/yellow_star.urdf
Loading URDF /home/ashwink/Documents/swms/.venv/lib/python3.10/site-packages/language_table/environments/utils/../../../language_table/environments/assets/blocks/yellow_pentagon.urdf
Loading URDF /home/ashwink/Documents/swms/.venv/lib/python3.10/site-packages/language_table/environments/utils/../../../language_table/environments/assets/blocks/green_moon.urdf
Loading URDF /home/ashwink/Documents/swms/.venv/lib/python3.10/site-packages/language_table/environments/utils/../../../language_table/environments/assets/blocks/green_cube.urdf
Loading URDF /home/ashwink/Documents/swms/.venv/lib/python3.10/site-packages/language_table/environments/utils/../../../language_table/environments/assets/blocks/green_star.urdf
Loading URDF /home/ashwink/Documents/swms/.venv/lib/python3.10/site-packages/language_table/environments/utils/../../../language_table/environments/assets/blocks/green_pentagon.urdf
Loading URDF /home/ashwink/Documents/swms/.venv/lib/python3.10/site-packages/language_table/environments/utils/../../../language_table/environments/assets/blocks/purple_moon.urdf
Loading URDF /home/ashwink/Documents/swms/.venv/lib/python3.10/site-packages/language_table/environments/utils/../../../language_table/environments/assets/blocks/purple_cube.urdf
Loading URDF /home/ashwink/Documents/swms/.venv/lib/python3.10/site-packages/language_table/environments/utils/../../../language_table/environments/assets/blocks/purple_star.urdf
Loading URDF /home/ashwink/Documents/swms/.venv/lib/python3.10/site-packages/language_table/environments/utils/../../../language_table/environments/assets/blocks/purple_pentagon.urdf
Env ready.

Forced peg start: [0.42843915 0.24419614]  (green_cube=[0.40339102 0.18967466], blue_moon=[0.32039625 0.00902261])
  dist(peg,green_cube)=0.0600  dist(peg,blue_moon)=0.2588  dist(green_cube,blue_moon)=0.1988

step  cos(zt,z*)  cos(zt,zt-1)  |   cos(predK,z*) min/mean/max  cos(pred_sel,z*)   cos(zpred0,z*)  ||a_raw||  |  dist(peg,A)   dist(A,B)
-------------------------------------------------------------------------------------------------------------------------------------------------------------------------------
   0      0.0925           nan  |    0.2385/  0.7085/  0.7314            0.7314           0.6527     0.0223  |       0.0587      0.1988
   1      0.0945        0.9794  |    0.6893/  0.7186/  0.7280            0.7280           0.6474     0.0154  |       0.0660      0.1988
   2      0.0987        0.9907  |    0.6734/  0.7123/  0.7207            0.7207           0.6465     0.0074  |       0.0597      0.1988
   3      0.0954        0.9951  |    0.6773/  0.7124/  0.7222            0.7222           0.6459     0.0143  |       0.0547      0.1988
   4      0.0966        0.9906  |    0.6791/  0.7017/  0.7108            0.7108           0.6411     0.0161  |       0.0503      0.1988
   5      0.1134        0.9139  |    0.7000/  0.7226/  0.7315            0.7315           0.6612     0.0071  |       0.0390      0.1988
   6      0.1252        0.9454  |    0.7046/  0.7220/  0.7292            0.7292           0.6739     0.0301  |       0.0437      0.1988
   7      0.1081        0.8424  |    0.6724/  0.6915/  0.7002            0.7002           0.6503     0.0220  |       0.0570      0.1988
   8      0.0902        0.9193  |    0.6833/  0.7046/  0.7186            0.7186           0.6665     0.0178  |       0.0515      0.1988
   9      0.0932        0.9203  |    0.6578/  0.6760/  0.6823            0.6823           0.6487     0.0054  |       0.0642      0.1988
  10      0.0860        0.9571  |    0.6216/  0.6628/  0.6720            0.6720           0.6326     0.0210  |       0.0644      0.1988
  11      0.0567        0.9259  |    0.5500/  0.5868/  0.6004            0.6004           0.5187     0.0082  |       0.0832      0.1988
  12      0.0314        0.9125  |    0.2671/  0.3027/  0.3258            0.3258          -0.0194     0.0100  |       0.0923      0.1988
  13      0.0554        0.8715  |    0.6313/  0.6440/  0.6521            0.6521           0.6185     0.0179  |       0.1002      0.1988
  14      0.0354        0.8421  |    0.2431/  0.2874/  0.3096            0.3096          -0.1386     0.0261  |       0.1148      0.1988
  15     -0.0125        0.7599  |    0.0277/  0.0676/  0.1040            0.1040          -0.2531     0.0292  |       0.1346      0.1988
  16     -0.0490        0.7344  |   -0.0299/  0.0039/  0.0326            0.0326          -0.3233     0.0353  |       0.1552      0.1988
  17     -0.0232        0.6883  |   -0.2513/ -0.2168/ -0.2066           -0.2066          -0.3141     0.0353  |       0.1770      0.2055
  18     -0.0453        0.7374  |    0.0708/  0.1148/  0.1384            0.1384          -0.3009     0.0201  |       0.1977      0.2246
  19     -0.0612        0.8440  |    0.1052/  0.1111/  0.1153            0.1153          -0.2780     0.0158  |       0.2034      0.2314
  20     -0.0523        0.7804  |   -0.0684/  0.0371/  0.0551            0.0551          -0.2700     0.0234  |       0.2084      0.2326
  21     -0.0750        0.7552  |   -0.2309/ -0.1729/ -0.1194           -0.1194          -0.4243     0.0148  |       0.2221      0.2357
  22     -0.0258        0.7575  |   -0.0864/ -0.0228/  0.0082            0.0082          -0.3384     0.0216  |       0.2251      0.2357
  23     -0.0420        0.8204  |   -0.0455/ -0.0195/  0.0071            0.0071          -0.3311     0.0184  |       0.2439      0.2357
  24     -0.0383        0.8231  |   -0.0773/  0.0047/  0.0455            0.0455          -0.2776     0.0245  |       0.2559      0.2357
  25     -0.0524        0.6755  |   -0.2737/ -0.2521/ -0.2330           -0.2330          -0.3842     0.0105  |       0.2768      0.2357
  26     -0.0659        0.9578  |   -0.2474/ -0.2223/ -0.2000           -0.2000          -0.3076     0.0256  |       0.2808      0.2357
  27     -0.0463        0.8979  |   -0.1349/ -0.1112/ -0.0918           -0.0918          -0.2699     0.0261  |       0.2776      0.2357
  28     -0.0347        0.8913  |   -0.2153/ -0.1993/ -0.1783           -0.1783          -0.2731     0.0312  |       0.2725      0.2357
  29     -0.0344        0.9308  |   -0.2318/ -0.2182/ -0.2013           -0.2013          -0.2785     0.0376  |       0.2742      0.2357
  30      0.0000        0.7917  |   -0.2777/ -0.2635/ -0.2522           -0.2522          -0.3246     0.0146  |       0.2690      0.2357
  31      0.0323        0.9044  |   -0.2005/ -0.0786/ -0.0303           -0.0303          -0.4203     0.0257  |       0.2657      0.2357
  32      0.0417        0.8704  |   -0.0262/  0.0004/  0.0181            0.0181          -0.3367     0.0104  |       0.2512      0.2357
  33     -0.0137        0.9149  |   -0.1057/  0.0088/  0.0352            0.0352          -0.2843     0.0082  |       0.2522      0.2357
  34     -0.0485        0.9143  |   -0.1531/  0.0185/  0.0546            0.0546          -0.2968     0.0155  |       0.2519      0.2357
  35     -0.0374        0.9113  |   -0.1032/ -0.0282/  0.0119            0.0119          -0.2852     0.0261  |       0.2597      0.2357
  36     -0.0228        0.9217  |   -0.3103/ -0.2077/ -0.1918           -0.1918          -0.2775     0.0246  |       0.2727      0.2357
  37     -0.0099        0.8293  |   -0.1916/ -0.1558/ -0.1009           -0.1009          -0.2571     0.0206  |       0.2894      0.2357
  38      0.0107        0.9203  |   -0.0299/  0.0067/  0.0271            0.0271          -0.2029     0.0380  |       0.3044      0.2357
  39      0.0309        0.9008  |    0.2574/  0.2870/  0.3049            0.3049          -0.0662     0.0039  |       0.3348      0.2357
  40      0.0426        0.9850  |    0.1768/  0.1990/  0.2095            0.2095          -0.1283     0.0146  |       0.3396      0.2357
  41      0.0296        0.9805  |    0.0835/  0.1083/  0.1226            0.1226          -0.1785     0.0202  |       0.3409      0.2357
  42      0.0307        0.9802  |    0.1115/  0.1357/  0.1517            0.1517          -0.2046     0.0185  |       0.3478      0.2357
  43      0.0368        0.9782  |    0.0073/  0.0388/  0.0510            0.0510          -0.2240     0.0199  |       0.3576      0.2357
  44      0.0335        0.9765  |    0.2376/  0.2806/  0.2943            0.2943          -0.0502     0.0155  |       0.3689      0.2357
  45      0.0440        0.9776  |    0.0599/  0.0862/  0.0989            0.0989          -0.1997     0.0177  |       0.3825      0.2357
  46      0.0325        0.9782  |   -0.1067/ -0.0823/ -0.0710           -0.0710          -0.2955     0.0275  |       0.3973      0.2357
  47      0.0409        0.9671  |    0.1272/  0.1604/  0.1807            0.1807          -0.2263     0.0254  |       0.4128      0.2357
  48      0.0359        0.9521  |    0.2842/  0.3054/  0.3161            0.3161          -0.0917     0.0319  |       0.4347      0.2357
  49      0.0482        0.9630  |    0.3431/  0.3656/  0.3827            0.3827           0.0413     0.0247  |       0.4560      0.2357
  50      0.0361        0.9698  |    0.3979/  0.4354/  0.4442            0.4442           0.1544     0.0273  |       0.4739      0.2357
  51      0.0360        0.9781  |    0.2463/  0.2644/  0.2748            0.2748          -0.0608     0.0259  |       0.4851      0.2357
  52      0.0372        0.9864  |    0.2613/  0.2884/  0.2999            0.2999          -0.0293     0.0216  |       0.4910      0.2357
  53      0.0491        0.9812  |    0.4059/  0.4350/  0.4443            0.4443           0.2315     0.0348  |       0.4983      0.2357
  54      0.0486        0.9714  |    0.5230/  0.5547/  0.5639            0.5639           0.3950     0.0158  |       0.5128      0.2357
  55      0.0558        0.9946  |    0.5354/  0.5720/  0.5814            0.5814           0.4200     0.0141  |       0.5162      0.2357
  56      0.0668        0.9656  |    0.5461/  0.5763/  0.5894            0.5894           0.4273     0.0164  |       0.5243      0.2357
  57      0.0630        0.9344  |    0.6352/  0.6596/  0.6707            0.6707           0.5789     0.0199  |       0.5377      0.2357
  58      0.0630        1.0000  |    0.6241/  0.6599/  0.6726            0.6726           0.5790     0.0193  |       0.5482      0.2357
  59      0.0630        1.0000  |    0.6424/  0.6628/  0.6740            0.6740           0.5789     0.0102  |       0.5534      0.2357
  60      0.0630        1.0000  |    0.6346/  0.6622/  0.6756            0.6756           0.5790     0.0163  |       0.5537      0.2357
  61      0.0630        1.0000  |    0.6173/  0.6574/  0.6690            0.6690           0.5790     0.0158  |       0.5537      0.2357
  62      0.0630        1.0000  |    0.6290/  0.6564/  0.6686            0.6686           0.5790     0.0192  |       0.5536      0.2357
  63      0.0628        1.0000  |    0.6358/  0.6557/  0.6661            0.6661           0.5794     0.0226  |       0.5537      0.2357
  64      0.0631        1.0000  |    0.6320/  0.6545/  0.6667            0.6667           0.5793     0.0064  |       0.5537      0.2357
  65      0.0630        1.0000  |    0.6255/  0.6564/  0.6700            0.6700           0.5790     0.0099  |       0.5538      0.2357
  66      0.0630        1.0000  |    0.6410/  0.6597/  0.6702            0.6702           0.5793     0.0105  |       0.5539      0.2357
  67      0.0629        1.0000  |    0.6354/  0.6564/  0.6692            0.6692           0.5797     0.0142  |       0.5539      0.2357
  68      0.0630        1.0000  |    0.6322/  0.6564/  0.6682            0.6682           0.5793     0.0038  |       0.5538      0.2357
  69      0.0631        1.0000  |    0.6332/  0.6541/  0.6664            0.6664           0.5793     0.0221  |       0.5537      0.2357
  70      0.0630        1.0000  |    0.6263/  0.6520/  0.6611            0.6611           0.5793     0.0051  |       0.5537      0.2357
  71      0.0630        1.0000  |    0.6096/  0.6475/  0.6597            0.6597           0.5793     0.0254  |       0.5516      0.2357
  72      0.0630        1.0000  |    0.6269/  0.6460/  0.6606            0.6606           0.5793     0.0112  |       0.5535      0.2357
  73      0.0630        1.0000  |    0.6145/  0.6494/  0.6603            0.6603           0.5793     0.0045  |       0.5537      0.2357
  74      0.0629        1.0000  |    0.6107/  0.6527/  0.6642            0.6642           0.5797     0.0129  |       0.5497      0.2357
  75      0.0630        1.0000  |    0.6257/  0.6488/  0.6616            0.6616           0.5793     0.0095  |       0.5535      0.2357
  76      0.0630        1.0000  |    0.6277/  0.6488/  0.6660            0.6660           0.5793     0.0139  |       0.5534      0.2357
  77      0.0630        1.0000  |    0.6304/  0.6533/  0.6653            0.6653           0.5793     0.0089  |       0.5499      0.2357
  78      0.0631        1.0000  |    0.6323/  0.6507/  0.6650            0.6650           0.5795     0.0139  |       0.5468      0.2357
  79      0.0631        1.0000  |    0.6392/  0.6549/  0.6661            0.6661           0.5793     0.0132  |       0.5532      0.2357
  80      0.0630        1.0000  |    0.6297/  0.6509/  0.6629            0.6629           0.5793     0.0057  |       0.5537      0.2357
  81      0.0630        1.0000  |    0.6386/  0.6520/  0.6615            0.6615           0.5793     0.0280  |       0.5537      0.2357
  82      0.0630        1.0000  |    0.6298/  0.6453/  0.6570            0.6570           0.5793     0.0197  |       0.5537      0.2357
  83      0.0630        1.0000  |    0.6257/  0.6438/  0.6565            0.6565           0.5793     0.0138  |       0.5537      0.2357
  84      0.0631        1.0000  |    0.6223/  0.6466/  0.6590            0.6590           0.5793     0.0123  |       0.5538      0.2357
  85      0.0629        1.0000  |    0.6265/  0.6559/  0.6672            0.6672           0.5797     0.0012  |       0.5438      0.2357
  86      0.0630        1.0000  |    0.6333/  0.6564/  0.6657            0.6657           0.5793     0.0037  |       0.5441      0.2357
  87      0.0631        1.0000  |    0.6209/  0.6532/  0.6670            0.6670           0.5795     0.0165  |       0.5460      0.2357
  88      0.0631        1.0000  |    0.6233/  0.6505/  0.6608            0.6608           0.5795     0.0098  |       0.5497      0.2357
  89      0.0632        1.0000  |    0.6181/  0.6476/  0.6597            0.6597           0.5794     0.0051  |       0.5531      0.2357
  90      0.0631        1.0000  |    0.6136/  0.6482/  0.6605            0.6605           0.5795     0.0109  |       0.5536      0.2357
  91      0.0631        1.0000  |    0.6313/  0.6460/  0.6554            0.6554           0.5795     0.0208  |       0.5537      0.2357
  92      0.0631        1.0000  |    0.6153/  0.6410/  0.6539            0.6539           0.5795     0.0157  |       0.5538      0.2357
  93      0.0630        1.0000  |    0.6073/  0.6486/  0.6600            0.6600           0.5791     0.0025  |       0.5474      0.2357
  94      0.0632        1.0000  |    0.6195/  0.6514/  0.6628            0.6628           0.5794     0.0050  |       0.5489      0.2357
  95      0.0631        1.0000  |    0.6278/  0.6529/  0.6638            0.6638           0.5795     0.0038  |       0.5492      0.2357
  96      0.0631        1.0000  |    0.6297/  0.6498/  0.6618            0.6618           0.5795     0.0175  |       0.5522      0.2357
  97      0.0631        1.0000  |    0.6067/  0.6486/  0.6623            0.6623           0.5795     0.0195  |       0.5536      0.2357
  98      0.0630        1.0000  |    0.6212/  0.6450/  0.6560            0.6560           0.5791     0.0119  |       0.5538      0.2357
  99      0.0632        1.0000  |    0.6246/  0.6458/  0.6582            0.6582           0.5794     0.0120  |       0.5519      0.2357
 100      0.0630        1.0000  |    0.6256/  0.6449/  0.6561            0.6561           0.5799     0.0155  |       0.5492      0.2357
 101      0.0631        1.0000  |    0.5954/  0.6444/  0.6562            0.6562           0.5795     0.0117  |       0.5535      0.2357
 102      0.0631        1.0000  |    0.6277/  0.6469/  0.6606            0.6606           0.5795     0.0013  |       0.5534      0.2357
 103      0.0630        1.0000  |    0.6201/  0.6485/  0.6603            0.6603           0.5791     0.0150  |       0.5532      0.2357
 104      0.0631        1.0000  |    0.6248/  0.6468/  0.6590            0.6590           0.5795     0.0149  |       0.5538      0.2357
 105      0.0631        1.0000  |    0.6258/  0.6459/  0.6597            0.6597           0.5795     0.0056  |       0.5539      0.2357
 106      0.0631        1.0000  |    0.6230/  0.6465/  0.6600            0.6600           0.5795     0.0076  |       0.5540      0.2357
 107      0.0631        1.0000  |    0.6124/  0.6490/  0.6601            0.6601           0.5795     0.0039  |       0.5539      0.2357
 108      0.0630        1.0000  |    0.6299/  0.6487/  0.6633            0.6633           0.5791     0.0111  |       0.5533      0.2357
 109      0.0631        1.0000  |    0.6348/  0.6526/  0.6630            0.6630           0.5795     0.0131  |       0.5538      0.2357
 110      0.0630        1.0000  |    0.6221/  0.6490/  0.6601            0.6601           0.5791     0.0239  |       0.5534      0.2357
 111      0.0630        1.0000  |    0.6246/  0.6433/  0.6558            0.6558           0.5791     0.0202  |       0.5539      0.2357
 112      0.0630        1.0000  |    0.6221/  0.6433/  0.6544            0.6544           0.5791     0.0094  |       0.5539      0.2357
 113      0.0630        1.0000  |    0.6257/  0.6395/  0.6531            0.6531           0.5791     0.0110  |       0.5540      0.2357
 114      0.0631        1.0000  |    0.6163/  0.6438/  0.6570            0.6570           0.5795     0.0113  |       0.5539      0.2357
 115      0.0630        1.0000  |    0.6323/  0.6516/  0.6640            0.6640           0.5791     0.0084  |       0.5538      0.2357
 116      0.0630        1.0000  |    0.6293/  0.6520/  0.6636            0.6636           0.5791     0.0044  |       0.5476      0.2357
 117      0.0630        1.0000  |    0.6265/  0.6513/  0.6630            0.6630           0.5791     0.0242  |       0.5506      0.2357
 118      0.0630        1.0000  |    0.6281/  0.6486/  0.6604            0.6604           0.5791     0.0108  |       0.5536      0.2357
 119      0.0631        1.0000  |    0.6218/  0.6513/  0.6635            0.6635           0.5795     0.0106  |       0.5520      0.2357
 120      0.0630        1.0000  |    0.6360/  0.6542/  0.6669            0.6669           0.5791     0.0041  |       0.5499      0.2357
 121      0.0630        1.0000  |    0.6226/  0.6519/  0.6635            0.6635           0.5791     0.0208  |       0.5492      0.2357
 122      0.0630        1.0000  |    0.6288/  0.6479/  0.6631            0.6631           0.5791     0.0138  |       0.5535      0.2357
 123      0.0630        1.0000  |    0.6278/  0.6513/  0.6629            0.6629           0.5791     0.0163  |       0.5538      0.2357
 124      0.0631        1.0000  |    0.6275/  0.6465/  0.6587            0.6587           0.5795     0.0011  |       0.5539      0.2357
 125      0.0628        1.0000  |    0.6237/  0.6465/  0.6563            0.6563           0.5795     0.0167  |       0.5534      0.2357
 126      0.0628        1.0000  |    0.6225/  0.6445/  0.6556            0.6556           0.5795     0.0033  |       0.5539      0.2357
 127      0.0630        1.0000  |    0.6254/  0.6489/  0.6630            0.6630           0.5791     0.0140  |       0.5540      0.2357
 128      0.0630        1.0000  |    0.6041/  0.6506/  0.6631            0.6631           0.5791     0.0054  |       0.5540      0.2357
 129      0.0631        1.0000  |    0.6348/  0.6561/  0.6705            0.6705           0.5795     0.0100  |       0.5532      0.2357
 130      0.0630        1.0000  |    0.6248/  0.6574/  0.6680            0.6680           0.5791     0.0242  |       0.5522      0.2357
 131      0.0630        1.0000  |    0.6216/  0.6536/  0.6692            0.6692           0.5791     0.0140  |       0.5537      0.2357
 132      0.0630        1.0000  |    0.6245/  0.6509/  0.6651            0.6651           0.5791     0.0205  |       0.5516      0.2357
 133      0.0630        1.0000  |    0.6265/  0.6484/  0.6587            0.6587           0.5791     0.0112  |       0.5537      0.2357
 134      0.0631        1.0000  |    0.6293/  0.6458/  0.6582            0.6582           0.5795     0.0051  |       0.5539      0.2357
 135      0.0630        1.0000  |    0.6273/  0.6470/  0.6564            0.6564           0.5791     0.0102  |       0.5540      0.2357
 136      0.0630        1.0000  |    0.6310/  0.6498/  0.6604            0.6604           0.5791     0.0003  |       0.5540      0.2357
 137      0.0630        1.0000  |    0.6255/  0.6527/  0.6630            0.6630           0.5791     0.0155  |       0.5539      0.2357
 138      0.0630        1.0000  |    0.6241/  0.6554/  0.6673            0.6673           0.5791     0.0176  |       0.5540      0.2357
 139      0.0631        1.0000  |    0.6247/  0.6530/  0.6648            0.6648           0.5795     0.0113  |       0.5540      0.2357
 140      0.0630        1.0000  |    0.6189/  0.6521/  0.6623            0.6623           0.5791     0.0058  |       0.5533      0.2357
 141      0.0630        1.0000  |    0.6084/  0.6526/  0.6649            0.6649           0.5791     0.0109  |       0.5538      0.2357
 142      0.0630        1.0000  |    0.6294/  0.6515/  0.6636            0.6636           0.5791     0.0186  |       0.5507      0.2357
 143      0.0630        1.0000  |    0.6125/  0.6477/  0.6610            0.6610           0.5791     0.0055  |       0.5537      0.2357
 144      0.0631        1.0000  |    0.5877/  0.6537/  0.6650            0.6650           0.5795     0.0069  |       0.5517      0.2357
 145      0.0630        1.0000  |    0.6380/  0.6586/  0.6663            0.6663           0.5791     0.0020  |       0.5489      0.2357
 146      0.0629        1.0000  |    0.6243/  0.6509/  0.6630            0.6630           0.5794     0.0150  |       0.5491      0.2357
 147      0.0630        1.0000  |    0.6273/  0.6522/  0.6659            0.6659           0.5791     0.0129  |       0.5536      0.2357
 148      0.0630        1.0000  |    0.6263/  0.6536/  0.6671            0.6671           0.5791     0.0124  |       0.5539      0.2357
 149      0.0631        1.0000  |    0.6326/  0.6537/  0.6659            0.6659           0.5795     0.0031  |       0.5525      0.2357
 150      0.0629        1.0000  |    0.6285/  0.6519/  0.6668            0.6668           0.5794     0.0195  |       0.5533      0.2357
 151      0.0629        1.0000  |    0.6299/  0.6543/  0.6661            0.6661           0.5794     0.0110  |       0.5539      0.2357
 152      0.0629        1.0000  |    0.6365/  0.6573/  0.6718            0.6718           0.5794     0.0068  |       0.5540      0.2357
 153      0.0629        1.0000  |    0.6241/  0.6581/  0.6710            0.6710           0.5794     0.0243  |       0.5515      0.2357
 154      0.0629        1.0000  |    0.6204/  0.6587/  0.6717            0.6717           0.5794     0.0045  |       0.5538      0.2357
 155      0.0629        1.0000  |    0.6128/  0.6549/  0.6648            0.6648           0.5794     0.0173  |       0.5536      0.2357
 156      0.0629        1.0000  |    0.6366/  0.6540/  0.6654            0.6654           0.5794     0.0206  |       0.5540      0.2357
 157      0.0627        1.0000  |    0.6268/  0.6503/  0.6671            0.6671           0.5798     0.0156  |       0.5540      0.2357
 158      0.0629        1.0000  |    0.6221/  0.6545/  0.6676            0.6676           0.5794     0.0105  |       0.5540      0.2357
 159      0.0629        1.0000  |    0.6338/  0.6580/  0.6704            0.6704           0.5794     0.0116  |       0.5461      0.2357
 160      0.0629        1.0000  |    0.6285/  0.6525/  0.6645            0.6645           0.5794     0.0270  |       0.5533      0.2357
 161      0.0629        1.0000  |    0.6138/  0.6534/  0.6683            0.6683           0.5794     0.0076  |       0.5539      0.2357
 162      0.0629        1.0000  |    0.6336/  0.6548/  0.6665            0.6665           0.5794     0.0105  |       0.5527      0.2357
 163      0.0629        1.0000  |    0.6300/  0.6497/  0.6618            0.6618           0.5794     0.0203  |       0.5539      0.2357
 164      0.0629        1.0000  |    0.6248/  0.6506/  0.6628            0.6628           0.5794     0.0084  |       0.5540      0.2357
 165      0.0629        1.0000  |    0.6199/  0.6523/  0.6645            0.6645           0.5794     0.0246  |       0.5506      0.2357
 166      0.0629        1.0000  |    0.6269/  0.6491/  0.6618            0.6618           0.5794     0.0036  |       0.5537      0.2357
 167      0.0629        1.0000  |    0.6265/  0.6500/  0.6613            0.6613           0.5794     0.0114  |       0.5526      0.2357
 168      0.0629        1.0000  |    0.6239/  0.6513/  0.6649            0.6649           0.5794     0.0099  |       0.5539      0.2357
 169      0.0629        1.0000  |    0.6353/  0.6509/  0.6656            0.6656           0.5794     0.0143  |       0.5540      0.2357
 170      0.0629        1.0000  |    0.6353/  0.6563/  0.6687            0.6687           0.5794     0.0075  |       0.5540      0.2357
 171      0.0627        1.0000  |    0.6366/  0.6533/  0.6651            0.6651           0.5798     0.0122  |       0.5540      0.2357
 172      0.0629        1.0000  |    0.6281/  0.6498/  0.6599            0.6599           0.5794     0.0247  |       0.5512      0.2357
 173      0.0627        1.0000  |    0.6160/  0.6488/  0.6658            0.6658           0.5798     0.0029  |       0.5537      0.2357
 174      0.0629        1.0000  |    0.6225/  0.6484/  0.6583            0.6583           0.5794     0.0145  |       0.5539      0.2357
 175      0.0629        1.0000  |    0.6313/  0.6468/  0.6586            0.6586           0.5794     0.0071  |       0.5540      0.2357
 176      0.0628        1.0000  |    0.6284/  0.6483/  0.6600            0.6600           0.5795     0.0127  |       0.5539      0.2357
 177      0.0629        1.0000  |    0.6319/  0.6495/  0.6621            0.6621           0.5794     0.0093  |       0.5540      0.2357
 178      0.0629        1.0000  |    0.6235/  0.6485/  0.6619            0.6619           0.5794     0.0077  |       0.5540      0.2357
 179      0.0628        1.0000  |    0.6198/  0.6508/  0.6632            0.6632           0.5795     0.0089  |       0.5540      0.2357
 180      0.0628        1.0000  |    0.6311/  0.6552/  0.6665            0.6665           0.5795     0.0071  |       0.5540      0.2357
 181      0.0628        1.0000  |    0.6326/  0.6547/  0.6661            0.6661           0.5795     0.0090  |       0.5519      0.2357
 182      0.0628        1.0000  |    0.6095/  0.6522/  0.6644            0.6644           0.5795     0.0231  |       0.5537      0.2357
 183      0.0629        1.0000  |    0.6299/  0.6525/  0.6626            0.6626           0.5794     0.0129  |       0.5539      0.2357
 184      0.0628        1.0000  |    0.6341/  0.6510/  0.6626            0.6626           0.5795     0.0069  |       0.5540      0.2357
 185      0.0628        1.0000  |    0.6304/  0.6515/  0.6648            0.6648           0.5795     0.0218  |       0.5540      0.2357
 186      0.0628        1.0000  |    0.6229/  0.6484/  0.6622            0.6622           0.5795     0.0060  |       0.5540      0.2357
 187      0.0628        1.0000  |    0.6351/  0.6567/  0.6724            0.6724           0.5795     0.0082  |       0.5517      0.2357
 188      0.0628        1.0000  |    0.6322/  0.6589/  0.6711            0.6711           0.5795     0.0145  |       0.5502      0.2357
 189      0.0628        1.0000  |    0.6349/  0.6565/  0.6665            0.6665           0.5795     0.0101  |       0.5531      0.2357
 190      0.0626        1.0000  |    0.6226/  0.6578/  0.6691            0.6691           0.5799     0.0160  |       0.5539      0.2357
 191      0.0628        1.0000  |    0.6288/  0.6565/  0.6662            0.6662           0.5795     0.0135  |       0.5524      0.2357
 192      0.0628        1.0000  |    0.6217/  0.6522/  0.6646            0.6646           0.5795     0.0192  |       0.5538      0.2357
 193      0.0626        1.0000  |    0.6311/  0.6505/  0.6602            0.6602           0.5799     0.0041  |       0.5540      0.2357
 194      0.0628        1.0000  |    0.6185/  0.6486/  0.6619            0.6619           0.5795     0.0171  |       0.5527      0.2357
 195      0.0628        1.0000  |    0.6134/  0.6531/  0.6666            0.6666           0.5795     0.0155  |       0.5539      0.2357
 196      0.0628        1.0000  |    0.6342/  0.6487/  0.6595            0.6595           0.5795     0.0054  |       0.5539      0.2357
 197      0.0613        0.9988  |    0.6188/  0.6473/  0.6582            0.6582           0.5767     0.0095  |       0.5540      0.2357
 198      0.0628        0.9988  |    0.6224/  0.6494/  0.6644            0.6644           0.5795     0.0035  |       0.5539      0.2357
 199      0.0628        1.0000  |    0.6376/  0.6523/  0.6639            0.6639           0.5795     0.0171  |       0.5539      0.2357
 200      0.0628        1.0000  |    0.6288/  0.6487/  0.6598            0.6598           0.5795     0.0066  |       0.5539      0.2357
 201      0.0628        1.0000  |    0.6334/  0.6550/  0.6646            0.6646           0.5795     0.0074  |       0.5503      0.2357
 202      0.0628        1.0000  |    0.6253/  0.6526/  0.6651            0.6651           0.5795     0.0097  |       0.5536      0.2357
 203      0.0628        1.0000  |    0.6159/  0.6502/  0.6602            0.6602           0.5795     0.0068  |       0.5539      0.2357
 204      0.0628        1.0000  |    0.6363/  0.6547/  0.6680            0.6680           0.5795     0.0009  |       0.5535      0.2357
 205      0.0628        1.0000  |    0.6111/  0.6552/  0.6658            0.6658           0.5795     0.0082  |       0.5538      0.2357
 206      0.0613        0.9988  |    0.6126/  0.6566/  0.6686            0.6686           0.5767     0.0125  |       0.5539      0.2357
 207      0.0613        1.0000  |    0.6264/  0.6539/  0.6711            0.6711           0.5767     0.0218  |       0.5529      0.2357
 208      0.0628        0.9988  |    0.6269/  0.6571/  0.6683            0.6683           0.5795     0.0147  |       0.5538      0.2357
 209      0.0613        0.9988  |    0.6373/  0.6554/  0.6691            0.6691           0.5767     0.0027  |       0.5539      0.2357
 210      0.0628        0.9988  |    0.6426/  0.6570/  0.6679            0.6679           0.5795     0.0180  |       0.5528      0.2357
 211      0.0628        1.0000  |    0.6379/  0.6558/  0.6674            0.6674           0.5795     0.0260  |       0.5500      0.2357
 212      0.0613        0.9988  |    0.6117/  0.6533/  0.6655            0.6655           0.5767     0.0133  |       0.5536      0.2357
 213      0.0613        1.0000  |    0.6296/  0.6545/  0.6661            0.6661           0.5767     0.0068  |       0.5539      0.2357
 214      0.0613        1.0000  |    0.6239/  0.6516/  0.6639            0.6639           0.5767     0.0100  |       0.5539      0.2357
 215      0.0611        1.0000  |    0.6195/  0.6495/  0.6607            0.6607           0.5764     0.0186  |       0.5539      0.2357
 216      0.0611        1.0000  |    0.6192/  0.6458/  0.6581            0.6581           0.5764     0.0069  |       0.5539      0.2357
 217      0.0611        1.0000  |    0.6342/  0.6515/  0.6625            0.6625           0.5764     0.0174  |       0.5513      0.2357
 218      0.0613        1.0000  |    0.6364/  0.6472/  0.6578            0.6578           0.5767     0.0157  |       0.5537      0.2357
 219      0.0609        1.0000  |    0.6249/  0.6443/  0.6560            0.6560           0.5768     0.0177  |       0.5539      0.2357
 220      0.0611        1.0000  |    0.6321/  0.6468/  0.6609            0.6609           0.5764     0.0088  |       0.5506      0.2357
 221      0.0611        1.0000  |    0.6237/  0.6484/  0.6589            0.6589           0.5764     0.0043  |       0.5537      0.2357
 222      0.0611        1.0000  |    0.6025/  0.6566/  0.6668            0.6668           0.5764     0.0167  |       0.5539      0.2357
 223      0.0613        1.0000  |    0.6332/  0.6523/  0.6639            0.6639           0.5767     0.0253  |       0.5436      0.2357
 224      0.0611        1.0000  |    0.6048/  0.6422/  0.6569            0.6569           0.5764     0.0049  |       0.5527      0.2357
 225      0.0611        1.0000  |    0.6191/  0.6482/  0.6595            0.6595           0.5764     0.0146  |       0.5539      0.2357
 226      0.0611        1.0000  |    0.6192/  0.6508/  0.6620            0.6620           0.5764     0.0193  |       0.5492      0.2357
 227      0.0611        1.0000  |    0.6232/  0.6486/  0.6594            0.6594           0.5764     0.0162  |       0.5536      0.2357
 228      0.0613        1.0000  |    0.6238/  0.6468/  0.6589            0.6589           0.5767     0.0101  |       0.5539      0.2357
 229      0.0611        1.0000  |    0.6280/  0.6480/  0.6619            0.6619           0.5764     0.0098  |       0.5540      0.2357
 230      0.0611        1.0000  |    0.6161/  0.6569/  0.6708            0.6708           0.5764     0.0129  |       0.5540      0.2357
 231      0.0613        1.0000  |    0.6385/  0.6628/  0.6737            0.6737           0.5761     0.0135  |       0.5435      0.2357
 232      0.0611        1.0000  |    0.6391/  0.6594/  0.6740            0.6740           0.5764     0.0174  |       0.5507      0.2357
 233      0.0611        1.0000  |    0.6455/  0.6616/  0.6713            0.6713           0.5764     0.0178  |       0.5537      0.2357
 234      0.0611        1.0000  |    0.6347/  0.6587/  0.6722            0.6722           0.5764     0.0240  |       0.5539      0.2357
 235      0.0611        1.0000  |    0.6278/  0.6586/  0.6726            0.6726           0.5764     0.0165  |       0.5540      0.2357
 236      0.0611        1.0000  |    0.6356/  0.6572/  0.6695            0.6695           0.5764     0.0150  |       0.5540      0.2357
 237      0.0611        1.0000  |    0.6343/  0.6566/  0.6683            0.6683           0.5764     0.0153  |       0.5540      0.2357
 238      0.0550        0.9982  |    0.6160/  0.6491/  0.6600            0.6600           0.5678     0.0248  |       0.5540      0.2357
 239      0.0611        0.9982  |    0.6059/  0.6524/  0.6676            0.6676           0.5764     0.0130  |       0.5540      0.2357
 240      0.0611        1.0000  |    0.6341/  0.6509/  0.6625            0.6625           0.5764     0.0269  |       0.5540      0.2357
 241      0.0611        1.0000  |    0.6172/  0.6450/  0.6547            0.6547           0.5764     0.0194  |       0.5540      0.2357
 242      0.0611        1.0000  |    0.6245/  0.6405/  0.6541            0.6541           0.5764     0.0192  |       0.5540      0.2357
 243      0.0550        0.9982  |    0.6157/  0.6382/  0.6527            0.6527           0.5678     0.0071  |       0.5540      0.2357
 244      0.0611        0.9982  |    0.6279/  0.6490/  0.6642            0.6642           0.5764     0.0066  |       0.5526      0.2357
 245      0.0550        0.9982  |    0.6272/  0.6475/  0.6618            0.6618           0.5674     0.0035  |       0.5498      0.2357
 246      0.0551        1.0000  |    0.6335/  0.6491/  0.6584            0.6584           0.5675     0.0115  |       0.5479      0.2357
 247      0.0550        1.0000  |    0.6293/  0.6481/  0.6612            0.6612           0.5678     0.0192  |       0.5501      0.2357
 248      0.0551        1.0000  |    0.6099/  0.6424/  0.6534            0.6534           0.5675     0.0348  |       0.5530      0.2357
 249      0.0551        1.0000  |    0.6107/  0.6444/  0.6585            0.6585           0.5671     0.0102  |       0.5539      0.2357
 250      0.0550        1.0000  |    0.6298/  0.6502/  0.6638            0.6638           0.5674     0.0109  |       0.5540      0.2357
 251      0.0550        1.0000  |    0.6248/  0.6509/  0.6671            0.6671           0.5674     0.0089  |       0.5530      0.2357
 252      0.0549        1.0000  |    0.6173/  0.6523/  0.6670            0.6670           0.5675     0.0161  |       0.5507      0.2357
 253      0.0551        1.0000  |    0.5932/  0.6545/  0.6672            0.6672           0.5671     0.0177  |       0.5537      0.2357
 254      0.0551        1.0000  |    0.6284/  0.6558/  0.6693            0.6693           0.5671     0.0209  |       0.5539      0.2357
 255      0.0551        1.0000  |    0.6250/  0.6554/  0.6688            0.6688           0.5671     0.0210  |       0.5540      0.2357
 256      0.0551        1.0000  |    0.6244/  0.6599/  0.6702            0.6702           0.5671     0.0060  |       0.5540      0.2357
 257      0.0551        1.0000  |    0.6413/  0.6578/  0.6693            0.6693           0.5671     0.0157  |       0.5534      0.2357
 258      0.0551        1.0000  |    0.6212/  0.6547/  0.6681            0.6681           0.5671     0.0195  |       0.5525      0.2357
 259      0.0551        1.0000  |    0.6357/  0.6532/  0.6672            0.6672           0.5671     0.0052  |       0.5539      0.2357
 260      0.0551        1.0000  |    0.6375/  0.6608/  0.6726            0.6726           0.5671     0.0063  |       0.5492      0.2357
 261      0.0551        1.0000  |    0.6254/  0.6575/  0.6706            0.6706           0.5671     0.0125  |       0.5535      0.2357
 262      0.0551        1.0000  |    0.6324/  0.6563/  0.6681            0.6681           0.5671     0.0195  |       0.5539      0.2357
 263      0.0551        1.0000  |    0.6238/  0.6572/  0.6694            0.6694           0.5671     0.0163  |       0.5540      0.2357
 264      0.0551        1.0000  |    0.5958/  0.6543/  0.6668            0.6668           0.5671     0.0180  |       0.5540      0.2357
 265      0.0551        1.0000  |    0.6061/  0.6563/  0.6682            0.6682           0.5671     0.0078  |       0.5540      0.2357
 266      0.0551        1.0000  |    0.6335/  0.6551/  0.6682            0.6682           0.5671     0.0073  |       0.5540      0.2357
 267      0.0551        1.0000  |    0.6357/  0.6518/  0.6639            0.6639           0.5671     0.0214  |       0.5540      0.2357
 268      0.0551        1.0000  |    0.6201/  0.6529/  0.6650            0.6650           0.5671     0.0096  |       0.5540      0.2357
 269      0.0551        1.0000  |    0.6255/  0.6515/  0.6643            0.6643           0.5671     0.0123  |       0.5540      0.2357
 270      0.0549        1.0000  |    0.6293/  0.6508/  0.6634            0.6634           0.5675     0.0051  |       0.5540      0.2357
 271      0.0549        1.0000  |    0.6208/  0.6481/  0.6603            0.6603           0.5675     0.0265  |       0.5540      0.2357
 272      0.0551        1.0000  |    0.6132/  0.6488/  0.6623            0.6623           0.5671     0.0213  |       0.5540      0.2357
 273      0.0551        1.0000  |    0.6265/  0.6534/  0.6655            0.6655           0.5671     0.0055  |       0.5540      0.2357
 274      0.0551        1.0000  |    0.6367/  0.6580/  0.6693            0.6693           0.5671     0.0053  |       0.5525      0.2357
 275      0.0551        1.0000  |    0.6313/  0.6568/  0.6694            0.6694           0.5671     0.0151  |       0.5539      0.2357
 276      0.0551        1.0000  |    0.6326/  0.6566/  0.6674            0.6674           0.5671     0.0241  |       0.5540      0.2357
 277      0.0551        1.0000  |    0.6378/  0.6576/  0.6694            0.6694           0.5671     0.0042  |       0.5540      0.2357
 278      0.0551        1.0000  |    0.6293/  0.6543/  0.6657            0.6657           0.5671     0.0176  |       0.5540      0.2357
 279      0.0551        1.0000  |    0.6377/  0.6547/  0.6667            0.6667           0.5671     0.0130  |       0.5540      0.2357
 280      0.0551        1.0000  |    0.6209/  0.6549/  0.6667            0.6667           0.5672     0.0194  |       0.5540      0.2357
 281      0.0551        1.0000  |    0.6067/  0.6561/  0.6691            0.6691           0.5672     0.0185  |       0.5540      0.2357
 282      0.0550        1.0000  |    0.6334/  0.6554/  0.6669            0.6669           0.5666     0.0083  |       0.5540      0.2357
 283      0.0552        1.0000  |    0.6302/  0.6507/  0.6606            0.6606           0.5671     0.0191  |       0.5540      0.2357
 284      0.0551        1.0000  |    0.6225/  0.6488/  0.6599            0.6599           0.5672     0.0154  |       0.5540      0.2357
 285      0.0552        1.0000  |    0.6230/  0.6448/  0.6605            0.6605           0.5671     0.0097  |       0.5540      0.2357
 286      0.0552        1.0000  |    0.6304/  0.6490/  0.6601            0.6601           0.5671     0.0098  |       0.5540      0.2357
 287      0.0552        1.0000  |    0.6324/  0.6500/  0.6602            0.6602           0.5671     0.0197  |       0.5532      0.2357
 288      0.0552        1.0000  |    0.5728/  0.6458/  0.6575            0.6575           0.5671     0.0187  |       0.5539      0.2357
 289      0.0552        1.0000  |    0.6268/  0.6457/  0.6569            0.6569           0.5671     0.0107  |       0.5540      0.2357
 290      0.0552        1.0000  |    0.6086/  0.6441/  0.6570            0.6570           0.5671     0.0063  |       0.5540      0.2357
 291      0.0552        1.0000  |    0.6298/  0.6552/  0.6686            0.6686           0.5671     0.0080  |       0.5515      0.2357
 292      0.0550        1.0000  |    0.6160/  0.6542/  0.6697            0.6697           0.5674     0.0229  |       0.5538      0.2357
 293      0.0552        1.0000  |    0.6234/  0.6536/  0.6645            0.6645           0.5671     0.0160  |       0.5540      0.2357
 294      0.0552        1.0000  |    0.6297/  0.6529/  0.6643            0.6643           0.5671     0.0175  |       0.5540      0.2357
 295      0.0552        1.0000  |    0.6216/  0.6483/  0.6581            0.6581           0.5671     0.0228  |       0.5540      0.2357
 296      0.0552        1.0000  |    0.6174/  0.6431/  0.6603            0.6603           0.5671     0.0139  |       0.5540      0.2357
 297      0.0552        1.0000  |    0.6225/  0.6501/  0.6614            0.6614           0.5671     0.0251  |       0.5540      0.2357
 298      0.0552        1.0000  |    0.6113/  0.6470/  0.6620            0.6620           0.5671     0.0103  |       0.5540      0.2357
 299      0.0550        1.0000  |    0.6130/  0.6517/  0.6670            0.6670           0.5666     0.0084  |       0.5540      0.2357
IMAGEIO FFMPEG_WRITER WARNING: input image is not divisible by macro_block_size=16, resizing from (320, 180) to (320, 192) to ensure video compatibility with most codecs and players. To prevent resizing, make your input image divisible by the macro_block_size or set the macro_block_size to 1 (risking incompatibility).

Saved 300 frames -> /home/ashwink/Documents/swms/SWM_copy/rollouts_5_per/expert-only/epoch15/epoch15_rollout4_failure.mp4
min dist(green_cube,blue_moon) over episode = 0.1988  ->  FAILURE
Full log written to /home/ashwink/Documents/swms/SWM_copy/rollouts_5_per/expert-only/epoch15/epoch15_rollout4_20260723_135531.log
Result json -> /home/ashwink/Documents/swms/SWM_copy/rollouts_5_per/expert-only/epoch15/epoch15_rollout4_result.json
