Checkpoint dir epoch: 15  Rollout: 0
Logging to /home/ashwink/Documents/swms/SWM_copy/rollouts_5_per/expert-only/epoch15/epoch15_rollout0_20260723_135040.log
Goal (fixed, steps 0-299): the green cube is touching the blue moon. the peg is touching the green cube.

Checkpoint: /home/ashwink/Documents/swms/SWM_copy/training/checkpoints_clip_full_finetuned_wider_hl/epoch_015.pt
  epoch=15  step=13728

Loading CLIP ViT-L/14 (datacomp_xl_s13b_b90k) + fine-tuned clip_state_dict ...
Parsing model identifier. Schema: None, Identifier: ViT-L-14
Loaded built-in ViT-L-14 model config.
Instantiating model architecture: CLIP
Loading full pretrained weights from: /home/ashwink/.cache/huggingface/hub/models--laion--CLIP-ViT-L-14-DataComp.XL-s13B-b90K/snapshots/84c9828e63dc9a9351d1fe637c346d4c1c4db341/open_clip_pytorch_model.bin
Final image preprocessing configuration set: {'size': (224, 224), 'mode': 'RGB', 'mean': (0.48145466, 0.4578275, 0.40821073), 'std': (0.26862954, 0.26130258, 0.27577711), 'interpolation': 'bicubic', 'resize_mode': 'shortest', 'fill_color': 0}
Model ViT-L-14 creation process complete.
Parsing tokenizer identifier. Schema: None, Identifier: ViT-L-14
Attempting to load config from built-in: ViT-L-14
Using default SimpleTokenizer.
z_star shape: torch.Size([768])

Loading action stats from /home/ashwink/full_data_5000/langtable/demos/ ...
  lo=[-0.03372681140899658, -0.03493623435497284]  hi=[0.03496786952018738, 0.03494429588317871]

Initializing LangTable env ...
Loading URDF plane.urdf
Loading URDF /home/ashwink/Documents/swms/.venv/lib/python3.10/site-packages/language_table/environments/utils/../../../language_table/environments/assets/workspace_real.urdf
Loading URDF xarm/xarm6_robot_white.urdf
Loading URDF /home/ashwink/Documents/swms/.venv/lib/python3.10/site-packages/language_table/environments/utils/../../../language_table/environments/assets/suction/cylinder_real.urdf
Loading URDF /home/ashwink/Documents/swms/.venv/lib/python3.10/site-packages/language_table/environments/utils/../../../language_table/environments/assets/blocks/red_moon.urdf
Loading URDF /home/ashwink/Documents/swms/.venv/lib/python3.10/site-packages/language_table/environments/utils/../../../language_table/environments/assets/blocks/red_cube.urdf
Loading URDF /home/ashwink/Documents/swms/.venv/lib/python3.10/site-packages/language_table/environments/utils/../../../language_table/environments/assets/blocks/red_star.urdf
Loading URDF /home/ashwink/Documents/swms/.venv/lib/python3.10/site-packages/language_table/environments/utils/../../../language_table/environments/assets/blocks/red_pentagon.urdf
Loading URDF /home/ashwink/Documents/swms/.venv/lib/python3.10/site-packages/language_table/environments/utils/../../../language_table/environments/assets/blocks/blue_moon.urdf
Loading URDF /home/ashwink/Documents/swms/.venv/lib/python3.10/site-packages/language_table/environments/utils/../../../language_table/environments/assets/blocks/blue_cube.urdf
Loading URDF /home/ashwink/Documents/swms/.venv/lib/python3.10/site-packages/language_table/environments/utils/../../../language_table/environments/assets/blocks/blue_star.urdf
Loading URDF /home/ashwink/Documents/swms/.venv/lib/python3.10/site-packages/language_table/environments/utils/../../../language_table/environments/assets/blocks/blue_pentagon.urdf
Loading URDF /home/ashwink/Documents/swms/.venv/lib/python3.10/site-packages/language_table/environments/utils/../../../language_table/environments/assets/blocks/yellow_moon.urdf
Loading URDF /home/ashwink/Documents/swms/.venv/lib/python3.10/site-packages/language_table/environments/utils/../../../language_table/environments/assets/blocks/yellow_cube.urdf
Loading URDF /home/ashwink/Documents/swms/.venv/lib/python3.10/site-packages/language_table/environments/utils/../../../language_table/environments/assets/blocks/yellow_star.urdf
Loading URDF /home/ashwink/Documents/swms/.venv/lib/python3.10/site-packages/language_table/environments/utils/../../../language_table/environments/assets/blocks/yellow_pentagon.urdf
Loading URDF /home/ashwink/Documents/swms/.venv/lib/python3.10/site-packages/language_table/environments/utils/../../../language_table/environments/assets/blocks/green_moon.urdf
Loading URDF /home/ashwink/Documents/swms/.venv/lib/python3.10/site-packages/language_table/environments/utils/../../../language_table/environments/assets/blocks/green_cube.urdf
Loading URDF /home/ashwink/Documents/swms/.venv/lib/python3.10/site-packages/language_table/environments/utils/../../../language_table/environments/assets/blocks/green_star.urdf
Loading URDF /home/ashwink/Documents/swms/.venv/lib/python3.10/site-packages/language_table/environments/utils/../../../language_table/environments/assets/blocks/green_pentagon.urdf
Loading URDF /home/ashwink/Documents/swms/.venv/lib/python3.10/site-packages/language_table/environments/utils/../../../language_table/environments/assets/blocks/purple_moon.urdf
Loading URDF /home/ashwink/Documents/swms/.venv/lib/python3.10/site-packages/language_table/environments/utils/../../../language_table/environments/assets/blocks/purple_cube.urdf
Loading URDF /home/ashwink/Documents/swms/.venv/lib/python3.10/site-packages/language_table/environments/utils/../../../language_table/environments/assets/blocks/purple_star.urdf
Loading URDF /home/ashwink/Documents/swms/.venv/lib/python3.10/site-packages/language_table/environments/utils/../../../language_table/environments/assets/blocks/purple_pentagon.urdf
Env ready.

Forced peg start: [0.42843915 0.24419614]  (green_cube=[0.40339102 0.18967466], blue_moon=[0.32039625 0.00902261])
  dist(peg,green_cube)=0.0600  dist(peg,blue_moon)=0.2588  dist(green_cube,blue_moon)=0.1988

step  cos(zt,z*)  cos(zt,zt-1)  |   cos(predK,z*) min/mean/max  cos(pred_sel,z*)   cos(zpred0,z*)  ||a_raw||  |  dist(peg,A)   dist(A,B)
-------------------------------------------------------------------------------------------------------------------------------------------------------------------------------
   0      0.0925           nan  |    0.4476/  0.7104/  0.7353            0.7353           0.6527     0.0159  |       0.0587      0.1988
   1      0.0949        0.9916  |    0.7031/  0.7198/  0.7276            0.7276           0.6553     0.0063  |       0.0525      0.1988
   2      0.0946        0.9880  |    0.6885/  0.7079/  0.7156            0.7156           0.6428     0.0033  |       0.0504      0.1988
   3      0.0938        0.9853  |    0.6678/  0.7174/  0.7240            0.7240           0.6518     0.0152  |       0.0479      0.1988
   4      0.0880        0.9566  |    0.6852/  0.7033/  0.7140            0.7139           0.6388     0.0225  |       0.0363      0.1977
   5      0.0990        0.6034  |    0.6190/  0.7390/  0.7481            0.7481           0.6714     0.0089  |       0.0428      0.1747
   6      0.1079        0.9164  |    0.6956/  0.7348/  0.7449            0.7449           0.6630     0.0212  |       0.0357      0.1740
   7      0.1052        0.8236  |    0.6856/  0.7154/  0.7240            0.7240           0.6386     0.0108  |       0.0373      0.1665
   8      0.0750        0.8632  |    0.6985/  0.7294/  0.7381            0.7381           0.6451     0.0103  |       0.0354      0.1626
   9      0.1009        0.8549  |    0.7152/  0.7336/  0.7432            0.7432           0.6792     0.0169  |       0.0352      0.1583
  10      0.0876        0.9306  |    0.7136/  0.7340/  0.7467            0.7467           0.6788     0.0222  |       0.0449      0.1583
  11      0.0724        0.8180  |    0.5969/  0.6185/  0.6278            0.6278           0.5623     0.0127  |       0.0633      0.1583
  12      0.0629        0.8700  |    0.2517/  0.3171/  0.3499            0.3499           0.0743     0.0054  |       0.0760      0.1583
  13      0.0742        0.9201  |    0.5897/  0.6072/  0.6219            0.6219           0.5580     0.0203  |       0.0802      0.1583
  14      0.0523        0.9013  |    0.2020/  0.2290/  0.2530            0.2530           0.0347     0.0036  |       0.0788      0.1583
  15      0.0516        0.9232  |   -0.0829/ -0.0549/ -0.0301           -0.0301          -0.1296     0.0291  |       0.0822      0.1583
  16     -0.0634        0.7699  |   -0.2683/ -0.2562/ -0.2483           -0.2483          -0.2659     0.0217  |       0.1068      0.1583
  17     -0.0565        0.9027  |   -0.2532/ -0.2423/ -0.2302           -0.2302          -0.2698     0.0214  |       0.1265      0.1583
  18     -0.0665        0.7351  |   -0.2939/ -0.2370/ -0.1969           -0.1969          -0.3429     0.0173  |       0.1411      0.1583
  19     -0.0495        0.8536  |   -0.2723/ -0.1984/ -0.1859           -0.1859          -0.2688     0.0267  |       0.1330      0.1583
  20     -0.0466        0.8722  |   -0.2415/ -0.1966/ -0.1726           -0.1726          -0.2729     0.0127  |       0.1502      0.1565
  21     -0.0312        0.8354  |   -0.2762/ -0.1996/ -0.1763           -0.1763          -0.2679     0.0380  |       0.1434      0.1538
  22     -0.0393        0.4342  |   -0.3493/ -0.3146/ -0.2803           -0.2803          -0.3895     0.0193  |       0.1501      0.1814
  23     -0.0375        0.6878  |   -0.2624/ -0.2294/ -0.2166           -0.2166          -0.3710     0.0093  |       0.1559      0.1877
  24     -0.0282        0.9312  |   -0.2407/ -0.2065/ -0.1945           -0.1945          -0.3045     0.0173  |       0.1645      0.1877
  25     -0.0659        0.7953  |   -0.1828/ -0.1561/ -0.1198           -0.1198          -0.2678     0.0274  |       0.1667      0.1876
  26     -0.0798        0.6955  |   -0.0319/  0.0390/  0.0653            0.0653          -0.2963     0.0246  |       0.1511      0.1892
  27     -0.0544        0.7972  |   -0.2244/ -0.1410/ -0.0200           -0.0200          -0.3275     0.0205  |       0.1491      0.1892
  28     -0.0415        0.7342  |   -0.0367/  0.0972/  0.1388            0.1388          -0.3293     0.0179  |       0.1427      0.1892
  29     -0.0574        0.8416  |   -0.2935/ -0.2425/ -0.2292           -0.2292          -0.3361     0.0167  |       0.1344      0.1892
  30     -0.0591        0.7740  |   -0.3370/ -0.3021/ -0.2939           -0.2939          -0.3501     0.0156  |       0.1406      0.1892
  31     -0.0478        0.7609  |   -0.3338/ -0.2835/ -0.2486           -0.2486          -0.4171     0.0302  |       0.1526      0.1892
  32     -0.0353        0.7103  |   -0.2279/ -0.2163/ -0.2093           -0.2093          -0.3590     0.0310  |       0.1684      0.1892
  33     -0.0709        0.7735  |   -0.2250/ -0.2010/ -0.1938           -0.1938          -0.3254     0.0285  |       0.1910      0.1892
  34     -0.0418        0.8207  |   -0.2321/ -0.2078/ -0.1918           -0.1918          -0.3527     0.0237  |       0.2144      0.1892
  35     -0.0260        0.8518  |   -0.1546/ -0.0921/ -0.0047           -0.0047          -0.3698     0.0352  |       0.2358      0.1892
  36     -0.0049        0.8474  |   -0.0305/  0.0347/  0.0587            0.0587          -0.3455     0.0372  |       0.2375      0.1892
  37     -0.0053        0.7653  |   -0.1882/ -0.1635/ -0.1488           -0.1488          -0.4215     0.0389  |       0.2302      0.1892
  38     -0.0315        0.6840  |    0.0167/  0.0420/  0.0546            0.0546          -0.3799     0.0393  |       0.2209      0.1892
  39     -0.0169        0.6877  |   -0.1387/ -0.0934/ -0.0724           -0.0724          -0.3257     0.0343  |       0.2286      0.1892
  40     -0.0047        0.7312  |   -0.0820/ -0.0277/  0.0023            0.0023          -0.4127     0.0359  |       0.2353      0.1892
  41     -0.0156        0.7520  |   -0.0515/  0.0257/  0.0494            0.0494          -0.4066     0.0326  |       0.2423      0.1892
  42     -0.0232        0.8243  |    0.1314/  0.2033/  0.2336            0.2336          -0.4211     0.0239  |       0.2538      0.1892
  43     -0.0215        0.9349  |    0.0706/  0.1353/  0.1681            0.1681          -0.3914     0.0308  |       0.2687      0.1892
  44     -0.0148        0.9081  |    0.0889/  0.1226/  0.1493            0.1493          -0.4251     0.0202  |       0.2786      0.1892
  45     -0.0310        0.9109  |   -0.1729/ -0.1019/ -0.0695           -0.0695          -0.4021     0.0291  |       0.2896      0.1892
  46     -0.0604        0.8547  |    0.0090/  0.0755/  0.1003            0.1003          -0.3837     0.0297  |       0.3069      0.1892
  47     -0.0433        0.8049  |   -0.1125/ -0.0705/ -0.0546           -0.0546          -0.3814     0.0407  |       0.3215      0.1892
  48     -0.0706        0.7946  |   -0.2220/ -0.1537/ -0.1226           -0.1226          -0.3676     0.0248  |       0.3463      0.1892
  49     -0.0896        0.8834  |   -0.2140/ -0.1660/ -0.1470           -0.1470          -0.3923     0.0334  |       0.3627      0.1892
  50     -0.0510        0.8295  |   -0.1870/ -0.1123/ -0.0928           -0.0928          -0.4217     0.0337  |       0.3859      0.1892
  51     -0.0731        0.8221  |   -0.1021/ -0.0517/ -0.0323           -0.0323          -0.4225     0.0394  |       0.4105      0.1892
  52     -0.0731        1.0000  |   -0.1253/ -0.0734/ -0.0528           -0.0528          -0.4225     0.0399  |       0.4380      0.1892
  53     -0.0731        1.0000  |   -0.1349/ -0.0707/ -0.0570           -0.0570          -0.4225     0.0449  |       0.4646      0.1892
  54     -0.0731        1.0000  |   -0.1066/ -0.0597/ -0.0409           -0.0409          -0.4225     0.0428  |       0.4838      0.1892
  55     -0.0731        1.0000  |   -0.1483/ -0.0621/ -0.0365           -0.0365          -0.4225     0.0379  |       0.4858      0.1892
  56     -0.0731        1.0000  |   -0.1313/ -0.0640/ -0.0423           -0.0423          -0.4225     0.0398  |       0.4860      0.1892
  57     -0.0732        1.0000  |   -0.1192/ -0.0873/ -0.0707           -0.0707          -0.4224     0.0202  |       0.4860      0.1892
  58     -0.0732        1.0000  |   -0.1618/ -0.1240/ -0.1044           -0.1044          -0.4224     0.0372  |       0.4860      0.1892
  59     -0.0732        1.0000  |   -0.1869/ -0.1420/ -0.1113           -0.1113          -0.4224     0.0278  |       0.4860      0.1892
  60     -0.0732        1.0000  |   -0.1685/ -0.1216/ -0.1019           -0.1019          -0.4224     0.0314  |       0.4861      0.1892
  61     -0.0732        1.0000  |   -0.1869/ -0.1558/ -0.1310           -0.1310          -0.4224     0.0342  |       0.4862      0.1892
  62     -0.0732        1.0000  |   -0.2043/ -0.1610/ -0.1345           -0.1345          -0.4224     0.0412  |       0.4863      0.1892
  63     -0.0732        1.0000  |   -0.1615/ -0.1410/ -0.1189           -0.1189          -0.4224     0.0232  |       0.4863      0.1892
  64     -0.0732        1.0000  |   -0.1438/ -0.1230/ -0.1077           -0.1077          -0.4224     0.0394  |       0.4863      0.1892
  65     -0.0732        1.0000  |   -0.1532/ -0.1201/ -0.0980           -0.0980          -0.4224     0.0238  |       0.4862      0.1892
  66     -0.0732        1.0000  |   -0.1506/ -0.1197/ -0.0987           -0.0987          -0.4224     0.0302  |       0.4861      0.1892
  67     -0.0732        1.0000  |   -0.1661/ -0.1301/ -0.1097           -0.1097          -0.4224     0.0278  |       0.4860      0.1892
  68     -0.0732        1.0000  |   -0.1771/ -0.1372/ -0.1187           -0.1187          -0.4224     0.0220  |       0.4861      0.1892
  69     -0.0732        1.0000  |   -0.1760/ -0.1400/ -0.1199           -0.1199          -0.4224     0.0290  |       0.4862      0.1892
  70     -0.0732        1.0000  |   -0.1481/ -0.1120/ -0.0899           -0.0899          -0.4224     0.0242  |       0.4863      0.1892
  71     -0.0732        1.0000  |   -0.1608/ -0.1315/ -0.1118           -0.1118          -0.4224     0.0356  |       0.4864      0.1892
  72     -0.0732        1.0000  |   -0.1635/ -0.1376/ -0.1208           -0.1208          -0.4224     0.0346  |       0.4863      0.1892
  73     -0.0732        1.0000  |   -0.1719/ -0.1339/ -0.1122           -0.1122          -0.4224     0.0344  |       0.4863      0.1892
  74     -0.0732        1.0000  |   -0.1546/ -0.1267/ -0.1067           -0.1067          -0.4224     0.0317  |       0.4862      0.1892
  75     -0.0732        1.0000  |   -0.1664/ -0.1405/ -0.1221           -0.1221          -0.4224     0.0322  |       0.4862      0.1892
  76     -0.0732        1.0000  |   -0.1761/ -0.1434/ -0.1246           -0.1246          -0.4224     0.0315  |       0.4862      0.1892
  77     -0.0732        1.0000  |   -0.1674/ -0.1174/ -0.0997           -0.0997          -0.4224     0.0296  |       0.4862      0.1892
  78     -0.0734        1.0000  |   -0.1765/ -0.1440/ -0.1240           -0.1240          -0.4225     0.0318  |       0.4862      0.1892
  79     -0.0734        1.0000  |   -0.1697/ -0.1403/ -0.1211           -0.1211          -0.4226     0.0308  |       0.4862      0.1892
  80     -0.0734        1.0000  |   -0.1577/ -0.1314/ -0.1078           -0.1078          -0.4226     0.0321  |       0.4862      0.1892
  81     -0.0734        1.0000  |   -0.2019/ -0.1851/ -0.1709           -0.1709          -0.4226     0.0391  |       0.4862      0.1892
  82     -0.0734        1.0000  |   -0.1489/ -0.1215/ -0.1038           -0.1038          -0.4226     0.0311  |       0.4862      0.1892
  83     -0.0734        1.0000  |   -0.1530/ -0.1275/ -0.1057           -0.1057          -0.4226     0.0331  |       0.4861      0.1892
  84     -0.0734        1.0000  |   -0.1841/ -0.1577/ -0.1349           -0.1349          -0.4226     0.0276  |       0.4861      0.1892
  85     -0.0734        1.0000  |   -0.1640/ -0.1338/ -0.1173           -0.1173          -0.4226     0.0374  |       0.4861      0.1892
  86     -0.0734        1.0000  |   -0.1721/ -0.1445/ -0.1246           -0.1246          -0.4226     0.0358  |       0.4861      0.1892
  87     -0.0734        1.0000  |   -0.1727/ -0.1419/ -0.1244           -0.1244          -0.4226     0.0360  |       0.4861      0.1892
  88     -0.0734        1.0000  |   -0.1657/ -0.1246/ -0.1046           -0.1046          -0.4226     0.0242  |       0.4862      0.1892
  89     -0.0734        1.0000  |   -0.1683/ -0.1381/ -0.1199           -0.1199          -0.4226     0.0310  |       0.4863      0.1892
  90     -0.0734        1.0000  |   -0.1987/ -0.1786/ -0.1609           -0.1609          -0.4226     0.0344  |       0.4864      0.1892
  91     -0.0734        1.0000  |   -0.1678/ -0.1425/ -0.1216           -0.1216          -0.4226     0.0329  |       0.4864      0.1892
  92     -0.0734        1.0000  |   -0.1708/ -0.1427/ -0.1230           -0.1230          -0.4226     0.0340  |       0.4863      0.1892
  93     -0.0734        1.0000  |   -0.1792/ -0.1501/ -0.1302           -0.1302          -0.4226     0.0366  |       0.4863      0.1892
  94     -0.0734        1.0000  |   -0.1602/ -0.1365/ -0.1182           -0.1182          -0.4226     0.0300  |       0.4864      0.1892
  95     -0.0734        1.0000  |   -0.1717/ -0.1406/ -0.1228           -0.1228          -0.4226     0.0341  |       0.4864      0.1892
  96     -0.0734        1.0000  |   -0.1628/ -0.1402/ -0.1221           -0.1221          -0.4226     0.0356  |       0.4863      0.1892
  97     -0.0734        1.0000  |   -0.1556/ -0.1350/ -0.1180           -0.1180          -0.4226     0.0266  |       0.4864      0.1892
  98     -0.0734        1.0000  |   -0.1855/ -0.1632/ -0.1455           -0.1455          -0.4226     0.0362  |       0.4865      0.1892
  99     -0.0734        1.0000  |   -0.1478/ -0.1233/ -0.1014           -0.1014          -0.4226     0.0290  |       0.4864      0.1892
 100     -0.0734        1.0000  |   -0.1763/ -0.1230/ -0.0968           -0.0968          -0.4226     0.0265  |       0.4864      0.1892
 101     -0.0734        1.0000  |   -0.1659/ -0.1389/ -0.1206           -0.1206          -0.4226     0.0322  |       0.4864      0.1892
 102     -0.0734        1.0000  |   -0.1849/ -0.1451/ -0.1248           -0.1248          -0.4226     0.0331  |       0.4865      0.1892
 103     -0.0734        1.0000  |   -0.1829/ -0.1547/ -0.1353           -0.1353          -0.4226     0.0346  |       0.4865      0.1892
 104     -0.0734        1.0000  |   -0.1593/ -0.1280/ -0.1109           -0.1109          -0.4226     0.0318  |       0.4864      0.1892
 105     -0.0734        1.0000  |   -0.1865/ -0.1278/ -0.0948           -0.0948          -0.4226     0.0255  |       0.4864      0.1892
 106     -0.0734        1.0000  |   -0.1612/ -0.1199/ -0.1034           -0.1034          -0.4226     0.0312  |       0.4865      0.1892
 107     -0.0734        1.0000  |   -0.1932/ -0.1692/ -0.1489           -0.1489          -0.4226     0.0339  |       0.4866      0.1892
 108     -0.0734        1.0000  |   -0.1612/ -0.1433/ -0.1305           -0.1305          -0.4226     0.0338  |       0.4865      0.1892
 109     -0.0734        1.0000  |   -0.1677/ -0.1350/ -0.1093           -0.1093          -0.4226     0.0330  |       0.4864      0.1892
 110     -0.0734        1.0000  |   -0.2111/ -0.1388/ -0.1097           -0.1097          -0.4226     0.0224  |       0.4864      0.1892
 111     -0.0734        1.0000  |   -0.1943/ -0.1103/ -0.0860           -0.0860          -0.4226     0.0266  |       0.4865      0.1892
 112     -0.0734        1.0000  |   -0.1730/ -0.1205/ -0.0935           -0.0935          -0.4226     0.0306  |       0.4866      0.1892
 113     -0.0734        1.0000  |   -0.1939/ -0.1330/ -0.1125           -0.1125          -0.4226     0.0332  |       0.4866      0.1892
 114     -0.0734        1.0000  |   -0.1468/ -0.1242/ -0.1083           -0.1083          -0.4226     0.0197  |       0.4865      0.1892
 115     -0.0734        1.0000  |   -0.1471/ -0.1165/ -0.0983           -0.0983          -0.4226     0.0289  |       0.4865      0.1892
 116     -0.0734        1.0000  |   -0.1926/ -0.1592/ -0.1417           -0.1417          -0.4226     0.0416  |       0.4865      0.1892
 117     -0.0734        1.0000  |   -0.1438/ -0.1264/ -0.1086           -0.1086          -0.4226     0.0306  |       0.4866      0.1892
 118     -0.0734        1.0000  |   -0.1600/ -0.1195/ -0.0957           -0.0957          -0.4226     0.0281  |       0.4866      0.1892
 119     -0.0734        1.0000  |   -0.1890/ -0.1612/ -0.1421           -0.1421          -0.4226     0.0366  |       0.4866      0.1892
 120     -0.0734        1.0000  |   -0.1736/ -0.1317/ -0.1148           -0.1148          -0.4226     0.0312  |       0.4865      0.1892
 121     -0.0734        1.0000  |   -0.1824/ -0.1406/ -0.1242           -0.1242          -0.4226     0.0328  |       0.4865      0.1892
 122     -0.0734        1.0000  |   -0.1893/ -0.1180/ -0.0971           -0.0971          -0.4226     0.0298  |       0.4865      0.1892
 123     -0.0734        1.0000  |   -0.1589/ -0.1308/ -0.1105           -0.1105          -0.4226     0.0275  |       0.4866      0.1892
 124     -0.0734        1.0000  |   -0.2292/ -0.1867/ -0.1648           -0.1648          -0.4226     0.0349  |       0.4866      0.1892
 125     -0.0734        1.0000  |   -0.1445/ -0.1152/ -0.0938           -0.0938          -0.4226     0.0252  |       0.4867      0.1892
 126     -0.0734        1.0000  |   -0.1488/ -0.1257/ -0.1057           -0.1057          -0.4226     0.0343  |       0.4867      0.1892
 127     -0.0734        1.0000  |   -0.1530/ -0.1231/ -0.1001           -0.1001          -0.4226     0.0317  |       0.4866      0.1892
 128     -0.0734        1.0000  |   -0.2201/ -0.2016/ -0.1842           -0.1842          -0.4226     0.0358  |       0.4865      0.1892
 129     -0.0734        1.0000  |   -0.1785/ -0.1514/ -0.1345           -0.1345          -0.4226     0.0318  |       0.4865      0.1892
 130     -0.0733        1.0000  |   -0.1926/ -0.1373/ -0.1210           -0.1210          -0.4225     0.0278  |       0.4866      0.1892
 131     -0.0733        1.0000  |   -0.1769/ -0.1386/ -0.1131           -0.1131          -0.4225     0.0346  |       0.4866      0.1892
 132     -0.0733        1.0000  |   -0.1898/ -0.1715/ -0.1562           -0.1562          -0.4225     0.0255  |       0.4867      0.1892
 133     -0.0733        1.0000  |   -0.1752/ -0.1295/ -0.1098           -0.1098          -0.4225     0.0284  |       0.4867      0.1892
 134     -0.0733        1.0000  |   -0.1718/ -0.1272/ -0.0997           -0.0997          -0.4226     0.0258  |       0.4867      0.1892
 135     -0.0733        1.0000  |   -0.1808/ -0.1600/ -0.1462           -0.1462          -0.4226     0.0409  |       0.4866      0.1892
 136     -0.0733        1.0000  |   -0.1687/ -0.1448/ -0.1290           -0.1290          -0.4226     0.0313  |       0.4865      0.1892
 137     -0.0733        1.0000  |   -0.1522/ -0.1132/ -0.0967           -0.0967          -0.4226     0.0322  |       0.4866      0.1892
 138     -0.0733        1.0000  |   -0.0679/ -0.0274/  0.0116            0.0116          -0.4226     0.0214  |       0.4867      0.1892
 139     -0.0733        1.0000  |    0.0108/  0.0350/  0.0555            0.0555          -0.4226     0.0438  |       0.4868      0.1892
 140     -0.0733        1.0000  |    0.0382/  0.0622/  0.0783            0.0783          -0.4226     0.0348  |       0.4770      0.1892
 141     -0.0733        1.0000  |    0.0345/  0.0569/  0.0763            0.0763          -0.4226     0.0321  |       0.4677      0.1892
 142     -0.0734        1.0000  |    0.0349/  0.0598/  0.0788            0.0788          -0.4227     0.0437  |       0.4613      0.1892
 143     -0.0734        1.0000  |    0.0357/  0.0591/  0.0753            0.0753          -0.4227     0.0401  |       0.4546      0.1892
 144     -0.0734        1.0000  |    0.0168/  0.0467/  0.0649            0.0649          -0.4227     0.0390  |       0.4499      0.1892
 145     -0.0734        1.0000  |    0.0264/  0.0467/  0.0615            0.0615          -0.4226     0.0393  |       0.4477      0.1892
 146     -0.0734        1.0000  |    0.0057/  0.0324/  0.0512            0.0512          -0.4226     0.0468  |       0.4470      0.1892
 147     -0.0734        1.0000  |    0.0355/  0.0634/  0.0826            0.0826          -0.4226     0.0359  |       0.4486      0.1892
 148     -0.0734        1.0000  |    0.0444/  0.0727/  0.0904            0.0904          -0.4226     0.0354  |       0.4521      0.1892
 149     -0.0734        1.0000  |    0.0142/  0.0449/  0.0624            0.0624          -0.4226     0.0454  |       0.4567      0.1892
 150     -0.0734        1.0000  |    0.0251/  0.0547/  0.0758            0.0758          -0.4226     0.0442  |       0.4644      0.1892
 151     -0.0734        1.0000  |    0.0109/  0.0265/  0.0410            0.0410          -0.4226     0.0327  |       0.4746      0.1892
 152     -0.0734        1.0000  |   -0.0213/  0.0031/  0.0261            0.0261          -0.4226     0.0417  |       0.4812      0.1892
 153     -0.0734        1.0000  |    0.0334/  0.0523/  0.0731            0.0731          -0.4226     0.0336  |       0.4941      0.1892
 154     -0.0734        1.0000  |    0.0322/  0.0506/  0.0660            0.0660          -0.4226     0.0478  |       0.5075      0.1892
 155     -0.0734        1.0000  |    0.0367/  0.0560/  0.0725            0.0725          -0.4226     0.0406  |       0.5131      0.1892
 156     -0.0734        1.0000  |    0.0599/  0.0741/  0.0881            0.0881          -0.4226     0.0386  |       0.5136      0.1892
 157     -0.0734        1.0000  |    0.0326/  0.0606/  0.0780            0.0780          -0.4226     0.0405  |       0.5136      0.1892
 158     -0.0734        1.0000  |    0.0013/  0.0148/  0.0256            0.0256          -0.4226     0.0358  |       0.5136      0.1892
 159     -0.0734        1.0000  |    0.0464/  0.0698/  0.0859            0.0859          -0.4226     0.0373  |       0.5136      0.1892
 160     -0.0734        1.0000  |    0.0595/  0.0861/  0.1004            0.1004          -0.4226     0.0441  |       0.5136      0.1892
 161     -0.0734        1.0000  |   -0.0170/  0.0113/  0.0314            0.0314          -0.4226     0.0425  |       0.5136      0.1892
 162     -0.0734        1.0000  |    0.0467/  0.0721/  0.0874            0.0874          -0.4226     0.0392  |       0.5136      0.1892
 163     -0.0734        1.0000  |   -0.0105/  0.0057/  0.0194            0.0194          -0.4226     0.0482  |       0.5136      0.1892
 164     -0.0734        1.0000  |   -0.0374/ -0.0198/ -0.0056           -0.0056          -0.4226     0.0396  |       0.5136      0.1892
 165     -0.0734        1.0000  |   -0.0468/ -0.0284/ -0.0079           -0.0079          -0.4226     0.0243  |       0.5136      0.1892
 166     -0.0734        1.0000  |    0.0399/  0.0643/  0.0814            0.0814          -0.4226     0.0406  |       0.5136      0.1892
 167     -0.0734        1.0000  |    0.0549/  0.0789/  0.0942            0.0942          -0.4226     0.0410  |       0.5137      0.1892
 168     -0.0734        1.0000  |    0.0272/  0.0566/  0.0706            0.0706          -0.4226     0.0389  |       0.5137      0.1892
 169     -0.0734        1.0000  |    0.0544/  0.0759/  0.0930            0.0930          -0.4226     0.0412  |       0.5137      0.1892
 170     -0.0734        1.0000  |    0.0396/  0.0662/  0.0826            0.0826          -0.4226     0.0382  |       0.5137      0.1892
 171     -0.0734        1.0000  |    0.0448/  0.0662/  0.0810            0.0810          -0.4226     0.0412  |       0.5137      0.1892
 172     -0.0734        1.0000  |    0.0142/  0.0418/  0.0598            0.0598          -0.4226     0.0463  |       0.5137      0.1892
 173     -0.0734        1.0000  |    0.0239/  0.0422/  0.0566            0.0566          -0.4226     0.0446  |       0.5137      0.1892
 174     -0.0734        1.0000  |    0.0087/  0.0253/  0.0413            0.0413          -0.4226     0.0451  |       0.5137      0.1892
 175     -0.0734        1.0000  |    0.0467/  0.0761/  0.0937            0.0937          -0.4226     0.0461  |       0.5137      0.1892
 176     -0.0734        1.0000  |   -0.0437/ -0.0288/ -0.0151           -0.0151          -0.4226     0.0434  |       0.5137      0.1892
 177     -0.0734        1.0000  |    0.0190/  0.0477/  0.0638            0.0638          -0.4226     0.0412  |       0.5137      0.1892
 178     -0.0734        1.0000  |    0.0297/  0.0543/  0.0772            0.0772          -0.4226     0.0424  |       0.5137      0.1892
 179     -0.0734        1.0000  |    0.0236/  0.0476/  0.0632            0.0632          -0.4226     0.0391  |       0.5137      0.1892
 180     -0.0734        1.0000  |   -0.0381/ -0.0223/ -0.0067           -0.0067          -0.4226     0.0451  |       0.5137      0.1892
 181     -0.0734        1.0000  |    0.0112/  0.0381/  0.0614            0.0614          -0.4226     0.0286  |       0.5137      0.1892
 182     -0.0734        1.0000  |    0.0496/  0.0798/  0.0938            0.0938          -0.4226     0.0441  |       0.5137      0.1892
 183     -0.0735        1.0000  |    0.0039/  0.0205/  0.0317            0.0317          -0.4227     0.0400  |       0.5137      0.1892
 184     -0.0735        1.0000  |    0.0142/  0.0484/  0.0715            0.0715          -0.4227     0.0405  |       0.5137      0.1892
 185     -0.0735        1.0000  |   -0.0016/  0.0183/  0.0363            0.0363          -0.4227     0.0412  |       0.5137      0.1892
 186     -0.0735        1.0000  |   -0.0528/ -0.0242/ -0.0038           -0.0038          -0.4227     0.0459  |       0.5137      0.1892
 187     -0.0735        1.0000  |   -0.0308/ -0.0001/  0.0179            0.0179          -0.4227     0.0400  |       0.5137      0.1892
 188     -0.0735        1.0000  |   -0.0489/ -0.0308/ -0.0121           -0.0121          -0.4227     0.0344  |       0.5137      0.1892
 189     -0.0735        1.0000  |   -0.0120/  0.0147/  0.0372            0.0372          -0.4227     0.0338  |       0.5137      0.1892
 190     -0.0735        1.0000  |   -0.0562/ -0.0349/ -0.0151           -0.0151          -0.4227     0.0480  |       0.5137      0.1892
 191     -0.0735        1.0000  |   -0.0646/ -0.0161/  0.0120            0.0120          -0.4227     0.0312  |       0.5137      0.1892
 192     -0.0735        1.0000  |   -0.0328/ -0.0077/  0.0244            0.0244          -0.4227     0.0472  |       0.5137      0.1892
 193     -0.0735        1.0000  |    0.0314/  0.0636/  0.0846            0.0846          -0.4227     0.0374  |       0.5137      0.1892
 194     -0.0735        1.0000  |    0.0632/  0.0846/  0.0989            0.0989          -0.4227     0.0341  |       0.5137      0.1892
 195     -0.0735        1.0000  |    0.0389/  0.0703/  0.0874            0.0874          -0.4227     0.0415  |       0.5137      0.1892
 196     -0.0755        0.9987  |    0.0323/  0.0562/  0.0689            0.0689          -0.4209     0.0396  |       0.5137      0.1892
 197     -0.0735        0.9987  |    0.0502/  0.0744/  0.0915            0.0915          -0.4227     0.0460  |       0.5137      0.1892
 198     -0.0735        1.0000  |    0.0317/  0.0572/  0.0707            0.0707          -0.4227     0.0445  |       0.5137      0.1892
 199     -0.0735        1.0000  |    0.0498/  0.0645/  0.0778            0.0778          -0.4227     0.0394  |       0.5137      0.1892
 200     -0.0735        1.0000  |    0.0378/  0.0591/  0.0782            0.0782          -0.4227     0.0448  |       0.5137      0.1892
 201     -0.0735        1.0000  |   -0.0531/ -0.0194/  0.0011            0.0011          -0.4227     0.0448  |       0.5137      0.1892
 202     -0.0755        0.9987  |    0.0229/  0.0417/  0.0592            0.0592          -0.4209     0.0272  |       0.5137      0.1892
 203     -0.0755        1.0000  |    0.0575/  0.0803/  0.0936            0.0936          -0.4209     0.0358  |       0.5137      0.1892
 204     -0.0755        1.0000  |    0.0359/  0.0609/  0.0774            0.0774          -0.4209     0.0436  |       0.5137      0.1892
 205     -0.0755        1.0000  |    0.0417/  0.0608/  0.0756            0.0756          -0.4209     0.0407  |       0.5137      0.1892
 206     -0.0755        1.0000  |    0.0259/  0.0468/  0.0628            0.0628          -0.4209     0.0371  |       0.5137      0.1892
 207     -0.0755        1.0000  |    0.0442/  0.0647/  0.0808            0.0808          -0.4209     0.0413  |       0.5137      0.1892
 208     -0.0755        1.0000  |    0.0275/  0.0523/  0.0702            0.0702          -0.4209     0.0427  |       0.5137      0.1892
 209     -0.0755        1.0000  |   -0.0113/  0.0118/  0.0292            0.0292          -0.4209     0.0406  |       0.5137      0.1892
 210     -0.0755        1.0000  |    0.0335/  0.0554/  0.0732            0.0732          -0.4209     0.0307  |       0.5137      0.1892
 211     -0.0755        1.0000  |    0.0441/  0.0713/  0.0871            0.0871          -0.4209     0.0329  |       0.5137      0.1892
 212     -0.0755        1.0000  |    0.0321/  0.0518/  0.0654            0.0654          -0.4209     0.0472  |       0.5137      0.1892
 213     -0.0755        1.0000  |   -0.0075/  0.0167/  0.0342            0.0342          -0.4209     0.0404  |       0.5137      0.1892
 214     -0.0755        1.0000  |   -0.0804/ -0.0459/ -0.0256           -0.0256          -0.4209     0.0402  |       0.5137      0.1892
 215     -0.0755        1.0000  |    0.0441/  0.0658/  0.0848            0.0848          -0.4209     0.0357  |       0.5137      0.1892
 216     -0.0755        1.0000  |    0.0443/  0.0724/  0.0865            0.0865          -0.4209     0.0397  |       0.5137      0.1892
 217     -0.0755        1.0000  |   -0.0198/  0.0050/  0.0246            0.0246          -0.4209     0.0454  |       0.5137      0.1892
 218     -0.0755        1.0000  |    0.0214/  0.0527/  0.0695            0.0695          -0.4209     0.0285  |       0.5137      0.1892
 219     -0.0755        1.0000  |    0.0463/  0.0701/  0.0850            0.0850          -0.4209     0.0333  |       0.5137      0.1892
 220     -0.0755        1.0000  |    0.0524/  0.0731/  0.0858            0.0858          -0.4209     0.0463  |       0.5137      0.1892
 221     -0.0755        1.0000  |   -0.0162/  0.0136/  0.0332            0.0332          -0.4209     0.0429  |       0.5137      0.1892
 222     -0.0755        1.0000  |    0.0320/  0.0521/  0.0675            0.0675          -0.4209     0.0368  |       0.5137      0.1892
 223     -0.0755        1.0000  |    0.0215/  0.0505/  0.0694            0.0694          -0.4209     0.0350  |       0.5137      0.1892
 224     -0.0755        1.0000  |    0.0133/  0.0401/  0.0586            0.0586          -0.4209     0.0450  |       0.5137      0.1892
 225     -0.0755        1.0000  |   -0.0148/  0.0131/  0.0336            0.0336          -0.4209     0.0397  |       0.5137      0.1892
 226     -0.0755        1.0000  |    0.0267/  0.0464/  0.0600            0.0600          -0.4209     0.0422  |       0.5137      0.1892
 227     -0.0755        1.0000  |    0.0284/  0.0717/  0.0889            0.0889          -0.4209     0.0321  |       0.5137      0.1892
 228     -0.0755        1.0000  |    0.0333/  0.0566/  0.0780            0.0780          -0.4209     0.0473  |       0.5137      0.1892
 229     -0.0755        1.0000  |    0.0169/  0.0394/  0.0578            0.0578          -0.4209     0.0376  |       0.5137      0.1892
 230     -0.0755        1.0000  |    0.0414/  0.0640/  0.0791            0.0791          -0.4209     0.0406  |       0.5137      0.1892
 231     -0.0755        1.0000  |    0.0310/  0.0562/  0.0733            0.0733          -0.4209     0.0472  |       0.5137      0.1892
 232     -0.0755        1.0000  |    0.0203/  0.0397/  0.0563            0.0563          -0.4209     0.0410  |       0.5137      0.1892
 233     -0.0755        1.0000  |   -0.0119/  0.0226/  0.0398            0.0398          -0.4209     0.0369  |       0.5137      0.1892
 234     -0.0755        1.0000  |    0.0205/  0.0410/  0.0574            0.0574          -0.4209     0.0445  |       0.5137      0.1892
 235     -0.0755        1.0000  |    0.0158/  0.0408/  0.0614            0.0614          -0.4210     0.0433  |       0.5137      0.1892
 236     -0.0755        1.0000  |    0.0424/  0.0683/  0.0835            0.0835          -0.4209     0.0441  |       0.5137      0.1892
 237     -0.0755        1.0000  |   -0.0116/  0.0083/  0.0239            0.0239          -0.4209     0.0403  |       0.5137      0.1892
 238     -0.0755        1.0000  |    0.0318/  0.0630/  0.0802            0.0802          -0.4209     0.0425  |       0.5137      0.1892
 239     -0.0755        1.0000  |    0.0371/  0.0591/  0.0756            0.0756          -0.4210     0.0389  |       0.5136      0.1892
 240     -0.0755        1.0000  |    0.0144/  0.0331/  0.0525            0.0525          -0.4210     0.0468  |       0.5136      0.1892
 241     -0.0754        1.0000  |    0.0402/  0.0640/  0.0782            0.0782          -0.4209     0.0368  |       0.5136      0.1892
 242     -0.0754        1.0000  |    0.0422/  0.0652/  0.0797            0.0797          -0.4210     0.0373  |       0.5136      0.1892
 243     -0.0754        1.0000  |    0.0286/  0.0553/  0.0741            0.0741          -0.4210     0.0428  |       0.5136      0.1892
 244     -0.0754        1.0000  |    0.0129/  0.0359/  0.0583            0.0583          -0.4210     0.0420  |       0.5136      0.1892
 245     -0.0754        1.0000  |    0.0344/  0.0542/  0.0695            0.0695          -0.4210     0.0432  |       0.5136      0.1892
 246     -0.0754        1.0000  |    0.0041/  0.0321/  0.0528            0.0528          -0.4210     0.0441  |       0.5136      0.1892
 247     -0.0754        1.0000  |   -0.0661/ -0.0431/ -0.0271           -0.0271          -0.4210     0.0412  |       0.5136      0.1892
 248     -0.0754        1.0000  |    0.0304/  0.0556/  0.0751            0.0751          -0.4210     0.0452  |       0.5136      0.1892
 249     -0.0754        1.0000  |    0.0158/  0.0424/  0.0604            0.0604          -0.4210     0.0437  |       0.5136      0.1892
 250     -0.0754        1.0000  |   -0.0131/  0.0157/  0.0333            0.0333          -0.4210     0.0322  |       0.5136      0.1892
 251     -0.0754        1.0000  |    0.0560/  0.0760/  0.0900            0.0900          -0.4210     0.0340  |       0.5136      0.1892
 252     -0.0754        1.0000  |    0.0267/  0.0479/  0.0643            0.0643          -0.4210     0.0442  |       0.5136      0.1892
 253     -0.0754        1.0000  |    0.0268/  0.0527/  0.0677            0.0677          -0.4210     0.0440  |       0.5136      0.1892
 254     -0.0754        1.0000  |    0.0540/  0.0705/  0.0835            0.0835          -0.4210     0.0382  |       0.5136      0.1892
 255     -0.0754        1.0000  |   -0.0002/  0.0384/  0.0530            0.0530          -0.4210     0.0414  |       0.5136      0.1892
 256     -0.0754        1.0000  |    0.0417/  0.0632/  0.0773            0.0773          -0.4210     0.0389  |       0.5136      0.1892
 257     -0.0754        1.0000  |    0.0206/  0.0400/  0.0537            0.0537          -0.4210     0.0365  |       0.5136      0.1892
 258     -0.0754        1.0000  |    0.0154/  0.0455/  0.0642            0.0642          -0.4210     0.0395  |       0.5136      0.1892
 259     -0.0754        1.0000  |    0.0079/  0.0323/  0.0507            0.0507          -0.4210     0.0373  |       0.5136      0.1892
 260     -0.0754        1.0000  |    0.0170/  0.0522/  0.0695            0.0695          -0.4210     0.0459  |       0.5136      0.1892
 261     -0.0754        1.0000  |    0.0028/  0.0274/  0.0487            0.0487          -0.4210     0.0452  |       0.5136      0.1892
 262     -0.0754        1.0000  |    0.0016/  0.0319/  0.0484            0.0484          -0.4210     0.0412  |       0.5136      0.1892
 263     -0.0754        1.0000  |    0.0430/  0.0640/  0.0781            0.0781          -0.4210     0.0412  |       0.5136      0.1892
 264     -0.0754        1.0000  |    0.0310/  0.0495/  0.0648            0.0648          -0.4210     0.0448  |       0.5136      0.1892
 265     -0.0754        1.0000  |   -0.0019/  0.0264/  0.0464            0.0464          -0.4210     0.0402  |       0.5136      0.1892
 266     -0.0754        1.0000  |   -0.0004/  0.0272/  0.0444            0.0444          -0.4210     0.0409  |       0.5136      0.1892
 267     -0.0754        1.0000  |    0.0221/  0.0433/  0.0631            0.0631          -0.4210     0.0479  |       0.5136      0.1892
 268     -0.0754        1.0000  |    0.0382/  0.0589/  0.0751            0.0751          -0.4210     0.0391  |       0.5136      0.1892
 269     -0.0754        1.0000  |    0.0026/  0.0267/  0.0437            0.0437          -0.4210     0.0413  |       0.5136      0.1892
 270     -0.0754        1.0000  |    0.0182/  0.0417/  0.0576            0.0576          -0.4210     0.0417  |       0.5136      0.1892
 271     -0.0754        1.0000  |   -0.0088/  0.0165/  0.0440            0.0440          -0.4210     0.0443  |       0.5136      0.1892
 272     -0.0754        1.0000  |    0.0102/  0.0415/  0.0609            0.0609          -0.4210     0.0395  |       0.5136      0.1892
 273     -0.0754        1.0000  |    0.0312/  0.0694/  0.0837            0.0837          -0.4210     0.0451  |       0.5136      0.1892
 274     -0.0754        1.0000  |    0.0240/  0.0599/  0.0758            0.0758          -0.4210     0.0400  |       0.5136      0.1892
 275     -0.0753        1.0000  |    0.0155/  0.0316/  0.0473            0.0473          -0.4211     0.0375  |       0.5136      0.1892
 276     -0.0753        1.0000  |    0.0370/  0.0530/  0.0681            0.0681          -0.4211     0.0368  |       0.5136      0.1892
 277     -0.0753        1.0000  |   -0.0333/ -0.0173/ -0.0034           -0.0034          -0.4211     0.0470  |       0.5136      0.1892
 278     -0.0753        1.0000  |   -0.0287/  0.0154/  0.0358            0.0358          -0.4211     0.0394  |       0.5136      0.1892
 279     -0.0753        1.0000  |   -0.0345/ -0.0184/  0.0005            0.0005          -0.4211     0.0336  |       0.5136      0.1892
 280     -0.0753        1.0000  |    0.0373/  0.0639/  0.0836            0.0836          -0.4211     0.0440  |       0.5136      0.1892
 281     -0.0753        1.0000  |   -0.0023/  0.0158/  0.0296            0.0296          -0.4211     0.0371  |       0.5136      0.1892
 282     -0.0753        1.0000  |    0.0353/  0.0540/  0.0696            0.0696          -0.4211     0.0392  |       0.5136      0.1892
 283     -0.0753        1.0000  |    0.0333/  0.0533/  0.0705            0.0705          -0.4211     0.0402  |       0.5136      0.1892
 284     -0.0753        1.0000  |    0.0032/  0.0335/  0.0546            0.0546          -0.4212     0.0447  |       0.5136      0.1892
 285     -0.0753        1.0000  |    0.0153/  0.0421/  0.0587            0.0587          -0.4212     0.0422  |       0.5136      0.1892
 286     -0.0753        1.0000  |   -0.0038/  0.0211/  0.0399            0.0399          -0.4212     0.0419  |       0.5136      0.1892
 287     -0.0753        1.0000  |   -0.0510/ -0.0232/ -0.0046           -0.0046          -0.4211     0.0447  |       0.5136      0.1892
 288     -0.0753        1.0000  |   -0.0585/ -0.0347/ -0.0130           -0.0130          -0.4211     0.0399  |       0.5136      0.1892
 289     -0.0753        1.0000  |    0.0106/  0.0431/  0.0601            0.0601          -0.4211     0.0470  |       0.5136      0.1892
 290     -0.0753        1.0000  |    0.0230/  0.0388/  0.0534            0.0534          -0.4211     0.0439  |       0.5136      0.1892
 291     -0.0753        1.0000  |   -0.0460/ -0.0246/ -0.0065           -0.0065          -0.4212     0.0410  |       0.5136      0.1892
 292     -0.0754        1.0000  |   -0.1188/ -0.1101/ -0.1021           -0.1021          -0.4213     0.0386  |       0.5136      0.1892
 293     -0.0754        1.0000  |   -0.0277/  0.0128/  0.0383            0.0383          -0.4213     0.0397  |       0.5136      0.1892
 294     -0.0753        1.0000  |    0.0109/  0.0373/  0.0553            0.0553          -0.4212     0.0425  |       0.5136      0.1892
 295     -0.0754        1.0000  |    0.0219/  0.0469/  0.0653            0.0653          -0.4213     0.0438  |       0.5136      0.1892
 296     -0.0754        1.0000  |    0.0207/  0.0436/  0.0618            0.0618          -0.4213     0.0281  |       0.5136      0.1892
 297     -0.0754        1.0000  |    0.0255/  0.0454/  0.0637            0.0637          -0.4213     0.0412  |       0.5136      0.1892
 298     -0.0754        1.0000  |    0.0284/  0.0522/  0.0698            0.0698          -0.4213     0.0401  |       0.5136      0.1892
 299     -0.0754        1.0000  |    0.0376/  0.0616/  0.0765            0.0765          -0.4213     0.0463  |       0.5136      0.1892
IMAGEIO FFMPEG_WRITER WARNING: input image is not divisible by macro_block_size=16, resizing from (320, 180) to (320, 192) to ensure video compatibility with most codecs and players. To prevent resizing, make your input image divisible by the macro_block_size or set the macro_block_size to 1 (risking incompatibility).

Saved 300 frames -> /home/ashwink/Documents/swms/SWM_copy/rollouts_5_per/expert-only/epoch15/epoch15_rollout0_failure.mp4
min dist(green_cube,blue_moon) over episode = 0.1538  ->  FAILURE
Full log written to /home/ashwink/Documents/swms/SWM_copy/rollouts_5_per/expert-only/epoch15/epoch15_rollout0_20260723_135040.log
Result json -> /home/ashwink/Documents/swms/SWM_copy/rollouts_5_per/expert-only/epoch15/epoch15_rollout0_result.json
