Checkpoint dir epoch: 4  Rollout: 0
Logging to /home/ashwink/Documents/swms/SWM_copy/rollouts_5_per/expert-only/epoch4/epoch4_rollout0_20260723_122559.log
Goal (fixed, steps 0-299): the green cube is touching the blue moon. the peg is touching the green cube.

Checkpoint: /home/ashwink/Documents/swms/SWM_copy/training/checkpoints_clip_full_finetuned_wider_hl/epoch_004.pt
  epoch=4  step=4290

Loading CLIP ViT-L/14 (datacomp_xl_s13b_b90k) + fine-tuned clip_state_dict ...
Parsing model identifier. Schema: None, Identifier: ViT-L-14
Loaded built-in ViT-L-14 model config.
Instantiating model architecture: CLIP
Loading full pretrained weights from: /home/ashwink/.cache/huggingface/hub/models--laion--CLIP-ViT-L-14-DataComp.XL-s13B-b90K/snapshots/84c9828e63dc9a9351d1fe637c346d4c1c4db341/open_clip_pytorch_model.bin
Final image preprocessing configuration set: {'size': (224, 224), 'mode': 'RGB', 'mean': (0.48145466, 0.4578275, 0.40821073), 'std': (0.26862954, 0.26130258, 0.27577711), 'interpolation': 'bicubic', 'resize_mode': 'shortest', 'fill_color': 0}
Model ViT-L-14 creation process complete.
Parsing tokenizer identifier. Schema: None, Identifier: ViT-L-14
Attempting to load config from built-in: ViT-L-14
Using default SimpleTokenizer.
z_star shape: torch.Size([768])

Loading action stats from /home/ashwink/full_data_5000/langtable/demos/ ...
  lo=[-0.03372681140899658, -0.03493623435497284]  hi=[0.03496786952018738, 0.03494429588317871]

Initializing LangTable env ...
Loading URDF plane.urdf
Loading URDF /home/ashwink/Documents/swms/.venv/lib/python3.10/site-packages/language_table/environments/utils/../../../language_table/environments/assets/workspace_real.urdf
Loading URDF xarm/xarm6_robot_white.urdf
Loading URDF /home/ashwink/Documents/swms/.venv/lib/python3.10/site-packages/language_table/environments/utils/../../../language_table/environments/assets/suction/cylinder_real.urdf
Loading URDF /home/ashwink/Documents/swms/.venv/lib/python3.10/site-packages/language_table/environments/utils/../../../language_table/environments/assets/blocks/red_moon.urdf
Loading URDF /home/ashwink/Documents/swms/.venv/lib/python3.10/site-packages/language_table/environments/utils/../../../language_table/environments/assets/blocks/red_cube.urdf
Loading URDF /home/ashwink/Documents/swms/.venv/lib/python3.10/site-packages/language_table/environments/utils/../../../language_table/environments/assets/blocks/red_star.urdf
Loading URDF /home/ashwink/Documents/swms/.venv/lib/python3.10/site-packages/language_table/environments/utils/../../../language_table/environments/assets/blocks/red_pentagon.urdf
Loading URDF /home/ashwink/Documents/swms/.venv/lib/python3.10/site-packages/language_table/environments/utils/../../../language_table/environments/assets/blocks/blue_moon.urdf
Loading URDF /home/ashwink/Documents/swms/.venv/lib/python3.10/site-packages/language_table/environments/utils/../../../language_table/environments/assets/blocks/blue_cube.urdf
Loading URDF /home/ashwink/Documents/swms/.venv/lib/python3.10/site-packages/language_table/environments/utils/../../../language_table/environments/assets/blocks/blue_star.urdf
Loading URDF /home/ashwink/Documents/swms/.venv/lib/python3.10/site-packages/language_table/environments/utils/../../../language_table/environments/assets/blocks/blue_pentagon.urdf
Loading URDF /home/ashwink/Documents/swms/.venv/lib/python3.10/site-packages/language_table/environments/utils/../../../language_table/environments/assets/blocks/yellow_moon.urdf
Loading URDF /home/ashwink/Documents/swms/.venv/lib/python3.10/site-packages/language_table/environments/utils/../../../language_table/environments/assets/blocks/yellow_cube.urdf
Loading URDF /home/ashwink/Documents/swms/.venv/lib/python3.10/site-packages/language_table/environments/utils/../../../language_table/environments/assets/blocks/yellow_star.urdf
Loading URDF /home/ashwink/Documents/swms/.venv/lib/python3.10/site-packages/language_table/environments/utils/../../../language_table/environments/assets/blocks/yellow_pentagon.urdf
Loading URDF /home/ashwink/Documents/swms/.venv/lib/python3.10/site-packages/language_table/environments/utils/../../../language_table/environments/assets/blocks/green_moon.urdf
Loading URDF /home/ashwink/Documents/swms/.venv/lib/python3.10/site-packages/language_table/environments/utils/../../../language_table/environments/assets/blocks/green_cube.urdf
Loading URDF /home/ashwink/Documents/swms/.venv/lib/python3.10/site-packages/language_table/environments/utils/../../../language_table/environments/assets/blocks/green_star.urdf
Loading URDF /home/ashwink/Documents/swms/.venv/lib/python3.10/site-packages/language_table/environments/utils/../../../language_table/environments/assets/blocks/green_pentagon.urdf
Loading URDF /home/ashwink/Documents/swms/.venv/lib/python3.10/site-packages/language_table/environments/utils/../../../language_table/environments/assets/blocks/purple_moon.urdf
Loading URDF /home/ashwink/Documents/swms/.venv/lib/python3.10/site-packages/language_table/environments/utils/../../../language_table/environments/assets/blocks/purple_cube.urdf
Loading URDF /home/ashwink/Documents/swms/.venv/lib/python3.10/site-packages/language_table/environments/utils/../../../language_table/environments/assets/blocks/purple_star.urdf
Loading URDF /home/ashwink/Documents/swms/.venv/lib/python3.10/site-packages/language_table/environments/utils/../../../language_table/environments/assets/blocks/purple_pentagon.urdf
Env ready.

Forced peg start: [0.42843915 0.24419614]  (green_cube=[0.40339102 0.18967466], blue_moon=[0.32039625 0.00902261])
  dist(peg,green_cube)=0.0600  dist(peg,blue_moon)=0.2588  dist(green_cube,blue_moon)=0.1988

step  cos(zt,z*)  cos(zt,zt-1)  |   cos(predK,z*) min/mean/max  cos(pred_sel,z*)   cos(zpred0,z*)  ||a_raw||  |  dist(peg,A)   dist(A,B)
-------------------------------------------------------------------------------------------------------------------------------------------------------------------------------
   0      0.1409           nan  |    0.7056/  0.7336/  0.7441            0.7441           0.5137     0.0266  |       0.0587      0.1988
   1      0.1457        0.9893  |    0.6919/  0.7116/  0.7251            0.7251           0.5289     0.0108  |       0.0570      0.1988
   2      0.1450        0.9765  |    0.6496/  0.6933/  0.7077            0.7077           0.5027     0.0051  |       0.0597      0.1988
   3      0.1452        0.9888  |    0.6636/  0.7189/  0.7318            0.7318           0.5261     0.0066  |       0.0588      0.1988
   4      0.1517        0.9817  |    0.6390/  0.7047/  0.7226            0.7226           0.5049     0.0211  |       0.0555      0.1988
   5      0.1562        0.8596  |    0.6158/  0.6553/  0.6717            0.6717           0.4243     0.0039  |       0.0613      0.1988
   6      0.1444        0.9580  |    0.5972/  0.6336/  0.6482            0.6482           0.3834     0.0057  |       0.0597      0.1988
   7      0.1369        0.9632  |    0.4819/  0.5640/  0.5807            0.5807           0.2853     0.0146  |       0.0555      0.1988
   8      0.1119        0.9019  |    0.3267/  0.3567/  0.3805            0.3805           0.0906     0.0067  |       0.0651      0.1988
   9      0.1084        0.9413  |    0.3185/  0.3457/  0.3685            0.3685           0.0296     0.0096  |       0.0702      0.1988
  10      0.0779        0.9218  |    0.1895/  0.2123/  0.2429            0.2429          -0.0346     0.0042  |       0.0729      0.1988
  11      0.0796        0.9580  |    0.0650/  0.1208/  0.1494            0.1494          -0.1007     0.0097  |       0.0768      0.1988
  12      0.0232        0.9025  |    0.0963/  0.1421/  0.1699            0.1699          -0.2359     0.0121  |       0.0813      0.1988
  13      0.0190        0.9332  |   -0.0119/  0.0273/  0.0446            0.0446          -0.3295     0.0127  |       0.0918      0.1988
  14     -0.0416        0.8992  |   -0.0855/  0.0038/  0.0307            0.0307          -0.4214     0.0222  |       0.1041      0.1988
  15     -0.0749        0.8424  |   -0.1609/ -0.0627/ -0.0283           -0.0283          -0.3956     0.0077  |       0.1161      0.1988
  16     -0.0576        0.9620  |   -0.1553/ -0.0507/ -0.0238           -0.0238          -0.3696     0.0078  |       0.1224      0.1988
  17      0.0036        0.9406  |   -0.1358/ -0.0485/ -0.0146           -0.0146          -0.3340     0.0135  |       0.1273      0.1988
  18     -0.0487        0.9212  |   -0.2891/ -0.1672/ -0.1360           -0.1360          -0.3810     0.0214  |       0.1395      0.1988
  19     -0.1070        0.8816  |   -0.1069/ -0.0506/ -0.0296           -0.0296          -0.3513     0.0150  |       0.1575      0.1988
  20     -0.0393        0.8715  |   -0.2120/ -0.1625/ -0.1390           -0.1390          -0.3121     0.0093  |       0.1683      0.1988
  21     -0.0385        0.9485  |   -0.1964/ -0.1598/ -0.1288           -0.1288          -0.2683     0.0074  |       0.1744      0.1988
  22     -0.0540        0.9284  |   -0.2915/ -0.2180/ -0.1988           -0.1988          -0.3601     0.0003  |       0.1814      0.1988
  23     -0.0457        0.9939  |   -0.2557/ -0.2160/ -0.1972           -0.1972          -0.3505     0.0013  |       0.1817      0.1988
  24     -0.0392        0.9771  |   -0.2582/ -0.2307/ -0.2101           -0.2101          -0.3898     0.0078  |       0.1818      0.1988
  25     -0.0517        0.9113  |   -0.2818/ -0.2560/ -0.2361           -0.2361          -0.3585     0.0033  |       0.1889      0.1988
  26     -0.0453        0.9569  |   -0.2593/ -0.2099/ -0.1674           -0.1674          -0.3803     0.0164  |       0.1880      0.1988
  27     -0.0220        0.8855  |    0.0302/  0.0752/  0.1028            0.1028          -0.3454     0.0257  |       0.1774      0.1988
  28     -0.1014        0.7998  |   -0.1379/ -0.0810/ -0.0577           -0.0577          -0.3459     0.0136  |       0.1549      0.1988
  29     -0.0944        0.9054  |   -0.0804/ -0.0530/ -0.0380           -0.0380          -0.3604     0.0107  |       0.1417      0.1988
  30     -0.0560        0.9545  |   -0.0430/  0.0048/  0.0253            0.0253          -0.3349     0.0178  |       0.1317      0.1988
  31     -0.0553        0.9044  |   -0.0538/ -0.0117/  0.0111            0.0111          -0.3646     0.0175  |       0.1172      0.1988
  32     -0.0476        0.8520  |   -0.0423/ -0.0223/ -0.0078           -0.0078          -0.2257     0.0162  |       0.1043      0.1988
  33     -0.0100        0.9186  |    0.0036/  0.0533/  0.0757            0.0757          -0.2231     0.0115  |       0.0903      0.1988
  34      0.0098        0.9447  |    0.0722/  0.1164/  0.1406            0.1406          -0.2218     0.0160  |       0.0796      0.1988
  35     -0.0175        0.8809  |    0.0406/  0.0920/  0.1249            0.1249          -0.2894     0.0129  |       0.0789      0.1988
  36      0.0274        0.9223  |    0.0263/  0.0640/  0.0934            0.0934          -0.2849     0.0221  |       0.0735      0.1988
  37      0.0002        0.9237  |    0.0786/  0.1504/  0.1823            0.1823          -0.2894     0.0133  |       0.0749      0.1988
  38     -0.0007        0.9340  |    0.1321/  0.1594/  0.1842            0.1842          -0.2756     0.0263  |       0.0823      0.1988
  39      0.0043        0.9017  |   -0.0560/  0.0112/  0.0401            0.0401          -0.2780     0.0182  |       0.1000      0.1988
  40     -0.0485        0.8879  |    0.0091/  0.0565/  0.0862            0.0862          -0.2477     0.0178  |       0.1180      0.1988
  41     -0.0453        0.8984  |   -0.1309/ -0.1064/ -0.0833           -0.0833          -0.3188     0.0033  |       0.1298      0.1988
  42     -0.0567        0.9711  |   -0.1606/ -0.0847/ -0.0613           -0.0613          -0.3498     0.0086  |       0.1320      0.1988
  43     -0.0644        0.9373  |   -0.2132/ -0.1450/ -0.1209           -0.1209          -0.3638     0.0072  |       0.1396      0.1988
  44     -0.0488        0.9648  |   -0.2234/ -0.1598/ -0.1420           -0.1420          -0.3786     0.0322  |       0.1432      0.1988
  45      0.0132        0.8410  |   -0.1943/ -0.1473/ -0.1347           -0.1347          -0.3697     0.0079  |       0.1266      0.1988
  46      0.0180        0.9185  |   -0.2392/ -0.0964/ -0.0723           -0.0723          -0.3483     0.0152  |       0.1274      0.1988
  47      0.0071        0.9120  |   -0.1423/ -0.0754/ -0.0508           -0.0508          -0.3690     0.0243  |       0.1239      0.1988
  48      0.0520        0.8483  |   -0.0656/ -0.0303/ -0.0134           -0.0134          -0.2728     0.0114  |       0.1227      0.1988
  49      0.0363        0.9104  |   -0.2311/ -0.1080/ -0.0907           -0.0907          -0.3008     0.0109  |       0.1235      0.1988
  50      0.0090        0.9061  |   -0.2285/ -0.1108/ -0.0949           -0.0949          -0.3226     0.0142  |       0.1262      0.1988
  51      0.0005        0.8697  |   -0.1831/ -0.1152/ -0.0980           -0.0980          -0.3137     0.0169  |       0.1227      0.1988
  52     -0.0275        0.8894  |   -0.2074/ -0.1615/ -0.1447           -0.1447          -0.3790     0.0168  |       0.1316      0.1988
  53     -0.0373        0.8846  |   -0.1954/ -0.1171/ -0.0988           -0.0988          -0.3097     0.0047  |       0.1390      0.1988
  54     -0.0418        0.9207  |   -0.2798/ -0.1432/ -0.1101           -0.1101          -0.3788     0.0128  |       0.1440      0.1988
  55     -0.0437        0.8557  |   -0.2568/ -0.1820/ -0.1594           -0.1594          -0.4347     0.0138  |       0.1528      0.1988
  56     -0.0641        0.8917  |   -0.3392/ -0.2645/ -0.2412           -0.2412          -0.4233     0.0109  |       0.1641      0.1988
  57     -0.0554        0.8632  |   -0.3328/ -0.1654/ -0.1371           -0.1371          -0.3772     0.0168  |       0.1749      0.1988
  58     -0.0766        0.8257  |   -0.3920/ -0.3417/ -0.3133           -0.3133          -0.4695     0.0171  |       0.1889      0.1988
  59     -0.0390        0.8002  |   -0.4383/ -0.3546/ -0.3363           -0.3363          -0.4243     0.0187  |       0.2056      0.1988
  60     -0.0365        0.8441  |   -0.3242/ -0.1908/ -0.1601           -0.1601          -0.4684     0.0117  |       0.2187      0.1988
  61     -0.0622        0.9302  |   -0.3987/ -0.3202/ -0.3018           -0.3018          -0.4764     0.0186  |       0.2227      0.1988
  62     -0.0697        0.8558  |   -0.4675/ -0.4392/ -0.4226           -0.4226          -0.4772     0.0081  |       0.2272      0.1988
  63     -0.0771        0.9578  |   -0.3920/ -0.3673/ -0.3543           -0.3543          -0.4433     0.0220  |       0.2277      0.1988
  64     -0.0249        0.8994  |   -0.4280/ -0.3993/ -0.3876           -0.3876          -0.4474     0.0148  |       0.2314      0.1988
  65     -0.0235        0.9090  |   -0.3959/ -0.3736/ -0.3649           -0.3649          -0.4734     0.0228  |       0.2370      0.1988
  66     -0.0206        0.9935  |   -0.4271/ -0.3952/ -0.3835           -0.3835          -0.4745     0.0113  |       0.2370      0.1988
  67     -0.0079        0.9556  |   -0.3920/ -0.3463/ -0.3337           -0.3337          -0.4618     0.0152  |       0.2386      0.1988
  68     -0.0194        0.9760  |   -0.3545/ -0.3288/ -0.3181           -0.3181          -0.4498     0.0102  |       0.2383      0.1988
  69      0.0118        0.9793  |   -0.4158/ -0.3922/ -0.3809           -0.3809          -0.4728     0.0174  |       0.2388      0.1988
  70     -0.0233        0.9738  |   -0.3577/ -0.3254/ -0.3127           -0.3127          -0.4406     0.0176  |       0.2384      0.1988
  71      0.0285        0.9329  |   -0.2721/ -0.2264/ -0.2098           -0.2098          -0.3814     0.0206  |       0.2431      0.1988
  72      0.0168        0.9538  |   -0.3435/ -0.3041/ -0.2918           -0.2918          -0.4306     0.0137  |       0.2402      0.1988
  73      0.0336        0.9379  |   -0.2650/ -0.2149/ -0.1999           -0.1999          -0.4006     0.0171  |       0.2435      0.1988
  74      0.0401        0.9745  |   -0.2676/ -0.2200/ -0.1997           -0.1997          -0.3761     0.0150  |       0.2438      0.1988
  75      0.0404        0.9870  |   -0.2794/ -0.2060/ -0.1908           -0.1908          -0.3728     0.0166  |       0.2440      0.1988
  76      0.0166        0.9603  |   -0.3245/ -0.2608/ -0.2463           -0.2463          -0.3941     0.0130  |       0.2423      0.1988
  77      0.0065        0.9587  |   -0.3520/ -0.3066/ -0.2946           -0.2946          -0.4341     0.0089  |       0.2403      0.1988
  78      0.0068        0.9993  |   -0.3418/ -0.3039/ -0.2897           -0.2897          -0.4327     0.0213  |       0.2403      0.1988
  79     -0.0099        0.9421  |   -0.3730/ -0.3383/ -0.3216           -0.3216          -0.4459     0.0146  |       0.2385      0.1988
  80      0.0122        0.9734  |   -0.4330/ -0.3979/ -0.3870           -0.3870          -0.4769     0.0282  |       0.2387      0.1988
  81     -0.0201        0.9374  |   -0.3474/ -0.3183/ -0.3071           -0.3071          -0.4060     0.0131  |       0.2346      0.1988
  82     -0.0041        0.9426  |   -0.3659/ -0.3243/ -0.3114           -0.3114          -0.4457     0.0140  |       0.2320      0.1988
  83     -0.0179        0.9789  |   -0.3618/ -0.3326/ -0.3195           -0.3195          -0.4560     0.0170  |       0.2328      0.1988
  84     -0.0295        0.9594  |   -0.3878/ -0.3546/ -0.3409           -0.3409          -0.4323     0.0133  |       0.2359      0.1988
  85     -0.0274        0.9870  |   -0.3379/ -0.3110/ -0.2972           -0.2972          -0.4213     0.0179  |       0.2360      0.1988
  86      0.0056        0.9438  |   -0.3730/ -0.3441/ -0.3323           -0.3323          -0.4437     0.0102  |       0.2396      0.1988
  87      0.0085        0.9556  |   -0.3266/ -0.2761/ -0.2568           -0.2568          -0.4027     0.0260  |       0.2419      0.1988
  88      0.0284        0.9703  |   -0.3455/ -0.3218/ -0.3107           -0.3107          -0.4345     0.0240  |       0.2405      0.1988
  89      0.0111        0.9656  |   -0.3365/ -0.3012/ -0.2875           -0.2875          -0.4181     0.0161  |       0.2421      0.1988
  90      0.0190        0.9756  |   -0.3116/ -0.2616/ -0.2463           -0.2463          -0.3964     0.0157  |       0.2426      0.1988
  91      0.0096        0.9568  |   -0.3479/ -0.2927/ -0.2791           -0.2791          -0.4303     0.0228  |       0.2403      0.1988
  92     -0.0072        0.9672  |   -0.3724/ -0.3353/ -0.3229           -0.3229          -0.4434     0.0149  |       0.2392      0.1988
  93      0.0151        0.9468  |   -0.3115/ -0.2736/ -0.2600           -0.2600          -0.3971     0.0154  |       0.2420      0.1988
  94      0.0218        0.9443  |   -0.3939/ -0.3227/ -0.3105           -0.3105          -0.4553     0.0107  |       0.2398      0.1988
  95      0.0079        0.9790  |   -0.3422/ -0.3058/ -0.2921           -0.2921          -0.4284     0.0171  |       0.2403      0.1988
  96      0.0492        0.9513  |   -0.2574/ -0.2196/ -0.2063           -0.2063          -0.4083     0.0260  |       0.2400      0.1988
  97     -0.0283        0.8754  |   -0.4200/ -0.3858/ -0.3734           -0.3734          -0.4553     0.0156  |       0.2335      0.1988
  98     -0.0317        0.9542  |   -0.3997/ -0.3642/ -0.3533           -0.3533          -0.4548     0.0234  |       0.2362      0.1988
  99     -0.0217        0.9758  |   -0.4251/ -0.3998/ -0.3906           -0.3906          -0.4666     0.0184  |       0.2368      0.1988
 100     -0.0224        0.9483  |   -0.3949/ -0.3435/ -0.3283           -0.3283          -0.4562     0.0172  |       0.2330      0.1988
 101     -0.0358        0.9537  |   -0.3734/ -0.3479/ -0.3324           -0.3324          -0.4304     0.0101  |       0.2350      0.1988
 102     -0.0344        0.9756  |   -0.3604/ -0.3336/ -0.3204           -0.3204          -0.4273     0.0160  |       0.2353      0.1988
 103     -0.0264        0.9581  |   -0.4031/ -0.3789/ -0.3696           -0.3696          -0.4270     0.0077  |       0.2357      0.1988
 104     -0.0420        0.9561  |   -0.3750/ -0.3459/ -0.3338           -0.3338          -0.4364     0.0157  |       0.2375      0.1988
 105      0.0134        0.9356  |   -0.3571/ -0.2857/ -0.2717           -0.2717          -0.4162     0.0186  |       0.2421      0.1988
 106      0.0216        0.9629  |   -0.3171/ -0.2404/ -0.2253           -0.2253          -0.3835     0.0144  |       0.2442      0.1988
 107      0.0058        0.9468  |   -0.3540/ -0.3163/ -0.2996           -0.2996          -0.4345     0.0136  |       0.2403      0.1988
 108      0.0180        0.9396  |   -0.2845/ -0.2492/ -0.2358           -0.2358          -0.3847     0.0197  |       0.2449      0.1988
 109      0.0297        0.9758  |   -0.2580/ -0.2247/ -0.2110           -0.2110          -0.3596     0.0195  |       0.2434      0.1988
 110      0.0174        0.9472  |   -0.3772/ -0.3055/ -0.2883           -0.2883          -0.4351     0.0104  |       0.2403      0.1988
 111      0.0270        0.9727  |   -0.3423/ -0.2960/ -0.2837           -0.2837          -0.4048     0.0199  |       0.2414      0.1988
 112      0.0162        0.9697  |   -0.3737/ -0.3143/ -0.3013           -0.3013          -0.4336     0.0194  |       0.2405      0.1988
 113      0.0326        0.9495  |   -0.3050/ -0.2386/ -0.2238           -0.2238          -0.4105     0.0198  |       0.2401      0.1988
 114     -0.0361        0.9076  |   -0.4017/ -0.3736/ -0.3610           -0.3610          -0.4567     0.0210  |       0.2376      0.1988
 115      0.0197        0.9349  |   -0.3386/ -0.3122/ -0.2991           -0.2991          -0.4177     0.0207  |       0.2406      0.1988
 116      0.0413        0.9743  |   -0.3434/ -0.3039/ -0.2933           -0.2933          -0.4074     0.0217  |       0.2410      0.1988
 117      0.0446        0.9384  |   -0.3359/ -0.2908/ -0.2781           -0.2781          -0.4285     0.0313  |       0.2400      0.1988
 118     -0.0280        0.9199  |   -0.3789/ -0.3564/ -0.3451           -0.3451          -0.4517     0.0253  |       0.2392      0.1988
 119     -0.0396        0.9661  |   -0.4049/ -0.3557/ -0.3447           -0.3447          -0.4409     0.0169  |       0.2375      0.1988
 120     -0.0161        0.9771  |   -0.4527/ -0.4304/ -0.4190           -0.4190          -0.4748     0.0206  |       0.2377      0.1988
 121     -0.0392        0.9571  |   -0.4042/ -0.3591/ -0.3456           -0.3456          -0.4341     0.0147  |       0.2373      0.1988
 122     -0.0131        0.9450  |   -0.3695/ -0.3230/ -0.3085           -0.3085          -0.4650     0.0179  |       0.2381      0.1988
 123      0.0333        0.9114  |   -0.3357/ -0.2976/ -0.2855           -0.2855          -0.4116     0.0213  |       0.2414      0.1988
 124     -0.0079        0.9085  |   -0.4027/ -0.3409/ -0.3261           -0.3261          -0.4695     0.0146  |       0.2379      0.1988
 125     -0.0457        0.9531  |   -0.3948/ -0.3680/ -0.3582           -0.3582          -0.4404     0.0200  |       0.2373      0.1988
 126      0.0379        0.9343  |   -0.3876/ -0.3480/ -0.3382           -0.3382          -0.4482     0.0201  |       0.2398      0.1988
 127     -0.0008        0.9545  |   -0.3461/ -0.3112/ -0.2952           -0.2952          -0.4286     0.0213  |       0.2394      0.1988
 128      0.0287        0.9455  |   -0.3628/ -0.3263/ -0.3141           -0.3141          -0.4182     0.0243  |       0.2411      0.1988
 129     -0.0265        0.9099  |   -0.4312/ -0.4039/ -0.3905           -0.3905          -0.4810     0.0243  |       0.2372      0.1988
 130     -0.0180        0.9582  |   -0.3919/ -0.3706/ -0.3615           -0.3615          -0.4455     0.0204  |       0.2366      0.1988
 131     -0.0292        0.9432  |   -0.3534/ -0.3109/ -0.2971           -0.2971          -0.4060     0.0126  |       0.2346      0.1988
 132     -0.0207        0.9516  |   -0.4227/ -0.3921/ -0.3825           -0.3825          -0.4519     0.0130  |       0.2367      0.1988
 133     -0.0414        0.9723  |   -0.3660/ -0.3528/ -0.3438           -0.3438          -0.4258     0.0236  |       0.2374      0.1988
 134      0.0364        0.9182  |   -0.3199/ -0.2905/ -0.2802           -0.2802          -0.4076     0.0167  |       0.2409      0.1988
 135     -0.0184        0.9408  |   -0.4122/ -0.3882/ -0.3756           -0.3756          -0.4674     0.0150  |       0.2391      0.1988
 136      0.0270        0.9623  |   -0.3084/ -0.2769/ -0.2625           -0.2625          -0.4171     0.0225  |       0.2402      0.1988
 137     -0.0076        0.9721  |   -0.3671/ -0.3293/ -0.3133           -0.3133          -0.4365     0.0212  |       0.2393      0.1988
 138      0.0214        0.9246  |   -0.2987/ -0.2638/ -0.2474           -0.2474          -0.3764     0.0141  |       0.2448      0.1988
 139      0.0132        0.9558  |   -0.2871/ -0.2121/ -0.1972           -0.1972          -0.3467     0.0105  |       0.2429      0.1988
 140      0.0132        0.9589  |   -0.3198/ -0.2739/ -0.2615           -0.2615          -0.3912     0.0260  |       0.2451      0.1988
 141      0.0087        0.9594  |   -0.3024/ -0.2797/ -0.2644           -0.2644          -0.4039     0.0083  |       0.2420      0.1988
 142      0.0380        0.9555  |   -0.3301/ -0.2964/ -0.2849           -0.2849          -0.4146     0.0140  |       0.2409      0.1988
 143      0.0241        0.9425  |   -0.2372/ -0.2084/ -0.1934           -0.1934          -0.3562     0.0169  |       0.2429      0.1988
 144      0.0302        0.9354  |   -0.2957/ -0.2550/ -0.2374           -0.2374          -0.4165     0.0149  |       0.2401      0.1988
 145      0.0211        0.9486  |   -0.3644/ -0.3200/ -0.3071           -0.3071          -0.4148     0.0149  |       0.2413      0.1988
 146     -0.0050        0.9460  |   -0.3503/ -0.3080/ -0.2945           -0.2945          -0.4299     0.0258  |       0.2393      0.1988
 147     -0.0099        0.9962  |   -0.3548/ -0.3240/ -0.3078           -0.3078          -0.4409     0.0114  |       0.2393      0.1988
 148      0.0238        0.9511  |   -0.3292/ -0.3041/ -0.2937           -0.2937          -0.4106     0.0202  |       0.2407      0.1988
 149     -0.0149        0.9239  |   -0.3743/ -0.3248/ -0.3098           -0.3098          -0.4656     0.0176  |       0.2382      0.1988
 150      0.0136        0.9203  |   -0.3396/ -0.2996/ -0.2871           -0.2871          -0.4186     0.0209  |       0.2408      0.1988
 151      0.0282        0.9546  |   -0.2721/ -0.2256/ -0.2066           -0.2066          -0.3780     0.0173  |       0.2442      0.1988
 152      0.0288        0.9411  |   -0.2725/ -0.2452/ -0.2341           -0.2341          -0.3458     0.0171  |       0.2470      0.1988
 153      0.0372        0.9367  |   -0.2420/ -0.1931/ -0.1749           -0.1749          -0.3783     0.0150  |       0.2437      0.1988
 154      0.0284        0.9536  |   -0.3586/ -0.3059/ -0.2961           -0.2961          -0.4069     0.0192  |       0.2414      0.1988
 155     -0.0277        0.9183  |   -0.4011/ -0.3546/ -0.3415           -0.3415          -0.4506     0.0195  |       0.2392      0.1988
 156      0.0064        0.9734  |   -0.4365/ -0.4043/ -0.3933           -0.3933          -0.4761     0.0225  |       0.2389      0.1988
 157     -0.0295        0.9500  |   -0.4153/ -0.3396/ -0.3266           -0.3266          -0.4465     0.0230  |       0.2362      0.1988
 158      0.0146        0.9366  |   -0.3249/ -0.2921/ -0.2812           -0.2812          -0.4097     0.0188  |       0.2408      0.1988
 159      0.0123        0.9351  |   -0.4331/ -0.4041/ -0.3926           -0.3926          -0.4782     0.0232  |       0.2389      0.1988
 160     -0.0183        0.9717  |   -0.4219/ -0.3816/ -0.3688           -0.3688          -0.4637     0.0132  |       0.2392      0.1988
 161      0.0029        0.9795  |   -0.3568/ -0.3260/ -0.3125           -0.3125          -0.4405     0.0215  |       0.2395      0.1988
 162      0.0117        0.9262  |   -0.4227/ -0.3973/ -0.3863           -0.3863          -0.4726     0.0135  |       0.2388      0.1988
 163     -0.0284        0.9297  |   -0.4288/ -0.4129/ -0.4037           -0.4037          -0.4822     0.0161  |       0.2372      0.1988
 164     -0.0115        0.9430  |   -0.3598/ -0.3170/ -0.3040           -0.3040          -0.4638     0.0300  |       0.2380      0.1988
 165      0.0090        0.8974  |   -0.3245/ -0.2778/ -0.2654           -0.2654          -0.4069     0.0156  |       0.2419      0.1988
 166      0.0139        0.9806  |   -0.3052/ -0.2589/ -0.2421           -0.2421          -0.3993     0.0150  |       0.2426      0.1988
 167      0.0271        0.9757  |   -0.2964/ -0.2620/ -0.2461           -0.2461          -0.3861     0.0173  |       0.2423      0.1988
 168      0.0292        0.9618  |   -0.2648/ -0.2019/ -0.1881           -0.1881          -0.3397     0.0200  |       0.2445      0.1988
 169      0.0369        0.9466  |   -0.3459/ -0.3024/ -0.2910           -0.2910          -0.4079     0.0132  |       0.2414      0.1988
 170      0.0312        0.9800  |   -0.3140/ -0.2663/ -0.2497           -0.2497          -0.4014     0.0156  |       0.2423      0.1988
 171      0.0159        0.9729  |   -0.2508/ -0.2108/ -0.1968           -0.1968          -0.3798     0.0130  |       0.2430      0.1988
 172      0.0377        0.9577  |   -0.3212/ -0.2537/ -0.2387           -0.2387          -0.3936     0.0190  |       0.2416      0.1988
 173      0.0256        0.9678  |   -0.3477/ -0.3007/ -0.2894           -0.2894          -0.4043     0.0228  |       0.2420      0.1988
 174     -0.0029        0.9421  |   -0.3503/ -0.3129/ -0.2996           -0.2996          -0.4351     0.0204  |       0.2394      0.1988
 175      0.0038        0.9692  |   -0.3553/ -0.3007/ -0.2878           -0.2878          -0.4325     0.0271  |       0.2405      0.1988
 176      0.0256        0.9671  |   -0.3458/ -0.3173/ -0.3058           -0.3058          -0.4129     0.0182  |       0.2421      0.1988
 177     -0.0174        0.9258  |   -0.4112/ -0.3471/ -0.3370           -0.3370          -0.4499     0.0179  |       0.2386      0.1988
 178      0.0272        0.9537  |   -0.3136/ -0.2800/ -0.2639           -0.2639          -0.4244     0.0200  |       0.2402      0.1988
 179      0.0152        0.9414  |   -0.3327/ -0.2798/ -0.2673           -0.2673          -0.3898     0.0159  |       0.2451      0.1988
 180      0.0135        0.9740  |   -0.3208/ -0.2688/ -0.2547           -0.2547          -0.3809     0.0187  |       0.2462      0.1988
 181      0.0249        0.9525  |   -0.2547/ -0.2266/ -0.2152           -0.2152          -0.3282     0.0185  |       0.2481      0.1988
 182      0.0719        0.9520  |   -0.2168/ -0.1971/ -0.1821           -0.1821          -0.2993     0.0223  |       0.2490      0.1988
 183      0.0338        0.9239  |   -0.2687/ -0.2497/ -0.2336           -0.2336          -0.3436     0.0338  |       0.2456      0.1988
 184      0.0280        0.9242  |   -0.3320/ -0.2824/ -0.2697           -0.2697          -0.4046     0.0123  |       0.2414      0.1988
 185      0.0304        0.9826  |   -0.3120/ -0.2644/ -0.2525           -0.2525          -0.3885     0.0283  |       0.2423      0.1988
 186      0.0166        0.9554  |   -0.3186/ -0.2789/ -0.2674           -0.2674          -0.3969     0.0147  |       0.2451      0.1988
 187      0.0813        0.8910  |   -0.1973/ -0.1684/ -0.1519           -0.1519          -0.3058     0.0215  |       0.2501      0.1988
 188      0.0152        0.8870  |   -0.3180/ -0.2434/ -0.2226           -0.2226          -0.3812     0.0220  |       0.2449      0.1988
 189      0.0310        0.9812  |   -0.2896/ -0.2412/ -0.2266           -0.2266          -0.3858     0.0125  |       0.2439      0.1988
 190      0.0287        0.9686  |   -0.3005/ -0.2639/ -0.2487           -0.2487          -0.3984     0.0106  |       0.2424      0.1988
 191      0.0138        0.9937  |   -0.2934/ -0.2563/ -0.2407           -0.2407          -0.3864     0.0192  |       0.2425      0.1988
 192      0.0171        0.9787  |   -0.3116/ -0.2362/ -0.2219           -0.2219          -0.3723     0.0177  |       0.2428      0.1988
 193      0.0293        0.9616  |   -0.3725/ -0.3099/ -0.2966           -0.2966          -0.4001     0.0173  |       0.2414      0.1988
 194      0.0148        0.9795  |   -0.3283/ -0.2859/ -0.2731           -0.2731          -0.4101     0.0121  |       0.2422      0.1988
 195      0.0271        0.9723  |   -0.3399/ -0.2584/ -0.2429           -0.2429          -0.4055     0.0171  |       0.2425      0.1988
 196      0.0225        0.9490  |   -0.2771/ -0.2461/ -0.2275           -0.2275          -0.3562     0.0182  |       0.2447      0.1988
 197      0.0243        0.9998  |   -0.2833/ -0.2528/ -0.2401           -0.2401          -0.3544     0.0155  |       0.2447      0.1988
 198      0.0100        0.9606  |   -0.3026/ -0.2526/ -0.2373           -0.2373          -0.3915     0.0120  |       0.2428      0.1988
 199     -0.0047        0.9752  |   -0.3114/ -0.2704/ -0.2578           -0.2578          -0.3954     0.0227  |       0.2419      0.1988
 200      0.0167        0.9582  |   -0.3245/ -0.2837/ -0.2696           -0.2696          -0.3970     0.0121  |       0.2451      0.1988
 201      0.0881        0.9091  |    0.1355/  0.1961/  0.2238            0.2238          -0.1673     0.0170  |       0.2507      0.1988
 202      0.0784        0.9828  |   -0.0778/ -0.0296/ -0.0093           -0.0093          -0.2507     0.0138  |       0.2496      0.1988
 203      0.1092        0.9554  |    0.0020/  0.0375/  0.0559            0.0559          -0.2280     0.0193  |       0.2525      0.1988
 204      0.0831        0.9603  |   -0.1579/ -0.1125/ -0.0987           -0.0987          -0.3381     0.0221  |       0.2534      0.1988
 205      0.0459        0.8850  |   -0.2224/ -0.1944/ -0.1846           -0.1846          -0.2800     0.0170  |       0.2478      0.1988
 206      0.0766        0.9197  |   -0.0506/ -0.0112/  0.0100            0.0100          -0.2746     0.0272  |       0.2507      0.1988
 207      0.0149        0.9038  |   -0.3045/ -0.2692/ -0.2579           -0.2579          -0.3623     0.0217  |       0.2458      0.1988
 208      0.0154        0.9694  |   -0.3244/ -0.2503/ -0.2356           -0.2356          -0.3748     0.0066  |       0.2450      0.1988
 209      0.0177        0.9702  |   -0.3125/ -0.2273/ -0.2115           -0.2115          -0.3884     0.0210  |       0.2453      0.1988
 210      0.0434        0.9429  |   -0.2284/ -0.1911/ -0.1776           -0.1776          -0.2928     0.0137  |       0.2481      0.1988
 211      0.0145        0.9560  |   -0.3020/ -0.2593/ -0.2484           -0.2484          -0.3757     0.0211  |       0.2462      0.1988
 212      0.0171        0.9615  |   -0.2728/ -0.2300/ -0.2166           -0.2166          -0.3834     0.0091  |       0.2449      0.1988
 213      0.0112        0.9703  |   -0.3063/ -0.2580/ -0.2408           -0.2408          -0.3828     0.0130  |       0.2453      0.1988
 214      0.0400        0.9650  |   -0.2465/ -0.1875/ -0.1700           -0.1700          -0.3762     0.0180  |       0.2437      0.1988
 215     -0.0113        0.8972  |   -0.3784/ -0.3419/ -0.3275           -0.3275          -0.4685     0.0171  |       0.2379      0.1988
 216      0.0237        0.9186  |   -0.3170/ -0.2579/ -0.2438           -0.2438          -0.4011     0.0220  |       0.2425      0.1988
 217      0.0424        0.9769  |   -0.3065/ -0.2503/ -0.2395           -0.2395          -0.3701     0.0123  |       0.2434      0.1988
 218      0.0219        0.9744  |   -0.2894/ -0.2471/ -0.2327           -0.2327          -0.3875     0.0245  |       0.2426      0.1988
 219      0.0337        0.9723  |   -0.2804/ -0.2221/ -0.2092           -0.2092          -0.3527     0.0135  |       0.2435      0.1988
 220      0.0270        0.9369  |   -0.2448/ -0.2134/ -0.1963           -0.1963          -0.3383     0.0151  |       0.2472      0.1988
 221      0.0395        0.9393  |   -0.2457/ -0.2090/ -0.1937           -0.1937          -0.3703     0.0176  |       0.2441      0.1988
 222      0.0484        0.9765  |   -0.2941/ -0.2439/ -0.2297           -0.2297          -0.3615     0.0078  |       0.2432      0.1988
 223      0.0196        0.9705  |   -0.3165/ -0.2836/ -0.2688           -0.2688          -0.4037     0.0190  |       0.2417      0.1988
 224      0.0016        0.9604  |   -0.3651/ -0.3329/ -0.3201           -0.3201          -0.4411     0.0133  |       0.2396      0.1988
 225     -0.0200        0.9658  |   -0.3506/ -0.3226/ -0.3091           -0.3091          -0.4476     0.0204  |       0.2384      0.1988
 226     -0.0143        0.9538  |   -0.4393/ -0.4036/ -0.3911           -0.3911          -0.4684     0.0135  |       0.2370      0.1988
 227     -0.0205        0.9512  |   -0.3812/ -0.3150/ -0.3037           -0.3037          -0.4431     0.0239  |       0.2384      0.1988
 228     -0.0289        0.9635  |   -0.4274/ -0.3583/ -0.3432           -0.3432          -0.4667     0.0211  |       0.2372      0.1988
 229     -0.0219        0.9628  |   -0.3717/ -0.3257/ -0.3133           -0.3133          -0.4336     0.0170  |       0.2385      0.1988
 230     -0.0023        0.9680  |   -0.3672/ -0.3349/ -0.3208           -0.3208          -0.4358     0.0146  |       0.2394      0.1988
 231      0.0087        0.9577  |   -0.3450/ -0.3138/ -0.3028           -0.3028          -0.4240     0.0156  |       0.2405      0.1988
 232      0.0151        0.9511  |   -0.2950/ -0.2542/ -0.2387           -0.2387          -0.3888     0.0154  |       0.2428      0.1988
 233      0.0258        0.9234  |   -0.2760/ -0.2455/ -0.2335           -0.2335          -0.3538     0.0284  |       0.2470      0.1988
 234      0.0875        0.9436  |   -0.0734/ -0.0286/ -0.0064           -0.0064          -0.2440     0.0184  |       0.2498      0.1988
 235      0.1002        0.9482  |    0.1066/  0.1519/  0.1843            0.1843          -0.1764     0.0167  |       0.2503      0.1988
 236      0.0957        0.9616  |    0.0225/  0.0556/  0.0762            0.0762          -0.2529     0.0181  |       0.2521      0.1988
 237      0.0715        0.9577  |   -0.0658/ -0.0299/ -0.0160           -0.0160          -0.2925     0.0104  |       0.2542      0.1988
 238      0.0867        0.9466  |    0.0073/  0.0506/  0.0744            0.0744          -0.2649     0.0172  |       0.2512      0.1988
 239      0.0876        0.9455  |   -0.1485/ -0.0908/ -0.0728           -0.0728          -0.3166     0.0178  |       0.2534      0.1988
 240      0.0707        0.9770  |   -0.1311/ -0.0961/ -0.0808           -0.0808          -0.3583     0.0251  |       0.2532      0.1988
 241     -0.0038        0.8990  |   -0.2703/ -0.2492/ -0.2392           -0.2392          -0.3689     0.0196  |       0.2464      0.1988
 242      0.0100        0.9219  |   -0.2880/ -0.2468/ -0.2326           -0.2326          -0.3939     0.0164  |       0.2427      0.1988
 243      0.0285        0.9720  |   -0.3163/ -0.2706/ -0.2567           -0.2567          -0.3900     0.0123  |       0.2416      0.1988
 244      0.0187        0.9290  |   -0.3061/ -0.2609/ -0.2453           -0.2453          -0.3789     0.0179  |       0.2450      0.1988
 245      0.0228        0.9483  |   -0.2565/ -0.2141/ -0.2015           -0.2015          -0.3468     0.0171  |       0.2460      0.1988
 246      0.0268        0.9420  |   -0.2689/ -0.2272/ -0.2128           -0.2128          -0.3699     0.0218  |       0.2435      0.1988
 247      0.0008        0.9688  |   -0.3112/ -0.2706/ -0.2562           -0.2562          -0.3917     0.0184  |       0.2420      0.1988
 248      0.0234        0.9679  |   -0.3440/ -0.2666/ -0.2521           -0.2521          -0.4062     0.0095  |       0.2424      0.1988
 249      0.0154        0.9607  |   -0.2768/ -0.2258/ -0.2098           -0.2098          -0.3820     0.0191  |       0.2430      0.1988
 250      0.0061        0.9778  |   -0.3009/ -0.2534/ -0.2327           -0.2327          -0.3906     0.0179  |       0.2427      0.1988
 251      0.0242        0.9250  |   -0.2496/ -0.1986/ -0.1853           -0.1853          -0.3310     0.0059  |       0.2472      0.1988
 252      0.0017        0.9743  |   -0.3199/ -0.2658/ -0.2555           -0.2555          -0.3780     0.0271  |       0.2463      0.1988
 253      0.0158        0.9422  |   -0.2915/ -0.2354/ -0.2213           -0.2213          -0.3839     0.0223  |       0.2436      0.1988
 254      0.0523        0.9750  |   -0.2458/ -0.2168/ -0.2011           -0.2011          -0.3391     0.0123  |       0.2432      0.1988
 255      0.0304        0.9550  |   -0.3356/ -0.2931/ -0.2816           -0.2816          -0.3897     0.0147  |       0.2414      0.1988
 256      0.0100        0.9773  |   -0.3371/ -0.2809/ -0.2652           -0.2652          -0.4037     0.0150  |       0.2419      0.1988
 257      0.0186        0.9167  |   -0.3388/ -0.3062/ -0.2934           -0.2934          -0.3672     0.0202  |       0.2455      0.1988
 258      0.0226        0.9733  |   -0.2845/ -0.2543/ -0.2423           -0.2423          -0.3540     0.0172  |       0.2457      0.1988
 259      0.0492        0.9376  |   -0.2179/ -0.1927/ -0.1818           -0.1818          -0.2736     0.0164  |       0.2478      0.1988
 260      0.0065        0.9283  |   -0.3039/ -0.2581/ -0.2444           -0.2444          -0.3838     0.0140  |       0.2453      0.1988
 261      0.0328        0.9747  |   -0.2545/ -0.2181/ -0.2043           -0.2043          -0.3646     0.0180  |       0.2442      0.1988
 262     -0.0136        0.8994  |   -0.4079/ -0.3496/ -0.3361           -0.3361          -0.4687     0.0212  |       0.2381      0.1988
 263     -0.0079        0.9564  |   -0.4071/ -0.3813/ -0.3699           -0.3699          -0.4739     0.0272  |       0.2391      0.1988
 264      0.0045        0.9396  |   -0.3067/ -0.2690/ -0.2552           -0.2552          -0.3933     0.0197  |       0.2418      0.1988
 265      0.0169        0.9809  |   -0.3327/ -0.3051/ -0.2956           -0.2956          -0.4057     0.0167  |       0.2420      0.1988
 266      0.0220        0.9567  |   -0.2849/ -0.2280/ -0.2118           -0.2118          -0.3890     0.0139  |       0.2453      0.1988
 267      0.0191        0.9652  |   -0.3140/ -0.2559/ -0.2406           -0.2406          -0.3837     0.0175  |       0.2431      0.1988
 268      0.0235        0.9878  |   -0.2574/ -0.2226/ -0.2088           -0.2088          -0.3759     0.0229  |       0.2430      0.1988
 269      0.0303        0.9725  |   -0.3024/ -0.2418/ -0.2280           -0.2280          -0.3568     0.0081  |       0.2444      0.1988
 270      0.0518        0.9267  |   -0.0663/ -0.0171/  0.0073            0.0073          -0.2173     0.0213  |       0.2459      0.1988
 271      0.0282        0.9394  |   -0.2799/ -0.2575/ -0.2445           -0.2445          -0.3309     0.0121  |       0.2454      0.1988
 272      0.0207        0.9659  |   -0.2921/ -0.2523/ -0.2389           -0.2389          -0.3849     0.0214  |       0.2462      0.1988
 273      0.0317        0.9774  |   -0.3030/ -0.2699/ -0.2563           -0.2563          -0.3604     0.0100  |       0.2456      0.1988
 274      0.0382        0.9594  |   -0.2778/ -0.1899/ -0.1763           -0.1763          -0.3489     0.0198  |       0.2440      0.1988
 275      0.0082        0.9579  |   -0.2974/ -0.2629/ -0.2491           -0.2491          -0.3765     0.0100  |       0.2461      0.1988
 276      0.0280        0.9673  |   -0.2330/ -0.1904/ -0.1766           -0.1766          -0.3339     0.0213  |       0.2474      0.1988
 277      0.0310        0.9861  |   -0.1889/ -0.1620/ -0.1493           -0.1493          -0.3153     0.0220  |       0.2473      0.1988
 278      0.0218        0.9331  |   -0.2540/ -0.2171/ -0.2053           -0.2053          -0.3569     0.0194  |       0.2429      0.1988
 279     -0.0054        0.9760  |   -0.3241/ -0.2751/ -0.2638           -0.2638          -0.3944     0.0240  |       0.2419      0.1988
 280      0.0375        0.9590  |   -0.3566/ -0.3074/ -0.2940           -0.2940          -0.4205     0.0177  |       0.2409      0.1988
 281     -0.0129        0.9335  |   -0.3674/ -0.3170/ -0.3026           -0.3026          -0.4390     0.0164  |       0.2393      0.1988
 282     -0.0290        0.9587  |   -0.4503/ -0.4185/ -0.4063           -0.4063          -0.4804     0.0193  |       0.2372      0.1988
 283     -0.0190        0.9458  |   -0.4274/ -0.3664/ -0.3541           -0.3541          -0.4288     0.0143  |       0.2355      0.1988
 284      0.0471        0.9150  |   -0.3285/ -0.2978/ -0.2861           -0.2861          -0.4245     0.0198  |       0.2400      0.1988
 285      0.0068        0.9347  |   -0.3191/ -0.2580/ -0.2389           -0.2389          -0.3963     0.0179  |       0.2427      0.1988
 286      0.0400        0.9121  |   -0.2272/ -0.1912/ -0.1752           -0.1752          -0.2989     0.0247  |       0.2481      0.1988
 287      0.0051        0.9050  |   -0.3096/ -0.2733/ -0.2595           -0.2595          -0.3940     0.0160  |       0.2418      0.1988
 288      0.0099        0.9509  |   -0.3340/ -0.2797/ -0.2649           -0.2649          -0.3960     0.0195  |       0.2452      0.1988
 289     -0.0019        0.9112  |   -0.4215/ -0.3791/ -0.3669           -0.3669          -0.4762     0.0238  |       0.2390      0.1988
 290      0.0277        0.9294  |   -0.3575/ -0.3037/ -0.2926           -0.2926          -0.3982     0.0183  |       0.2414      0.1988
 291      0.0119        0.8798  |   -0.4062/ -0.3827/ -0.3709           -0.3709          -0.4661     0.0172  |       0.2387      0.1988
 292     -0.0260        0.9276  |   -0.3620/ -0.3429/ -0.3337           -0.3337          -0.3962     0.0204  |       0.2356      0.1988
 293     -0.0005        0.9389  |   -0.3594/ -0.3119/ -0.2968           -0.2968          -0.4307     0.0245  |       0.2394      0.1988
 294      0.0166        0.9367  |   -0.3099/ -0.2419/ -0.2273           -0.2273          -0.3869     0.0184  |       0.2426      0.1988
 295      0.0368        0.9693  |   -0.3346/ -0.2982/ -0.2854           -0.2854          -0.4048     0.0141  |       0.2414      0.1988
 296      0.0408        0.9811  |   -0.3879/ -0.3490/ -0.3370           -0.3370          -0.4312     0.0231  |       0.2412      0.1988
 297      0.0224        0.9762  |   -0.3035/ -0.2712/ -0.2581           -0.2581          -0.4060     0.0234  |       0.2421      0.1988
 298     -0.0017        0.9404  |   -0.3480/ -0.3082/ -0.2909           -0.2909          -0.4300     0.0215  |       0.2394      0.1988
 299     -0.0146        0.9258  |   -0.3648/ -0.3314/ -0.3174           -0.3174          -0.4694     0.0149  |       0.2382      0.1988
IMAGEIO FFMPEG_WRITER WARNING: input image is not divisible by macro_block_size=16, resizing from (320, 180) to (320, 192) to ensure video compatibility with most codecs and players. To prevent resizing, make your input image divisible by the macro_block_size or set the macro_block_size to 1 (risking incompatibility).

Saved 300 frames -> /home/ashwink/Documents/swms/SWM_copy/rollouts_5_per/expert-only/epoch4/epoch4_rollout0_failure.mp4
min dist(green_cube,blue_moon) over episode = 0.1988  ->  FAILURE
Full log written to /home/ashwink/Documents/swms/SWM_copy/rollouts_5_per/expert-only/epoch4/epoch4_rollout0_20260723_122559.log
Result json -> /home/ashwink/Documents/swms/SWM_copy/rollouts_5_per/expert-only/epoch4/epoch4_rollout0_result.json
