Checkpoint dir epoch: 4  Rollout: 1
Logging to /home/ashwink/Documents/swms/SWM_copy/rollouts_5_per/expert-only/epoch4/epoch4_rollout1_20260723_122725.log
Goal (fixed, steps 0-299): the green cube is touching the blue moon. the peg is touching the green cube.

Checkpoint: /home/ashwink/Documents/swms/SWM_copy/training/checkpoints_clip_full_finetuned_wider_hl/epoch_004.pt
  epoch=4  step=4290

Loading CLIP ViT-L/14 (datacomp_xl_s13b_b90k) + fine-tuned clip_state_dict ...
Parsing model identifier. Schema: None, Identifier: ViT-L-14
Loaded built-in ViT-L-14 model config.
Instantiating model architecture: CLIP
Loading full pretrained weights from: /home/ashwink/.cache/huggingface/hub/models--laion--CLIP-ViT-L-14-DataComp.XL-s13B-b90K/snapshots/84c9828e63dc9a9351d1fe637c346d4c1c4db341/open_clip_pytorch_model.bin
Final image preprocessing configuration set: {'size': (224, 224), 'mode': 'RGB', 'mean': (0.48145466, 0.4578275, 0.40821073), 'std': (0.26862954, 0.26130258, 0.27577711), 'interpolation': 'bicubic', 'resize_mode': 'shortest', 'fill_color': 0}
Model ViT-L-14 creation process complete.
Parsing tokenizer identifier. Schema: None, Identifier: ViT-L-14
Attempting to load config from built-in: ViT-L-14
Using default SimpleTokenizer.
z_star shape: torch.Size([768])

Loading action stats from /home/ashwink/full_data_5000/langtable/demos/ ...
  lo=[-0.03372681140899658, -0.03493623435497284]  hi=[0.03496786952018738, 0.03494429588317871]

Initializing LangTable env ...
Loading URDF plane.urdf
Loading URDF /home/ashwink/Documents/swms/.venv/lib/python3.10/site-packages/language_table/environments/utils/../../../language_table/environments/assets/workspace_real.urdf
Loading URDF xarm/xarm6_robot_white.urdf
Loading URDF /home/ashwink/Documents/swms/.venv/lib/python3.10/site-packages/language_table/environments/utils/../../../language_table/environments/assets/suction/cylinder_real.urdf
Loading URDF /home/ashwink/Documents/swms/.venv/lib/python3.10/site-packages/language_table/environments/utils/../../../language_table/environments/assets/blocks/red_moon.urdf
Loading URDF /home/ashwink/Documents/swms/.venv/lib/python3.10/site-packages/language_table/environments/utils/../../../language_table/environments/assets/blocks/red_cube.urdf
Loading URDF /home/ashwink/Documents/swms/.venv/lib/python3.10/site-packages/language_table/environments/utils/../../../language_table/environments/assets/blocks/red_star.urdf
Loading URDF /home/ashwink/Documents/swms/.venv/lib/python3.10/site-packages/language_table/environments/utils/../../../language_table/environments/assets/blocks/red_pentagon.urdf
Loading URDF /home/ashwink/Documents/swms/.venv/lib/python3.10/site-packages/language_table/environments/utils/../../../language_table/environments/assets/blocks/blue_moon.urdf
Loading URDF /home/ashwink/Documents/swms/.venv/lib/python3.10/site-packages/language_table/environments/utils/../../../language_table/environments/assets/blocks/blue_cube.urdf
Loading URDF /home/ashwink/Documents/swms/.venv/lib/python3.10/site-packages/language_table/environments/utils/../../../language_table/environments/assets/blocks/blue_star.urdf
Loading URDF /home/ashwink/Documents/swms/.venv/lib/python3.10/site-packages/language_table/environments/utils/../../../language_table/environments/assets/blocks/blue_pentagon.urdf
Loading URDF /home/ashwink/Documents/swms/.venv/lib/python3.10/site-packages/language_table/environments/utils/../../../language_table/environments/assets/blocks/yellow_moon.urdf
Loading URDF /home/ashwink/Documents/swms/.venv/lib/python3.10/site-packages/language_table/environments/utils/../../../language_table/environments/assets/blocks/yellow_cube.urdf
Loading URDF /home/ashwink/Documents/swms/.venv/lib/python3.10/site-packages/language_table/environments/utils/../../../language_table/environments/assets/blocks/yellow_star.urdf
Loading URDF /home/ashwink/Documents/swms/.venv/lib/python3.10/site-packages/language_table/environments/utils/../../../language_table/environments/assets/blocks/yellow_pentagon.urdf
Loading URDF /home/ashwink/Documents/swms/.venv/lib/python3.10/site-packages/language_table/environments/utils/../../../language_table/environments/assets/blocks/green_moon.urdf
Loading URDF /home/ashwink/Documents/swms/.venv/lib/python3.10/site-packages/language_table/environments/utils/../../../language_table/environments/assets/blocks/green_cube.urdf
Loading URDF /home/ashwink/Documents/swms/.venv/lib/python3.10/site-packages/language_table/environments/utils/../../../language_table/environments/assets/blocks/green_star.urdf
Loading URDF /home/ashwink/Documents/swms/.venv/lib/python3.10/site-packages/language_table/environments/utils/../../../language_table/environments/assets/blocks/green_pentagon.urdf
Loading URDF /home/ashwink/Documents/swms/.venv/lib/python3.10/site-packages/language_table/environments/utils/../../../language_table/environments/assets/blocks/purple_moon.urdf
Loading URDF /home/ashwink/Documents/swms/.venv/lib/python3.10/site-packages/language_table/environments/utils/../../../language_table/environments/assets/blocks/purple_cube.urdf
Loading URDF /home/ashwink/Documents/swms/.venv/lib/python3.10/site-packages/language_table/environments/utils/../../../language_table/environments/assets/blocks/purple_star.urdf
Loading URDF /home/ashwink/Documents/swms/.venv/lib/python3.10/site-packages/language_table/environments/utils/../../../language_table/environments/assets/blocks/purple_pentagon.urdf
Env ready.

Forced peg start: [0.42843915 0.24419614]  (green_cube=[0.40339102 0.18967466], blue_moon=[0.32039625 0.00902261])
  dist(peg,green_cube)=0.0600  dist(peg,blue_moon)=0.2588  dist(green_cube,blue_moon)=0.1988

step  cos(zt,z*)  cos(zt,zt-1)  |   cos(predK,z*) min/mean/max  cos(pred_sel,z*)   cos(zpred0,z*)  ||a_raw||  |  dist(peg,A)   dist(A,B)
-------------------------------------------------------------------------------------------------------------------------------------------------------------------------------
   0      0.1409           nan  |    0.6997/  0.7390/  0.7521            0.7521           0.5137     0.0137  |       0.0587      0.1988
   1      0.1404        0.9913  |    0.6464/  0.6935/  0.7071            0.7071           0.5091     0.0063  |       0.0716      0.1988
   2      0.1445        0.9968  |    0.6410/  0.6807/  0.6968            0.6968           0.5147     0.0041  |       0.0735      0.1988
   3      0.1469        0.9948  |    0.6197/  0.7033/  0.7208            0.7208           0.5239     0.0005  |       0.0739      0.1988
   4      0.1434        0.9965  |    0.6645/  0.7065/  0.7235            0.7235           0.5210     0.0140  |       0.0736      0.1988
   5      0.1476        0.9936  |    0.6364/  0.7105/  0.7283            0.7283           0.5046     0.0055  |       0.0649      0.1988
   6      0.1436        0.9964  |    0.6158/  0.7049/  0.7219            0.7219           0.5071     0.0069  |       0.0599      0.1988
   7      0.1498        0.9928  |    0.6524/  0.7173/  0.7352            0.7352           0.5191     0.0084  |       0.0598      0.1988
   8      0.1495        0.9928  |    0.6949/  0.7369/  0.7521            0.7521           0.5304     0.0061  |       0.0541      0.1988
   9      0.1424        0.9946  |    0.6564/  0.7273/  0.7426            0.7426           0.5200     0.0060  |       0.0588      0.1988
  10      0.1449        0.9927  |    0.6561/  0.7179/  0.7344            0.7344           0.5145     0.0041  |       0.0603      0.1988
  11      0.1402        0.9908  |    0.6508/  0.6929/  0.7079            0.7079           0.5036     0.0054  |       0.0611      0.1988
  12      0.1476        0.9778  |    0.6317/  0.6889/  0.7038            0.7038           0.5124     0.0077  |       0.0638      0.1988
  13      0.1468        0.9455  |    0.6358/  0.6797/  0.6959            0.6959           0.4204     0.0104  |       0.0668      0.1988
  14      0.1529        0.9253  |    0.6128/  0.6373/  0.6520            0.6520           0.3966     0.0059  |       0.0648      0.1988
  15      0.1310        0.9642  |    0.5040/  0.5414/  0.5647            0.5647           0.2211     0.0128  |       0.0660      0.1988
  16      0.0901        0.9025  |    0.1348/  0.1855/  0.2085            0.2085          -0.0229     0.0102  |       0.0731      0.1988
  17      0.0508        0.9007  |    0.0548/  0.1137/  0.1351            0.1351          -0.1207     0.0090  |       0.0748      0.1988
  18      0.0364        0.9577  |    0.0419/  0.0850/  0.1116            0.1116          -0.1692     0.0077  |       0.0827      0.1988
  19      0.0229        0.9252  |   -0.0902/ -0.0259/  0.0022            0.0022          -0.3391     0.0144  |       0.0894      0.1988
  20     -0.0052        0.9223  |   -0.1812/ -0.1320/ -0.1079           -0.1079          -0.4130     0.0061  |       0.1031      0.1988
  21     -0.0618        0.9326  |   -0.1151/ -0.0384/ -0.0111           -0.0111          -0.4259     0.0195  |       0.1098      0.1988
  22     -0.0396        0.8747  |   -0.2231/ -0.1824/ -0.1627           -0.1627          -0.3884     0.0088  |       0.1245      0.1988
  23     -0.0473        0.9378  |   -0.1519/ -0.1154/ -0.0938           -0.0938          -0.3376     0.0173  |       0.1319      0.1988
  24      0.0435        0.8383  |    0.2074/  0.2420/  0.2746            0.2746           0.0613     0.0172  |       0.1426      0.1988
  25      0.0573        0.9200  |    0.2589/  0.3137/  0.3527            0.3527           0.0379     0.0145  |       0.1591      0.1988
  26     -0.0039        0.8725  |    0.0018/  0.0570/  0.0839            0.0839          -0.2596     0.0130  |       0.1541      0.1988
  27     -0.0399        0.8977  |   -0.1779/ -0.1338/ -0.1082           -0.1082          -0.3490     0.0190  |       0.1467      0.1988
  28     -0.0744        0.8338  |   -0.1559/ -0.1064/ -0.0809           -0.0809          -0.3518     0.0249  |       0.1414      0.1988
  29     -0.0277        0.8905  |   -0.0605/ -0.0224/  0.0123            0.0123          -0.3462     0.0038  |       0.1347      0.1988
  30     -0.0135        0.9627  |   -0.0207/  0.0311/  0.0536            0.0536          -0.3721     0.0067  |       0.1308      0.1988
  31     -0.0286        0.9480  |    0.1926/  0.2164/  0.2417            0.2417          -0.3054     0.0189  |       0.1283      0.1988
  32     -0.0210        0.8464  |   -0.0378/  0.0065/  0.0234            0.0234          -0.3123     0.0129  |       0.1116      0.1988
  33      0.0034        0.9352  |    0.2881/  0.3329/  0.3719            0.3719          -0.1575     0.0081  |       0.1074      0.1988
  34      0.0093        0.9547  |    0.2795/  0.3130/  0.3408            0.3408          -0.1885     0.0156  |       0.1025      0.1988
  35      0.0110        0.9430  |    0.3741/  0.4340/  0.4562            0.4562          -0.1444     0.0067  |       0.1130      0.1988
  36     -0.0157        0.9250  |    0.3359/  0.3996/  0.4354            0.4354          -0.2865     0.0012  |       0.1201      0.1988
  37     -0.0163        0.9654  |    0.0876/  0.1255/  0.1667            0.1667          -0.3318     0.0111  |       0.1214      0.1988
  38     -0.0159        0.9282  |    0.2813/  0.3457/  0.3837            0.3837          -0.2235     0.0060  |       0.1161      0.1988
  39     -0.0005        0.9504  |    0.2857/  0.3542/  0.3829            0.3829          -0.1876     0.0118  |       0.1103      0.1988
  40     -0.0051        0.8430  |    0.0439/  0.1413/  0.1714            0.1714          -0.2769     0.0069  |       0.1137      0.1988
  41      0.0015        0.9179  |    0.3010/  0.4129/  0.4447            0.4447          -0.2920     0.0116  |       0.1185      0.1988
  42     -0.0004        0.8923  |   -0.0000/  0.0632/  0.0909            0.0909          -0.3527     0.0073  |       0.1282      0.1988
  43      0.0029        0.9252  |   -0.0574/  0.0051/  0.0301            0.0301          -0.3180     0.0107  |       0.1340      0.1988
  44     -0.0099        0.9329  |   -0.0627/  0.0880/  0.1294            0.1294          -0.3022     0.0087  |       0.1294      0.1988
  45     -0.0167        0.9350  |   -0.0150/  0.0658/  0.1009            0.1009          -0.3158     0.0130  |       0.1364      0.1988
  46     -0.0424        0.8649  |   -0.1465/ -0.0905/ -0.0664           -0.0664          -0.3420     0.0091  |       0.1441      0.1988
  47     -0.0521        0.9372  |   -0.1640/ -0.0916/ -0.0550           -0.0550          -0.3447     0.0128  |       0.1434      0.1988
  48     -0.0345        0.8592  |   -0.1818/ -0.1103/ -0.0847           -0.0847          -0.4112     0.0110  |       0.1544      0.1988
  49     -0.0646        0.8700  |   -0.1867/ -0.1304/ -0.1076           -0.1076          -0.3892     0.0125  |       0.1654      0.1988
  50     -0.0563        0.9067  |   -0.1692/ -0.0803/ -0.0536           -0.0536          -0.3902     0.0156  |       0.1768      0.1988
  51     -0.1079        0.8876  |   -0.2655/ -0.1913/ -0.1657           -0.1657          -0.3790     0.0142  |       0.1876      0.1988
  52     -0.0555        0.8569  |   -0.3157/ -0.2847/ -0.2697           -0.2697          -0.3729     0.0186  |       0.2003      0.1988
  53     -0.0474        0.8593  |   -0.3283/ -0.3052/ -0.2894           -0.2894          -0.4063     0.0101  |       0.2145      0.1988
  54     -0.0274        0.8501  |   -0.3919/ -0.3709/ -0.3603           -0.3603          -0.4438     0.0138  |       0.2247      0.1988
  55     -0.0139        0.9357  |   -0.4612/ -0.4347/ -0.4192           -0.4192          -0.5030     0.0154  |       0.2318      0.1988
  56     -0.0023        0.9719  |   -0.4525/ -0.4273/ -0.4135           -0.4135          -0.4913     0.0245  |       0.2326      0.1988
  57      0.0340        0.9064  |   -0.4034/ -0.3792/ -0.3674           -0.3674          -0.4820     0.0192  |       0.2373      0.1988
  58      0.0130        0.9282  |   -0.4506/ -0.4322/ -0.4196           -0.4196          -0.4879     0.0235  |       0.2359      0.1988
  59      0.0037        0.9880  |   -0.4631/ -0.4477/ -0.4370           -0.4370          -0.4975     0.0140  |       0.2360      0.1988
  60      0.1189        0.8843  |   -0.1820/ -0.0993/ -0.0807           -0.0807          -0.2858     0.0203  |       0.2399      0.1988
  61      0.1189        0.9090  |    0.1867/  0.2748/  0.3076            0.3076          -0.0896     0.0140  |       0.2440      0.1988
  62      0.1215        0.9285  |    0.2038/  0.2500/  0.2772            0.2772          -0.0723     0.0158  |       0.2485      0.1988
  63      0.1225        0.9593  |    0.2260/  0.2936/  0.3187            0.3187          -0.0968     0.0160  |       0.2508      0.1988
  64      0.1368        0.9126  |    0.3011/  0.3562/  0.3781            0.3781          -0.0055     0.0158  |       0.2556      0.1988
  65      0.1087        0.8992  |    0.2812/  0.3163/  0.3404            0.3404          -0.0273     0.0135  |       0.2619      0.1988
  66      0.1106        0.9457  |    0.4619/  0.4962/  0.5149            0.5149           0.0457     0.0090  |       0.2651      0.1988
  67      0.0751        0.9045  |    0.0785/  0.1262/  0.1566            0.1566          -0.1038     0.0077  |       0.2688      0.1988
  68      0.0768        0.9485  |   -0.0692/ -0.0319/ -0.0095           -0.0095          -0.2245     0.0199  |       0.2705      0.1988
  69      0.0671        0.9378  |    0.0708/  0.1107/  0.1305            0.1305          -0.1591     0.0113  |       0.2676      0.1988
  70      0.1162        0.9258  |    0.4145/  0.4425/  0.4609            0.4609           0.0975     0.0103  |       0.2646      0.1988
  71      0.0759        0.9114  |    0.0330/  0.0836/  0.1044            0.1044          -0.1604     0.0118  |       0.2682      0.1988
  72      0.0697        0.9636  |    0.0718/  0.1146/  0.1346            0.1346          -0.2212     0.0206  |       0.2690      0.1988
  73      0.0631        0.9508  |    0.0391/  0.1000/  0.1213            0.1213          -0.1646     0.0145  |       0.2687      0.1988
  74      0.1159        0.8738  |    0.4039/  0.4427/  0.4654            0.4654           0.0990     0.0030  |       0.2646      0.1988
  75      0.0972        0.9742  |    0.4189/  0.4676/  0.4913            0.4913           0.0216     0.0121  |       0.2652      0.1988
  76      0.0705        0.9132  |    0.0258/  0.0840/  0.1040            0.1040          -0.2379     0.0179  |       0.2681      0.1988
  77      0.0606        0.9581  |    0.0322/  0.0871/  0.1133            0.1133          -0.1587     0.0067  |       0.2687      0.1988
  78      0.0861        0.9025  |    0.1426/  0.1920/  0.2250            0.2250          -0.0912     0.0085  |       0.2710      0.1988
  79      0.0871        0.9057  |    0.2688/  0.3130/  0.3386            0.3386          -0.0827     0.0097  |       0.2742      0.1988
  80      0.0636        0.9092  |    0.1057/  0.1724/  0.1944            0.1944          -0.2260     0.0102  |       0.2788      0.1988
  81      0.0567        0.9721  |    0.0581/  0.1245/  0.1483            0.1483          -0.2951     0.0130  |       0.2782      0.1988
  82      0.0655        0.9695  |    0.0930/  0.1587/  0.1774            0.1774          -0.2542     0.0125  |       0.2790      0.1988
  83      0.0657        0.9636  |    0.1136/  0.1775/  0.2009            0.2009          -0.2603     0.0140  |       0.2780      0.1988
  84      0.0648        0.9420  |    0.0079/  0.0781/  0.0990            0.0990          -0.2594     0.0136  |       0.2803      0.1988
  85      0.0637        0.9765  |    0.0879/  0.1385/  0.1589            0.1589          -0.2468     0.0146  |       0.2793      0.1988
  86      0.0699        0.9232  |    0.0958/  0.1344/  0.1601            0.1601          -0.1761     0.0154  |       0.2770      0.1988
  87      0.0789        0.9374  |    0.1363/  0.1781/  0.2108            0.2108          -0.1620     0.0078  |       0.2744      0.1988
  88      0.0857        0.9515  |    0.1426/  0.2367/  0.2593            0.2593          -0.1988     0.0072  |       0.2748      0.1988
  89      0.0886        0.9655  |    0.1536/  0.2299/  0.2535            0.2535          -0.1256     0.0100  |       0.2755      0.1988
  90      0.0861        0.9571  |    0.1705/  0.2113/  0.2312            0.2312          -0.0842     0.0085  |       0.2753      0.1988
  91      0.0714        0.9595  |   -0.0081/  0.0388/  0.0576            0.0576          -0.2355     0.0142  |       0.2763      0.1988
  92      0.0986        0.9486  |    0.2597/  0.3008/  0.3216            0.3216          -0.0309     0.0078  |       0.2740      0.1988
  93      0.0890        0.9511  |    0.1343/  0.2242/  0.2474            0.2474          -0.2284     0.0134  |       0.2758      0.1988
  94      0.0729        0.9530  |    0.0212/  0.0850/  0.1041            0.1041          -0.2324     0.0090  |       0.2778      0.1988
  95      0.0858        0.9165  |    0.1143/  0.1784/  0.2036            0.2036          -0.2061     0.0130  |       0.2746      0.1988
  96      0.0965        0.9566  |    0.2517/  0.2934/  0.3166            0.3166          -0.0283     0.0109  |       0.2740      0.1988
  97      0.0707        0.9258  |    0.0393/  0.0977/  0.1212            0.1212          -0.2656     0.0174  |       0.2784      0.1988
  98      0.0874        0.9403  |    0.2021/  0.2648/  0.2888            0.2888          -0.1960     0.0075  |       0.2747      0.1988
  99      0.0761        0.9608  |    0.0094/  0.0502/  0.0670            0.0670          -0.2472     0.0129  |       0.2764      0.1988
 100      0.0854        0.9105  |   -0.0752/ -0.0470/ -0.0321           -0.0321          -0.2528     0.0213  |       0.2722      0.1988
 101      0.1100        0.9656  |    0.1416/  0.1768/  0.2095            0.2095          -0.1429     0.0162  |       0.2719      0.1988
 102      0.0756        0.8956  |    0.1654/  0.1982/  0.2208            0.2208          -0.1205     0.0152  |       0.2677      0.1988
 103      0.0963        0.9312  |    0.3559/  0.3933/  0.4147            0.4147          -0.0029     0.0090  |       0.2652      0.1988
 104      0.1016        0.9691  |    0.4276/  0.4566/  0.4748            0.4748           0.0973     0.0113  |       0.2658      0.1988
 105      0.0972        0.8933  |   -0.0144/  0.0194/  0.0394            0.0394          -0.1664     0.0191  |       0.2704      0.1988
 106      0.0862        0.8997  |    0.1244/  0.1705/  0.1954            0.1954          -0.1927     0.0120  |       0.2744      0.1988
 107      0.0985        0.9446  |    0.0260/  0.0878/  0.1109            0.1109          -0.1754     0.0149  |       0.2725      0.1988
 108      0.0697        0.8869  |    0.2564/  0.3007/  0.3243            0.3243          -0.0628     0.0160  |       0.2671      0.1988
 109      0.0776        0.9103  |    0.0753/  0.1360/  0.1612            0.1612          -0.1387     0.0132  |       0.2710      0.1988
 110      0.0790        0.9621  |   -0.0486/  0.0027/  0.0223            0.0223          -0.1722     0.0170  |       0.2715      0.1988
 111      0.0854        0.8722  |    0.2603/  0.2753/  0.2891            0.2891          -0.0922     0.0172  |       0.2755      0.1988
 112      0.0844        0.8684  |   -0.0361/  0.0098/  0.0307            0.0307          -0.1554     0.0077  |       0.2714      0.1988
 113      0.0794        0.9842  |    0.0017/  0.0452/  0.0645            0.0645          -0.1967     0.0154  |       0.2716      0.1988
 114      0.0764        0.9984  |    0.0089/  0.0497/  0.0740            0.0740          -0.2008     0.0181  |       0.2716      0.1988
 115      0.0787        0.9403  |    0.1131/  0.1664/  0.1893            0.1893          -0.1286     0.0140  |       0.2696      0.1988
 116      0.0788        0.9448  |    0.1396/  0.1671/  0.1891            0.1891          -0.1102     0.0160  |       0.2709      0.1988
 117      0.0845        0.9567  |   -0.0434/  0.0216/  0.0369            0.0369          -0.1732     0.0140  |       0.2716      0.1988
 118      0.0822        0.8825  |    0.0651/  0.0995/  0.1257            0.1257          -0.1549     0.0144  |       0.2752      0.1988
 119      0.0847        0.9774  |    0.2340/  0.2802/  0.3089            0.3089          -0.1085     0.0066  |       0.2755      0.1988
 120      0.0881        0.9459  |    0.0939/  0.1716/  0.1966            0.1966          -0.1979     0.0112  |       0.2746      0.1988
 121      0.0708        0.9331  |    0.1346/  0.2162/  0.2381            0.2381          -0.1862     0.0116  |       0.2768      0.1988
 122      0.0632        0.9622  |    0.0683/  0.1732/  0.1953            0.1953          -0.2405     0.0093  |       0.2785      0.1988
 123      0.0722        0.9544  |    0.1341/  0.1776/  0.2021            0.2021          -0.2186     0.0166  |       0.2801      0.1988
 124      0.0781        0.9683  |    0.0541/  0.1029/  0.1266            0.1266          -0.2573     0.0156  |       0.2807      0.1988
 125      0.0647        0.9500  |    0.0819/  0.1470/  0.1744            0.1744          -0.2446     0.0107  |       0.2791      0.1988
 126      0.0776        0.9543  |    0.1022/  0.1551/  0.1737            0.1737          -0.2274     0.0123  |       0.2807      0.1988
 127      0.0666        0.9759  |    0.0442/  0.0947/  0.1165            0.1165          -0.2964     0.0139  |       0.2811      0.1988
 128      0.0703        0.9592  |    0.1465/  0.2049/  0.2275            0.2275          -0.1881     0.0128  |       0.2793      0.1988
 129      0.0792        0.9484  |    0.1840/  0.2519/  0.2722            0.2722          -0.2159     0.0159  |       0.2810      0.1988
 130      0.0773        0.9586  |    0.0259/  0.0835/  0.1055            0.1055          -0.2703     0.0111  |       0.2812      0.1988
 131      0.0778        0.9106  |    0.1231/  0.2119/  0.2363            0.2363          -0.1923     0.0075  |       0.2770      0.1988
 132      0.0829        0.9825  |    0.0568/  0.1142/  0.1399            0.1399          -0.2410     0.0105  |       0.2774      0.1988
 133      0.0782        0.9672  |    0.1207/  0.2053/  0.2289            0.2289          -0.1841     0.0090  |       0.2778      0.1988
 134      0.0729        0.9598  |    0.0535/  0.1148/  0.1411            0.1411          -0.1769     0.0105  |       0.2771      0.1988
 135      0.0768        0.9314  |    0.1805/  0.2330/  0.2537            0.2537          -0.2020     0.0143  |       0.2794      0.1988
 136      0.0776        0.9665  |    0.1178/  0.1844/  0.2118            0.2118          -0.2373     0.0090  |       0.2806      0.1988
 137      0.0599        0.9311  |    0.0556/  0.1325/  0.1521            0.1521          -0.2636     0.0085  |       0.2787      0.1988
 138      0.0768        0.9546  |    0.1272/  0.1938/  0.2198            0.2198          -0.2038     0.0051  |       0.2794      0.1988
 139      0.0608        0.9861  |   -0.0145/  0.0426/  0.0612            0.0612          -0.2768     0.0118  |       0.2793      0.1988
 140      0.0714        0.9609  |    0.0804/  0.1253/  0.1500            0.1500          -0.2105     0.0093  |       0.2778      0.1988
 141      0.0686        0.9729  |    0.0735/  0.1535/  0.1829            0.1829          -0.2504     0.0101  |       0.2780      0.1988
 142      0.0727        0.9186  |   -0.0106/  0.0422/  0.0629            0.0629          -0.2910     0.0143  |       0.2813      0.1988
 143      0.0811        0.9361  |    0.0095/  0.0830/  0.1066            0.1066          -0.2272     0.0138  |       0.2775      0.1988
 144      0.0550        0.9271  |   -0.0290/  0.0381/  0.0664            0.0664          -0.2813     0.0106  |       0.2798      0.1988
 145      0.0852        0.8817  |    0.1716/  0.2363/  0.2626            0.2626          -0.1925     0.0041  |       0.2757      0.1988
 146      0.0774        0.9572  |    0.1410/  0.2119/  0.2383            0.2383          -0.1724     0.0093  |       0.2776      0.1988
 147      0.0806        0.9559  |    0.1259/  0.1797/  0.2038            0.2038          -0.1651     0.0202  |       0.2763      0.1988
 148      0.0899        0.9644  |    0.1674/  0.2129/  0.2348            0.2348          -0.0694     0.0122  |       0.2753      0.1988
 149      0.0808        0.9048  |   -0.0003/  0.0432/  0.0698            0.0698          -0.2906     0.0180  |       0.2814      0.1988
 150      0.0779        0.9432  |   -0.0045/  0.0575/  0.0768            0.0768          -0.2359     0.0093  |       0.2776      0.1988
 151      0.0653        0.9518  |    0.1005/  0.1537/  0.1763            0.1763          -0.2049     0.0126  |       0.2781      0.1988
 152      0.0791        0.9483  |    0.1214/  0.2133/  0.2372            0.2372          -0.1748     0.0092  |       0.2777      0.1988
 153      0.0795        0.9845  |    0.0881/  0.1386/  0.1603            0.1603          -0.1979     0.0141  |       0.2776      0.1988
 154      0.0878        0.9501  |    0.2457/  0.3018/  0.3301            0.3301          -0.0637     0.0093  |       0.2755      0.1988
 155      0.0708        0.9037  |    0.1508/  0.2001/  0.2243            0.2243          -0.1902     0.0157  |       0.2793      0.1988
 156      0.0690        0.9076  |   -0.2257/ -0.1856/ -0.1656           -0.1656          -0.3621     0.0189  |       0.2834      0.1988
 157      0.0598        0.8861  |    0.0518/  0.0860/  0.1070            0.1070          -0.2493     0.0189  |       0.2781      0.1988
 158      0.0860        0.8450  |   -0.0625/ -0.0236/ -0.0040           -0.0040          -0.2500     0.0160  |       0.2723      0.1988
 159      0.0766        0.9013  |    0.0832/  0.1135/  0.1339            0.1339          -0.1463     0.0174  |       0.2688      0.1988
 160      0.0692        0.9366  |    0.2080/  0.2515/  0.2777            0.2777          -0.0729     0.0177  |       0.2672      0.1988
 161      0.0832        0.9382  |    0.1135/  0.1439/  0.1645            0.1645          -0.1087     0.0087  |       0.2688      0.1988
 162      0.0806        0.9228  |    0.0816/  0.1341/  0.1563            0.1563          -0.1270     0.0173  |       0.2710      0.1988
 163      0.1082        0.9145  |    0.1933/  0.2486/  0.2756            0.2756          -0.0794     0.0102  |       0.2737      0.1988
 164      0.1079        0.9468  |    0.0463/  0.0806/  0.1020            0.1020          -0.1619     0.0100  |       0.2726      0.1988
 165      0.1085        0.9624  |    0.1806/  0.2145/  0.2387            0.2387          -0.1165     0.0106  |       0.2729      0.1988
 166      0.0978        0.9706  |    0.0563/  0.0974/  0.1172            0.1172          -0.1651     0.0176  |       0.2725      0.1988
 167      0.0904        0.9468  |    0.2069/  0.2462/  0.2678            0.2678          -0.1027     0.0123  |       0.2742      0.1988
 168      0.0676        0.9177  |    0.0889/  0.1759/  0.1995            0.1995          -0.1909     0.0084  |       0.2779      0.1988
 169      0.0590        0.9584  |    0.1934/  0.2496/  0.2735            0.2735          -0.2095     0.0114  |       0.2791      0.1988
 170      0.0693        0.9284  |   -0.1707/ -0.1391/ -0.1204           -0.1204          -0.3263     0.0155  |       0.2819      0.1988
 171      0.1059        0.8203  |    0.1895/  0.2229/  0.2492            0.2492          -0.0794     0.0183  |       0.2737      0.1988
 172      0.0908        0.9506  |    0.1423/  0.1984/  0.2206            0.2206          -0.2021     0.0147  |       0.2745      0.1988
 173      0.0768        0.9279  |    0.1549/  0.2033/  0.2297            0.2297          -0.1532     0.0110  |       0.2769      0.1988
 174      0.0717        0.9180  |   -0.0208/  0.0555/  0.0747            0.0747          -0.2719     0.0082  |       0.2794      0.1988
 175      0.0758        0.9590  |    0.0877/  0.1377/  0.1576            0.1576          -0.2696     0.0161  |       0.2804      0.1988
 176      0.0762        0.9690  |    0.0809/  0.1219/  0.1408            0.1408          -0.2656     0.0127  |       0.2815      0.1988
 177      0.0758        0.9547  |   -0.1942/ -0.1436/ -0.1266           -0.1266          -0.3593     0.0181  |       0.2833      0.1988
 178      0.0901        0.8646  |    0.2256/  0.2777/  0.3028            0.3028          -0.1285     0.0152  |       0.2756      0.1988
 179      0.1032        0.9130  |    0.0666/  0.1666/  0.1892            0.1892          -0.1870     0.0120  |       0.2730      0.1988
 180      0.1086        0.9600  |    0.2399/  0.2951/  0.3191            0.3191          -0.0602     0.0115  |       0.2738      0.1988
 181      0.0823        0.9531  |    0.0533/  0.0976/  0.1194            0.1194          -0.1717     0.0084  |       0.2752      0.1988
 182      0.0860        0.9585  |    0.0949/  0.1433/  0.1619            0.1619          -0.1981     0.0104  |       0.2765      0.1988
 183      0.0826        0.9836  |    0.0716/  0.1246/  0.1488            0.1488          -0.2048     0.0156  |       0.2762      0.1988
 184      0.0901        0.9603  |    0.1137/  0.2208/  0.2462            0.2462          -0.2084     0.0059  |       0.2747      0.1988
 185      0.0843        0.9861  |    0.1161/  0.2056/  0.2306            0.2306          -0.1969     0.0104  |       0.2746      0.1988
 186      0.0985        0.9586  |    0.1990/  0.2405/  0.2672            0.2672          -0.0913     0.0099  |       0.2741      0.1988
 187      0.0675        0.8905  |    0.0806/  0.1607/  0.1915            0.1915          -0.2545     0.0130  |       0.2780      0.1988
 188      0.0836        0.9332  |    0.0725/  0.1345/  0.1577            0.1577          -0.2505     0.0075  |       0.2807      0.1988
 189      0.0670        0.9631  |    0.0695/  0.1572/  0.1800            0.1800          -0.2317     0.0098  |       0.2793      0.1988
 190      0.0678        0.9894  |    0.1213/  0.1610/  0.1826            0.1826          -0.2118     0.0155  |       0.2792      0.1988
 191      0.0561        0.9637  |   -0.0154/  0.0336/  0.0576            0.0576          -0.2948     0.0128  |       0.2797      0.1988
 192      0.0837        0.9163  |    0.1102/  0.1461/  0.1648            0.1648          -0.2390     0.0079  |       0.2774      0.1988
 193      0.1156        0.8749  |    0.1539/  0.2021/  0.2275            0.2275          -0.1034     0.0138  |       0.2728      0.1988
 194      0.0970        0.9573  |   -0.0277/  0.0409/  0.0594            0.0594          -0.2475     0.0125  |       0.2731      0.1988
 195      0.0699        0.9035  |    0.0832/  0.1212/  0.1469            0.1469          -0.1556     0.0180  |       0.2701      0.1988
 196      0.1101        0.8968  |    0.0914/  0.1428/  0.1628            0.1628          -0.1543     0.0191  |       0.2734      0.1988
 197      0.0688        0.8806  |    0.0498/  0.1045/  0.1229            0.1229          -0.1852     0.0116  |       0.2692      0.1988
 198      0.0778        0.9633  |    0.1685/  0.2075/  0.2322            0.2322          -0.1264     0.0220  |       0.2690      0.1988
 199      0.0638        0.9459  |    0.0635/  0.0948/  0.1133            0.1133          -0.1873     0.0115  |       0.2677      0.1988
 200      0.1093        0.9306  |    0.4237/  0.4499/  0.4695            0.4695           0.1501     0.0105  |       0.2663      0.1988
 201      0.0647        0.9481  |    0.1045/  0.1385/  0.1593            0.1593          -0.1855     0.0129  |       0.2667      0.1988
 202      0.0704        0.9283  |    0.1242/  0.1669/  0.1880            0.1880          -0.1690     0.0132  |       0.2692      0.1988
 203      0.0849        0.9612  |    0.1457/  0.1861/  0.2073            0.2073          -0.0852     0.0177  |       0.2689      0.1988
 204      0.0678        0.9780  |    0.0400/  0.0881/  0.1081            0.1081          -0.1691     0.0071  |       0.2688      0.1988
 205      0.0723        0.9614  |    0.0550/  0.0849/  0.1031            0.1031          -0.1506     0.0229  |       0.2699      0.1988
 206      0.1144        0.8825  |    0.4510/  0.4796/  0.4978            0.4978           0.1473     0.0146  |       0.2662      0.1988
 207      0.0872        0.8801  |    0.1406/  0.1910/  0.2207            0.2207          -0.0837     0.0159  |       0.2712      0.1988
 208      0.0808        0.8498  |    0.0605/  0.1042/  0.1333            0.1333          -0.1874     0.0117  |       0.2765      0.1988
 209      0.0624        0.9413  |    0.0393/  0.0913/  0.1122            0.1122          -0.2690     0.0050  |       0.2788      0.1988
 210      0.0760        0.9521  |    0.0651/  0.1492/  0.1732            0.1732          -0.1740     0.0132  |       0.2771      0.1988
 211      0.0921        0.9340  |    0.1490/  0.2724/  0.2973            0.2973          -0.1472     0.0147  |       0.2750      0.1988
 212      0.0660        0.8782  |    0.0713/  0.1781/  0.2054            0.2054          -0.2439     0.0128  |       0.2790      0.1988
 213      0.0736        0.8886  |   -0.2105/ -0.1735/ -0.1566           -0.1566          -0.3648     0.0211  |       0.2833      0.1988
 214      0.0742        0.9255  |   -0.0116/  0.0656/  0.0876            0.0876          -0.2623     0.0150  |       0.2805      0.1988
 215      0.1123        0.8201  |    0.1758/  0.2162/  0.2366            0.2366          -0.0996     0.0157  |       0.2728      0.1988
 216      0.1093        0.9625  |    0.1833/  0.2180/  0.2429            0.2429          -0.1436     0.0163  |       0.2720      0.1988
 217      0.0865        0.9360  |    0.1647/  0.2150/  0.2407            0.2407          -0.1946     0.0143  |       0.2746      0.1988
 218      0.0871        0.9406  |    0.2471/  0.2969/  0.3185            0.3185          -0.1166     0.0125  |       0.2756      0.1988
 219      0.0684        0.8922  |   -0.0125/  0.0256/  0.0460            0.0460          -0.2592     0.0085  |       0.2795      0.1988
 220      0.0861        0.9159  |    0.2143/  0.2609/  0.2919            0.2919          -0.1558     0.0072  |       0.2773      0.1988
 221      0.0706        0.9286  |   -0.0781/ -0.0306/ -0.0127           -0.0127          -0.2786     0.0242  |       0.2814      0.1988
 222      0.0762        0.9687  |    0.2673/  0.3170/  0.3461            0.3461          -0.1073     0.0137  |       0.2802      0.1988
 223      0.0686        0.9252  |   -0.2116/ -0.1797/ -0.1592           -0.1592          -0.3657     0.0162  |       0.2836      0.1988
 224      0.0856        0.8656  |    0.2068/  0.2685/  0.3002            0.3002          -0.1532     0.0236  |       0.2773      0.1988
 225      0.0716        0.9334  |    0.0410/  0.0935/  0.1161            0.1161          -0.2037     0.0094  |       0.2803      0.1988
 226      0.0809        0.9333  |    0.0452/  0.1032/  0.1228            0.1228          -0.2058     0.0167  |       0.2772      0.1988
 227      0.0652        0.9336  |    0.0353/  0.1242/  0.1484            0.1484          -0.2483     0.0127  |       0.2793      0.1988
 228      0.0694        0.9760  |    0.1432/  0.1941/  0.2131            0.2131          -0.2044     0.0095  |       0.2800      0.1988
 229      0.0679        0.9676  |    0.0586/  0.1135/  0.1388            0.1388          -0.2411     0.0098  |       0.2792      0.1988
 230      0.0652        0.9727  |    0.0694/  0.1491/  0.1777            0.1777          -0.2557     0.0095  |       0.2794      0.1988
 231      0.0816        0.9048  |    0.0899/  0.1466/  0.1718            0.1718          -0.1733     0.0122  |       0.2762      0.1988
 232      0.0726        0.9437  |    0.1223/  0.2262/  0.2525            0.2525          -0.2004     0.0123  |       0.2780      0.1988
 233      0.0735        0.9533  |    0.1072/  0.1520/  0.1845            0.1845          -0.1823     0.0095  |       0.2771      0.1988
 234      0.0729        0.9571  |    0.1956/  0.2454/  0.2663            0.2663          -0.1685     0.0111  |       0.2779      0.1988
 235      0.1020        0.9583  |    0.0453/  0.1104/  0.1320            0.1320          -0.1892     0.0057  |       0.2768      0.1988
 236      0.0919        0.9621  |    0.1453/  0.1939/  0.2163            0.2163          -0.1513     0.0078  |       0.2761      0.1988
 237      0.0818        0.9913  |    0.0949/  0.1325/  0.1521            0.1521          -0.1766     0.0155  |       0.2762      0.1988
 238      0.0815        0.9678  |    0.1843/  0.2342/  0.2576            0.2576          -0.1922     0.0152  |       0.2758      0.1988
 239      0.1068        0.8999  |    0.1054/  0.1507/  0.1766            0.1766          -0.1625     0.0156  |       0.2720      0.1988
 240      0.0837        0.9231  |    0.1736/  0.2191/  0.2413            0.2413          -0.1911     0.0148  |       0.2746      0.1988
 241      0.1022        0.9585  |    0.1522/  0.1946/  0.2163            0.2163          -0.0998     0.0057  |       0.2735      0.1988
 242      0.0802        0.9487  |    0.0753/  0.1527/  0.1777            0.1777          -0.1688     0.0140  |       0.2762      0.1988
 243      0.1001        0.9190  |    0.0426/  0.0783/  0.0976            0.0976          -0.1900     0.0203  |       0.2725      0.1988
 244      0.0834        0.9504  |    0.3206/  0.3664/  0.3946            0.3946          -0.0370     0.0095  |       0.2743      0.1988
 245      0.1082        0.9688  |    0.0683/  0.1356/  0.1580            0.1580          -0.1609     0.0184  |       0.2734      0.1988
 246      0.0853        0.9524  |    0.1782/  0.2213/  0.2416            0.2416          -0.1884     0.0132  |       0.2746      0.1988
 247      0.1052        0.9040  |    0.2504/  0.2887/  0.3113            0.3113           0.0217     0.0106  |       0.2714      0.1988
 248      0.0815        0.8878  |    0.0659/  0.1116/  0.1315            0.1315          -0.1685     0.0124  |       0.2752      0.1988
 249      0.0700        0.8984  |   -0.0053/  0.0598/  0.0861            0.0861          -0.2727     0.0106  |       0.2795      0.1988
 250      0.0854        0.8999  |    0.1475/  0.2032/  0.2266            0.2266          -0.2068     0.0106  |       0.2760      0.1988
 251      0.1034        0.9560  |    0.2798/  0.3387/  0.3642            0.3642          -0.0009     0.0084  |       0.2740      0.1988
 252      0.0840        0.9582  |    0.0947/  0.1707/  0.1909            0.1909          -0.1529     0.0144  |       0.2762      0.1988
 253      0.0698        0.8780  |   -0.0194/  0.0198/  0.0430            0.0430          -0.3024     0.0178  |       0.2817      0.1988
 254      0.0576        0.9072  |    0.0862/  0.1514/  0.1760            0.1760          -0.2941     0.0093  |       0.2783      0.1988
 255      0.0647        0.9749  |    0.0870/  0.1414/  0.1674            0.1674          -0.2169     0.0136  |       0.2779      0.1988
 256      0.0900        0.9365  |    0.1634/  0.2088/  0.2277            0.2277          -0.0870     0.0061  |       0.2754      0.1988
 257      0.0855        0.9208  |    0.1313/  0.2080/  0.2324            0.2324          -0.1890     0.0137  |       0.2746      0.1988
 258      0.0746        0.9392  |    0.1224/  0.1801/  0.2044            0.2044          -0.2007     0.0124  |       0.2777      0.1988
 259      0.0846        0.9610  |    0.1071/  0.1640/  0.1817            0.1817          -0.1990     0.0184  |       0.2761      0.1988
 260      0.1085        0.9456  |    0.0613/  0.0930/  0.1118            0.1118          -0.1780     0.0093  |       0.2734      0.1988
 261      0.0753        0.9339  |    0.0776/  0.1150/  0.1344            0.1344          -0.2207     0.0096  |       0.2765      0.1988
 262      0.0951        0.9684  |    0.1993/  0.2478/  0.2706            0.2706          -0.0892     0.0103  |       0.2755      0.1988
 263      0.0847        0.9648  |    0.2063/  0.2787/  0.3013            0.3013          -0.1899     0.0125  |       0.2760      0.1988
 264      0.0745        0.9130  |    0.0180/  0.0481/  0.0675            0.0675          -0.2899     0.0109  |       0.2808      0.1988
 265      0.0695        0.9567  |    0.0929/  0.1351/  0.1596            0.1596          -0.2556     0.0179  |       0.2794      0.1988
 266      0.0705        0.9754  |    0.1975/  0.2569/  0.2832            0.2832          -0.2040     0.0099  |       0.2791      0.1988
 267      0.0716        0.8781  |   -0.2100/ -0.1465/ -0.1268           -0.1268          -0.3824     0.0155  |       0.2841      0.1988
 268      0.0739        0.9446  |   -0.0463/  0.0011/  0.0180            0.0180          -0.2804     0.0179  |       0.2814      0.1988
 269      0.0887        0.9176  |    0.2616/  0.3034/  0.3274            0.3274          -0.1097     0.0135  |       0.2756      0.1988
 270      0.0681        0.8824  |    0.1371/  0.1943/  0.2174            0.2174          -0.2469     0.0133  |       0.2790      0.1988
 271      0.0787        0.9461  |   -0.0038/  0.0592/  0.0810            0.0810          -0.2632     0.0155  |       0.2805      0.1988
 272      0.0641        0.9715  |    0.1840/  0.2228/  0.2430            0.2430          -0.1998     0.0098  |       0.2801      0.1988
 273      0.0825        0.9695  |    0.0810/  0.1389/  0.1604            0.1604          -0.2628     0.0133  |       0.2807      0.1988
 274      0.0664        0.9634  |   -0.0034/  0.0443/  0.0683            0.0683          -0.2672     0.0080  |       0.2795      0.1988
 275      0.0691        0.9312  |    0.0347/  0.0699/  0.0933            0.0933          -0.2634     0.0126  |       0.2775      0.1988
 276      0.1065        0.9235  |    0.2156/  0.2789/  0.3049            0.3049          -0.0784     0.0130  |       0.2739      0.1988
 277      0.0901        0.9416  |    0.0377/  0.0824/  0.1039            0.1039          -0.1840     0.0149  |       0.2725      0.1988
 278      0.0825        0.9381  |    0.1123/  0.1526/  0.1780            0.1780          -0.1015     0.0139  |       0.2697      0.1988
 279      0.1073        0.9241  |    0.1608/  0.1925/  0.2178            0.2178          -0.1527     0.0115  |       0.2720      0.1988
 280      0.1031        0.9765  |    0.1910/  0.2520/  0.2798            0.2798          -0.1357     0.0186  |       0.2730      0.1988
 281      0.1082        0.9649  |   -0.0114/  0.0312/  0.0505            0.0505          -0.1965     0.0202  |       0.2727      0.1988
 282      0.0851        0.9262  |    0.1491/  0.2041/  0.2363            0.2363          -0.0709     0.0078  |       0.2713      0.1988
 283      0.0950        0.9679  |   -0.0192/  0.0183/  0.0344            0.0344          -0.2076     0.0088  |       0.2718      0.1988
 284      0.1088        0.9690  |    0.1056/  0.1820/  0.2056            0.2056          -0.1373     0.0186  |       0.2733      0.1988
 285      0.0737        0.8726  |    0.0730/  0.1074/  0.1334            0.1334          -0.1697     0.0132  |       0.2677      0.1988
 286      0.0720        0.9547  |    0.0490/  0.0776/  0.0972            0.0972          -0.2194     0.0203  |       0.2681      0.1988
 287      0.0676        0.9543  |    0.0199/  0.0654/  0.0877            0.0877          -0.1594     0.0137  |       0.2694      0.1988
 288      0.1086        0.8736  |    0.3742/  0.4250/  0.4509            0.4509           0.0608     0.0112  |       0.2637      0.1988
 289      0.1069        0.9678  |    0.4361/  0.4761/  0.4995            0.4995           0.0728     0.0138  |       0.2632      0.1988
 290      0.0683        0.9054  |    0.0953/  0.1444/  0.1663            0.1663          -0.1653     0.0160  |       0.2670      0.1988
 291      0.1102        0.9420  |    0.2949/  0.3540/  0.3740            0.3740           0.0328     0.0072  |       0.2646      0.1988
 292      0.1030        0.9682  |    0.2921/  0.3460/  0.3691            0.3691          -0.0179     0.0147  |       0.2658      0.1988
 293      0.0696        0.8761  |    0.0691/  0.1255/  0.1504            0.1504          -0.1356     0.0142  |       0.2695      0.1988
 294      0.0893        0.9213  |   -0.0175/  0.0140/  0.0344            0.0344          -0.2018     0.0101  |       0.2722      0.1988
 295      0.0751        0.9050  |    0.0642/  0.0979/  0.1201            0.1201          -0.1654     0.0184  |       0.2688      0.1988
 296      0.1020        0.9118  |    0.2789/  0.3327/  0.3573            0.3573          -0.0616     0.0200  |       0.2656      0.1988
 297      0.1061        0.9510  |    0.3482/  0.3869/  0.4069            0.4069          -0.0286     0.0051  |       0.2650      0.1988
 298      0.0682        0.9103  |    0.2445/  0.2738/  0.2938            0.2938          -0.0828     0.0154  |       0.2673      0.1988
 299      0.0750        0.9568  |    0.1613/  0.2120/  0.2380            0.2380          -0.1090     0.0152  |       0.2680      0.1988
IMAGEIO FFMPEG_WRITER WARNING: input image is not divisible by macro_block_size=16, resizing from (320, 180) to (320, 192) to ensure video compatibility with most codecs and players. To prevent resizing, make your input image divisible by the macro_block_size or set the macro_block_size to 1 (risking incompatibility).

Saved 300 frames -> /home/ashwink/Documents/swms/SWM_copy/rollouts_5_per/expert-only/epoch4/epoch4_rollout1_failure.mp4
min dist(green_cube,blue_moon) over episode = 0.1988  ->  FAILURE
Full log written to /home/ashwink/Documents/swms/SWM_copy/rollouts_5_per/expert-only/epoch4/epoch4_rollout1_20260723_122725.log
Result json -> /home/ashwink/Documents/swms/SWM_copy/rollouts_5_per/expert-only/epoch4/epoch4_rollout1_result.json
