Checkpoint dir epoch: 4  Rollout: 2
Logging to /home/ashwink/Documents/swms/SWM_copy/rollouts_5_per/expert-only/epoch4/epoch4_rollout2_20260723_122848.log
Goal (fixed, steps 0-299): the green cube is touching the blue moon. the peg is touching the green cube.

Checkpoint: /home/ashwink/Documents/swms/SWM_copy/training/checkpoints_clip_full_finetuned_wider_hl/epoch_004.pt
  epoch=4  step=4290

Loading CLIP ViT-L/14 (datacomp_xl_s13b_b90k) + fine-tuned clip_state_dict ...
Parsing model identifier. Schema: None, Identifier: ViT-L-14
Loaded built-in ViT-L-14 model config.
Instantiating model architecture: CLIP
Loading full pretrained weights from: /home/ashwink/.cache/huggingface/hub/models--laion--CLIP-ViT-L-14-DataComp.XL-s13B-b90K/snapshots/84c9828e63dc9a9351d1fe637c346d4c1c4db341/open_clip_pytorch_model.bin
Final image preprocessing configuration set: {'size': (224, 224), 'mode': 'RGB', 'mean': (0.48145466, 0.4578275, 0.40821073), 'std': (0.26862954, 0.26130258, 0.27577711), 'interpolation': 'bicubic', 'resize_mode': 'shortest', 'fill_color': 0}
Model ViT-L-14 creation process complete.
Parsing tokenizer identifier. Schema: None, Identifier: ViT-L-14
Attempting to load config from built-in: ViT-L-14
Using default SimpleTokenizer.
z_star shape: torch.Size([768])

Loading action stats from /home/ashwink/full_data_5000/langtable/demos/ ...
  lo=[-0.03372681140899658, -0.03493623435497284]  hi=[0.03496786952018738, 0.03494429588317871]

Initializing LangTable env ...
Loading URDF plane.urdf
Loading URDF /home/ashwink/Documents/swms/.venv/lib/python3.10/site-packages/language_table/environments/utils/../../../language_table/environments/assets/workspace_real.urdf
Loading URDF xarm/xarm6_robot_white.urdf
Loading URDF /home/ashwink/Documents/swms/.venv/lib/python3.10/site-packages/language_table/environments/utils/../../../language_table/environments/assets/suction/cylinder_real.urdf
Loading URDF /home/ashwink/Documents/swms/.venv/lib/python3.10/site-packages/language_table/environments/utils/../../../language_table/environments/assets/blocks/red_moon.urdf
Loading URDF /home/ashwink/Documents/swms/.venv/lib/python3.10/site-packages/language_table/environments/utils/../../../language_table/environments/assets/blocks/red_cube.urdf
Loading URDF /home/ashwink/Documents/swms/.venv/lib/python3.10/site-packages/language_table/environments/utils/../../../language_table/environments/assets/blocks/red_star.urdf
Loading URDF /home/ashwink/Documents/swms/.venv/lib/python3.10/site-packages/language_table/environments/utils/../../../language_table/environments/assets/blocks/red_pentagon.urdf
Loading URDF /home/ashwink/Documents/swms/.venv/lib/python3.10/site-packages/language_table/environments/utils/../../../language_table/environments/assets/blocks/blue_moon.urdf
Loading URDF /home/ashwink/Documents/swms/.venv/lib/python3.10/site-packages/language_table/environments/utils/../../../language_table/environments/assets/blocks/blue_cube.urdf
Loading URDF /home/ashwink/Documents/swms/.venv/lib/python3.10/site-packages/language_table/environments/utils/../../../language_table/environments/assets/blocks/blue_star.urdf
Loading URDF /home/ashwink/Documents/swms/.venv/lib/python3.10/site-packages/language_table/environments/utils/../../../language_table/environments/assets/blocks/blue_pentagon.urdf
Loading URDF /home/ashwink/Documents/swms/.venv/lib/python3.10/site-packages/language_table/environments/utils/../../../language_table/environments/assets/blocks/yellow_moon.urdf
Loading URDF /home/ashwink/Documents/swms/.venv/lib/python3.10/site-packages/language_table/environments/utils/../../../language_table/environments/assets/blocks/yellow_cube.urdf
Loading URDF /home/ashwink/Documents/swms/.venv/lib/python3.10/site-packages/language_table/environments/utils/../../../language_table/environments/assets/blocks/yellow_star.urdf
Loading URDF /home/ashwink/Documents/swms/.venv/lib/python3.10/site-packages/language_table/environments/utils/../../../language_table/environments/assets/blocks/yellow_pentagon.urdf
Loading URDF /home/ashwink/Documents/swms/.venv/lib/python3.10/site-packages/language_table/environments/utils/../../../language_table/environments/assets/blocks/green_moon.urdf
Loading URDF /home/ashwink/Documents/swms/.venv/lib/python3.10/site-packages/language_table/environments/utils/../../../language_table/environments/assets/blocks/green_cube.urdf
Loading URDF /home/ashwink/Documents/swms/.venv/lib/python3.10/site-packages/language_table/environments/utils/../../../language_table/environments/assets/blocks/green_star.urdf
Loading URDF /home/ashwink/Documents/swms/.venv/lib/python3.10/site-packages/language_table/environments/utils/../../../language_table/environments/assets/blocks/green_pentagon.urdf
Loading URDF /home/ashwink/Documents/swms/.venv/lib/python3.10/site-packages/language_table/environments/utils/../../../language_table/environments/assets/blocks/purple_moon.urdf
Loading URDF /home/ashwink/Documents/swms/.venv/lib/python3.10/site-packages/language_table/environments/utils/../../../language_table/environments/assets/blocks/purple_cube.urdf
Loading URDF /home/ashwink/Documents/swms/.venv/lib/python3.10/site-packages/language_table/environments/utils/../../../language_table/environments/assets/blocks/purple_star.urdf
Loading URDF /home/ashwink/Documents/swms/.venv/lib/python3.10/site-packages/language_table/environments/utils/../../../language_table/environments/assets/blocks/purple_pentagon.urdf
Env ready.

Forced peg start: [0.42843915 0.24419614]  (green_cube=[0.40339102 0.18967466], blue_moon=[0.32039625 0.00902261])
  dist(peg,green_cube)=0.0600  dist(peg,blue_moon)=0.2588  dist(green_cube,blue_moon)=0.1988

step  cos(zt,z*)  cos(zt,zt-1)  |   cos(predK,z*) min/mean/max  cos(pred_sel,z*)   cos(zpred0,z*)  ||a_raw||  |  dist(peg,A)   dist(A,B)
-------------------------------------------------------------------------------------------------------------------------------------------------------------------------------
   0      0.1409           nan  |    0.5552/  0.7434/  0.7589            0.7589           0.5137     0.0179  |       0.0587      0.1988
   1      0.1457        0.9957  |    0.6692/  0.7075/  0.7225            0.7225           0.5059     0.0036  |       0.0626      0.1988
   2      0.1475        0.9970  |    0.6451/  0.7001/  0.7135            0.7135           0.4997     0.0083  |       0.0598      0.1988
   3      0.1431        0.9939  |    0.6579/  0.7096/  0.7255            0.7255           0.5150     0.0120  |       0.0625      0.1988
   4      0.1462        0.9956  |    0.6282/  0.7096/  0.7269            0.7269           0.5122     0.0114  |       0.0643      0.1988
   5      0.1444        0.9921  |    0.6390/  0.7320/  0.7462            0.7462           0.5232     0.0019  |       0.0570      0.1988
   6      0.1473        0.9972  |    0.6395/  0.7268/  0.7415            0.7415           0.5276     0.0033  |       0.0548      0.1988
   7      0.1430        0.9967  |    0.6607/  0.7282/  0.7455            0.7455           0.5263     0.0081  |       0.0569      0.1988
   8      0.1495        0.9928  |    0.6657/  0.7124/  0.7282            0.7282           0.5234     0.0079  |       0.0633      0.1988
   9      0.1422        0.9831  |    0.6177/  0.6957/  0.7133            0.7133           0.5167     0.0030  |       0.0653      0.1988
  10      0.1515        0.9898  |    0.6558/  0.7058/  0.7206            0.7206           0.5224     0.0047  |       0.0645      0.1988
  11      0.1529        0.9948  |    0.6067/  0.7049/  0.7227            0.7227           0.5182     0.0070  |       0.0604      0.1988
  12      0.1548        0.9926  |    0.6365/  0.7073/  0.7233            0.7233           0.5249     0.0040  |       0.0664      0.1988
  13      0.1537        0.9925  |    0.6063/  0.6998/  0.7143            0.7143           0.5210     0.0089  |       0.0681      0.1988
  14      0.1366        0.8819  |    0.5873/  0.6381/  0.6613            0.6613           0.3381     0.0070  |       0.0704      0.1988
  15      0.1310        0.9641  |    0.5209/  0.5530/  0.5721            0.5721           0.2963     0.0039  |       0.0670      0.1988
  16      0.1456        0.9751  |    0.6359/  0.6692/  0.6834            0.6834           0.4601     0.0113  |       0.0643      0.1988
  17      0.0916        0.9150  |    0.3408/  0.3751/  0.3963            0.3963           0.1542     0.0075  |       0.0687      0.1988
  18      0.0787        0.9449  |    0.0411/  0.0704/  0.0942            0.0942          -0.1237     0.0108  |       0.0725      0.1988
  19      0.0405        0.9283  |   -0.0012/  0.0450/  0.0684            0.0684          -0.1909     0.0044  |       0.0803      0.1988
  20      0.0441        0.9766  |    0.0170/  0.0607/  0.0829            0.0829          -0.2212     0.0040  |       0.0840      0.1988
  21      0.0184        0.9546  |   -0.0645/ -0.0251/ -0.0088           -0.0088          -0.2704     0.0109  |       0.0828      0.1988
  22      0.0174        0.9439  |   -0.0600/ -0.0086/  0.0118            0.0118          -0.2548     0.0067  |       0.0925      0.1988
  23     -0.0133        0.9405  |   -0.0724/ -0.0027/  0.0256            0.0256          -0.3701     0.0119  |       0.0981      0.1988
  24     -0.0013        0.9141  |   -0.2158/ -0.1714/ -0.1492           -0.1492          -0.4057     0.0138  |       0.1094      0.1988
  25     -0.0258        0.9428  |   -0.2009/ -0.1202/ -0.0929           -0.0929          -0.3697     0.0158  |       0.1221      0.1988
  26      0.0560        0.8494  |    0.1627/  0.2353/  0.2849            0.2849           0.0224     0.0073  |       0.1329      0.1988
  27      0.0161        0.9451  |    0.1665/  0.2017/  0.2366            0.2366          -0.1345     0.0092  |       0.1372      0.1988
  28     -0.0104        0.9366  |   -0.0444/ -0.0161/  0.0010            0.0010          -0.3151     0.0212  |       0.1318      0.1988
  29     -0.0666        0.8795  |   -0.1565/ -0.1298/ -0.1039           -0.1039          -0.3742     0.0226  |       0.1179      0.1988
  30     -0.0765        0.8722  |   -0.1917/ -0.1729/ -0.1602           -0.1602          -0.4160     0.0303  |       0.0972      0.1988
  31      0.0699        0.7763  |   -0.0411/ -0.0136/  0.0032            0.0032          -0.2801     0.0245  |       0.0707      0.1988
  32      0.0969        0.8935  |    0.1855/  0.2149/  0.2432            0.2432          -0.1336     0.0166  |       0.0550      0.1988
  33      0.1194        0.9436  |    0.1715/  0.2219/  0.2514            0.2514          -0.1254     0.0161  |       0.0411      0.1988
  34      0.0788        0.9370  |    0.1550/  0.1905/  0.2196            0.2196          -0.1814     0.0184  |       0.0526      0.1988
  35      0.0558        0.8852  |    0.1624/  0.2020/  0.2200            0.2200          -0.2885     0.0209  |       0.0541      0.1988
  36      0.0483        0.9014  |   -0.0814/ -0.0300/  0.0018            0.0018          -0.3147     0.0086  |       0.0642      0.1988
  37      0.0167        0.9232  |   -0.0747/ -0.0211/  0.0079            0.0079          -0.3361     0.0009  |       0.0699      0.1988
  38      0.0228        0.9722  |   -0.1508/ -0.0861/ -0.0604           -0.0604          -0.3619     0.0175  |       0.0702      0.1988
  39      0.0349        0.8822  |   -0.0817/ -0.0075/  0.0297            0.0297          -0.3213     0.0156  |       0.0702      0.1988
  40      0.0384        0.8905  |   -0.0294/  0.0430/  0.0732            0.0732          -0.3152     0.0245  |       0.0779      0.1988
  41      0.0142        0.8825  |   -0.0649/ -0.0549/ -0.0462           -0.0462          -0.3305     0.0178  |       0.0863      0.1988
  42     -0.0113        0.8853  |   -0.1940/ -0.0286/  0.0101            0.0101          -0.4144     0.0183  |       0.1026      0.1988
  43     -0.0368        0.8299  |   -0.2878/ -0.1158/ -0.0910           -0.0910          -0.3324     0.0083  |       0.1207      0.1988
  44     -0.0654        0.9303  |   -0.2155/ -0.1279/ -0.1090           -0.1090          -0.3304     0.0104  |       0.1257      0.1988
  45     -0.0367        0.8879  |   -0.3494/ -0.1134/ -0.0889           -0.0889          -0.3581     0.0135  |       0.1296      0.1988
  46     -0.0619        0.8602  |   -0.1526/ -0.0955/ -0.0752           -0.0752          -0.3014     0.0074  |       0.1352      0.1988
  47     -0.0407        0.9130  |   -0.1498/ -0.0998/ -0.0658           -0.0658          -0.3534     0.0066  |       0.1425      0.1988
  48     -0.0436        0.8580  |   -0.2570/ -0.2238/ -0.1967           -0.1967          -0.3659     0.0094  |       0.1483      0.1988
  49     -0.0205        0.8722  |   -0.0984/ -0.0420/ -0.0105           -0.0105          -0.2758     0.0088  |       0.1572      0.1988
  50     -0.0132        0.9055  |   -0.0617/  0.0013/  0.0263            0.0263          -0.2962     0.0067  |       0.1611      0.1988
  51     -0.0428        0.8998  |   -0.2102/ -0.1013/ -0.0799           -0.0799          -0.3617     0.0083  |       0.1674      0.1988
  52     -0.0371        0.8739  |   -0.2376/ -0.1696/ -0.1435           -0.1435          -0.3699     0.0178  |       0.1741      0.1988
  53     -0.0753        0.8477  |   -0.2880/ -0.2219/ -0.1993           -0.1993          -0.3785     0.0100  |       0.1840      0.1988
  54     -0.0512        0.9021  |   -0.3868/ -0.2307/ -0.1993           -0.1993          -0.4531     0.0101  |       0.1920      0.1988
  55     -0.0653        0.8877  |   -0.3421/ -0.2612/ -0.2410           -0.2410          -0.4343     0.0044  |       0.1986      0.1988
  56     -0.0218        0.9341  |   -0.2450/ -0.1883/ -0.1636           -0.1636          -0.4020     0.0175  |       0.2018      0.1988
  57     -0.0478        0.8929  |   -0.2877/ -0.2316/ -0.2100           -0.2100          -0.4115     0.0179  |       0.2138      0.1988
  58     -0.0657        0.9642  |   -0.3954/ -0.2666/ -0.2406           -0.2406          -0.4614     0.0155  |       0.2148      0.1988
  59     -0.0720        0.8530  |   -0.3398/ -0.2506/ -0.2194           -0.2194          -0.4836     0.0150  |       0.2189      0.1988
  60     -0.0465        0.9504  |   -0.3357/ -0.2939/ -0.2631           -0.2631          -0.4885     0.0162  |       0.2205      0.1988
  61     -0.0195        0.9534  |   -0.2821/ -0.2132/ -0.1794           -0.1794          -0.4862     0.0232  |       0.2215      0.1988
  62     -0.0313        0.9930  |   -0.3705/ -0.2970/ -0.2659           -0.2659          -0.4718     0.0118  |       0.2215      0.1988
  63     -0.0570        0.8934  |   -0.4027/ -0.3706/ -0.3548           -0.3548          -0.4440     0.0196  |       0.2250      0.1988
  64     -0.0477        0.7990  |   -0.5111/ -0.4859/ -0.4760           -0.4760          -0.5554     0.0043  |       0.2289      0.1988
  65     -0.0404        0.9446  |   -0.4419/ -0.4244/ -0.4132           -0.4132          -0.5082     0.0145  |       0.2306      0.1988
  66     -0.0282        0.9030  |   -0.4207/ -0.3972/ -0.3809           -0.3809          -0.4686     0.0138  |       0.2337      0.1988
  67     -0.0174        0.9552  |   -0.4524/ -0.4250/ -0.4124           -0.4124          -0.4978     0.0122  |       0.2362      0.1988
  68     -0.0064        0.9818  |   -0.4415/ -0.3988/ -0.3835           -0.3835          -0.4777     0.0272  |       0.2359      0.1988
  69     -0.0235        0.9588  |   -0.4335/ -0.4144/ -0.4014           -0.4014          -0.4849     0.0184  |       0.2364      0.1988
  70     -0.0310        0.9695  |   -0.4278/ -0.4098/ -0.3999           -0.3999          -0.4709     0.0174  |       0.2372      0.1988
  71      0.0475        0.9343  |   -0.4022/ -0.3668/ -0.3546           -0.3546          -0.4803     0.0271  |       0.2398      0.1988
  72     -0.0073        0.9467  |   -0.4421/ -0.4078/ -0.3966           -0.3966          -0.4888     0.0284  |       0.2384      0.1988
  73     -0.0098        0.9838  |   -0.4538/ -0.4042/ -0.3917           -0.3917          -0.4898     0.0233  |       0.2383      0.1988
  74     -0.0116        0.9574  |   -0.4658/ -0.4423/ -0.4313           -0.4313          -0.5035     0.0139  |       0.2366      0.1988
  75      0.0094        0.9571  |   -0.4236/ -0.3996/ -0.3872           -0.3872          -0.4831     0.0247  |       0.2385      0.1988
  76     -0.0021        0.9735  |   -0.4626/ -0.4218/ -0.4082           -0.4082          -0.4904     0.0203  |       0.2390      0.1988
  77      0.0387        0.9555  |   -0.3727/ -0.3419/ -0.3288           -0.3288          -0.4554     0.0246  |       0.2401      0.1988
  78      0.0069        0.9338  |   -0.2951/ -0.2645/ -0.2473           -0.2473          -0.4167     0.0217  |       0.2452      0.1988
  79      0.0375        0.9723  |   -0.3508/ -0.3137/ -0.3011           -0.3011          -0.4121     0.0177  |       0.2455      0.1988
  80      0.0683        0.9259  |   -0.1909/ -0.1593/ -0.1399           -0.1399          -0.3261     0.0163  |       0.2487      0.1988
  81      0.0396        0.9211  |   -0.2533/ -0.2232/ -0.2059           -0.2059          -0.3807     0.0211  |       0.2445      0.1988
  82      0.0369        0.9763  |   -0.3412/ -0.3095/ -0.2945           -0.2945          -0.4099     0.0173  |       0.2455      0.1988
  83      0.0228        0.9655  |   -0.2535/ -0.2095/ -0.1918           -0.1918          -0.3838     0.0135  |       0.2441      0.1988
  84      0.0372        0.9369  |   -0.3662/ -0.3372/ -0.3257           -0.3257          -0.4405     0.0159  |       0.2407      0.1988
  85      0.0367        0.9686  |   -0.3760/ -0.3490/ -0.3373           -0.3373          -0.4345     0.0228  |       0.2411      0.1988
  86      0.0404        0.9462  |   -0.2951/ -0.2635/ -0.2468           -0.2468          -0.4207     0.0232  |       0.2445      0.1988
  87      0.0432        0.9452  |   -0.2743/ -0.2187/ -0.1970           -0.1970          -0.4028     0.0163  |       0.2423      0.1988
  88      0.0380        0.9500  |   -0.3750/ -0.3488/ -0.3370           -0.3370          -0.4556     0.0240  |       0.2405      0.1988
  89     -0.0268        0.9196  |   -0.4124/ -0.3914/ -0.3772           -0.3772          -0.4519     0.0244  |       0.2357      0.1988
  90     -0.0161        0.9512  |   -0.4582/ -0.4411/ -0.4336           -0.4336          -0.5036     0.0280  |       0.2377      0.1988
  91     -0.0187        0.9572  |   -0.4507/ -0.4268/ -0.4147           -0.4147          -0.5032     0.0290  |       0.2361      0.1988
  92     -0.0236        0.9627  |   -0.4483/ -0.4292/ -0.4158           -0.4158          -0.4938     0.0265  |       0.2376      0.1988
  93     -0.0205        0.9451  |   -0.4377/ -0.4181/ -0.4040           -0.4040          -0.4825     0.0226  |       0.2344      0.1988
  94     -0.0136        0.9370  |   -0.4418/ -0.3983/ -0.3847           -0.3847          -0.4924     0.0230  |       0.2380      0.1988
  95     -0.0182        0.9532  |   -0.4548/ -0.4215/ -0.4101           -0.4101          -0.4907     0.0277  |       0.2370      0.1988
  96      0.0207        0.9475  |   -0.4625/ -0.4349/ -0.4232           -0.4232          -0.4840     0.0170  |       0.2388      0.1988
  97     -0.0076        0.9557  |   -0.4228/ -0.3908/ -0.3782           -0.3782          -0.4895     0.0316  |       0.2381      0.1988
  98     -0.0036        0.9557  |   -0.4261/ -0.3993/ -0.3895           -0.3895          -0.4766     0.0230  |       0.2385      0.1988
  99      0.0335        0.9324  |   -0.3254/ -0.2911/ -0.2779           -0.2779          -0.4117     0.0227  |       0.2417      0.1988
 100     -0.0168        0.9189  |   -0.4572/ -0.4301/ -0.4182           -0.4182          -0.5037     0.0197  |       0.2361      0.1988
 101      0.0048        0.9445  |   -0.4337/ -0.4012/ -0.3909           -0.3909          -0.4867     0.0280  |       0.2386      0.1988
 102     -0.0383        0.9576  |   -0.4229/ -0.4070/ -0.3957           -0.3957          -0.4721     0.0271  |       0.2374      0.1988
 103      0.0353        0.9225  |   -0.3063/ -0.2651/ -0.2418           -0.2418          -0.4036     0.0281  |       0.2414      0.1988
 104      0.0492        0.9799  |   -0.3540/ -0.3132/ -0.2985           -0.2985          -0.4288     0.0184  |       0.2406      0.1988
 105     -0.0169        0.9130  |   -0.4908/ -0.4472/ -0.4353           -0.4353          -0.4964     0.0099  |       0.2377      0.1988
 106     -0.0411        0.9625  |   -0.4189/ -0.3935/ -0.3800           -0.3800          -0.4708     0.0282  |       0.2373      0.1988
 107      0.0398        0.9217  |   -0.3606/ -0.3159/ -0.3016           -0.3016          -0.4183     0.0250  |       0.2412      0.1988
 108      0.0279        0.9531  |   -0.2918/ -0.2539/ -0.2357           -0.2357          -0.4091     0.0238  |       0.2425      0.1988
 109      0.0371        0.9855  |   -0.2808/ -0.2507/ -0.2371           -0.2371          -0.3974     0.0221  |       0.2425      0.1988
 110      0.0163        0.9279  |   -0.2952/ -0.2729/ -0.2608           -0.2608          -0.3965     0.0230  |       0.2461      0.1988
 111      0.0676        0.9300  |   -0.1703/ -0.1402/ -0.1252           -0.1252          -0.2363     0.0182  |       0.2478      0.1988
 112      0.0342        0.9396  |   -0.2357/ -0.2026/ -0.1864           -0.1864          -0.3441     0.0182  |       0.2465      0.1988
 113      0.0366        0.9805  |   -0.2715/ -0.2355/ -0.2215           -0.2215          -0.3522     0.0131  |       0.2471      0.1988
 114      0.0469        0.9731  |   -0.2536/ -0.2235/ -0.2124           -0.2124          -0.3107     0.0119  |       0.2477      0.1988
 115      0.0214        0.9444  |   -0.2987/ -0.2739/ -0.2631           -0.2631          -0.3896     0.0243  |       0.2462      0.1988
 116      0.0239        0.9617  |   -0.3108/ -0.2537/ -0.2381           -0.2381          -0.4159     0.0157  |       0.2448      0.1988
 117      0.0255        0.9662  |   -0.3250/ -0.2759/ -0.2636           -0.2636          -0.3884     0.0207  |       0.2459      0.1988
 118      0.0437        0.9519  |   -0.1727/ -0.1174/ -0.1005           -0.1005          -0.3507     0.0187  |       0.2437      0.1988
 119      0.0379        0.9842  |   -0.2326/ -0.1948/ -0.1740           -0.1740          -0.3709     0.0164  |       0.2441      0.1988
 120      0.0527        0.9838  |   -0.1525/ -0.0837/ -0.0617           -0.0617          -0.3642     0.0101  |       0.2437      0.1988
 121      0.0610        0.9782  |   -0.2491/ -0.2101/ -0.1936           -0.1936          -0.3406     0.0088  |       0.2432      0.1988
 122      0.0421        0.9527  |   -0.3435/ -0.2997/ -0.2852           -0.2852          -0.4182     0.0240  |       0.2414      0.1988
 123      0.0279        0.9550  |   -0.4128/ -0.3745/ -0.3611           -0.3611          -0.4662     0.0143  |       0.2394      0.1988
 124     -0.0182        0.9315  |   -0.4801/ -0.4248/ -0.4105           -0.4105          -0.5014     0.0197  |       0.2362      0.1988
 125     -0.0080        0.9641  |   -0.4152/ -0.3679/ -0.3564           -0.3564          -0.4559     0.0268  |       0.2346      0.1988
 126     -0.0137        0.9481  |   -0.4335/ -0.4078/ -0.3976           -0.3976          -0.4640     0.0268  |       0.2357      0.1988
 127     -0.0176        0.9544  |   -0.4558/ -0.4400/ -0.4291           -0.4291          -0.4954     0.0173  |       0.2377      0.1988
 128      0.0404        0.9350  |   -0.4040/ -0.3195/ -0.3033           -0.3033          -0.4493     0.0245  |       0.2402      0.1988
 129     -0.0449        0.9290  |   -0.4310/ -0.4124/ -0.4035           -0.4035          -0.4715     0.0202  |       0.2374      0.1988
 130     -0.0168        0.9530  |   -0.4562/ -0.4131/ -0.4000           -0.4000          -0.4867     0.0255  |       0.2353      0.1988
 131     -0.0132        0.9758  |   -0.4676/ -0.4458/ -0.4356           -0.4356          -0.4962     0.0128  |       0.2350      0.1988
 132     -0.0091        0.9629  |   -0.4591/ -0.4380/ -0.4280           -0.4280          -0.4977     0.0232  |       0.2367      0.1988
 133     -0.0067        0.9597  |   -0.4268/ -0.4053/ -0.3919           -0.3919          -0.4822     0.0289  |       0.2355      0.1988
 134     -0.0233        0.9598  |   -0.4458/ -0.4194/ -0.4084           -0.4084          -0.4892     0.0317  |       0.2371      0.1988
 135     -0.0141        0.9758  |   -0.4712/ -0.4470/ -0.4355           -0.4355          -0.5052     0.0219  |       0.2362      0.1988
 136     -0.0219        0.9345  |   -0.4220/ -0.4037/ -0.3922           -0.3922          -0.4956     0.0234  |       0.2321      0.1988
 137     -0.0177        0.9244  |   -0.4601/ -0.4375/ -0.4250           -0.4250          -0.4931     0.0227  |       0.2345      0.1988
 138      0.0675        0.8989  |   -0.4380/ -0.3934/ -0.3778           -0.3778          -0.4808     0.0206  |       0.2398      0.1988
 139     -0.0080        0.9154  |   -0.4086/ -0.3688/ -0.3548           -0.3548          -0.4910     0.0290  |       0.2380      0.1988
 140      0.0421        0.9061  |   -0.3740/ -0.3533/ -0.3423           -0.3423          -0.4534     0.0166  |       0.2406      0.1988
 141      0.0499        0.9611  |   -0.3621/ -0.2632/ -0.2448           -0.2448          -0.4315     0.0241  |       0.2401      0.1988
 142      0.0260        0.9241  |   -0.4567/ -0.4264/ -0.4064           -0.4064          -0.4779     0.0259  |       0.2387      0.1988
 143     -0.0529        0.8034  |   -0.5017/ -0.4843/ -0.4744           -0.4744          -0.5503     0.0322  |       0.2291      0.1988
 144     -0.0424        0.9161  |   -0.4653/ -0.4478/ -0.4367           -0.4367          -0.4903     0.0103  |       0.2275      0.1988
 145     -0.0595        0.8901  |   -0.3886/ -0.3680/ -0.3526           -0.3526          -0.4440     0.0131  |       0.2256      0.1988
 146     -0.0429        0.7714  |   -0.4032/ -0.3849/ -0.3689           -0.3689          -0.4458     0.0097  |       0.2316      0.1988
 147     -0.0273        0.9297  |   -0.4430/ -0.4234/ -0.4095           -0.4095          -0.5042     0.0150  |       0.2333      0.1988
 148      0.0317        0.8971  |   -0.3794/ -0.3370/ -0.3267           -0.3267          -0.4346     0.0194  |       0.2409      0.1988
 149      0.0416        0.9771  |   -0.3852/ -0.3443/ -0.3318           -0.3318          -0.4481     0.0181  |       0.2405      0.1988
 150      0.0414        0.9781  |   -0.3374/ -0.3096/ -0.2963           -0.2963          -0.4204     0.0283  |       0.2413      0.1988
 151      0.0450        0.9565  |   -0.1182/ -0.0897/ -0.0703           -0.0703          -0.3318     0.0177  |       0.2438      0.1988
 152     -0.0078        0.9043  |   -0.4699/ -0.4499/ -0.4392           -0.4392          -0.4963     0.0172  |       0.2367      0.1988
 153     -0.0073        0.9629  |   -0.4682/ -0.4398/ -0.4294           -0.4294          -0.5011     0.0227  |       0.2352      0.1988
 154     -0.0247        0.9601  |   -0.4533/ -0.4303/ -0.4200           -0.4200          -0.4940     0.0242  |       0.2366      0.1988
 155      0.0692        0.9056  |   -0.4058/ -0.3762/ -0.3590           -0.3590          -0.4621     0.0178  |       0.2399      0.1988
 156     -0.0222        0.9073  |   -0.4676/ -0.4263/ -0.4151           -0.4151          -0.4894     0.0208  |       0.2372      0.1988
 157     -0.0173        0.9655  |   -0.4525/ -0.4278/ -0.4174           -0.4174          -0.4999     0.0240  |       0.2352      0.1988
 158     -0.0102        0.9633  |   -0.4537/ -0.4307/ -0.4202           -0.4202          -0.4889     0.0271  |       0.2369      0.1988
 159      0.0734        0.8870  |   -0.2119/ -0.1734/ -0.1573           -0.1573          -0.3775     0.0355  |       0.2401      0.1988
 160     -0.0194        0.8750  |   -0.4592/ -0.4386/ -0.4275           -0.4275          -0.4926     0.0207  |       0.2370      0.1988
 161     -0.0291        0.9659  |   -0.4289/ -0.4134/ -0.4015           -0.4015          -0.4839     0.0261  |       0.2343      0.1988
 162     -0.0382        0.9387  |   -0.3925/ -0.3523/ -0.3364           -0.3364          -0.4550     0.0081  |       0.2323      0.1988
 163     -0.0179        0.9421  |   -0.4492/ -0.4219/ -0.4113           -0.4113          -0.4839     0.0140  |       0.2337      0.1988
 164     -0.0179        0.9553  |   -0.4222/ -0.3989/ -0.3843           -0.3843          -0.4771     0.0306  |       0.2365      0.1988
 165      0.0066        0.9521  |   -0.4150/ -0.3837/ -0.3723           -0.3723          -0.4816     0.0228  |       0.2387      0.1988
 166      0.0432        0.9307  |   -0.3234/ -0.2905/ -0.2776           -0.2776          -0.4060     0.0178  |       0.2421      0.1988
 167      0.0684        0.9421  |   -0.4287/ -0.3855/ -0.3713           -0.3713          -0.4661     0.0247  |       0.2398      0.1988
 168     -0.0213        0.8984  |   -0.4202/ -0.3936/ -0.3755           -0.3755          -0.4974     0.0298  |       0.2331      0.1988
 169     -0.0220        0.9482  |   -0.4681/ -0.4233/ -0.4120           -0.4120          -0.4840     0.0185  |       0.2369      0.1988
 170     -0.0129        0.9549  |   -0.4757/ -0.4058/ -0.3939           -0.3939          -0.4892     0.0238  |       0.2381      0.1988
 171     -0.0141        0.9054  |   -0.4235/ -0.3821/ -0.3678           -0.3678          -0.4640     0.0123  |       0.2324      0.1988
 172     -0.0230        0.9532  |   -0.4225/ -0.3916/ -0.3779           -0.3779          -0.4766     0.0216  |       0.2338      0.1988
 173     -0.0044        0.9361  |   -0.4488/ -0.4272/ -0.4169           -0.4169          -0.4825     0.0219  |       0.2392      0.1988
 174     -0.0203        0.9343  |   -0.4162/ -0.3897/ -0.3692           -0.3692          -0.4806     0.0282  |       0.2354      0.1988
 175      0.0438        0.8953  |   -0.2175/ -0.1866/ -0.1685           -0.1685          -0.4014     0.0200  |       0.2437      0.1988
 176      0.0497        0.9678  |   -0.2422/ -0.2057/ -0.1869           -0.1869          -0.3554     0.0119  |       0.2445      0.1988
 177      0.0408        0.9647  |   -0.3010/ -0.2742/ -0.2608           -0.2608          -0.3792     0.0199  |       0.2457      0.1988
 178      0.0057        0.9592  |   -0.3087/ -0.2540/ -0.2384           -0.2384          -0.3751     0.0169  |       0.2464      0.1988
 179      0.0369        0.9740  |   -0.2721/ -0.2426/ -0.2320           -0.2320          -0.3539     0.0166  |       0.2476      0.1988
 180      0.0173        0.9678  |   -0.2532/ -0.2288/ -0.2183           -0.2183          -0.3612     0.0233  |       0.2463      0.1988
 181      0.0525        0.9309  |   -0.2597/ -0.2242/ -0.2094           -0.2094          -0.3783     0.0257  |       0.2432      0.1988
 182      0.0415        0.9539  |   -0.3323/ -0.3022/ -0.2898           -0.2898          -0.4119     0.0160  |       0.2413      0.1988
 183      0.0575        0.9493  |   -0.4325/ -0.4056/ -0.3940           -0.3940          -0.4731     0.0223  |       0.2399      0.1988
 184     -0.0101        0.9538  |   -0.4372/ -0.4083/ -0.3964           -0.3964          -0.4829     0.0276  |       0.2392      0.1988
 185     -0.0214        0.9657  |   -0.4504/ -0.4267/ -0.4154           -0.4154          -0.4874     0.0250  |       0.2371      0.1988
 186     -0.0300        0.9686  |   -0.4121/ -0.3942/ -0.3824           -0.3824          -0.4758     0.0178  |       0.2376      0.1988
 187     -0.0204        0.9698  |   -0.4649/ -0.4381/ -0.4261           -0.4261          -0.4962     0.0154  |       0.2366      0.1988
 188      0.0011        0.9595  |   -0.4204/ -0.4006/ -0.3863           -0.3863          -0.4810     0.0198  |       0.2386      0.1988
 189     -0.0129        0.9492  |   -0.4220/ -0.3851/ -0.3700           -0.3700          -0.4873     0.0282  |       0.2383      0.1988
 190     -0.0062        0.9196  |   -0.4667/ -0.4236/ -0.4072           -0.4072          -0.4873     0.0240  |       0.2367      0.1988
 191     -0.0086        0.9454  |   -0.4670/ -0.4319/ -0.4183           -0.4183          -0.4806     0.0233  |       0.2355      0.1988
 192      0.0156        0.9482  |   -0.4399/ -0.4215/ -0.4101           -0.4101          -0.4780     0.0169  |       0.2390      0.1988
 193     -0.0348        0.9507  |   -0.4183/ -0.3989/ -0.3865           -0.3865          -0.4629     0.0245  |       0.2375      0.1988
 194      0.0317        0.9316  |   -0.3488/ -0.3033/ -0.2867           -0.2867          -0.4309     0.0176  |       0.2422      0.1988
 195      0.0386        0.9699  |   -0.2905/ -0.2597/ -0.2435           -0.2435          -0.3797     0.0136  |       0.2433      0.1988
 196      0.0228        0.9716  |   -0.3802/ -0.2910/ -0.2764           -0.2764          -0.4083     0.0188  |       0.2451      0.1988
 197      0.0396        0.9807  |   -0.2793/ -0.2338/ -0.2170           -0.2170          -0.3874     0.0172  |       0.2446      0.1988
 198      0.0896        0.9009  |   -0.1923/ -0.1407/ -0.1236           -0.1236          -0.2883     0.0211  |       0.2490      0.1988
 199      0.0405        0.8863  |   -0.2515/ -0.2176/ -0.2003           -0.2003          -0.3740     0.0176  |       0.2441      0.1988
 200      0.0598        0.9784  |   -0.2151/ -0.1810/ -0.1678           -0.1678          -0.3331     0.0150  |       0.2434      0.1988
 201      0.0339        0.9565  |   -0.3676/ -0.3310/ -0.3180           -0.3180          -0.4201     0.0144  |       0.2455      0.1988
 202      0.0555        0.9354  |   -0.1683/ -0.1283/ -0.1105           -0.1105          -0.2913     0.0224  |       0.2485      0.1988
 203      0.0687        0.9735  |   -0.1584/ -0.1142/ -0.0927           -0.0927          -0.3104     0.0216  |       0.2493      0.1988
 204      0.0107        0.9363  |   -0.2602/ -0.2291/ -0.2142           -0.2142          -0.3618     0.0109  |       0.2464      0.1988
 205      0.0436        0.9303  |   -0.2217/ -0.1179/ -0.0931           -0.0931          -0.3523     0.0197  |       0.2437      0.1988
 206      0.0527        0.9364  |   -0.3848/ -0.3249/ -0.3143           -0.3143          -0.4375     0.0239  |       0.2409      0.1988
 207      0.0309        0.9575  |   -0.4615/ -0.4127/ -0.3988           -0.3988          -0.4786     0.0190  |       0.2396      0.1988
 208     -0.0103        0.9224  |   -0.3935/ -0.3637/ -0.3485           -0.3485          -0.4904     0.0230  |       0.2380      0.1988
 209     -0.0402        0.9468  |   -0.4442/ -0.4096/ -0.3983           -0.3983          -0.4750     0.0177  |       0.2374      0.1988
 210     -0.0211        0.9788  |   -0.4670/ -0.4176/ -0.4039           -0.4039          -0.4806     0.0250  |       0.2371      0.1988
 211     -0.0174        0.9607  |   -0.4151/ -0.3721/ -0.3598           -0.3598          -0.4615     0.0263  |       0.2346      0.1988
 212     -0.0143        0.9527  |   -0.4377/ -0.4172/ -0.4078           -0.4078          -0.4806     0.0358  |       0.2366      0.1988
 213      0.0204        0.8831  |   -0.2713/ -0.2299/ -0.2168           -0.2168          -0.4038     0.0194  |       0.2454      0.1988
 214      0.0255        0.9653  |   -0.2921/ -0.2547/ -0.2371           -0.2371          -0.3965     0.0049  |       0.2431      0.1988
 215      0.0182        0.9795  |   -0.2884/ -0.2427/ -0.2259           -0.2259          -0.4066     0.0160  |       0.2428      0.1988
 216      0.0082        0.9589  |   -0.3147/ -0.2733/ -0.2613           -0.2613          -0.3998     0.0152  |       0.2453      0.1988
 217      0.0358        0.9475  |   -0.2414/ -0.2010/ -0.1864           -0.1864          -0.3160     0.0194  |       0.2472      0.1988
 218      0.0163        0.9418  |   -0.3164/ -0.2792/ -0.2623           -0.2623          -0.4124     0.0181  |       0.2451      0.1988
 219      0.0367        0.9528  |   -0.2711/ -0.2362/ -0.2232           -0.2232          -0.3412     0.0150  |       0.2471      0.1988
 220      0.0255        0.9189  |   -0.2891/ -0.2262/ -0.2099           -0.2099          -0.4074     0.0262  |       0.2436      0.1988
 221      0.0222        0.8836  |   -0.4682/ -0.4481/ -0.4349           -0.4349          -0.4868     0.0132  |       0.2388      0.1988
 222     -0.0085        0.9537  |   -0.4504/ -0.4265/ -0.4147           -0.4147          -0.4971     0.0252  |       0.2378      0.1988
 223     -0.0059        0.9705  |   -0.4603/ -0.4354/ -0.4233           -0.4233          -0.4898     0.0249  |       0.2370      0.1988
 224      0.0164        0.9532  |   -0.4490/ -0.4287/ -0.4173           -0.4173          -0.4772     0.0220  |       0.2390      0.1988
 225      0.0443        0.9640  |   -0.4317/ -0.4014/ -0.3792           -0.3792          -0.4803     0.0268  |       0.2398      0.1988
 226     -0.0084        0.9488  |   -0.4306/ -0.3810/ -0.3669           -0.3669          -0.4803     0.0245  |       0.2384      0.1988
 227      0.0169        0.9027  |   -0.2952/ -0.2530/ -0.2380           -0.2380          -0.4048     0.0153  |       0.2453      0.1988
 228      0.0489        0.9683  |   -0.2355/ -0.1862/ -0.1684           -0.1684          -0.3468     0.0181  |       0.2441      0.1988
 229      0.0151        0.9704  |   -0.2795/ -0.2498/ -0.2360           -0.2360          -0.3954     0.0142  |       0.2428      0.1988
 230      0.0263        0.9822  |   -0.2795/ -0.2406/ -0.2204           -0.2204          -0.4002     0.0182  |       0.2436      0.1988
 231      0.0226        0.9767  |   -0.3301/ -0.2890/ -0.2727           -0.2727          -0.4133     0.0168  |       0.2451      0.1988
 232      0.0372        0.9779  |   -0.3150/ -0.2808/ -0.2668           -0.2668          -0.4070     0.0171  |       0.2458      0.1988
 233      0.0379        0.9998  |   -0.3201/ -0.2820/ -0.2669           -0.2669          -0.4068     0.0141  |       0.2458      0.1988
 234      0.0328        0.9667  |   -0.2454/ -0.1972/ -0.1812           -0.1812          -0.3510     0.0197  |       0.2444      0.1988
 235      0.0460        0.9833  |   -0.2126/ -0.1771/ -0.1567           -0.1567          -0.3451     0.0146  |       0.2441      0.1988
 236      0.0356        0.9755  |   -0.2765/ -0.2287/ -0.2102           -0.2102          -0.3899     0.0154  |       0.2448      0.1988
 237      0.0584        0.9374  |   -0.3762/ -0.3313/ -0.3167           -0.3167          -0.4290     0.0124  |       0.2409      0.1988
 238      0.0382        0.9724  |   -0.3695/ -0.3449/ -0.3350           -0.3350          -0.4343     0.0239  |       0.2412      0.1988
 239     -0.0091        0.8928  |   -0.4172/ -0.3875/ -0.3732           -0.3732          -0.4945     0.0203  |       0.2380      0.1988
 240     -0.0308        0.9431  |   -0.4400/ -0.4125/ -0.4017           -0.4017          -0.4726     0.0131  |       0.2373      0.1988
 241     -0.0361        0.9819  |   -0.4131/ -0.3951/ -0.3827           -0.3827          -0.4603     0.0165  |       0.2375      0.1988
 242     -0.0135        0.9661  |   -0.4693/ -0.4484/ -0.4369           -0.4369          -0.5139     0.0159  |       0.2378      0.1988
 243     -0.0125        0.9810  |   -0.4526/ -0.4371/ -0.4236           -0.4236          -0.4921     0.0231  |       0.2377      0.1988
 244     -0.0084        0.9422  |   -0.4292/ -0.3786/ -0.3656           -0.3656          -0.4966     0.0257  |       0.2380      0.1988
 245     -0.0380        0.9473  |   -0.4407/ -0.4103/ -0.3989           -0.3989          -0.4623     0.0142  |       0.2374      0.1988
 246     -0.0072        0.9707  |   -0.4557/ -0.4352/ -0.4235           -0.4235          -0.4946     0.0194  |       0.2367      0.1988
 247     -0.0217        0.9461  |   -0.4288/ -0.4049/ -0.3903           -0.3903          -0.4874     0.0236  |       0.2353      0.1988
 248     -0.0413        0.9579  |   -0.4234/ -0.4011/ -0.3915           -0.3915          -0.4640     0.0266  |       0.2374      0.1988
 249      0.0417        0.9345  |   -0.3884/ -0.3349/ -0.3178           -0.3178          -0.4568     0.0203  |       0.2403      0.1988
 250      0.0202        0.9527  |   -0.4861/ -0.4406/ -0.4265           -0.4265          -0.4873     0.0192  |       0.2389      0.1988
 251      0.0430        0.9618  |   -0.4144/ -0.3841/ -0.3714           -0.3714          -0.4807     0.0249  |       0.2397      0.1988
 252      0.0397        0.9666  |   -0.3422/ -0.3149/ -0.3012           -0.3012          -0.4387     0.0267  |       0.2405      0.1988
 253     -0.0196        0.9143  |   -0.4214/ -0.4022/ -0.3910           -0.3910          -0.4743     0.0217  |       0.2355      0.1988
 254     -0.0463        0.8825  |   -0.4901/ -0.4699/ -0.4585           -0.4585          -0.5229     0.0257  |       0.2305      0.1988
 255     -0.0206        0.8945  |   -0.4699/ -0.4490/ -0.4330           -0.4330          -0.5055     0.0148  |       0.2342      0.1988
 256     -0.0224        0.9688  |   -0.4166/ -0.3986/ -0.3873           -0.3873          -0.4478     0.0119  |       0.2348      0.1988
 257      0.0247        0.9277  |   -0.4591/ -0.4390/ -0.4263           -0.4263          -0.4883     0.0154  |       0.2388      0.1988
 258     -0.0054        0.9605  |   -0.4158/ -0.3879/ -0.3696           -0.3696          -0.4853     0.0268  |       0.2384      0.1988
 259      0.0164        0.9728  |   -0.4488/ -0.4257/ -0.4156           -0.4156          -0.4782     0.0187  |       0.2390      0.1988
 260      0.0677        0.9617  |   -0.4445/ -0.3869/ -0.3714           -0.3714          -0.4678     0.0295  |       0.2398      0.1988
 261      0.0376        0.9882  |   -0.4087/ -0.3836/ -0.3729           -0.3729          -0.4863     0.0376  |       0.2398      0.1988
 262     -0.0330        0.8985  |   -0.4217/ -0.4042/ -0.3935           -0.3935          -0.4782     0.0201  |       0.2320      0.1988
 263     -0.0153        0.9473  |   -0.4245/ -0.4042/ -0.3931           -0.3931          -0.4821     0.0233  |       0.2327      0.1988
 264     -0.0059        0.9379  |   -0.4458/ -0.4229/ -0.4123           -0.4123          -0.4921     0.0258  |       0.2367      0.1988
 265     -0.0174        0.9502  |   -0.4358/ -0.4061/ -0.3908           -0.3908          -0.4971     0.0192  |       0.2362      0.1988
 266     -0.0251        0.9681  |   -0.4705/ -0.4485/ -0.4365           -0.4365          -0.4952     0.0188  |       0.2372      0.1988
 267     -0.0056        0.9525  |   -0.4487/ -0.4226/ -0.4110           -0.4110          -0.4922     0.0260  |       0.2391      0.1988
 268      0.0003        0.9773  |   -0.4205/ -0.4005/ -0.3884           -0.3884          -0.4830     0.0249  |       0.2386      0.1988
 269      0.0689        0.9254  |   -0.3734/ -0.3168/ -0.3048           -0.3048          -0.4402     0.0256  |       0.2400      0.1988
 270     -0.0095        0.8948  |   -0.4551/ -0.4333/ -0.4212           -0.4212          -0.4932     0.0202  |       0.2378      0.1988
 271     -0.0046        0.9622  |   -0.4659/ -0.4431/ -0.4294           -0.4294          -0.5029     0.0310  |       0.2352      0.1988
 272     -0.0241        0.9639  |   -0.4464/ -0.4282/ -0.4150           -0.4150          -0.4914     0.0170  |       0.2335      0.1988
 273     -0.0257        0.9691  |   -0.4237/ -0.4055/ -0.3928           -0.3928          -0.5027     0.0183  |       0.2333      0.1988
 274     -0.0364        0.9536  |   -0.4033/ -0.3733/ -0.3599           -0.3599          -0.4797     0.0180  |       0.2323      0.1988
 275     -0.0217        0.9288  |   -0.4093/ -0.3728/ -0.3625           -0.3625          -0.4592     0.0188  |       0.2346      0.1988
 276      0.0422        0.9075  |   -0.3939/ -0.3197/ -0.3048           -0.3048          -0.4494     0.0262  |       0.2403      0.1988
 277      0.0426        0.9697  |   -0.3603/ -0.2747/ -0.2601           -0.2601          -0.4040     0.0226  |       0.2416      0.1988
 278      0.0401        0.9820  |   -0.3662/ -0.3340/ -0.3248           -0.3248          -0.4339     0.0313  |       0.2411      0.1988
 279     -0.0174        0.9245  |   -0.4521/ -0.4196/ -0.4081           -0.4081          -0.4924     0.0172  |       0.2360      0.1988
 280     -0.0209        0.9485  |   -0.3964/ -0.3822/ -0.3737           -0.3737          -0.4739     0.0213  |       0.2327      0.1988
 281     -0.0582        0.9117  |   -0.4373/ -0.4193/ -0.4048           -0.4048          -0.4942     0.0151  |       0.2306      0.1988
 282     -0.0475        0.9198  |   -0.4866/ -0.4675/ -0.4557           -0.4557          -0.5099     0.0127  |       0.2285      0.1988
 283     -0.0537        0.9075  |   -0.4069/ -0.3897/ -0.3789           -0.3789          -0.4560     0.0076  |       0.2316      0.1988
 284     -0.0271        0.9254  |   -0.4555/ -0.4325/ -0.4181           -0.4181          -0.4886     0.0072  |       0.2341      0.1988
 285     -0.0192        0.9816  |   -0.4709/ -0.4521/ -0.4407           -0.4407          -0.4961     0.0076  |       0.2349      0.1988
 286     -0.0428        0.9622  |   -0.4238/ -0.4048/ -0.3939           -0.3939          -0.4705     0.0210  |       0.2375      0.1988
 287     -0.0008        0.9625  |   -0.4395/ -0.3967/ -0.3808           -0.3808          -0.4797     0.0301  |       0.2386      0.1988
 288      0.0404        0.9265  |   -0.3242/ -0.2523/ -0.2359           -0.2359          -0.4246     0.0293  |       0.2425      0.1988
 289      0.0524        0.9660  |   -0.3790/ -0.3346/ -0.3225           -0.3225          -0.4396     0.0089  |       0.2407      0.1988
 290      0.0376        0.9652  |   -0.3268/ -0.2857/ -0.2736           -0.2736          -0.4082     0.0157  |       0.2421      0.1988
 291      0.0477        0.9669  |   -0.2773/ -0.2508/ -0.2372           -0.2372          -0.3787     0.0108  |       0.2434      0.1988
 292      0.0393        0.9792  |   -0.2432/ -0.2083/ -0.1902           -0.1902          -0.3599     0.0225  |       0.2441      0.1988
 293      0.0434        0.9889  |   -0.2416/ -0.2041/ -0.1837           -0.1837          -0.3658     0.0076  |       0.2443      0.1988
 294      0.0206        0.9662  |   -0.2934/ -0.2548/ -0.2414           -0.2414          -0.4078     0.0107  |       0.2427      0.1988
 295      0.0407        0.9735  |   -0.3357/ -0.2304/ -0.2110           -0.2110          -0.4062     0.0200  |       0.2424      0.1988
 296      0.0323        0.9772  |   -0.2858/ -0.2514/ -0.2370           -0.2370          -0.3956     0.0089  |       0.2426      0.1988
 297      0.0765        0.9148  |   -0.1825/ -0.1147/ -0.0976           -0.0976          -0.3933     0.0213  |       0.2401      0.1988
 298     -0.0390        0.8697  |   -0.4493/ -0.4291/ -0.4181           -0.4181          -0.4819     0.0260  |       0.2374      0.1988
 299     -0.0397        0.9611  |   -0.4032/ -0.3873/ -0.3759           -0.3759          -0.4658     0.0167  |       0.2340      0.1988
IMAGEIO FFMPEG_WRITER WARNING: input image is not divisible by macro_block_size=16, resizing from (320, 180) to (320, 192) to ensure video compatibility with most codecs and players. To prevent resizing, make your input image divisible by the macro_block_size or set the macro_block_size to 1 (risking incompatibility).

Saved 300 frames -> /home/ashwink/Documents/swms/SWM_copy/rollouts_5_per/expert-only/epoch4/epoch4_rollout2_failure.mp4
min dist(green_cube,blue_moon) over episode = 0.1988  ->  FAILURE
Full log written to /home/ashwink/Documents/swms/SWM_copy/rollouts_5_per/expert-only/epoch4/epoch4_rollout2_20260723_122848.log
Result json -> /home/ashwink/Documents/swms/SWM_copy/rollouts_5_per/expert-only/epoch4/epoch4_rollout2_result.json
