Checkpoint dir epoch: 9  Rollout: 0
Logging to /home/ashwink/Documents/swms/SWM_copy/rollouts_5_per/expert+subopt/epoch9/epoch9_rollout0_20260723_130722.log
Goal (fixed, steps 0-299): the green cube is touching the blue moon. the peg is touching the green cube.

Checkpoint: /home/ashwink/Documents/swms/SWM_copy/training/checkpoints_clip_full_fine-tuned_with_subopt_data/epoch_009.pt
  epoch=9  step=16860

Loading CLIP ViT-L/14 (datacomp_xl_s13b_b90k) + fine-tuned clip_state_dict ...
Parsing model identifier. Schema: None, Identifier: ViT-L-14
Loaded built-in ViT-L-14 model config.
Instantiating model architecture: CLIP
Loading full pretrained weights from: /home/ashwink/.cache/huggingface/hub/models--laion--CLIP-ViT-L-14-DataComp.XL-s13B-b90K/snapshots/84c9828e63dc9a9351d1fe637c346d4c1c4db341/open_clip_pytorch_model.bin
Final image preprocessing configuration set: {'size': (224, 224), 'mode': 'RGB', 'mean': (0.48145466, 0.4578275, 0.40821073), 'std': (0.26862954, 0.26130258, 0.27577711), 'interpolation': 'bicubic', 'resize_mode': 'shortest', 'fill_color': 0}
Model ViT-L-14 creation process complete.
Parsing tokenizer identifier. Schema: None, Identifier: ViT-L-14
Attempting to load config from built-in: ViT-L-14
Using default SimpleTokenizer.
z_star shape: torch.Size([768])

Loading action stats from /home/ashwink/full_data_5000/langtable/demos/ ...
  lo=[-0.03372681140899658, -0.03493623435497284]  hi=[0.03496786952018738, 0.03494429588317871]

Initializing LangTable env ...
Loading URDF plane.urdf
Loading URDF /home/ashwink/Documents/swms/.venv/lib/python3.10/site-packages/language_table/environments/utils/../../../language_table/environments/assets/workspace_real.urdf
Loading URDF xarm/xarm6_robot_white.urdf
Loading URDF /home/ashwink/Documents/swms/.venv/lib/python3.10/site-packages/language_table/environments/utils/../../../language_table/environments/assets/suction/cylinder_real.urdf
Loading URDF /home/ashwink/Documents/swms/.venv/lib/python3.10/site-packages/language_table/environments/utils/../../../language_table/environments/assets/blocks/red_moon.urdf
Loading URDF /home/ashwink/Documents/swms/.venv/lib/python3.10/site-packages/language_table/environments/utils/../../../language_table/environments/assets/blocks/red_cube.urdf
Loading URDF /home/ashwink/Documents/swms/.venv/lib/python3.10/site-packages/language_table/environments/utils/../../../language_table/environments/assets/blocks/red_star.urdf
Loading URDF /home/ashwink/Documents/swms/.venv/lib/python3.10/site-packages/language_table/environments/utils/../../../language_table/environments/assets/blocks/red_pentagon.urdf
Loading URDF /home/ashwink/Documents/swms/.venv/lib/python3.10/site-packages/language_table/environments/utils/../../../language_table/environments/assets/blocks/blue_moon.urdf
Loading URDF /home/ashwink/Documents/swms/.venv/lib/python3.10/site-packages/language_table/environments/utils/../../../language_table/environments/assets/blocks/blue_cube.urdf
Loading URDF /home/ashwink/Documents/swms/.venv/lib/python3.10/site-packages/language_table/environments/utils/../../../language_table/environments/assets/blocks/blue_star.urdf
Loading URDF /home/ashwink/Documents/swms/.venv/lib/python3.10/site-packages/language_table/environments/utils/../../../language_table/environments/assets/blocks/blue_pentagon.urdf
Loading URDF /home/ashwink/Documents/swms/.venv/lib/python3.10/site-packages/language_table/environments/utils/../../../language_table/environments/assets/blocks/yellow_moon.urdf
Loading URDF /home/ashwink/Documents/swms/.venv/lib/python3.10/site-packages/language_table/environments/utils/../../../language_table/environments/assets/blocks/yellow_cube.urdf
Loading URDF /home/ashwink/Documents/swms/.venv/lib/python3.10/site-packages/language_table/environments/utils/../../../language_table/environments/assets/blocks/yellow_star.urdf
Loading URDF /home/ashwink/Documents/swms/.venv/lib/python3.10/site-packages/language_table/environments/utils/../../../language_table/environments/assets/blocks/yellow_pentagon.urdf
Loading URDF /home/ashwink/Documents/swms/.venv/lib/python3.10/site-packages/language_table/environments/utils/../../../language_table/environments/assets/blocks/green_moon.urdf
Loading URDF /home/ashwink/Documents/swms/.venv/lib/python3.10/site-packages/language_table/environments/utils/../../../language_table/environments/assets/blocks/green_cube.urdf
Loading URDF /home/ashwink/Documents/swms/.venv/lib/python3.10/site-packages/language_table/environments/utils/../../../language_table/environments/assets/blocks/green_star.urdf
Loading URDF /home/ashwink/Documents/swms/.venv/lib/python3.10/site-packages/language_table/environments/utils/../../../language_table/environments/assets/blocks/green_pentagon.urdf
Loading URDF /home/ashwink/Documents/swms/.venv/lib/python3.10/site-packages/language_table/environments/utils/../../../language_table/environments/assets/blocks/purple_moon.urdf
Loading URDF /home/ashwink/Documents/swms/.venv/lib/python3.10/site-packages/language_table/environments/utils/../../../language_table/environments/assets/blocks/purple_cube.urdf
Loading URDF /home/ashwink/Documents/swms/.venv/lib/python3.10/site-packages/language_table/environments/utils/../../../language_table/environments/assets/blocks/purple_star.urdf
Loading URDF /home/ashwink/Documents/swms/.venv/lib/python3.10/site-packages/language_table/environments/utils/../../../language_table/environments/assets/blocks/purple_pentagon.urdf
Env ready.

Forced peg start: [0.42843915 0.24419614]  (green_cube=[0.40339102 0.18967466], blue_moon=[0.32039625 0.00902261])
  dist(peg,green_cube)=0.0600  dist(peg,blue_moon)=0.2588  dist(green_cube,blue_moon)=0.1988

step  cos(zt,z*)  cos(zt,zt-1)  |   cos(predK,z*) min/mean/max  cos(pred_sel,z*)   cos(zpred0,z*)  ||a_raw||  |  dist(peg,A)   dist(A,B)
-------------------------------------------------------------------------------------------------------------------------------------------------------------------------------
   0      0.1684           nan  |    0.6514/  0.6539/  0.6568            0.6568           0.6561     0.0171  |       0.0587      0.1988
   1      0.1687        0.9881  |    0.6766/  0.6913/  0.7009            0.7009           0.6510     0.0150  |       0.0442      0.1988
   2      0.1842        0.9500  |    0.6786/  0.6924/  0.6993            0.6993           0.6477     0.0083  |       0.0340      0.1970
   3      0.1772        0.8965  |    0.6689/  0.6828/  0.6907            0.6907           0.6384     0.0093  |       0.0338      0.1904
   4      0.1688        0.8011  |    0.6826/  0.6944/  0.7011            0.7011           0.6463     0.0126  |       0.0344      0.1824
   5      0.1753        0.8099  |    0.6865/  0.6994/  0.7053            0.7053           0.6429     0.0175  |       0.0344      0.1715
   6      0.1725        0.7337  |    0.6207/  0.6388/  0.6459            0.6459           0.4425     0.0109  |       0.0384      0.1537
   7      0.1233        0.7655  |    0.6386/  0.6546/  0.6607            0.6607           0.5167     0.0131  |       0.0360      0.1455
   8      0.1049        0.7716  |    0.6716/  0.6889/  0.6974            0.6974           0.5123     0.0151  |       0.0364      0.1337
   9      0.1017        0.8016  |    0.6890/  0.6990/  0.7051            0.7051           0.5685     0.0155  |       0.0375      0.1271
  10      0.1179        0.7839  |    0.6392/  0.6555/  0.6653            0.6653           0.5247     0.0068  |       0.0388      0.1201
  11      0.1040        0.8880  |    0.6787/  0.6966/  0.7060            0.7060           0.5568     0.0182  |       0.0391      0.1170
  12      0.0829        0.6808  |    0.5864/  0.6053/  0.6213            0.6213           0.1605     0.0021  |       0.0379      0.1088
  13      0.0693        0.9717  |    0.5746/  0.5970/  0.6110            0.6110           0.1238     0.0101  |       0.0392      0.1088
  14      0.1104        0.8293  |    0.6101/  0.6259/  0.6353            0.6353           0.2921     0.0013  |       0.0368      0.1049
  15      0.1086        0.9582  |    0.6078/  0.6349/  0.6428            0.6428           0.3147     0.0101  |       0.0373      0.1047
  16      0.1171        0.8987  |    0.5862/  0.6119/  0.6237            0.6237           0.2870     0.0071  |       0.0364      0.1019
  17      0.1118        0.9247  |    0.5674/  0.5850/  0.5937            0.5937           0.1355     0.0055  |       0.0384      0.1014
  18      0.1055        0.9168  |    0.6280/  0.6412/  0.6504            0.6504           0.2365     0.0028  |       0.0380      0.1000
  19      0.0901        0.9598  |    0.5975/  0.6149/  0.6225            0.6225           0.2001     0.0044  |       0.0404      0.1000
  20      0.1019        0.9609  |    0.6231/  0.6388/  0.6489            0.6489           0.2176     0.0037  |       0.0413      0.1000
  21      0.0908        0.9593  |    0.5969/  0.6145/  0.6245            0.6245           0.0546     0.0069  |       0.0400      0.0997
  22      0.0998        0.9591  |    0.6355/  0.6540/  0.6651            0.6651           0.0904     0.0058  |       0.0419      0.0997
  23      0.1085        0.9521  |    0.6522/  0.6831/  0.6942            0.6942           0.0217     0.0036  |       0.0444      0.0997
  24      0.0858        0.9458  |    0.5504/  0.5718/  0.5839            0.5839          -0.1135     0.0081  |       0.0472      0.0997
  25      0.0905        0.9281  |    0.5958/  0.6188/  0.6293            0.6293          -0.1924     0.0101  |       0.0514      0.0997
  26      0.1385        0.8904  |    0.6559/  0.6787/  0.6887            0.6887          -0.0731     0.0132  |       0.0598      0.0997
  27      0.1043        0.9000  |    0.6562/  0.7031/  0.7170            0.7170          -0.3229     0.0121  |       0.0673      0.0999
  28      0.1137        0.8553  |    0.5376/  0.5560/  0.5677            0.5677          -0.2836     0.0102  |       0.0730      0.0999
  29      0.0056        0.8229  |    0.3828/  0.4731/  0.4881            0.4881          -0.3200     0.0169  |       0.0747      0.0999
  30      0.0996        0.7433  |    0.2628/  0.2864/  0.3071            0.3071          -0.3061     0.0069  |       0.0763      0.0999
  31      0.1128        0.9030  |    0.2097/  0.2295/  0.2401            0.2401          -0.2719     0.0079  |       0.0787      0.0999
  32      0.0817        0.9123  |    0.1332/  0.1550/  0.1746            0.1746          -0.2644     0.0079  |       0.0835      0.0999
  33      0.0848        0.9187  |    0.0339/  0.0647/  0.0831            0.0831          -0.1603     0.0065  |       0.0824      0.0999
  34      0.1114        0.9081  |    0.1988/  0.2358/  0.2703            0.2703           0.0695     0.0171  |       0.0784      0.0999
  35      0.0663        0.8355  |   -0.0369/ -0.0160/ -0.0013           -0.0013          -0.3261     0.0063  |       0.0838      0.0999
  36      0.0826        0.9469  |    0.0912/  0.1223/  0.1418            0.1418          -0.2968     0.0107  |       0.0803      0.0999
  37      0.1119        0.8329  |    0.2497/  0.2758/  0.2993            0.2993           0.0564     0.0126  |       0.0724      0.0999
  38      0.1421        0.8676  |    0.5301/  0.5446/  0.5550            0.5550           0.3745     0.0114  |       0.0634      0.0999
  39      0.1459        0.8827  |    0.4501/  0.4673/  0.4747            0.4747           0.1107     0.0107  |       0.0590      0.0999
  40      0.1515        0.8981  |    0.6158/  0.6326/  0.6401            0.6401           0.2527     0.0113  |       0.0527      0.0999
  41      0.1484        0.9293  |    0.6295/  0.6425/  0.6498            0.6498           0.2906     0.0113  |       0.0507      0.0999
  42      0.1197        0.9142  |    0.6182/  0.6407/  0.6509            0.6509           0.0033     0.0075  |       0.0467      0.0999
  43      0.1155        0.9392  |    0.6069/  0.6292/  0.6470            0.6470           0.1447     0.0037  |       0.0413      0.0999
  44      0.0971        0.9814  |    0.6159/  0.6340/  0.6427            0.6427          -0.0171     0.0076  |       0.0438      0.0999
  45      0.1000        0.9321  |    0.5962/  0.6203/  0.6300            0.6300          -0.1416     0.0049  |       0.0501      0.0999
  46      0.1264        0.9542  |    0.6240/  0.6403/  0.6483            0.6483          -0.1559     0.0129  |       0.0536      0.0999
  47      0.1348        0.9215  |    0.6841/  0.7057/  0.7156            0.7156           0.0948     0.0090  |       0.0614      0.0999
  48      0.0865        0.8858  |    0.6060/  0.6215/  0.6356            0.6356          -0.3264     0.0176  |       0.0682      0.0999
  49     -0.0293        0.7650  |   -0.1615/ -0.1289/ -0.1072           -0.1072          -0.4474     0.0140  |       0.0822      0.0999
  50      0.0129        0.7839  |   -0.0066/  0.0164/  0.0369            0.0369          -0.3481     0.0213  |       0.0890      0.0999
  51      0.0349        0.8027  |   -0.0337/ -0.0134/  0.0064            0.0064          -0.4158     0.0283  |       0.0990      0.0999
  52     -0.0411        0.6822  |   -0.0947/ -0.0677/ -0.0472           -0.0472          -0.3188     0.0262  |       0.1233      0.0999
  53     -0.0398        0.8265  |    0.0096/  0.0406/  0.0657            0.0657          -0.3574     0.0197  |       0.1470      0.0999
  54     -0.0019        0.9049  |   -0.0954/ -0.0782/ -0.0666           -0.0666          -0.2911     0.0187  |       0.1654      0.0999
  55     -0.0217        0.9209  |   -0.0995/ -0.0719/ -0.0509           -0.0509          -0.2888     0.0258  |       0.1832      0.0999
  56     -0.0154        0.9098  |   -0.2765/ -0.2575/ -0.2420           -0.2420          -0.3386     0.0347  |       0.2082      0.0999
  57     -0.0208        0.8941  |   -0.3012/ -0.2841/ -0.2692           -0.2692          -0.4042     0.0354  |       0.2418      0.0999
  58     -0.0313        0.9428  |   -0.1849/ -0.1668/ -0.1518           -0.1518          -0.3779     0.0355  |       0.2769      0.0999
  59     -0.0491        0.8233  |   -0.0449/ -0.0302/ -0.0162           -0.0162          -0.3090     0.0358  |       0.3118      0.0999
  60     -0.0431        0.9233  |   -0.0579/ -0.0246/  0.0051            0.0051          -0.2631     0.0291  |       0.3471      0.0999
  61     -0.0431        1.0000  |    0.0645/  0.0874/  0.0995            0.0995          -0.2631     0.0147  |       0.3748      0.0999
  62     -0.0431        1.0000  |    0.0596/  0.0965/  0.1060            0.1060          -0.2631     0.0112  |       0.3881      0.0999
  63     -0.0431        1.0000  |    0.0700/  0.0877/  0.1005            0.1005          -0.2631     0.0121  |       0.3900      0.0999
  64     -0.0431        1.0000  |    0.0729/  0.0891/  0.0995            0.0995          -0.2631     0.0109  |       0.3914      0.0999
  65     -0.0431        1.0000  |    0.0687/  0.0864/  0.0974            0.0974          -0.2631     0.0110  |       0.3918      0.0999
  66     -0.0431        1.0000  |    0.0607/  0.0802/  0.0914            0.0914          -0.2631     0.0114  |       0.3925      0.0999
  67     -0.0431        1.0000  |    0.0594/  0.0878/  0.0997            0.0997          -0.2631     0.0131  |       0.3939      0.0999
  68     -0.0431        1.0000  |    0.1783/  0.2082/  0.2278            0.2278          -0.2631     0.0059  |       0.3953      0.0999
  69     -0.0431        1.0000  |    0.2095/  0.2348/  0.2473            0.2473          -0.2631     0.0058  |       0.3962      0.0999
  70     -0.0431        1.0000  |    0.2187/  0.2377/  0.2480            0.2480          -0.2631     0.0065  |       0.3942      0.0999
  71     -0.0431        1.0000  |    0.2082/  0.2341/  0.2491            0.2491          -0.2631     0.0069  |       0.3923      0.0999
  72     -0.0431        1.0000  |    0.1994/  0.2167/  0.2277            0.2277          -0.2631     0.0054  |       0.3903      0.0999
  73     -0.0431        1.0000  |    0.2050/  0.2374/  0.2489            0.2489          -0.2631     0.0070  |       0.3879      0.0999
  74     -0.0431        1.0000  |    0.2005/  0.2346/  0.2459            0.2459          -0.2631     0.0071  |       0.3856      0.0999
  75     -0.0431        1.0000  |    0.2106/  0.2325/  0.2453            0.2453          -0.2631     0.0065  |       0.3819      0.0999
  76     -0.0431        1.0000  |    0.2038/  0.2358/  0.2493            0.2493          -0.2631     0.0053  |       0.3788      0.0999
  77     -0.0431        1.0000  |    0.2083/  0.2335/  0.2448            0.2448          -0.2631     0.0067  |       0.3773      0.0999
  78     -0.0431        1.0000  |    0.2036/  0.2291/  0.2433            0.2433          -0.2631     0.0063  |       0.3756      0.0999
  79     -0.0431        1.0000  |    0.2033/  0.2271/  0.2421            0.2421          -0.2631     0.0057  |       0.3722      0.0999
  80     -0.0431        1.0000  |    0.2106/  0.2329/  0.2451            0.2451          -0.2631     0.0064  |       0.3689      0.0999
  81     -0.0431        1.0000  |    0.2106/  0.2285/  0.2429            0.2429          -0.2631     0.0069  |       0.3664      0.0999
  82     -0.0431        1.0000  |    0.2074/  0.2277/  0.2385            0.2385          -0.2631     0.0048  |       0.3659      0.0999
  83     -0.0431        1.0000  |    0.2025/  0.2293/  0.2401            0.2401          -0.2631     0.0075  |       0.3658      0.0999
  84     -0.0431        1.0000  |    0.2042/  0.2340/  0.2449            0.2449          -0.2631     0.0072  |       0.3624      0.0999
  85     -0.0431        1.0000  |    0.2151/  0.2381/  0.2486            0.2486          -0.2631     0.0051  |       0.3617      0.0999
  86     -0.0431        1.0000  |    0.2051/  0.2326/  0.2448            0.2448          -0.2631     0.0056  |       0.3593      0.0999
  87     -0.0431        1.0000  |    0.1885/  0.2358/  0.2483            0.2483          -0.2631     0.0053  |       0.3594      0.0999
  88     -0.0431        1.0000  |    0.2181/  0.2390/  0.2495            0.2495          -0.2631     0.0053  |       0.3578      0.0999
  89     -0.0431        1.0000  |    0.2068/  0.2292/  0.2420            0.2420          -0.2631     0.0041  |       0.3559      0.0999
  90     -0.0431        1.0000  |    0.2028/  0.2335/  0.2468            0.2468          -0.2631     0.0051  |       0.3540      0.0999
  91     -0.0431        1.0000  |    0.2013/  0.2225/  0.2355            0.2355          -0.2631     0.0065  |       0.3525      0.0999
  92     -0.0406        0.9758  |    0.2205/  0.2485/  0.2559            0.2559          -0.1776     0.0081  |       0.3503      0.0999
  93     -0.0427        0.9924  |    0.1315/  0.1662/  0.1749            0.1749          -0.2321     0.0136  |       0.3493      0.0999
  94     -0.0368        0.9655  |    0.0918/  0.1128/  0.1210            0.1210          -0.1916     0.0145  |       0.3458      0.0999
  95     -0.0145        0.9670  |   -0.0573/ -0.0402/ -0.0313           -0.0313          -0.2545     0.0216  |       0.3401      0.0999
  96     -0.0331        0.9127  |   -0.1999/ -0.1833/ -0.1672           -0.1672          -0.2475     0.0317  |       0.3298      0.0999
  97     -0.0174        0.8985  |   -0.2374/ -0.2161/ -0.2024           -0.2024          -0.3133     0.0424  |       0.3134      0.0999
  98     -0.0599        0.8586  |   -0.3296/ -0.2961/ -0.2838           -0.2838          -0.3846     0.0345  |       0.2925      0.0999
  99     -0.0467        0.8684  |   -0.1024/ -0.0686/ -0.0472           -0.0472          -0.3670     0.0203  |       0.2713      0.0999
 100     -0.0598        0.8105  |   -0.0218/  0.0099/  0.0335            0.0335          -0.2569     0.0038  |       0.2564      0.0999
 101     -0.0393        0.8959  |   -0.1281/ -0.1016/ -0.0866           -0.0866          -0.2401     0.0141  |       0.2520      0.0999
 102     -0.0699        0.8709  |   -0.1753/ -0.1555/ -0.1437           -0.1437          -0.3516     0.0170  |       0.2450      0.0999
 103     -0.0695        0.9032  |   -0.1557/ -0.1357/ -0.1223           -0.1223          -0.3930     0.0282  |       0.2461      0.0999
 104     -0.0241        0.8697  |   -0.0474/ -0.0305/ -0.0228           -0.0228          -0.3624     0.0266  |       0.2508      0.0999
 105     -0.0348        0.8879  |    0.0284/  0.0430/  0.0520            0.0520          -0.3836     0.0257  |       0.2548      0.0999
 106     -0.0381        0.9154  |    0.1236/  0.1383/  0.1448            0.1448          -0.2992     0.0213  |       0.2566      0.0999
 107     -0.0368        0.9339  |    0.0035/  0.0254/  0.0333            0.0333          -0.3390     0.0217  |       0.2608      0.0999
 108     -0.0343        0.9634  |   -0.0243/ -0.0123/ -0.0046           -0.0046          -0.3417     0.0187  |       0.2649      0.0999
 109     -0.0366        0.9638  |   -0.0798/ -0.0624/ -0.0540           -0.0540          -0.3655     0.0242  |       0.2699      0.0999
 110     -0.0309        0.9553  |   -0.2735/ -0.2591/ -0.2486           -0.2486          -0.3997     0.0271  |       0.2771      0.0999
 111     -0.0037        0.9385  |   -0.1766/ -0.1471/ -0.1342           -0.1342          -0.3501     0.0246  |       0.2865      0.0999
 112     -0.0235        0.9317  |   -0.1890/ -0.1570/ -0.1329           -0.1329          -0.2540     0.0276  |       0.2997      0.0999
 113     -0.0422        0.8496  |   -0.1638/ -0.1375/ -0.1180           -0.1180          -0.2791     0.0264  |       0.3229      0.0999
 114     -0.0431        0.9648  |   -0.1132/ -0.0891/ -0.0750           -0.0750          -0.2631     0.0131  |       0.3481      0.0999
 115     -0.0431        1.0000  |   -0.0660/ -0.0421/ -0.0207           -0.0207          -0.2631     0.0175  |       0.3613      0.0999
 116     -0.0431        1.0000  |    0.0423/  0.0599/  0.0743            0.0743          -0.2631     0.0128  |       0.3768      0.0999
 117     -0.0431        1.0000  |    0.0722/  0.0956/  0.1057            0.1057          -0.2631     0.0101  |       0.3822      0.0999
 118     -0.0431        1.0000  |    0.0535/  0.0900/  0.1012            0.1012          -0.2631     0.0097  |       0.3829      0.0999
 119     -0.0431        1.0000  |    0.0617/  0.0926/  0.1028            0.1028          -0.2631     0.0099  |       0.3832      0.0999
 120     -0.0431        1.0000  |    0.0669/  0.0910/  0.1014            0.1014          -0.2631     0.0112  |       0.3835      0.0999
 121     -0.0431        1.0000  |    0.0524/  0.0855/  0.0981            0.0981          -0.2631     0.0119  |       0.3840      0.0999
 122     -0.0431        1.0000  |    0.0680/  0.0883/  0.1011            0.1011          -0.2631     0.0128  |       0.3846      0.0999
 123     -0.0431        1.0000  |    0.0632/  0.0832/  0.0963            0.0963          -0.2631     0.0139  |       0.3855      0.0999
 124     -0.0431        1.0000  |    0.0677/  0.0870/  0.0994            0.0994          -0.2631     0.0134  |       0.3867      0.0999
 125     -0.0431        1.0000  |    0.0675/  0.0869/  0.0988            0.0988          -0.2631     0.0133  |       0.3877      0.0999
 126     -0.0431        1.0000  |    0.0666/  0.0846/  0.0951            0.0951          -0.2631     0.0132  |       0.3886      0.0999
 127     -0.0431        1.0000  |    0.1527/  0.1809/  0.2103            0.2103          -0.2631     0.0066  |       0.3899      0.0999
 128     -0.0431        1.0000  |    0.2071/  0.2282/  0.2407            0.2407          -0.2631     0.0102  |       0.3901      0.0999
 129     -0.0431        1.0000  |    0.2052/  0.2270/  0.2405            0.2405          -0.2631     0.0063  |       0.3896      0.0999
 130     -0.0431        1.0000  |    0.1983/  0.2368/  0.2472            0.2472          -0.2631     0.0055  |       0.3870      0.0999
 131     -0.0431        1.0000  |    0.2109/  0.2353/  0.2452            0.2452          -0.2631     0.0073  |       0.3843      0.0999
 132     -0.0431        1.0000  |    0.2044/  0.2339/  0.2482            0.2482          -0.2631     0.0061  |       0.3802      0.0999
 133     -0.0431        1.0000  |    0.2040/  0.2304/  0.2435            0.2435          -0.2631     0.0063  |       0.3788      0.0999
 134     -0.0431        1.0000  |    0.1823/  0.2315/  0.2451            0.2451          -0.2631     0.0069  |       0.3774      0.0999
 135     -0.0431        1.0000  |    0.2117/  0.2330/  0.2440            0.2440          -0.2631     0.0063  |       0.3721      0.0999
 136     -0.0431        1.0000  |    0.2147/  0.2382/  0.2465            0.2465          -0.2631     0.0066  |       0.3692      0.0999
 137     -0.0431        1.0000  |    0.2125/  0.2363/  0.2468            0.2468          -0.2631     0.0051  |       0.3647      0.0999
 138     -0.0431        1.0000  |    0.2109/  0.2357/  0.2464            0.2464          -0.2631     0.0038  |       0.3622      0.0999
 139     -0.0431        1.0000  |    0.2136/  0.2279/  0.2374            0.2374          -0.2631     0.0071  |       0.3604      0.0999
 140     -0.0431        1.0000  |    0.2110/  0.2334/  0.2464            0.2464          -0.2631     0.0066  |       0.3587      0.0999
 141     -0.0431        1.0000  |    0.2087/  0.2385/  0.2482            0.2482          -0.2631     0.0055  |       0.3547      0.0999
 142     -0.0431        1.0000  |    0.2191/  0.2378/  0.2483            0.2483          -0.2631     0.0046  |       0.3524      0.0999
 143     -0.0431        1.0000  |    0.2144/  0.2289/  0.2434            0.2434          -0.2631     0.0055  |       0.3495      0.0999
 144     -0.0431        1.0000  |    0.2010/  0.2335/  0.2452            0.2452          -0.2631     0.0074  |       0.3476      0.0999
 145     -0.0431        1.0000  |    0.2052/  0.2273/  0.2382            0.2382          -0.2631     0.0078  |       0.3446      0.0999
 146     -0.0431        1.0000  |    0.1691/  0.2339/  0.2467            0.2467          -0.2631     0.0049  |       0.3415      0.0999
 147     -0.0442        0.9995  |    0.2270/  0.2504/  0.2632            0.2632          -0.2612     0.0046  |       0.3410      0.0999
 148     -0.0459        0.9892  |    0.2465/  0.2835/  0.2946            0.2946          -0.2132     0.0061  |       0.3398      0.0999
 149     -0.0370        0.9893  |    0.2404/  0.2712/  0.2807            0.2807          -0.1931     0.0127  |       0.3392      0.0999
 150     -0.0470        0.9781  |    0.1611/  0.1789/  0.1878            0.1878          -0.2287     0.0170  |       0.3410      0.0999
 151     -0.0408        0.9911  |    0.1499/  0.1627/  0.1707            0.1707          -0.2567     0.0140  |       0.3443      0.0999
 152     -0.0267        0.9717  |    0.0294/  0.0420/  0.0504            0.0504          -0.2466     0.0196  |       0.3439      0.0999
 153     -0.0218        0.9436  |   -0.0839/ -0.0661/ -0.0554           -0.0554          -0.2407     0.0210  |       0.3354      0.0999
 154     -0.0346        0.9145  |   -0.2259/ -0.1993/ -0.1811           -0.1811          -0.2964     0.0453  |       0.3259      0.0999
 155     -0.0543        0.8698  |   -0.2559/ -0.2345/ -0.2228           -0.2228          -0.3855     0.0469  |       0.3041      0.0999
 156     -0.0435        0.8512  |   -0.2626/ -0.2382/ -0.2195           -0.2195          -0.3877     0.0252  |       0.2816      0.0999
 157     -0.0513        0.8681  |   -0.0291/ -0.0047/  0.0209            0.0209          -0.3543     0.0185  |       0.2653      0.0999
 158     -0.0698        0.7949  |   -0.2343/ -0.2110/ -0.2021           -0.2021          -0.2681     0.0102  |       0.2475      0.0999
 159     -0.0579        0.9211  |   -0.2603/ -0.2439/ -0.2348           -0.2348          -0.3175     0.0095  |       0.2367      0.0999
 160     -0.0739        0.9468  |   -0.3473/ -0.3234/ -0.3151           -0.3151          -0.3623     0.0075  |       0.2274      0.0999
 161     -0.0516        0.9407  |   -0.3047/ -0.2945/ -0.2845           -0.2845          -0.3329     0.0039  |       0.2198      0.0999
 162     -0.0595        0.9633  |   -0.2956/ -0.2822/ -0.2738           -0.2738          -0.3682     0.0090  |       0.2159      0.0999
 163     -0.0500        0.9512  |   -0.2873/ -0.2744/ -0.2664           -0.2664          -0.3550     0.0088  |       0.2091      0.0999
 164     -0.0507        0.9268  |   -0.2965/ -0.2810/ -0.2700           -0.2700          -0.3683     0.0098  |       0.2006      0.0999
 165     -0.0589        0.9349  |   -0.2116/ -0.1918/ -0.1732           -0.1732          -0.3411     0.0092  |       0.1931      0.0999
 166     -0.0516        0.8795  |   -0.2386/ -0.2212/ -0.2151           -0.2151          -0.4058     0.0093  |       0.1958      0.0999
 167     -0.0636        0.9126  |   -0.2414/ -0.2210/ -0.2085           -0.2085          -0.4168     0.0118  |       0.1921      0.0999
 168     -0.0331        0.9085  |   -0.1930/ -0.1739/ -0.1628           -0.1628          -0.4408     0.0181  |       0.1910      0.0999
 169     -0.0517        0.9502  |   -0.2046/ -0.1657/ -0.1547           -0.1547          -0.4360     0.0136  |       0.1843      0.0999
 170     -0.0547        0.9268  |   -0.1574/ -0.1316/ -0.1218           -0.1218          -0.3457     0.0171  |       0.1791      0.0999
 171     -0.0653        0.8996  |   -0.1593/ -0.1342/ -0.1152           -0.1152          -0.2829     0.0280  |       0.1746      0.0999
 172     -0.0712        0.8651  |   -0.0793/ -0.0461/ -0.0186           -0.0186          -0.2490     0.0338  |       0.1634      0.0999
 173     -0.0429        0.8303  |    0.1926/  0.2432/  0.2687            0.2687          -0.3130     0.0234  |       0.1585      0.0999
 174      0.0003        0.8870  |    0.3255/  0.3823/  0.4038            0.4038          -0.3603     0.0238  |       0.1604      0.0999
 175      0.0783        0.9051  |    0.2763/  0.2930/  0.3032            0.3032          -0.3224     0.0164  |       0.1602      0.0999
 176      0.0565        0.9141  |    0.1080/  0.1331/  0.1503            0.1503          -0.4279     0.0270  |       0.1549      0.0999
 177      0.0290        0.8857  |   -0.2272/ -0.2026/ -0.1934           -0.1934          -0.3345     0.0231  |       0.1553      0.0999
 178      0.0189        0.8888  |   -0.2846/ -0.2543/ -0.2394           -0.2394          -0.3572     0.0224  |       0.1537      0.0999
 179      0.0118        0.8807  |    0.1799/  0.2471/  0.2947            0.2947          -0.3658     0.0091  |       0.1492      0.0999
 180     -0.0263        0.9380  |    0.1923/  0.2544/  0.3175            0.3175          -0.3607     0.0063  |       0.1441      0.0999
 181     -0.0122        0.9175  |    0.0860/  0.1141/  0.1459            0.1459          -0.3647     0.0192  |       0.1380      0.0953
 182     -0.0382        0.8822  |    0.2984/  0.3620/  0.3921            0.3921          -0.3131     0.0183  |       0.1318      0.0882
 183      0.0487        0.8573  |    0.3626/  0.3894/  0.4298            0.4298          -0.3361     0.0138  |       0.1428      0.0882
 184      0.0737        0.9241  |    0.3255/  0.3592/  0.3880            0.3880          -0.3819     0.0212  |       0.1544      0.0882
 185      0.0272        0.9059  |   -0.1261/ -0.1012/ -0.0761           -0.0761          -0.3855     0.0205  |       0.1622      0.0882
 186      0.0380        0.8835  |   -0.1017/ -0.0786/ -0.0592           -0.0592          -0.4155     0.0318  |       0.1726      0.0882
 187      0.0708        0.8822  |   -0.2104/ -0.1853/ -0.1667           -0.1667          -0.4202     0.0369  |       0.1999      0.0882
 188      0.0107        0.9167  |   -0.2908/ -0.2677/ -0.2457           -0.2457          -0.4227     0.0396  |       0.2293      0.0882
 189     -0.0288        0.9112  |   -0.2627/ -0.2418/ -0.2226           -0.2226          -0.4139     0.0449  |       0.2611      0.0882
 190     -0.0252        0.8794  |   -0.0098/  0.0081/  0.0224            0.0224          -0.2843     0.0450  |       0.2950      0.0882
 191     -0.0488        0.8505  |   -0.0101/  0.0154/  0.0319            0.0319          -0.2275     0.0396  |       0.3318      0.0882
 192     -0.0496        0.9818  |    0.0335/  0.0569/  0.0796            0.0796          -0.2058     0.0232  |       0.3663      0.0882
 193     -0.0496        1.0000  |    0.0920/  0.1185/  0.1322            0.1322          -0.2058     0.0149  |       0.3868      0.0882
 194     -0.0496        1.0000  |    0.1039/  0.1240/  0.1360            0.1360          -0.2058     0.0148  |       0.3930      0.0882
 195     -0.0496        1.0000  |    0.0728/  0.1251/  0.1392            0.1392          -0.2058     0.0097  |       0.3955      0.0882
 196     -0.0496        1.0000  |    0.0992/  0.1357/  0.1494            0.1494          -0.2058     0.0092  |       0.3970      0.0882
 197     -0.0496        1.0000  |    0.1073/  0.1389/  0.1526            0.1526          -0.2058     0.0094  |       0.3978      0.0882
 198     -0.0496        1.0000  |    0.0926/  0.1383/  0.1536            0.1536          -0.2058     0.0066  |       0.3987      0.0882
 199     -0.0496        1.0000  |    0.1178/  0.1431/  0.1560            0.1560          -0.2058     0.0071  |       0.3990      0.0882
 200     -0.0496        1.0000  |    0.1202/  0.1413/  0.1529            0.1529          -0.2058     0.0099  |       0.3996      0.0882
 201     -0.0496        1.0000  |    0.1206/  0.1393/  0.1534            0.1534          -0.2058     0.0081  |       0.3996      0.0882
 202     -0.0496        1.0000  |    0.1157/  0.1396/  0.1531            0.1531          -0.2058     0.0094  |       0.4000      0.0882
 203     -0.0496        1.0000  |    0.1183/  0.1452/  0.1576            0.1576          -0.2058     0.0073  |       0.4007      0.0882
 204     -0.0496        1.0000  |    0.1144/  0.1444/  0.1575            0.1575          -0.2058     0.0088  |       0.4013      0.0882
 205     -0.0496        1.0000  |    0.1185/  0.1451/  0.1577            0.1577          -0.2058     0.0077  |       0.4018      0.0882
 206     -0.0496        1.0000  |    0.0799/  0.1437/  0.1548            0.1548          -0.2058     0.0084  |       0.4014      0.0882
 207     -0.0496        1.0000  |    0.1068/  0.1439/  0.1572            0.1572          -0.2058     0.0078  |       0.4020      0.0882
 208     -0.0496        1.0000  |    0.0782/  0.1442/  0.1562            0.1562          -0.2058     0.0053  |       0.4027      0.0882
 209     -0.0496        1.0000  |    0.1077/  0.1434/  0.1579            0.1579          -0.2058     0.0074  |       0.4032      0.0882
 210     -0.0496        1.0000  |    0.1159/  0.1483/  0.1591            0.1591          -0.2058     0.0074  |       0.4037      0.0882
 211     -0.0496        1.0000  |    0.1136/  0.1440/  0.1573            0.1573          -0.2058     0.0079  |       0.4045      0.0882
 212     -0.0496        1.0000  |    0.1102/  0.1452/  0.1574            0.1574          -0.2058     0.0087  |       0.4046      0.0882
 213     -0.0496        1.0000  |    0.1103/  0.1431/  0.1561            0.1561          -0.2058     0.0061  |       0.4052      0.0882
 214     -0.0496        1.0000  |    0.1258/  0.1461/  0.1566            0.1566          -0.2058     0.0074  |       0.4046      0.0882
 215     -0.0496        1.0000  |    0.1013/  0.1422/  0.1567            0.1567          -0.2058     0.0079  |       0.4053      0.0882
 216     -0.0496        1.0000  |    0.1067/  0.1444/  0.1563            0.1563          -0.2058     0.0069  |       0.4053      0.0882
 217     -0.0496        1.0000  |    0.1175/  0.1411/  0.1546            0.1546          -0.2058     0.0065  |       0.4049      0.0882
 218     -0.0496        1.0000  |    0.1075/  0.1361/  0.1522            0.1522          -0.2058     0.0085  |       0.4052      0.0882
 219     -0.0496        1.0000  |    0.1056/  0.1374/  0.1527            0.1527          -0.2058     0.0093  |       0.4062      0.0882
 220     -0.0496        1.0000  |    0.1055/  0.1400/  0.1536            0.1536          -0.2058     0.0084  |       0.4062      0.0882
 221     -0.0497        1.0000  |    0.1121/  0.1377/  0.1507            0.1507          -0.2060     0.0085  |       0.4064      0.0882
 222     -0.0496        1.0000  |    0.1033/  0.1374/  0.1540            0.1540          -0.2058     0.0078  |       0.4073      0.0882
 223     -0.0497        1.0000  |    0.1030/  0.1408/  0.1551            0.1551          -0.2060     0.0075  |       0.4083      0.0882
 224     -0.0497        1.0000  |    0.1001/  0.1387/  0.1531            0.1531          -0.2060     0.0078  |       0.4079      0.0882
 225     -0.0497        1.0000  |    0.1210/  0.1466/  0.1570            0.1570          -0.2060     0.0076  |       0.4091      0.0882
 226     -0.0497        1.0000  |    0.1186/  0.1428/  0.1547            0.1547          -0.2060     0.0074  |       0.4102      0.0882
 227     -0.0497        1.0000  |    0.1196/  0.1438/  0.1559            0.1559          -0.2060     0.0057  |       0.4113      0.0882
 228     -0.0497        1.0000  |    0.1146/  0.1426/  0.1569            0.1569          -0.2075     0.0086  |       0.4114      0.0882
 229     -0.0497        1.0000  |    0.1117/  0.1462/  0.1579            0.1579          -0.2060     0.0047  |       0.4116      0.0882
 230     -0.0497        1.0000  |    0.1198/  0.1446/  0.1577            0.1577          -0.2060     0.0073  |       0.4121      0.0882
 231     -0.0497        1.0000  |    0.1021/  0.1370/  0.1529            0.1529          -0.2060     0.0087  |       0.4123      0.0882
 232     -0.0497        1.0000  |    0.1173/  0.1466/  0.1574            0.1574          -0.2060     0.0057  |       0.4117      0.0882
 233     -0.0497        1.0000  |    0.1019/  0.1395/  0.1518            0.1518          -0.2060     0.0068  |       0.4120      0.0882
 234     -0.0497        1.0000  |    0.0962/  0.1361/  0.1531            0.1531          -0.2060     0.0086  |       0.4122      0.0882
 235     -0.0497        1.0000  |    0.1052/  0.1452/  0.1558            0.1558          -0.2060     0.0079  |       0.4134      0.0882
 236     -0.0497        1.0000  |    0.1236/  0.1463/  0.1577            0.1577          -0.2060     0.0079  |       0.4137      0.0882
 237     -0.0497        1.0000  |    0.1107/  0.1393/  0.1517            0.1517          -0.2060     0.0095  |       0.4141      0.0882
 238     -0.0497        1.0000  |    0.1065/  0.1402/  0.1550            0.1550          -0.2060     0.0078  |       0.4152      0.0882
 239     -0.0497        1.0000  |    0.1015/  0.1336/  0.1494            0.1494          -0.2060     0.0097  |       0.4158      0.0882
 240     -0.0497        1.0000  |    0.1183/  0.1444/  0.1570            0.1570          -0.2060     0.0084  |       0.4161      0.0882
 241     -0.0497        1.0000  |    0.1118/  0.1431/  0.1560            0.1560          -0.2060     0.0091  |       0.4164      0.0882
 242     -0.0495        1.0000  |    0.1181/  0.1436/  0.1564            0.1564          -0.2055     0.0074  |       0.4170      0.0882
 243     -0.0497        1.0000  |    0.1107/  0.1454/  0.1574            0.1574          -0.2060     0.0060  |       0.4183      0.0882
 244     -0.0495        1.0000  |    0.1045/  0.1407/  0.1541            0.1541          -0.2069     0.0079  |       0.4184      0.0882
 245     -0.0495        1.0000  |    0.1125/  0.1406/  0.1550            0.1550          -0.2069     0.0068  |       0.4183      0.0882
 246     -0.0495        1.0000  |    0.1081/  0.1359/  0.1515            0.1515          -0.2069     0.0085  |       0.4188      0.0882
 247     -0.0495        1.0000  |    0.1120/  0.1399/  0.1530            0.1530          -0.2069     0.0073  |       0.4198      0.0882
 248     -0.0495        1.0000  |    0.1066/  0.1436/  0.1573            0.1573          -0.2069     0.0079  |       0.4208      0.0882
 249     -0.0495        1.0000  |    0.0928/  0.1371/  0.1509            0.1509          -0.2069     0.0067  |       0.4219      0.0882
 250     -0.0495        1.0000  |    0.1037/  0.1325/  0.1446            0.1446          -0.2069     0.0092  |       0.4222      0.0882
 251     -0.0495        1.0000  |    0.0721/  0.1297/  0.1455            0.1455          -0.2069     0.0122  |       0.4240      0.0882
 252     -0.0495        1.0000  |    0.0964/  0.1328/  0.1458            0.1458          -0.2069     0.0098  |       0.4254      0.0882
 253     -0.0495        1.0000  |    0.1057/  0.1373/  0.1494            0.1494          -0.2069     0.0099  |       0.4266      0.0882
 254     -0.0495        1.0000  |    0.1110/  0.1401/  0.1547            0.1547          -0.2069     0.0091  |       0.4282      0.0882
 255     -0.0495        1.0000  |    0.1136/  0.1392/  0.1529            0.1529          -0.2069     0.0069  |       0.4303      0.0882
 256     -0.0495        1.0000  |    0.1139/  0.1430/  0.1567            0.1567          -0.2069     0.0072  |       0.4317      0.0882
 257     -0.0495        1.0000  |    0.1100/  0.1459/  0.1603            0.1603          -0.2055     0.0068  |       0.4325      0.0882
 258     -0.0495        1.0000  |    0.1106/  0.1414/  0.1578            0.1578          -0.2055     0.0074  |       0.4328      0.0882
 259     -0.0495        1.0000  |    0.0996/  0.1444/  0.1574            0.1574          -0.2069     0.0080  |       0.4331      0.0882
 260     -0.0495        1.0000  |    0.1052/  0.1453/  0.1565            0.1565          -0.2069     0.0069  |       0.4334      0.0882
 261     -0.0495        1.0000  |    0.0941/  0.1468/  0.1572            0.1572          -0.2069     0.0067  |       0.4337      0.0882
 262     -0.0495        1.0000  |    0.1109/  0.1440/  0.1583            0.1583          -0.2055     0.0073  |       0.4341      0.0882
 263     -0.0495        1.0000  |    0.1041/  0.1450/  0.1578            0.1578          -0.2055     0.0044  |       0.4342      0.0882
 264     -0.0495        1.0000  |    0.1123/  0.1418/  0.1570            0.1570          -0.2055     0.0080  |       0.4342      0.0882
 265     -0.0495        1.0000  |    0.0989/  0.1402/  0.1565            0.1565          -0.2069     0.0091  |       0.4342      0.0882
 266     -0.0495        1.0000  |    0.0797/  0.1407/  0.1529            0.1529          -0.2055     0.0088  |       0.4342      0.0882
 267     -0.0495        1.0000  |    0.1110/  0.1334/  0.1470            0.1470          -0.2055     0.0066  |       0.4342      0.0882
 268     -0.0495        1.0000  |    0.1011/  0.1414/  0.1548            0.1548          -0.2069     0.0076  |       0.4342      0.0882
 269     -0.0495        1.0000  |    0.1102/  0.1453/  0.1591            0.1591          -0.2069     0.0087  |       0.4342      0.0882
 270     -0.0495        1.0000  |    0.1073/  0.1437/  0.1555            0.1555          -0.2069     0.0064  |       0.4342      0.0882
 271     -0.0495        1.0000  |    0.1218/  0.1422/  0.1543            0.1543          -0.2069     0.0072  |       0.4342      0.0882
 272     -0.0495        1.0000  |    0.1107/  0.1403/  0.1547            0.1547          -0.2069     0.0065  |       0.4342      0.0882
 273     -0.0495        1.0000  |    0.1080/  0.1376/  0.1504            0.1504          -0.2069     0.0114  |       0.4340      0.0882
 274     -0.0495        1.0000  |    0.1188/  0.1395/  0.1520            0.1520          -0.2069     0.0080  |       0.4342      0.0882
 275     -0.0495        1.0000  |    0.1141/  0.1394/  0.1543            0.1543          -0.2069     0.0069  |       0.4342      0.0882
 276     -0.0495        1.0000  |    0.0954/  0.1404/  0.1530            0.1530          -0.2055     0.0084  |       0.4342      0.0882
 277     -0.0495        1.0000  |    0.1075/  0.1417/  0.1525            0.1525          -0.2069     0.0064  |       0.4342      0.0882
 278     -0.0495        1.0000  |    0.1004/  0.1388/  0.1541            0.1541          -0.2069     0.0064  |       0.4338      0.0882
 279     -0.0495        1.0000  |    0.1093/  0.1440/  0.1577            0.1577          -0.2055     0.0086  |       0.4341      0.0882
 280     -0.0495        1.0000  |    0.1075/  0.1437/  0.1553            0.1553          -0.2069     0.0074  |       0.4342      0.0882
 281     -0.0495        1.0000  |    0.1098/  0.1392/  0.1530            0.1530          -0.2055     0.0098  |       0.4342      0.0882
 282     -0.0495        1.0000  |    0.1064/  0.1382/  0.1518            0.1518          -0.2055     0.0066  |       0.4342      0.0882
 283     -0.0495        1.0000  |    0.0982/  0.1373/  0.1534            0.1534          -0.2069     0.0085  |       0.4342      0.0882
 284     -0.0495        1.0000  |    0.0968/  0.1402/  0.1538            0.1538          -0.2055     0.0065  |       0.4342      0.0882
 285     -0.0495        1.0000  |    0.1043/  0.1432/  0.1551            0.1551          -0.2055     0.0093  |       0.4340      0.0882
 286     -0.0495        1.0000  |    0.1123/  0.1395/  0.1546            0.1546          -0.2069     0.0098  |       0.4342      0.0882
 287     -0.0495        1.0000  |    0.1076/  0.1445/  0.1563            0.1563          -0.2069     0.0079  |       0.4342      0.0882
 288     -0.0495        1.0000  |    0.1075/  0.1402/  0.1559            0.1559          -0.2069     0.0092  |       0.4342      0.0882
 289     -0.0495        1.0000  |    0.1014/  0.1434/  0.1568            0.1568          -0.2069     0.0079  |       0.4342      0.0882
 290     -0.0495        1.0000  |    0.1096/  0.1436/  0.1555            0.1555          -0.2069     0.0079  |       0.4342      0.0882
 291     -0.0495        1.0000  |    0.0913/  0.1365/  0.1492            0.1492          -0.2069     0.0079  |       0.4342      0.0882
 292     -0.0495        1.0000  |    0.1159/  0.1370/  0.1504            0.1504          -0.2069     0.0072  |       0.4342      0.0882
 293     -0.0495        1.0000  |    0.1064/  0.1329/  0.1485            0.1485          -0.2069     0.0078  |       0.4342      0.0882
 294     -0.0495        1.0000  |    0.1094/  0.1381/  0.1521            0.1521          -0.2069     0.0070  |       0.4342      0.0882
 295     -0.0495        1.0000  |    0.1149/  0.1400/  0.1527            0.1527          -0.2069     0.0065  |       0.4342      0.0882
 296     -0.0495        1.0000  |    0.1090/  0.1406/  0.1553            0.1553          -0.2069     0.0082  |       0.4342      0.0882
 297     -0.0495        1.0000  |    0.0975/  0.1442/  0.1583            0.1583          -0.2069     0.0053  |       0.4342      0.0882
 298     -0.0495        1.0000  |    0.0997/  0.1438/  0.1561            0.1561          -0.2069     0.0072  |       0.4342      0.0882
 299     -0.0495        1.0000  |    0.1083/  0.1434/  0.1576            0.1576          -0.2069     0.0079  |       0.4340      0.0882
IMAGEIO FFMPEG_WRITER WARNING: input image is not divisible by macro_block_size=16, resizing from (320, 180) to (320, 192) to ensure video compatibility with most codecs and players. To prevent resizing, make your input image divisible by the macro_block_size or set the macro_block_size to 1 (risking incompatibility).

Saved 300 frames -> /home/ashwink/Documents/swms/SWM_copy/rollouts_5_per/expert+subopt/epoch9/epoch9_rollout0_failure.mp4
min dist(green_cube,blue_moon) over episode = 0.0882  ->  FAILURE
Full log written to /home/ashwink/Documents/swms/SWM_copy/rollouts_5_per/expert+subopt/epoch9/epoch9_rollout0_20260723_130722.log
Result json -> /home/ashwink/Documents/swms/SWM_copy/rollouts_5_per/expert+subopt/epoch9/epoch9_rollout0_result.json
