Checkpoint dir epoch: 9  Rollout: 4
Logging to /home/ashwink/Documents/swms/SWM_copy/rollouts_5_per/expert+subopt/epoch9/epoch9_rollout4_20260723_131403.log
Goal (fixed, steps 0-299): the green cube is touching the blue moon. the peg is touching the green cube.

Checkpoint: /home/ashwink/Documents/swms/SWM_copy/training/checkpoints_clip_full_fine-tuned_with_subopt_data/epoch_009.pt
  epoch=9  step=16860

Loading CLIP ViT-L/14 (datacomp_xl_s13b_b90k) + fine-tuned clip_state_dict ...
Parsing model identifier. Schema: None, Identifier: ViT-L-14
Loaded built-in ViT-L-14 model config.
Instantiating model architecture: CLIP
Loading full pretrained weights from: /home/ashwink/.cache/huggingface/hub/models--laion--CLIP-ViT-L-14-DataComp.XL-s13B-b90K/snapshots/84c9828e63dc9a9351d1fe637c346d4c1c4db341/open_clip_pytorch_model.bin
Final image preprocessing configuration set: {'size': (224, 224), 'mode': 'RGB', 'mean': (0.48145466, 0.4578275, 0.40821073), 'std': (0.26862954, 0.26130258, 0.27577711), 'interpolation': 'bicubic', 'resize_mode': 'shortest', 'fill_color': 0}
Model ViT-L-14 creation process complete.
Parsing tokenizer identifier. Schema: None, Identifier: ViT-L-14
Attempting to load config from built-in: ViT-L-14
Using default SimpleTokenizer.
z_star shape: torch.Size([768])

Loading action stats from /home/ashwink/full_data_5000/langtable/demos/ ...
  lo=[-0.03372681140899658, -0.03493623435497284]  hi=[0.03496786952018738, 0.03494429588317871]

Initializing LangTable env ...
Loading URDF plane.urdf
Loading URDF /home/ashwink/Documents/swms/.venv/lib/python3.10/site-packages/language_table/environments/utils/../../../language_table/environments/assets/workspace_real.urdf
Loading URDF xarm/xarm6_robot_white.urdf
Loading URDF /home/ashwink/Documents/swms/.venv/lib/python3.10/site-packages/language_table/environments/utils/../../../language_table/environments/assets/suction/cylinder_real.urdf
Loading URDF /home/ashwink/Documents/swms/.venv/lib/python3.10/site-packages/language_table/environments/utils/../../../language_table/environments/assets/blocks/red_moon.urdf
Loading URDF /home/ashwink/Documents/swms/.venv/lib/python3.10/site-packages/language_table/environments/utils/../../../language_table/environments/assets/blocks/red_cube.urdf
Loading URDF /home/ashwink/Documents/swms/.venv/lib/python3.10/site-packages/language_table/environments/utils/../../../language_table/environments/assets/blocks/red_star.urdf
Loading URDF /home/ashwink/Documents/swms/.venv/lib/python3.10/site-packages/language_table/environments/utils/../../../language_table/environments/assets/blocks/red_pentagon.urdf
Loading URDF /home/ashwink/Documents/swms/.venv/lib/python3.10/site-packages/language_table/environments/utils/../../../language_table/environments/assets/blocks/blue_moon.urdf
Loading URDF /home/ashwink/Documents/swms/.venv/lib/python3.10/site-packages/language_table/environments/utils/../../../language_table/environments/assets/blocks/blue_cube.urdf
Loading URDF /home/ashwink/Documents/swms/.venv/lib/python3.10/site-packages/language_table/environments/utils/../../../language_table/environments/assets/blocks/blue_star.urdf
Loading URDF /home/ashwink/Documents/swms/.venv/lib/python3.10/site-packages/language_table/environments/utils/../../../language_table/environments/assets/blocks/blue_pentagon.urdf
Loading URDF /home/ashwink/Documents/swms/.venv/lib/python3.10/site-packages/language_table/environments/utils/../../../language_table/environments/assets/blocks/yellow_moon.urdf
Loading URDF /home/ashwink/Documents/swms/.venv/lib/python3.10/site-packages/language_table/environments/utils/../../../language_table/environments/assets/blocks/yellow_cube.urdf
Loading URDF /home/ashwink/Documents/swms/.venv/lib/python3.10/site-packages/language_table/environments/utils/../../../language_table/environments/assets/blocks/yellow_star.urdf
Loading URDF /home/ashwink/Documents/swms/.venv/lib/python3.10/site-packages/language_table/environments/utils/../../../language_table/environments/assets/blocks/yellow_pentagon.urdf
Loading URDF /home/ashwink/Documents/swms/.venv/lib/python3.10/site-packages/language_table/environments/utils/../../../language_table/environments/assets/blocks/green_moon.urdf
Loading URDF /home/ashwink/Documents/swms/.venv/lib/python3.10/site-packages/language_table/environments/utils/../../../language_table/environments/assets/blocks/green_cube.urdf
Loading URDF /home/ashwink/Documents/swms/.venv/lib/python3.10/site-packages/language_table/environments/utils/../../../language_table/environments/assets/blocks/green_star.urdf
Loading URDF /home/ashwink/Documents/swms/.venv/lib/python3.10/site-packages/language_table/environments/utils/../../../language_table/environments/assets/blocks/green_pentagon.urdf
Loading URDF /home/ashwink/Documents/swms/.venv/lib/python3.10/site-packages/language_table/environments/utils/../../../language_table/environments/assets/blocks/purple_moon.urdf
Loading URDF /home/ashwink/Documents/swms/.venv/lib/python3.10/site-packages/language_table/environments/utils/../../../language_table/environments/assets/blocks/purple_cube.urdf
Loading URDF /home/ashwink/Documents/swms/.venv/lib/python3.10/site-packages/language_table/environments/utils/../../../language_table/environments/assets/blocks/purple_star.urdf
Loading URDF /home/ashwink/Documents/swms/.venv/lib/python3.10/site-packages/language_table/environments/utils/../../../language_table/environments/assets/blocks/purple_pentagon.urdf
Env ready.

Forced peg start: [0.42843915 0.24419614]  (green_cube=[0.40339102 0.18967466], blue_moon=[0.32039625 0.00902261])
  dist(peg,green_cube)=0.0600  dist(peg,blue_moon)=0.2588  dist(green_cube,blue_moon)=0.1988

step  cos(zt,z*)  cos(zt,zt-1)  |   cos(predK,z*) min/mean/max  cos(pred_sel,z*)   cos(zpred0,z*)  ||a_raw||  |  dist(peg,A)   dist(A,B)
-------------------------------------------------------------------------------------------------------------------------------------------------------------------------------
   0      0.1684           nan  |    0.2978/  0.3000/  0.3022            0.3022           0.6561     0.0101  |       0.0587      0.1988
   1      0.1640        0.9876  |    0.6529/  0.6691/  0.6797            0.6797           0.6514     0.0114  |       0.0559      0.1988
   2      0.1661        0.9905  |    0.6944/  0.7059/  0.7142            0.7142           0.6556     0.0136  |       0.0476      0.1988
   3      0.1623        0.9531  |    0.7021/  0.7188/  0.7251            0.7251           0.6611     0.0158  |       0.0357      0.1976
   4      0.1802        0.8889  |    0.6702/  0.6963/  0.7021            0.7021           0.6487     0.0133  |       0.0338      0.1876
   5      0.1740        0.8364  |    0.6941/  0.7201/  0.7269            0.7269           0.6446     0.0179  |       0.0340      0.1792
   6      0.1619        0.8342  |    0.6739/  0.6960/  0.7060            0.7060           0.6117     0.0127  |       0.0352      0.1685
   7      0.1449        0.8285  |    0.6738/  0.6894/  0.6969            0.6969           0.5905     0.0129  |       0.0351      0.1585
   8      0.1275        0.8240  |    0.6520/  0.6654/  0.6733            0.6733           0.5415     0.0129  |       0.0358      0.1493
   9      0.1052        0.8852  |    0.6552/  0.6706/  0.6781            0.6781           0.5378     0.0123  |       0.0360      0.1431
  10      0.1020        0.8440  |    0.6607/  0.6796/  0.6865            0.6865           0.5140     0.0175  |       0.0351      0.1367
  11      0.1145        0.8758  |    0.5882/  0.6015/  0.6134            0.6134           0.4476     0.0100  |       0.0403      0.1354
  12      0.1088        0.8377  |    0.5455/  0.5600/  0.5711            0.5711           0.3078     0.0072  |       0.0394      0.1320
  13      0.1005        0.8237  |    0.6141/  0.6403/  0.6498            0.6498           0.5580     0.0090  |       0.0373      0.1298
  14      0.1019        0.7634  |    0.5870/  0.6095/  0.6187            0.6187           0.1960     0.0067  |       0.0358      0.1271
  15      0.1110        0.8633  |    0.6055/  0.6193/  0.6280            0.6280           0.3303     0.0046  |       0.0359      0.1249
  16      0.1225        0.9125  |    0.6100/  0.6223/  0.6313            0.6313           0.3905     0.0069  |       0.0368      0.1244
  17      0.1259        0.8829  |    0.6349/  0.6753/  0.6851            0.6851           0.4779     0.0085  |       0.0365      0.1221
  18      0.0932        0.8340  |    0.6710/  0.6990/  0.7081            0.7081           0.4260     0.0154  |       0.0363      0.1193
  19      0.1088        0.7949  |    0.5965/  0.6306/  0.6395            0.6395           0.4080     0.0044  |       0.0381      0.1155
  20      0.1097        0.9406  |    0.6449/  0.6601/  0.6687            0.6687           0.3399     0.0089  |       0.0422      0.1155
  21      0.1067        0.9244  |    0.6080/  0.6628/  0.6742            0.6742           0.2170     0.0083  |       0.0491      0.1155
  22      0.0715        0.9315  |    0.3885/  0.4260/  0.4399            0.4399          -0.2074     0.0069  |       0.0545      0.1155
  23      0.0430        0.8933  |    0.0869/  0.0966/  0.1075            0.1075          -0.3834     0.0079  |       0.0605      0.1155
  24      0.0611        0.9466  |    0.3533/  0.4063/  0.4352            0.4352          -0.3330     0.0072  |       0.0653      0.1155
  25      0.0039        0.9305  |    0.2743/  0.3145/  0.3375            0.3375          -0.3522     0.0143  |       0.0721      0.1155
  26     -0.0136        0.9095  |    0.4300/  0.4505/  0.4672            0.4672          -0.3677     0.0143  |       0.0854      0.1155
  27     -0.0609        0.8088  |    0.0752/  0.1015/  0.1205            0.1205          -0.3071     0.0189  |       0.0967      0.1155
  28     -0.0696        0.8127  |    0.0425/  0.0667/  0.0849            0.0849          -0.3169     0.0132  |       0.1086      0.1155
  29     -0.0210        0.8405  |   -0.0291/ -0.0075/  0.0050            0.0050          -0.2983     0.0076  |       0.1176      0.1155
  30     -0.0089        0.8717  |    0.1499/  0.1683/  0.1821            0.1821          -0.3628     0.0078  |       0.1215      0.1155
  31     -0.0696        0.8670  |    0.1460/  0.1760/  0.1920            0.1920          -0.3739     0.0118  |       0.1244      0.1155
  32     -0.0618        0.8180  |    0.1534/  0.1830/  0.1995            0.1995          -0.3650     0.0119  |       0.1287      0.1155
  33     -0.0583        0.8319  |    0.2246/  0.2578/  0.2805            0.2805          -0.3180     0.0160  |       0.1389      0.1155
  34     -0.0981        0.8010  |    0.2483/  0.2933/  0.3189            0.3189          -0.3432     0.0217  |       0.1498      0.1155
  35     -0.0811        0.8063  |    0.0469/  0.0909/  0.1418            0.1418          -0.3105     0.0416  |       0.1672      0.1155
  36     -0.0838        0.7467  |   -0.2644/ -0.2407/ -0.2165           -0.2165          -0.2451     0.0360  |       0.2019      0.1155
  37     -0.0763        0.8106  |   -0.2368/ -0.2071/ -0.1816           -0.1816          -0.2662     0.0451  |       0.2363      0.1155
  38     -0.0425        0.7471  |   -0.2108/ -0.1896/ -0.1707           -0.1707          -0.3471     0.0440  |       0.2785      0.1155
  39      0.0071        0.7190  |    0.1505/  0.1793/  0.1975            0.1975          -0.1805     0.0400  |       0.3212      0.1155
  40     -0.0177        0.6991  |   -0.0108/  0.0098/  0.0213            0.0213          -0.3184     0.0397  |       0.3610      0.1155
  41     -0.0324        0.9674  |   -0.0944/ -0.0798/ -0.0664           -0.0664          -0.3476     0.0254  |       0.3969      0.1155
  42     -0.0422        0.9893  |   -0.0602/ -0.0304/  0.0019            0.0019          -0.3426     0.0212  |       0.4102      0.1155
  43     -0.0300        0.9924  |    0.0634/  0.0866/  0.1037            0.1037          -0.3523     0.0200  |       0.4196      0.1155
  44     -0.0325        0.9989  |    0.1140/  0.1350/  0.1525            0.1525          -0.3460     0.0128  |       0.4309      0.1155
  45     -0.0325        1.0000  |    0.1206/  0.1465/  0.1584            0.1584          -0.3462     0.0111  |       0.4337      0.1155
  46     -0.0325        1.0000  |    0.1293/  0.1491/  0.1594            0.1594          -0.3462     0.0129  |       0.4347      0.1155
  47     -0.0325        1.0000  |    0.1296/  0.1518/  0.1646            0.1646          -0.3462     0.0159  |       0.4316      0.1155
  48     -0.0325        1.0000  |    0.1194/  0.1357/  0.1469            0.1469          -0.3462     0.0145  |       0.4221      0.1155
  49     -0.0325        1.0000  |    0.1264/  0.1438/  0.1542            0.1542          -0.3462     0.0144  |       0.4109      0.1155
  50     -0.0325        1.0000  |    0.1208/  0.1425/  0.1549            0.1549          -0.3462     0.0135  |       0.4015      0.1155
  51     -0.0325        1.0000  |    0.1310/  0.1463/  0.1569            0.1569          -0.3462     0.0148  |       0.3927      0.1155
  52     -0.0325        1.0000  |    0.1016/  0.1195/  0.1329            0.1329          -0.3462     0.0167  |       0.3825      0.1155
  53     -0.0325        1.0000  |    0.1181/  0.1387/  0.1532            0.1532          -0.3462     0.0130  |       0.3723      0.1155
  54     -0.0041        0.9211  |    0.0203/  0.0435/  0.0582            0.0582          -0.1349     0.0092  |       0.3647      0.1155
  55      0.0232        0.9613  |   -0.1180/ -0.0999/ -0.0869           -0.0869           0.0950     0.0145  |       0.3609      0.1155
  56      0.0096        0.9645  |   -0.1381/ -0.1097/ -0.0774           -0.0774          -0.1386     0.0077  |       0.3556      0.1155
  57      0.0207        0.9741  |    0.1977/  0.2359/  0.2699            0.2699          -0.0528     0.0104  |       0.3576      0.1155
  58      0.0025        0.9720  |    0.2983/  0.3321/  0.3706            0.3706          -0.0377     0.0224  |       0.3630      0.1155
  59     -0.0325        0.8869  |   -0.0611/ -0.0310/ -0.0080           -0.0080          -0.3462     0.0107  |       0.3795      0.1155
  60     -0.0325        1.0000  |   -0.0041/  0.0447/  0.0624            0.0624          -0.3462     0.0047  |       0.3892      0.1155
  61     -0.0325        1.0000  |    0.0621/  0.0783/  0.0896            0.0896          -0.3462     0.0112  |       0.3900      0.1155
  62     -0.0325        1.0000  |    0.1044/  0.1221/  0.1377            0.1377          -0.3462     0.0108  |       0.3918      0.1155
  63     -0.0325        1.0000  |    0.1245/  0.1493/  0.1588            0.1588          -0.3462     0.0103  |       0.3882      0.1155
  64     -0.0325        1.0000  |    0.1256/  0.1442/  0.1581            0.1581          -0.3462     0.0119  |       0.3861      0.1155
  65     -0.0325        1.0000  |    0.1122/  0.1411/  0.1545            0.1545          -0.3462     0.0166  |       0.3806      0.1155
  66     -0.0325        1.0000  |    0.1202/  0.1344/  0.1458            0.1458          -0.3462     0.0145  |       0.3723      0.1155
  67      0.0002        0.8924  |   -0.1001/ -0.0783/ -0.0530           -0.0530          -0.0531     0.0107  |       0.3628      0.1155
  68      0.0165        0.9705  |    0.0429/  0.0621/  0.0797            0.0797          -0.0078     0.0122  |       0.3579      0.1155
  69      0.0260        0.9833  |    0.0025/  0.0175/  0.0326            0.0326           0.0473     0.0121  |       0.3590      0.1155
  70      0.0167        0.9895  |   -0.0139/  0.0059/  0.0271            0.0271          -0.0652     0.0089  |       0.3600      0.1155
  71      0.0022        0.9788  |    0.2059/  0.2614/  0.2917            0.2917          -0.0452     0.0201  |       0.3630      0.1155
  72     -0.0325        0.8884  |    0.0507/  0.0751/  0.0928            0.0928          -0.3462     0.0182  |       0.3773      0.1155
  73     -0.0325        1.0000  |    0.1218/  0.1431/  0.1557            0.1557          -0.3462     0.0112  |       0.3893      0.1155
  74     -0.0325        1.0000  |    0.1243/  0.1416/  0.1537            0.1537          -0.3462     0.0106  |       0.3896      0.1155
  75     -0.0325        1.0000  |    0.1339/  0.1485/  0.1580            0.1580          -0.3462     0.0085  |       0.3892      0.1155
  76     -0.0325        1.0000  |    0.1344/  0.1514/  0.1607            0.1607          -0.3462     0.0103  |       0.3875      0.1155
  77     -0.0325        1.0000  |    0.1263/  0.1538/  0.1646            0.1646          -0.3462     0.0138  |       0.3848      0.1155
  78     -0.0325        1.0000  |    0.1178/  0.1403/  0.1536            0.1536          -0.3462     0.0155  |       0.3782      0.1155
  79     -0.0124        0.9728  |    0.1415/  0.1593/  0.1717            0.1717          -0.3408     0.0126  |       0.3693      0.1155
  80      0.0018        0.9348  |   -0.0781/ -0.0581/ -0.0440           -0.0440          -0.0504     0.0100  |       0.3631      0.1155
  81      0.0181        0.9768  |   -0.0390/ -0.0164/ -0.0012           -0.0012          -0.0267     0.0091  |       0.3596      0.1155
  82      0.0216        0.9872  |    0.1749/  0.2081/  0.2399            0.2399           0.1050     0.0127  |       0.3610      0.1155
  83     -0.0169        0.9077  |    0.0588/  0.0849/  0.1047            0.1047          -0.3244     0.0087  |       0.3683      0.1155
  84     -0.0325        0.9642  |    0.1355/  0.1500/  0.1608            0.1608          -0.3462     0.0105  |       0.3735      0.1155
  85     -0.0325        1.0000  |    0.1274/  0.1450/  0.1598            0.1598          -0.3462     0.0099  |       0.3728      0.1155
  86     -0.0246        0.9835  |    0.1005/  0.1147/  0.1257            0.1257          -0.3277     0.0116  |       0.3700      0.1155
  87     -0.0067        0.9721  |    0.0396/  0.0576/  0.0710            0.0710          -0.2351     0.0112  |       0.3658      0.1155
  88     -0.0007        0.9840  |    0.0051/  0.0198/  0.0337            0.0337          -0.0918     0.0100  |       0.3639      0.1155
  89      0.0075        0.9919  |    0.0487/  0.0730/  0.0896            0.0896          -0.0003     0.0104  |       0.3616      0.1155
  90      0.0042        0.9937  |    0.0112/  0.0402/  0.0671            0.0671          -0.0486     0.0096  |       0.3623      0.1155
  91     -0.0095        0.9681  |    0.0556/  0.0830/  0.1116            0.1116          -0.2436     0.0069  |       0.3667      0.1155
  92     -0.0258        0.9738  |    0.1308/  0.1494/  0.1587            0.1587          -0.3249     0.0107  |       0.3698      0.1155
  93     -0.0325        0.9849  |    0.1342/  0.1550/  0.1649            0.1649          -0.3462     0.0108  |       0.3744      0.1155
  94     -0.0325        1.0000  |    0.1219/  0.1441/  0.1553            0.1553          -0.3462     0.0139  |       0.3727      0.1155
  95     -0.0064        0.9328  |   -0.0058/  0.0144/  0.0302            0.0302          -0.1799     0.0144  |       0.3653      0.1155
  96      0.0131        0.9408  |   -0.1720/ -0.1484/ -0.1258           -0.1258          -0.1477     0.0109  |       0.3570      0.1155
  97      0.0183        0.9790  |   -0.0090/  0.0089/  0.0236            0.0236          -0.0828     0.0104  |       0.3576      0.1155
  98      0.0106        0.9774  |    0.0734/  0.1015/  0.1258            0.1258           0.0123     0.0110  |       0.3624      0.1155
  99      0.0008        0.9718  |    0.0465/  0.0685/  0.0827            0.0827          -0.1228     0.0087  |       0.3656      0.1155
 100     -0.0329        0.9198  |   -0.0026/  0.0298/  0.0536            0.0536          -0.3466     0.0095  |       0.3714      0.1155
 101     -0.0325        0.9996  |    0.1022/  0.1211/  0.1345            0.1345          -0.3462     0.0081  |       0.3778      0.1155
 102     -0.0317        0.9999  |    0.1172/  0.1427/  0.1556            0.1556          -0.3485     0.0092  |       0.3801      0.1155
 103     -0.0325        0.9999  |    0.1306/  0.1504/  0.1598            0.1598          -0.3462     0.0114  |       0.3781      0.1155
 104     -0.0317        0.9999  |    0.1258/  0.1507/  0.1624            0.1624          -0.3485     0.0116  |       0.3751      0.1155
 105     -0.0165        0.9644  |    0.0698/  0.0858/  0.0996            0.0996          -0.3170     0.0132  |       0.3690      0.1155
 106      0.0000        0.9445  |   -0.1287/ -0.1119/ -0.0957           -0.0957           0.0194     0.0092  |       0.3628      0.1155
 107      0.0219        0.9682  |    0.0213/  0.0492/  0.0631            0.0631          -0.0671     0.0108  |       0.3574      0.1155
 108      0.0187        0.9771  |    0.0438/  0.0607/  0.0721            0.0721          -0.1488     0.0098  |       0.3568      0.1155
 109      0.0108        0.9755  |    0.0028/  0.0184/  0.0339            0.0339           0.0562     0.0100  |       0.3586      0.1155
 110      0.0244        0.9843  |    0.0653/  0.0836/  0.0987            0.0987           0.1536     0.0103  |       0.3609      0.1155
 111      0.0105        0.9872  |    0.2374/  0.3093/  0.3577            0.3577           0.0052     0.0165  |       0.3623      0.1155
 112     -0.0317        0.8669  |   -0.0268/ -0.0040/  0.0224            0.0224          -0.3485     0.0049  |       0.3723      0.1155
 113     -0.0317        1.0000  |    0.0643/  0.0867/  0.1024            0.1024          -0.3485     0.0133  |       0.3767      0.1155
 114     -0.0317        1.0000  |    0.0841/  0.1021/  0.1174            0.1174          -0.3485     0.0098  |       0.3806      0.1155
 115     -0.0317        1.0000  |    0.1240/  0.1417/  0.1550            0.1550          -0.3485     0.0097  |       0.3817      0.1155
 116     -0.0317        1.0000  |    0.1307/  0.1509/  0.1632            0.1632          -0.3485     0.0139  |       0.3806      0.1155
 117     -0.0317        1.0000  |    0.1203/  0.1465/  0.1610            0.1610          -0.3485     0.0143  |       0.3745      0.1155
 118     -0.0071        0.9452  |    0.0099/  0.0318/  0.0524            0.0524          -0.2572     0.0140  |       0.3662      0.1155
 119      0.0115        0.9477  |   -0.0855/ -0.0666/ -0.0504           -0.0504          -0.0812     0.0094  |       0.3585      0.1155
 120      0.0243        0.9782  |    0.0027/  0.0357/  0.0623            0.0623           0.0079     0.0046  |       0.3576      0.1155
 121      0.0183        0.9716  |    0.2372/  0.2884/  0.3268            0.3268          -0.0984     0.0193  |       0.3603      0.1155
 122     -0.0316        0.8478  |   -0.0620/ -0.0324/ -0.0114           -0.0114          -0.3479     0.0117  |       0.3720      0.1155
 123     -0.0317        1.0000  |   -0.0555/ -0.0296/ -0.0127           -0.0127          -0.3485     0.0074  |       0.3807      0.1155
 124     -0.0317        1.0000  |    0.0295/  0.0616/  0.0833            0.0833          -0.3485     0.0085  |       0.3854      0.1155
 125     -0.0317        1.0000  |    0.1297/  0.1480/  0.1594            0.1594          -0.3485     0.0066  |       0.3908      0.1155
 126     -0.0317        1.0000  |    0.1338/  0.1508/  0.1617            0.1617          -0.3485     0.0086  |       0.3920      0.1155
 127     -0.0317        1.0000  |    0.1277/  0.1489/  0.1618            0.1618          -0.3485     0.0107  |       0.3913      0.1155
 128     -0.0317        1.0000  |    0.1007/  0.1258/  0.1399            0.1399          -0.3485     0.0122  |       0.3862      0.1155
 129     -0.0317        1.0000  |    0.1209/  0.1494/  0.1619            0.1619          -0.3485     0.0149  |       0.3815      0.1155
 130     -0.0317        1.0000  |    0.1280/  0.1521/  0.1684            0.1684          -0.3485     0.0136  |       0.3733      0.1155
 131     -0.0020        0.9250  |   -0.0289/ -0.0064/  0.0111            0.0111          -0.1564     0.0185  |       0.3659      0.1155
 132      0.0153        0.9567  |   -0.0648/ -0.0475/ -0.0329           -0.0329           0.0841     0.0167  |       0.3587      0.1155
 133      0.0106        0.9511  |   -0.1231/ -0.1059/ -0.0914           -0.0914          -0.1793     0.0169  |       0.3529      0.1155
 134     -0.0083        0.9434  |   -0.2535/ -0.2324/ -0.2105           -0.2105          -0.1721     0.0082  |       0.3494      0.1155
 135      0.0077        0.9550  |   -0.1466/ -0.1355/ -0.1269           -0.1269          -0.0907     0.0076  |       0.3519      0.1155
 136      0.0028        0.9512  |   -0.2214/ -0.1997/ -0.1817           -0.1817          -0.1410     0.0095  |       0.3536      0.1155
 137      0.0190        0.9740  |   -0.0610/ -0.0462/ -0.0348           -0.0348          -0.1689     0.0108  |       0.3558      0.1155
 138      0.0249        0.9789  |   -0.0064/  0.0175/  0.0293            0.0293           0.0433     0.0092  |       0.3577      0.1155
 139      0.0194        0.9869  |    0.0727/  0.1013/  0.1233            0.1233           0.0323     0.0089  |       0.3590      0.1155
 140      0.0030        0.9712  |    0.1048/  0.1339/  0.1697            0.1697          -0.0389     0.0112  |       0.3637      0.1155
 141     -0.0323        0.8894  |   -0.0873/ -0.0516/ -0.0235           -0.0235          -0.3517     0.0146  |       0.3712      0.1155
 142     -0.0316        0.9992  |    0.1189/  0.1372/  0.1495            0.1495          -0.3488     0.0089  |       0.3828      0.1155
 143     -0.0317        1.0000  |    0.1172/  0.1288/  0.1401            0.1401          -0.3492     0.0156  |       0.3860      0.1155
 144     -0.0317        1.0000  |    0.1206/  0.1394/  0.1509            0.1509          -0.3492     0.0120  |       0.3806      0.1155
 145     -0.0317        1.0000  |    0.1264/  0.1497/  0.1627            0.1627          -0.3492     0.0152  |       0.3731      0.1155
 146      0.0018        0.8937  |   -0.1302/ -0.1057/ -0.0862           -0.0862          -0.0717     0.0143  |       0.3636      0.1155
 147      0.0275        0.9597  |   -0.1080/ -0.0760/ -0.0482           -0.0482          -0.1250     0.0058  |       0.3561      0.1155
 148      0.0103        0.9805  |   -0.0982/ -0.0519/ -0.0139           -0.0139          -0.1920     0.0126  |       0.3544      0.1155
 149      0.0122        0.9539  |    0.4014/  0.4388/  0.4600            0.4600          -0.0253     0.0228  |       0.3627      0.1155
 150     -0.0317        0.8762  |   -0.1261/ -0.0963/ -0.0766           -0.0766          -0.3492     0.0173  |       0.3760      0.1155
 151     -0.0317        1.0000  |   -0.1202/ -0.0873/ -0.0630           -0.0630          -0.3492     0.0140  |       0.3899      0.1155
 152     -0.0317        1.0000  |   -0.0021/  0.0391/  0.0618            0.0618          -0.3492     0.0058  |       0.3982      0.1155
 153     -0.0317        1.0000  |    0.0500/  0.0761/  0.0932            0.0932          -0.3492     0.0083  |       0.4031      0.1155
 154     -0.0317        1.0000  |    0.0540/  0.0789/  0.0933            0.0933          -0.3492     0.0103  |       0.4046      0.1155
 155     -0.0317        1.0000  |    0.0415/  0.0530/  0.0631            0.0631          -0.3492     0.0084  |       0.4078      0.1155
 156     -0.0317        1.0000  |    0.0623/  0.0909/  0.1071            0.1071          -0.3492     0.0098  |       0.4130      0.1155
 157     -0.0317        1.0000  |    0.1193/  0.1416/  0.1552            0.1552          -0.3492     0.0057  |       0.4175      0.1155
 158     -0.0317        1.0000  |    0.1229/  0.1482/  0.1610            0.1610          -0.3492     0.0109  |       0.4190      0.1155
 159     -0.0317        1.0000  |    0.1294/  0.1491/  0.1619            0.1619          -0.3492     0.0126  |       0.4171      0.1155
 160     -0.0317        1.0000  |    0.1355/  0.1532/  0.1637            0.1637          -0.3492     0.0144  |       0.4121      0.1155
 161     -0.0317        1.0000  |    0.1221/  0.1493/  0.1618            0.1618          -0.3492     0.0165  |       0.4058      0.1155
 162     -0.0317        1.0000  |    0.1013/  0.1266/  0.1438            0.1438          -0.3492     0.0213  |       0.3956      0.1155
 163     -0.0317        1.0000  |    0.1091/  0.1464/  0.1583            0.1583          -0.3492     0.0186  |       0.3809      0.1155
 164     -0.0152        0.9642  |    0.0805/  0.0982/  0.1113            0.1113          -0.3297     0.0112  |       0.3695      0.1155
 165      0.0028        0.9438  |   -0.1409/ -0.1242/ -0.1075           -0.1075          -0.0158     0.0113  |       0.3645      0.1155
 166      0.0177        0.9747  |    0.0324/  0.0865/  0.1346            0.1346          -0.0612     0.0190  |       0.3584      0.1155
 167     -0.0249        0.9092  |    0.0333/  0.0679/  0.0910            0.0910          -0.3401     0.0134  |       0.3714      0.1155
 168     -0.0317        0.9814  |    0.0583/  0.0794/  0.0979            0.0979          -0.3492     0.0180  |       0.3782      0.1155
 169     -0.0317        1.0000  |    0.0844/  0.1042/  0.1154            0.1154          -0.3492     0.0104  |       0.3831      0.1155
 170     -0.0317        1.0000  |    0.1161/  0.1320/  0.1434            0.1434          -0.3492     0.0118  |       0.3848      0.1155
 171     -0.0317        1.0000  |    0.1238/  0.1448/  0.1567            0.1567          -0.3492     0.0117  |       0.3807      0.1155
 172     -0.0317        1.0000  |    0.1226/  0.1463/  0.1589            0.1589          -0.3492     0.0134  |       0.3742      0.1155
 173     -0.0038        0.9347  |   -0.0384/ -0.0212/ -0.0058           -0.0058          -0.1848     0.0140  |       0.3662      0.1155
 174      0.0212        0.9412  |   -0.0835/ -0.0566/ -0.0387           -0.0387           0.0456     0.0220  |       0.3595      0.1155
 175      0.0127        0.9100  |   -0.3319/ -0.3142/ -0.3038           -0.3038          -0.1939     0.0313  |       0.3472      0.1155
 176     -0.0231        0.8585  |   -0.3385/ -0.3148/ -0.2908           -0.2908          -0.3294     0.0255  |       0.3251      0.1155
 177     -0.0340        0.8972  |   -0.1592/ -0.1192/ -0.0956           -0.0956          -0.3630     0.0176  |       0.3021      0.1155
 178     -0.0681        0.8202  |   -0.1888/ -0.1710/ -0.1584           -0.1584          -0.3884     0.0248  |       0.2861      0.1155
 179     -0.0404        0.9127  |   -0.0762/ -0.0590/ -0.0391           -0.0391          -0.3969     0.0284  |       0.2743      0.1155
 180     -0.0339        0.8564  |   -0.0900/ -0.0746/ -0.0661           -0.0661          -0.3545     0.0295  |       0.2702      0.1155
 181     -0.0476        0.9160  |   -0.1327/ -0.1166/ -0.1072           -0.1072          -0.3337     0.0315  |       0.2736      0.1155
 182     -0.0226        0.9332  |   -0.0661/ -0.0514/ -0.0417           -0.0417          -0.3316     0.0351  |       0.2772      0.1155
 183     -0.0036        0.9424  |    0.0216/  0.0391/  0.0512            0.0512          -0.3984     0.0362  |       0.2827      0.1155
 184     -0.0029        0.9381  |   -0.0245/ -0.0108/ -0.0008           -0.0008          -0.5047     0.0306  |       0.2928      0.1155
 185      0.0107        0.9436  |   -0.0312/ -0.0187/ -0.0092           -0.0092          -0.4207     0.0303  |       0.3051      0.1155
 186      0.0113        0.9460  |    0.0039/  0.0303/  0.0413            0.0413          -0.3125     0.0309  |       0.3209      0.1155
 187     -0.0008        0.9427  |   -0.0468/ -0.0242/ -0.0086           -0.0086          -0.4081     0.0361  |       0.3387      0.1155
 188     -0.0317        0.9126  |   -0.1900/ -0.1743/ -0.1625           -0.1625          -0.3492     0.0285  |       0.3624      0.1155
 189     -0.0317        1.0000  |   -0.1894/ -0.1690/ -0.1567           -0.1567          -0.3492     0.0309  |       0.3808      0.1155
 190     -0.0317        1.0000  |   -0.1942/ -0.1724/ -0.1601           -0.1601          -0.3495     0.0292  |       0.4029      0.1155
 191     -0.0317        1.0000  |   -0.2000/ -0.1784/ -0.1645           -0.1645          -0.3495     0.0285  |       0.4231      0.1155
 192     -0.0317        1.0000  |   -0.2055/ -0.1764/ -0.1598           -0.1598          -0.3492     0.0311  |       0.4435      0.1155
 193     -0.0317        1.0000  |   -0.1983/ -0.1772/ -0.1640           -0.1640          -0.3495     0.0312  |       0.4646      0.1155
 194     -0.0317        1.0000  |   -0.1987/ -0.1820/ -0.1679           -0.1679          -0.3495     0.0340  |       0.4695      0.1155
 195     -0.0317        1.0000  |   -0.2072/ -0.1874/ -0.1715           -0.1715          -0.3495     0.0287  |       0.4699      0.1155
 196     -0.0317        1.0000  |   -0.2203/ -0.1985/ -0.1818           -0.1818          -0.3495     0.0302  |       0.4699      0.1155
 197     -0.0317        1.0000  |   -0.1617/ -0.1047/ -0.0816           -0.0816          -0.3495     0.0228  |       0.4699      0.1155
 198     -0.0317        1.0000  |   -0.1230/ -0.1001/ -0.0858           -0.0858          -0.3495     0.0218  |       0.4699      0.1155
 199     -0.0317        1.0000  |   -0.1093/ -0.0734/ -0.0542           -0.0542          -0.3495     0.0082  |       0.4699      0.1155
 200     -0.0317        1.0000  |    0.0010/  0.0252/  0.0440            0.0440          -0.3495     0.0018  |       0.4699      0.1155
 201     -0.0317        1.0000  |    0.0680/  0.0868/  0.0985            0.0985          -0.3495     0.0060  |       0.4692      0.1155
 202     -0.0317        1.0000  |    0.0790/  0.1028/  0.1161            0.1161          -0.3495     0.0118  |       0.4675      0.1155
 203     -0.0317        1.0000  |    0.1162/  0.1367/  0.1503            0.1503          -0.3495     0.0085  |       0.4636      0.1155
 204     -0.0317        1.0000  |    0.1216/  0.1342/  0.1425            0.1425          -0.3495     0.0101  |       0.4595      0.1155
 205     -0.0317        1.0000  |    0.1269/  0.1519/  0.1638            0.1638          -0.3495     0.0145  |       0.4549      0.1155
 206     -0.0317        1.0000  |    0.1228/  0.1374/  0.1505            0.1505          -0.3495     0.0173  |       0.4431      0.1155
 207     -0.0317        1.0000  |    0.1217/  0.1476/  0.1591            0.1591          -0.3495     0.0169  |       0.4265      0.1155
 208     -0.0317        1.0000  |    0.1115/  0.1328/  0.1466            0.1466          -0.3495     0.0196  |       0.4097      0.1155
 209     -0.0073        0.8907  |   -0.0578/ -0.0222/  0.0087            0.0087          -0.3691     0.0141  |       0.3904      0.1155
 210     -0.0136        0.9882  |    0.0259/  0.0461/  0.0606            0.0606          -0.3755     0.0156  |       0.3789      0.1155
 211      0.0034        0.9876  |    0.0338/  0.0582/  0.0720            0.0720          -0.3171     0.0139  |       0.3735      0.1155
 212     -0.0045        0.9619  |    0.0893/  0.1078/  0.1254            0.1254          -0.3608     0.0191  |       0.3673      0.1155
 213     -0.0089        0.9811  |    0.2661/  0.2909/  0.3058            0.3058          -0.3697     0.0151  |       0.3634      0.1155
 214     -0.0317        0.9322  |    0.1131/  0.1305/  0.1387            0.1387          -0.3495     0.0203  |       0.3629      0.1155
 215     -0.0317        1.0000  |    0.1295/  0.1496/  0.1618            0.1618          -0.3495     0.0132  |       0.3562      0.1155
 216     -0.0190        0.9559  |    0.1598/  0.1702/  0.1790            0.1790          -0.3594     0.0237  |       0.3458      0.1155
 217      0.0002        0.9335  |    0.0042/  0.0272/  0.0474            0.0474          -0.4041     0.0167  |       0.3289      0.1155
 218      0.0141        0.9304  |    0.0381/  0.0591/  0.0734            0.0734          -0.2514     0.0168  |       0.3185      0.1155
 219      0.0246        0.9595  |   -0.0497/ -0.0319/ -0.0182           -0.0182          -0.2595     0.0170  |       0.3148      0.1155
 220      0.0170        0.9659  |   -0.1369/ -0.1187/ -0.1034           -0.1034          -0.4019     0.0342  |       0.3131      0.1155
 221      0.0142        0.9588  |   -0.0788/ -0.0605/ -0.0440           -0.0440          -0.4326     0.0340  |       0.3062      0.1155
 222     -0.0019        0.8631  |   -0.2324/ -0.2084/ -0.1973           -0.1973          -0.3793     0.0406  |       0.2971      0.1155
 223     -0.0284        0.9190  |   -0.3356/ -0.3203/ -0.3050           -0.3050          -0.3436     0.0255  |       0.2739      0.1155
 224     -0.0502        0.9138  |   -0.2630/ -0.2459/ -0.2321           -0.2321          -0.3166     0.0145  |       0.2566      0.1155
 225     -0.0679        0.8939  |   -0.1497/ -0.1306/ -0.1161           -0.1161          -0.2799     0.0305  |       0.2469      0.1155
 226     -0.0901        0.7173  |    0.0157/  0.0484/  0.0677            0.0677          -0.2477     0.0310  |       0.2212      0.1155
 227     -0.0706        0.8301  |    0.1967/  0.2199/  0.2325            0.2325          -0.2405     0.0308  |       0.1949      0.1155
 228     -0.0886        0.6748  |    0.0402/  0.0919/  0.1080            0.1080          -0.2885     0.0291  |       0.1675      0.1155
 229     -0.0641        0.6251  |    0.0342/  0.0672/  0.0844            0.0844          -0.2325     0.0294  |       0.1479      0.1155
 230     -0.1033        0.5855  |   -0.2882/ -0.2691/ -0.2555           -0.2555          -0.3040     0.0170  |       0.1342      0.1155
 231     -0.0940        0.6577  |   -0.3472/ -0.2989/ -0.2804           -0.2804          -0.3736     0.0090  |       0.1305      0.1155
 232     -0.0675        0.8032  |   -0.2809/ -0.2457/ -0.2228           -0.2228          -0.4319     0.0182  |       0.1247      0.1155
 233     -0.0485        0.7730  |   -0.3044/ -0.2838/ -0.2766           -0.2766          -0.4091     0.0193  |       0.1083      0.1155
 234     -0.0768        0.7682  |   -0.1966/ -0.1829/ -0.1757           -0.1757          -0.3446     0.0198  |       0.0892      0.1155
 235     -0.0723        0.7801  |   -0.1237/ -0.0980/ -0.0863           -0.0863          -0.1750     0.0229  |       0.0696      0.1155
 236      0.0258        0.7762  |    0.1035/  0.1624/  0.1741            0.1741          -0.1394     0.0278  |       0.0509      0.1146
 237      0.0919        0.6904  |    0.5801/  0.6000/  0.6063            0.6063           0.4393     0.0164  |       0.0351      0.1155
 238      0.1029        0.8376  |    0.6556/  0.6674/  0.6792            0.6792           0.5934     0.0211  |       0.0345      0.1169
 239      0.1042        0.7778  |    0.5743/  0.6044/  0.6313            0.6313           0.4304     0.0182  |       0.0410      0.1170
 240      0.0828        0.9321  |    0.5699/  0.5881/  0.5973            0.5973           0.0121     0.0072  |       0.0513      0.1170
 241      0.0439        0.9389  |    0.2631/  0.2813/  0.2919            0.2919          -0.2459     0.0049  |       0.0590      0.1170
 242     -0.0004        0.9265  |    0.0298/  0.0521/  0.0614            0.0614          -0.3164     0.0122  |       0.0629      0.1170
 243      0.0070        0.9112  |    0.0574/  0.0962/  0.1083            0.1083          -0.3285     0.0180  |       0.0728      0.1170
 244     -0.0315        0.8769  |   -0.1989/ -0.1672/ -0.1452           -0.1452          -0.4044     0.0271  |       0.0876      0.1210
 245     -0.0393        0.8019  |   -0.2092/ -0.1916/ -0.1795           -0.1795          -0.4510     0.0342  |       0.1120      0.1333
 246     -0.0690        0.8048  |   -0.1518/ -0.1294/ -0.1132           -0.1132          -0.3326     0.0334  |       0.1427      0.1333
 247     -0.0102        0.8161  |   -0.1076/ -0.0852/ -0.0671           -0.0671          -0.4145     0.0343  |       0.1738      0.1333
 248      0.0623        0.7713  |   -0.2062/ -0.1891/ -0.1728           -0.1728          -0.4479     0.0347  |       0.2063      0.1333
 249      0.0256        0.9208  |   -0.3153/ -0.2941/ -0.2795           -0.2795          -0.4495     0.0343  |       0.2385      0.1333
 250     -0.0125        0.9474  |   -0.3530/ -0.3324/ -0.3160           -0.3160          -0.4615     0.0357  |       0.2721      0.1333
 251     -0.0171        0.9427  |   -0.3529/ -0.3255/ -0.3034           -0.3034          -0.4844     0.0370  |       0.3060      0.1333
 252      0.0040        0.8217  |   -0.1942/ -0.1550/ -0.1314           -0.1314          -0.2904     0.0367  |       0.3366      0.1333
 253     -0.0048        0.9341  |   -0.1700/ -0.1322/ -0.1039           -0.1039          -0.2701     0.0275  |       0.3624      0.1333
 254     -0.0052        0.9880  |   -0.1303/ -0.1019/ -0.0796           -0.0796          -0.2606     0.0244  |       0.3888      0.1333
 255     -0.0052        1.0000  |   -0.1572/ -0.1281/ -0.1097           -0.1097          -0.2606     0.0279  |       0.4118      0.1333
 256     -0.0052        1.0000  |   -0.1555/ -0.1339/ -0.1149           -0.1149          -0.2606     0.0284  |       0.4155      0.1333
 257     -0.0052        1.0000  |   -0.1543/ -0.1215/ -0.0988           -0.0988          -0.2606     0.0261  |       0.4177      0.1333
 258     -0.0052        1.0000  |   -0.1337/ -0.1086/ -0.0846           -0.0846          -0.2606     0.0227  |       0.4198      0.1333
 259     -0.0052        1.0000  |   -0.1391/ -0.1122/ -0.0937           -0.0937          -0.2606     0.0257  |       0.4215      0.1333
 260     -0.0052        1.0000  |   -0.1567/ -0.1214/ -0.1012           -0.1012          -0.2606     0.0288  |       0.4245      0.1333
 261     -0.0052        1.0000  |   -0.1633/ -0.1410/ -0.1202           -0.1202          -0.2606     0.0274  |       0.4285      0.1333
 262     -0.0052        1.0000  |   -0.1534/ -0.1278/ -0.1090           -0.1090          -0.2606     0.0251  |       0.4330      0.1333
 263     -0.0052        1.0000  |   -0.1319/ -0.1134/ -0.0964           -0.0964          -0.2606     0.0278  |       0.4361      0.1333
 264     -0.0052        1.0000  |   -0.1301/ -0.1045/ -0.0833           -0.0833          -0.2606     0.0262  |       0.4409      0.1333
 265     -0.0052        1.0000  |   -0.1321/ -0.1094/ -0.0894           -0.0894          -0.2606     0.0275  |       0.4447      0.1333
 266     -0.0052        1.0000  |   -0.1434/ -0.1179/ -0.0962           -0.0962          -0.2606     0.0266  |       0.4492      0.1333
 267     -0.0052        1.0000  |   -0.1138/ -0.0948/ -0.0749           -0.0749          -0.2606     0.0257  |       0.4543      0.1333
 268     -0.0052        1.0000  |   -0.1560/ -0.1460/ -0.1349           -0.1349          -0.2606     0.0267  |       0.4582      0.1333
 269     -0.0052        1.0000  |   -0.1551/ -0.1244/ -0.0961           -0.0961          -0.2606     0.0255  |       0.4629      0.1333
 270     -0.0052        1.0000  |   -0.1311/ -0.1085/ -0.0911           -0.0911          -0.2606     0.0254  |       0.4639      0.1333
 271     -0.0052        1.0000  |   -0.1440/ -0.1180/ -0.1009           -0.1009          -0.2606     0.0281  |       0.4641      0.1333
 272     -0.0052        1.0000  |   -0.1288/ -0.1004/ -0.0822           -0.0822          -0.2606     0.0284  |       0.4641      0.1333
 273     -0.0052        1.0000  |   -0.1170/ -0.0954/ -0.0781           -0.0781          -0.2606     0.0230  |       0.4641      0.1333
 274     -0.0052        1.0000  |   -0.1304/ -0.1034/ -0.0849           -0.0849          -0.2606     0.0257  |       0.4641      0.1333
 275     -0.0052        1.0000  |   -0.1292/ -0.1076/ -0.0878           -0.0878          -0.2606     0.0227  |       0.4641      0.1333
 276     -0.0052        1.0000  |   -0.1419/ -0.1143/ -0.0958           -0.0958          -0.2606     0.0278  |       0.4641      0.1333
 277     -0.0052        1.0000  |   -0.1678/ -0.1400/ -0.1162           -0.1162          -0.2606     0.0270  |       0.4641      0.1333
 278     -0.0052        1.0000  |   -0.1339/ -0.1110/ -0.0909           -0.0909          -0.2606     0.0255  |       0.4641      0.1333
 279     -0.0052        1.0000  |   -0.1163/ -0.0915/ -0.0760           -0.0760          -0.2606     0.0263  |       0.4642      0.1333
 280     -0.0052        1.0000  |   -0.1313/ -0.1099/ -0.0950           -0.0950          -0.2606     0.0293  |       0.4642      0.1333
 281     -0.0052        1.0000  |   -0.1289/ -0.1089/ -0.0933           -0.0933          -0.2613     0.0250  |       0.4642      0.1333
 282     -0.0052        1.0000  |   -0.1148/ -0.0876/ -0.0702           -0.0702          -0.2606     0.0240  |       0.4642      0.1333
 283     -0.0052        1.0000  |   -0.1466/ -0.1233/ -0.0993           -0.0993          -0.2606     0.0318  |       0.4642      0.1333
 284     -0.0052        1.0000  |   -0.1363/ -0.1094/ -0.0874           -0.0874          -0.2606     0.0269  |       0.4642      0.1333
 285     -0.0052        1.0000  |   -0.1356/ -0.1110/ -0.0926           -0.0926          -0.2606     0.0263  |       0.4642      0.1333
 286     -0.0052        1.0000  |   -0.1198/ -0.0996/ -0.0821           -0.0821          -0.2606     0.0285  |       0.4642      0.1333
 287     -0.0052        1.0000  |   -0.1162/ -0.0970/ -0.0805           -0.0805          -0.2606     0.0257  |       0.4642      0.1333
 288     -0.0052        1.0000  |   -0.1270/ -0.1057/ -0.0866           -0.0866          -0.2613     0.0257  |       0.4642      0.1333
 289     -0.0052        1.0000  |   -0.1208/ -0.1008/ -0.0842           -0.0842          -0.2613     0.0228  |       0.4642      0.1333
 290     -0.0052        1.0000  |   -0.1399/ -0.1184/ -0.0992           -0.0992          -0.2613     0.0252  |       0.4642      0.1333
 291     -0.0052        1.0000  |   -0.1490/ -0.1272/ -0.1073           -0.1073          -0.2615     0.0288  |       0.4642      0.1333
 292     -0.0052        1.0000  |   -0.1156/ -0.0963/ -0.0781           -0.0781          -0.2615     0.0215  |       0.4642      0.1333
 293     -0.0052        1.0000  |   -0.1170/ -0.0998/ -0.0827           -0.0827          -0.2615     0.0272  |       0.4642      0.1333
 294     -0.0052        1.0000  |   -0.1102/ -0.0905/ -0.0759           -0.0759          -0.2615     0.0219  |       0.4642      0.1333
 295     -0.0052        1.0000  |   -0.1152/ -0.0984/ -0.0786           -0.0786          -0.2613     0.0248  |       0.4642      0.1333
 296     -0.0052        1.0000  |   -0.1472/ -0.1235/ -0.1006           -0.1006          -0.2615     0.0251  |       0.4642      0.1333
 297     -0.0052        1.0000  |   -0.1321/ -0.1055/ -0.0826           -0.0826          -0.2615     0.0253  |       0.4642      0.1333
 298     -0.0052        1.0000  |   -0.1349/ -0.1158/ -0.0957           -0.0957          -0.2615     0.0288  |       0.4642      0.1333
 299     -0.0052        1.0000  |   -0.1441/ -0.1099/ -0.0889           -0.0889          -0.2615     0.0247  |       0.4642      0.1333
IMAGEIO FFMPEG_WRITER WARNING: input image is not divisible by macro_block_size=16, resizing from (320, 180) to (320, 192) to ensure video compatibility with most codecs and players. To prevent resizing, make your input image divisible by the macro_block_size or set the macro_block_size to 1 (risking incompatibility).

Saved 300 frames -> /home/ashwink/Documents/swms/SWM_copy/rollouts_5_per/expert+subopt/epoch9/epoch9_rollout4_failure.mp4
min dist(green_cube,blue_moon) over episode = 0.1146  ->  FAILURE
Full log written to /home/ashwink/Documents/swms/SWM_copy/rollouts_5_per/expert+subopt/epoch9/epoch9_rollout4_20260723_131403.log
Result json -> /home/ashwink/Documents/swms/SWM_copy/rollouts_5_per/expert+subopt/epoch9/epoch9_rollout4_result.json
