Checkpoint dir epoch: 9  Rollout: 3
Logging to /home/ashwink/Documents/swms/SWM_copy/rollouts_5_per/expert+subopt/epoch9/epoch9_rollout3_20260723_131221.log
Goal (fixed, steps 0-299): the green cube is touching the blue moon. the peg is touching the green cube.

Checkpoint: /home/ashwink/Documents/swms/SWM_copy/training/checkpoints_clip_full_fine-tuned_with_subopt_data/epoch_009.pt
  epoch=9  step=16860

Loading CLIP ViT-L/14 (datacomp_xl_s13b_b90k) + fine-tuned clip_state_dict ...
Parsing model identifier. Schema: None, Identifier: ViT-L-14
Loaded built-in ViT-L-14 model config.
Instantiating model architecture: CLIP
Loading full pretrained weights from: /home/ashwink/.cache/huggingface/hub/models--laion--CLIP-ViT-L-14-DataComp.XL-s13B-b90K/snapshots/84c9828e63dc9a9351d1fe637c346d4c1c4db341/open_clip_pytorch_model.bin
Final image preprocessing configuration set: {'size': (224, 224), 'mode': 'RGB', 'mean': (0.48145466, 0.4578275, 0.40821073), 'std': (0.26862954, 0.26130258, 0.27577711), 'interpolation': 'bicubic', 'resize_mode': 'shortest', 'fill_color': 0}
Model ViT-L-14 creation process complete.
Parsing tokenizer identifier. Schema: None, Identifier: ViT-L-14
Attempting to load config from built-in: ViT-L-14
Using default SimpleTokenizer.
z_star shape: torch.Size([768])

Loading action stats from /home/ashwink/full_data_5000/langtable/demos/ ...
  lo=[-0.03372681140899658, -0.03493623435497284]  hi=[0.03496786952018738, 0.03494429588317871]

Initializing LangTable env ...
Loading URDF plane.urdf
Loading URDF /home/ashwink/Documents/swms/.venv/lib/python3.10/site-packages/language_table/environments/utils/../../../language_table/environments/assets/workspace_real.urdf
Loading URDF xarm/xarm6_robot_white.urdf
Loading URDF /home/ashwink/Documents/swms/.venv/lib/python3.10/site-packages/language_table/environments/utils/../../../language_table/environments/assets/suction/cylinder_real.urdf
Loading URDF /home/ashwink/Documents/swms/.venv/lib/python3.10/site-packages/language_table/environments/utils/../../../language_table/environments/assets/blocks/red_moon.urdf
Loading URDF /home/ashwink/Documents/swms/.venv/lib/python3.10/site-packages/language_table/environments/utils/../../../language_table/environments/assets/blocks/red_cube.urdf
Loading URDF /home/ashwink/Documents/swms/.venv/lib/python3.10/site-packages/language_table/environments/utils/../../../language_table/environments/assets/blocks/red_star.urdf
Loading URDF /home/ashwink/Documents/swms/.venv/lib/python3.10/site-packages/language_table/environments/utils/../../../language_table/environments/assets/blocks/red_pentagon.urdf
Loading URDF /home/ashwink/Documents/swms/.venv/lib/python3.10/site-packages/language_table/environments/utils/../../../language_table/environments/assets/blocks/blue_moon.urdf
Loading URDF /home/ashwink/Documents/swms/.venv/lib/python3.10/site-packages/language_table/environments/utils/../../../language_table/environments/assets/blocks/blue_cube.urdf
Loading URDF /home/ashwink/Documents/swms/.venv/lib/python3.10/site-packages/language_table/environments/utils/../../../language_table/environments/assets/blocks/blue_star.urdf
Loading URDF /home/ashwink/Documents/swms/.venv/lib/python3.10/site-packages/language_table/environments/utils/../../../language_table/environments/assets/blocks/blue_pentagon.urdf
Loading URDF /home/ashwink/Documents/swms/.venv/lib/python3.10/site-packages/language_table/environments/utils/../../../language_table/environments/assets/blocks/yellow_moon.urdf
Loading URDF /home/ashwink/Documents/swms/.venv/lib/python3.10/site-packages/language_table/environments/utils/../../../language_table/environments/assets/blocks/yellow_cube.urdf
Loading URDF /home/ashwink/Documents/swms/.venv/lib/python3.10/site-packages/language_table/environments/utils/../../../language_table/environments/assets/blocks/yellow_star.urdf
Loading URDF /home/ashwink/Documents/swms/.venv/lib/python3.10/site-packages/language_table/environments/utils/../../../language_table/environments/assets/blocks/yellow_pentagon.urdf
Loading URDF /home/ashwink/Documents/swms/.venv/lib/python3.10/site-packages/language_table/environments/utils/../../../language_table/environments/assets/blocks/green_moon.urdf
Loading URDF /home/ashwink/Documents/swms/.venv/lib/python3.10/site-packages/language_table/environments/utils/../../../language_table/environments/assets/blocks/green_cube.urdf
Loading URDF /home/ashwink/Documents/swms/.venv/lib/python3.10/site-packages/language_table/environments/utils/../../../language_table/environments/assets/blocks/green_star.urdf
Loading URDF /home/ashwink/Documents/swms/.venv/lib/python3.10/site-packages/language_table/environments/utils/../../../language_table/environments/assets/blocks/green_pentagon.urdf
Loading URDF /home/ashwink/Documents/swms/.venv/lib/python3.10/site-packages/language_table/environments/utils/../../../language_table/environments/assets/blocks/purple_moon.urdf
Loading URDF /home/ashwink/Documents/swms/.venv/lib/python3.10/site-packages/language_table/environments/utils/../../../language_table/environments/assets/blocks/purple_cube.urdf
Loading URDF /home/ashwink/Documents/swms/.venv/lib/python3.10/site-packages/language_table/environments/utils/../../../language_table/environments/assets/blocks/purple_star.urdf
Loading URDF /home/ashwink/Documents/swms/.venv/lib/python3.10/site-packages/language_table/environments/utils/../../../language_table/environments/assets/blocks/purple_pentagon.urdf
Env ready.

Forced peg start: [0.42843915 0.24419614]  (green_cube=[0.40339102 0.18967466], blue_moon=[0.32039625 0.00902261])
  dist(peg,green_cube)=0.0600  dist(peg,blue_moon)=0.2588  dist(green_cube,blue_moon)=0.1988

step  cos(zt,z*)  cos(zt,zt-1)  |   cos(predK,z*) min/mean/max  cos(pred_sel,z*)   cos(zpred0,z*)  ||a_raw||  |  dist(peg,A)   dist(A,B)
-------------------------------------------------------------------------------------------------------------------------------------------------------------------------------
   0      0.1684           nan  |    0.6422/  0.6549/  0.6661            0.6661           0.6561     0.0173  |       0.0587      0.1988
   1      0.1746        0.9863  |    0.6708/  0.6856/  0.6925            0.6925           0.6444     0.0132  |       0.0589      0.1988
   2      0.1768        0.9902  |    0.6864/  0.6961/  0.7040            0.7040           0.6477     0.0114  |       0.0491      0.1988
   3      0.1793        0.9867  |    0.6888/  0.6985/  0.7048            0.7048           0.6504     0.0131  |       0.0397      0.1988
   4      0.1776        0.8869  |    0.6484/  0.6637/  0.6742            0.6742           0.6123     0.0106  |       0.0396      0.1932
   5      0.1839        0.8209  |    0.6818/  0.7060/  0.7134            0.7134           0.6240     0.0147  |       0.0397      0.1877
   6      0.1466        0.8254  |    0.6689/  0.6812/  0.6886            0.6886           0.6175     0.0117  |       0.0402      0.1815
   7      0.1671        0.7797  |    0.6388/  0.6675/  0.6766            0.6766           0.6130     0.0080  |       0.0397      0.1776
   8      0.1406        0.8375  |    0.6828/  0.7032/  0.7151            0.7151           0.5970     0.0099  |       0.0394      0.1743
   9      0.1267        0.7323  |    0.6010/  0.6160/  0.6258            0.6258           0.4937     0.0097  |       0.0378      0.1701
  10      0.1381        0.7348  |    0.5879/  0.6015/  0.6118            0.6118           0.4260     0.0119  |       0.0361      0.1669
  11      0.1157        0.7521  |    0.6166/  0.6398/  0.6513            0.6513           0.4713     0.0141  |       0.0350      0.1688
  12      0.1260        0.7580  |    0.6397/  0.6571/  0.6682            0.6682           0.4581     0.0137  |       0.0353      0.1655
  13      0.1106        0.8034  |    0.3425/  0.3586/  0.3700            0.3700          -0.0194     0.0077  |       0.0363      0.1645
  14      0.1228        0.9042  |    0.3780/  0.3997/  0.4135            0.4135           0.0663     0.0118  |       0.0395      0.1645
  15      0.0782        0.8842  |    0.2043/  0.2261/  0.2390            0.2390          -0.1349     0.0097  |       0.0461      0.1645
  16      0.0788        0.9040  |    0.0628/  0.0794/  0.0897            0.0897          -0.2097     0.0075  |       0.0542      0.1645
  17      0.0531        0.9252  |   -0.1198/ -0.1056/ -0.0960           -0.0960          -0.2631     0.0065  |       0.0618      0.1645
  18      0.0603        0.9503  |   -0.0999/ -0.0828/ -0.0717           -0.0717          -0.2825     0.0049  |       0.0684      0.1645
  19      0.0513        0.9494  |   -0.0978/ -0.0806/ -0.0702           -0.0702          -0.2586     0.0039  |       0.0732      0.1645
  20      0.0499        0.9634  |   -0.2159/ -0.1994/ -0.1885           -0.1885          -0.3491     0.0036  |       0.0771      0.1645
  21      0.0067        0.9621  |   -0.2752/ -0.2388/ -0.2192           -0.2192          -0.4168     0.0032  |       0.0806      0.1645
  22     -0.0042        0.9598  |   -0.4042/ -0.3699/ -0.3533           -0.3533          -0.4507     0.0043  |       0.0835      0.1645
  23      0.0050        0.9513  |   -0.3295/ -0.3094/ -0.2876           -0.2876          -0.4206     0.0044  |       0.0875      0.1645
  24     -0.0025        0.9759  |   -0.3492/ -0.3237/ -0.2981           -0.2981          -0.4021     0.0129  |       0.0900      0.1645
  25      0.0074        0.9346  |   -0.3813/ -0.3550/ -0.3342           -0.3342          -0.4176     0.0067  |       0.0839      0.1645
  26     -0.0105        0.9644  |   -0.3212/ -0.2800/ -0.2341           -0.2341          -0.4165     0.0318  |       0.0837      0.1645
  27     -0.0177        0.7938  |   -0.0915/ -0.0703/ -0.0482           -0.0482          -0.4268     0.0225  |       0.1059      0.1645
  28     -0.0027        0.8117  |   -0.1094/ -0.0927/ -0.0754           -0.0754          -0.4176     0.0332  |       0.1232      0.1645
  29     -0.0395        0.7642  |   -0.2657/ -0.2505/ -0.2342           -0.2342          -0.3780     0.0425  |       0.1190      0.1645
  30     -0.0675        0.6515  |   -0.3189/ -0.2916/ -0.2682           -0.2682          -0.3083     0.0452  |       0.1450      0.1645
  31     -0.0918        0.6368  |   -0.2417/ -0.2249/ -0.2045           -0.2045          -0.3166     0.0376  |       0.1805      0.1645
  32     -0.0755        0.7126  |   -0.2672/ -0.2433/ -0.2241           -0.2241          -0.2639     0.0394  |       0.2168      0.1645
  33     -0.0456        0.7124  |    0.0818/  0.1051/  0.1219            0.1219          -0.2629     0.0400  |       0.2534      0.1645
  34     -0.0588        0.5983  |   -0.0938/ -0.0740/ -0.0601           -0.0601          -0.2683     0.0343  |       0.2919      0.1645
  35     -0.0557        0.6465  |   -0.2252/ -0.2045/ -0.1917           -0.1917          -0.2404     0.0317  |       0.3258      0.1645
  36     -0.0052        0.6690  |   -0.2073/ -0.1907/ -0.1801           -0.1801          -0.2477     0.0302  |       0.3536      0.1645
  37     -0.0059        0.7584  |   -0.1929/ -0.1684/ -0.1465           -0.1465          -0.2839     0.0304  |       0.3728      0.1645
  38     -0.0087        0.9994  |   -0.1631/ -0.1391/ -0.1219           -0.1219          -0.2839     0.0324  |       0.3818      0.1645
  39     -0.0093        1.0000  |   -0.1771/ -0.1463/ -0.1313           -0.1313          -0.2823     0.0316  |       0.3888      0.1645
  40     -0.0093        1.0000  |   -0.1919/ -0.1656/ -0.1445           -0.1445          -0.2822     0.0321  |       0.3986      0.1645
  41     -0.0086        1.0000  |   -0.1971/ -0.1735/ -0.1475           -0.1475          -0.2835     0.0325  |       0.4020      0.1645
  42     -0.0088        1.0000  |   -0.2102/ -0.1813/ -0.1586           -0.1586          -0.2826     0.0337  |       0.4122      0.1645
  43     -0.0088        1.0000  |   -0.2516/ -0.2075/ -0.1808           -0.1808          -0.2825     0.0344  |       0.4214      0.1645
  44     -0.0089        1.0000  |   -0.0939/ -0.0584/ -0.0401           -0.0401          -0.2833     0.0117  |       0.4239      0.1645
  45     -0.0089        1.0000  |   -0.0651/ -0.0469/ -0.0334           -0.0334          -0.2828     0.0063  |       0.4255      0.1645
  46     -0.0029        0.9916  |   -0.1044/ -0.0817/ -0.0703           -0.0703          -0.2830     0.0046  |       0.4263      0.1645
  47      0.0035        0.9558  |   -0.1831/ -0.1708/ -0.1633           -0.1633          -0.2733     0.0043  |       0.4266      0.1645
  48      0.0144        0.9537  |   -0.0172/  0.0050/  0.0177            0.0177          -0.3341     0.0078  |       0.4264      0.1645
  49      0.0284        0.9252  |   -0.3220/ -0.3025/ -0.2921           -0.2921          -0.3730     0.0066  |       0.4207      0.1645
  50      0.0294        0.9915  |   -0.2335/ -0.2189/ -0.2088           -0.2088          -0.3683     0.0127  |       0.4163      0.1645
  51      0.0107        0.9558  |   -0.1344/ -0.1121/ -0.0966           -0.0966          -0.3233     0.0058  |       0.4155      0.1645
  52      0.0251        0.9832  |   -0.1157/ -0.0989/ -0.0897           -0.0897          -0.3117     0.0052  |       0.4114      0.1645
  53      0.0275        0.9680  |   -0.2428/ -0.2253/ -0.2147           -0.2147          -0.3463     0.0083  |       0.4064      0.1645
  54      0.0262        0.9710  |   -0.1785/ -0.1543/ -0.1419           -0.1419          -0.3405     0.0055  |       0.4038      0.1645
  55      0.0311        0.9866  |   -0.1939/ -0.1733/ -0.1648           -0.1648          -0.3549     0.0046  |       0.3987      0.1645
  56      0.0394        0.9866  |   -0.2792/ -0.2606/ -0.2517           -0.2517          -0.3767     0.0075  |       0.3948      0.1645
  57      0.0284        0.9868  |   -0.3221/ -0.3063/ -0.2974           -0.2974          -0.3704     0.0083  |       0.3919      0.1645
  58      0.0252        0.9927  |   -0.3109/ -0.2954/ -0.2870           -0.2870          -0.3585     0.0089  |       0.3893      0.1645
  59      0.0219        0.9594  |   -0.1849/ -0.1656/ -0.1557           -0.1557          -0.3039     0.0085  |       0.3862      0.1645
  60      0.0307        0.9740  |   -0.2777/ -0.2609/ -0.2517           -0.2517          -0.3506     0.0052  |       0.3802      0.1645
  61      0.0269        0.9900  |   -0.2183/ -0.2016/ -0.1923           -0.1923          -0.3435     0.0069  |       0.3764      0.1645
  62      0.0198        0.9658  |   -0.2426/ -0.2217/ -0.2117           -0.2117          -0.3532     0.0078  |       0.3710      0.1645
  63      0.0166        0.9698  |   -0.3307/ -0.3163/ -0.3091           -0.3091          -0.3545     0.0067  |       0.3660      0.1645
  64      0.0220        0.9878  |   -0.3346/ -0.3205/ -0.3119           -0.3119          -0.3528     0.0092  |       0.3633      0.1645
  65      0.0067        0.9550  |   -0.2198/ -0.2041/ -0.1912           -0.1912          -0.3152     0.0055  |       0.3628      0.1645
  66      0.0139        0.9587  |   -0.3317/ -0.3184/ -0.3099           -0.3099          -0.3729     0.0069  |       0.3603      0.1645
  67      0.0027        0.9080  |   -0.2267/ -0.2167/ -0.2076           -0.2076          -0.2900     0.0083  |       0.3568      0.1646
  68     -0.0011        0.9782  |   -0.2137/ -0.1919/ -0.1823           -0.1823          -0.2953     0.0048  |       0.3537      0.1646
  69     -0.0245        0.9758  |   -0.2395/ -0.2242/ -0.2148           -0.2148          -0.3120     0.0072  |       0.3492      0.1646
  70     -0.0352        0.9628  |   -0.2026/ -0.1832/ -0.1753           -0.1753          -0.3292     0.0069  |       0.3459      0.1646
  71     -0.0466        0.9384  |   -0.2719/ -0.2602/ -0.2526           -0.2526          -0.3709     0.0054  |       0.3413      0.1646
  72     -0.0577        0.9670  |   -0.2443/ -0.2340/ -0.2290           -0.2290          -0.3346     0.0074  |       0.3382      0.1646
  73     -0.0661        0.9608  |   -0.3069/ -0.2919/ -0.2832           -0.2832          -0.3582     0.0066  |       0.3321      0.1646
  74     -0.0554        0.9730  |   -0.2985/ -0.2866/ -0.2796           -0.2796          -0.3727     0.0065  |       0.3260      0.1646
  75     -0.0709        0.9513  |   -0.3009/ -0.2878/ -0.2799           -0.2799          -0.4019     0.0041  |       0.3196      0.1646
  76     -0.0726        0.9781  |   -0.2666/ -0.2503/ -0.2443           -0.2443          -0.3725     0.0065  |       0.3164      0.1646
  77     -0.0832        0.9657  |   -0.2563/ -0.2419/ -0.2354           -0.2354          -0.3455     0.0065  |       0.3121      0.1646
  78     -0.0723        0.9680  |   -0.2530/ -0.2400/ -0.2331           -0.2331          -0.3561     0.0043  |       0.3075      0.1646
  79     -0.0711        0.9823  |   -0.2491/ -0.2324/ -0.2256           -0.2256          -0.3386     0.0048  |       0.3049      0.1646
  80     -0.0685        0.9751  |   -0.2459/ -0.2290/ -0.2220           -0.2220          -0.3376     0.0049  |       0.3006      0.1646
  81     -0.0662        0.9686  |   -0.2387/ -0.2252/ -0.2196           -0.2196          -0.3130     0.0075  |       0.2957      0.1646
  82     -0.0886        0.9575  |   -0.2763/ -0.2609/ -0.2554           -0.2554          -0.3540     0.0037  |       0.2885      0.1646
  83     -0.0816        0.9690  |   -0.2392/ -0.2181/ -0.2102           -0.2102          -0.3490     0.0039  |       0.2847      0.1646
  84     -0.0763        0.9695  |   -0.2442/ -0.2325/ -0.2268           -0.2268          -0.3309     0.0052  |       0.2808      0.1646
  85     -0.0713        0.9729  |   -0.2448/ -0.2315/ -0.2257           -0.2257          -0.3535     0.0056  |       0.2760      0.1646
  86     -0.0789        0.9721  |   -0.2529/ -0.2351/ -0.2284           -0.2284          -0.3508     0.0034  |       0.2705      0.1646
  87     -0.0773        0.9722  |   -0.2716/ -0.2571/ -0.2507           -0.2507          -0.3913     0.0046  |       0.2671      0.1646
  88     -0.0752        0.9748  |   -0.2706/ -0.2576/ -0.2519           -0.2519          -0.3678     0.0053  |       0.2625      0.1646
  89     -0.0735        0.9640  |   -0.2387/ -0.2225/ -0.2161           -0.2161          -0.3593     0.0086  |       0.2573      0.1646
  90     -0.0547        0.9447  |   -0.2620/ -0.2491/ -0.2424           -0.2424          -0.3847     0.0065  |       0.2491      0.1646
  91     -0.0530        0.9509  |   -0.2584/ -0.2371/ -0.2296           -0.2296          -0.3669     0.0062  |       0.2439      0.1646
  92     -0.0661        0.9514  |   -0.2693/ -0.2569/ -0.2495           -0.2495          -0.3910     0.0058  |       0.2378      0.1646
  93     -0.0823        0.9472  |   -0.2960/ -0.2719/ -0.2591           -0.2591          -0.4110     0.0049  |       0.2328      0.1646
  94     -0.0895        0.9561  |   -0.3266/ -0.3096/ -0.3016           -0.3016          -0.4139     0.0024  |       0.2285      0.1646
  95     -0.0756        0.9661  |   -0.3362/ -0.3236/ -0.3157           -0.3157          -0.4130     0.0090  |       0.2271      0.1646
  96     -0.0699        0.9591  |   -0.3628/ -0.3466/ -0.3400           -0.3400          -0.4330     0.0088  |       0.2260      0.1646
  97     -0.0384        0.9512  |   -0.3258/ -0.3084/ -0.2995           -0.2995          -0.4118     0.0097  |       0.2216      0.1646
  98     -0.0429        0.9424  |   -0.3900/ -0.3746/ -0.3623           -0.3623          -0.4303     0.0139  |       0.2193      0.1646
  99     -0.0332        0.9392  |   -0.2790/ -0.2631/ -0.2567           -0.2567          -0.3443     0.0087  |       0.2168      0.1646
 100      0.0164        0.9612  |   -0.2789/ -0.2605/ -0.2532           -0.2532          -0.3830     0.0106  |       0.2172      0.1646
 101      0.0210        0.9233  |   -0.3386/ -0.3248/ -0.3185           -0.3185          -0.3838     0.0107  |       0.2142      0.1646
 102     -0.0359        0.9204  |   -0.2972/ -0.2803/ -0.2725           -0.2725          -0.3348     0.0128  |       0.2101      0.1646
 103     -0.0065        0.9264  |   -0.2282/ -0.2099/ -0.2007           -0.2007          -0.2935     0.0168  |       0.2067      0.1646
 104     -0.0016        0.8924  |   -0.1470/ -0.1207/ -0.1107           -0.1107          -0.2430     0.0240  |       0.1958      0.1646
 105     -0.0219        0.7849  |   -0.1513/ -0.1220/ -0.1112           -0.1112          -0.2919     0.0181  |       0.1816      0.1639
 106     -0.0675        0.8252  |   -0.1484/ -0.1267/ -0.1184           -0.1184          -0.2901     0.0180  |       0.1702      0.1521
 107     -0.0784        0.8875  |   -0.1021/ -0.0851/ -0.0768           -0.0768          -0.2640     0.0195  |       0.1599      0.1471
 108     -0.0973        0.7590  |   -0.1257/ -0.1098/ -0.1040           -0.1040          -0.2286     0.0161  |       0.1483      0.1372
 109     -0.1117        0.8461  |   -0.1106/ -0.0748/ -0.0632           -0.0632          -0.2000     0.0219  |       0.1393      0.1351
 110     -0.1491        0.7478  |   -0.1258/ -0.0700/ -0.0521           -0.0521          -0.2057     0.0222  |       0.1278      0.1303
 111     -0.1367        0.6918  |    0.1340/  0.1685/  0.1891            0.1891          -0.1882     0.0063  |       0.1152      0.1287
 112     -0.1344        0.8398  |    0.0423/  0.1487/  0.1847            0.1847          -0.2502     0.0165  |       0.1164      0.1311
 113     -0.1547        0.7774  |    0.0588/  0.0847/  0.1008            0.1008          -0.2002     0.0083  |       0.1087      0.1315
 114     -0.0624        0.6710  |   -0.1284/ -0.0786/ -0.0608           -0.0608          -0.1628     0.0283  |       0.1073      0.1325
 115     -0.0362        0.7099  |   -0.2098/ -0.1903/ -0.1791           -0.1791          -0.2827     0.0020  |       0.0963      0.1325
 116     -0.0364        0.8966  |   -0.1942/ -0.1716/ -0.1542           -0.1542          -0.3137     0.0048  |       0.0957      0.1325
 117     -0.0093        0.9735  |    0.1947/  0.2283/  0.2617            0.2617          -0.3670     0.0144  |       0.0914      0.1325
 118     -0.0538        0.9040  |   -0.1259/ -0.0449/ -0.0032           -0.0032          -0.2463     0.0259  |       0.1041      0.1325
 119     -0.0967        0.7565  |   -0.2290/ -0.1909/ -0.1575           -0.1575          -0.2571     0.0032  |       0.1154      0.1420
 120     -0.0494        0.9158  |   -0.2628/ -0.2432/ -0.2243           -0.2243          -0.3672     0.0090  |       0.1151      0.1422
 121     -0.0386        0.7864  |   -0.2713/ -0.2282/ -0.2121           -0.2121          -0.4159     0.0207  |       0.1104      0.1422
 122     -0.1272        0.6947  |    0.3434/  0.3983/  0.4256            0.4256          -0.3117     0.0185  |       0.1243      0.1490
 123     -0.1151        0.7607  |   -0.1291/ -0.0978/ -0.0877           -0.0877          -0.1932     0.0109  |       0.1356      0.1619
 124     -0.0949        0.7593  |   -0.1980/ -0.1767/ -0.1630           -0.1630          -0.2518     0.0169  |       0.1400      0.1672
 125     -0.1121        0.7493  |   -0.1492/ -0.1053/ -0.0921           -0.0921          -0.1816     0.0088  |       0.1559      0.1845
 126     -0.1004        0.7811  |   -0.1090/ -0.0847/ -0.0694           -0.0694          -0.1763     0.0042  |       0.1597      0.1869
 127     -0.0993        0.8842  |   -0.1193/ -0.0990/ -0.0858           -0.0858          -0.2765     0.0192  |       0.1597      0.1869
 128     -0.1533        0.7447  |    0.0932/  0.1830/  0.2221            0.2221          -0.2872     0.0240  |       0.1628      0.1884
 129     -0.1371        0.7439  |    0.2088/  0.2539/  0.2811            0.2811          -0.1758     0.0019  |       0.1526      0.1884
 130     -0.1399        0.9771  |   -0.1006/  0.0096/  0.0356            0.0356          -0.1969     0.0134  |       0.1513      0.1884
 131     -0.1287        0.8832  |   -0.1777/ -0.1335/ -0.1151           -0.1151          -0.2682     0.0158  |       0.1578      0.1884
 132     -0.1527        0.7017  |    0.2651/  0.3630/  0.3990            0.3990          -0.2163     0.0287  |       0.1698      0.1944
 133     -0.0945        0.7403  |    0.1935/  0.2749/  0.2942            0.2942          -0.3486     0.0293  |       0.1458      0.1944
 134     -0.1016        0.7069  |   -0.0928/ -0.0137/  0.0248            0.0248          -0.3374     0.0371  |       0.1586      0.1944
 135     -0.1363        0.6803  |    0.1968/  0.4136/  0.4471            0.4471          -0.2744     0.0285  |       0.1726      0.1944
 136     -0.1631        0.7003  |    0.1898/  0.3378/  0.3738            0.3738          -0.2598     0.0191  |       0.1934      0.2084
 137     -0.1198        0.6537  |    0.0968/  0.1030/  0.1101            0.1101          -0.3027     0.0063  |       0.2025      0.2177
 138     -0.1197        0.8765  |    0.2649/  0.3957/  0.4231            0.4231          -0.3607     0.0069  |       0.2006      0.2177
 139     -0.1323        0.9269  |    0.1623/  0.1993/  0.2265            0.2265          -0.2413     0.0406  |       0.1959      0.2177
 140     -0.1221        0.6270  |   -0.1384/ -0.0988/ -0.0808           -0.0808          -0.3757     0.0228  |       0.1786      0.2177
 141     -0.1090        0.8329  |   -0.2918/ -0.2588/ -0.2387           -0.2387          -0.2896     0.0188  |       0.1984      0.2228
 142     -0.1338        0.5705  |    0.0078/  0.0416/  0.0623            0.0623          -0.3388     0.0195  |       0.2038      0.2227
 143     -0.1138        0.6116  |   -0.2440/ -0.2107/ -0.1967           -0.1967          -0.2628     0.0116  |       0.2008      0.2227
 144     -0.1257        0.8142  |   -0.2301/ -0.1956/ -0.1653           -0.1653          -0.3128     0.0140  |       0.2043      0.2227
 145     -0.1133        0.8888  |   -0.1961/ -0.1734/ -0.1593           -0.1593          -0.3038     0.0216  |       0.2138      0.2227
 146     -0.0937        0.7383  |   -0.1554/ -0.1298/ -0.1191           -0.1191          -0.2840     0.0239  |       0.2234      0.2227
 147     -0.1244        0.7705  |   -0.1565/ -0.1241/ -0.1117           -0.1117          -0.2599     0.0130  |       0.2385      0.2252
 148     -0.1477        0.8102  |   -0.1619/ -0.1328/ -0.1220           -0.1220          -0.3008     0.0123  |       0.2382      0.2245
 149     -0.1599        0.7614  |   -0.1790/ -0.1345/ -0.1261           -0.1261          -0.2880     0.0148  |       0.2385      0.2212
 150     -0.1679        0.8192  |   -0.1864/ -0.1642/ -0.1577           -0.1577          -0.3250     0.0156  |       0.2389      0.2172
 151     -0.1405        0.6873  |   -0.2392/ -0.2218/ -0.2153           -0.2153          -0.3213     0.0148  |       0.2421      0.2156
 152     -0.1058        0.8067  |   -0.3130/ -0.2962/ -0.2904           -0.2904          -0.3601     0.0115  |       0.2450      0.2137
 153     -0.1208        0.8352  |   -0.3055/ -0.2943/ -0.2877           -0.2877          -0.3351     0.0131  |       0.2494      0.2148
 154     -0.1098        0.8779  |   -0.3234/ -0.3092/ -0.3028           -0.3028          -0.3308     0.0102  |       0.2568      0.2149
 155     -0.0943        0.9227  |   -0.3317/ -0.3162/ -0.3098           -0.3098          -0.3337     0.0087  |       0.2622      0.2149
 156     -0.0987        0.9286  |   -0.3678/ -0.3529/ -0.3455           -0.3455          -0.3791     0.0086  |       0.2683      0.2149
 157     -0.1073        0.9118  |   -0.3554/ -0.3382/ -0.3173           -0.3173          -0.3669     0.0078  |       0.2741      0.2149
 158     -0.0919        0.9462  |   -0.3499/ -0.3328/ -0.3250           -0.3250          -0.3797     0.0114  |       0.2814      0.2149
 159     -0.1059        0.9534  |   -0.3341/ -0.3163/ -0.3087           -0.3087          -0.3669     0.0091  |       0.2830      0.2149
 160     -0.0848        0.8659  |   -0.3626/ -0.3527/ -0.3467           -0.3467          -0.3836     0.0098  |       0.2825      0.2149
 161     -0.0898        0.9665  |   -0.3585/ -0.3439/ -0.3372           -0.3372          -0.3680     0.0078  |       0.2818      0.2149
 162     -0.0905        0.9778  |   -0.3610/ -0.3497/ -0.3441           -0.3441          -0.3753     0.0067  |       0.2814      0.2149
 163     -0.0986        0.9639  |   -0.3330/ -0.3206/ -0.3142           -0.3142          -0.3539     0.0081  |       0.2810      0.2149
 164     -0.0995        0.9603  |   -0.3325/ -0.3212/ -0.3160           -0.3160          -0.3485     0.0085  |       0.2805      0.2149
 165     -0.1094        0.9468  |   -0.3280/ -0.3139/ -0.3080           -0.3080          -0.3418     0.0092  |       0.2801      0.2149
 166     -0.1095        0.9237  |   -0.2985/ -0.2887/ -0.2819           -0.2819          -0.3321     0.0093  |       0.2798      0.2149
 167     -0.1117        0.9583  |   -0.3294/ -0.3165/ -0.3101           -0.3101          -0.3628     0.0101  |       0.2796      0.2150
 168     -0.1062        0.8651  |   -0.3342/ -0.3226/ -0.3156           -0.3156          -0.3637     0.0107  |       0.2796      0.2150
 169     -0.1374        0.8007  |   -0.2812/ -0.2636/ -0.2561           -0.2561          -0.3115     0.0152  |       0.2797      0.2150
 170     -0.1071        0.8782  |   -0.2917/ -0.2818/ -0.2756           -0.2756          -0.3176     0.0160  |       0.2803      0.2150
 171     -0.1358        0.9117  |   -0.2560/ -0.2405/ -0.2331           -0.2331          -0.2826     0.0177  |       0.2810      0.2150
 172     -0.1019        0.8667  |   -0.2686/ -0.2555/ -0.2485           -0.2485          -0.2865     0.0189  |       0.2823      0.2150
 173     -0.1210        0.8375  |   -0.2031/ -0.1818/ -0.1740           -0.1740          -0.2149     0.0158  |       0.2849      0.2150
 174     -0.1677        0.8377  |   -0.2576/ -0.2466/ -0.2400           -0.2400          -0.2652     0.0163  |       0.2872      0.2150
 175     -0.1073        0.8027  |   -0.2436/ -0.2275/ -0.2192           -0.2192          -0.2505     0.0166  |       0.2893      0.2150
 176     -0.1185        0.9302  |   -0.2002/ -0.1731/ -0.1550           -0.1550          -0.2143     0.0168  |       0.2889      0.2150
 177     -0.1263        0.8966  |   -0.1901/ -0.1752/ -0.1660           -0.1660          -0.2444     0.0149  |       0.2870      0.2150
 178     -0.1273        0.9198  |   -0.2590/ -0.2342/ -0.2255           -0.2255          -0.3122     0.0106  |       0.2854      0.2150
 179     -0.1104        0.9332  |   -0.2552/ -0.2355/ -0.2258           -0.2258          -0.3569     0.0159  |       0.2845      0.2150
 180     -0.1307        0.9493  |   -0.2541/ -0.2362/ -0.2260           -0.2260          -0.3462     0.0159  |       0.2832      0.2150
 181     -0.0966        0.9455  |   -0.2144/ -0.1983/ -0.1907           -0.1907          -0.2770     0.0132  |       0.2817      0.2150
 182     -0.1310        0.9553  |   -0.2857/ -0.2693/ -0.2610           -0.2610          -0.3575     0.0152  |       0.2808      0.2150
 183     -0.1313        0.9389  |   -0.3147/ -0.2972/ -0.2884           -0.2884          -0.3926     0.0181  |       0.2799      0.2150
 184     -0.1546        0.9120  |   -0.2840/ -0.2714/ -0.2646           -0.2646          -0.3403     0.0134  |       0.2794      0.2150
 185     -0.1458        0.8682  |   -0.2909/ -0.2790/ -0.2716           -0.2716          -0.3372     0.0127  |       0.2797      0.2150
 186     -0.1384        0.8976  |   -0.3032/ -0.2897/ -0.2822           -0.2822          -0.3466     0.0124  |       0.2805      0.2150
 187     -0.1188        0.9063  |   -0.3294/ -0.3111/ -0.3054           -0.3054          -0.3457     0.0126  |       0.2818      0.2150
 188     -0.1249        0.8947  |   -0.3374/ -0.3253/ -0.3176           -0.3176          -0.3635     0.0106  |       0.2835      0.2150
 189     -0.1111        0.9590  |   -0.3293/ -0.3181/ -0.3101           -0.3101          -0.3500     0.0137  |       0.2852      0.2150
 190     -0.0936        0.9499  |   -0.3439/ -0.3283/ -0.3220           -0.3220          -0.3726     0.0117  |       0.2867      0.2150
 191     -0.0949        0.9632  |   -0.3483/ -0.3367/ -0.3292           -0.3292          -0.3698     0.0143  |       0.2846      0.2150
 192     -0.0964        0.9683  |   -0.3768/ -0.3652/ -0.3575           -0.3575          -0.3853     0.0105  |       0.2839      0.2150
 193     -0.0753        0.9599  |   -0.3816/ -0.3675/ -0.3599           -0.3599          -0.3969     0.0088  |       0.2855      0.2150
 194     -0.0808        0.9752  |   -0.3892/ -0.3776/ -0.3709           -0.3709          -0.4020     0.0127  |       0.2873      0.2150
 195     -0.0608        0.9466  |   -0.4256/ -0.4114/ -0.4045           -0.4045          -0.4385     0.0061  |       0.2915      0.2150
 196     -0.0570        0.9616  |   -0.4555/ -0.4457/ -0.4394           -0.4394          -0.4617     0.0065  |       0.2946      0.2150
 197     -0.0453        0.9858  |   -0.4562/ -0.4453/ -0.4381           -0.4381          -0.4630     0.0024  |       0.2972      0.2150
 198     -0.0503        0.9906  |   -0.4428/ -0.4298/ -0.4226           -0.4226          -0.4574     0.0022  |       0.2987      0.2150
 199     -0.0629        0.9940  |   -0.4439/ -0.4311/ -0.4247           -0.4247          -0.4559     0.0020  |       0.2982      0.2150
 200     -0.0542        0.9967  |   -0.4519/ -0.4382/ -0.4317           -0.4317          -0.4621     0.0035  |       0.2985      0.2150
 201     -0.0489        0.9922  |   -0.4581/ -0.4442/ -0.4378           -0.4378          -0.4633     0.0010  |       0.2970      0.2150
 202     -0.0490        0.9990  |   -0.4607/ -0.4458/ -0.4395           -0.4395          -0.4636     0.0026  |       0.2971      0.2150
 203     -0.0635        0.9861  |   -0.4361/ -0.4263/ -0.4198           -0.4198          -0.4519     0.0015  |       0.2983      0.2150
 204     -0.0635        1.0000  |   -0.4441/ -0.4284/ -0.4218           -0.4218          -0.4528     0.0030  |       0.2982      0.2150
 205     -0.0522        0.9937  |   -0.4389/ -0.4293/ -0.4237           -0.4237          -0.4548     0.0015  |       0.2980      0.2150
 206     -0.0516        0.9894  |   -0.4552/ -0.4445/ -0.4373           -0.4373          -0.4644     0.0008  |       0.2972      0.2150
 207     -0.0571        0.9962  |   -0.4561/ -0.4394/ -0.4336           -0.4336          -0.4589     0.0038  |       0.2967      0.2150
 208     -0.0472        0.9891  |   -0.4669/ -0.4559/ -0.4498           -0.4498          -0.4716     0.0014  |       0.2954      0.2150
 209     -0.0533        0.9880  |   -0.4504/ -0.4387/ -0.4320           -0.4320          -0.4606     0.0016  |       0.2957      0.2150
 210     -0.0575        0.9885  |   -0.4610/ -0.4500/ -0.4433           -0.4433          -0.4673     0.0019  |       0.2950      0.2150
 211     -0.0578        0.9944  |   -0.4461/ -0.4370/ -0.4310           -0.4310          -0.4608     0.0015  |       0.2959      0.2150
 212     -0.0532        0.9850  |   -0.4410/ -0.4301/ -0.4226           -0.4226          -0.4537     0.0012  |       0.2963      0.2150
 213     -0.0650        0.9873  |   -0.4467/ -0.4375/ -0.4313           -0.4313          -0.4579     0.0030  |       0.2965      0.2150
 214     -0.0627        0.9991  |   -0.4542/ -0.4419/ -0.4359           -0.4359          -0.4609     0.0034  |       0.2967      0.2150
 215     -0.0565        0.9936  |   -0.4678/ -0.4577/ -0.4522           -0.4522          -0.4727     0.0019  |       0.2953      0.2150
 216     -0.0567        1.0000  |   -0.4662/ -0.4578/ -0.4519           -0.4519          -0.4730     0.0023  |       0.2952      0.2150
 217     -0.0560        0.9979  |   -0.4730/ -0.4601/ -0.4533           -0.4533          -0.4735     0.0013  |       0.2952      0.2150
 218     -0.0527        0.9945  |   -0.4635/ -0.4520/ -0.4459           -0.4459          -0.4697     0.0028  |       0.2958      0.2150
 219     -0.0619        0.9889  |   -0.4558/ -0.4449/ -0.4382           -0.4382          -0.4618     0.0013  |       0.2967      0.2150
 220     -0.0527        0.9932  |   -0.4542/ -0.4420/ -0.4351           -0.4351          -0.4619     0.0022  |       0.2964      0.2150
 221     -0.0549        0.9897  |   -0.4649/ -0.4476/ -0.4417           -0.4417          -0.4663     0.0033  |       0.2974      0.2150
 222     -0.0438        0.9678  |   -0.4235/ -0.4044/ -0.3980           -0.3980          -0.4391     0.0021  |       0.2961      0.2150
 223     -0.0512        0.9789  |   -0.4459/ -0.4311/ -0.4245           -0.4245          -0.4538     0.0021  |       0.2949      0.2150
 224     -0.0559        0.9858  |   -0.4742/ -0.4612/ -0.4552           -0.4552          -0.4745     0.0016  |       0.2953      0.2150
 225     -0.0564        0.9854  |   -0.4397/ -0.4277/ -0.4207           -0.4207          -0.4550     0.0021  |       0.2960      0.2150
 226     -0.0619        0.9818  |   -0.4564/ -0.4458/ -0.4404           -0.4404          -0.4629     0.0012  |       0.2967      0.2150
 227     -0.0617        1.0000  |   -0.4600/ -0.4468/ -0.4403           -0.4403          -0.4631     0.0037  |       0.2968      0.2150
 228     -0.0713        0.9937  |   -0.4472/ -0.4333/ -0.4271           -0.4271          -0.4560     0.0026  |       0.2981      0.2150
 229     -0.0674        0.9963  |   -0.4350/ -0.4247/ -0.4185           -0.4185          -0.4532     0.0021  |       0.2990      0.2150
 230     -0.0714        0.9963  |   -0.4438/ -0.4341/ -0.4279           -0.4279          -0.4563     0.0028  |       0.2981      0.2150
 231     -0.0618        0.9935  |   -0.4599/ -0.4479/ -0.4410           -0.4410          -0.4636     0.0005  |       0.2966      0.2150
 232     -0.0618        1.0000  |   -0.4565/ -0.4458/ -0.4403           -0.4403          -0.4633     0.0034  |       0.2965      0.2150
 233     -0.0561        0.9864  |   -0.4406/ -0.4310/ -0.4246           -0.4246          -0.4574     0.0034  |       0.2960      0.2150
 234     -0.0674        0.9903  |   -0.4602/ -0.4496/ -0.4435           -0.4435          -0.4667     0.0005  |       0.2944      0.2150
 235     -0.0580        0.9970  |   -0.4640/ -0.4531/ -0.4462           -0.4462          -0.4681     0.0047  |       0.2940      0.2150
 236     -0.0540        0.9798  |   -0.4504/ -0.4369/ -0.4310           -0.4310          -0.4573     0.0011  |       0.2963      0.2150
 237     -0.0612        0.9884  |   -0.4581/ -0.4480/ -0.4414           -0.4414          -0.4638     0.0025  |       0.2968      0.2149
 238     -0.0711        0.9936  |   -0.4473/ -0.4353/ -0.4290           -0.4290          -0.4568     0.0028  |       0.2981      0.2149
 239     -0.0641        0.9960  |   -0.4499/ -0.4361/ -0.4296           -0.4296          -0.4595     0.0025  |       0.2985      0.2149
 240     -0.0532        0.9888  |   -0.4444/ -0.4340/ -0.4275           -0.4275          -0.4582     0.0040  |       0.2977      0.2149
 241     -0.0570        0.9823  |   -0.4585/ -0.4474/ -0.4413           -0.4413          -0.4667     0.0039  |       0.2958      0.2149
 242     -0.0544        0.9821  |   -0.4390/ -0.4262/ -0.4200           -0.4200          -0.4463     0.0022  |       0.2948      0.2149
 243     -0.0563        0.9769  |   -0.4777/ -0.4611/ -0.4543           -0.4543          -0.4736     0.0029  |       0.2950      0.2149
 244     -0.0525        0.9984  |   -0.4741/ -0.4642/ -0.4586           -0.4586          -0.4771     0.0039  |       0.2952      0.2149
 245     -0.0520        0.9999  |   -0.4767/ -0.4649/ -0.4589           -0.4589          -0.4771     0.0030  |       0.2952      0.2149
 246     -0.0634        0.9895  |   -0.4540/ -0.4402/ -0.4336           -0.4336          -0.4598     0.0037  |       0.2945      0.2149
 247     -0.0541        0.9914  |   -0.4661/ -0.4504/ -0.4439           -0.4439          -0.4689     0.0038  |       0.2957      0.2149
 248     -0.0588        0.9867  |   -0.4479/ -0.4384/ -0.4326           -0.4326          -0.4612     0.0025  |       0.2974      0.2149
 249     -0.0494        0.9841  |   -0.4577/ -0.4470/ -0.4408           -0.4408          -0.4668     0.0036  |       0.2963      0.2149
 250     -0.0574        0.9802  |   -0.4599/ -0.4502/ -0.4445           -0.4445          -0.4698     0.0017  |       0.2957      0.2149
 251     -0.0531        0.9936  |   -0.4368/ -0.4263/ -0.4195           -0.4195          -0.4552     0.0047  |       0.2959      0.2149
 252     -0.0571        0.9796  |   -0.4623/ -0.4487/ -0.4422           -0.4422          -0.4680     0.0026  |       0.2940      0.2149
 253     -0.0570        1.0000  |   -0.4599/ -0.4484/ -0.4414           -0.4414          -0.4677     0.0022  |       0.2940      0.2149
 254     -0.0584        0.9888  |   -0.4466/ -0.4307/ -0.4241           -0.4241          -0.4533     0.0013  |       0.2951      0.2149
 255     -0.0514        0.9850  |   -0.4667/ -0.4548/ -0.4486           -0.4486          -0.4715     0.0015  |       0.2955      0.2149
 256     -0.0462        0.9956  |   -0.4616/ -0.4518/ -0.4464           -0.4464          -0.4712     0.0014  |       0.2956      0.2149
 257     -0.0458        0.9942  |   -0.4674/ -0.4531/ -0.4466           -0.4466          -0.4718     0.0025  |       0.2950      0.2149
 258     -0.0519        0.9883  |   -0.4516/ -0.4399/ -0.4330           -0.4330          -0.4638     0.0026  |       0.2958      0.2149
 259     -0.0448        0.9843  |   -0.4512/ -0.4411/ -0.4356           -0.4356          -0.4648     0.0011  |       0.2963      0.2149
 260     -0.0555        0.9915  |   -0.4564/ -0.4430/ -0.4364           -0.4364          -0.4629     0.0036  |       0.2965      0.2149
 261     -0.0518        0.9896  |   -0.4501/ -0.4393/ -0.4321           -0.4321          -0.4635     0.0020  |       0.2959      0.2149
 262     -0.0526        0.9830  |   -0.4419/ -0.4306/ -0.4248           -0.4248          -0.4540     0.0033  |       0.2948      0.2149
 263     -0.0600        0.9805  |   -0.4564/ -0.4447/ -0.4376           -0.4376          -0.4646     0.0016  |       0.2942      0.2149
 264     -0.0602        1.0000  |   -0.4536/ -0.4434/ -0.4374           -0.4374          -0.4647     0.0012  |       0.2942      0.2149
 265     -0.0562        0.9755  |   -0.4174/ -0.4040/ -0.3975           -0.3975          -0.4357     0.0043  |       0.2949      0.2149
 266     -0.0599        0.9713  |   -0.4673/ -0.4491/ -0.4432           -0.4432          -0.4689     0.0026  |       0.2937      0.2149
 267     -0.0365        0.9590  |   -0.3802/ -0.3683/ -0.3607           -0.3607          -0.4145     0.0043  |       0.2935      0.2149
 268     -0.0619        0.9422  |   -0.4325/ -0.4129/ -0.4046           -0.4046          -0.4472     0.0017  |       0.2915      0.2149
 269     -0.0696        0.9878  |   -0.4194/ -0.4088/ -0.4021           -0.4021          -0.4449     0.0010  |       0.2908      0.2149
 270     -0.0705        0.9876  |   -0.4092/ -0.3984/ -0.3925           -0.3925          -0.4361     0.0025  |       0.2902      0.2149
 271     -0.0690        0.9865  |   -0.3931/ -0.3821/ -0.3754           -0.3754          -0.4258     0.0010  |       0.2903      0.2149
 272     -0.0679        0.9904  |   -0.4080/ -0.3942/ -0.3878           -0.3878          -0.4296     0.0009  |       0.2899      0.2149
 273     -0.0732        0.9920  |   -0.3978/ -0.3847/ -0.3775           -0.3775          -0.4250     0.0019  |       0.2903      0.2149
 274     -0.0720        0.9881  |   -0.3847/ -0.3752/ -0.3683           -0.3683          -0.4244     0.0012  |       0.2896      0.2149
 275     -0.0794        0.9873  |   -0.4030/ -0.3913/ -0.3846           -0.3846          -0.4266     0.0010  |       0.2889      0.2149
 276     -0.0847        0.9964  |   -0.3921/ -0.3804/ -0.3750           -0.3750          -0.4179     0.0037  |       0.2891      0.2149
 277     -0.0893        0.9765  |   -0.3836/ -0.3689/ -0.3625           -0.3625          -0.4170     0.0039  |       0.2890      0.2149
 278     -0.0794        0.9632  |   -0.3578/ -0.3462/ -0.3381           -0.3381          -0.3985     0.0054  |       0.2880      0.2149
 279     -0.0853        0.9828  |   -0.3277/ -0.3162/ -0.3083           -0.3083          -0.3807     0.0059  |       0.2866      0.2149
 280     -0.0907        0.9811  |   -0.3643/ -0.3508/ -0.3437           -0.3437          -0.3983     0.0023  |       0.2862      0.2149
 281     -0.0930        0.9818  |   -0.3898/ -0.3775/ -0.3714           -0.3714          -0.4210     0.0030  |       0.2858      0.2149
 282     -0.0924        0.9841  |   -0.3633/ -0.3447/ -0.3384           -0.3384          -0.4008     0.0053  |       0.2857      0.2149
 283     -0.0967        0.9739  |   -0.3318/ -0.3207/ -0.3143           -0.3143          -0.3824     0.0057  |       0.2856      0.2149
 284     -0.1016        0.9649  |   -0.3283/ -0.3104/ -0.3041           -0.3041          -0.3753     0.0067  |       0.2853      0.2149
 285     -0.1053        0.9666  |   -0.3233/ -0.3122/ -0.3061           -0.3061          -0.3787     0.0059  |       0.2859      0.2149
 286     -0.0991        0.9784  |   -0.3076/ -0.2952/ -0.2892           -0.2892          -0.3741     0.0078  |       0.2853      0.2149
 287     -0.1050        0.9656  |   -0.2947/ -0.2825/ -0.2761           -0.2761          -0.3567     0.0093  |       0.2859      0.2149
 288     -0.1118        0.9587  |   -0.2897/ -0.2782/ -0.2716           -0.2716          -0.3452     0.0096  |       0.2858      0.2149
 289     -0.1302        0.9675  |   -0.3308/ -0.3182/ -0.3099           -0.3099          -0.3639     0.0056  |       0.2843      0.2149
 290     -0.1360        0.9584  |   -0.3234/ -0.3125/ -0.3055           -0.3055          -0.3542     0.0058  |       0.2834      0.2149
 291     -0.1298        0.9653  |   -0.3204/ -0.3086/ -0.3030           -0.3030          -0.3471     0.0073  |       0.2825      0.2149
 292     -0.1276        0.9253  |   -0.3634/ -0.3509/ -0.3451           -0.3451          -0.3698     0.0061  |       0.2814      0.2149
 293     -0.1305        0.9415  |   -0.3094/ -0.2992/ -0.2938           -0.2938          -0.3524     0.0072  |       0.2810      0.2149
 294     -0.1407        0.9414  |   -0.3176/ -0.3013/ -0.2949           -0.2949          -0.3352     0.0081  |       0.2794      0.2149
 295     -0.1456        0.9490  |   -0.2996/ -0.2863/ -0.2780           -0.2780          -0.3375     0.0108  |       0.2795      0.2149
 296     -0.1623        0.9051  |   -0.2962/ -0.2847/ -0.2782           -0.2782          -0.3363     0.0068  |       0.2795      0.2149
 297     -0.1503        0.9455  |   -0.2973/ -0.2830/ -0.2760           -0.2760          -0.3635     0.0120  |       0.2795      0.2149
 298     -0.1379        0.9084  |   -0.3671/ -0.3528/ -0.3442           -0.3442          -0.4148     0.0090  |       0.2798      0.2149
 299     -0.1395        0.9609  |   -0.3700/ -0.3570/ -0.3495           -0.3495          -0.4001     0.0139  |       0.2802      0.2149
IMAGEIO FFMPEG_WRITER WARNING: input image is not divisible by macro_block_size=16, resizing from (320, 180) to (320, 192) to ensure video compatibility with most codecs and players. To prevent resizing, make your input image divisible by the macro_block_size or set the macro_block_size to 1 (risking incompatibility).

Saved 300 frames -> /home/ashwink/Documents/swms/SWM_copy/rollouts_5_per/expert+subopt/epoch9/epoch9_rollout3_failure.mp4
min dist(green_cube,blue_moon) over episode = 0.1287  ->  FAILURE
Full log written to /home/ashwink/Documents/swms/SWM_copy/rollouts_5_per/expert+subopt/epoch9/epoch9_rollout3_20260723_131221.log
Result json -> /home/ashwink/Documents/swms/SWM_copy/rollouts_5_per/expert+subopt/epoch9/epoch9_rollout3_result.json
