Checkpoint dir epoch: 11  Rollout: 3
Logging to /home/ashwink/Documents/swms/SWM_copy/rollouts_5_per/expert+subopt_cem_ne128_exec4/epoch11/epoch11_rollout3_20260730_132927.log
Goal (fixed, steps 0-299): the green cube is touching the blue moon. the peg is touching the green cube.

Checkpoint: /home/ashwink/Documents/swms/SWM_copy/training/checkpoints_clip_full_fine-tuned_with_subopt_data/epoch_011.pt
  epoch=11  step=20232

Loading CLIP ViT-L/14 (datacomp_xl_s13b_b90k) + fine-tuned clip_state_dict ...
Parsing model identifier. Schema: None, Identifier: ViT-L-14
Loaded built-in ViT-L-14 model config.
Instantiating model architecture: CLIP
Loading full pretrained weights from: /home/ashwink/.cache/huggingface/hub/models--laion--CLIP-ViT-L-14-DataComp.XL-s13B-b90K/snapshots/84c9828e63dc9a9351d1fe637c346d4c1c4db341/open_clip_pytorch_model.bin
Final image preprocessing configuration set: {'size': (224, 224), 'mode': 'RGB', 'mean': (0.48145466, 0.4578275, 0.40821073), 'std': (0.26862954, 0.26130258, 0.27577711), 'interpolation': 'bicubic', 'resize_mode': 'shortest', 'fill_color': 0}
Model ViT-L-14 creation process complete.
Parsing tokenizer identifier. Schema: None, Identifier: ViT-L-14
Attempting to load config from built-in: ViT-L-14
Using default SimpleTokenizer.
z_star shape: torch.Size([768])

Loading action stats from /home/ashwink/full_data_5000/langtable/demos/ ...
  lo=[-0.03372681140899658, -0.03493623435497284]  hi=[0.03496786952018738, 0.03494429588317871]

Initializing LangTable env ...
Loading URDF plane.urdf
Loading URDF /home/ashwink/Documents/swms/.venv/lib/python3.10/site-packages/language_table/environments/utils/../../../language_table/environments/assets/workspace_real.urdf
Loading URDF xarm/xarm6_robot_white.urdf
Loading URDF /home/ashwink/Documents/swms/.venv/lib/python3.10/site-packages/language_table/environments/utils/../../../language_table/environments/assets/suction/cylinder_real.urdf
Loading URDF /home/ashwink/Documents/swms/.venv/lib/python3.10/site-packages/language_table/environments/utils/../../../language_table/environments/assets/blocks/red_moon.urdf
Loading URDF /home/ashwink/Documents/swms/.venv/lib/python3.10/site-packages/language_table/environments/utils/../../../language_table/environments/assets/blocks/red_cube.urdf
Loading URDF /home/ashwink/Documents/swms/.venv/lib/python3.10/site-packages/language_table/environments/utils/../../../language_table/environments/assets/blocks/red_star.urdf
Loading URDF /home/ashwink/Documents/swms/.venv/lib/python3.10/site-packages/language_table/environments/utils/../../../language_table/environments/assets/blocks/red_pentagon.urdf
Loading URDF /home/ashwink/Documents/swms/.venv/lib/python3.10/site-packages/language_table/environments/utils/../../../language_table/environments/assets/blocks/blue_moon.urdf
Loading URDF /home/ashwink/Documents/swms/.venv/lib/python3.10/site-packages/language_table/environments/utils/../../../language_table/environments/assets/blocks/blue_cube.urdf
Loading URDF /home/ashwink/Documents/swms/.venv/lib/python3.10/site-packages/language_table/environments/utils/../../../language_table/environments/assets/blocks/blue_star.urdf
Loading URDF /home/ashwink/Documents/swms/.venv/lib/python3.10/site-packages/language_table/environments/utils/../../../language_table/environments/assets/blocks/blue_pentagon.urdf
Loading URDF /home/ashwink/Documents/swms/.venv/lib/python3.10/site-packages/language_table/environments/utils/../../../language_table/environments/assets/blocks/yellow_moon.urdf
Loading URDF /home/ashwink/Documents/swms/.venv/lib/python3.10/site-packages/language_table/environments/utils/../../../language_table/environments/assets/blocks/yellow_cube.urdf
Loading URDF /home/ashwink/Documents/swms/.venv/lib/python3.10/site-packages/language_table/environments/utils/../../../language_table/environments/assets/blocks/yellow_star.urdf
Loading URDF /home/ashwink/Documents/swms/.venv/lib/python3.10/site-packages/language_table/environments/utils/../../../language_table/environments/assets/blocks/yellow_pentagon.urdf
Loading URDF /home/ashwink/Documents/swms/.venv/lib/python3.10/site-packages/language_table/environments/utils/../../../language_table/environments/assets/blocks/green_moon.urdf
Loading URDF /home/ashwink/Documents/swms/.venv/lib/python3.10/site-packages/language_table/environments/utils/../../../language_table/environments/assets/blocks/green_cube.urdf
Loading URDF /home/ashwink/Documents/swms/.venv/lib/python3.10/site-packages/language_table/environments/utils/../../../language_table/environments/assets/blocks/green_star.urdf
Loading URDF /home/ashwink/Documents/swms/.venv/lib/python3.10/site-packages/language_table/environments/utils/../../../language_table/environments/assets/blocks/green_pentagon.urdf
Loading URDF /home/ashwink/Documents/swms/.venv/lib/python3.10/site-packages/language_table/environments/utils/../../../language_table/environments/assets/blocks/purple_moon.urdf
Loading URDF /home/ashwink/Documents/swms/.venv/lib/python3.10/site-packages/language_table/environments/utils/../../../language_table/environments/assets/blocks/purple_cube.urdf
Loading URDF /home/ashwink/Documents/swms/.venv/lib/python3.10/site-packages/language_table/environments/utils/../../../language_table/environments/assets/blocks/purple_star.urdf
Loading URDF /home/ashwink/Documents/swms/.venv/lib/python3.10/site-packages/language_table/environments/utils/../../../language_table/environments/assets/blocks/purple_pentagon.urdf
Env ready.

Forced peg start: [0.42843915 0.24419614]  (green_cube=[0.40339102 0.18967466], blue_moon=[0.32039625 0.00902261])
  dist(peg,green_cube)=0.0600  dist(peg,blue_moon)=0.2588  dist(green_cube,blue_moon)=0.1988

CEM: K=512  num_elites=128  n_planning_itrs=9  max_action_value=1.0  warm_start_std=0.1  n_execute=4  return_mode=best  min_std=0.0  seed=126

Execution cadence: n_execute=4 -> 75 plans x 4 actions = 300 env steps (max_steps=300)

step  cos(zt,z*)  cos(zt,zt-1)  |   cos(predK,z*) min/mean/max  cos(pred_sel,z*)   cos(zpred0,z*)  ||a_raw||  |  dist(peg,A)   dist(A,B)
-------------------------------------------------------------------------------------------------------------------------------------------------------------------------------
   0      0.1539           nan  |    0.6398/  0.6704/  0.6798            0.6798           0.6009     0.0132  |       0.0587      0.1988
   4      0.1335        0.8033  |    0.6540/  0.6591/  0.6626            0.6626           0.5332     0.0090  |       0.0350      0.1887
   8      0.0946        0.6646  |    0.5648/  0.5705/  0.5736            0.5736           0.2855     0.0068  |       0.0330      0.1624
  12      0.0582        0.7710  |    0.3618/  0.3806/  0.3886            0.3886           0.0156     0.0060  |       0.0329      0.1514
  16      0.1097        0.6503  |    0.4612/  0.4749/  0.4814            0.4814           0.2120     0.0112  |       0.0391      0.1488
  20      0.0761        0.7355  |   -0.0680/ -0.0569/ -0.0486           -0.0486          -0.2604     0.0115  |       0.0759      0.1488
  24     -0.0414        0.6611  |   -0.2068/ -0.1993/ -0.1945           -0.1945          -0.3259     0.0064  |       0.1227      0.1488
  28     -0.0586        0.7891  |   -0.0781/ -0.0553/ -0.0403           -0.0403          -0.2248     0.0155  |       0.1646      0.1488
  32      0.0859        0.6374  |   -0.2386/ -0.2278/ -0.2208           -0.2208          -0.3417     0.0108  |       0.2260      0.1492
  36      0.0952        0.5723  |   -0.1764/ -0.1700/ -0.1659           -0.1659          -0.2854     0.0042  |       0.2777      0.1492
  40      0.1142        0.8057  |   -0.2623/ -0.2592/ -0.2576           -0.2576          -0.3076     0.0038  |       0.3197      0.1492
  44      0.0909        0.8705  |   -0.2728/ -0.2698/ -0.2681           -0.2681          -0.3287     0.0098  |       0.3577      0.1492
  48      0.0654        0.9099  |   -0.2696/ -0.2652/ -0.2616           -0.2616          -0.3159     0.0110  |       0.3921      0.1492
  52      0.0580        0.7114  |   -0.1144/ -0.0980/ -0.0848           -0.0848          -0.2196     0.0117  |       0.4275      0.1492
  56      0.0580        1.0000  |   -0.1244/ -0.1071/ -0.0917           -0.0917          -0.2196     0.0072  |       0.4356      0.1492
  60      0.0580        1.0000  |   -0.1356/ -0.1168/ -0.0954           -0.0954          -0.2196     0.0044  |       0.4497      0.1492
  64      0.0580        1.0000  |   -0.1340/ -0.1100/ -0.0907           -0.0907          -0.2196     0.0058  |       0.4675      0.1492
  68      0.0580        1.0000  |   -0.1336/ -0.1092/ -0.0930           -0.0930          -0.2196     0.0080  |       0.4688      0.1492
  72      0.0580        1.0000  |   -0.1278/ -0.1055/ -0.0901           -0.0901          -0.2196     0.0085  |       0.4696      0.1492
  76      0.0580        1.0000  |   -0.1259/ -0.1114/ -0.0957           -0.0957          -0.2196     0.0088  |       0.4687      0.1492
  80      0.0580        1.0000  |   -0.1310/ -0.1070/ -0.0906           -0.0906          -0.2196     0.0090  |       0.4682      0.1492
  84      0.0580        1.0000  |   -0.1282/ -0.1078/ -0.0909           -0.0909          -0.2196     0.0051  |       0.4691      0.1492
  88      0.0580        1.0000  |   -0.1396/ -0.1179/ -0.1012           -0.1012          -0.2196     0.0048  |       0.4709      0.1492
  92      0.0580        1.0000  |   -0.1326/ -0.1114/ -0.0923           -0.0923          -0.2196     0.0073  |       0.4713      0.1492
  96      0.0580        1.0000  |   -0.1329/ -0.1125/ -0.0941           -0.0941          -0.2196     0.0054  |       0.4720      0.1492
 100      0.0580        1.0000  |   -0.1215/ -0.1057/ -0.0909           -0.0909          -0.2196     0.0075  |       0.4740      0.1492
 104      0.0580        1.0000  |   -0.1336/ -0.1109/ -0.0920           -0.0920          -0.2196     0.0083  |       0.4742      0.1492
 108      0.0580        1.0000  |   -0.1287/ -0.1072/ -0.0931           -0.0931          -0.2196     0.0097  |       0.4748      0.1492
 112      0.0580        1.0000  |   -0.1277/ -0.1108/ -0.0948           -0.0948          -0.2196     0.0035  |       0.4740      0.1492
 116      0.0580        1.0000  |   -0.1230/ -0.1057/ -0.0899           -0.0899          -0.2196     0.0083  |       0.4754      0.1492
 120      0.0580        1.0000  |   -0.1267/ -0.1086/ -0.0934           -0.0934          -0.2196     0.0078  |       0.4763      0.1492
 124      0.0580        1.0000  |   -0.1424/ -0.1183/ -0.1040           -0.1040          -0.2196     0.0044  |       0.4753      0.1492
 128      0.0580        1.0000  |   -0.1260/ -0.1086/ -0.0902           -0.0902          -0.2196     0.0076  |       0.4757      0.1492
 132      0.0580        1.0000  |   -0.1329/ -0.1126/ -0.0978           -0.0978          -0.2196     0.0056  |       0.4761      0.1492
 136      0.0580        1.0000  |   -0.1204/ -0.1031/ -0.0847           -0.0847          -0.2196     0.0075  |       0.4755      0.1492
 140      0.0580        1.0000  |   -0.1391/ -0.1144/ -0.1013           -0.1013          -0.2196     0.0082  |       0.4770      0.1492
 144      0.0580        1.0000  |   -0.1278/ -0.1084/ -0.0914           -0.0914          -0.2196     0.0077  |       0.4758      0.1492
 148      0.0580        1.0000  |   -0.1376/ -0.1143/ -0.0971           -0.0971          -0.2196     0.0080  |       0.4768      0.1492
 152      0.0580        1.0000  |   -0.1246/ -0.1050/ -0.0863           -0.0863          -0.2196     0.0103  |       0.4775      0.1492
 156      0.0580        1.0000  |   -0.1286/ -0.1116/ -0.0938           -0.0938          -0.2196     0.0092  |       0.4774      0.1492
 160      0.0580        1.0000  |   -0.1230/ -0.1051/ -0.0919           -0.0919          -0.2196     0.0112  |       0.4778      0.1492
 164      0.0580        1.0000  |   -0.1261/ -0.1085/ -0.0917           -0.0917          -0.2196     0.0080  |       0.4783      0.1492
 168      0.0580        1.0000  |   -0.1328/ -0.1094/ -0.0937           -0.0937          -0.2196     0.0045  |       0.4786      0.1492
 172      0.0578        1.0000  |   -0.1279/ -0.1063/ -0.0855           -0.0855          -0.2191     0.0055  |       0.4802      0.1492
 176      0.0578        1.0000  |   -0.1281/ -0.1063/ -0.0907           -0.0907          -0.2191     0.0076  |       0.4829      0.1492
 180      0.0578        1.0000  |   -0.1319/ -0.1137/ -0.0989           -0.0989          -0.2191     0.0049  |       0.4821      0.1492
 184      0.0580        1.0000  |   -0.1274/ -0.1073/ -0.0890           -0.0890          -0.2196     0.0086  |       0.4823      0.1492
 188      0.0578        1.0000  |   -0.1274/ -0.1092/ -0.0954           -0.0954          -0.2191     0.0063  |       0.4822      0.1492
 192      0.0578        1.0000  |   -0.1206/ -0.1060/ -0.0890           -0.0890          -0.2191     0.0056  |       0.4820      0.1492
 196      0.0578        1.0000  |   -0.1425/ -0.1180/ -0.0989           -0.0989          -0.2191     0.0041  |       0.4829      0.1492
 200      0.0578        1.0000  |   -0.1233/ -0.1039/ -0.0841           -0.0841          -0.2191     0.0098  |       0.4839      0.1492
 204      0.0578        1.0000  |   -0.1230/ -0.1052/ -0.0919           -0.0919          -0.2191     0.0055  |       0.4841      0.1492
 208      0.0578        1.0000  |   -0.1324/ -0.1123/ -0.0981           -0.0981          -0.2191     0.0056  |       0.4860      0.1492
 212      0.0578        1.0000  |   -0.1239/ -0.1092/ -0.0963           -0.0963          -0.2191     0.0078  |       0.4854      0.1492
 216      0.0578        1.0000  |   -0.1277/ -0.1084/ -0.0921           -0.0921          -0.2191     0.0067  |       0.4849      0.1492
 220      0.0578        1.0000  |   -0.1285/ -0.1095/ -0.0937           -0.0937          -0.2191     0.0091  |       0.4890      0.1492
 224      0.0580        1.0000  |   -0.1311/ -0.1111/ -0.0920           -0.0920          -0.2196     0.0075  |       0.4870      0.1492
 228      0.0580        1.0000  |   -0.1373/ -0.1184/ -0.1004           -0.1004          -0.2196     0.0070  |       0.4873      0.1492
 232      0.0578        1.0000  |   -0.1243/ -0.1077/ -0.0934           -0.0934          -0.2191     0.0074  |       0.4859      0.1492
 236      0.0578        1.0000  |   -0.1319/ -0.1154/ -0.0959           -0.0959          -0.2191     0.0081  |       0.4857      0.1492
 240      0.0578        1.0000  |   -0.1227/ -0.1060/ -0.0897           -0.0897          -0.2191     0.0088  |       0.4860      0.1492
 244      0.0578        1.0000  |   -0.1295/ -0.1079/ -0.0884           -0.0884          -0.2191     0.0074  |       0.4864      0.1492
 248      0.0580        1.0000  |   -0.1274/ -0.1115/ -0.0985           -0.0985          -0.2196     0.0091  |       0.4873      0.1492
 252      0.0580        1.0000  |   -0.1242/ -0.1061/ -0.0847           -0.0847          -0.2196     0.0054  |       0.4853      0.1492
 256      0.0580        1.0000  |   -0.1319/ -0.1084/ -0.0926           -0.0926          -0.2196     0.0097  |       0.4865      0.1492
 260      0.0580        1.0000  |   -0.1227/ -0.1036/ -0.0812           -0.0812          -0.2196     0.0127  |       0.4852      0.1492
 264      0.0580        1.0000  |   -0.1357/ -0.1134/ -0.0949           -0.0949          -0.2196     0.0079  |       0.4861      0.1492
 268      0.0580        1.0000  |   -0.1319/ -0.1115/ -0.0946           -0.0946          -0.2196     0.0077  |       0.4852      0.1492
 272      0.0578        1.0000  |   -0.1303/ -0.1096/ -0.0896           -0.0896          -0.2191     0.0070  |       0.4855      0.1492
 276      0.0578        1.0000  |   -0.1254/ -0.1054/ -0.0883           -0.0883          -0.2191     0.0089  |       0.4860      0.1492
 280      0.0578        1.0000  |   -0.1274/ -0.1079/ -0.0906           -0.0906          -0.2191     0.0090  |       0.4874      0.1492
 284      0.0580        1.0000  |   -0.1205/ -0.1002/ -0.0829           -0.0829          -0.2196     0.0086  |       0.4892      0.1492
 288      0.0580        1.0000  |   -0.1256/ -0.1095/ -0.0900           -0.0900          -0.2196     0.0069  |       0.4900      0.1492
 292      0.0580        1.0000  |   -0.1379/ -0.1071/ -0.0879           -0.0879          -0.2196     0.0047  |       0.4918      0.1492
 296      0.0578        1.0000  |   -0.1295/ -0.1132/ -0.0965           -0.0965          -0.2191     0.0062  |       0.4949      0.1492
IMAGEIO FFMPEG_WRITER WARNING: input image is not divisible by macro_block_size=16, resizing from (320, 180) to (320, 192) to ensure video compatibility with most codecs and players. To prevent resizing, make your input image divisible by the macro_block_size or set the macro_block_size to 1 (risking incompatibility).

Saved 300 frames -> /home/ashwink/Documents/swms/SWM_copy/rollouts_5_per/expert+subopt_cem_ne128_exec4/epoch11/epoch11_rollout3_failure.mp4
min dist(green_cube,blue_moon) over episode = 0.1488  ->  FAILURE
Full log written to /home/ashwink/Documents/swms/SWM_copy/rollouts_5_per/expert+subopt_cem_ne128_exec4/epoch11/epoch11_rollout3_20260730_132927.log
Result json -> /home/ashwink/Documents/swms/SWM_copy/rollouts_5_per/expert+subopt_cem_ne128_exec4/epoch11/epoch11_rollout3_result.json
