Checkpoint dir epoch: 1  Rollout: 2
Logging to /home/ashwink/Documents/swms/SWM_copy/rollouts_5_per/expert-only/epoch1/epoch1_rollout2_20260723_115900.log
Goal (fixed, steps 0-299): the green cube is touching the blue moon. the peg is touching the green cube.

Checkpoint: /home/ashwink/Documents/swms/SWM_copy/training/checkpoints_clip_full_finetuned_wider_hl/epoch_001.pt
  epoch=1  step=1716

Loading CLIP ViT-L/14 (datacomp_xl_s13b_b90k) + fine-tuned clip_state_dict ...
Parsing model identifier. Schema: None, Identifier: ViT-L-14
Loaded built-in ViT-L-14 model config.
Instantiating model architecture: CLIP
Loading full pretrained weights from: /home/ashwink/.cache/huggingface/hub/models--laion--CLIP-ViT-L-14-DataComp.XL-s13B-b90K/snapshots/84c9828e63dc9a9351d1fe637c346d4c1c4db341/open_clip_pytorch_model.bin
Final image preprocessing configuration set: {'size': (224, 224), 'mode': 'RGB', 'mean': (0.48145466, 0.4578275, 0.40821073), 'std': (0.26862954, 0.26130258, 0.27577711), 'interpolation': 'bicubic', 'resize_mode': 'shortest', 'fill_color': 0}
Model ViT-L-14 creation process complete.
Parsing tokenizer identifier. Schema: None, Identifier: ViT-L-14
Attempting to load config from built-in: ViT-L-14
Using default SimpleTokenizer.
z_star shape: torch.Size([768])

Loading action stats from /home/ashwink/full_data_5000/langtable/demos/ ...
  lo=[-0.03372681140899658, -0.03493623435497284]  hi=[0.03496786952018738, 0.03494429588317871]

Initializing LangTable env ...
Loading URDF plane.urdf
Loading URDF /home/ashwink/Documents/swms/.venv/lib/python3.10/site-packages/language_table/environments/utils/../../../language_table/environments/assets/workspace_real.urdf
Loading URDF xarm/xarm6_robot_white.urdf
Loading URDF /home/ashwink/Documents/swms/.venv/lib/python3.10/site-packages/language_table/environments/utils/../../../language_table/environments/assets/suction/cylinder_real.urdf
Loading URDF /home/ashwink/Documents/swms/.venv/lib/python3.10/site-packages/language_table/environments/utils/../../../language_table/environments/assets/blocks/red_moon.urdf
Loading URDF /home/ashwink/Documents/swms/.venv/lib/python3.10/site-packages/language_table/environments/utils/../../../language_table/environments/assets/blocks/red_cube.urdf
Loading URDF /home/ashwink/Documents/swms/.venv/lib/python3.10/site-packages/language_table/environments/utils/../../../language_table/environments/assets/blocks/red_star.urdf
Loading URDF /home/ashwink/Documents/swms/.venv/lib/python3.10/site-packages/language_table/environments/utils/../../../language_table/environments/assets/blocks/red_pentagon.urdf
Loading URDF /home/ashwink/Documents/swms/.venv/lib/python3.10/site-packages/language_table/environments/utils/../../../language_table/environments/assets/blocks/blue_moon.urdf
Loading URDF /home/ashwink/Documents/swms/.venv/lib/python3.10/site-packages/language_table/environments/utils/../../../language_table/environments/assets/blocks/blue_cube.urdf
Loading URDF /home/ashwink/Documents/swms/.venv/lib/python3.10/site-packages/language_table/environments/utils/../../../language_table/environments/assets/blocks/blue_star.urdf
Loading URDF /home/ashwink/Documents/swms/.venv/lib/python3.10/site-packages/language_table/environments/utils/../../../language_table/environments/assets/blocks/blue_pentagon.urdf
Loading URDF /home/ashwink/Documents/swms/.venv/lib/python3.10/site-packages/language_table/environments/utils/../../../language_table/environments/assets/blocks/yellow_moon.urdf
Loading URDF /home/ashwink/Documents/swms/.venv/lib/python3.10/site-packages/language_table/environments/utils/../../../language_table/environments/assets/blocks/yellow_cube.urdf
Loading URDF /home/ashwink/Documents/swms/.venv/lib/python3.10/site-packages/language_table/environments/utils/../../../language_table/environments/assets/blocks/yellow_star.urdf
Loading URDF /home/ashwink/Documents/swms/.venv/lib/python3.10/site-packages/language_table/environments/utils/../../../language_table/environments/assets/blocks/yellow_pentagon.urdf
Loading URDF /home/ashwink/Documents/swms/.venv/lib/python3.10/site-packages/language_table/environments/utils/../../../language_table/environments/assets/blocks/green_moon.urdf
Loading URDF /home/ashwink/Documents/swms/.venv/lib/python3.10/site-packages/language_table/environments/utils/../../../language_table/environments/assets/blocks/green_cube.urdf
Loading URDF /home/ashwink/Documents/swms/.venv/lib/python3.10/site-packages/language_table/environments/utils/../../../language_table/environments/assets/blocks/green_star.urdf
Loading URDF /home/ashwink/Documents/swms/.venv/lib/python3.10/site-packages/language_table/environments/utils/../../../language_table/environments/assets/blocks/green_pentagon.urdf
Loading URDF /home/ashwink/Documents/swms/.venv/lib/python3.10/site-packages/language_table/environments/utils/../../../language_table/environments/assets/blocks/purple_moon.urdf
Loading URDF /home/ashwink/Documents/swms/.venv/lib/python3.10/site-packages/language_table/environments/utils/../../../language_table/environments/assets/blocks/purple_cube.urdf
Loading URDF /home/ashwink/Documents/swms/.venv/lib/python3.10/site-packages/language_table/environments/utils/../../../language_table/environments/assets/blocks/purple_star.urdf
Loading URDF /home/ashwink/Documents/swms/.venv/lib/python3.10/site-packages/language_table/environments/utils/../../../language_table/environments/assets/blocks/purple_pentagon.urdf
Env ready.

Forced peg start: [0.42843915 0.24419614]  (green_cube=[0.40339102 0.18967466], blue_moon=[0.32039625 0.00902261])
  dist(peg,green_cube)=0.0600  dist(peg,blue_moon)=0.2588  dist(green_cube,blue_moon)=0.1988

step  cos(zt,z*)  cos(zt,zt-1)  |   cos(predK,z*) min/mean/max  cos(pred_sel,z*)   cos(zpred0,z*)  ||a_raw||  |  dist(peg,A)   dist(A,B)
-------------------------------------------------------------------------------------------------------------------------------------------------------------------------------
   0      0.1346           nan  |    0.3284/  0.3455/  0.3549            0.3549           0.2815     0.0137  |       0.0587      0.1988
   1      0.1302        0.9976  |    0.3347/  0.3540/  0.3710            0.3710           0.2621     0.0051  |       0.0551      0.1988
   2      0.1355        0.9982  |    0.3026/  0.3258/  0.3457            0.3457           0.2620     0.0044  |       0.0544      0.1988
   3      0.1361        0.9985  |    0.3249/  0.3500/  0.3651            0.3651           0.2771     0.0067  |       0.0529      0.1988
   4      0.1276        0.9967  |    0.3200/  0.3419/  0.3595            0.3595           0.2670     0.0029  |       0.0519      0.1988
   5      0.1299        0.9989  |    0.3200/  0.3434/  0.3594            0.3594           0.2643     0.0007  |       0.0497      0.1988
   6      0.1290        0.9996  |    0.3189/  0.3421/  0.3609            0.3609           0.2673     0.0027  |       0.0501      0.1988
   7      0.1298        0.9996  |    0.3457/  0.3658/  0.3861            0.3861           0.2749     0.0054  |       0.0478      0.1988
   8      0.1197        0.9962  |    0.2826/  0.3023/  0.3198            0.3198           0.2107     0.0013  |       0.0427      0.1988
   9      0.1244        0.9984  |    0.3129/  0.3335/  0.3537            0.3537           0.2438     0.0045  |       0.0411      0.1988
  10      0.1246        0.9977  |    0.2847/  0.3038/  0.3233            0.3233           0.2143     0.0057  |       0.0420      0.1988
  11      0.1235        0.9973  |    0.3136/  0.3306/  0.3493            0.3493           0.2456     0.0018  |       0.0380      0.1988
  12      0.1055        0.9918  |    0.2024/  0.2258/  0.2403            0.2403           0.1303     0.0053  |       0.0378      0.1978
  13      0.1184        0.9805  |    0.2296/  0.2557/  0.2733            0.2733           0.1248     0.0036  |       0.0389      0.1949
  14      0.1246        0.9863  |    0.2822/  0.3100/  0.3296            0.3296           0.1763     0.0026  |       0.0405      0.1935
  15      0.1172        0.9964  |    0.2400/  0.2656/  0.2828            0.2828           0.1444     0.0042  |       0.0420      0.1935
  16      0.1245        0.9886  |    0.2406/  0.2634/  0.2845            0.2845           0.1525     0.0036  |       0.0410      0.1926
  17      0.1484        0.9622  |    0.4270/  0.4521/  0.4682            0.4682           0.3797     0.0039  |       0.0407      0.1904
  18      0.1643        0.9734  |    0.5010/  0.5202/  0.5333            0.5333           0.4380     0.0012  |       0.0406      0.1883
  19      0.1658        0.9689  |    0.4633/  0.5211/  0.5386            0.5386           0.4268     0.0069  |       0.0401      0.1876
  20      0.1608        0.9874  |    0.5077/  0.5547/  0.5667            0.5667           0.4723     0.0021  |       0.0420      0.1876
  21      0.1577        0.9927  |    0.5076/  0.5407/  0.5543            0.5543           0.4488     0.0033  |       0.0423      0.1876
  22      0.1617        0.9906  |    0.4869/  0.5326/  0.5449            0.5449           0.4524     0.0042  |       0.0427      0.1876
  23      0.1726        0.9889  |    0.5135/  0.5710/  0.5895            0.5895           0.4734     0.0036  |       0.0431      0.1876
  24      0.1663        0.9895  |    0.5170/  0.5509/  0.5661            0.5661           0.4717     0.0046  |       0.0417      0.1876
  25      0.1707        0.9871  |    0.5244/  0.5552/  0.5692            0.5692           0.4638     0.0044  |       0.0424      0.1876
  26      0.1653        0.9881  |    0.4431/  0.4804/  0.4985            0.4985           0.3893     0.0042  |       0.0434      0.1876
  27      0.1661        0.9863  |    0.4550/  0.4768/  0.4876            0.4876           0.3883     0.0069  |       0.0452      0.1876
  28      0.1580        0.9889  |    0.3423/  0.3719/  0.3873            0.3873           0.2786     0.0070  |       0.0498      0.1876
  29      0.1540        0.9850  |    0.3540/  0.3729/  0.3887            0.3887           0.2933     0.0016  |       0.0535      0.1876
  30      0.1518        0.9920  |    0.3637/  0.3802/  0.3951            0.3951           0.2870     0.0056  |       0.0547      0.1876
  31      0.1323        0.9815  |    0.3009/  0.3265/  0.3429            0.3429           0.2548     0.0054  |       0.0561      0.1876
  32      0.1205        0.9854  |    0.1950/  0.2163/  0.2299            0.2299           0.1511     0.0062  |       0.0600      0.1876
  33      0.1157        0.9883  |    0.1020/  0.1209/  0.1364            0.1364           0.0530     0.0039  |       0.0638      0.1876
  34      0.1091        0.9867  |    0.0448/  0.0649/  0.0829            0.0829          -0.0347     0.0050  |       0.0635      0.1876
  35      0.0978        0.9897  |   -0.0790/ -0.0588/ -0.0436           -0.0436          -0.1243     0.0097  |       0.0660      0.1876
  36      0.1010        0.9807  |    0.0636/  0.0825/  0.0967            0.0967          -0.0214     0.0052  |       0.0628      0.1876
  37      0.1026        0.9873  |   -0.0635/ -0.0393/ -0.0220           -0.0220          -0.1125     0.0059  |       0.0638      0.1876
  38      0.1042        0.9817  |   -0.1126/ -0.0936/ -0.0796           -0.0796          -0.1622     0.0070  |       0.0651      0.1876
  39      0.0970        0.9702  |   -0.1700/ -0.1532/ -0.1386           -0.1386          -0.2319     0.0064  |       0.0698      0.1876
  40      0.0746        0.9856  |   -0.2297/ -0.2129/ -0.2003           -0.2003          -0.2806     0.0064  |       0.0713      0.1876
  41      0.0923        0.9842  |   -0.1783/ -0.1593/ -0.1456           -0.1456          -0.2553     0.0086  |       0.0691      0.1876
  42      0.0899        0.9691  |   -0.2881/ -0.2706/ -0.2561           -0.2561          -0.3278     0.0088  |       0.0692      0.1876
  43      0.0820        0.9750  |   -0.3835/ -0.3692/ -0.3578           -0.3578          -0.4058     0.0081  |       0.0766      0.1876
  44      0.0813        0.9824  |   -0.3456/ -0.3284/ -0.3146           -0.3146          -0.3784     0.0059  |       0.0778      0.1876
  45      0.0593        0.9876  |   -0.4495/ -0.4373/ -0.4286           -0.4286          -0.4708     0.0046  |       0.0820      0.1876
  46      0.0739        0.9805  |   -0.4490/ -0.4208/ -0.4117           -0.4117          -0.4637     0.0073  |       0.0863      0.1876
  47      0.0628        0.9845  |   -0.4446/ -0.4327/ -0.4244           -0.4244          -0.4575     0.0026  |       0.0898      0.1876
  48      0.0571        0.9906  |   -0.4278/ -0.4140/ -0.4053           -0.4053          -0.4470     0.0144  |       0.0879      0.1876
  49      0.0445        0.9647  |   -0.4251/ -0.4133/ -0.4030           -0.4030          -0.4429     0.0025  |       0.0962      0.1876
  50      0.0451        0.9884  |   -0.4072/ -0.3968/ -0.3864           -0.3864          -0.4301     0.0069  |       0.0992      0.1876
  51      0.0431        0.9842  |   -0.4119/ -0.4019/ -0.3928           -0.3928          -0.4315     0.0073  |       0.1028      0.1876
  52      0.0388        0.9882  |   -0.4384/ -0.4235/ -0.4153           -0.4153          -0.4463     0.0074  |       0.1074      0.1876
  53      0.0344        0.9644  |   -0.4276/ -0.4172/ -0.4086           -0.4086          -0.4421     0.0076  |       0.1144      0.1876
  54      0.0320        0.9703  |   -0.4034/ -0.3927/ -0.3827           -0.3827          -0.4216     0.0015  |       0.1150      0.1876
  55      0.0305        0.9872  |   -0.4218/ -0.4118/ -0.4024           -0.4024          -0.4364     0.0091  |       0.1165      0.1876
  56      0.0085        0.9666  |   -0.4536/ -0.4393/ -0.4316           -0.4316          -0.4607     0.0079  |       0.1244      0.1876
  57      0.0155        0.9688  |   -0.4746/ -0.4615/ -0.4545           -0.4545          -0.4849     0.0042  |       0.1320      0.1876
  58      0.0074        0.9824  |   -0.4432/ -0.4326/ -0.4241           -0.4241          -0.4636     0.0063  |       0.1302      0.1876
  59      0.0043        0.9768  |   -0.4302/ -0.4178/ -0.4088           -0.4088          -0.4433     0.0092  |       0.1281      0.1876
  60     -0.0064        0.9746  |   -0.4327/ -0.4237/ -0.4149           -0.4149          -0.4496     0.0071  |       0.1315      0.1876
  61     -0.0004        0.9494  |   -0.4777/ -0.4519/ -0.4433           -0.4433          -0.4927     0.0089  |       0.1381      0.1876
  62     -0.0079        0.9604  |   -0.4089/ -0.3971/ -0.3856           -0.3856          -0.4253     0.0057  |       0.1346      0.1876
  63     -0.0074        0.9756  |   -0.4374/ -0.4170/ -0.4077           -0.4077          -0.4505     0.0093  |       0.1393      0.1876
  64      0.0021        0.9736  |   -0.4696/ -0.4580/ -0.4500           -0.4500          -0.4957     0.0055  |       0.1450      0.1876
  65      0.0001        0.9687  |   -0.4731/ -0.4480/ -0.4357           -0.4357          -0.5011     0.0042  |       0.1505      0.1876
  66      0.0044        0.9836  |   -0.4704/ -0.4423/ -0.4336           -0.4336          -0.4873     0.0109  |       0.1530      0.1876
  67      0.0087        0.9738  |   -0.4894/ -0.4413/ -0.4264           -0.4264          -0.4832     0.0116  |       0.1565      0.1876
  68     -0.0008        0.9395  |   -0.4660/ -0.4520/ -0.4444           -0.4444          -0.4718     0.0086  |       0.1472      0.1876
  69      0.0116        0.9562  |   -0.4177/ -0.3952/ -0.3857           -0.3857          -0.4206     0.0043  |       0.1407      0.1876
  70      0.0112        0.9726  |   -0.4258/ -0.4132/ -0.4044           -0.4044          -0.4324     0.0035  |       0.1420      0.1876
  71      0.0201        0.9834  |   -0.4333/ -0.4190/ -0.4100           -0.4100          -0.4437     0.0002  |       0.1420      0.1876
  72      0.0180        0.9962  |   -0.4411/ -0.4307/ -0.4226           -0.4226          -0.4526     0.0131  |       0.1419      0.1876
  73      0.0083        0.9404  |   -0.4902/ -0.4757/ -0.4633           -0.4633          -0.5090     0.0125  |       0.1536      0.1876
  74      0.0360        0.9221  |   -0.4872/ -0.4709/ -0.4617           -0.4617          -0.4915     0.0054  |       0.1516      0.1876
  75      0.0164        0.9700  |   -0.4404/ -0.4239/ -0.4129           -0.4129          -0.4600     0.0048  |       0.1472      0.1876
  76      0.0297        0.9764  |   -0.4746/ -0.4616/ -0.4529           -0.4529          -0.4809     0.0090  |       0.1477      0.1876
  77      0.0005        0.9339  |   -0.4225/ -0.4092/ -0.4000           -0.4000          -0.4224     0.0078  |       0.1396      0.1876
  78      0.0064        0.9674  |   -0.4158/ -0.3991/ -0.3906           -0.3906          -0.4156     0.0018  |       0.1378      0.1876
  79     -0.0071        0.9875  |   -0.4282/ -0.4077/ -0.3974           -0.3974          -0.4333     0.0034  |       0.1361      0.1876
  80      0.0009        0.9843  |   -0.3966/ -0.3820/ -0.3735           -0.3735          -0.4029     0.0025  |       0.1390      0.1876
  81     -0.0082        0.9896  |   -0.4139/ -0.3904/ -0.3817           -0.3817          -0.4181     0.0068  |       0.1374      0.1876
  82      0.0187        0.9691  |   -0.4263/ -0.4089/ -0.4002           -0.4002          -0.4345     0.0056  |       0.1434      0.1876
  83      0.0135        0.9745  |   -0.4658/ -0.4545/ -0.4477           -0.4477          -0.4736     0.0100  |       0.1483      0.1876
  84      0.0083        0.9666  |   -0.4449/ -0.4323/ -0.4236           -0.4236          -0.4599     0.0066  |       0.1464      0.1876
  85      0.0037        0.9763  |   -0.4799/ -0.4580/ -0.4478           -0.4478          -0.4943     0.0065  |       0.1506      0.1876
  86      0.0146        0.9658  |   -0.4951/ -0.4811/ -0.4671           -0.4671          -0.5071     0.0173  |       0.1530      0.1876
  87      0.0068        0.9098  |   -0.4173/ -0.4051/ -0.3959           -0.3959          -0.4179     0.0017  |       0.1378      0.1876
  88     -0.0117        0.9886  |   -0.4235/ -0.4133/ -0.4042           -0.4042          -0.4355     0.0138  |       0.1359      0.1876
  89      0.0032        0.9539  |   -0.4501/ -0.4300/ -0.4207           -0.4207          -0.4592     0.0050  |       0.1430      0.1876
  90      0.0046        0.9755  |   -0.4584/ -0.4458/ -0.4378           -0.4378          -0.4722     0.0103  |       0.1454      0.1876
  91     -0.0003        0.9275  |   -0.5070/ -0.4910/ -0.4774           -0.4774          -0.5277     0.0078  |       0.1532      0.1876
  92      0.0010        0.9568  |   -0.5083/ -0.4881/ -0.4756           -0.4756          -0.5131     0.0083  |       0.1468      0.1876
  93      0.0035        0.9434  |   -0.4103/ -0.3986/ -0.3901           -0.3901          -0.4184     0.0073  |       0.1395      0.1876
  94     -0.0030        0.9748  |   -0.4169/ -0.4002/ -0.3923           -0.3923          -0.4204     0.0069  |       0.1362      0.1876
  95      0.0115        0.9735  |   -0.4365/ -0.4269/ -0.4188           -0.4188          -0.4481     0.0031  |       0.1421      0.1876
  96      0.0207        0.9825  |   -0.4303/ -0.4205/ -0.4107           -0.4107          -0.4446     0.0113  |       0.1435      0.1876
  97     -0.0003        0.9453  |   -0.4725/ -0.4602/ -0.4488           -0.4488          -0.4977     0.0027  |       0.1499      0.1876
  98      0.0065        0.9740  |   -0.4748/ -0.4594/ -0.4485           -0.4485          -0.5040     0.0106  |       0.1523      0.1876
  99      0.0138        0.9411  |   -0.4515/ -0.4398/ -0.4304           -0.4304          -0.4655     0.0128  |       0.1460      0.1876
 100     -0.0101        0.9301  |   -0.4012/ -0.3905/ -0.3801           -0.3801          -0.4041     0.0087  |       0.1358      0.1876
 101     -0.0137        0.9700  |   -0.4488/ -0.4387/ -0.4298           -0.4298          -0.4572     0.0042  |       0.1340      0.1876
 102     -0.0011        0.9750  |   -0.3926/ -0.3814/ -0.3735           -0.3735          -0.3997     0.0037  |       0.1365      0.1876
 103      0.0057        0.9861  |   -0.4154/ -0.4041/ -0.3973           -0.3973          -0.4216     0.0029  |       0.1354      0.1876
 104     -0.0018        0.9843  |   -0.4296/ -0.4023/ -0.3932           -0.3932          -0.4244     0.0110  |       0.1380      0.1876
 105      0.0047        0.9689  |   -0.4292/ -0.4126/ -0.4035           -0.4035          -0.4502     0.0055  |       0.1407      0.1876
 106      0.0030        0.9650  |   -0.4946/ -0.4845/ -0.4754           -0.4754          -0.5080     0.0055  |       0.1457      0.1876
 107     -0.0067        0.9730  |   -0.4914/ -0.4694/ -0.4590           -0.4590          -0.5229     0.0125  |       0.1508      0.1876
 108     -0.0020        0.9562  |   -0.4830/ -0.4659/ -0.4560           -0.4560          -0.4901     0.0047  |       0.1475      0.1876
 109      0.0067        0.9678  |   -0.4609/ -0.4502/ -0.4393           -0.4393          -0.4881     0.0056  |       0.1513      0.1876
 110      0.0116        0.9726  |   -0.4682/ -0.4510/ -0.4411           -0.4411          -0.4871     0.0027  |       0.1513      0.1876
 111      0.0228        0.9805  |   -0.4602/ -0.4496/ -0.4410           -0.4410          -0.4717     0.0052  |       0.1492      0.1876
 112      0.0299        0.9695  |   -0.4746/ -0.4610/ -0.4475           -0.4475          -0.4905     0.0174  |       0.1475      0.1876
 113     -0.0086        0.8815  |   -0.3895/ -0.3760/ -0.3629           -0.3629          -0.3908     0.0081  |       0.1318      0.1876
 114     -0.0104        0.9556  |   -0.3016/ -0.2852/ -0.2718           -0.2718          -0.3212     0.0097  |       0.1232      0.1876
 115     -0.0187        0.9453  |   -0.3853/ -0.3628/ -0.3522           -0.3522          -0.3954     0.0052  |       0.1308      0.1876
 116     -0.0167        0.9828  |   -0.3837/ -0.3696/ -0.3601           -0.3601          -0.3923     0.0052  |       0.1358      0.1876
 117      0.0015        0.9782  |   -0.3884/ -0.3746/ -0.3647           -0.3647          -0.4039     0.0013  |       0.1410      0.1876
 118      0.0018        0.9884  |   -0.3733/ -0.3611/ -0.3511           -0.3511          -0.3853     0.0074  |       0.1403      0.1876
 119      0.0228        0.9426  |   -0.4721/ -0.4600/ -0.4517           -0.4517          -0.4799     0.0061  |       0.1471      0.1876
 120      0.0066        0.9624  |   -0.4748/ -0.4565/ -0.4467           -0.4467          -0.4968     0.0077  |       0.1528      0.1876
 121      0.0211        0.9653  |   -0.4712/ -0.4582/ -0.4508           -0.4508          -0.4735     0.0055  |       0.1480      0.1876
 122      0.0210        0.9653  |   -0.4282/ -0.4170/ -0.4076           -0.4076          -0.4507     0.0130  |       0.1448      0.1876
 123     -0.0029        0.9248  |   -0.4001/ -0.3874/ -0.3757           -0.3757          -0.3977     0.0003  |       0.1328      0.1876
 124     -0.0121        0.9817  |   -0.3299/ -0.3145/ -0.2983           -0.2983          -0.3501     0.0051  |       0.1319      0.1876
 125     -0.0082        0.9718  |   -0.3522/ -0.3236/ -0.3124           -0.3124          -0.3563     0.0024  |       0.1346      0.1876
 126     -0.0118        0.9826  |   -0.3632/ -0.3510/ -0.3373           -0.3373          -0.3778     0.0042  |       0.1368      0.1876
 127      0.0105        0.9681  |   -0.4148/ -0.4015/ -0.3936           -0.3936          -0.4248     0.0050  |       0.1402      0.1876
 128      0.0195        0.9715  |   -0.4408/ -0.4304/ -0.4219           -0.4219          -0.4498     0.0066  |       0.1444      0.1876
 129      0.0073        0.9672  |   -0.4660/ -0.4527/ -0.4429           -0.4429          -0.4944     0.0009  |       0.1504      0.1876
 130      0.0035        0.9833  |   -0.4748/ -0.4633/ -0.4521           -0.4521          -0.4912     0.0072  |       0.1515      0.1876
 131      0.0311        0.9619  |   -0.4825/ -0.4696/ -0.4606           -0.4606          -0.4863     0.0093  |       0.1501      0.1876
 132      0.0177        0.9502  |   -0.4487/ -0.4325/ -0.4223           -0.4223          -0.4736     0.0158  |       0.1480      0.1876
 133      0.0034        0.9177  |   -0.4078/ -0.3895/ -0.3800           -0.3800          -0.3926     0.0106  |       0.1388      0.1876
 134     -0.0125        0.9693  |   -0.3718/ -0.3574/ -0.3450           -0.3450          -0.3853     0.0034  |       0.1293      0.1876
 135     -0.0079        0.9670  |   -0.3315/ -0.2909/ -0.2790           -0.2790          -0.3417     0.0020  |       0.1280      0.1876
 136     -0.0072        0.9755  |   -0.3760/ -0.3629/ -0.3526           -0.3526          -0.3947     0.0029  |       0.1286      0.1876
 137     -0.0011        0.9803  |   -0.3405/ -0.3054/ -0.2955           -0.2955          -0.3531     0.0031  |       0.1264      0.1876
 138     -0.0053        0.9783  |   -0.3144/ -0.2854/ -0.2752           -0.2752          -0.3400     0.0039  |       0.1237      0.1876
 139     -0.0102        0.9790  |   -0.3470/ -0.3301/ -0.3212           -0.3212          -0.3729     0.0071  |       0.1270      0.1876
 140     -0.0030        0.9671  |   -0.3920/ -0.3762/ -0.3660           -0.3660          -0.4018     0.0046  |       0.1312      0.1876
 141     -0.0177        0.9695  |   -0.4111/ -0.4011/ -0.3921           -0.3921          -0.4208     0.0064  |       0.1348      0.1876
 142     -0.0032        0.9705  |   -0.3944/ -0.3803/ -0.3700           -0.3700          -0.4002     0.0092  |       0.1360      0.1876
 143      0.0198        0.9451  |   -0.4507/ -0.4349/ -0.4262           -0.4262          -0.4596     0.0042  |       0.1444      0.1876
 144      0.0145        0.9679  |   -0.4421/ -0.4271/ -0.4187           -0.4187          -0.4447     0.0013  |       0.1444      0.1876
 145      0.0043        0.9789  |   -0.4090/ -0.4003/ -0.3884           -0.3884          -0.4292     0.0005  |       0.1433      0.1876
 146      0.0134        0.9890  |   -0.4269/ -0.4142/ -0.4047           -0.4047          -0.4451     0.0077  |       0.1427      0.1876
 147      0.0238        0.9578  |   -0.4689/ -0.4556/ -0.4460           -0.4460          -0.4815     0.0074  |       0.1493      0.1876
 148      0.0234        0.9585  |   -0.4596/ -0.4476/ -0.4366           -0.4366          -0.4611     0.0056  |       0.1473      0.1876
 149      0.0099        0.9676  |   -0.4118/ -0.4033/ -0.3944           -0.3944          -0.4229     0.0039  |       0.1427      0.1876
 150      0.0190        0.9706  |   -0.4728/ -0.4619/ -0.4530           -0.4530          -0.4843     0.0042  |       0.1453      0.1876
 151      0.0130        0.9830  |   -0.4748/ -0.4627/ -0.4516           -0.4516          -0.4853     0.0107  |       0.1487      0.1876
 152      0.0025        0.9654  |   -0.4341/ -0.4207/ -0.4121           -0.4121          -0.4357     0.0092  |       0.1399      0.1876
 153     -0.0177        0.9514  |   -0.4030/ -0.3904/ -0.3801           -0.3801          -0.4112     0.0049  |       0.1366      0.1876
 154      0.0059        0.9740  |   -0.4027/ -0.3913/ -0.3829           -0.3829          -0.4131     0.0026  |       0.1404      0.1876
 155      0.0149        0.9833  |   -0.4317/ -0.3935/ -0.3846           -0.3846          -0.4284     0.0045  |       0.1430      0.1876
 156      0.0272        0.9696  |   -0.4445/ -0.4299/ -0.4191           -0.4191          -0.4559     0.0063  |       0.1465      0.1876
 157      0.0165        0.9664  |   -0.4960/ -0.4804/ -0.4712           -0.4712          -0.5069     0.0019  |       0.1525      0.1876
 158      0.0236        0.9859  |   -0.4687/ -0.4553/ -0.4481           -0.4481          -0.4817     0.0107  |       0.1521      0.1876
 159      0.0068        0.9473  |   -0.4578/ -0.4451/ -0.4364           -0.4364          -0.4603     0.0090  |       0.1430      0.1876
 160     -0.0131        0.9388  |   -0.3470/ -0.3349/ -0.3243           -0.3243          -0.3483     0.0050  |       0.1347      0.1876
 161     -0.0102        0.9828  |   -0.3430/ -0.3275/ -0.3147           -0.3147          -0.3607     0.0049  |       0.1304      0.1876
 162     -0.0114        0.9635  |   -0.4087/ -0.3963/ -0.3866           -0.3866          -0.4259     0.0035  |       0.1324      0.1876
 163     -0.0202        0.9835  |   -0.3894/ -0.3514/ -0.3401           -0.3401          -0.3907     0.0051  |       0.1295      0.1876
 164     -0.0152        0.9899  |   -0.3560/ -0.3428/ -0.3288           -0.3288          -0.3787     0.0089  |       0.1320      0.1876
 165      0.0094        0.9523  |   -0.4209/ -0.4092/ -0.4018           -0.4018          -0.4289     0.0077  |       0.1399      0.1876
 166      0.0173        0.9634  |   -0.4713/ -0.4596/ -0.4511           -0.4511          -0.4800     0.0054  |       0.1476      0.1876
 167      0.0104        0.9626  |   -0.4690/ -0.4539/ -0.4430           -0.4430          -0.5028     0.0075  |       0.1530      0.1876
 168      0.0292        0.9550  |   -0.4898/ -0.4772/ -0.4686           -0.4686          -0.4978     0.0083  |       0.1512      0.1876
 169      0.0095        0.9635  |   -0.4404/ -0.4276/ -0.4186           -0.4186          -0.4515     0.0041  |       0.1440      0.1876
 170      0.0037        0.9700  |   -0.4770/ -0.4657/ -0.4579           -0.4579          -0.4796     0.0095  |       0.1399      0.1876
 171      0.0198        0.9608  |   -0.4290/ -0.4202/ -0.4115           -0.4115          -0.4438     0.0060  |       0.1433      0.1876
 172      0.0113        0.9792  |   -0.4397/ -0.4264/ -0.4161           -0.4161          -0.4473     0.0074  |       0.1397      0.1876
 173      0.0230        0.9768  |   -0.4532/ -0.4363/ -0.4267           -0.4267          -0.4624     0.0086  |       0.1445      0.1876
 174      0.0324        0.9597  |   -0.4601/ -0.4477/ -0.4366           -0.4366          -0.4769     0.0069  |       0.1492      0.1876
 175      0.0230        0.9729  |   -0.4780/ -0.4662/ -0.4567           -0.4567          -0.4886     0.0059  |       0.1484      0.1876
 176      0.0093        0.9692  |   -0.5068/ -0.4944/ -0.4842           -0.4842          -0.5248     0.0094  |       0.1537      0.1876
 177      0.0184        0.9400  |   -0.4587/ -0.4467/ -0.4361           -0.4361          -0.4810     0.0161  |       0.1470      0.1876
 178     -0.0030        0.9280  |   -0.4238/ -0.4012/ -0.3904           -0.3904          -0.4143     0.0086  |       0.1344      0.1876
 179     -0.0211        0.9437  |   -0.3388/ -0.2906/ -0.2724           -0.2724          -0.3415     0.0012  |       0.1256      0.1876
 180     -0.0179        0.9934  |   -0.3212/ -0.2961/ -0.2844           -0.2844          -0.3423     0.0052  |       0.1259      0.1876
 181     -0.0122        0.9822  |   -0.3487/ -0.3319/ -0.3242           -0.3242          -0.3708     0.0028  |       0.1265      0.1876
 182     -0.0111        0.9809  |   -0.3185/ -0.2988/ -0.2880           -0.2880          -0.3456     0.0065  |       0.1291      0.1876
 183     -0.0045        0.9758  |   -0.3650/ -0.3519/ -0.3416           -0.3416          -0.3916     0.0012  |       0.1351      0.1876
 184     -0.0098        0.9873  |   -0.3910/ -0.3752/ -0.3663           -0.3663          -0.4044     0.0060  |       0.1347      0.1876
 185     -0.0009        0.9812  |   -0.4170/ -0.3972/ -0.3891           -0.3891          -0.4300     0.0037  |       0.1367      0.1876
 186     -0.0069        0.9923  |   -0.4140/ -0.3961/ -0.3872           -0.3872          -0.4273     0.0092  |       0.1377      0.1876
 187      0.0087        0.9732  |   -0.4460/ -0.4336/ -0.4255           -0.4255          -0.4592     0.0092  |       0.1417      0.1876
 188      0.0042        0.9550  |   -0.5000/ -0.4863/ -0.4747           -0.4747          -0.5212     0.0076  |       0.1494      0.1876
 189     -0.0011        0.9609  |   -0.4381/ -0.4235/ -0.4149           -0.4149          -0.4501     0.0072  |       0.1432      0.1876
 190      0.0015        0.9731  |   -0.4352/ -0.4177/ -0.4101           -0.4101          -0.4396     0.0023  |       0.1421      0.1876
 191      0.0049        0.9849  |   -0.4543/ -0.4441/ -0.4362           -0.4362          -0.4670     0.0104  |       0.1434      0.1876
 192      0.0039        0.9558  |   -0.4930/ -0.4795/ -0.4673           -0.4673          -0.5176     0.0050  |       0.1490      0.1876
 193     -0.0029        0.9811  |   -0.4816/ -0.4673/ -0.4578           -0.4578          -0.4898     0.0034  |       0.1449      0.1876
 194      0.0032        0.9866  |   -0.4663/ -0.4566/ -0.4491           -0.4491          -0.4742     0.0145  |       0.1447      0.1876
 195      0.0070        0.9106  |   -0.4542/ -0.4363/ -0.4231           -0.4231          -0.4882     0.0029  |       0.1580      0.1876
 196      0.0081        0.9900  |   -0.4590/ -0.4425/ -0.4293           -0.4293          -0.4880     0.0125  |       0.1565      0.1876
 197     -0.0027        0.9192  |   -0.4814/ -0.4588/ -0.4482           -0.4482          -0.4732     0.0037  |       0.1477      0.1876
 198      0.0149        0.9834  |   -0.4714/ -0.4577/ -0.4469           -0.4469          -0.4837     0.0041  |       0.1477      0.1876
 199      0.0143        0.9784  |   -0.4292/ -0.4198/ -0.4121           -0.4121          -0.4380     0.0097  |       0.1440      0.1876
 200      0.0062        0.9416  |   -0.4679/ -0.4532/ -0.4425           -0.4425          -0.4992     0.0109  |       0.1521      0.1876
 201      0.0302        0.9546  |   -0.4841/ -0.4687/ -0.4571           -0.4571          -0.4848     0.0081  |       0.1468      0.1876
 202      0.0108        0.9518  |   -0.4515/ -0.4402/ -0.4312           -0.4312          -0.4650     0.0066  |       0.1438      0.1876
 203      0.0189        0.9535  |   -0.4404/ -0.4296/ -0.4196           -0.4196          -0.4514     0.0061  |       0.1450      0.1876
 204      0.0221        0.9626  |   -0.4567/ -0.4422/ -0.4299           -0.4299          -0.4620     0.0069  |       0.1402      0.1876
 205      0.0108        0.9706  |   -0.4500/ -0.4357/ -0.4235           -0.4235          -0.4584     0.0116  |       0.1459      0.1876
 206      0.0135        0.9447  |   -0.4747/ -0.4598/ -0.4501           -0.4501          -0.4776     0.0022  |       0.1521      0.1876
 207      0.0267        0.9771  |   -0.4641/ -0.4531/ -0.4470           -0.4470          -0.4723     0.0043  |       0.1538      0.1876
 208      0.0158        0.9735  |   -0.4435/ -0.4329/ -0.4249           -0.4249          -0.4571     0.0079  |       0.1515      0.1876
 209      0.0355        0.9546  |   -0.4466/ -0.4354/ -0.4272           -0.4272          -0.4585     0.0051  |       0.1581      0.1876
 210      0.0343        0.9396  |   -0.4414/ -0.4290/ -0.4217           -0.4217          -0.4481     0.0055  |       0.1622      0.1876
 211      0.0271        0.9533  |   -0.4404/ -0.4282/ -0.4185           -0.4185          -0.4502     0.0056  |       0.1674      0.1876
 212      0.0344        0.9245  |   -0.4572/ -0.4446/ -0.4364           -0.4364          -0.4590     0.0035  |       0.1671      0.1876
 213      0.0311        0.9478  |   -0.4494/ -0.4362/ -0.4280           -0.4280          -0.4528     0.0008  |       0.1657      0.1876
 214      0.0279        0.9827  |   -0.4328/ -0.4211/ -0.4129           -0.4129          -0.4397     0.0075  |       0.1661      0.1876
 215      0.0372        0.9356  |   -0.4346/ -0.4235/ -0.4152           -0.4152          -0.4473     0.0041  |       0.1674      0.1876
 216      0.0277        0.9741  |   -0.4651/ -0.4514/ -0.4426           -0.4426          -0.4665     0.0026  |       0.1663      0.1876
 217      0.0252        0.9732  |   -0.4250/ -0.4129/ -0.4035           -0.4035          -0.4329     0.0047  |       0.1673      0.1876
 218      0.0256        0.9566  |   -0.4440/ -0.4331/ -0.4263           -0.4263          -0.4466     0.0050  |       0.1685      0.1876
 219      0.0336        0.9660  |   -0.4397/ -0.4298/ -0.4218           -0.4218          -0.4507     0.0027  |       0.1654      0.1876
 220      0.0309        0.9678  |   -0.4075/ -0.3996/ -0.3919           -0.3919          -0.4235     0.0035  |       0.1675      0.1876
 221      0.0030        0.9313  |   -0.4177/ -0.4062/ -0.3985           -0.3985          -0.4305     0.0047  |       0.1709      0.1876
 222      0.0288        0.9275  |   -0.4404/ -0.4242/ -0.4177           -0.4177          -0.4407     0.0061  |       0.1699      0.1876
 223      0.0157        0.8881  |   -0.3992/ -0.3879/ -0.3786           -0.3786          -0.4179     0.0059  |       0.1753      0.1876
 224      0.0214        0.9628  |   -0.3670/ -0.3524/ -0.3441           -0.3441          -0.4032     0.0082  |       0.1793      0.1876
 225      0.0366        0.9594  |   -0.3512/ -0.3324/ -0.3231           -0.3231          -0.3892     0.0119  |       0.1872      0.1876
 226      0.0188        0.9446  |   -0.3750/ -0.3626/ -0.3525           -0.3525          -0.4018     0.0071  |       0.1987      0.1876
 227      0.0121        0.9532  |   -0.3679/ -0.3535/ -0.3456           -0.3456          -0.3979     0.0028  |       0.2062      0.1876
 228      0.0184        0.9755  |   -0.3687/ -0.3486/ -0.3398           -0.3398          -0.3993     0.0038  |       0.2093      0.1876
 229      0.0092        0.9821  |   -0.4005/ -0.3865/ -0.3794           -0.3794          -0.4364     0.0063  |       0.2131      0.1876
 230      0.0101        0.9675  |   -0.3984/ -0.3868/ -0.3781           -0.3781          -0.4364     0.0136  |       0.2185      0.1876
 231      0.0049        0.9218  |   -0.4383/ -0.4242/ -0.4124           -0.4124          -0.4691     0.0059  |       0.2309      0.1876
 232      0.0266        0.9567  |   -0.3698/ -0.3517/ -0.3415           -0.3415          -0.4169     0.0060  |       0.2345      0.1876
 233      0.0271        0.9443  |   -0.3281/ -0.3100/ -0.3002           -0.3002          -0.4091     0.0224  |       0.2367      0.1876
 234      0.0663        0.9267  |   -0.2491/ -0.2090/ -0.1945           -0.1945          -0.3615     0.0058  |       0.2528      0.1876
 235      0.0656        0.9650  |   -0.1513/ -0.1253/ -0.1126           -0.1126          -0.2584     0.0082  |       0.2582      0.1876
 236      0.0586        0.9751  |   -0.2082/ -0.1840/ -0.1707           -0.1707          -0.3112     0.0097  |       0.2613      0.1876
 237      0.0590        0.9366  |   -0.1729/ -0.1456/ -0.1313           -0.1313          -0.2995     0.0042  |       0.2677      0.1876
 238      0.0457        0.9815  |   -0.2092/ -0.1842/ -0.1692           -0.1692          -0.3303     0.0069  |       0.2665      0.1876
 239      0.0582        0.9522  |   -0.2398/ -0.2107/ -0.1967           -0.1967          -0.3498     0.0094  |       0.2708      0.1876
 240      0.0178        0.9286  |   -0.4011/ -0.3746/ -0.3649           -0.3649          -0.4529     0.0021  |       0.2715      0.1876
 241      0.0179        0.9734  |   -0.4163/ -0.3949/ -0.3817           -0.3817          -0.4674     0.0124  |       0.2697      0.1876
 242      0.0310        0.9378  |   -0.3524/ -0.3280/ -0.3138           -0.3138          -0.4342     0.0064  |       0.2805      0.1876
 243      0.0541        0.9730  |   -0.3147/ -0.2808/ -0.2637           -0.2637          -0.4101     0.0090  |       0.2812      0.1876
 244      0.0774        0.9783  |   -0.2809/ -0.2516/ -0.2381           -0.2381          -0.3865     0.0106  |       0.2794      0.1876
 245      0.0582        0.9776  |   -0.3026/ -0.2694/ -0.2543           -0.2543          -0.4023     0.0023  |       0.2759      0.1876
 246      0.0572        0.9882  |   -0.3213/ -0.2887/ -0.2773           -0.2773          -0.4154     0.0149  |       0.2759      0.1876
 247      0.0630        0.9742  |   -0.3099/ -0.2675/ -0.2487           -0.2487          -0.3803     0.0043  |       0.2851      0.1876
 248      0.0708        0.9754  |   -0.2892/ -0.2619/ -0.2480           -0.2480          -0.3872     0.0072  |       0.2825      0.1876
 249      0.0664        0.9849  |   -0.2538/ -0.2230/ -0.2066           -0.2066          -0.3513     0.0039  |       0.2822      0.1876
 250      0.0695        0.9907  |   -0.2330/ -0.2117/ -0.1951           -0.1951          -0.3340     0.0097  |       0.2821      0.1876
 251      0.0735        0.9936  |   -0.1967/ -0.1632/ -0.1469           -0.1469          -0.3100     0.0057  |       0.2821      0.1876
 252      0.0675        0.9718  |   -0.2631/ -0.2297/ -0.2171           -0.2171          -0.3807     0.0065  |       0.2799      0.1876
 253      0.0466        0.9735  |   -0.3325/ -0.2982/ -0.2860           -0.2860          -0.4118     0.0054  |       0.2840      0.1876
 254      0.0729        0.9603  |   -0.2855/ -0.2666/ -0.2553           -0.2553          -0.3761     0.0037  |       0.2877      0.1876
 255      0.0556        0.9651  |   -0.3626/ -0.3278/ -0.3160           -0.3160          -0.4282     0.0111  |       0.2901      0.1876
 256      0.0745        0.9729  |   -0.2547/ -0.2265/ -0.2140           -0.2140          -0.3581     0.0117  |       0.2835      0.1876
 257      0.0742        0.9743  |   -0.3033/ -0.2741/ -0.2602           -0.2602          -0.4035     0.0056  |       0.2793      0.1876
 258      0.0665        0.9765  |   -0.2506/ -0.2197/ -0.2012           -0.2012          -0.3558     0.0110  |       0.2822      0.1876
 259      0.0614        0.9850  |   -0.2945/ -0.2600/ -0.2449           -0.2449          -0.3963     0.0084  |       0.2831      0.1876
 260      0.0804        0.9742  |   -0.2647/ -0.2370/ -0.2245           -0.2245          -0.3784     0.0071  |       0.2795      0.1876
 261      0.0441        0.9689  |   -0.3519/ -0.3310/ -0.3175           -0.3175          -0.4381     0.0035  |       0.2817      0.1876
 262      0.0671        0.9845  |   -0.3177/ -0.2879/ -0.2731           -0.2731          -0.4040     0.0099  |       0.2844      0.1876
 263      0.0707        0.9889  |   -0.3056/ -0.2768/ -0.2617           -0.2617          -0.3959     0.0031  |       0.2846      0.1876
 264      0.0749        0.9764  |   -0.3279/ -0.2844/ -0.2700           -0.2700          -0.3962     0.0062  |       0.2864      0.1876
 265      0.0735        0.9675  |   -0.2344/ -0.2048/ -0.1901           -0.1901          -0.3478     0.0026  |       0.2834      0.1876
 266      0.0626        0.9756  |   -0.2677/ -0.2438/ -0.2322           -0.2322          -0.3987     0.0090  |       0.2826      0.1876
 267      0.0608        0.9723  |   -0.3470/ -0.3197/ -0.3079           -0.3079          -0.4131     0.0074  |       0.2860      0.1876
 268      0.0725        0.9738  |   -0.2882/ -0.2559/ -0.2397           -0.2397          -0.3747     0.0041  |       0.2909      0.1876
 269      0.0743        0.9770  |   -0.2978/ -0.2471/ -0.2344           -0.2344          -0.3737     0.0073  |       0.2885      0.1876
 270      0.0674        0.9660  |   -0.3098/ -0.2833/ -0.2705           -0.2705          -0.4026     0.0129  |       0.2837      0.1876
 271      0.0514        0.9581  |   -0.3476/ -0.3170/ -0.3050           -0.3050          -0.4009     0.0056  |       0.2903      0.1876
 272      0.0327        0.9713  |   -0.3373/ -0.3100/ -0.2981           -0.2981          -0.4051     0.0166  |       0.2923      0.1876
 273      0.0788        0.9658  |   -0.2883/ -0.2676/ -0.2524           -0.2524          -0.3799     0.0056  |       0.2905      0.1876
 274      0.0866        0.9922  |   -0.2970/ -0.2469/ -0.2303           -0.2303          -0.3588     0.0078  |       0.2906      0.1876
 275      0.0504        0.9685  |   -0.3138/ -0.2836/ -0.2680           -0.2680          -0.3916     0.0145  |       0.2854      0.1876
 276      0.0713        0.9722  |   -0.2740/ -0.2375/ -0.2214           -0.2214          -0.3673     0.0067  |       0.2886      0.1876
 277      0.0754        0.9467  |   -0.2951/ -0.2542/ -0.2386           -0.2386          -0.3598     0.0067  |       0.2920      0.1876
 278      0.0321        0.9573  |   -0.2754/ -0.2500/ -0.2329           -0.2329          -0.3636     0.0078  |       0.2963      0.1876
 279      0.0549        0.9579  |   -0.2361/ -0.2055/ -0.1906           -0.1906          -0.3508     0.0041  |       0.3018      0.1876
 280      0.0491        0.9750  |   -0.2062/ -0.1781/ -0.1632           -0.1632          -0.3418     0.0081  |       0.3014      0.1876
 281      0.0597        0.9520  |   -0.2868/ -0.2619/ -0.2485           -0.2485          -0.3661     0.0033  |       0.3060      0.1876
 282      0.0483        0.9739  |   -0.3425/ -0.3216/ -0.3118           -0.3118          -0.3941     0.0029  |       0.3078      0.1876
 283      0.0526        0.9575  |   -0.2826/ -0.2492/ -0.2330           -0.2330          -0.3482     0.0073  |       0.3100      0.1876
 284      0.0771        0.9314  |   -0.3093/ -0.2872/ -0.2765           -0.2765          -0.3627     0.0030  |       0.3154      0.1876
 285      0.0755        0.9546  |   -0.2417/ -0.2148/ -0.2006           -0.2006          -0.3336     0.0070  |       0.3180      0.1876
 286      0.0668        0.9766  |   -0.2776/ -0.2487/ -0.2376           -0.2376          -0.3571     0.0097  |       0.3186      0.1876
 287      0.1019        0.9333  |   -0.2265/ -0.1968/ -0.1836           -0.1836          -0.3014     0.0026  |       0.3229      0.1876
 288      0.0725        0.9772  |   -0.2664/ -0.2452/ -0.2318           -0.2318          -0.3359     0.0081  |       0.3211      0.1876
 289      0.0615        0.9483  |   -0.3752/ -0.3460/ -0.3335           -0.3335          -0.4190     0.0115  |       0.3268      0.1876
 290      0.0692        0.9715  |   -0.2731/ -0.2415/ -0.2291           -0.2291          -0.3344     0.0071  |       0.3289      0.1876
 291      0.0660        0.9859  |   -0.3128/ -0.2910/ -0.2785           -0.2785          -0.3892     0.0114  |       0.3308      0.1876
 292      0.0555        0.9816  |   -0.3284/ -0.3096/ -0.2983           -0.2983          -0.4029     0.0123  |       0.3316      0.1876
 293      0.0637        0.9546  |   -0.2622/ -0.2455/ -0.2330           -0.2330          -0.3512     0.0105  |       0.3399      0.1876
 294      0.0426        0.9519  |   -0.3138/ -0.2865/ -0.2734           -0.2734          -0.3858     0.0130  |       0.3459      0.1876
 295      0.0563        0.9311  |   -0.3667/ -0.3444/ -0.3331           -0.3331          -0.4127     0.0076  |       0.3539      0.1876
 296      0.0486        0.9759  |   -0.3795/ -0.3658/ -0.3560           -0.3560          -0.4396     0.0096  |       0.3543      0.1876
 297      0.0525        0.9664  |   -0.3565/ -0.3395/ -0.3286           -0.3286          -0.4232     0.0101  |       0.3572      0.1876
 298      0.0602        0.9867  |   -0.3339/ -0.3159/ -0.3049           -0.3049          -0.4062     0.0089  |       0.3586      0.1876
 299      0.0620        0.9693  |   -0.3253/ -0.3107/ -0.2994           -0.2994          -0.3750     0.0096  |       0.3636      0.1876
IMAGEIO FFMPEG_WRITER WARNING: input image is not divisible by macro_block_size=16, resizing from (320, 180) to (320, 192) to ensure video compatibility with most codecs and players. To prevent resizing, make your input image divisible by the macro_block_size or set the macro_block_size to 1 (risking incompatibility).

Saved 300 frames -> /home/ashwink/Documents/swms/SWM_copy/rollouts_5_per/expert-only/epoch1/epoch1_rollout2_failure.mp4
min dist(green_cube,blue_moon) over episode = 0.1876  ->  FAILURE
Full log written to /home/ashwink/Documents/swms/SWM_copy/rollouts_5_per/expert-only/epoch1/epoch1_rollout2_20260723_115900.log
Result json -> /home/ashwink/Documents/swms/SWM_copy/rollouts_5_per/expert-only/epoch1/epoch1_rollout2_result.json
