Checkpoint dir epoch: 1  Rollout: 4
Logging to /home/ashwink/Documents/swms/SWM_copy/rollouts_5_per/expert-only/epoch1/epoch1_rollout4_20260723_120212.log
Goal (fixed, steps 0-299): the green cube is touching the blue moon. the peg is touching the green cube.

Checkpoint: /home/ashwink/Documents/swms/SWM_copy/training/checkpoints_clip_full_finetuned_wider_hl/epoch_001.pt
  epoch=1  step=1716

Loading CLIP ViT-L/14 (datacomp_xl_s13b_b90k) + fine-tuned clip_state_dict ...
Parsing model identifier. Schema: None, Identifier: ViT-L-14
Loaded built-in ViT-L-14 model config.
Instantiating model architecture: CLIP
Loading full pretrained weights from: /home/ashwink/.cache/huggingface/hub/models--laion--CLIP-ViT-L-14-DataComp.XL-s13B-b90K/snapshots/84c9828e63dc9a9351d1fe637c346d4c1c4db341/open_clip_pytorch_model.bin
Final image preprocessing configuration set: {'size': (224, 224), 'mode': 'RGB', 'mean': (0.48145466, 0.4578275, 0.40821073), 'std': (0.26862954, 0.26130258, 0.27577711), 'interpolation': 'bicubic', 'resize_mode': 'shortest', 'fill_color': 0}
Model ViT-L-14 creation process complete.
Parsing tokenizer identifier. Schema: None, Identifier: ViT-L-14
Attempting to load config from built-in: ViT-L-14
Using default SimpleTokenizer.
z_star shape: torch.Size([768])

Loading action stats from /home/ashwink/full_data_5000/langtable/demos/ ...
  lo=[-0.03372681140899658, -0.03493623435497284]  hi=[0.03496786952018738, 0.03494429588317871]

Initializing LangTable env ...
Loading URDF plane.urdf
Loading URDF /home/ashwink/Documents/swms/.venv/lib/python3.10/site-packages/language_table/environments/utils/../../../language_table/environments/assets/workspace_real.urdf
Loading URDF xarm/xarm6_robot_white.urdf
Loading URDF /home/ashwink/Documents/swms/.venv/lib/python3.10/site-packages/language_table/environments/utils/../../../language_table/environments/assets/suction/cylinder_real.urdf
Loading URDF /home/ashwink/Documents/swms/.venv/lib/python3.10/site-packages/language_table/environments/utils/../../../language_table/environments/assets/blocks/red_moon.urdf
Loading URDF /home/ashwink/Documents/swms/.venv/lib/python3.10/site-packages/language_table/environments/utils/../../../language_table/environments/assets/blocks/red_cube.urdf
Loading URDF /home/ashwink/Documents/swms/.venv/lib/python3.10/site-packages/language_table/environments/utils/../../../language_table/environments/assets/blocks/red_star.urdf
Loading URDF /home/ashwink/Documents/swms/.venv/lib/python3.10/site-packages/language_table/environments/utils/../../../language_table/environments/assets/blocks/red_pentagon.urdf
Loading URDF /home/ashwink/Documents/swms/.venv/lib/python3.10/site-packages/language_table/environments/utils/../../../language_table/environments/assets/blocks/blue_moon.urdf
Loading URDF /home/ashwink/Documents/swms/.venv/lib/python3.10/site-packages/language_table/environments/utils/../../../language_table/environments/assets/blocks/blue_cube.urdf
Loading URDF /home/ashwink/Documents/swms/.venv/lib/python3.10/site-packages/language_table/environments/utils/../../../language_table/environments/assets/blocks/blue_star.urdf
Loading URDF /home/ashwink/Documents/swms/.venv/lib/python3.10/site-packages/language_table/environments/utils/../../../language_table/environments/assets/blocks/blue_pentagon.urdf
Loading URDF /home/ashwink/Documents/swms/.venv/lib/python3.10/site-packages/language_table/environments/utils/../../../language_table/environments/assets/blocks/yellow_moon.urdf
Loading URDF /home/ashwink/Documents/swms/.venv/lib/python3.10/site-packages/language_table/environments/utils/../../../language_table/environments/assets/blocks/yellow_cube.urdf
Loading URDF /home/ashwink/Documents/swms/.venv/lib/python3.10/site-packages/language_table/environments/utils/../../../language_table/environments/assets/blocks/yellow_star.urdf
Loading URDF /home/ashwink/Documents/swms/.venv/lib/python3.10/site-packages/language_table/environments/utils/../../../language_table/environments/assets/blocks/yellow_pentagon.urdf
Loading URDF /home/ashwink/Documents/swms/.venv/lib/python3.10/site-packages/language_table/environments/utils/../../../language_table/environments/assets/blocks/green_moon.urdf
Loading URDF /home/ashwink/Documents/swms/.venv/lib/python3.10/site-packages/language_table/environments/utils/../../../language_table/environments/assets/blocks/green_cube.urdf
Loading URDF /home/ashwink/Documents/swms/.venv/lib/python3.10/site-packages/language_table/environments/utils/../../../language_table/environments/assets/blocks/green_star.urdf
Loading URDF /home/ashwink/Documents/swms/.venv/lib/python3.10/site-packages/language_table/environments/utils/../../../language_table/environments/assets/blocks/green_pentagon.urdf
Loading URDF /home/ashwink/Documents/swms/.venv/lib/python3.10/site-packages/language_table/environments/utils/../../../language_table/environments/assets/blocks/purple_moon.urdf
Loading URDF /home/ashwink/Documents/swms/.venv/lib/python3.10/site-packages/language_table/environments/utils/../../../language_table/environments/assets/blocks/purple_cube.urdf
Loading URDF /home/ashwink/Documents/swms/.venv/lib/python3.10/site-packages/language_table/environments/utils/../../../language_table/environments/assets/blocks/purple_star.urdf
Loading URDF /home/ashwink/Documents/swms/.venv/lib/python3.10/site-packages/language_table/environments/utils/../../../language_table/environments/assets/blocks/purple_pentagon.urdf
Env ready.

Forced peg start: [0.42843915 0.24419614]  (green_cube=[0.40339102 0.18967466], blue_moon=[0.32039625 0.00902261])
  dist(peg,green_cube)=0.0600  dist(peg,blue_moon)=0.2588  dist(green_cube,blue_moon)=0.1988

step  cos(zt,z*)  cos(zt,zt-1)  |   cos(predK,z*) min/mean/max  cos(pred_sel,z*)   cos(zpred0,z*)  ||a_raw||  |  dist(peg,A)   dist(A,B)
-------------------------------------------------------------------------------------------------------------------------------------------------------------------------------
   0      0.1346           nan  |    0.3897/  0.4101/  0.4193            0.4193           0.2815     0.0065  |       0.0587      0.1988
   1      0.1346        0.9984  |    0.3178/  0.3421/  0.3632            0.3632           0.2821     0.0080  |       0.0539      0.1988
   2      0.1285        0.9976  |    0.2948/  0.3198/  0.3507            0.3507           0.2538     0.0082  |       0.0462      0.1988
   3      0.1309        0.9963  |    0.3543/  0.3763/  0.3937            0.3937           0.3070     0.0020  |       0.0406      0.1988
   4      0.1301        0.9970  |    0.3342/  0.3508/  0.3667            0.3667           0.2745     0.0051  |       0.0416      0.1988
   5      0.1282        0.9980  |    0.3249/  0.3463/  0.3672            0.3672           0.2694     0.0011  |       0.0398      0.1988
   6      0.1208        0.9957  |    0.2910/  0.3394/  0.3559            0.3559           0.2351     0.0030  |       0.0388      0.1988
   7      0.1246        0.9973  |    0.2929/  0.3160/  0.3375            0.3375           0.2272     0.0027  |       0.0361      0.1988
   8      0.1104        0.9915  |    0.1810/  0.2013/  0.2195            0.2195           0.0947     0.0032  |       0.0351      0.1975
   9      0.1326        0.9844  |    0.2921/  0.3159/  0.3329            0.3329           0.2013     0.0060  |       0.0347      0.1951
  10      0.0965        0.9811  |    0.0285/  0.0490/  0.0620            0.0620          -0.0710     0.0068  |       0.0352      0.1917
  11      0.0813        0.9857  |    0.0237/  0.0522/  0.0692            0.0692          -0.0597     0.0079  |       0.0345      0.1873
  12      0.1708        0.8601  |    0.4725/  0.5098/  0.5266            0.5266           0.4097     0.0038  |       0.0341      0.1820
  13      0.1608        0.9723  |    0.4724/  0.5025/  0.5177            0.5177           0.3972     0.0081  |       0.0346      0.1789
  14      0.1551        0.9334  |    0.5718/  0.6262/  0.6425            0.6425           0.5282     0.0047  |       0.0353      0.1731
  15      0.1552        0.9869  |    0.5374/  0.6175/  0.6332            0.6332           0.5076     0.0027  |       0.0369      0.1731
  16      0.1648        0.9909  |    0.5619/  0.6121/  0.6249            0.6249           0.5062     0.0035  |       0.0385      0.1725
  17      0.1648        0.9705  |    0.5322/  0.5602/  0.5782            0.5782           0.4566     0.0059  |       0.0386      0.1708
  18      0.1694        0.9814  |    0.4784/  0.5164/  0.5308            0.5308           0.4018     0.0046  |       0.0404      0.1707
  19      0.1702        0.9719  |    0.5406/  0.5831/  0.5990            0.5990           0.4842     0.0049  |       0.0403      0.1693
  20      0.1637        0.9871  |    0.4598/  0.5356/  0.5503            0.5503           0.4268     0.0066  |       0.0441      0.1693
  21      0.1567        0.9774  |    0.4481/  0.4850/  0.5017            0.5017           0.3662     0.0048  |       0.0433      0.1693
  22      0.1550        0.9763  |    0.4813/  0.5174/  0.5334            0.5334           0.3979     0.0043  |       0.0414      0.1693
  23      0.1382        0.9790  |    0.3795/  0.4101/  0.4271            0.4271           0.2874     0.0036  |       0.0413      0.1693
  24      0.1448        0.9886  |    0.3826/  0.4128/  0.4292            0.4292           0.2783     0.0023  |       0.0383      0.1697
  25      0.1457        0.9899  |    0.3318/  0.3635/  0.3798            0.3798           0.2052     0.0030  |       0.0378      0.1696
  26      0.1502        0.9804  |    0.4593/  0.4811/  0.4963            0.4963           0.3742     0.0054  |       0.0361      0.1699
  27      0.1389        0.9891  |    0.4453/  0.4654/  0.4831            0.4831           0.3641     0.0075  |       0.0386      0.1699
  28      0.1278        0.9825  |    0.2577/  0.3154/  0.3335            0.3335           0.1643     0.0042  |       0.0415      0.1699
  29      0.1378        0.9893  |    0.3001/  0.3298/  0.3497            0.3497           0.1708     0.0016  |       0.0429      0.1699
  30      0.1291        0.9947  |    0.2004/  0.2266/  0.2460            0.2460           0.0758     0.0049  |       0.0445      0.1699
  31      0.1286        0.9807  |    0.2551/  0.2785/  0.2965            0.2965           0.1419     0.0052  |       0.0459      0.1699
  32      0.1341        0.9859  |    0.2130/  0.3526/  0.3711            0.3711           0.1852     0.0038  |       0.0444      0.1699
  33      0.1228        0.9839  |    0.0909/  0.1225/  0.1404            0.1404          -0.0590     0.0033  |       0.0466      0.1699
  34      0.1318        0.9909  |    0.1787/  0.2042/  0.2269            0.2269           0.0440     0.0022  |       0.0494      0.1699
  35      0.1311        0.9920  |    0.2316/  0.2817/  0.3049            0.3049           0.1144     0.0054  |       0.0505      0.1699
  36      0.1117        0.9802  |    0.0291/  0.0481/  0.0664            0.0664          -0.0929     0.0061  |       0.0520      0.1699
  37      0.1128        0.9870  |   -0.0347/ -0.0006/  0.0190            0.0190          -0.1282     0.0069  |       0.0514      0.1699
  38      0.1098        0.9822  |   -0.1372/ -0.1156/ -0.1022           -0.1022          -0.2147     0.0073  |       0.0533      0.1699
  39      0.1051        0.9808  |   -0.1943/ -0.1706/ -0.1531           -0.1531          -0.2775     0.0037  |       0.0554      0.1699
  40      0.1110        0.9896  |   -0.1582/ -0.1337/ -0.1168           -0.1168          -0.2498     0.0057  |       0.0546      0.1699
  41      0.0962        0.9805  |   -0.1102/ -0.0621/ -0.0457           -0.0457          -0.1956     0.0032  |       0.0554      0.1699
  42      0.0695        0.9844  |   -0.2669/ -0.2164/ -0.2012           -0.2012          -0.3187     0.0072  |       0.0581      0.1699
  43      0.0627        0.9854  |   -0.2806/ -0.2363/ -0.2217           -0.2217          -0.3589     0.0059  |       0.0632      0.1699
  44      0.0399        0.9752  |   -0.3494/ -0.3205/ -0.3064           -0.3064          -0.3867     0.0042  |       0.0683      0.1699
  45      0.0413        0.9835  |   -0.3167/ -0.2816/ -0.2665           -0.2665          -0.3562     0.0082  |       0.0689      0.1699
  46      0.0305        0.9801  |   -0.3433/ -0.3251/ -0.3110           -0.3110          -0.3778     0.0094  |       0.0760      0.1699
  47      0.0296        0.9744  |   -0.3754/ -0.3636/ -0.3503           -0.3503          -0.3981     0.0057  |       0.0817      0.1699
  48      0.0184        0.9798  |   -0.3756/ -0.3488/ -0.3397           -0.3397          -0.3884     0.0036  |       0.0809      0.1699
  49      0.0174        0.9871  |   -0.3615/ -0.3511/ -0.3412           -0.3412          -0.3885     0.0106  |       0.0837      0.1699
  50      0.0076        0.9447  |   -0.3731/ -0.3620/ -0.3537           -0.3537          -0.3912     0.0031  |       0.0899      0.1699
  51      0.0057        0.9854  |   -0.3674/ -0.3581/ -0.3486           -0.3486          -0.3904     0.0066  |       0.0933      0.1699
  52      0.0120        0.9766  |   -0.3689/ -0.3528/ -0.3441           -0.3441          -0.3853     0.0071  |       0.0950      0.1699
  53     -0.0040        0.9805  |   -0.3938/ -0.3775/ -0.3679           -0.3679          -0.3954     0.0114  |       0.0979      0.1699
  54     -0.0086        0.9515  |   -0.4611/ -0.4468/ -0.4383           -0.4383          -0.4629     0.0053  |       0.1085      0.1699
  55     -0.0067        0.9667  |   -0.4992/ -0.4850/ -0.4762           -0.4762          -0.5173     0.0070  |       0.1100      0.1699
  56      0.0044        0.9779  |   -0.4979/ -0.4868/ -0.4776           -0.4776          -0.5210     0.0128  |       0.1089      0.1699
  57      0.0263        0.9449  |   -0.4801/ -0.4686/ -0.4612           -0.4612          -0.4970     0.0145  |       0.1098      0.1699
  58     -0.0105        0.9272  |   -0.3819/ -0.3686/ -0.3618           -0.3618          -0.3905     0.0088  |       0.1076      0.1699
  59     -0.0070        0.9220  |   -0.4663/ -0.4515/ -0.4443           -0.4443          -0.4667     0.0058  |       0.1149      0.1699
  60     -0.0066        0.9683  |   -0.4965/ -0.4765/ -0.4686           -0.4686          -0.4874     0.0049  |       0.1192      0.1699
  61     -0.0041        0.9680  |   -0.4855/ -0.4628/ -0.4580           -0.4580          -0.4834     0.0020  |       0.1237      0.1699
  62     -0.0123        0.9898  |   -0.4674/ -0.4579/ -0.4535           -0.4535          -0.4788     0.0074  |       0.1258      0.1699
  63     -0.0230        0.9371  |   -0.4639/ -0.4451/ -0.4371           -0.4371          -0.4645     0.0088  |       0.1306      0.1699
  64     -0.0009        0.9629  |   -0.4839/ -0.4722/ -0.4671           -0.4671          -0.4951     0.0070  |       0.1390      0.1699
  65     -0.0170        0.9428  |   -0.4425/ -0.4212/ -0.4115           -0.4115          -0.4517     0.0064  |       0.1439      0.1699
  66     -0.0354        0.9742  |   -0.4018/ -0.3898/ -0.3799           -0.3799          -0.4248     0.0066  |       0.1456      0.1699
  67     -0.0390        0.9358  |   -0.4299/ -0.3891/ -0.3767           -0.3767          -0.4335     0.0031  |       0.1517      0.1699
  68     -0.0376        0.9572  |   -0.4516/ -0.4352/ -0.4265           -0.4265          -0.4642     0.0036  |       0.1550      0.1699
  69     -0.0438        0.9450  |   -0.3528/ -0.3238/ -0.3126           -0.3126          -0.3744     0.0036  |       0.1586      0.1699
  70     -0.0341        0.9703  |   -0.3526/ -0.3114/ -0.2978           -0.2978          -0.3723     0.0044  |       0.1620      0.1699
  71     -0.0333        0.9560  |   -0.2981/ -0.2615/ -0.2495           -0.2495          -0.3236     0.0093  |       0.1663      0.1699
  72     -0.0136        0.9222  |   -0.3027/ -0.2810/ -0.2685           -0.2685          -0.3351     0.0098  |       0.1715      0.1699
  73     -0.0124        0.9516  |   -0.3456/ -0.2672/ -0.2528           -0.2528          -0.3497     0.0103  |       0.1794      0.1699
  74     -0.0291        0.9465  |   -0.2809/ -0.2261/ -0.2125           -0.2125          -0.3244     0.0046  |       0.1796      0.1699
  75     -0.0123        0.9690  |   -0.2621/ -0.2254/ -0.2096           -0.2096          -0.3317     0.0034  |       0.1835      0.1698
  76     -0.0153        0.9846  |   -0.2637/ -0.2029/ -0.1899           -0.1899          -0.3218     0.0055  |       0.1868      0.1698
  77      0.0076        0.9617  |   -0.3041/ -0.2320/ -0.2183           -0.2183          -0.3536     0.0103  |       0.1917      0.1698
  78     -0.0146        0.9791  |   -0.3319/ -0.2557/ -0.2378           -0.2378          -0.3785     0.0031  |       0.1980      0.1699
  79     -0.0136        0.9868  |   -0.3433/ -0.2519/ -0.2345           -0.2345          -0.3921     0.0051  |       0.2012      0.1699
  80     -0.0061        0.9807  |   -0.3177/ -0.2440/ -0.2307           -0.2307          -0.3738     0.0065  |       0.2061      0.1699
  81     -0.0098        0.9617  |   -0.3407/ -0.2882/ -0.2766           -0.2766          -0.3899     0.0061  |       0.2120      0.1699
  82     -0.0141        0.9806  |   -0.3487/ -0.2880/ -0.2747           -0.2747          -0.3898     0.0099  |       0.2166      0.1699
  83      0.0216        0.9662  |   -0.3351/ -0.2865/ -0.2734           -0.2734          -0.3854     0.0086  |       0.2260      0.1699
  84      0.0450        0.9734  |   -0.3654/ -0.3323/ -0.3199           -0.3199          -0.4129     0.0080  |       0.2331      0.1699
  85      0.0658        0.9667  |   -0.3880/ -0.3590/ -0.3453           -0.3453          -0.4105     0.0058  |       0.2369      0.1699
  86      0.0359        0.9761  |   -0.4343/ -0.4052/ -0.3947           -0.3947          -0.4911     0.0085  |       0.2424      0.1699
  87      0.1075        0.9598  |   -0.2490/ -0.2328/ -0.2197           -0.2197          -0.2780     0.0016  |       0.2476      0.1699
  88      0.0992        0.9935  |   -0.2460/ -0.2269/ -0.2144           -0.2144          -0.2652     0.0064  |       0.2484      0.1699
  89      0.0792        0.9747  |   -0.3162/ -0.3010/ -0.2906           -0.2906          -0.3258     0.0072  |       0.2521      0.1699
  90      0.0700        0.9793  |   -0.3349/ -0.3187/ -0.3043           -0.3043          -0.3508     0.0073  |       0.2589      0.1699
  91      0.0767        0.9842  |   -0.3248/ -0.3128/ -0.3015           -0.3015          -0.3543     0.0056  |       0.2661      0.1699
  92      0.0723        0.9803  |   -0.2939/ -0.2812/ -0.2680           -0.2680          -0.3197     0.0149  |       0.2653      0.1699
  93      0.0747        0.9812  |   -0.3063/ -0.2913/ -0.2803           -0.2803          -0.3460     0.0083  |       0.2751      0.1699
  94      0.0746        0.9872  |   -0.2878/ -0.2700/ -0.2583           -0.2583          -0.3183     0.0028  |       0.2810      0.1699
  95      0.0799        0.9921  |   -0.2827/ -0.2625/ -0.2527           -0.2527          -0.3129     0.0061  |       0.2835      0.1699
  96      0.0793        0.9811  |   -0.2398/ -0.2179/ -0.2073           -0.2073          -0.2742     0.0054  |       0.2879      0.1699
  97      0.0805        0.9865  |   -0.2287/ -0.2158/ -0.2067           -0.2067          -0.2700     0.0104  |       0.2931      0.1699
  98      0.0803        0.9856  |   -0.2372/ -0.2074/ -0.1969           -0.1969          -0.2690     0.0077  |       0.3018      0.1699
  99      0.0781        0.9918  |   -0.2323/ -0.2136/ -0.2019           -0.2019          -0.2699     0.0097  |       0.3088      0.1699
 100      0.0806        0.9856  |   -0.2280/ -0.2084/ -0.1972           -0.1972          -0.2678     0.0047  |       0.3179      0.1699
 101      0.0804        0.9896  |   -0.2644/ -0.2275/ -0.2159           -0.2159          -0.2789     0.0070  |       0.3227      0.1699
 102      0.0793        0.9936  |   -0.2527/ -0.2345/ -0.2219           -0.2219          -0.2842     0.0038  |       0.3285      0.1699
 103      0.0806        0.9951  |   -0.2529/ -0.2349/ -0.2251           -0.2251          -0.2873     0.0123  |       0.3303      0.1699
 104      0.0770        0.9850  |   -0.2817/ -0.2636/ -0.2538           -0.2538          -0.3108     0.0076  |       0.3398      0.1699
 105      0.0613        0.9837  |   -0.3211/ -0.3067/ -0.2969           -0.2969          -0.3376     0.0063  |       0.3452      0.1699
 106      0.0650        0.9956  |   -0.3077/ -0.2965/ -0.2882           -0.2882          -0.3355     0.0029  |       0.3477      0.1699
 107      0.0532        0.9920  |   -0.3385/ -0.3256/ -0.3166           -0.3166          -0.3592     0.0097  |       0.3505      0.1699
 108      0.0502        0.9920  |   -0.3212/ -0.3053/ -0.2954           -0.2954          -0.3430     0.0118  |       0.3595      0.1699
 109      0.0484        0.9910  |   -0.3395/ -0.3231/ -0.3138           -0.3138          -0.3607     0.0054  |       0.3687      0.1699
 110      0.0458        0.9964  |   -0.3646/ -0.3518/ -0.3438           -0.3438          -0.3845     0.0093  |       0.3744      0.1699
 111      0.0468        0.9954  |   -0.3750/ -0.3613/ -0.3504           -0.3504          -0.3956     0.0106  |       0.3830      0.1699
 112      0.0407        0.9955  |   -0.3822/ -0.3694/ -0.3602           -0.3602          -0.4057     0.0022  |       0.3913      0.1699
 113      0.0493        0.9971  |   -0.3764/ -0.3659/ -0.3542           -0.3542          -0.3994     0.0074  |       0.3935      0.1699
 114      0.0436        0.9959  |   -0.3815/ -0.3698/ -0.3606           -0.3606          -0.4094     0.0111  |       0.4000      0.1699
 115      0.0408        0.9951  |   -0.4175/ -0.4028/ -0.3911           -0.3911          -0.4323     0.0079  |       0.4105      0.1699
 116      0.0418        0.9945  |   -0.4123/ -0.3973/ -0.3868           -0.3868          -0.4329     0.0067  |       0.4186      0.1699
 117      0.0374        0.9959  |   -0.4131/ -0.4013/ -0.3898           -0.3898          -0.4324     0.0022  |       0.4178      0.1699
 118      0.0365        0.9976  |   -0.4108/ -0.3971/ -0.3828           -0.3828          -0.4293     0.0055  |       0.4193      0.1699
 119      0.0396        0.9956  |   -0.3796/ -0.3639/ -0.3527           -0.3527          -0.4017     0.0065  |       0.4156      0.1699
 120      0.0383        0.9968  |   -0.3870/ -0.3759/ -0.3668           -0.3668          -0.4147     0.0080  |       0.4154      0.1699
 121      0.0392        0.9922  |   -0.4377/ -0.4227/ -0.4129           -0.4129          -0.4501     0.0071  |       0.4224      0.1699
 122      0.0447        0.9950  |   -0.4069/ -0.3927/ -0.3820           -0.3820          -0.4324     0.0048  |       0.4270      0.1699
 123      0.0366        0.9915  |   -0.4067/ -0.3950/ -0.3827           -0.3827          -0.4302     0.0022  |       0.4244      0.1699
 124      0.0389        0.9972  |   -0.3997/ -0.3840/ -0.3728           -0.3728          -0.4194     0.0024  |       0.4242      0.1699
 125      0.0371        0.9974  |   -0.4233/ -0.4096/ -0.3982           -0.3982          -0.4363     0.0080  |       0.4260      0.1699
 126      0.0430        0.9939  |   -0.3942/ -0.3797/ -0.3661           -0.3661          -0.4254     0.0066  |       0.4300      0.1699
 127      0.0398        0.9957  |   -0.4253/ -0.4101/ -0.3993           -0.3993          -0.4422     0.0015  |       0.4358      0.1699
 128      0.0380        0.9970  |   -0.4207/ -0.4073/ -0.3963           -0.3963          -0.4447     0.0093  |       0.4374      0.1699
 129      0.0382        0.9970  |   -0.4216/ -0.4009/ -0.3883           -0.3883          -0.4338     0.0046  |       0.4461      0.1699
 130      0.0367        0.9965  |   -0.4271/ -0.4062/ -0.3934           -0.3934          -0.4363     0.0066  |       0.4491      0.1699
 131      0.0427        0.9939  |   -0.4043/ -0.3848/ -0.3708           -0.3708          -0.4297     0.0060  |       0.4463      0.1699
 132      0.0410        0.9975  |   -0.4302/ -0.4157/ -0.4034           -0.4034          -0.4432     0.0021  |       0.4513      0.1699
 133      0.0401        0.9980  |   -0.4094/ -0.3942/ -0.3810           -0.3810          -0.4318     0.0025  |       0.4505      0.1699
 134      0.0415        0.9985  |   -0.4035/ -0.3890/ -0.3762           -0.3762          -0.4268     0.0010  |       0.4526      0.1699
 135      0.0387        0.9980  |   -0.3876/ -0.3722/ -0.3573           -0.3573          -0.4217     0.0081  |       0.4536      0.1699
 136      0.0383        0.9936  |   -0.3860/ -0.3659/ -0.3544           -0.3544          -0.4290     0.0075  |       0.4475      0.1699
 137      0.0437        0.9958  |   -0.3936/ -0.3798/ -0.3662           -0.3662          -0.4207     0.0081  |       0.4428      0.1699
 138      0.0399        0.9960  |   -0.4144/ -0.3989/ -0.3784           -0.3784          -0.4315     0.0075  |       0.4495      0.1699
 139      0.0357        0.9975  |   -0.4218/ -0.4039/ -0.3918           -0.3918          -0.4290     0.0069  |       0.4458      0.1699
 140      0.0380        0.9946  |   -0.4260/ -0.4104/ -0.3979           -0.3979          -0.4342     0.0038  |       0.4452      0.1699
 141      0.0381        0.9959  |   -0.3979/ -0.3837/ -0.3728           -0.3728          -0.4215     0.0092  |       0.4487      0.1699
 142      0.0420        0.9924  |   -0.4006/ -0.3872/ -0.3754           -0.3754          -0.4191     0.0067  |       0.4560      0.1699
 143      0.0435        0.9957  |   -0.3540/ -0.3372/ -0.3195           -0.3195          -0.3939     0.0054  |       0.4593      0.1699
 144      0.0449        0.9985  |   -0.3485/ -0.3283/ -0.3142           -0.3142          -0.3943     0.0044  |       0.4586      0.1699
 145      0.0454        0.9987  |   -0.3206/ -0.3035/ -0.2890           -0.2890          -0.3726     0.0066  |       0.4574      0.1699
 146      0.0496        0.9930  |   -0.2574/ -0.2282/ -0.2123           -0.2123          -0.3085     0.0087  |       0.4592      0.1699
 147      0.0449        0.9941  |   -0.3244/ -0.3052/ -0.2924           -0.2924          -0.3739     0.0092  |       0.4625      0.1699
 148      0.0383        0.9891  |   -0.2765/ -0.2580/ -0.2458           -0.2458          -0.3491     0.0085  |       0.4665      0.1699
 149      0.0328        0.9882  |   -0.3005/ -0.2799/ -0.2676           -0.2676          -0.3626     0.0069  |       0.4707      0.1699
 150      0.0328        1.0000  |   -0.3139/ -0.2873/ -0.2727           -0.2727          -0.3619     0.0091  |       0.4685      0.1699
 151      0.0328        1.0000  |   -0.3105/ -0.2936/ -0.2789           -0.2789          -0.3626     0.0051  |       0.4697      0.1699
 152      0.0328        1.0000  |   -0.3025/ -0.2865/ -0.2731           -0.2731          -0.3619     0.0066  |       0.4704      0.1699
 153      0.0328        1.0000  |   -0.2951/ -0.2804/ -0.2635           -0.2635          -0.3619     0.0102  |       0.4731      0.1699
 154      0.0328        1.0000  |   -0.3111/ -0.2906/ -0.2737           -0.2737          -0.3619     0.0034  |       0.4745      0.1699
 155      0.0328        1.0000  |   -0.3081/ -0.2909/ -0.2770           -0.2770          -0.3619     0.0101  |       0.4738      0.1699
 156      0.0328        1.0000  |   -0.3011/ -0.2832/ -0.2685           -0.2685          -0.3618     0.0073  |       0.4811      0.1699
 157      0.0327        1.0000  |   -0.2996/ -0.2832/ -0.2679           -0.2679          -0.3618     0.0039  |       0.4843      0.1699
 158      0.0328        1.0000  |   -0.2994/ -0.2827/ -0.2634           -0.2634          -0.3618     0.0059  |       0.4838      0.1699
 159      0.0328        1.0000  |   -0.3120/ -0.2864/ -0.2753           -0.2753          -0.3618     0.0088  |       0.4829      0.1699
 160      0.0328        1.0000  |   -0.3000/ -0.2820/ -0.2679           -0.2679          -0.3618     0.0096  |       0.4807      0.1699
 161      0.0328        1.0000  |   -0.3040/ -0.2858/ -0.2728           -0.2728          -0.3618     0.0090  |       0.4781      0.1699
 162      0.0328        1.0000  |   -0.2988/ -0.2778/ -0.2638           -0.2638          -0.3618     0.0099  |       0.4763      0.1699
 163      0.0328        1.0000  |   -0.3038/ -0.2852/ -0.2717           -0.2717          -0.3618     0.0101  |       0.4743      0.1699
 164      0.0328        1.0000  |   -0.2990/ -0.2823/ -0.2680           -0.2680          -0.3618     0.0090  |       0.4726      0.1699
 165      0.0328        1.0000  |   -0.2973/ -0.2825/ -0.2676           -0.2676          -0.3618     0.0069  |       0.4713      0.1699
 166      0.0328        1.0000  |   -0.3099/ -0.2832/ -0.2699           -0.2699          -0.3618     0.0116  |       0.4707      0.1699
 167      0.0328        1.0000  |   -0.3068/ -0.2878/ -0.2740           -0.2740          -0.3618     0.0047  |       0.4685      0.1699
 168      0.0328        1.0000  |   -0.3040/ -0.2831/ -0.2686           -0.2686          -0.3618     0.0077  |       0.4682      0.1699
 169      0.0328        1.0000  |   -0.3000/ -0.2805/ -0.2679           -0.2679          -0.3618     0.0053  |       0.4671      0.1699
 170      0.0328        1.0000  |   -0.3041/ -0.2852/ -0.2717           -0.2717          -0.3618     0.0065  |       0.4665      0.1699
 171      0.0328        1.0000  |   -0.3033/ -0.2859/ -0.2690           -0.2690          -0.3618     0.0084  |       0.4659      0.1699
 172      0.0328        1.0000  |   -0.3041/ -0.2826/ -0.2709           -0.2709          -0.3618     0.0094  |       0.4650      0.1699
 173      0.0328        1.0000  |   -0.3042/ -0.2826/ -0.2662           -0.2662          -0.3618     0.0025  |       0.4643      0.1699
 174      0.0328        1.0000  |   -0.3039/ -0.2812/ -0.2653           -0.2653          -0.3618     0.0091  |       0.4644      0.1699
 175      0.0327        1.0000  |   -0.3098/ -0.2867/ -0.2750           -0.2750          -0.3619     0.0091  |       0.4635      0.1699
 176      0.0328        1.0000  |   -0.3040/ -0.2841/ -0.2664           -0.2664          -0.3618     0.0116  |       0.4621      0.1699
 177      0.0328        1.0000  |   -0.3044/ -0.2872/ -0.2729           -0.2729          -0.3618     0.0125  |       0.4612      0.1699
 178      0.0328        1.0000  |   -0.3111/ -0.2926/ -0.2778           -0.2778          -0.3618     0.0067  |       0.4598      0.1699
 179      0.0328        1.0000  |   -0.3000/ -0.2832/ -0.2699           -0.2699          -0.3618     0.0064  |       0.4592      0.1699
 180      0.0328        1.0000  |   -0.2961/ -0.2774/ -0.2642           -0.2642          -0.3618     0.0064  |       0.4587      0.1699
 181      0.0327        1.0000  |   -0.3199/ -0.2874/ -0.2740           -0.2740          -0.3619     0.0066  |       0.4582      0.1699
 182      0.0328        1.0000  |   -0.2989/ -0.2806/ -0.2682           -0.2682          -0.3618     0.0047  |       0.4582      0.1699
 183      0.0328        1.0000  |   -0.3036/ -0.2851/ -0.2676           -0.2676          -0.3618     0.0072  |       0.4580      0.1699
 184      0.0328        1.0000  |   -0.3099/ -0.2846/ -0.2696           -0.2696          -0.3618     0.0029  |       0.4576      0.1699
 185      0.0328        1.0000  |   -0.3139/ -0.2852/ -0.2708           -0.2708          -0.3618     0.0124  |       0.4574      0.1699
 186      0.0328        1.0000  |   -0.3050/ -0.2817/ -0.2684           -0.2684          -0.3618     0.0091  |       0.4571      0.1699
 187      0.0328        1.0000  |   -0.2971/ -0.2784/ -0.2646           -0.2646          -0.3618     0.0098  |       0.4569      0.1699
 188      0.0328        1.0000  |   -0.3062/ -0.2865/ -0.2714           -0.2714          -0.3618     0.0068  |       0.4569      0.1699
 189      0.0328        1.0000  |   -0.2925/ -0.2785/ -0.2620           -0.2620          -0.3619     0.0099  |       0.4569      0.1699
 190      0.0328        1.0000  |   -0.3120/ -0.2799/ -0.2688           -0.2688          -0.3620     0.0067  |       0.4570      0.1699
 191      0.0327        1.0000  |   -0.3005/ -0.2847/ -0.2710           -0.2710          -0.3620     0.0062  |       0.4571      0.1699
 192      0.0327        1.0000  |   -0.3003/ -0.2812/ -0.2668           -0.2668          -0.3620     0.0067  |       0.4572      0.1699
 193      0.0327        1.0000  |   -0.3059/ -0.2871/ -0.2729           -0.2729          -0.3620     0.0091  |       0.4575      0.1699
 194      0.0327        1.0000  |   -0.2962/ -0.2780/ -0.2653           -0.2653          -0.3620     0.0089  |       0.4578      0.1699
 195      0.0327        1.0000  |   -0.2995/ -0.2780/ -0.2659           -0.2659          -0.3620     0.0079  |       0.4584      0.1699
 196      0.0327        1.0000  |   -0.3034/ -0.2852/ -0.2727           -0.2727          -0.3620     0.0033  |       0.4588      0.1699
 197      0.0328        1.0000  |   -0.3061/ -0.2836/ -0.2702           -0.2702          -0.3619     0.0140  |       0.4590      0.1699
 198      0.0328        1.0000  |   -0.3004/ -0.2828/ -0.2676           -0.2676          -0.3619     0.0084  |       0.4598      0.1699
 199      0.0328        1.0000  |   -0.3018/ -0.2821/ -0.2678           -0.2678          -0.3619     0.0020  |       0.4605      0.1699
 200      0.0328        1.0000  |   -0.3040/ -0.2867/ -0.2724           -0.2724          -0.3619     0.0123  |       0.4606      0.1699
 201      0.0328        1.0000  |   -0.2983/ -0.2783/ -0.2652           -0.2652          -0.3619     0.0133  |       0.4614      0.1699
 202      0.0328        1.0000  |   -0.3022/ -0.2838/ -0.2713           -0.2713          -0.3619     0.0117  |       0.4627      0.1699
 203      0.0328        1.0000  |   -0.3036/ -0.2820/ -0.2666           -0.2666          -0.3619     0.0033  |       0.4632      0.1699
 204      0.0328        1.0000  |   -0.2972/ -0.2811/ -0.2695           -0.2695          -0.3619     0.0131  |       0.4633      0.1699
 205      0.0328        1.0000  |   -0.3011/ -0.2834/ -0.2696           -0.2696          -0.3619     0.0072  |       0.4644      0.1699
 206      0.0329        1.0000  |   -0.3050/ -0.2817/ -0.2682           -0.2682          -0.3619     0.0099  |       0.4653      0.1699
 207      0.0329        1.0000  |   -0.3007/ -0.2828/ -0.2688           -0.2688          -0.3619     0.0089  |       0.4667      0.1699
 208      0.0328        1.0000  |   -0.3018/ -0.2827/ -0.2669           -0.2669          -0.3619     0.0056  |       0.4685      0.1699
 209      0.0328        1.0000  |   -0.3027/ -0.2840/ -0.2713           -0.2713          -0.3619     0.0073  |       0.4697      0.1699
 210      0.0328        1.0000  |   -0.2954/ -0.2782/ -0.2622           -0.2622          -0.3619     0.0146  |       0.4705      0.1699
 211      0.0328        1.0000  |   -0.3123/ -0.2852/ -0.2724           -0.2724          -0.3619     0.0091  |       0.4728      0.1699
 212      0.0328        1.0000  |   -0.3047/ -0.2845/ -0.2708           -0.2708          -0.3619     0.0085  |       0.4729      0.1699
 213      0.0328        1.0000  |   -0.2959/ -0.2796/ -0.2638           -0.2638          -0.3619     0.0069  |       0.4740      0.1699
 214      0.0328        1.0000  |   -0.3070/ -0.2841/ -0.2711           -0.2711          -0.3619     0.0116  |       0.4756      0.1699
 215      0.0328        1.0000  |   -0.2968/ -0.2804/ -0.2663           -0.2663          -0.3619     0.0068  |       0.4776      0.1699
 216      0.0328        1.0000  |   -0.2941/ -0.2809/ -0.2681           -0.2681          -0.3619     0.0071  |       0.4785      0.1699
 217      0.0328        1.0000  |   -0.3039/ -0.2877/ -0.2727           -0.2727          -0.3619     0.0067  |       0.4801      0.1699
 218      0.0327        1.0000  |   -0.3062/ -0.2862/ -0.2721           -0.2721          -0.3619     0.0083  |       0.4820      0.1699
 219      0.0327        1.0000  |   -0.3001/ -0.2820/ -0.2676           -0.2676          -0.3621     0.0085  |       0.4845      0.1699
 220      0.0327        1.0000  |   -0.3060/ -0.2856/ -0.2703           -0.2703          -0.3621     0.0062  |       0.4866      0.1699
 221      0.0328        1.0000  |   -0.2990/ -0.2808/ -0.2655           -0.2655          -0.3621     0.0068  |       0.4874      0.1699
 222      0.0327        1.0000  |   -0.2967/ -0.2779/ -0.2648           -0.2648          -0.3621     0.0105  |       0.4882      0.1699
 223      0.0327        1.0000  |   -0.3121/ -0.2921/ -0.2743           -0.2743          -0.3621     0.0089  |       0.4904      0.1699
 224      0.0327        1.0000  |   -0.3055/ -0.2868/ -0.2754           -0.2754          -0.3621     0.0102  |       0.4917      0.1699
 225      0.0327        1.0000  |   -0.3068/ -0.2849/ -0.2712           -0.2712          -0.3621     0.0109  |       0.4935      0.1699
 226      0.0327        1.0000  |   -0.3009/ -0.2839/ -0.2712           -0.2712          -0.3621     0.0097  |       0.4940      0.1699
 227      0.0327        1.0000  |   -0.3205/ -0.2973/ -0.2786           -0.2786          -0.3621     0.0018  |       0.4937      0.1699
 228      0.0327        1.0000  |   -0.2972/ -0.2831/ -0.2697           -0.2697          -0.3621     0.0080  |       0.4940      0.1699
 229      0.0327        1.0000  |   -0.3003/ -0.2803/ -0.2670           -0.2670          -0.3621     0.0061  |       0.4940      0.1699
 230      0.0327        1.0000  |   -0.2992/ -0.2833/ -0.2687           -0.2687          -0.3621     0.0081  |       0.4941      0.1699
 231      0.0327        1.0000  |   -0.3075/ -0.2860/ -0.2723           -0.2723          -0.3621     0.0026  |       0.4941      0.1699
 232      0.0328        1.0000  |   -0.3008/ -0.2831/ -0.2683           -0.2683          -0.3621     0.0034  |       0.4941      0.1699
 233      0.0328        1.0000  |   -0.3156/ -0.2868/ -0.2715           -0.2715          -0.3621     0.0046  |       0.4941      0.1699
 234      0.0327        1.0000  |   -0.2946/ -0.2781/ -0.2635           -0.2635          -0.3621     0.0101  |       0.4941      0.1699
 235      0.0328        0.9998  |   -0.3052/ -0.2859/ -0.2738           -0.2738          -0.3646     0.0096  |       0.4941      0.1699
 236      0.0328        1.0000  |   -0.3045/ -0.2902/ -0.2765           -0.2765          -0.3646     0.0116  |       0.4941      0.1699
 237      0.0328        1.0000  |   -0.3068/ -0.2915/ -0.2772           -0.2772          -0.3646     0.0086  |       0.4941      0.1699
 238      0.0328        1.0000  |   -0.3181/ -0.2980/ -0.2857           -0.2857          -0.3646     0.0100  |       0.4941      0.1699
 239      0.0328        1.0000  |   -0.3063/ -0.2902/ -0.2754           -0.2754          -0.3646     0.0068  |       0.4941      0.1699
 240      0.0328        1.0000  |   -0.3010/ -0.2824/ -0.2684           -0.2684          -0.3646     0.0054  |       0.4941      0.1699
 241      0.0329        1.0000  |   -0.3016/ -0.2839/ -0.2720           -0.2720          -0.3646     0.0090  |       0.4941      0.1699
 242      0.0329        1.0000  |   -0.3063/ -0.2865/ -0.2743           -0.2743          -0.3646     0.0083  |       0.4941      0.1699
 243      0.0328        1.0000  |   -0.3085/ -0.2926/ -0.2780           -0.2780          -0.3646     0.0076  |       0.4941      0.1699
 244      0.0328        1.0000  |   -0.3030/ -0.2853/ -0.2681           -0.2681          -0.3646     0.0020  |       0.4941      0.1699
 245      0.0328        1.0000  |   -0.3163/ -0.2927/ -0.2767           -0.2767          -0.3646     0.0066  |       0.4941      0.1699
 246      0.0328        1.0000  |   -0.3149/ -0.2940/ -0.2797           -0.2797          -0.3646     0.0058  |       0.4941      0.1699
 247      0.0329        1.0000  |   -0.3112/ -0.2897/ -0.2744           -0.2744          -0.3646     0.0034  |       0.4941      0.1699
 248      0.0329        1.0000  |   -0.3144/ -0.2883/ -0.2700           -0.2700          -0.3646     0.0120  |       0.4941      0.1699
 249      0.0328        1.0000  |   -0.3230/ -0.3009/ -0.2848           -0.2848          -0.3646     0.0075  |       0.4941      0.1699
 250      0.0328        1.0000  |   -0.3095/ -0.2899/ -0.2748           -0.2748          -0.3646     0.0084  |       0.4941      0.1699
 251      0.0328        1.0000  |   -0.3062/ -0.2873/ -0.2737           -0.2737          -0.3646     0.0059  |       0.4941      0.1699
 252      0.0329        1.0000  |   -0.3060/ -0.2884/ -0.2762           -0.2762          -0.3646     0.0113  |       0.4941      0.1699
 253      0.0329        1.0000  |   -0.3118/ -0.2909/ -0.2747           -0.2747          -0.3646     0.0078  |       0.4941      0.1699
 254      0.0328        1.0000  |   -0.3023/ -0.2861/ -0.2731           -0.2731          -0.3646     0.0063  |       0.4941      0.1699
 255      0.0328        1.0000  |   -0.3270/ -0.2882/ -0.2746           -0.2746          -0.3646     0.0015  |       0.4941      0.1699
 256      0.0329        1.0000  |   -0.3173/ -0.2959/ -0.2787           -0.2787          -0.3646     0.0035  |       0.4941      0.1699
 257      0.0329        1.0000  |   -0.3167/ -0.2905/ -0.2768           -0.2768          -0.3646     0.0073  |       0.4941      0.1699
 258      0.0328        1.0000  |   -0.3170/ -0.2928/ -0.2787           -0.2787          -0.3646     0.0073  |       0.4941      0.1699
 259      0.0328        1.0000  |   -0.3022/ -0.2858/ -0.2716           -0.2716          -0.3646     0.0085  |       0.4941      0.1699
 260      0.0329        1.0000  |   -0.3054/ -0.2886/ -0.2771           -0.2771          -0.3646     0.0086  |       0.4941      0.1699
 261      0.0329        1.0000  |   -0.3128/ -0.2901/ -0.2743           -0.2743          -0.3646     0.0097  |       0.4941      0.1699
 262      0.0328        1.0000  |   -0.3045/ -0.2858/ -0.2730           -0.2730          -0.3646     0.0097  |       0.4941      0.1699
 263      0.0328        1.0000  |   -0.3012/ -0.2855/ -0.2747           -0.2747          -0.3646     0.0092  |       0.4941      0.1699
 264      0.0329        1.0000  |   -0.3034/ -0.2841/ -0.2712           -0.2712          -0.3646     0.0103  |       0.4941      0.1699
 265      0.0329        1.0000  |   -0.3119/ -0.2877/ -0.2731           -0.2731          -0.3646     0.0048  |       0.4941      0.1699
 266      0.0328        1.0000  |   -0.3154/ -0.2908/ -0.2737           -0.2737          -0.3646     0.0082  |       0.4941      0.1699
 267      0.0328        1.0000  |   -0.3147/ -0.2945/ -0.2766           -0.2766          -0.3646     0.0093  |       0.4941      0.1699
 268      0.0329        1.0000  |   -0.3031/ -0.2847/ -0.2710           -0.2710          -0.3646     0.0073  |       0.4941      0.1699
 269      0.0329        1.0000  |   -0.3018/ -0.2837/ -0.2713           -0.2713          -0.3646     0.0104  |       0.4941      0.1699
 270      0.0328        1.0000  |   -0.3121/ -0.2936/ -0.2786           -0.2786          -0.3646     0.0070  |       0.4941      0.1699
 271      0.0328        1.0000  |   -0.3025/ -0.2864/ -0.2740           -0.2740          -0.3646     0.0100  |       0.4941      0.1699
 272      0.0329        1.0000  |   -0.3104/ -0.2869/ -0.2727           -0.2727          -0.3646     0.0106  |       0.4941      0.1699
 273      0.0329        1.0000  |   -0.3054/ -0.2894/ -0.2779           -0.2779          -0.3646     0.0068  |       0.4941      0.1699
 274      0.0328        1.0000  |   -0.3097/ -0.2866/ -0.2720           -0.2720          -0.3646     0.0125  |       0.4941      0.1699
 275      0.0328        1.0000  |   -0.3032/ -0.2855/ -0.2743           -0.2743          -0.3646     0.0029  |       0.4941      0.1699
 276      0.0329        1.0000  |   -0.3095/ -0.2921/ -0.2798           -0.2798          -0.3646     0.0126  |       0.4941      0.1699
 277      0.0329        1.0000  |   -0.3096/ -0.2934/ -0.2759           -0.2759          -0.3646     0.0100  |       0.4941      0.1699
 278      0.0328        1.0000  |   -0.3141/ -0.2917/ -0.2763           -0.2763          -0.3646     0.0086  |       0.4941      0.1699
 279      0.0329        1.0000  |   -0.3091/ -0.2882/ -0.2731           -0.2731          -0.3646     0.0074  |       0.4938      0.1699
 280      0.0329        1.0000  |   -0.3091/ -0.2893/ -0.2744           -0.2744          -0.3646     0.0051  |       0.4941      0.1699
 281      0.0328        1.0000  |   -0.3103/ -0.2878/ -0.2731           -0.2731          -0.3646     0.0090  |       0.4941      0.1699
 282      0.0328        1.0000  |   -0.3200/ -0.2937/ -0.2800           -0.2800          -0.3646     0.0026  |       0.4941      0.1699
 283      0.0329        1.0000  |   -0.3011/ -0.2864/ -0.2739           -0.2739          -0.3646     0.0083  |       0.4941      0.1699
 284      0.0329        1.0000  |   -0.3077/ -0.2908/ -0.2767           -0.2767          -0.3646     0.0081  |       0.4941      0.1699
 285      0.0328        1.0000  |   -0.3038/ -0.2872/ -0.2729           -0.2729          -0.3646     0.0085  |       0.4941      0.1699
 286      0.0328        1.0000  |   -0.3072/ -0.2838/ -0.2721           -0.2721          -0.3646     0.0107  |       0.4941      0.1699
 287      0.0329        1.0000  |   -0.3098/ -0.2902/ -0.2753           -0.2753          -0.3646     0.0081  |       0.4941      0.1699
 288      0.0328        1.0000  |   -0.3077/ -0.2891/ -0.2736           -0.2736          -0.3646     0.0016  |       0.4941      0.1699
 289      0.0328        1.0000  |   -0.3091/ -0.2927/ -0.2794           -0.2794          -0.3646     0.0049  |       0.4941      0.1699
 290      0.0329        1.0000  |   -0.3042/ -0.2869/ -0.2731           -0.2731          -0.3646     0.0075  |       0.4941      0.1699
 291      0.0329        1.0000  |   -0.3020/ -0.2838/ -0.2736           -0.2736          -0.3646     0.0055  |       0.4941      0.1699
 292      0.0328        1.0000  |   -0.3107/ -0.2913/ -0.2768           -0.2768          -0.3646     0.0115  |       0.4941      0.1699
 293      0.0328        1.0000  |   -0.3099/ -0.2886/ -0.2754           -0.2754          -0.3646     0.0095  |       0.4941      0.1699
 294      0.0329        1.0000  |   -0.3078/ -0.2867/ -0.2733           -0.2733          -0.3646     0.0091  |       0.4941      0.1699
 295      0.0328        1.0000  |   -0.3015/ -0.2850/ -0.2705           -0.2705          -0.3646     0.0093  |       0.4941      0.1699
 296      0.0328        1.0000  |   -0.3132/ -0.2920/ -0.2776           -0.2776          -0.3646     0.0090  |       0.4941      0.1699
 297      0.0329        1.0000  |   -0.3065/ -0.2911/ -0.2759           -0.2759          -0.3646     0.0088  |       0.4941      0.1699
 298      0.0329        1.0000  |   -0.3042/ -0.2878/ -0.2730           -0.2730          -0.3646     0.0107  |       0.4941      0.1699
 299      0.0328        1.0000  |   -0.2980/ -0.2827/ -0.2682           -0.2682          -0.3646     0.0093  |       0.4941      0.1699
IMAGEIO FFMPEG_WRITER WARNING: input image is not divisible by macro_block_size=16, resizing from (320, 180) to (320, 192) to ensure video compatibility with most codecs and players. To prevent resizing, make your input image divisible by the macro_block_size or set the macro_block_size to 1 (risking incompatibility).

Saved 300 frames -> /home/ashwink/Documents/swms/SWM_copy/rollouts_5_per/expert-only/epoch1/epoch1_rollout4_failure.mp4
min dist(green_cube,blue_moon) over episode = 0.1693  ->  FAILURE
Full log written to /home/ashwink/Documents/swms/SWM_copy/rollouts_5_per/expert-only/epoch1/epoch1_rollout4_20260723_120212.log
Result json -> /home/ashwink/Documents/swms/SWM_copy/rollouts_5_per/expert-only/epoch1/epoch1_rollout4_result.json
