Checkpoint dir epoch: 1  Rollout: 3
Logging to /home/ashwink/Documents/swms/SWM_copy/rollouts_5_per/expert-only/epoch1/epoch1_rollout3_20260723_120034.log
Goal (fixed, steps 0-299): the green cube is touching the blue moon. the peg is touching the green cube.

Checkpoint: /home/ashwink/Documents/swms/SWM_copy/training/checkpoints_clip_full_finetuned_wider_hl/epoch_001.pt
  epoch=1  step=1716

Loading CLIP ViT-L/14 (datacomp_xl_s13b_b90k) + fine-tuned clip_state_dict ...
Parsing model identifier. Schema: None, Identifier: ViT-L-14
Loaded built-in ViT-L-14 model config.
Instantiating model architecture: CLIP
Loading full pretrained weights from: /home/ashwink/.cache/huggingface/hub/models--laion--CLIP-ViT-L-14-DataComp.XL-s13B-b90K/snapshots/84c9828e63dc9a9351d1fe637c346d4c1c4db341/open_clip_pytorch_model.bin
Final image preprocessing configuration set: {'size': (224, 224), 'mode': 'RGB', 'mean': (0.48145466, 0.4578275, 0.40821073), 'std': (0.26862954, 0.26130258, 0.27577711), 'interpolation': 'bicubic', 'resize_mode': 'shortest', 'fill_color': 0}
Model ViT-L-14 creation process complete.
Parsing tokenizer identifier. Schema: None, Identifier: ViT-L-14
Attempting to load config from built-in: ViT-L-14
Using default SimpleTokenizer.
z_star shape: torch.Size([768])

Loading action stats from /home/ashwink/full_data_5000/langtable/demos/ ...
  lo=[-0.03372681140899658, -0.03493623435497284]  hi=[0.03496786952018738, 0.03494429588317871]

Initializing LangTable env ...
Loading URDF plane.urdf
Loading URDF /home/ashwink/Documents/swms/.venv/lib/python3.10/site-packages/language_table/environments/utils/../../../language_table/environments/assets/workspace_real.urdf
Loading URDF xarm/xarm6_robot_white.urdf
Loading URDF /home/ashwink/Documents/swms/.venv/lib/python3.10/site-packages/language_table/environments/utils/../../../language_table/environments/assets/suction/cylinder_real.urdf
Loading URDF /home/ashwink/Documents/swms/.venv/lib/python3.10/site-packages/language_table/environments/utils/../../../language_table/environments/assets/blocks/red_moon.urdf
Loading URDF /home/ashwink/Documents/swms/.venv/lib/python3.10/site-packages/language_table/environments/utils/../../../language_table/environments/assets/blocks/red_cube.urdf
Loading URDF /home/ashwink/Documents/swms/.venv/lib/python3.10/site-packages/language_table/environments/utils/../../../language_table/environments/assets/blocks/red_star.urdf
Loading URDF /home/ashwink/Documents/swms/.venv/lib/python3.10/site-packages/language_table/environments/utils/../../../language_table/environments/assets/blocks/red_pentagon.urdf
Loading URDF /home/ashwink/Documents/swms/.venv/lib/python3.10/site-packages/language_table/environments/utils/../../../language_table/environments/assets/blocks/blue_moon.urdf
Loading URDF /home/ashwink/Documents/swms/.venv/lib/python3.10/site-packages/language_table/environments/utils/../../../language_table/environments/assets/blocks/blue_cube.urdf
Loading URDF /home/ashwink/Documents/swms/.venv/lib/python3.10/site-packages/language_table/environments/utils/../../../language_table/environments/assets/blocks/blue_star.urdf
Loading URDF /home/ashwink/Documents/swms/.venv/lib/python3.10/site-packages/language_table/environments/utils/../../../language_table/environments/assets/blocks/blue_pentagon.urdf
Loading URDF /home/ashwink/Documents/swms/.venv/lib/python3.10/site-packages/language_table/environments/utils/../../../language_table/environments/assets/blocks/yellow_moon.urdf
Loading URDF /home/ashwink/Documents/swms/.venv/lib/python3.10/site-packages/language_table/environments/utils/../../../language_table/environments/assets/blocks/yellow_cube.urdf
Loading URDF /home/ashwink/Documents/swms/.venv/lib/python3.10/site-packages/language_table/environments/utils/../../../language_table/environments/assets/blocks/yellow_star.urdf
Loading URDF /home/ashwink/Documents/swms/.venv/lib/python3.10/site-packages/language_table/environments/utils/../../../language_table/environments/assets/blocks/yellow_pentagon.urdf
Loading URDF /home/ashwink/Documents/swms/.venv/lib/python3.10/site-packages/language_table/environments/utils/../../../language_table/environments/assets/blocks/green_moon.urdf
Loading URDF /home/ashwink/Documents/swms/.venv/lib/python3.10/site-packages/language_table/environments/utils/../../../language_table/environments/assets/blocks/green_cube.urdf
Loading URDF /home/ashwink/Documents/swms/.venv/lib/python3.10/site-packages/language_table/environments/utils/../../../language_table/environments/assets/blocks/green_star.urdf
Loading URDF /home/ashwink/Documents/swms/.venv/lib/python3.10/site-packages/language_table/environments/utils/../../../language_table/environments/assets/blocks/green_pentagon.urdf
Loading URDF /home/ashwink/Documents/swms/.venv/lib/python3.10/site-packages/language_table/environments/utils/../../../language_table/environments/assets/blocks/purple_moon.urdf
Loading URDF /home/ashwink/Documents/swms/.venv/lib/python3.10/site-packages/language_table/environments/utils/../../../language_table/environments/assets/blocks/purple_cube.urdf
Loading URDF /home/ashwink/Documents/swms/.venv/lib/python3.10/site-packages/language_table/environments/utils/../../../language_table/environments/assets/blocks/purple_star.urdf
Loading URDF /home/ashwink/Documents/swms/.venv/lib/python3.10/site-packages/language_table/environments/utils/../../../language_table/environments/assets/blocks/purple_pentagon.urdf
Env ready.

Forced peg start: [0.42843915 0.24419614]  (green_cube=[0.40339102 0.18967466], blue_moon=[0.32039625 0.00902261])
  dist(peg,green_cube)=0.0600  dist(peg,blue_moon)=0.2588  dist(green_cube,blue_moon)=0.1988

step  cos(zt,z*)  cos(zt,zt-1)  |   cos(predK,z*) min/mean/max  cos(pred_sel,z*)   cos(zpred0,z*)  ||a_raw||  |  dist(peg,A)   dist(A,B)
-------------------------------------------------------------------------------------------------------------------------------------------------------------------------------
   0      0.1346           nan  |    0.3228/  0.3318/  0.3380            0.3380           0.2815     0.0022  |       0.0587      0.1988
   1      0.1333        0.9987  |    0.2186/  0.2468/  0.2683            0.2683           0.2818     0.0175  |       0.0586      0.1988
   2      0.1285        0.9935  |    0.2436/  0.2717/  0.2968            0.2968           0.1946     0.0182  |       0.0744      0.1988
   3      0.1298        0.9974  |    0.2951/  0.3168/  0.3352            0.3352           0.2280     0.0036  |       0.0702      0.1988
   4      0.1310        0.9984  |    0.3061/  0.3339/  0.3469            0.3469           0.2447     0.0048  |       0.0694      0.1988
   5      0.1317        0.9972  |    0.3027/  0.3254/  0.3435            0.3435           0.2401     0.0011  |       0.0674      0.1988
   6      0.1319        0.9975  |    0.2963/  0.3176/  0.3325            0.3325           0.2246     0.0028  |       0.0663      0.1988
   7      0.1314        0.9991  |    0.2770/  0.3021/  0.3208            0.3208           0.2199     0.0057  |       0.0671      0.1988
   8      0.1348        0.9981  |    0.3247/  0.3495/  0.3671            0.3671           0.2669     0.0043  |       0.0625      0.1988
   9      0.1270        0.9971  |    0.2842/  0.3240/  0.3401            0.3401           0.2377     0.0049  |       0.0582      0.1988
  10      0.1348        0.9970  |    0.3347/  0.3593/  0.3759            0.3759           0.2791     0.0019  |       0.0549      0.1988
  11      0.1304        0.9986  |    0.3172/  0.3377/  0.3544            0.3544           0.2650     0.0031  |       0.0542      0.1988
  12      0.1298        0.9986  |    0.3344/  0.3510/  0.3675            0.3675           0.2737     0.0047  |       0.0515      0.1988
  13      0.1231        0.9971  |    0.3121/  0.3350/  0.3528            0.3528           0.2508     0.0041  |       0.0474      0.1988
  14      0.1207        0.9971  |    0.2740/  0.2966/  0.3168            0.3168           0.2075     0.0009  |       0.0457      0.1988
  15      0.1189        0.9990  |    0.2735/  0.2924/  0.3108            0.3108           0.2065     0.0052  |       0.0453      0.1988
  16      0.1240        0.9982  |    0.2982/  0.3199/  0.3366            0.3366           0.2321     0.0060  |       0.0408      0.1988
  17      0.1078        0.9935  |    0.2476/  0.2704/  0.2916            0.2916           0.1707     0.0062  |       0.0384      0.1978
  18      0.1211        0.9742  |    0.2500/  0.2711/  0.2897            0.2897           0.1401     0.0026  |       0.0392      0.1936
  19      0.1031        0.9767  |    0.0781/  0.1007/  0.1170            0.1170          -0.0227     0.0053  |       0.0397      0.1915
  20      0.1462        0.9556  |    0.3923/  0.4102/  0.4274            0.4274           0.3581     0.0034  |       0.0398      0.1888
  21      0.1533        0.9748  |    0.4575/  0.4841/  0.5036            0.5036           0.4036     0.0038  |       0.0405      0.1879
  22      0.1569        0.9914  |    0.4904/  0.5257/  0.5428            0.5428           0.4360     0.0007  |       0.0419      0.1879
  23      0.1622        0.9959  |    0.5169/  0.5377/  0.5553            0.5553           0.4581     0.0073  |       0.0417      0.1879
  24      0.1686        0.9778  |    0.5383/  0.5598/  0.5736            0.5736           0.4745     0.0050  |       0.0409      0.1863
  25      0.1718        0.9648  |    0.4801/  0.5051/  0.5216            0.5216           0.4036     0.0049  |       0.0410      0.1841
  26      0.1640        0.9804  |    0.4611/  0.4838/  0.5037            0.5037           0.3923     0.0025  |       0.0424      0.1841
  27      0.1620        0.9949  |    0.4503/  0.4779/  0.4920            0.4920           0.3817     0.0052  |       0.0446      0.1841
  28      0.1659        0.9880  |    0.4196/  0.4599/  0.4752            0.4752           0.3439     0.0044  |       0.0468      0.1841
  29      0.1560        0.9876  |    0.3617/  0.4021/  0.4177            0.4177           0.3036     0.0055  |       0.0483      0.1841
  30      0.1605        0.9806  |    0.3713/  0.3930/  0.4080            0.4080           0.3030     0.0051  |       0.0513      0.1841
  31      0.1529        0.9846  |    0.3643/  0.3822/  0.4010            0.4010           0.2843     0.0080  |       0.0527      0.1841
  32      0.1443        0.9835  |    0.2007/  0.2225/  0.2398            0.2398           0.1279     0.0055  |       0.0590      0.1841
  33      0.1340        0.9890  |    0.2145/  0.2336/  0.2523            0.2523           0.1360     0.0035  |       0.0589      0.1841
  34      0.1159        0.9834  |    0.0934/  0.1132/  0.1287            0.1287           0.0226     0.0013  |       0.0609      0.1841
  35      0.1203        0.9944  |    0.1326/  0.1528/  0.1691            0.1691           0.0591     0.0060  |       0.0618      0.1841
  36      0.1133        0.9842  |   -0.0416/ -0.0205/ -0.0032           -0.0032          -0.0984     0.0021  |       0.0604      0.1841
  37      0.1102        0.9877  |    0.0244/  0.0506/  0.0647            0.0647          -0.0486     0.0060  |       0.0590      0.1841
  38      0.1071        0.9789  |   -0.1061/ -0.0886/ -0.0738           -0.0738          -0.1732     0.0044  |       0.0597      0.1841
  39      0.0999        0.9866  |   -0.1653/ -0.1478/ -0.1335           -0.1335          -0.2134     0.0087  |       0.0602      0.1841
  40      0.0925        0.9786  |   -0.1678/ -0.1427/ -0.1289           -0.1289          -0.2438     0.0062  |       0.0592      0.1841
  41      0.0943        0.9860  |   -0.2377/ -0.2156/ -0.2004           -0.2004          -0.2904     0.0028  |       0.0595      0.1841
  42      0.1021        0.9889  |   -0.2500/ -0.2302/ -0.2142           -0.2142          -0.3063     0.0068  |       0.0593      0.1841
  43      0.1079        0.9847  |   -0.2506/ -0.2331/ -0.2147           -0.2147          -0.3116     0.0056  |       0.0560      0.1841
  44      0.1054        0.9769  |   -0.1995/ -0.1834/ -0.1676           -0.1676          -0.2932     0.0043  |       0.0599      0.1841
  45      0.1023        0.9916  |   -0.2131/ -0.1825/ -0.1601           -0.1601          -0.2811     0.0028  |       0.0621      0.1841
  46      0.0961        0.9865  |   -0.2413/ -0.2145/ -0.1977           -0.1977          -0.3065     0.0079  |       0.0641      0.1841
  47      0.0872        0.9781  |   -0.3243/ -0.3038/ -0.2906           -0.2906          -0.3678     0.0064  |       0.0693      0.1841
  48      0.0894        0.9813  |   -0.3556/ -0.3382/ -0.3257           -0.3257          -0.3980     0.0061  |       0.0695      0.1841
  49      0.0776        0.9830  |   -0.3970/ -0.3817/ -0.3706           -0.3706          -0.4308     0.0090  |       0.0736      0.1841
  50      0.0724        0.9792  |   -0.4015/ -0.3850/ -0.3735           -0.3735          -0.4340     0.0064  |       0.0782      0.1841
  51      0.0638        0.9910  |   -0.4524/ -0.4391/ -0.4287           -0.4287          -0.4700     0.0111  |       0.0784      0.1841
  52      0.0337        0.9576  |   -0.3762/ -0.3494/ -0.3366           -0.3366          -0.4079     0.0107  |       0.0732      0.1841
  53      0.0196        0.9812  |   -0.3983/ -0.3419/ -0.3237           -0.3237          -0.4175     0.0024  |       0.0743      0.1841
  54      0.0469        0.9803  |   -0.3875/ -0.3372/ -0.3242           -0.3242          -0.4116     0.0043  |       0.0739      0.1841
  55      0.0173        0.9833  |   -0.3994/ -0.3694/ -0.3555           -0.3555          -0.4317     0.0075  |       0.0761      0.1841
  56      0.0245        0.9683  |   -0.3665/ -0.3272/ -0.3163           -0.3163          -0.3959     0.0054  |       0.0751      0.1841
  57      0.0161        0.9827  |   -0.3192/ -0.2962/ -0.2842           -0.2842          -0.3706     0.0034  |       0.0799      0.1841
  58      0.0161        0.9857  |   -0.3641/ -0.3222/ -0.3112           -0.3112          -0.3839     0.0029  |       0.0834      0.1841
  59      0.0180        0.9937  |   -0.3519/ -0.3271/ -0.3145           -0.3145          -0.3917     0.0071  |       0.0823      0.1841
  60      0.0246        0.9737  |   -0.4056/ -0.3513/ -0.3385           -0.3385          -0.4059     0.0054  |       0.0884      0.1841
  61      0.0237        0.9815  |   -0.3906/ -0.3768/ -0.3672           -0.3672          -0.4095     0.0023  |       0.0932      0.1841
  62      0.0155        0.9893  |   -0.4135/ -0.4006/ -0.3908           -0.3908          -0.4245     0.0070  |       0.0956      0.1841
  63      0.0086        0.9600  |   -0.4152/ -0.3977/ -0.3884           -0.3884          -0.4270     0.0052  |       0.1018      0.1841
  64      0.0033        0.9738  |   -0.4289/ -0.4187/ -0.4100           -0.4100          -0.4555     0.0037  |       0.1062      0.1841
  65     -0.0143        0.9800  |   -0.4126/ -0.3631/ -0.3522           -0.3522          -0.4117     0.0015  |       0.1056      0.1841
  66     -0.0040        0.9893  |   -0.4031/ -0.3568/ -0.3465           -0.3465          -0.4032     0.0058  |       0.1064      0.1841
  67      0.0126        0.9668  |   -0.4278/ -0.4033/ -0.3951           -0.3951          -0.4389     0.0110  |       0.1116      0.1841
  68     -0.0022        0.9746  |   -0.4255/ -0.4026/ -0.3925           -0.3925          -0.4394     0.0027  |       0.1177      0.1841
  69     -0.0091        0.9843  |   -0.4270/ -0.4150/ -0.4063           -0.4063          -0.4499     0.0057  |       0.1202      0.1841
  70     -0.0206        0.9770  |   -0.4691/ -0.4466/ -0.4379           -0.4379          -0.4749     0.0071  |       0.1255      0.1841
  71     -0.0136        0.9835  |   -0.4285/ -0.4158/ -0.4066           -0.4066          -0.4526     0.0074  |       0.1276      0.1841
  72     -0.0013        0.9741  |   -0.4342/ -0.4122/ -0.4024           -0.4024          -0.4630     0.0063  |       0.1346      0.1841
  73     -0.0036        0.9815  |   -0.4573/ -0.4409/ -0.4331           -0.4331          -0.4700     0.0058  |       0.1368      0.1841
  74      0.0078        0.9713  |   -0.4912/ -0.4714/ -0.4615           -0.4615          -0.5129     0.0084  |       0.1415      0.1841
  75     -0.0072        0.9456  |   -0.4925/ -0.4598/ -0.4484           -0.4484          -0.5174     0.0125  |       0.1497      0.1841
  76     -0.0023        0.9411  |   -0.4781/ -0.4557/ -0.4473           -0.4473          -0.5092     0.0042  |       0.1422      0.1841
  77      0.0104        0.9701  |   -0.4721/ -0.4498/ -0.4397           -0.4397          -0.4888     0.0103  |       0.1405      0.1841
  78     -0.0045        0.9266  |   -0.3915/ -0.3743/ -0.3633           -0.3633          -0.4131     0.0038  |       0.1340      0.1841
  79      0.0022        0.9863  |   -0.4074/ -0.3921/ -0.3832           -0.3832          -0.4294     0.0027  |       0.1369      0.1841
  80      0.0037        0.9733  |   -0.4525/ -0.4295/ -0.4207           -0.4207          -0.4576     0.0042  |       0.1396      0.1841
  81      0.0092        0.9811  |   -0.4392/ -0.4264/ -0.4161           -0.4161          -0.4596     0.0041  |       0.1397      0.1841
  82      0.0066        0.9792  |   -0.4368/ -0.4256/ -0.4155           -0.4155          -0.4683     0.0107  |       0.1424      0.1841
  83      0.0039        0.9313  |   -0.5218/ -0.5045/ -0.4940           -0.4940          -0.5317     0.0063  |       0.1514      0.1841
  84      0.0003        0.9689  |   -0.5079/ -0.4964/ -0.4872           -0.4872          -0.5205     0.0065  |       0.1539      0.1841
  85      0.0117        0.9615  |   -0.5022/ -0.4879/ -0.4766           -0.4766          -0.5150     0.0140  |       0.1484      0.1841
  86     -0.0056        0.9318  |   -0.4922/ -0.4815/ -0.4737           -0.4737          -0.4996     0.0061  |       0.1379      0.1841
  87     -0.0007        0.9441  |   -0.4342/ -0.4224/ -0.4142           -0.4142          -0.4522     0.0038  |       0.1383      0.1841
  88     -0.0051        0.9700  |   -0.4804/ -0.4669/ -0.4572           -0.4572          -0.4880     0.0115  |       0.1365      0.1841
  89     -0.0009        0.9508  |   -0.4538/ -0.4414/ -0.4347           -0.4347          -0.4866     0.0116  |       0.1443      0.1841
  90     -0.0132        0.9424  |   -0.4764/ -0.4641/ -0.4541           -0.4541          -0.4879     0.0093  |       0.1531      0.1841
  91      0.0210        0.9438  |   -0.4622/ -0.4506/ -0.4410           -0.4410          -0.4752     0.0046  |       0.1575      0.1841
  92      0.0190        0.9569  |   -0.4303/ -0.4159/ -0.4057           -0.4057          -0.4369     0.0088  |       0.1570      0.1841
  93      0.0146        0.9363  |   -0.4168/ -0.4027/ -0.3938           -0.3938          -0.4470     0.0031  |       0.1603      0.1841
  94      0.0214        0.9600  |   -0.4389/ -0.4284/ -0.4211           -0.4211          -0.4502     0.0007  |       0.1582      0.1841
  95      0.0095        0.9895  |   -0.4553/ -0.4436/ -0.4345           -0.4345          -0.4650     0.0045  |       0.1586      0.1841
  96      0.0236        0.9550  |   -0.3878/ -0.3762/ -0.3642           -0.3642          -0.4096     0.0070  |       0.1621      0.1841
  97      0.0144        0.9312  |   -0.4256/ -0.4138/ -0.4040           -0.4040          -0.4389     0.0046  |       0.1568      0.1841
  98      0.0308        0.9502  |   -0.4127/ -0.4001/ -0.3893           -0.3893          -0.4213     0.0053  |       0.1606      0.1841
  99      0.0082        0.9256  |   -0.3954/ -0.3730/ -0.3620           -0.3620          -0.4191     0.0110  |       0.1640      0.1841
 100      0.0257        0.8682  |   -0.3586/ -0.3281/ -0.3185           -0.3185          -0.3836     0.0083  |       0.1731      0.1841
 101      0.0325        0.9493  |   -0.3614/ -0.3232/ -0.3145           -0.3145          -0.3928     0.0033  |       0.1805      0.1841
 102      0.0113        0.9603  |   -0.3307/ -0.3069/ -0.2974           -0.2974          -0.3927     0.0149  |       0.1840      0.1841
 103      0.0239        0.9327  |   -0.3463/ -0.3236/ -0.3142           -0.3142          -0.4031     0.0119  |       0.1961      0.1841
 104      0.0205        0.9540  |   -0.3150/ -0.2921/ -0.2810           -0.2810          -0.3838     0.0120  |       0.2080      0.1841
 105     -0.0082        0.9327  |   -0.3629/ -0.3399/ -0.3302           -0.3302          -0.4162     0.0033  |       0.2198      0.1841
 106     -0.0138        0.9707  |   -0.3626/ -0.3452/ -0.3355           -0.3355          -0.4020     0.0079  |       0.2235      0.1841
 107     -0.0041        0.9715  |   -0.3240/ -0.3052/ -0.2920           -0.2920          -0.3725     0.0028  |       0.2290      0.1841
 108      0.0068        0.9759  |   -0.3010/ -0.2762/ -0.2658           -0.2658          -0.3702     0.0144  |       0.2315      0.1841
 109     -0.0104        0.9651  |   -0.2932/ -0.2738/ -0.2638           -0.2638          -0.3969     0.0087  |       0.2413      0.1841
 110     -0.0087        0.9359  |   -0.3156/ -0.2918/ -0.2813           -0.2813          -0.3954     0.0066  |       0.2497      0.1841
 111      0.0032        0.9600  |   -0.2976/ -0.2695/ -0.2568           -0.2568          -0.4021     0.0123  |       0.2533      0.1841
 112      0.0512        0.9487  |   -0.1489/ -0.1213/ -0.1057           -0.1057          -0.2802     0.0047  |       0.2601      0.1841
 113      0.0623        0.9647  |   -0.1300/ -0.0902/ -0.0690           -0.0690          -0.2415     0.0044  |       0.2623      0.1841
 114      0.0623        0.9825  |   -0.1041/ -0.0606/ -0.0415           -0.0415          -0.2361     0.0064  |       0.2627      0.1841
 115      0.0592        0.9716  |   -0.1738/ -0.1371/ -0.1197           -0.1197          -0.3063     0.0043  |       0.2668      0.1841
 116      0.0631        0.9719  |   -0.1954/ -0.1703/ -0.1586           -0.1586          -0.3468     0.0029  |       0.2699      0.1841
 117      0.0570        0.9888  |   -0.1891/ -0.1633/ -0.1494           -0.1494          -0.3535     0.0147  |       0.2707      0.1841
 118      0.0024        0.9416  |   -0.3744/ -0.3481/ -0.3362           -0.3362          -0.4589     0.0056  |       0.2742      0.1841
 119      0.0540        0.9374  |   -0.2391/ -0.2029/ -0.1883           -0.1883          -0.3441     0.0048  |       0.2791      0.1841
 120      0.0682        0.9503  |   -0.2288/ -0.1995/ -0.1841           -0.1841          -0.3612     0.0073  |       0.2791      0.1841
 121      0.0666        0.9833  |   -0.1501/ -0.1172/ -0.0992           -0.0992          -0.3052     0.0037  |       0.2763      0.1841
 122      0.0646        0.9758  |   -0.2276/ -0.1900/ -0.1753           -0.1753          -0.3465     0.0068  |       0.2772      0.1841
 123      0.0595        0.9705  |   -0.2791/ -0.2365/ -0.2204           -0.2204          -0.3903     0.0048  |       0.2795      0.1841
 124      0.0784        0.9637  |   -0.1875/ -0.1596/ -0.1451           -0.1451          -0.3116     0.0065  |       0.2830      0.1841
 125      0.0455        0.9535  |   -0.2656/ -0.2324/ -0.2180           -0.2180          -0.3939     0.0093  |       0.2794      0.1841
 126      0.0284        0.9513  |   -0.2966/ -0.2623/ -0.2472           -0.2472          -0.4060     0.0107  |       0.2846      0.1841
 127      0.0107        0.9118  |   -0.2559/ -0.2246/ -0.2105           -0.2105          -0.3576     0.0014  |       0.2885      0.1841
 128      0.0229        0.9675  |   -0.2266/ -0.2024/ -0.1874           -0.1874          -0.3440     0.0099  |       0.2898      0.1841
 129      0.0443        0.9212  |   -0.2274/ -0.1940/ -0.1780           -0.1780          -0.3427     0.0090  |       0.2898      0.1841
 130      0.0166        0.9474  |   -0.2615/ -0.2280/ -0.2124           -0.2124          -0.3885     0.0086  |       0.2908      0.1841
 131      0.0514        0.9627  |   -0.1515/ -0.1139/ -0.0940           -0.0940          -0.2620     0.0050  |       0.2976      0.1841
 132      0.0398        0.9731  |   -0.1320/ -0.0892/ -0.0735           -0.0735          -0.2644     0.0112  |       0.2948      0.1841
 133      0.0507        0.9435  |   -0.1466/ -0.0999/ -0.0751           -0.0751          -0.2340     0.0008  |       0.3014      0.1841
 134      0.0586        0.9725  |   -0.1134/ -0.0456/ -0.0284           -0.0284          -0.1819     0.0038  |       0.3025      0.1841
 135      0.0694        0.9701  |   -0.1463/ -0.1030/ -0.0882           -0.0882          -0.2654     0.0048  |       0.3035      0.1841
 136      0.0321        0.9557  |   -0.2369/ -0.2178/ -0.2055           -0.2055          -0.3465     0.0049  |       0.3018      0.1841
 137      0.0271        0.9452  |   -0.3208/ -0.3003/ -0.2900           -0.2900          -0.3891     0.0045  |       0.3029      0.1841
 138      0.0304        0.9576  |   -0.3053/ -0.2810/ -0.2684           -0.2684          -0.3787     0.0106  |       0.3070      0.1841
 139      0.0850        0.9294  |   -0.2546/ -0.2241/ -0.2114           -0.2114          -0.3331     0.0071  |       0.3140      0.1841
 140      0.0951        0.9518  |   -0.1540/ -0.1218/ -0.1036           -0.1036          -0.2382     0.0079  |       0.3181      0.1841
 141      0.0833        0.9427  |   -0.2294/ -0.1910/ -0.1744           -0.1744          -0.2840     0.0023  |       0.3116      0.1841
 142      0.0708        0.9736  |   -0.2702/ -0.2391/ -0.2268           -0.2268          -0.3320     0.0023  |       0.3129      0.1841
 143      0.0650        0.9698  |   -0.2372/ -0.2096/ -0.1960           -0.1960          -0.3334     0.0094  |       0.3123      0.1841
 144      0.0584        0.9705  |   -0.2662/ -0.2298/ -0.2158           -0.2158          -0.3423     0.0135  |       0.3154      0.1841
 145      0.0497        0.9089  |   -0.3128/ -0.2953/ -0.2818           -0.2818          -0.3834     0.0058  |       0.3246      0.1841
 146      0.0636        0.9657  |   -0.2341/ -0.2098/ -0.1988           -0.1988          -0.3244     0.0042  |       0.3281      0.1841
 147      0.0533        0.9575  |   -0.3077/ -0.2831/ -0.2690           -0.2690          -0.3975     0.0166  |       0.3312      0.1841
 148      0.0631        0.9653  |   -0.2797/ -0.2589/ -0.2453           -0.2453          -0.3892     0.0103  |       0.3295      0.1841
 149      0.0423        0.9668  |   -0.3050/ -0.2866/ -0.2736           -0.2736          -0.3847     0.0030  |       0.3368      0.1841
 150      0.0354        0.9676  |   -0.3217/ -0.3036/ -0.2932           -0.2932          -0.3871     0.0110  |       0.3392      0.1841
 151      0.0250        0.9594  |   -0.3690/ -0.3516/ -0.3387           -0.3387          -0.4334     0.0061  |       0.3435      0.1841
 152      0.0252        0.9780  |   -0.3930/ -0.3713/ -0.3601           -0.3601          -0.4345     0.0132  |       0.3429      0.1841
 153      0.0335        0.9852  |   -0.3735/ -0.3542/ -0.3428           -0.3428          -0.4173     0.0139  |       0.3424      0.1841
 154      0.0352        0.9455  |   -0.3206/ -0.3023/ -0.2837           -0.2837          -0.3884     0.0096  |       0.3373      0.1841
 155      0.0433        0.9803  |   -0.2997/ -0.2779/ -0.2621           -0.2621          -0.3807     0.0069  |       0.3362      0.1841
 156      0.0452        0.9734  |   -0.3014/ -0.2854/ -0.2743           -0.2743          -0.3873     0.0096  |       0.3378      0.1841
 157      0.0401        0.9830  |   -0.2855/ -0.2675/ -0.2563           -0.2563          -0.3706     0.0077  |       0.3371      0.1841
 158      0.0291        0.9857  |   -0.3167/ -0.2936/ -0.2776           -0.2776          -0.3918     0.0098  |       0.3366      0.1841
 159      0.0363        0.9882  |   -0.2995/ -0.2782/ -0.2660           -0.2660          -0.3891     0.0114  |       0.3363      0.1841
 160      0.0252        0.9521  |   -0.3645/ -0.3403/ -0.3293           -0.3293          -0.4200     0.0133  |       0.3416      0.1841
 161      0.0296        0.9944  |   -0.3680/ -0.3456/ -0.3324           -0.3324          -0.4190     0.0077  |       0.3417      0.1841
 162      0.0249        0.9816  |   -0.3642/ -0.3490/ -0.3364           -0.3364          -0.4383     0.0082  |       0.3430      0.1841
 163      0.0411        0.9619  |   -0.3592/ -0.3453/ -0.3359           -0.3359          -0.4199     0.0129  |       0.3466      0.1841
 164      0.0457        0.9777  |   -0.3339/ -0.3194/ -0.3084           -0.3084          -0.4071     0.0096  |       0.3478      0.1841
 165      0.0409        0.9623  |   -0.3847/ -0.3695/ -0.3536           -0.3536          -0.4355     0.0077  |       0.3529      0.1841
 166      0.0415        0.9770  |   -0.3536/ -0.3364/ -0.3250           -0.3250          -0.4204     0.0135  |       0.3519      0.1841
 167      0.0411        0.9770  |   -0.3899/ -0.3683/ -0.3571           -0.3571          -0.4388     0.0110  |       0.3541      0.1841
 168      0.0476        0.9681  |   -0.3423/ -0.3265/ -0.3149           -0.3149          -0.3864     0.0035  |       0.3579      0.1841
 169      0.0516        0.9838  |   -0.3818/ -0.3666/ -0.3560           -0.3560          -0.4218     0.0157  |       0.3591      0.1841
 170      0.0526        0.9823  |   -0.3862/ -0.3646/ -0.3520           -0.3520          -0.4272     0.0126  |       0.3610      0.1841
 171      0.0505        0.9752  |   -0.3836/ -0.3668/ -0.3570           -0.3570          -0.4316     0.0121  |       0.3664      0.1841
 172      0.0324        0.9441  |   -0.4385/ -0.4129/ -0.4003           -0.4003          -0.4792     0.0157  |       0.3743      0.1841
 173      0.0533        0.9533  |   -0.4221/ -0.3872/ -0.3780           -0.3780          -0.4838     0.0286  |       0.3814      0.1841
 174      0.0590        0.9445  |   -0.3652/ -0.3405/ -0.3302           -0.3302          -0.4181     0.0179  |       0.3952      0.1841
 175      0.0375        0.9238  |   -0.3572/ -0.3409/ -0.3274           -0.3274          -0.3973     0.0035  |       0.4096      0.1841
 176      0.0486        0.9836  |   -0.3538/ -0.3393/ -0.3261           -0.3261          -0.3898     0.0089  |       0.4118      0.1841
 177      0.0378        0.9772  |   -0.3582/ -0.3422/ -0.3309           -0.3309          -0.4021     0.0135  |       0.4168      0.1841
 178      0.0273        0.9817  |   -0.3961/ -0.3817/ -0.3708           -0.3708          -0.4370     0.0087  |       0.4225      0.1841
 179      0.0329        0.9955  |   -0.4086/ -0.3944/ -0.3820           -0.3820          -0.4428     0.0091  |       0.4245      0.1841
 180      0.0324        0.9993  |   -0.3990/ -0.3866/ -0.3718           -0.3718          -0.4407     0.0070  |       0.4302      0.1841
 181      0.0325        1.0000  |   -0.4003/ -0.3836/ -0.3736           -0.3736          -0.4405     0.0096  |       0.4321      0.1841
 182      0.0309        0.9991  |   -0.4169/ -0.3986/ -0.3879           -0.3879          -0.4425     0.0076  |       0.4364      0.1841
 183      0.0325        0.9991  |   -0.4038/ -0.3871/ -0.3764           -0.3764          -0.4403     0.0145  |       0.4407      0.1841
 184      0.0325        1.0000  |   -0.3992/ -0.3831/ -0.3693           -0.3693          -0.4405     0.0111  |       0.4448      0.1841
 185      0.0308        0.9991  |   -0.4095/ -0.3955/ -0.3820           -0.3820          -0.4426     0.0082  |       0.4487      0.1841
 186      0.0325        0.9991  |   -0.4014/ -0.3865/ -0.3749           -0.3749          -0.4404     0.0147  |       0.4519      0.1841
 187      0.0325        1.0000  |   -0.4040/ -0.3899/ -0.3766           -0.3766          -0.4406     0.0121  |       0.4579      0.1841
 188      0.0310        0.9991  |   -0.4111/ -0.3977/ -0.3856           -0.3856          -0.4423     0.0061  |       0.4645      0.1841
 189      0.0325        0.9991  |   -0.4045/ -0.3883/ -0.3749           -0.3749          -0.4404     0.0083  |       0.4613      0.1841
 190      0.0325        1.0000  |   -0.3999/ -0.3870/ -0.3741           -0.3741          -0.4406     0.0125  |       0.4648      0.1841
 191      0.0310        0.9991  |   -0.4057/ -0.3932/ -0.3820           -0.3820          -0.4423     0.0080  |       0.4705      0.1841
 192      0.0324        0.9991  |   -0.4043/ -0.3898/ -0.3775           -0.3775          -0.4409     0.0154  |       0.4735      0.1841
 193      0.0324        1.0000  |   -0.3978/ -0.3859/ -0.3729           -0.3729          -0.4406     0.0088  |       0.4747      0.1841
 194      0.0310        0.9991  |   -0.4095/ -0.3956/ -0.3829           -0.3829          -0.4425     0.0085  |       0.4806      0.1841
 195      0.0324        0.9991  |   -0.4113/ -0.3955/ -0.3826           -0.3826          -0.4407     0.0089  |       0.4849      0.1841
 196      0.0323        1.0000  |   -0.3999/ -0.3874/ -0.3740           -0.3740          -0.4408     0.0123  |       0.4914      0.1841
 197      0.0308        0.9991  |   -0.4121/ -0.3984/ -0.3851           -0.3851          -0.4429     0.0050  |       0.4885      0.1841
 198      0.0327        0.9993  |   -0.4081/ -0.3917/ -0.3807           -0.3807          -0.4425     0.0123  |       0.4922      0.1841
 199      0.0323        0.9994  |   -0.4143/ -0.3928/ -0.3779           -0.3779          -0.4407     0.0099  |       0.5001      0.1841
 200      0.0309        0.9991  |   -0.4130/ -0.3954/ -0.3842           -0.3842          -0.4429     0.0123  |       0.4982      0.1841
 201      0.0327        0.9994  |   -0.4173/ -0.3973/ -0.3831           -0.3831          -0.4425     0.0106  |       0.5049      0.1841
 202      0.0323        0.9994  |   -0.4049/ -0.3881/ -0.3763           -0.3763          -0.4407     0.0085  |       0.5090      0.1841
 203      0.0306        0.9991  |   -0.4171/ -0.4018/ -0.3894           -0.3894          -0.4432     0.0098  |       0.5065      0.1841
 204      0.0327        0.9993  |   -0.4060/ -0.3932/ -0.3829           -0.3829          -0.4425     0.0113  |       0.5100      0.1841
 205      0.0323        0.9994  |   -0.4044/ -0.3855/ -0.3753           -0.3753          -0.4407     0.0099  |       0.5104      0.1841
 206      0.0306        0.9991  |   -0.4096/ -0.3951/ -0.3849           -0.3849          -0.4433     0.0105  |       0.5105      0.1841
 207      0.0327        0.9993  |   -0.4114/ -0.3944/ -0.3813           -0.3813          -0.4424     0.0114  |       0.5105      0.1841
 208      0.0323        0.9994  |   -0.4198/ -0.3918/ -0.3806           -0.3806          -0.4407     0.0092  |       0.5105      0.1841
 209      0.0306        0.9991  |   -0.4058/ -0.3916/ -0.3817           -0.3817          -0.4435     0.0091  |       0.5104      0.1841
 210      0.0328        0.9993  |   -0.4104/ -0.3933/ -0.3836           -0.3836          -0.4424     0.0056  |       0.5104      0.1841
 211      0.0324        0.9994  |   -0.4177/ -0.3906/ -0.3772           -0.3772          -0.4406     0.0069  |       0.5105      0.1841
 212      0.0306        0.9991  |   -0.4226/ -0.4021/ -0.3893           -0.3893          -0.4435     0.0183  |       0.5092      0.1841
 213      0.0327        0.9993  |   -0.4057/ -0.3908/ -0.3804           -0.3804          -0.4425     0.0105  |       0.5103      0.1841
 214      0.0323        0.9994  |   -0.4066/ -0.3916/ -0.3792           -0.3792          -0.4407     0.0153  |       0.5104      0.1841
 215      0.0307        0.9991  |   -0.4122/ -0.3933/ -0.3817           -0.3817          -0.4433     0.0102  |       0.5105      0.1841
 216      0.0328        0.9993  |   -0.4135/ -0.3988/ -0.3873           -0.3873          -0.4424     0.0076  |       0.5105      0.1841
 217      0.0324        0.9993  |   -0.4052/ -0.3918/ -0.3796           -0.3796          -0.4407     0.0066  |       0.5106      0.1841
 218      0.0302        0.9989  |   -0.4177/ -0.4032/ -0.3869           -0.3869          -0.4447     0.0113  |       0.5104      0.1841
 219      0.0328        0.9993  |   -0.4043/ -0.3901/ -0.3774           -0.3774          -0.4424     0.0060  |       0.5105      0.1841
 220      0.0324        0.9993  |   -0.4134/ -0.3900/ -0.3766           -0.3766          -0.4409     0.0106  |       0.5104      0.1841
 221      0.0304        0.9988  |   -0.4114/ -0.3993/ -0.3892           -0.3892          -0.4448     0.0081  |       0.5104      0.1841
 222      0.0328        0.9993  |   -0.4059/ -0.3907/ -0.3793           -0.3793          -0.4424     0.0093  |       0.5105      0.1841
 223      0.0323        0.9993  |   -0.4122/ -0.3978/ -0.3842           -0.3842          -0.4409     0.0103  |       0.5088      0.1841
 224      0.0301        0.9988  |   -0.4190/ -0.4005/ -0.3881           -0.3881          -0.4456     0.0048  |       0.5104      0.1841
 225      0.0328        0.9993  |   -0.4122/ -0.3883/ -0.3785           -0.3785          -0.4425     0.0078  |       0.5106      0.1841
 226      0.0324        0.9994  |   -0.3994/ -0.3880/ -0.3765           -0.3765          -0.4408     0.0161  |       0.5084      0.1841
 227      0.0300        0.9988  |   -0.4197/ -0.3998/ -0.3898           -0.3898          -0.4457     0.0097  |       0.5105      0.1841
 228      0.0328        0.9993  |   -0.4171/ -0.3977/ -0.3855           -0.3855          -0.4423     0.0130  |       0.5108      0.1841
 229      0.0323        0.9993  |   -0.4062/ -0.3911/ -0.3776           -0.3776          -0.4409     0.0117  |       0.5108      0.1841
 230      0.0302        0.9988  |   -0.4070/ -0.3925/ -0.3822           -0.3822          -0.4456     0.0094  |       0.5109      0.1841
 231      0.0327        0.9993  |   -0.4122/ -0.3926/ -0.3816           -0.3816          -0.4427     0.0166  |       0.5110      0.1841
 232      0.0324        0.9993  |   -0.4054/ -0.3853/ -0.3731           -0.3731          -0.4407     0.0115  |       0.5109      0.1841
 233      0.0300        0.9988  |   -0.4121/ -0.3986/ -0.3868           -0.3868          -0.4459     0.0108  |       0.5108      0.1841
 234      0.0344        0.9987  |   -0.4107/ -0.3971/ -0.3853           -0.3853          -0.4473     0.0094  |       0.5108      0.1841
 235      0.0324        0.9986  |   -0.4019/ -0.3880/ -0.3757           -0.3757          -0.4407     0.0132  |       0.5108      0.1841
 236      0.0303        0.9988  |   -0.4226/ -0.4049/ -0.3937           -0.3937          -0.4452     0.0100  |       0.5108      0.1841
 237      0.0328        0.9993  |   -0.4095/ -0.3918/ -0.3819           -0.3819          -0.4427     0.0098  |       0.5098      0.1841
 238      0.0325        0.9993  |   -0.4021/ -0.3878/ -0.3733           -0.3733          -0.4403     0.0138  |       0.5107      0.1841
 239      0.0312        0.9986  |   -0.4054/ -0.3877/ -0.3771           -0.3771          -0.4402     0.0066  |       0.5108      0.1841
 240      0.0328        0.9991  |   -0.4152/ -0.3951/ -0.3825           -0.3825          -0.4426     0.0077  |       0.5108      0.1841
 241      0.0324        0.9993  |   -0.4050/ -0.3896/ -0.3768           -0.3768          -0.4404     0.0085  |       0.5108      0.1841
 242      0.0309        0.9986  |   -0.4036/ -0.3881/ -0.3772           -0.3772          -0.4408     0.0103  |       0.5108      0.1841
 243      0.0328        0.9991  |   -0.4103/ -0.3921/ -0.3808           -0.3808          -0.4427     0.0082  |       0.5108      0.1841
 244      0.0324        0.9993  |   -0.4032/ -0.3865/ -0.3747           -0.3747          -0.4404     0.0150  |       0.5108      0.1841
 245      0.0308        0.9986  |   -0.4063/ -0.3896/ -0.3777           -0.3777          -0.4409     0.0064  |       0.5108      0.1841
 246      0.0328        0.9991  |   -0.4102/ -0.3968/ -0.3831           -0.3831          -0.4428     0.0142  |       0.5108      0.1841
 247      0.0324        0.9993  |   -0.4071/ -0.3931/ -0.3815           -0.3815          -0.4405     0.0113  |       0.5108      0.1841
 248      0.0318        0.9986  |   -0.4075/ -0.3898/ -0.3775           -0.3775          -0.4400     0.0099  |       0.5108      0.1841
 249      0.0307        0.9995  |   -0.4082/ -0.3924/ -0.3812           -0.3812          -0.4430     0.0100  |       0.5108      0.1841
 250      0.0324        0.9991  |   -0.3967/ -0.3843/ -0.3725           -0.3725          -0.4408     0.0042  |       0.5108      0.1841
 251      0.0300        0.9988  |   -0.4157/ -0.3991/ -0.3860           -0.3860          -0.4454     0.0094  |       0.5108      0.1841
 252      0.0308        0.9999  |   -0.4109/ -0.3939/ -0.3853           -0.3853          -0.4427     0.0103  |       0.5108      0.1841
 253      0.0327        0.9993  |   -0.4100/ -0.3947/ -0.3823           -0.3823          -0.4425     0.0121  |       0.5077      0.1841
 254      0.0323        0.9993  |   -0.4041/ -0.3837/ -0.3710           -0.3710          -0.4409     0.0078  |       0.5099      0.1841
 255      0.0308        0.9991  |   -0.4104/ -0.3957/ -0.3843           -0.3843          -0.4427     0.0104  |       0.5107      0.1841
 256      0.0327        0.9993  |   -0.4132/ -0.3929/ -0.3782           -0.3782          -0.4422     0.0055  |       0.5108      0.1841
 257      0.0339        0.9990  |   -0.4150/ -0.3933/ -0.3810           -0.3810          -0.4452     0.0128  |       0.5108      0.1841
 258      0.0326        0.9991  |   -0.4160/ -0.4031/ -0.3908           -0.3908          -0.4470     0.0143  |       0.5108      0.1841
 259      0.0327        0.9989  |   -0.4129/ -0.3997/ -0.3885           -0.3885          -0.4422     0.0046  |       0.5108      0.1841
 260      0.0322        0.9993  |   -0.4165/ -0.3981/ -0.3840           -0.3840          -0.4407     0.0070  |       0.5094      0.1841
 261      0.0309        0.9991  |   -0.4052/ -0.3893/ -0.3802           -0.3802          -0.4422     0.0102  |       0.5106      0.1841
 262      0.0327        0.9994  |   -0.4046/ -0.3887/ -0.3776           -0.3776          -0.4423     0.0085  |       0.5103      0.1841
 263      0.0339        0.9990  |   -0.4069/ -0.3949/ -0.3825           -0.3825          -0.4451     0.0163  |       0.5107      0.1841
 264      0.0326        0.9991  |   -0.4225/ -0.3989/ -0.3847           -0.3847          -0.4471     0.0108  |       0.5108      0.1841
 265      0.0342        0.9994  |   -0.4152/ -0.4009/ -0.3897           -0.3897          -0.4470     0.0109  |       0.5108      0.1841
 266      0.0339        0.9993  |   -0.4090/ -0.3914/ -0.3773           -0.3773          -0.4451     0.0095  |       0.5108      0.1841
 267      0.0324        0.9991  |   -0.4126/ -0.3996/ -0.3888           -0.3888          -0.4475     0.0130  |       0.5108      0.1841
 268      0.0342        0.9993  |   -0.4154/ -0.3985/ -0.3875           -0.3875          -0.4470     0.0135  |       0.5108      0.1841
 269      0.0339        0.9993  |   -0.4185/ -0.3970/ -0.3844           -0.3844          -0.4451     0.0087  |       0.5083      0.1841
 270      0.0308        0.9986  |   -0.4150/ -0.3972/ -0.3832           -0.3832          -0.4428     0.0092  |       0.5105      0.1841
 271      0.0327        0.9993  |   -0.4211/ -0.3997/ -0.3865           -0.3865          -0.4422     0.0078  |       0.5107      0.1841
 272      0.0322        0.9993  |   -0.4002/ -0.3875/ -0.3751           -0.3751          -0.4406     0.0072  |       0.5098      0.1841
 273      0.0306        0.9991  |   -0.4084/ -0.3911/ -0.3793           -0.3793          -0.4430     0.0111  |       0.5079      0.1841
 274      0.0327        0.9993  |   -0.4071/ -0.3924/ -0.3815           -0.3815          -0.4425     0.0075  |       0.5104      0.1841
 275      0.0323        0.9994  |   -0.4057/ -0.3894/ -0.3772           -0.3772          -0.4408     0.0117  |       0.5107      0.1841
 276      0.0307        0.9991  |   -0.4101/ -0.3946/ -0.3834           -0.3834          -0.4432     0.0092  |       0.5107      0.1841
 277      0.0327        0.9993  |   -0.4112/ -0.3926/ -0.3800           -0.3800          -0.4425     0.0123  |       0.5089      0.1841
 278      0.0323        0.9994  |   -0.4066/ -0.3937/ -0.3811           -0.3811          -0.4408     0.0136  |       0.5105      0.1841
 279      0.0306        0.9991  |   -0.4200/ -0.4016/ -0.3878           -0.3878          -0.4434     0.0155  |       0.5107      0.1841
 280      0.0342        0.9987  |   -0.4149/ -0.3987/ -0.3832           -0.3832          -0.4470     0.0064  |       0.5086      0.1841
 281      0.0339        0.9993  |   -0.4133/ -0.3978/ -0.3845           -0.3845          -0.4451     0.0172  |       0.5062      0.1841
 282      0.0306        0.9986  |   -0.4162/ -0.3975/ -0.3841           -0.3841          -0.4435     0.0136  |       0.5102      0.1841
 283      0.0328        0.9993  |   -0.4094/ -0.3944/ -0.3834           -0.3834          -0.4424     0.0139  |       0.5107      0.1841
 284      0.0340        0.9989  |   -0.4099/ -0.3931/ -0.3820           -0.3820          -0.4447     0.0066  |       0.5107      0.1841
 285      0.0323        0.9990  |   -0.4154/ -0.3987/ -0.3868           -0.3868          -0.4481     0.0060  |       0.5107      0.1841
 286      0.0343        0.9993  |   -0.4168/ -0.4020/ -0.3899           -0.3899          -0.4470     0.0053  |       0.5107      0.1841
 287      0.0324        0.9986  |   -0.4042/ -0.3895/ -0.3767           -0.3767          -0.4405     0.0145  |       0.5107      0.1841
 288      0.0306        0.9990  |   -0.4154/ -0.4011/ -0.3844           -0.3844          -0.4434     0.0056  |       0.5107      0.1841
 289      0.0327        0.9993  |   -0.4090/ -0.3940/ -0.3808           -0.3808          -0.4424     0.0107  |       0.5107      0.1841
 290      0.0324        0.9993  |   -0.4014/ -0.3848/ -0.3733           -0.3733          -0.4404     0.0116  |       0.5107      0.1841
 291      0.0302        0.9988  |   -0.4098/ -0.3974/ -0.3844           -0.3844          -0.4448     0.0123  |       0.5107      0.1841
 292      0.0327        0.9993  |   -0.4118/ -0.3959/ -0.3841           -0.3841          -0.4424     0.0106  |       0.5107      0.1841
 293      0.0324        0.9993  |   -0.4025/ -0.3840/ -0.3735           -0.3735          -0.4404     0.0081  |       0.5107      0.1841
 294      0.0303        0.9988  |   -0.4184/ -0.4030/ -0.3894           -0.3894          -0.4448     0.0143  |       0.5107      0.1841
 295      0.0343        0.9987  |   -0.4105/ -0.3970/ -0.3845           -0.3845          -0.4470     0.0115  |       0.5107      0.1841
 296      0.0343        1.0000  |   -0.4126/ -0.3961/ -0.3871           -0.3871          -0.4466     0.0075  |       0.5107      0.1841
 297      0.0319        0.9993  |   -0.4205/ -0.4059/ -0.3939           -0.3939          -0.4500     0.0024  |       0.5093      0.1841
 298      0.0343        0.9993  |   -0.4137/ -0.3948/ -0.3845           -0.3845          -0.4470     0.0116  |       0.5100      0.1841
 299      0.0328        0.9994  |   -0.4147/ -0.3952/ -0.3829           -0.3829          -0.4421     0.0114  |       0.5106      0.1841
IMAGEIO FFMPEG_WRITER WARNING: input image is not divisible by macro_block_size=16, resizing from (320, 180) to (320, 192) to ensure video compatibility with most codecs and players. To prevent resizing, make your input image divisible by the macro_block_size or set the macro_block_size to 1 (risking incompatibility).

Saved 300 frames -> /home/ashwink/Documents/swms/SWM_copy/rollouts_5_per/expert-only/epoch1/epoch1_rollout3_failure.mp4
min dist(green_cube,blue_moon) over episode = 0.1841  ->  FAILURE
Full log written to /home/ashwink/Documents/swms/SWM_copy/rollouts_5_per/expert-only/epoch1/epoch1_rollout3_20260723_120034.log
Result json -> /home/ashwink/Documents/swms/SWM_copy/rollouts_5_per/expert-only/epoch1/epoch1_rollout3_result.json
