Checkpoint dir epoch: 1  Rollout: 1
Logging to /home/ashwink/Documents/swms/SWM_copy/rollouts_5_per/expert-only/epoch1/epoch1_rollout1_20260723_115725.log
Goal (fixed, steps 0-299): the green cube is touching the blue moon. the peg is touching the green cube.

Checkpoint: /home/ashwink/Documents/swms/SWM_copy/training/checkpoints_clip_full_finetuned_wider_hl/epoch_001.pt
  epoch=1  step=1716

Loading CLIP ViT-L/14 (datacomp_xl_s13b_b90k) + fine-tuned clip_state_dict ...
Parsing model identifier. Schema: None, Identifier: ViT-L-14
Loaded built-in ViT-L-14 model config.
Instantiating model architecture: CLIP
Loading full pretrained weights from: /home/ashwink/.cache/huggingface/hub/models--laion--CLIP-ViT-L-14-DataComp.XL-s13B-b90K/snapshots/84c9828e63dc9a9351d1fe637c346d4c1c4db341/open_clip_pytorch_model.bin
Final image preprocessing configuration set: {'size': (224, 224), 'mode': 'RGB', 'mean': (0.48145466, 0.4578275, 0.40821073), 'std': (0.26862954, 0.26130258, 0.27577711), 'interpolation': 'bicubic', 'resize_mode': 'shortest', 'fill_color': 0}
Model ViT-L-14 creation process complete.
Parsing tokenizer identifier. Schema: None, Identifier: ViT-L-14
Attempting to load config from built-in: ViT-L-14
Using default SimpleTokenizer.
z_star shape: torch.Size([768])

Loading action stats from /home/ashwink/full_data_5000/langtable/demos/ ...
  lo=[-0.03372681140899658, -0.03493623435497284]  hi=[0.03496786952018738, 0.03494429588317871]

Initializing LangTable env ...
Loading URDF plane.urdf
Loading URDF /home/ashwink/Documents/swms/.venv/lib/python3.10/site-packages/language_table/environments/utils/../../../language_table/environments/assets/workspace_real.urdf
Loading URDF xarm/xarm6_robot_white.urdf
Loading URDF /home/ashwink/Documents/swms/.venv/lib/python3.10/site-packages/language_table/environments/utils/../../../language_table/environments/assets/suction/cylinder_real.urdf
Loading URDF /home/ashwink/Documents/swms/.venv/lib/python3.10/site-packages/language_table/environments/utils/../../../language_table/environments/assets/blocks/red_moon.urdf
Loading URDF /home/ashwink/Documents/swms/.venv/lib/python3.10/site-packages/language_table/environments/utils/../../../language_table/environments/assets/blocks/red_cube.urdf
Loading URDF /home/ashwink/Documents/swms/.venv/lib/python3.10/site-packages/language_table/environments/utils/../../../language_table/environments/assets/blocks/red_star.urdf
Loading URDF /home/ashwink/Documents/swms/.venv/lib/python3.10/site-packages/language_table/environments/utils/../../../language_table/environments/assets/blocks/red_pentagon.urdf
Loading URDF /home/ashwink/Documents/swms/.venv/lib/python3.10/site-packages/language_table/environments/utils/../../../language_table/environments/assets/blocks/blue_moon.urdf
Loading URDF /home/ashwink/Documents/swms/.venv/lib/python3.10/site-packages/language_table/environments/utils/../../../language_table/environments/assets/blocks/blue_cube.urdf
Loading URDF /home/ashwink/Documents/swms/.venv/lib/python3.10/site-packages/language_table/environments/utils/../../../language_table/environments/assets/blocks/blue_star.urdf
Loading URDF /home/ashwink/Documents/swms/.venv/lib/python3.10/site-packages/language_table/environments/utils/../../../language_table/environments/assets/blocks/blue_pentagon.urdf
Loading URDF /home/ashwink/Documents/swms/.venv/lib/python3.10/site-packages/language_table/environments/utils/../../../language_table/environments/assets/blocks/yellow_moon.urdf
Loading URDF /home/ashwink/Documents/swms/.venv/lib/python3.10/site-packages/language_table/environments/utils/../../../language_table/environments/assets/blocks/yellow_cube.urdf
Loading URDF /home/ashwink/Documents/swms/.venv/lib/python3.10/site-packages/language_table/environments/utils/../../../language_table/environments/assets/blocks/yellow_star.urdf
Loading URDF /home/ashwink/Documents/swms/.venv/lib/python3.10/site-packages/language_table/environments/utils/../../../language_table/environments/assets/blocks/yellow_pentagon.urdf
Loading URDF /home/ashwink/Documents/swms/.venv/lib/python3.10/site-packages/language_table/environments/utils/../../../language_table/environments/assets/blocks/green_moon.urdf
Loading URDF /home/ashwink/Documents/swms/.venv/lib/python3.10/site-packages/language_table/environments/utils/../../../language_table/environments/assets/blocks/green_cube.urdf
Loading URDF /home/ashwink/Documents/swms/.venv/lib/python3.10/site-packages/language_table/environments/utils/../../../language_table/environments/assets/blocks/green_star.urdf
Loading URDF /home/ashwink/Documents/swms/.venv/lib/python3.10/site-packages/language_table/environments/utils/../../../language_table/environments/assets/blocks/green_pentagon.urdf
Loading URDF /home/ashwink/Documents/swms/.venv/lib/python3.10/site-packages/language_table/environments/utils/../../../language_table/environments/assets/blocks/purple_moon.urdf
Loading URDF /home/ashwink/Documents/swms/.venv/lib/python3.10/site-packages/language_table/environments/utils/../../../language_table/environments/assets/blocks/purple_cube.urdf
Loading URDF /home/ashwink/Documents/swms/.venv/lib/python3.10/site-packages/language_table/environments/utils/../../../language_table/environments/assets/blocks/purple_star.urdf
Loading URDF /home/ashwink/Documents/swms/.venv/lib/python3.10/site-packages/language_table/environments/utils/../../../language_table/environments/assets/blocks/purple_pentagon.urdf
Env ready.

Forced peg start: [0.42843915 0.24419614]  (green_cube=[0.40339102 0.18967466], blue_moon=[0.32039625 0.00902261])
  dist(peg,green_cube)=0.0600  dist(peg,blue_moon)=0.2588  dist(green_cube,blue_moon)=0.1988

step  cos(zt,z*)  cos(zt,zt-1)  |   cos(predK,z*) min/mean/max  cos(pred_sel,z*)   cos(zpred0,z*)  ||a_raw||  |  dist(peg,A)   dist(A,B)
-------------------------------------------------------------------------------------------------------------------------------------------------------------------------------
   0      0.1346           nan  |    0.3171/  0.3190/  0.3215            0.3215           0.2815     0.0118  |       0.0587      0.1988
   1      0.1318        0.9960  |    0.3061/  0.3283/  0.3509            0.3509           0.2485     0.0096  |       0.0497      0.1988
   2      0.1283        0.9972  |    0.3175/  0.3447/  0.3633            0.3633           0.2592     0.0006  |       0.0420      0.1988
   3      0.1318        0.9993  |    0.3226/  0.3464/  0.3627            0.3627           0.2711     0.0067  |       0.0415      0.1988
   4      0.1352        0.9974  |    0.3488/  0.3725/  0.3888            0.3888           0.2926     0.0040  |       0.0355      0.1988
   5      0.1297        0.9980  |    0.3325/  0.3585/  0.3769            0.3769           0.2715     0.0079  |       0.0383      0.1988
   6      0.1317        0.9912  |    0.3360/  0.3629/  0.3807            0.3807           0.2759     0.0047  |       0.0344      0.1973
   7      0.1289        0.9796  |    0.2705/  0.2952/  0.3114            0.3114           0.1869     0.0052  |       0.0344      0.1931
   8      0.1030        0.9787  |    0.0940/  0.1176/  0.1382            0.1382           0.0099     0.0075  |       0.0347      0.1889
   9      0.1272        0.9735  |    0.2800/  0.3010/  0.3214            0.3214           0.2195     0.0056  |       0.0342      0.1833
  10      0.1576        0.8922  |    0.5198/  0.5606/  0.5735            0.5735           0.4483     0.0084  |       0.0343      0.1789
  11      0.1671        0.9825  |    0.5237/  0.5541/  0.5699            0.5699           0.4368     0.0065  |       0.0356      0.1748
  12      0.1615        0.9631  |    0.5338/  0.5714/  0.5875            0.5875           0.4676     0.0053  |       0.0363      0.1711
  13      0.1700        0.9837  |    0.5522/  0.5699/  0.5842            0.5842           0.4691     0.0037  |       0.0387      0.1699
  14      0.1602        0.9685  |    0.4606/  0.4958/  0.5118            0.5118           0.4055     0.0046  |       0.0400      0.1691
  15      0.1651        0.9612  |    0.5350/  0.5695/  0.5841            0.5841           0.4799     0.0011  |       0.0393      0.1671
  16      0.1741        0.9899  |    0.5332/  0.5877/  0.6057            0.6057           0.4905     0.0082  |       0.0392      0.1663
  17      0.1462        0.9621  |    0.4402/  0.4806/  0.4975            0.4975           0.3684     0.0008  |       0.0395      0.1640
  18      0.1503        0.9940  |    0.4365/  0.4698/  0.4852            0.4852           0.3531     0.0045  |       0.0392      0.1637
  19      0.1550        0.9843  |    0.4580/  0.4967/  0.5129            0.5129           0.3811     0.0077  |       0.0384      0.1615
  20      0.1627        0.9508  |    0.4687/  0.5506/  0.5699            0.5699           0.4398     0.0058  |       0.0374      0.1577
  21      0.1566        0.9804  |    0.4416/  0.4860/  0.5043            0.5043           0.3610     0.0037  |       0.0412      0.1577
  22      0.1541        0.9791  |    0.4568/  0.4996/  0.5168            0.5168           0.3750     0.0025  |       0.0414      0.1577
  23      0.1571        0.9890  |    0.4178/  0.5286/  0.5468            0.5468           0.3885     0.0020  |       0.0407      0.1577
  24      0.1529        0.9944  |    0.4536/  0.4765/  0.4947            0.4947           0.3547     0.0058  |       0.0422      0.1577
  25      0.1570        0.9882  |    0.4283/  0.4778/  0.4942            0.4942           0.3496     0.0046  |       0.0438      0.1577
  26      0.1567        0.9882  |    0.4494/  0.4816/  0.5005            0.5005           0.3673     0.0031  |       0.0440      0.1577
  27      0.1527        0.9913  |    0.3888/  0.4218/  0.4368            0.4368           0.2872     0.0019  |       0.0461      0.1577
  28      0.1456        0.9882  |    0.3125/  0.3422/  0.3583            0.3583           0.1685     0.0039  |       0.0456      0.1577
  29      0.1414        0.9917  |    0.2099/  0.2359/  0.2539            0.2539           0.0602     0.0045  |       0.0470      0.1577
  30      0.1386        0.9818  |    0.1657/  0.2117/  0.2296            0.2296           0.0394     0.0047  |       0.0479      0.1577
  31      0.1237        0.9749  |    0.0653/  0.0917/  0.1116            0.1116          -0.0590     0.0027  |       0.0497      0.1577
  32      0.1336        0.9926  |    0.2144/  0.2385/  0.2580            0.2580           0.0695     0.0047  |       0.0476      0.1577
  33      0.1239        0.9867  |    0.1172/  0.1511/  0.1680            0.1680          -0.0126     0.0034  |       0.0492      0.1577
  34      0.1190        0.9935  |    0.1169/  0.1404/  0.1595            0.1595          -0.0316     0.0043  |       0.0483      0.1577
  35      0.1025        0.9855  |   -0.0825/ -0.0527/ -0.0349           -0.0349          -0.1793     0.0027  |       0.0511      0.1577
  36      0.0980        0.9900  |   -0.1269/ -0.1061/ -0.0886           -0.0886          -0.2168     0.0041  |       0.0516      0.1577
  37      0.0983        0.9861  |   -0.1246/ -0.0976/ -0.0780           -0.0780          -0.2183     0.0073  |       0.0515      0.1577
  38      0.0777        0.9738  |   -0.2863/ -0.2645/ -0.2507           -0.2507          -0.3517     0.0079  |       0.0556      0.1577
  39      0.0651        0.9750  |   -0.3535/ -0.3370/ -0.3239           -0.3239          -0.3856     0.0072  |       0.0566      0.1577
  40      0.0560        0.9879  |   -0.3433/ -0.3258/ -0.3134           -0.3134          -0.4034     0.0124  |       0.0566      0.1577
  41      0.0594        0.9857  |   -0.3247/ -0.2952/ -0.2799           -0.2799          -0.3864     0.0075  |       0.0559      0.1577
  42      0.0409        0.9867  |   -0.3728/ -0.3585/ -0.3492           -0.3492          -0.4068     0.0075  |       0.0591      0.1577
  43      0.0397        0.9820  |   -0.4016/ -0.3897/ -0.3783           -0.3783          -0.4190     0.0014  |       0.0658      0.1577
  44      0.0371        0.9898  |   -0.3493/ -0.3236/ -0.3091           -0.3091          -0.3693     0.0106  |       0.0675      0.1577
  45      0.0190        0.9761  |   -0.4141/ -0.3912/ -0.3821           -0.3821          -0.4221     0.0028  |       0.0705      0.1577
  46      0.0183        0.9898  |   -0.4213/ -0.4112/ -0.4014           -0.4014          -0.4326     0.0060  |       0.0723      0.1577
  47      0.0130        0.9822  |   -0.4086/ -0.3966/ -0.3887           -0.3887          -0.4196     0.0042  |       0.0755      0.1577
  48      0.0033        0.9855  |   -0.4324/ -0.4190/ -0.4109           -0.4109          -0.4410     0.0069  |       0.0790      0.1577
  49      0.0143        0.9670  |   -0.4354/ -0.4252/ -0.4158           -0.4158          -0.4469     0.0090  |       0.0823      0.1577
  50     -0.0010        0.9638  |   -0.4358/ -0.4239/ -0.4172           -0.4172          -0.4428     0.0183  |       0.0852      0.1577
  51      0.0084        0.9448  |   -0.4659/ -0.4552/ -0.4433           -0.4433          -0.4725     0.0031  |       0.0798      0.1577
  52      0.0111        0.9900  |   -0.4180/ -0.4092/ -0.3995           -0.3995          -0.4308     0.0011  |       0.0814      0.1577
  53      0.0137        0.9930  |   -0.3966/ -0.3861/ -0.3782           -0.3782          -0.4105     0.0082  |       0.0818      0.1577
  54     -0.0063        0.9670  |   -0.4056/ -0.3949/ -0.3879           -0.3879          -0.4119     0.0016  |       0.0893      0.1577
  55     -0.0091        0.9680  |   -0.4261/ -0.4144/ -0.4070           -0.4070          -0.4295     0.0055  |       0.0914      0.1577
  56     -0.0151        0.9759  |   -0.3941/ -0.3803/ -0.3710           -0.3710          -0.4018     0.0044  |       0.0966      0.1577
  57     -0.0162        0.9800  |   -0.3941/ -0.3806/ -0.3700           -0.3700          -0.3988     0.0086  |       0.1003      0.1577
  58     -0.0227        0.9430  |   -0.4511/ -0.4325/ -0.4253           -0.4253          -0.4518     0.0063  |       0.1072      0.1577
  59     -0.0209        0.9776  |   -0.4285/ -0.4156/ -0.4069           -0.4069          -0.4393     0.0080  |       0.1134      0.1577
  60     -0.0347        0.9791  |   -0.3951/ -0.3666/ -0.3532           -0.3532          -0.4114     0.0063  |       0.1176      0.1577
  61     -0.0352        0.9694  |   -0.3671/ -0.3463/ -0.3362           -0.3362          -0.4047     0.0079  |       0.1223      0.1577
  62     -0.0293        0.9621  |   -0.3695/ -0.3213/ -0.3076           -0.3076          -0.3847     0.0058  |       0.1283      0.1577
  63     -0.0427        0.9663  |   -0.3619/ -0.2968/ -0.2839           -0.2839          -0.3727     0.0051  |       0.1342      0.1610
  64     -0.0163        0.9537  |   -0.3318/ -0.3114/ -0.3022           -0.3022          -0.3738     0.0119  |       0.1364      0.1642
  65     -0.0280        0.9155  |   -0.3763/ -0.3519/ -0.3398           -0.3398          -0.3899     0.0105  |       0.1452      0.1665
  66     -0.0493        0.9361  |   -0.3252/ -0.2877/ -0.2739           -0.2739          -0.3574     0.0152  |       0.1550      0.1713
  67     -0.0391        0.9596  |   -0.3499/ -0.3223/ -0.3080           -0.3080          -0.3695     0.0074  |       0.1645      0.1823
  68     -0.0437        0.9170  |   -0.3772/ -0.3581/ -0.3453           -0.3453          -0.3981     0.0128  |       0.1716      0.1872
  69     -0.0291        0.8989  |   -0.3339/ -0.3121/ -0.2984           -0.2984          -0.3445     0.0083  |       0.1838      0.1914
  70     -0.0322        0.9441  |   -0.3206/ -0.2426/ -0.2262           -0.2262          -0.3426     0.0097  |       0.1920      0.1945
  71     -0.0243        0.9516  |   -0.3218/ -0.2699/ -0.2575           -0.2575          -0.3444     0.0038  |       0.1999      0.1979
  72     -0.0048        0.9762  |   -0.3052/ -0.2475/ -0.2326           -0.2326          -0.3371     0.0134  |       0.2040      0.1979
  73      0.0274        0.9372  |   -0.3313/ -0.2491/ -0.2317           -0.2317          -0.3596     0.0098  |       0.2148      0.1982
  74      0.0329        0.9611  |   -0.3093/ -0.2401/ -0.2254           -0.2254          -0.3739     0.0055  |       0.2238      0.1982
  75      0.0426        0.9508  |   -0.3067/ -0.2596/ -0.2412           -0.2412          -0.3726     0.0058  |       0.2295      0.1982
  76      0.0264        0.9687  |   -0.3608/ -0.3022/ -0.2879           -0.2879          -0.4088     0.0085  |       0.2338      0.1982
  77      0.0058        0.9678  |   -0.4406/ -0.4083/ -0.3926           -0.3926          -0.4892     0.0098  |       0.2419      0.1982
  78      0.0199        0.9593  |   -0.4184/ -0.3840/ -0.3696           -0.3696          -0.4300     0.0090  |       0.2504      0.1982
  79      0.0667        0.9365  |   -0.3431/ -0.3228/ -0.3091           -0.3091          -0.3697     0.0048  |       0.2587      0.1982
  80      0.0552        0.9446  |   -0.3626/ -0.3422/ -0.3285           -0.3285          -0.3879     0.0114  |       0.2637      0.1982
  81      0.0599        0.9641  |   -0.3304/ -0.3176/ -0.3085           -0.3085          -0.3444     0.0146  |       0.2739      0.1982
  82      0.0813        0.9374  |   -0.3347/ -0.3155/ -0.3039           -0.3039          -0.3600     0.0004  |       0.2874      0.1982
  83      0.0801        0.9966  |   -0.3315/ -0.3109/ -0.3006           -0.3006          -0.3539     0.0086  |       0.2883      0.1982
  84      0.1157        0.9610  |   -0.2307/ -0.1938/ -0.1801           -0.1801          -0.2637     0.0042  |       0.2962      0.1982
  85      0.1229        0.9839  |   -0.2788/ -0.2556/ -0.2381           -0.2381          -0.3152     0.0070  |       0.2987      0.1982
  86      0.0771        0.9268  |   -0.3375/ -0.3211/ -0.3083           -0.3083          -0.3480     0.0046  |       0.3050      0.1982
  87      0.0901        0.9674  |   -0.3212/ -0.3065/ -0.2921           -0.2921          -0.3466     0.0109  |       0.3071      0.1982
  88      0.0923        0.9575  |   -0.2767/ -0.2549/ -0.2370           -0.2370          -0.2937     0.0089  |       0.3167      0.1982
  89      0.0777        0.9659  |   -0.2634/ -0.2522/ -0.2417           -0.2417          -0.2870     0.0103  |       0.3250      0.1982
  90      0.0870        0.9555  |   -0.3115/ -0.2771/ -0.2646           -0.2646          -0.3056     0.0097  |       0.3330      0.1982
  91      0.0786        0.9728  |   -0.2984/ -0.2847/ -0.2748           -0.2748          -0.3142     0.0125  |       0.3418      0.1982
  92      0.0681        0.9653  |   -0.3115/ -0.2916/ -0.2785           -0.2785          -0.3326     0.0074  |       0.3538      0.1982
  93      0.0685        0.9767  |   -0.2934/ -0.2833/ -0.2735           -0.2735          -0.3206     0.0096  |       0.3582      0.1982
  94      0.0766        0.9866  |   -0.3026/ -0.2879/ -0.2778           -0.2778          -0.3233     0.0025  |       0.3672      0.1982
  95      0.0706        0.9896  |   -0.3220/ -0.3085/ -0.2973           -0.2973          -0.3402     0.0085  |       0.3703      0.1982
  96      0.0751        0.9933  |   -0.3213/ -0.3001/ -0.2875           -0.2875          -0.3326     0.0052  |       0.3774      0.1982
  97      0.0759        0.9989  |   -0.3136/ -0.2983/ -0.2882           -0.2882          -0.3309     0.0080  |       0.3818      0.1982
  98      0.0793        0.9957  |   -0.3134/ -0.3010/ -0.2930           -0.2930          -0.3321     0.0082  |       0.3874      0.1982
  99      0.0828        0.9917  |   -0.2947/ -0.2833/ -0.2697           -0.2697          -0.3201     0.0107  |       0.3871      0.1982
 100      0.0834        0.9983  |   -0.2966/ -0.2835/ -0.2733           -0.2733          -0.3214     0.0092  |       0.3879      0.1982
 101      0.0780        0.9932  |   -0.3171/ -0.2965/ -0.2878           -0.2878          -0.3338     0.0074  |       0.3924      0.1982
 102      0.0830        0.9895  |   -0.2979/ -0.2825/ -0.2712           -0.2712          -0.3213     0.0077  |       0.3972      0.1982
 103      0.0894        0.9879  |   -0.3036/ -0.2879/ -0.2762           -0.2762          -0.3233     0.0054  |       0.4008      0.1982
 104      0.0840        0.9946  |   -0.2975/ -0.2858/ -0.2758           -0.2758          -0.3210     0.0077  |       0.4049      0.1982
 105      0.0829        0.9977  |   -0.2996/ -0.2887/ -0.2797           -0.2797          -0.3223     0.0035  |       0.4054      0.1982
 106      0.0811        0.9960  |   -0.2977/ -0.2858/ -0.2762           -0.2762          -0.3238     0.0092  |       0.4031      0.1982
 107      0.0856        0.9956  |   -0.2991/ -0.2860/ -0.2778           -0.2778          -0.3209     0.0081  |       0.4056      0.1982
 108      0.0759        0.9936  |   -0.3342/ -0.3171/ -0.3064           -0.3064          -0.3459     0.0052  |       0.4080      0.1982
 109      0.0745        0.9956  |   -0.3469/ -0.3293/ -0.3175           -0.3175          -0.3538     0.0119  |       0.4113      0.1982
 110      0.0728        0.9922  |   -0.3573/ -0.3446/ -0.3316           -0.3316          -0.3708     0.0079  |       0.4164      0.1982
 111      0.0759        0.9969  |   -0.3487/ -0.3351/ -0.3272           -0.3272          -0.3648     0.0083  |       0.4181      0.1982
 112      0.0734        0.9972  |   -0.3609/ -0.3457/ -0.3352           -0.3352          -0.3753     0.0098  |       0.4195      0.1982
 113      0.0753        0.9938  |   -0.3494/ -0.3338/ -0.3246           -0.3246          -0.3656     0.0049  |       0.4222      0.1982
 114      0.0720        0.9983  |   -0.3470/ -0.3328/ -0.3246           -0.3246          -0.3614     0.0047  |       0.4227      0.1982
 115      0.0694        0.9969  |   -0.3574/ -0.3427/ -0.3341           -0.3341          -0.3738     0.0056  |       0.4236      0.1982
 116      0.0602        0.9947  |   -0.3627/ -0.3499/ -0.3421           -0.3421          -0.3834     0.0080  |       0.4276      0.1982
 117      0.0706        0.9961  |   -0.3426/ -0.3278/ -0.3176           -0.3176          -0.3612     0.0124  |       0.4290      0.1982
 118      0.0621        0.9862  |   -0.3966/ -0.3828/ -0.3727           -0.3727          -0.4123     0.0053  |       0.4324      0.1982
 119      0.0589        0.9978  |   -0.4046/ -0.3877/ -0.3775           -0.3775          -0.4156     0.0059  |       0.4318      0.1982
 120      0.0671        0.9955  |   -0.3754/ -0.3638/ -0.3558           -0.3558          -0.3945     0.0103  |       0.4332      0.1982
 121      0.0672        0.9979  |   -0.3721/ -0.3595/ -0.3511           -0.3511          -0.3930     0.0043  |       0.4355      0.1982
 122      0.0644        0.9966  |   -0.3859/ -0.3749/ -0.3660           -0.3660          -0.4032     0.0070  |       0.4362      0.1982
 123      0.0663        0.9939  |   -0.3955/ -0.3805/ -0.3691           -0.3691          -0.4069     0.0072  |       0.4411      0.1982
 124      0.0670        0.9949  |   -0.3854/ -0.3734/ -0.3642           -0.3642          -0.4011     0.0066  |       0.4428      0.1982
 125      0.0628        0.9967  |   -0.4169/ -0.4031/ -0.3925           -0.3925          -0.4266     0.0031  |       0.4434      0.1982
 126      0.0661        0.9970  |   -0.3999/ -0.3865/ -0.3779           -0.3779          -0.4159     0.0028  |       0.4429      0.1982
 127      0.0711        0.9946  |   -0.3860/ -0.3698/ -0.3614           -0.3614          -0.3958     0.0038  |       0.4412      0.1982
 128      0.0666        0.9971  |   -0.3914/ -0.3773/ -0.3682           -0.3682          -0.4061     0.0069  |       0.4438      0.1982
 129      0.0655        0.9958  |   -0.3795/ -0.3679/ -0.3572           -0.3572          -0.3975     0.0058  |       0.4468      0.1982
 130      0.0676        0.9981  |   -0.3755/ -0.3635/ -0.3534           -0.3534          -0.3944     0.0090  |       0.4446      0.1982
 131      0.0621        0.9969  |   -0.3792/ -0.3691/ -0.3593           -0.3593          -0.3962     0.0048  |       0.4480      0.1982
 132      0.0626        0.9984  |   -0.3855/ -0.3734/ -0.3636           -0.3636          -0.4002     0.0100  |       0.4487      0.1982
 133      0.0586        0.9966  |   -0.3767/ -0.3650/ -0.3564           -0.3564          -0.3927     0.0101  |       0.4530      0.1982
 134      0.0630        0.9926  |   -0.4026/ -0.3864/ -0.3764           -0.3764          -0.4115     0.0080  |       0.4608      0.1982
 135      0.0706        0.9935  |   -0.3950/ -0.3847/ -0.3750           -0.3750          -0.4085     0.0079  |       0.4621      0.1982
 136      0.0694        0.9960  |   -0.4137/ -0.3960/ -0.3874           -0.3874          -0.4209     0.0072  |       0.4628      0.1982
 137      0.0702        0.9985  |   -0.4180/ -0.4032/ -0.3939           -0.3939          -0.4257     0.0074  |       0.4645      0.1982
 138      0.0619        0.9948  |   -0.4243/ -0.4130/ -0.4034           -0.4034          -0.4341     0.0083  |       0.4704      0.1982
 139      0.0611        0.9926  |   -0.4303/ -0.4184/ -0.4068           -0.4068          -0.4377     0.0065  |       0.4755      0.1982
 140      0.0626        0.9946  |   -0.4179/ -0.4060/ -0.3968           -0.3968          -0.4259     0.0089  |       0.4791      0.1982
 141      0.0426        0.9875  |   -0.4532/ -0.4448/ -0.4353           -0.4353          -0.4598     0.0063  |       0.4835      0.1982
 142      0.0264        0.9931  |   -0.4851/ -0.4772/ -0.4704           -0.4704          -0.4935     0.0024  |       0.4861      0.1982
 143      0.0346        0.9978  |   -0.4641/ -0.4544/ -0.4450           -0.4450          -0.4717     0.0058  |       0.4847      0.1982
 144      0.0222        0.9907  |   -0.4867/ -0.4782/ -0.4723           -0.4723          -0.4969     0.0043  |       0.4882      0.1982
 145      0.0209        0.9995  |   -0.4992/ -0.4872/ -0.4797           -0.4797          -0.5006     0.0105  |       0.4895      0.1982
 146      0.0172        0.9934  |   -0.5097/ -0.4946/ -0.4869           -0.4869          -0.5065     0.0049  |       0.4950      0.1982
 147      0.0172        1.0000  |   -0.4999/ -0.4915/ -0.4831           -0.4831          -0.5065     0.0060  |       0.4983      0.1982
 148      0.0172        1.0000  |   -0.5041/ -0.4947/ -0.4863           -0.4863          -0.5065     0.0076  |       0.4936      0.1982
 149      0.0172        1.0000  |   -0.4992/ -0.4898/ -0.4825           -0.4825          -0.5065     0.0053  |       0.4968      0.1982
 150      0.0172        1.0000  |   -0.5079/ -0.4960/ -0.4878           -0.4878          -0.5065     0.0008  |       0.4972      0.1982
 151      0.0172        1.0000  |   -0.5044/ -0.4916/ -0.4854           -0.4854          -0.5065     0.0080  |       0.4965      0.1982
 152      0.0172        1.0000  |   -0.5028/ -0.4941/ -0.4878           -0.4878          -0.5065     0.0038  |       0.5024      0.1982
 153      0.0171        1.0000  |   -0.5073/ -0.4972/ -0.4888           -0.4888          -0.5065     0.0053  |       0.5036      0.1982
 154      0.0171        1.0000  |   -0.5054/ -0.4923/ -0.4856           -0.4856          -0.5065     0.0067  |       0.5039      0.1982
 155      0.0172        1.0000  |   -0.5026/ -0.4928/ -0.4835           -0.4835          -0.5065     0.0044  |       0.4989      0.1982
 156      0.0172        1.0000  |   -0.5043/ -0.4954/ -0.4882           -0.4882          -0.5065     0.0084  |       0.5015      0.1982
 157      0.0172        1.0000  |   -0.4998/ -0.4914/ -0.4846           -0.4846          -0.5065     0.0038  |       0.5004      0.1982
 158      0.0172        1.0000  |   -0.5054/ -0.4970/ -0.4893           -0.4893          -0.5065     0.0060  |       0.4985      0.1982
 159      0.0172        1.0000  |   -0.5035/ -0.4938/ -0.4864           -0.4864          -0.5065     0.0063  |       0.4958      0.1982
 160      0.0171        1.0000  |   -0.5001/ -0.4917/ -0.4855           -0.4855          -0.5065     0.0054  |       0.4970      0.1982
 161      0.0171        1.0000  |   -0.5039/ -0.4912/ -0.4847           -0.4847          -0.5065     0.0076  |       0.4995      0.1982
 162      0.0171        1.0000  |   -0.5055/ -0.4952/ -0.4887           -0.4887          -0.5065     0.0061  |       0.5049      0.1982
 163      0.0172        1.0000  |   -0.5118/ -0.4943/ -0.4876           -0.4876          -0.5065     0.0061  |       0.5066      0.1982
 164      0.0172        1.0000  |   -0.5041/ -0.4930/ -0.4856           -0.4856          -0.5065     0.0072  |       0.5095      0.1982
 165      0.0172        1.0000  |   -0.5036/ -0.4938/ -0.4851           -0.4851          -0.5065     0.0039  |       0.5127      0.1982
 166      0.0172        1.0000  |   -0.5073/ -0.4960/ -0.4889           -0.4889          -0.5065     0.0112  |       0.5129      0.1982
 167      0.0172        1.0000  |   -0.5046/ -0.4949/ -0.4860           -0.4860          -0.5065     0.0053  |       0.5130      0.1982
 168      0.0172        1.0000  |   -0.5009/ -0.4929/ -0.4862           -0.4862          -0.5065     0.0038  |       0.5091      0.1982
 169      0.0172        1.0000  |   -0.5016/ -0.4922/ -0.4858           -0.4858          -0.5065     0.0104  |       0.5117      0.1982
 170      0.0172        1.0000  |   -0.5024/ -0.4944/ -0.4870           -0.4870          -0.5065     0.0027  |       0.5107      0.1982
 171      0.0172        1.0000  |   -0.4976/ -0.4898/ -0.4836           -0.4836          -0.5065     0.0042  |       0.5125      0.1982
 172      0.0172        1.0000  |   -0.5028/ -0.4941/ -0.4873           -0.4873          -0.5065     0.0035  |       0.5129      0.1982
 173      0.0172        1.0000  |   -0.5035/ -0.4941/ -0.4869           -0.4869          -0.5065     0.0018  |       0.5130      0.1982
 174      0.0172        1.0000  |   -0.5038/ -0.4929/ -0.4858           -0.4858          -0.5065     0.0036  |       0.5122      0.1982
 175      0.0172        1.0000  |   -0.5105/ -0.4984/ -0.4892           -0.4892          -0.5065     0.0026  |       0.5114      0.1982
 176      0.0172        1.0000  |   -0.5025/ -0.4929/ -0.4858           -0.4858          -0.5065     0.0075  |       0.5090      0.1982
 177      0.0172        1.0000  |   -0.5083/ -0.4954/ -0.4882           -0.4882          -0.5065     0.0055  |       0.5121      0.1982
 178      0.0172        1.0000  |   -0.5061/ -0.4968/ -0.4874           -0.4874          -0.5065     0.0019  |       0.5081      0.1982
 179      0.0172        1.0000  |   -0.5019/ -0.4932/ -0.4864           -0.4864          -0.5065     0.0046  |       0.5061      0.1982
 180      0.0172        1.0000  |   -0.5004/ -0.4910/ -0.4854           -0.4854          -0.5065     0.0036  |       0.5055      0.1982
 181      0.0172        1.0000  |   -0.5012/ -0.4922/ -0.4844           -0.4844          -0.5065     0.0077  |       0.5077      0.1982
 182      0.0171        1.0000  |   -0.5028/ -0.4938/ -0.4861           -0.4861          -0.5065     0.0019  |       0.5099      0.1982
 183      0.0172        1.0000  |   -0.5078/ -0.4967/ -0.4890           -0.4890          -0.5065     0.0027  |       0.5101      0.1982
 184      0.0172        1.0000  |   -0.5040/ -0.4946/ -0.4841           -0.4841          -0.5065     0.0064  |       0.5079      0.1982
 185      0.0172        1.0000  |   -0.5005/ -0.4926/ -0.4861           -0.4861          -0.5065     0.0061  |       0.5125      0.1982
 186      0.0172        1.0000  |   -0.5040/ -0.4940/ -0.4876           -0.4876          -0.5065     0.0093  |       0.5129      0.1982
 187      0.0172        1.0000  |   -0.4998/ -0.4922/ -0.4855           -0.4855          -0.5065     0.0072  |       0.5089      0.1982
 188      0.0171        1.0000  |   -0.5034/ -0.4922/ -0.4843           -0.4843          -0.5065     0.0065  |       0.5126      0.1982
 189      0.0172        1.0000  |   -0.5045/ -0.4940/ -0.4878           -0.4878          -0.5065     0.0116  |       0.5129      0.1982
 190      0.0172        1.0000  |   -0.4992/ -0.4914/ -0.4842           -0.4842          -0.5065     0.0075  |       0.5130      0.1982
 191      0.0171        1.0000  |   -0.5043/ -0.4914/ -0.4847           -0.4847          -0.5065     0.0017  |       0.5130      0.1982
 192      0.0172        1.0000  |   -0.5020/ -0.4921/ -0.4854           -0.4854          -0.5065     0.0063  |       0.5116      0.1982
 193      0.0172        1.0000  |   -0.5034/ -0.4905/ -0.4837           -0.4837          -0.5065     0.0067  |       0.5106      0.1982
 194      0.0172        1.0000  |   -0.5016/ -0.4930/ -0.4854           -0.4854          -0.5065     0.0053  |       0.5115      0.1982
 195      0.0171        1.0000  |   -0.5151/ -0.4983/ -0.4884           -0.4884          -0.5065     0.0045  |       0.5128      0.1982
 196      0.0172        1.0000  |   -0.5027/ -0.4921/ -0.4841           -0.4841          -0.5065     0.0090  |       0.5113      0.1982
 197      0.0171        1.0000  |   -0.4991/ -0.4899/ -0.4833           -0.4833          -0.5066     0.0091  |       0.5128      0.1982
 198      0.0171        1.0000  |   -0.5113/ -0.4988/ -0.4910           -0.4910          -0.5066     0.0060  |       0.5129      0.1982
 199      0.0171        1.0000  |   -0.5085/ -0.4948/ -0.4867           -0.4867          -0.5066     0.0015  |       0.5098      0.1982
 200      0.0171        1.0000  |   -0.5061/ -0.4938/ -0.4862           -0.4862          -0.5066     0.0035  |       0.5098      0.1982
 201      0.0171        1.0000  |   -0.5078/ -0.4975/ -0.4896           -0.4896          -0.5065     0.0013  |       0.5104      0.1982
 202      0.0171        1.0000  |   -0.5031/ -0.4942/ -0.4875           -0.4875          -0.5065     0.0056  |       0.5103      0.1982
 203      0.0171        1.0000  |   -0.5053/ -0.4955/ -0.4888           -0.4888          -0.5065     0.0024  |       0.5108      0.1982
 204      0.0171        1.0000  |   -0.5021/ -0.4933/ -0.4854           -0.4854          -0.5065     0.0045  |       0.5107      0.1982
 205      0.0171        1.0000  |   -0.5058/ -0.4944/ -0.4863           -0.4863          -0.5066     0.0030  |       0.5109      0.1982
 206      0.0171        1.0000  |   -0.5032/ -0.4927/ -0.4849           -0.4849          -0.5066     0.0007  |       0.5090      0.1982
 207      0.0171        1.0000  |   -0.5030/ -0.4919/ -0.4852           -0.4852          -0.5066     0.0106  |       0.5094      0.1982
 208      0.0171        1.0000  |   -0.5010/ -0.4928/ -0.4854           -0.4854          -0.5066     0.0056  |       0.5127      0.1982
 209      0.0171        1.0000  |   -0.5016/ -0.4912/ -0.4839           -0.4839          -0.5065     0.0061  |       0.5129      0.1982
 210      0.0171        1.0000  |   -0.5038/ -0.4950/ -0.4850           -0.4850          -0.5065     0.0075  |       0.5111      0.1982
 211      0.0171        1.0000  |   -0.5028/ -0.4929/ -0.4844           -0.4844          -0.5065     0.0041  |       0.5128      0.1982
 212      0.0171        1.0000  |   -0.5159/ -0.4917/ -0.4850           -0.4850          -0.5065     0.0077  |       0.5129      0.1982
 213      0.0171        1.0000  |   -0.5009/ -0.4933/ -0.4861           -0.4861          -0.5066     0.0108  |       0.5122      0.1982
 214      0.0171        1.0000  |   -0.5039/ -0.4934/ -0.4866           -0.4866          -0.5066     0.0023  |       0.5042      0.1982
 215      0.0171        1.0000  |   -0.5014/ -0.4926/ -0.4862           -0.4862          -0.5066     0.0072  |       0.5035      0.1982
 216      0.0171        1.0000  |   -0.5030/ -0.4940/ -0.4872           -0.4872          -0.5066     0.0066  |       0.5031      0.1982
 217      0.0171        1.0000  |   -0.5037/ -0.4923/ -0.4861           -0.4861          -0.5066     0.0134  |       0.5014      0.1982
 218      0.0171        1.0000  |   -0.5046/ -0.4945/ -0.4875           -0.4875          -0.5066     0.0065  |       0.5046      0.1982
 219      0.0171        1.0000  |   -0.5032/ -0.4926/ -0.4858           -0.4858          -0.5066     0.0095  |       0.5072      0.1982
 220      0.0171        1.0000  |   -0.4992/ -0.4913/ -0.4865           -0.4865          -0.5066     0.0072  |       0.5069      0.1982
 221      0.0171        1.0000  |   -0.4996/ -0.4910/ -0.4854           -0.4854          -0.5066     0.0058  |       0.5107      0.1982
 222      0.0171        1.0000  |   -0.5049/ -0.4950/ -0.4887           -0.4887          -0.5066     0.0027  |       0.5111      0.1982
 223      0.0171        1.0000  |   -0.5025/ -0.4934/ -0.4861           -0.4861          -0.5066     0.0010  |       0.5109      0.1982
 224      0.0171        1.0000  |   -0.5068/ -0.4946/ -0.4872           -0.4872          -0.5066     0.0050  |       0.5113      0.1982
 225      0.0172        1.0000  |   -0.5034/ -0.4912/ -0.4840           -0.4840          -0.5065     0.0040  |       0.5123      0.1982
 226      0.0171        1.0000  |   -0.5129/ -0.4931/ -0.4861           -0.4861          -0.5065     0.0068  |       0.5129      0.1982
 227      0.0171        1.0000  |   -0.4973/ -0.4895/ -0.4840           -0.4840          -0.5066     0.0017  |       0.5130      0.1982
 228      0.0171        1.0000  |   -0.5018/ -0.4923/ -0.4847           -0.4847          -0.5066     0.0051  |       0.5126      0.1982
 229      0.0171        1.0000  |   -0.5019/ -0.4930/ -0.4865           -0.4865          -0.5066     0.0043  |       0.5124      0.1982
 230      0.0171        1.0000  |   -0.5009/ -0.4914/ -0.4848           -0.4848          -0.5066     0.0065  |       0.5129      0.1982
 231      0.0171        1.0000  |   -0.5082/ -0.4976/ -0.4882           -0.4882          -0.5066     0.0034  |       0.5091      0.1982
 232      0.0171        1.0000  |   -0.5037/ -0.4943/ -0.4880           -0.4880          -0.5066     0.0072  |       0.5109      0.1982
 233      0.0171        1.0000  |   -0.4988/ -0.4908/ -0.4834           -0.4834          -0.5066     0.0023  |       0.5109      0.1982
 234      0.0170        1.0000  |   -0.5062/ -0.4955/ -0.4895           -0.4895          -0.5068     0.0032  |       0.5118      0.1982
 235      0.0170        1.0000  |   -0.5004/ -0.4911/ -0.4851           -0.4851          -0.5068     0.0058  |       0.5129      0.1982
 236      0.0170        1.0000  |   -0.5056/ -0.4971/ -0.4888           -0.4888          -0.5068     0.0047  |       0.5130      0.1982
 237      0.0170        1.0000  |   -0.5036/ -0.4928/ -0.4848           -0.4848          -0.5068     0.0042  |       0.5130      0.1982
 238      0.0170        1.0000  |   -0.5085/ -0.4963/ -0.4886           -0.4886          -0.5068     0.0107  |       0.5121      0.1982
 239      0.0171        1.0000  |   -0.5157/ -0.4945/ -0.4867           -0.4867          -0.5066     0.0040  |       0.5042      0.1982
 240      0.0171        1.0000  |   -0.5003/ -0.4922/ -0.4851           -0.4851          -0.5066     0.0017  |       0.5048      0.1982
 241      0.0171        1.0000  |   -0.5005/ -0.4911/ -0.4834           -0.4834          -0.5066     0.0028  |       0.5050      0.1982
 242      0.0171        1.0000  |   -0.5156/ -0.5006/ -0.4924           -0.4924          -0.5066     0.0037  |       0.5068      0.1982
 243      0.0171        1.0000  |   -0.5073/ -0.4951/ -0.4875           -0.4875          -0.5066     0.0099  |       0.5061      0.1982
 244      0.0171        1.0000  |   -0.5048/ -0.4949/ -0.4868           -0.4868          -0.5065     0.0009  |       0.5098      0.1982
 245      0.0171        1.0000  |   -0.4979/ -0.4906/ -0.4832           -0.4832          -0.5065     0.0044  |       0.5102      0.1982
 246      0.0171        1.0000  |   -0.5032/ -0.4941/ -0.4879           -0.4879          -0.5066     0.0054  |       0.5127      0.1982
 247      0.0171        1.0000  |   -0.4977/ -0.4905/ -0.4830           -0.4830          -0.5066     0.0074  |       0.5129      0.1982
 248      0.0170        1.0000  |   -0.5027/ -0.4921/ -0.4859           -0.4859          -0.5068     0.0053  |       0.5130      0.1982
 249      0.0171        1.0000  |   -0.5060/ -0.4942/ -0.4868           -0.4868          -0.5066     0.0081  |       0.5125      0.1982
 250      0.0172        1.0000  |   -0.5086/ -0.4954/ -0.4864           -0.4864          -0.5065     0.0103  |       0.5100      0.1982
 251      0.0172        1.0000  |   -0.5065/ -0.4967/ -0.4893           -0.4893          -0.5065     0.0040  |       0.5127      0.1982
 252      0.0171        1.0000  |   -0.5033/ -0.4931/ -0.4846           -0.4846          -0.5066     0.0041  |       0.5116      0.1982
 253      0.0171        1.0000  |   -0.5039/ -0.4932/ -0.4864           -0.4864          -0.5066     0.0069  |       0.5118      0.1982
 254      0.0172        1.0000  |   -0.5040/ -0.4943/ -0.4866           -0.4866          -0.5065     0.0050  |       0.5120      0.1982
 255      0.0170        1.0000  |   -0.5030/ -0.4925/ -0.4856           -0.4856          -0.5068     0.0086  |       0.5123      0.1982
 256      0.0171        1.0000  |   -0.5034/ -0.4945/ -0.4866           -0.4866          -0.5066     0.0031  |       0.5129      0.1982
 257      0.0171        1.0000  |   -0.5013/ -0.4926/ -0.4856           -0.4856          -0.5066     0.0067  |       0.5129      0.1982
 258      0.0171        1.0000  |   -0.5029/ -0.4942/ -0.4866           -0.4866          -0.5066     0.0072  |       0.5080      0.1982
 259      0.0172        1.0000  |   -0.5020/ -0.4924/ -0.4861           -0.4861          -0.5065     0.0035  |       0.5125      0.1982
 260      0.0172        1.0000  |   -0.5077/ -0.4966/ -0.4898           -0.4898          -0.5065     0.0064  |       0.5127      0.1982
 261      0.0171        1.0000  |   -0.5045/ -0.4930/ -0.4850           -0.4850          -0.5066     0.0076  |       0.5097      0.1982
 262      0.0171        1.0000  |   -0.5014/ -0.4913/ -0.4851           -0.4851          -0.5065     0.0087  |       0.5105      0.1982
 263      0.0171        1.0000  |   -0.5038/ -0.4920/ -0.4861           -0.4861          -0.5065     0.0080  |       0.5122      0.1982
 264      0.0171        1.0000  |   -0.5023/ -0.4927/ -0.4860           -0.4860          -0.5065     0.0071  |       0.5064      0.1982
 265      0.0170        1.0000  |   -0.5008/ -0.4933/ -0.4871           -0.4871          -0.5068     0.0013  |       0.5108      0.1982
 266      0.0171        1.0000  |   -0.5027/ -0.4928/ -0.4850           -0.4850          -0.5066     0.0065  |       0.5114      0.1982
 267      0.0170        1.0000  |   -0.5025/ -0.4943/ -0.4879           -0.4879          -0.5068     0.0095  |       0.5098      0.1982
 268      0.0170        1.0000  |   -0.5024/ -0.4932/ -0.4854           -0.4854          -0.5068     0.0039  |       0.5103      0.1982
 269      0.0171        1.0000  |   -0.5118/ -0.4946/ -0.4866           -0.4866          -0.5066     0.0028  |       0.5125      0.1982
 270      0.0171        1.0000  |   -0.5065/ -0.4960/ -0.4883           -0.4883          -0.5066     0.0031  |       0.5129      0.1982
 271      0.0172        1.0000  |   -0.5067/ -0.4959/ -0.4882           -0.4882          -0.5065     0.0040  |       0.5123      0.1982
 272      0.0172        1.0000  |   -0.5107/ -0.4960/ -0.4891           -0.4891          -0.5065     0.0060  |       0.5129      0.1982
 273      0.0171        1.0000  |   -0.4990/ -0.4911/ -0.4844           -0.4844          -0.5066     0.0043  |       0.5103      0.1982
 274      0.0171        1.0000  |   -0.5042/ -0.4941/ -0.4872           -0.4872          -0.5065     0.0031  |       0.5114      0.1982
 275      0.0170        1.0000  |   -0.5050/ -0.4929/ -0.4864           -0.4864          -0.5068     0.0027  |       0.5107      0.1982
 276      0.0170        1.0000  |   -0.5043/ -0.4933/ -0.4860           -0.4860          -0.5068     0.0039  |       0.5111      0.1982
 277      0.0170        1.0000  |   -0.5017/ -0.4919/ -0.4850           -0.4850          -0.5068     0.0018  |       0.5100      0.1982
 278      0.0172        1.0000  |   -0.5030/ -0.4934/ -0.4871           -0.4871          -0.5065     0.0028  |       0.5108      0.1982
 279      0.0172        1.0000  |   -0.4997/ -0.4915/ -0.4852           -0.4852          -0.5065     0.0024  |       0.5120      0.1982
 280      0.0171        1.0000  |   -0.5031/ -0.4927/ -0.4847           -0.4847          -0.5066     0.0031  |       0.5107      0.1982
 281      0.0171        1.0000  |   -0.5043/ -0.4941/ -0.4870           -0.4870          -0.5066     0.0033  |       0.5091      0.1982
 282      0.0171        1.0000  |   -0.5029/ -0.4931/ -0.4861           -0.4861          -0.5065     0.0007  |       0.5110      0.1982
 283      0.0171        1.0000  |   -0.4975/ -0.4899/ -0.4829           -0.4829          -0.5065     0.0052  |       0.5106      0.1982
 284      0.0170        1.0000  |   -0.5001/ -0.4927/ -0.4858           -0.4858          -0.5068     0.0066  |       0.5084      0.1982
 285      0.0170        1.0000  |   -0.5053/ -0.4951/ -0.4878           -0.4878          -0.5068     0.0039  |       0.5126      0.1982
 286      0.0170        1.0000  |   -0.5005/ -0.4915/ -0.4843           -0.4843          -0.5068     0.0052  |       0.5114      0.1982
 287      0.0170        1.0000  |   -0.5047/ -0.4934/ -0.4861           -0.4861          -0.5068     0.0071  |       0.5071      0.1982
 288      0.0170        1.0000  |   -0.5000/ -0.4917/ -0.4838           -0.4838          -0.5068     0.0085  |       0.5070      0.1982
 289      0.0172        1.0000  |   -0.4984/ -0.4907/ -0.4848           -0.4848          -0.5065     0.0036  |       0.5086      0.1982
 290      0.0170        1.0000  |   -0.5052/ -0.4938/ -0.4870           -0.4870          -0.5068     0.0015  |       0.5102      0.1982
 291      0.0170        1.0000  |   -0.5075/ -0.4962/ -0.4889           -0.4889          -0.5068     0.0020  |       0.5111      0.1982
 292      0.0172        1.0000  |   -0.5021/ -0.4939/ -0.4866           -0.4866          -0.5065     0.0063  |       0.5093      0.1982
 293      0.0171        1.0000  |   -0.5051/ -0.4943/ -0.4863           -0.4863          -0.5065     0.0037  |       0.5125      0.1982
 294      0.0170        1.0000  |   -0.5063/ -0.4946/ -0.4883           -0.4883          -0.5068     0.0123  |       0.5113      0.1982
 295      0.0170        1.0000  |   -0.5049/ -0.4932/ -0.4873           -0.4873          -0.5068     0.0079  |       0.5128      0.1982
 296      0.0170        1.0000  |   -0.5021/ -0.4930/ -0.4848           -0.4848          -0.5068     0.0004  |       0.5110      0.1982
 297      0.0170        1.0000  |   -0.5040/ -0.4945/ -0.4863           -0.4863          -0.5068     0.0055  |       0.5106      0.1982
 298      0.0171        1.0000  |   -0.5071/ -0.4941/ -0.4872           -0.4872          -0.5066     0.0020  |       0.5074      0.1982
 299      0.0172        1.0000  |   -0.5095/ -0.4944/ -0.4880           -0.4880          -0.5065     0.0065  |       0.5070      0.1982
IMAGEIO FFMPEG_WRITER WARNING: input image is not divisible by macro_block_size=16, resizing from (320, 180) to (320, 192) to ensure video compatibility with most codecs and players. To prevent resizing, make your input image divisible by the macro_block_size or set the macro_block_size to 1 (risking incompatibility).

Saved 300 frames -> /home/ashwink/Documents/swms/SWM_copy/rollouts_5_per/expert-only/epoch1/epoch1_rollout1_failure.mp4
min dist(green_cube,blue_moon) over episode = 0.1577  ->  FAILURE
Full log written to /home/ashwink/Documents/swms/SWM_copy/rollouts_5_per/expert-only/epoch1/epoch1_rollout1_20260723_115725.log
Result json -> /home/ashwink/Documents/swms/SWM_copy/rollouts_5_per/expert-only/epoch1/epoch1_rollout1_result.json
