Checkpoint dir epoch: 9  Rollout: 3
Logging to /home/ashwink/Documents/swms/SWM_copy/rollouts_5_per/expert-only/epoch9/epoch9_rollout3_20260723_131045.log
Goal (fixed, steps 0-299): the green cube is touching the blue moon. the peg is touching the green cube.

Checkpoint: /home/ashwink/Documents/swms/SWM_copy/training/checkpoints_clip_full_finetuned_wider_hl/epoch_009.pt
  epoch=9  step=8580

Loading CLIP ViT-L/14 (datacomp_xl_s13b_b90k) + fine-tuned clip_state_dict ...
Parsing model identifier. Schema: None, Identifier: ViT-L-14
Loaded built-in ViT-L-14 model config.
Instantiating model architecture: CLIP
Loading full pretrained weights from: /home/ashwink/.cache/huggingface/hub/models--laion--CLIP-ViT-L-14-DataComp.XL-s13B-b90K/snapshots/84c9828e63dc9a9351d1fe637c346d4c1c4db341/open_clip_pytorch_model.bin
Final image preprocessing configuration set: {'size': (224, 224), 'mode': 'RGB', 'mean': (0.48145466, 0.4578275, 0.40821073), 'std': (0.26862954, 0.26130258, 0.27577711), 'interpolation': 'bicubic', 'resize_mode': 'shortest', 'fill_color': 0}
Model ViT-L-14 creation process complete.
Parsing tokenizer identifier. Schema: None, Identifier: ViT-L-14
Attempting to load config from built-in: ViT-L-14
Using default SimpleTokenizer.
z_star shape: torch.Size([768])

Loading action stats from /home/ashwink/full_data_5000/langtable/demos/ ...
  lo=[-0.03372681140899658, -0.03493623435497284]  hi=[0.03496786952018738, 0.03494429588317871]

Initializing LangTable env ...
Loading URDF plane.urdf
Loading URDF /home/ashwink/Documents/swms/.venv/lib/python3.10/site-packages/language_table/environments/utils/../../../language_table/environments/assets/workspace_real.urdf
Loading URDF xarm/xarm6_robot_white.urdf
Loading URDF /home/ashwink/Documents/swms/.venv/lib/python3.10/site-packages/language_table/environments/utils/../../../language_table/environments/assets/suction/cylinder_real.urdf
Loading URDF /home/ashwink/Documents/swms/.venv/lib/python3.10/site-packages/language_table/environments/utils/../../../language_table/environments/assets/blocks/red_moon.urdf
Loading URDF /home/ashwink/Documents/swms/.venv/lib/python3.10/site-packages/language_table/environments/utils/../../../language_table/environments/assets/blocks/red_cube.urdf
Loading URDF /home/ashwink/Documents/swms/.venv/lib/python3.10/site-packages/language_table/environments/utils/../../../language_table/environments/assets/blocks/red_star.urdf
Loading URDF /home/ashwink/Documents/swms/.venv/lib/python3.10/site-packages/language_table/environments/utils/../../../language_table/environments/assets/blocks/red_pentagon.urdf
Loading URDF /home/ashwink/Documents/swms/.venv/lib/python3.10/site-packages/language_table/environments/utils/../../../language_table/environments/assets/blocks/blue_moon.urdf
Loading URDF /home/ashwink/Documents/swms/.venv/lib/python3.10/site-packages/language_table/environments/utils/../../../language_table/environments/assets/blocks/blue_cube.urdf
Loading URDF /home/ashwink/Documents/swms/.venv/lib/python3.10/site-packages/language_table/environments/utils/../../../language_table/environments/assets/blocks/blue_star.urdf
Loading URDF /home/ashwink/Documents/swms/.venv/lib/python3.10/site-packages/language_table/environments/utils/../../../language_table/environments/assets/blocks/blue_pentagon.urdf
Loading URDF /home/ashwink/Documents/swms/.venv/lib/python3.10/site-packages/language_table/environments/utils/../../../language_table/environments/assets/blocks/yellow_moon.urdf
Loading URDF /home/ashwink/Documents/swms/.venv/lib/python3.10/site-packages/language_table/environments/utils/../../../language_table/environments/assets/blocks/yellow_cube.urdf
Loading URDF /home/ashwink/Documents/swms/.venv/lib/python3.10/site-packages/language_table/environments/utils/../../../language_table/environments/assets/blocks/yellow_star.urdf
Loading URDF /home/ashwink/Documents/swms/.venv/lib/python3.10/site-packages/language_table/environments/utils/../../../language_table/environments/assets/blocks/yellow_pentagon.urdf
Loading URDF /home/ashwink/Documents/swms/.venv/lib/python3.10/site-packages/language_table/environments/utils/../../../language_table/environments/assets/blocks/green_moon.urdf
Loading URDF /home/ashwink/Documents/swms/.venv/lib/python3.10/site-packages/language_table/environments/utils/../../../language_table/environments/assets/blocks/green_cube.urdf
Loading URDF /home/ashwink/Documents/swms/.venv/lib/python3.10/site-packages/language_table/environments/utils/../../../language_table/environments/assets/blocks/green_star.urdf
Loading URDF /home/ashwink/Documents/swms/.venv/lib/python3.10/site-packages/language_table/environments/utils/../../../language_table/environments/assets/blocks/green_pentagon.urdf
Loading URDF /home/ashwink/Documents/swms/.venv/lib/python3.10/site-packages/language_table/environments/utils/../../../language_table/environments/assets/blocks/purple_moon.urdf
Loading URDF /home/ashwink/Documents/swms/.venv/lib/python3.10/site-packages/language_table/environments/utils/../../../language_table/environments/assets/blocks/purple_cube.urdf
Loading URDF /home/ashwink/Documents/swms/.venv/lib/python3.10/site-packages/language_table/environments/utils/../../../language_table/environments/assets/blocks/purple_star.urdf
Loading URDF /home/ashwink/Documents/swms/.venv/lib/python3.10/site-packages/language_table/environments/utils/../../../language_table/environments/assets/blocks/purple_pentagon.urdf
Env ready.

Forced peg start: [0.42843915 0.24419614]  (green_cube=[0.40339102 0.18967466], blue_moon=[0.32039625 0.00902261])
  dist(peg,green_cube)=0.0600  dist(peg,blue_moon)=0.2588  dist(green_cube,blue_moon)=0.1988

step  cos(zt,z*)  cos(zt,zt-1)  |   cos(predK,z*) min/mean/max  cos(pred_sel,z*)   cos(zpred0,z*)  ||a_raw||  |  dist(peg,A)   dist(A,B)
-------------------------------------------------------------------------------------------------------------------------------------------------------------------------------
   0      0.1234           nan  |    0.3293/  0.7776/  0.8154            0.8154           0.6466     0.0090  |       0.0587      0.1988
   1      0.1314        0.9912  |    0.7257/  0.7998/  0.8095            0.8095           0.6291     0.0095  |       0.0673      0.1988
   2      0.1252        0.9887  |    0.6818/  0.8051/  0.8161            0.8161           0.6391     0.0021  |       0.0593      0.1988
   3      0.1209        0.9937  |    0.7475/  0.8015/  0.8125            0.8125           0.6416     0.0056  |       0.0574      0.1988
   4      0.1263        0.9920  |    0.6774/  0.8024/  0.8137            0.8137           0.6382     0.0065  |       0.0586      0.1988
   5      0.1269        0.9944  |    0.7584/  0.8021/  0.8118            0.8118           0.6359     0.0094  |       0.0630      0.1988
   6      0.1279        0.9953  |    0.7344/  0.8018/  0.8116            0.8116           0.6312     0.0047  |       0.0600      0.1988
   7      0.1253        0.9939  |    0.7398/  0.8037/  0.8137            0.8137           0.6423     0.0076  |       0.0557      0.1988
   8      0.1308        0.9952  |    0.7502/  0.8025/  0.8132            0.8132           0.6406     0.0012  |       0.0505      0.1988
   9      0.1275        0.9984  |    0.7656/  0.8059/  0.8157            0.8157           0.6394     0.0063  |       0.0492      0.1988
  10      0.1292        0.9930  |    0.7446/  0.8033/  0.8140            0.8140           0.6352     0.0043  |       0.0518      0.1988
  11      0.1314        0.9927  |    0.7718/  0.8008/  0.8111            0.8111           0.6361     0.0052  |       0.0514      0.1988
  12      0.1261        0.9952  |    0.6990/  0.8036/  0.8151            0.8151           0.6308     0.0069  |       0.0467      0.1988
  13      0.1263        0.9936  |    0.7428/  0.7947/  0.8061            0.8061           0.6201     0.0092  |       0.0505      0.1988
  14      0.1279        0.9946  |    0.7666/  0.8032/  0.8157            0.8157           0.6311     0.0075  |       0.0547      0.1988
  15      0.1271        0.9964  |    0.6327/  0.8038/  0.8154            0.8154           0.6362     0.0059  |       0.0600      0.1988
  16      0.1316        0.9972  |    0.7060/  0.7995/  0.8121            0.8121           0.6287     0.0048  |       0.0651      0.1988
  17      0.1299        0.9941  |    0.7444/  0.7983/  0.8105            0.8105           0.6179     0.0020  |       0.0699      0.1988
  18      0.1311        0.9981  |    0.7511/  0.7961/  0.8055            0.8055           0.6137     0.0040  |       0.0698      0.1988
  19      0.1324        0.9972  |    0.7207/  0.7986/  0.8109            0.8109           0.6141     0.0083  |       0.0720      0.1988
  20      0.1298        0.9961  |    0.7357/  0.7968/  0.8087            0.8087           0.6052     0.0032  |       0.0797      0.1988
  21      0.1329        0.9981  |    0.7282/  0.7988/  0.8096            0.8096           0.6172     0.0073  |       0.0808      0.1988
  22      0.1326        0.9939  |    0.7026/  0.7854/  0.7965            0.7965           0.5697     0.0039  |       0.0822      0.1988
  23      0.1339        0.9963  |    0.7589/  0.7962/  0.8087            0.8087           0.6027     0.0101  |       0.0849      0.1988
  24      0.1354        0.9947  |    0.7093/  0.7842/  0.7990            0.7990           0.5960     0.0046  |       0.0902      0.1988
  25      0.1329        0.9948  |    0.7310/  0.7788/  0.7897            0.7897           0.5566     0.0026  |       0.0944      0.1988
  26      0.1319        0.9970  |    0.7153/  0.7678/  0.7794            0.7794           0.5275     0.0046  |       0.0961      0.1988
  27      0.1294        0.9974  |    0.6558/  0.7479/  0.7599            0.7599           0.4863     0.0033  |       0.1004      0.1988
  28      0.1294        1.0000  |    0.7115/  0.7488/  0.7579            0.7579           0.4863     0.0044  |       0.1017      0.1988
  29      0.1291        1.0000  |    0.7063/  0.7468/  0.7581            0.7581           0.4841     0.0050  |       0.0978      0.1988
  30      0.1295        0.9999  |    0.7115/  0.7474/  0.7573            0.7573           0.4859     0.0045  |       0.1019      0.1988
  31      0.1294        1.0000  |    0.6918/  0.7440/  0.7570            0.7570           0.4863     0.0038  |       0.1064      0.1988
  32      0.1293        1.0000  |    0.7128/  0.7473/  0.7571            0.7571           0.4858     0.0028  |       0.1041      0.1988
  33      0.1293        1.0000  |    0.7030/  0.7467/  0.7575            0.7575           0.4858     0.0032  |       0.1029      0.1988
  34      0.1293        1.0000  |    0.7169/  0.7482/  0.7600            0.7600           0.4858     0.0029  |       0.1002      0.1988
  35      0.1293        1.0000  |    0.7144/  0.7454/  0.7552            0.7552           0.4858     0.0024  |       0.1026      0.1988
  36      0.1294        1.0000  |    0.7148/  0.7471/  0.7570            0.7570           0.4863     0.0047  |       0.1020      0.1988
  37      0.1294        1.0000  |    0.6734/  0.7473/  0.7604            0.7604           0.4861     0.0015  |       0.0982      0.1988
  38      0.1294        1.0000  |    0.6906/  0.7480/  0.7580            0.7580           0.4861     0.0020  |       0.0988      0.1988
  39      0.1294        1.0000  |    0.7115/  0.7453/  0.7568            0.7568           0.4863     0.0025  |       0.1004      0.1988
  40      0.1294        1.0000  |    0.6985/  0.7468/  0.7592            0.7592           0.4863     0.0048  |       0.0989      0.1988
  41      0.1294        1.0000  |    0.6767/  0.7451/  0.7562            0.7562           0.4863     0.0093  |       0.1029      0.1988
  42      0.1294        1.0000  |    0.7179/  0.7475/  0.7576            0.7576           0.4861     0.0055  |       0.0989      0.1988
  43      0.1294        1.0000  |    0.7126/  0.7458/  0.7563            0.7563           0.4863     0.0048  |       0.1035      0.1988
  44      0.1294        1.0000  |    0.6927/  0.7461/  0.7584            0.7584           0.4863     0.0055  |       0.1004      0.1988
  45      0.1294        1.0000  |    0.6992/  0.7476/  0.7576            0.7576           0.4863     0.0064  |       0.1050      0.1988
  46      0.1294        1.0000  |    0.7141/  0.7466/  0.7593            0.7593           0.4863     0.0015  |       0.1110      0.1988
  47      0.1294        1.0000  |    0.7147/  0.7465/  0.7575            0.7575           0.4863     0.0036  |       0.1129      0.1988
  48      0.1294        1.0000  |    0.6769/  0.7468/  0.7582            0.7582           0.4863     0.0007  |       0.1141      0.1988
  49      0.1294        1.0000  |    0.6775/  0.7460/  0.7584            0.7584           0.4863     0.0048  |       0.1143      0.1988
  50      0.1294        1.0000  |    0.7139/  0.7477/  0.7583            0.7583           0.4863     0.0028  |       0.1180      0.1988
  51      0.1294        1.0000  |    0.7184/  0.7484/  0.7582            0.7582           0.4863     0.0015  |       0.1178      0.1988
  52      0.1293        1.0000  |    0.6934/  0.7466/  0.7571            0.7571           0.4863     0.0081  |       0.1166      0.1988
  53      0.1293        1.0000  |    0.6744/  0.7481/  0.7597            0.7597           0.4863     0.0047  |       0.1160      0.1988
  54      0.1293        1.0000  |    0.7026/  0.7463/  0.7578            0.7578           0.4863     0.0046  |       0.1183      0.1988
  55      0.1293        1.0000  |    0.7231/  0.7472/  0.7580            0.7580           0.4863     0.0050  |       0.1175      0.1988
  56      0.1293        1.0000  |    0.7041/  0.7496/  0.7591            0.7591           0.4863     0.0075  |       0.1157      0.1988
  57      0.1293        1.0000  |    0.6945/  0.7487/  0.7592            0.7592           0.4863     0.0047  |       0.1194      0.1988
  58      0.1293        1.0000  |    0.6975/  0.7437/  0.7573            0.7573           0.4863     0.0052  |       0.1205      0.1988
  59      0.1293        1.0000  |    0.7043/  0.7457/  0.7557            0.7557           0.4863     0.0063  |       0.1160      0.1988
  60      0.1293        1.0000  |    0.6757/  0.7467/  0.7595            0.7595           0.4863     0.0056  |       0.1182      0.1988
  61      0.1293        1.0000  |    0.7169/  0.7463/  0.7573            0.7573           0.4863     0.0047  |       0.1195      0.1988
  62      0.1293        1.0000  |    0.6769/  0.7477/  0.7592            0.7592           0.4863     0.0053  |       0.1178      0.1988
  63      0.1294        1.0000  |    0.6935/  0.7459/  0.7574            0.7574           0.4868     0.0021  |       0.1189      0.1988
  64      0.1294        1.0000  |    0.7015/  0.7484/  0.7577            0.7577           0.4868     0.0007  |       0.1196      0.1988
  65      0.1294        1.0000  |    0.7117/  0.7450/  0.7563            0.7563           0.4868     0.0057  |       0.1197      0.1988
  66      0.1294        1.0000  |    0.6753/  0.7451/  0.7593            0.7593           0.4868     0.0016  |       0.1204      0.1988
  67      0.1294        1.0000  |    0.6881/  0.7478/  0.7578            0.7578           0.4868     0.0100  |       0.1203      0.1988
  68      0.1294        1.0000  |    0.7080/  0.7470/  0.7583            0.7583           0.4868     0.0095  |       0.1161      0.1988
  69      0.1294        1.0000  |    0.6978/  0.7444/  0.7556            0.7556           0.4888     0.0059  |       0.1206      0.1988
  70      0.1294        1.0000  |    0.6767/  0.7474/  0.7587            0.7587           0.4888     0.0011  |       0.1194      0.1988
  71      0.1294        1.0000  |    0.7030/  0.7472/  0.7589            0.7589           0.4888     0.0072  |       0.1183      0.1988
  72      0.1294        1.0000  |    0.7153/  0.7469/  0.7574            0.7574           0.4888     0.0042  |       0.1191      0.1988
  73      0.1294        1.0000  |    0.6826/  0.7470/  0.7599            0.7599           0.4888     0.0010  |       0.1175      0.1988
  74      0.1294        1.0000  |    0.6944/  0.7452/  0.7566            0.7566           0.4888     0.0051  |       0.1183      0.1988
  75      0.1294        1.0000  |    0.7097/  0.7458/  0.7587            0.7587           0.4888     0.0047  |       0.1205      0.1988
  76      0.1294        1.0000  |    0.7112/  0.7470/  0.7592            0.7592           0.4888     0.0077  |       0.1215      0.1988
  77      0.1294        1.0000  |    0.6906/  0.7460/  0.7577            0.7577           0.4888     0.0017  |       0.1198      0.1988
  78      0.1294        1.0000  |    0.7117/  0.7480/  0.7579            0.7579           0.4888     0.0031  |       0.1181      0.1988
  79      0.1294        1.0000  |    0.6714/  0.7480/  0.7594            0.7594           0.4888     0.0084  |       0.1185      0.1988
  80      0.1294        1.0000  |    0.7160/  0.7491/  0.7588            0.7588           0.4888     0.0011  |       0.1126      0.1988
  81      0.1294        1.0000  |    0.7139/  0.7477/  0.7595            0.7595           0.4888     0.0080  |       0.1114      0.1988
  82      0.1294        1.0000  |    0.6957/  0.7457/  0.7584            0.7584           0.4888     0.0072  |       0.1159      0.1988
  83      0.1294        1.0000  |    0.6759/  0.7471/  0.7581            0.7581           0.4888     0.0036  |       0.1181      0.1988
  84      0.1294        1.0000  |    0.7036/  0.7482/  0.7587            0.7587           0.4888     0.0073  |       0.1201      0.1988
  85      0.1294        1.0000  |    0.7074/  0.7472/  0.7575            0.7575           0.4888     0.0064  |       0.1199      0.1988
  86      0.1294        1.0000  |    0.7021/  0.7480/  0.7586            0.7586           0.4888     0.0042  |       0.1140      0.1988
  87      0.1294        1.0000  |    0.6956/  0.7491/  0.7594            0.7594           0.4888     0.0123  |       0.1102      0.1988
  88      0.1293        1.0000  |    0.6788/  0.7453/  0.7587            0.7587           0.4885     0.0053  |       0.1173      0.1988
  89      0.1293        1.0000  |    0.7090/  0.7463/  0.7573            0.7573           0.4885     0.0024  |       0.1135      0.1988
  90      0.1293        1.0000  |    0.6780/  0.7471/  0.7575            0.7575           0.4885     0.0018  |       0.1120      0.1988
  91      0.1293        1.0000  |    0.6946/  0.7467/  0.7573            0.7573           0.4885     0.0060  |       0.1115      0.1988
  92      0.1293        1.0000  |    0.7103/  0.7471/  0.7594            0.7594           0.4885     0.0021  |       0.1138      0.1988
  93      0.1293        1.0000  |    0.7145/  0.7475/  0.7575            0.7575           0.4885     0.0023  |       0.1144      0.1988
  94      0.1293        1.0000  |    0.6917/  0.7470/  0.7578            0.7578           0.4885     0.0061  |       0.1164      0.1988
  95      0.1293        1.0000  |    0.6991/  0.7470/  0.7583            0.7583           0.4885     0.0014  |       0.1205      0.1988
  96      0.1293        1.0000  |    0.6755/  0.7460/  0.7576            0.7576           0.4885     0.0035  |       0.1217      0.1988
  97      0.1293        1.0000  |    0.7097/  0.7458/  0.7586            0.7586           0.4885     0.0079  |       0.1229      0.1988
  98      0.1293        1.0000  |    0.6849/  0.7464/  0.7574            0.7574           0.4885     0.0052  |       0.1241      0.1988
  99      0.1293        1.0000  |    0.7048/  0.7471/  0.7584            0.7584           0.4885     0.0038  |       0.1261      0.1988
 100      0.1293        1.0000  |    0.6826/  0.7470/  0.7589            0.7589           0.4885     0.0018  |       0.1248      0.1988
 101      0.1293        1.0000  |    0.6752/  0.7466/  0.7592            0.7592           0.4885     0.0057  |       0.1243      0.1988
 102      0.1293        1.0000  |    0.6975/  0.7503/  0.7601            0.7601           0.4885     0.0039  |       0.1227      0.1988
 103      0.1293        1.0000  |    0.7065/  0.7496/  0.7590            0.7590           0.4885     0.0062  |       0.1211      0.1988
 104      0.1293        1.0000  |    0.7023/  0.7436/  0.7551            0.7551           0.4885     0.0022  |       0.1223      0.1988
 105      0.1293        1.0000  |    0.7139/  0.7470/  0.7584            0.7584           0.4885     0.0037  |       0.1226      0.1988
 106      0.1293        1.0000  |    0.7001/  0.7442/  0.7565            0.7565           0.4885     0.0063  |       0.1244      0.1988
 107      0.1293        1.0000  |    0.6741/  0.7450/  0.7572            0.7572           0.4885     0.0064  |       0.1260      0.1988
 108      0.1293        1.0000  |    0.6966/  0.7457/  0.7563            0.7563           0.4885     0.0036  |       0.1262      0.1988
 109      0.1293        1.0000  |    0.6481/  0.7464/  0.7580            0.7580           0.4885     0.0054  |       0.1263      0.1988
 110      0.1293        1.0000  |    0.6802/  0.7471/  0.7579            0.7579           0.4885     0.0059  |       0.1293      0.1988
 111      0.1293        1.0000  |    0.7130/  0.7476/  0.7589            0.7589           0.4885     0.0049  |       0.1272      0.1988
 112      0.1293        1.0000  |    0.6970/  0.7482/  0.7588            0.7588           0.4885     0.0054  |       0.1290      0.1988
 113      0.1293        1.0000  |    0.7110/  0.7458/  0.7561            0.7561           0.4885     0.0078  |       0.1312      0.1988
 114      0.1293        1.0000  |    0.7072/  0.7483/  0.7595            0.7595           0.4885     0.0059  |       0.1284      0.1988
 115      0.1293        1.0000  |    0.7087/  0.7468/  0.7566            0.7566           0.4885     0.0079  |       0.1303      0.1988
 116      0.1293        1.0000  |    0.7057/  0.7483/  0.7587            0.7587           0.4885     0.0018  |       0.1278      0.1988
 117      0.1293        1.0000  |    0.7117/  0.7469/  0.7589            0.7589           0.4885     0.0034  |       0.1270      0.1988
 118      0.1293        1.0000  |    0.6873/  0.7452/  0.7561            0.7561           0.4885     0.0024  |       0.1257      0.1988
 119      0.1293        1.0000  |    0.6758/  0.7467/  0.7577            0.7577           0.4885     0.0024  |       0.1237      0.1988
 120      0.1293        1.0000  |    0.7095/  0.7485/  0.7574            0.7574           0.4885     0.0048  |       0.1257      0.1988
 121      0.1293        1.0000  |    0.6983/  0.7447/  0.7560            0.7560           0.4885     0.0091  |       0.1221      0.1988
 122      0.1293        1.0000  |    0.7141/  0.7490/  0.7578            0.7578           0.4885     0.0023  |       0.1170      0.1988
 123      0.1293        1.0000  |    0.7018/  0.7457/  0.7580            0.7580           0.4885     0.0028  |       0.1186      0.1988
 124      0.1293        1.0000  |    0.6387/  0.7458/  0.7579            0.7579           0.4885     0.0019  |       0.1208      0.1988
 125      0.1293        1.0000  |    0.7117/  0.7467/  0.7583            0.7583           0.4885     0.0050  |       0.1192      0.1988
 126      0.1293        1.0000  |    0.7105/  0.7469/  0.7571            0.7571           0.4885     0.0027  |       0.1164      0.1988
 127      0.1293        1.0000  |    0.7071/  0.7452/  0.7580            0.7580           0.4885     0.0034  |       0.1170      0.1988
 128      0.1293        1.0000  |    0.6705/  0.7469/  0.7584            0.7584           0.4886     0.0065  |       0.1195      0.1988
 129      0.1293        1.0000  |    0.6930/  0.7495/  0.7601            0.7601           0.4886     0.0060  |       0.1236      0.1988
 130      0.1293        1.0000  |    0.7001/  0.7486/  0.7580            0.7580           0.4886     0.0036  |       0.1252      0.1988
 131      0.1293        1.0000  |    0.6531/  0.7476/  0.7589            0.7589           0.4886     0.0047  |       0.1245      0.1988
 132      0.1293        1.0000  |    0.7132/  0.7473/  0.7574            0.7574           0.4886     0.0033  |       0.1229      0.1988
 133      0.1293        1.0000  |    0.6799/  0.7456/  0.7582            0.7582           0.4886     0.0048  |       0.1230      0.1988
 134      0.1293        1.0000  |    0.7071/  0.7461/  0.7567            0.7567           0.4886     0.0024  |       0.1237      0.1988
 135      0.1293        1.0000  |    0.7070/  0.7478/  0.7580            0.7580           0.4886     0.0030  |       0.1230      0.1988
 136      0.1293        1.0000  |    0.6959/  0.7451/  0.7575            0.7575           0.4886     0.0076  |       0.1213      0.1988
 137      0.1293        1.0000  |    0.7014/  0.7486/  0.7586            0.7586           0.4886     0.0016  |       0.1244      0.1988
 138      0.1293        1.0000  |    0.6742/  0.7456/  0.7571            0.7571           0.4883     0.0021  |       0.1245      0.1988
 139      0.1293        1.0000  |    0.6912/  0.7478/  0.7583            0.7583           0.4883     0.0035  |       0.1229      0.1988
 140      0.1293        1.0000  |    0.7140/  0.7485/  0.7589            0.7589           0.4886     0.0010  |       0.1211      0.1988
 141      0.1293        1.0000  |    0.6836/  0.7488/  0.7603            0.7603           0.4886     0.0030  |       0.1207      0.1988
 142      0.1293        1.0000  |    0.6899/  0.7476/  0.7581            0.7581           0.4886     0.0049  |       0.1208      0.1988
 143      0.1293        1.0000  |    0.7060/  0.7483/  0.7584            0.7584           0.4886     0.0045  |       0.1195      0.1988
 144      0.1293        1.0000  |    0.6818/  0.7468/  0.7573            0.7573           0.4886     0.0063  |       0.1208      0.1988
 145      0.1293        1.0000  |    0.6623/  0.7441/  0.7575            0.7575           0.4886     0.0037  |       0.1199      0.1988
 146      0.1293        1.0000  |    0.6780/  0.7468/  0.7587            0.7587           0.4886     0.0073  |       0.1191      0.1988
 147      0.1293        1.0000  |    0.7062/  0.7484/  0.7591            0.7591           0.4886     0.0045  |       0.1207      0.1988
 148      0.1293        1.0000  |    0.7002/  0.7484/  0.7596            0.7596           0.4886     0.0026  |       0.1200      0.1988
 149      0.1293        1.0000  |    0.7000/  0.7478/  0.7584            0.7584           0.4886     0.0040  |       0.1183      0.1988
 150      0.1293        1.0000  |    0.7122/  0.7473/  0.7585            0.7585           0.4886     0.0045  |       0.1202      0.1988
 151      0.1293        1.0000  |    0.6773/  0.7459/  0.7569            0.7569           0.4886     0.0037  |       0.1215      0.1988
 152      0.1293        1.0000  |    0.6967/  0.7472/  0.7574            0.7574           0.4886     0.0082  |       0.1214      0.1988
 153      0.1293        1.0000  |    0.6678/  0.7454/  0.7585            0.7585           0.4883     0.0064  |       0.1211      0.1988
 154      0.1292        1.0000  |    0.6986/  0.7499/  0.7584            0.7584           0.4885     0.0059  |       0.1208      0.1988
 155      0.1293        1.0000  |    0.6753/  0.7490/  0.7589            0.7589           0.4888     0.0049  |       0.1209      0.1988
 156      0.1293        1.0000  |    0.7155/  0.7470/  0.7576            0.7576           0.4888     0.0069  |       0.1203      0.1988
 157      0.1293        1.0000  |    0.6846/  0.7472/  0.7582            0.7582           0.4888     0.0036  |       0.1156      0.1988
 158      0.1293        1.0000  |    0.7038/  0.7482/  0.7583            0.7583           0.4888     0.0036  |       0.1161      0.1988
 159      0.1293        1.0000  |    0.7108/  0.7455/  0.7573            0.7573           0.4888     0.0020  |       0.1180      0.1988
 160      0.1293        1.0000  |    0.7053/  0.7461/  0.7587            0.7587           0.4888     0.0056  |       0.1197      0.1988
 161      0.1293        1.0000  |    0.7007/  0.7440/  0.7577            0.7577           0.4888     0.0045  |       0.1221      0.1988
 162      0.1293        1.0000  |    0.6855/  0.7458/  0.7591            0.7591           0.4888     0.0024  |       0.1220      0.1988
 163      0.1293        1.0000  |    0.6817/  0.7451/  0.7570            0.7570           0.4888     0.0034  |       0.1207      0.1988
 164      0.1292        1.0000  |    0.6848/  0.7464/  0.7582            0.7582           0.4885     0.0095  |       0.1175      0.1988
 165      0.1292        1.0000  |    0.6944/  0.7482/  0.7595            0.7595           0.4885     0.0050  |       0.1178      0.1988
 166      0.1293        1.0000  |    0.6933/  0.7454/  0.7565            0.7565           0.4888     0.0107  |       0.1200      0.1988
 167      0.1293        1.0000  |    0.6832/  0.7435/  0.7548            0.7548           0.4888     0.0026  |       0.1218      0.1988
 168      0.1293        1.0000  |    0.6949/  0.7436/  0.7570            0.7570           0.4888     0.0010  |       0.1196      0.1988
 169      0.1293        1.0000  |    0.6907/  0.7447/  0.7555            0.7555           0.4888     0.0005  |       0.1202      0.1988
 170      0.1293        1.0000  |    0.7068/  0.7476/  0.7601            0.7601           0.4888     0.0026  |       0.1206      0.1988
 171      0.1293        1.0000  |    0.7003/  0.7476/  0.7584            0.7584           0.4888     0.0058  |       0.1223      0.1988
 172      0.1293        1.0000  |    0.6656/  0.7476/  0.7583            0.7583           0.4888     0.0021  |       0.1227      0.1988
 173      0.1292        1.0000  |    0.7084/  0.7481/  0.7590            0.7590           0.4885     0.0024  |       0.1221      0.1988
 174      0.1293        1.0000  |    0.7257/  0.7452/  0.7556            0.7556           0.4888     0.0087  |       0.1199      0.1988
 175      0.1293        1.0000  |    0.6997/  0.7452/  0.7572            0.7572           0.4888     0.0060  |       0.1197      0.1988
 176      0.1293        1.0000  |    0.7022/  0.7472/  0.7587            0.7587           0.4888     0.0010  |       0.1188      0.1988
 177      0.1293        1.0000  |    0.7131/  0.7463/  0.7571            0.7571           0.4888     0.0073  |       0.1180      0.1988
 178      0.1293        1.0000  |    0.7033/  0.7496/  0.7600            0.7600           0.4888     0.0049  |       0.1117      0.1988
 179      0.1292        1.0000  |    0.7123/  0.7480/  0.7596            0.7596           0.4885     0.0012  |       0.1157      0.1988
 180      0.1293        1.0000  |    0.7033/  0.7484/  0.7583            0.7583           0.4888     0.0003  |       0.1171      0.1988
 181      0.1293        1.0000  |    0.6926/  0.7448/  0.7570            0.7570           0.4888     0.0033  |       0.1174      0.1988
 182      0.1293        1.0000  |    0.7064/  0.7449/  0.7569            0.7569           0.4889     0.0049  |       0.1178      0.1988
 183      0.1293        1.0000  |    0.7006/  0.7455/  0.7573            0.7573           0.4888     0.0041  |       0.1174      0.1988
 184      0.1293        1.0000  |    0.7063/  0.7463/  0.7564            0.7564           0.4886     0.0025  |       0.1170      0.1988
 185      0.1293        1.0000  |    0.6665/  0.7468/  0.7587            0.7587           0.4889     0.0023  |       0.1153      0.1988
 186      0.1293        1.0000  |    0.7089/  0.7475/  0.7585            0.7585           0.4889     0.0032  |       0.1136      0.1988
 187      0.1293        1.0000  |    0.7043/  0.7480/  0.7587            0.7587           0.4889     0.0073  |       0.1130      0.1988
 188      0.1293        1.0000  |    0.7059/  0.7479/  0.7607            0.7607           0.4886     0.0022  |       0.1153      0.1988
 189      0.1293        1.0000  |    0.6900/  0.7470/  0.7577            0.7577           0.4889     0.0035  |       0.1153      0.1988
 190      0.1293        1.0000  |    0.7089/  0.7485/  0.7599            0.7599           0.4889     0.0046  |       0.1153      0.1988
 191      0.1293        1.0000  |    0.6778/  0.7469/  0.7590            0.7590           0.4889     0.0029  |       0.1152      0.1988
 192      0.1293        1.0000  |    0.6850/  0.7453/  0.7576            0.7576           0.4886     0.0053  |       0.1152      0.1988
 193      0.1293        1.0000  |    0.7001/  0.7463/  0.7590            0.7590           0.4889     0.0067  |       0.1151      0.1988
 194      0.1293        1.0000  |    0.7152/  0.7481/  0.7584            0.7584           0.4889     0.0044  |       0.1135      0.1988
 195      0.1293        1.0000  |    0.7079/  0.7471/  0.7594            0.7594           0.4889     0.0048  |       0.1155      0.1988
 196      0.1293        1.0000  |    0.6809/  0.7461/  0.7576            0.7576           0.4886     0.0030  |       0.1158      0.1988
 197      0.1293        1.0000  |    0.6928/  0.7449/  0.7563            0.7563           0.4889     0.0038  |       0.1159      0.1988
 198      0.1293        1.0000  |    0.6972/  0.7473/  0.7590            0.7590           0.4889     0.0031  |       0.1156      0.1988
 199      0.1293        1.0000  |    0.6579/  0.7487/  0.7593            0.7593           0.4889     0.0018  |       0.1134      0.1988
 200      0.1293        1.0000  |    0.6966/  0.7481/  0.7579            0.7579           0.4886     0.0044  |       0.1148      0.1988
 201      0.1293        1.0000  |    0.6567/  0.7473/  0.7587            0.7587           0.4889     0.0030  |       0.1155      0.1988
 202      0.1293        1.0000  |    0.7108/  0.7485/  0.7604            0.7604           0.4889     0.0050  |       0.1158      0.1988
 203      0.1293        1.0000  |    0.7040/  0.7478/  0.7577            0.7577           0.4889     0.0019  |       0.1163      0.1988
 204      0.1293        1.0000  |    0.7097/  0.7459/  0.7571            0.7571           0.4886     0.0052  |       0.1155      0.1988
 205      0.1293        1.0000  |    0.7125/  0.7472/  0.7577            0.7577           0.4889     0.0052  |       0.1160      0.1988
 206      0.1293        1.0000  |    0.7040/  0.7447/  0.7559            0.7559           0.4889     0.0051  |       0.1161      0.1988
 207      0.1293        1.0000  |    0.7040/  0.7484/  0.7602            0.7602           0.4889     0.0022  |       0.1140      0.1988
 208      0.1293        1.0000  |    0.6849/  0.7481/  0.7578            0.7578           0.4886     0.0033  |       0.1156      0.1988
 209      0.1293        1.0000  |    0.6956/  0.7464/  0.7584            0.7584           0.4889     0.0049  |       0.1131      0.1988
 210      0.1293        1.0000  |    0.7013/  0.7499/  0.7598            0.7598           0.4889     0.0006  |       0.1137      0.1988
 211      0.1293        1.0000  |    0.7081/  0.7514/  0.7600            0.7600           0.4883     0.0052  |       0.1143      0.1988
 212      0.1293        1.0000  |    0.7069/  0.7484/  0.7589            0.7589           0.4889     0.0006  |       0.1159      0.1988
 213      0.1294        1.0000  |    0.7019/  0.7484/  0.7588            0.7588           0.4887     0.0036  |       0.1161      0.1988
 214      0.1294        1.0000  |    0.7023/  0.7475/  0.7592            0.7592           0.4887     0.0016  |       0.1158      0.1988
 215      0.1293        1.0000  |    0.7190/  0.7466/  0.7560            0.7560           0.4883     0.0033  |       0.1159      0.1988
 216      0.1294        1.0000  |    0.6928/  0.7451/  0.7564            0.7564           0.4887     0.0056  |       0.1158      0.1988
 217      0.1294        1.0000  |    0.7074/  0.7482/  0.7581            0.7581           0.4887     0.0030  |       0.1156      0.1988
 218      0.1293        1.0000  |    0.7123/  0.7462/  0.7570            0.7570           0.4883     0.0062  |       0.1164      0.1988
 219      0.1294        1.0000  |    0.6872/  0.7441/  0.7550            0.7550           0.4887     0.0031  |       0.1158      0.1988
 220      0.1294        1.0000  |    0.7019/  0.7463/  0.7572            0.7572           0.4887     0.0031  |       0.1145      0.1988
 221      0.1294        1.0000  |    0.6885/  0.7444/  0.7591            0.7591           0.4887     0.0016  |       0.1123      0.1988
 222      0.1293        1.0000  |    0.6808/  0.7484/  0.7597            0.7597           0.4883     0.0068  |       0.1137      0.1988
 223      0.1294        1.0000  |    0.6782/  0.7458/  0.7575            0.7575           0.4887     0.0041  |       0.1154      0.1988
 224      0.1294        1.0000  |    0.6841/  0.7477/  0.7589            0.7589           0.4887     0.0074  |       0.1123      0.1988
 225      0.1293        1.0000  |    0.6596/  0.7456/  0.7571            0.7571           0.4883     0.0006  |       0.1156      0.1988
 226      0.1294        1.0000  |    0.7061/  0.7476/  0.7580            0.7580           0.4887     0.0077  |       0.1160      0.1988
 227      0.1294        1.0000  |    0.6825/  0.7463/  0.7568            0.7568           0.4887     0.0023  |       0.1169      0.1988
 228      0.1294        1.0000  |    0.6946/  0.7488/  0.7592            0.7592           0.4887     0.0037  |       0.1154      0.1988
 229      0.1293        1.0000  |    0.6912/  0.7446/  0.7570            0.7570           0.4883     0.0040  |       0.1169      0.1988
 230      0.1294        1.0000  |    0.6992/  0.7457/  0.7567            0.7567           0.4887     0.0018  |       0.1170      0.1988
 231      0.1295        1.0000  |    0.6978/  0.7476/  0.7585            0.7585           0.4872     0.0059  |       0.1159      0.1988
 232      0.1295        1.0000  |    0.7037/  0.7462/  0.7564            0.7564           0.4869     0.0068  |       0.1164      0.1988
 233      0.1295        1.0000  |    0.7151/  0.7485/  0.7580            0.7580           0.4869     0.0053  |       0.1104      0.1988
 234      0.1294        1.0000  |    0.7136/  0.7474/  0.7578            0.7578           0.4868     0.0028  |       0.1140      0.1988
 235      0.1294        1.0000  |    0.7027/  0.7462/  0.7575            0.7575           0.4868     0.0014  |       0.1133      0.1988
 236      0.1293        1.0000  |    0.6911/  0.7468/  0.7579            0.7579           0.4864     0.0062  |       0.1142      0.1988
 237      0.1294        1.0000  |    0.7084/  0.7466/  0.7559            0.7559           0.4868     0.0090  |       0.1153      0.1988
 238      0.1294        1.0000  |    0.7138/  0.7445/  0.7550            0.7550           0.4868     0.0047  |       0.1092      0.1988
 239      0.1293        1.0000  |    0.7068/  0.7460/  0.7574            0.7574           0.4864     0.0014  |       0.1130      0.1988
 240      0.1293        1.0000  |    0.7052/  0.7471/  0.7580            0.7580           0.4864     0.0029  |       0.1124      0.1988
 241      0.1294        1.0000  |    0.6688/  0.7456/  0.7578            0.7578           0.4868     0.0064  |       0.1116      0.1988
 242      0.1294        1.0000  |    0.6884/  0.7436/  0.7564            0.7564           0.4868     0.0055  |       0.1156      0.1988
 243      0.1293        1.0000  |    0.6893/  0.7465/  0.7588            0.7588           0.4864     0.0085  |       0.1109      0.1988
 244      0.1294        1.0000  |    0.6939/  0.7477/  0.7593            0.7593           0.4868     0.0062  |       0.1138      0.1988
 245      0.1294        1.0000  |    0.7028/  0.7482/  0.7587            0.7587           0.4868     0.0025  |       0.1172      0.1988
 246      0.1293        1.0000  |    0.6825/  0.7474/  0.7603            0.7603           0.4864     0.0039  |       0.1170      0.1988
 247      0.1294        1.0000  |    0.7002/  0.7477/  0.7586            0.7586           0.4868     0.0041  |       0.1136      0.1988
 248      0.1294        1.0000  |    0.6926/  0.7470/  0.7569            0.7569           0.4868     0.0040  |       0.1137      0.1988
 249      0.1294        1.0000  |    0.7008/  0.7468/  0.7588            0.7588           0.4868     0.0059  |       0.1107      0.1988
 250      0.1286        0.9982  |    0.7248/  0.7560/  0.7652            0.7652           0.4659     0.0053  |       0.1136      0.1988
 251      0.1286        1.0000  |    0.7177/  0.7548/  0.7648            0.7648           0.4663     0.0033  |       0.1090      0.1988
 252      0.1286        1.0000  |    0.7159/  0.7539/  0.7647            0.7647           0.4663     0.0009  |       0.1056      0.1988
 253      0.1286        1.0000  |    0.7085/  0.7532/  0.7647            0.7647           0.4659     0.0018  |       0.1061      0.1988
 254      0.1286        1.0000  |    0.7163/  0.7532/  0.7646            0.7646           0.4663     0.0041  |       0.1061      0.1988
 255      0.1286        1.0000  |    0.7071/  0.7537/  0.7638            0.7638           0.4663     0.0063  |       0.1084      0.1988
 256      0.1286        1.0000  |    0.7115/  0.7542/  0.7642            0.7642           0.4663     0.0054  |       0.1055      0.1988
 257      0.1286        1.0000  |    0.6885/  0.7519/  0.7634            0.7634           0.4659     0.0076  |       0.1101      0.1988
 258      0.1286        1.0000  |    0.7201/  0.7497/  0.7611            0.7611           0.4663     0.0041  |       0.1147      0.1988
 259      0.1286        1.0000  |    0.7190/  0.7533/  0.7647            0.7647           0.4663     0.0035  |       0.1120      0.1988
 260      0.1286        1.0000  |    0.6955/  0.7493/  0.7604            0.7604           0.4659     0.0009  |       0.1135      0.1988
 261      0.1286        1.0000  |    0.6901/  0.7528/  0.7647            0.7647           0.4663     0.0050  |       0.1141      0.1988
 262      0.1286        1.0000  |    0.7119/  0.7539/  0.7647            0.7647           0.4663     0.0033  |       0.1186      0.1988
 263      0.1286        1.0000  |    0.6598/  0.7516/  0.7627            0.7627           0.4659     0.0020  |       0.1176      0.1988
 264      0.1286        1.0000  |    0.7175/  0.7561/  0.7653            0.7653           0.4659     0.0110  |       0.1165      0.1988
 265      0.1286        1.0000  |    0.6939/  0.7536/  0.7649            0.7649           0.4663     0.0010  |       0.1188      0.1988
 266      0.1286        1.0000  |    0.7096/  0.7541/  0.7639            0.7639           0.4663     0.0036  |       0.1190      0.1988
 267      0.1286        1.0000  |    0.7064/  0.7525/  0.7641            0.7641           0.4659     0.0053  |       0.1200      0.1988
 268      0.1286        1.0000  |    0.7146/  0.7535/  0.7651            0.7651           0.4663     0.0028  |       0.1216      0.1988
 269      0.1286        1.0000  |    0.6882/  0.7555/  0.7644            0.7644           0.4662     0.0040  |       0.1209      0.1988
 270      0.1286        1.0000  |    0.7146/  0.7546/  0.7640            0.7640           0.4658     0.0069  |       0.1206      0.1988
 271      0.1286        1.0000  |    0.6976/  0.7529/  0.7638            0.7638           0.4658     0.0011  |       0.1203      0.1988
 272      0.1286        1.0000  |    0.6996/  0.7512/  0.7620            0.7620           0.4662     0.0069  |       0.1206      0.1988
 273      0.1286        1.0000  |    0.7038/  0.7541/  0.7646            0.7646           0.4662     0.0085  |       0.1197      0.1988
 274      0.1286        1.0000  |    0.7199/  0.7517/  0.7632            0.7632           0.4658     0.0010  |       0.1209      0.1988
 275      0.1286        1.0000  |    0.6841/  0.7526/  0.7636            0.7636           0.4662     0.0034  |       0.1210      0.1988
 276      0.1286        1.0000  |    0.7214/  0.7531/  0.7647            0.7647           0.4662     0.0060  |       0.1207      0.1988
 277      0.1286        1.0000  |    0.6934/  0.7539/  0.7653            0.7653           0.4658     0.0008  |       0.1224      0.1988
 278      0.1286        1.0000  |    0.7168/  0.7537/  0.7658            0.7658           0.4658     0.0041  |       0.1221      0.1988
 279      0.1286        1.0000  |    0.7153/  0.7518/  0.7622            0.7622           0.4662     0.0028  |       0.1222      0.1988
 280      0.1286        1.0000  |    0.7220/  0.7539/  0.7645            0.7645           0.4662     0.0052  |       0.1207      0.1988
 281      0.1286        1.0000  |    0.7144/  0.7531/  0.7644            0.7644           0.4658     0.0027  |       0.1226      0.1988
 282      0.1286        1.0000  |    0.7105/  0.7530/  0.7632            0.7632           0.4662     0.0026  |       0.1223      0.1988
 283      0.1286        1.0000  |    0.7160/  0.7513/  0.7635            0.7635           0.4662     0.0085  |       0.1202      0.1988
 284      0.1286        1.0000  |    0.6959/  0.7531/  0.7617            0.7617           0.4658     0.0070  |       0.1238      0.1988
 285      0.1286        1.0000  |    0.6924/  0.7525/  0.7641            0.7641           0.4662     0.0014  |       0.1179      0.1988
 286      0.1286        1.0000  |    0.6992/  0.7525/  0.7629            0.7629           0.4662     0.0012  |       0.1162      0.1988
 287      0.1286        1.0000  |    0.6768/  0.7529/  0.7643            0.7643           0.4658     0.0060  |       0.1167      0.1988
 288      0.1286        1.0000  |    0.7154/  0.7545/  0.7647            0.7647           0.4658     0.0037  |       0.1159      0.1988
 289      0.1286        1.0000  |    0.6699/  0.7533/  0.7667            0.7667           0.4662     0.0048  |       0.1125      0.1988
 290      0.1286        1.0000  |    0.7139/  0.7554/  0.7650            0.7650           0.4662     0.0045  |       0.1124      0.1988
 291      0.1286        1.0000  |    0.7095/  0.7534/  0.7633            0.7633           0.4658     0.0014  |       0.1141      0.1988
 292      0.1286        1.0000  |    0.7020/  0.7532/  0.7624            0.7624           0.4662     0.0026  |       0.1141      0.1988
 293      0.1286        1.0000  |    0.7187/  0.7494/  0.7610            0.7610           0.4662     0.0041  |       0.1126      0.1988
 294      0.1286        1.0000  |    0.6949/  0.7545/  0.7654            0.7654           0.4658     0.0089  |       0.1149      0.1988
 295      0.1286        1.0000  |    0.6968/  0.7528/  0.7646            0.7646           0.4658     0.0019  |       0.1213      0.1988
 296      0.1286        1.0000  |    0.6501/  0.7535/  0.7649            0.7649           0.4662     0.0028  |       0.1202      0.1988
 297      0.1286        1.0000  |    0.6518/  0.7545/  0.7659            0.7659           0.4662     0.0011  |       0.1226      0.1988
 298      0.1286        1.0000  |    0.6901/  0.7549/  0.7648            0.7648           0.4658     0.0026  |       0.1223      0.1988
 299      0.1286        1.0000  |    0.7123/  0.7553/  0.7652            0.7652           0.4662     0.0075  |       0.1206      0.1988
IMAGEIO FFMPEG_WRITER WARNING: input image is not divisible by macro_block_size=16, resizing from (320, 180) to (320, 192) to ensure video compatibility with most codecs and players. To prevent resizing, make your input image divisible by the macro_block_size or set the macro_block_size to 1 (risking incompatibility).

Saved 300 frames -> /home/ashwink/Documents/swms/SWM_copy/rollouts_5_per/expert-only/epoch9/epoch9_rollout3_failure.mp4
min dist(green_cube,blue_moon) over episode = 0.1988  ->  FAILURE
Full log written to /home/ashwink/Documents/swms/SWM_copy/rollouts_5_per/expert-only/epoch9/epoch9_rollout3_20260723_131045.log
Result json -> /home/ashwink/Documents/swms/SWM_copy/rollouts_5_per/expert-only/epoch9/epoch9_rollout3_result.json
