Checkpoint dir epoch: 9  Rollout: 0
Logging to /home/ashwink/Documents/swms/SWM_copy/rollouts_5_per/expert-only/epoch9/epoch9_rollout0_20260723_130544.log
Goal (fixed, steps 0-299): the green cube is touching the blue moon. the peg is touching the green cube.

Checkpoint: /home/ashwink/Documents/swms/SWM_copy/training/checkpoints_clip_full_finetuned_wider_hl/epoch_009.pt
  epoch=9  step=8580

Loading CLIP ViT-L/14 (datacomp_xl_s13b_b90k) + fine-tuned clip_state_dict ...
Parsing model identifier. Schema: None, Identifier: ViT-L-14
Loaded built-in ViT-L-14 model config.
Instantiating model architecture: CLIP
Loading full pretrained weights from: /home/ashwink/.cache/huggingface/hub/models--laion--CLIP-ViT-L-14-DataComp.XL-s13B-b90K/snapshots/84c9828e63dc9a9351d1fe637c346d4c1c4db341/open_clip_pytorch_model.bin
Final image preprocessing configuration set: {'size': (224, 224), 'mode': 'RGB', 'mean': (0.48145466, 0.4578275, 0.40821073), 'std': (0.26862954, 0.26130258, 0.27577711), 'interpolation': 'bicubic', 'resize_mode': 'shortest', 'fill_color': 0}
Model ViT-L-14 creation process complete.
Parsing tokenizer identifier. Schema: None, Identifier: ViT-L-14
Attempting to load config from built-in: ViT-L-14
Using default SimpleTokenizer.
z_star shape: torch.Size([768])

Loading action stats from /home/ashwink/full_data_5000/langtable/demos/ ...
  lo=[-0.03372681140899658, -0.03493623435497284]  hi=[0.03496786952018738, 0.03494429588317871]

Initializing LangTable env ...
Loading URDF plane.urdf
Loading URDF /home/ashwink/Documents/swms/.venv/lib/python3.10/site-packages/language_table/environments/utils/../../../language_table/environments/assets/workspace_real.urdf
Loading URDF xarm/xarm6_robot_white.urdf
Loading URDF /home/ashwink/Documents/swms/.venv/lib/python3.10/site-packages/language_table/environments/utils/../../../language_table/environments/assets/suction/cylinder_real.urdf
Loading URDF /home/ashwink/Documents/swms/.venv/lib/python3.10/site-packages/language_table/environments/utils/../../../language_table/environments/assets/blocks/red_moon.urdf
Loading URDF /home/ashwink/Documents/swms/.venv/lib/python3.10/site-packages/language_table/environments/utils/../../../language_table/environments/assets/blocks/red_cube.urdf
Loading URDF /home/ashwink/Documents/swms/.venv/lib/python3.10/site-packages/language_table/environments/utils/../../../language_table/environments/assets/blocks/red_star.urdf
Loading URDF /home/ashwink/Documents/swms/.venv/lib/python3.10/site-packages/language_table/environments/utils/../../../language_table/environments/assets/blocks/red_pentagon.urdf
Loading URDF /home/ashwink/Documents/swms/.venv/lib/python3.10/site-packages/language_table/environments/utils/../../../language_table/environments/assets/blocks/blue_moon.urdf
Loading URDF /home/ashwink/Documents/swms/.venv/lib/python3.10/site-packages/language_table/environments/utils/../../../language_table/environments/assets/blocks/blue_cube.urdf
Loading URDF /home/ashwink/Documents/swms/.venv/lib/python3.10/site-packages/language_table/environments/utils/../../../language_table/environments/assets/blocks/blue_star.urdf
Loading URDF /home/ashwink/Documents/swms/.venv/lib/python3.10/site-packages/language_table/environments/utils/../../../language_table/environments/assets/blocks/blue_pentagon.urdf
Loading URDF /home/ashwink/Documents/swms/.venv/lib/python3.10/site-packages/language_table/environments/utils/../../../language_table/environments/assets/blocks/yellow_moon.urdf
Loading URDF /home/ashwink/Documents/swms/.venv/lib/python3.10/site-packages/language_table/environments/utils/../../../language_table/environments/assets/blocks/yellow_cube.urdf
Loading URDF /home/ashwink/Documents/swms/.venv/lib/python3.10/site-packages/language_table/environments/utils/../../../language_table/environments/assets/blocks/yellow_star.urdf
Loading URDF /home/ashwink/Documents/swms/.venv/lib/python3.10/site-packages/language_table/environments/utils/../../../language_table/environments/assets/blocks/yellow_pentagon.urdf
Loading URDF /home/ashwink/Documents/swms/.venv/lib/python3.10/site-packages/language_table/environments/utils/../../../language_table/environments/assets/blocks/green_moon.urdf
Loading URDF /home/ashwink/Documents/swms/.venv/lib/python3.10/site-packages/language_table/environments/utils/../../../language_table/environments/assets/blocks/green_cube.urdf
Loading URDF /home/ashwink/Documents/swms/.venv/lib/python3.10/site-packages/language_table/environments/utils/../../../language_table/environments/assets/blocks/green_star.urdf
Loading URDF /home/ashwink/Documents/swms/.venv/lib/python3.10/site-packages/language_table/environments/utils/../../../language_table/environments/assets/blocks/green_pentagon.urdf
Loading URDF /home/ashwink/Documents/swms/.venv/lib/python3.10/site-packages/language_table/environments/utils/../../../language_table/environments/assets/blocks/purple_moon.urdf
Loading URDF /home/ashwink/Documents/swms/.venv/lib/python3.10/site-packages/language_table/environments/utils/../../../language_table/environments/assets/blocks/purple_cube.urdf
Loading URDF /home/ashwink/Documents/swms/.venv/lib/python3.10/site-packages/language_table/environments/utils/../../../language_table/environments/assets/blocks/purple_star.urdf
Loading URDF /home/ashwink/Documents/swms/.venv/lib/python3.10/site-packages/language_table/environments/utils/../../../language_table/environments/assets/blocks/purple_pentagon.urdf
Env ready.

Forced peg start: [0.42843915 0.24419614]  (green_cube=[0.40339102 0.18967466], blue_moon=[0.32039625 0.00902261])
  dist(peg,green_cube)=0.0600  dist(peg,blue_moon)=0.2588  dist(green_cube,blue_moon)=0.1988

step  cos(zt,z*)  cos(zt,zt-1)  |   cos(predK,z*) min/mean/max  cos(pred_sel,z*)   cos(zpred0,z*)  ||a_raw||  |  dist(peg,A)   dist(A,B)
-------------------------------------------------------------------------------------------------------------------------------------------------------------------------------
   0      0.1234           nan  |    0.5380/  0.7899/  0.8160            0.8160           0.6466     0.0068  |       0.0587      0.1988
   1      0.1275        0.9972  |    0.7337/  0.8058/  0.8156            0.8156           0.6377     0.0094  |       0.0596      0.1988
   2      0.1283        0.9908  |    0.7347/  0.8016/  0.8110            0.8110           0.6363     0.0116  |       0.0676      0.1988
   3      0.1272        0.9895  |    0.7215/  0.8024/  0.8125            0.8125           0.6416     0.0043  |       0.0582      0.1988
   4      0.1279        0.9978  |    0.7534/  0.8045/  0.8164            0.8164           0.6388     0.0098  |       0.0609      0.1988
   5      0.1281        0.9939  |    0.7393/  0.8016/  0.8116            0.8116           0.6378     0.0021  |       0.0649      0.1988
   6      0.1262        0.9990  |    0.7286/  0.8005/  0.8108            0.8108           0.6365     0.0034  |       0.0658      0.1988
   7      0.1296        0.9973  |    0.7056/  0.8007/  0.8101            0.8101           0.6354     0.0102  |       0.0643      0.1988
   8      0.1287        0.9921  |    0.7659/  0.8010/  0.8127            0.8127           0.6352     0.0078  |       0.0618      0.1988
   9      0.1309        0.9907  |    0.7560/  0.8025/  0.8126            0.8126           0.6440     0.0017  |       0.0615      0.1988
  10      0.1304        0.9987  |    0.7203/  0.8029/  0.8140            0.8140           0.6442     0.0026  |       0.0628      0.1988
  11      0.1285        0.9976  |    0.7095/  0.7989/  0.8094            0.8094           0.6378     0.0127  |       0.0608      0.1988
  12      0.1303        0.9894  |    0.7337/  0.7990/  0.8096            0.8096           0.6358     0.0057  |       0.0540      0.1988
  13      0.1273        0.9946  |    0.7378/  0.8015/  0.8111            0.8111           0.6253     0.0072  |       0.0516      0.1988
  14      0.1273        0.9966  |    0.7120/  0.8011/  0.8130            0.8130           0.6305     0.0068  |       0.0566      0.1988
  15      0.1255        0.9956  |    0.7478/  0.8011/  0.8118            0.8118           0.6217     0.0040  |       0.0566      0.1988
  16      0.1307        0.9955  |    0.7432/  0.8024/  0.8150            0.8150           0.6290     0.0071  |       0.0595      0.1988
  17      0.1287        0.9974  |    0.7085/  0.8052/  0.8160            0.8160           0.6346     0.0068  |       0.0585      0.1988
  18      0.1299        0.9948  |    0.7143/  0.8024/  0.8140            0.8140           0.6279     0.0101  |       0.0620      0.1988
  19      0.1284        0.9958  |    0.7592/  0.8048/  0.8140            0.8140           0.6313     0.0088  |       0.0630      0.1988
  20      0.1257        0.9960  |    0.7562/  0.8018/  0.8108            0.8108           0.6303     0.0051  |       0.0568      0.1988
  21      0.1290        0.9976  |    0.7197/  0.8026/  0.8144            0.8144           0.6359     0.0041  |       0.0609      0.1988
  22      0.1297        0.9970  |    0.7517/  0.8012/  0.8111            0.8111           0.6279     0.0040  |       0.0645      0.1988
  23      0.1310        0.9980  |    0.7499/  0.8008/  0.8104            0.8104           0.6197     0.0007  |       0.0676      0.1988
  24      0.1310        0.9997  |    0.7626/  0.8013/  0.8121            0.8121           0.6199     0.0025  |       0.0675      0.1988
  25      0.1323        0.9973  |    0.7476/  0.7975/  0.8076            0.8076           0.6146     0.0078  |       0.0687      0.1988
  26      0.1336        0.9970  |    0.7295/  0.7974/  0.8080            0.8080           0.6166     0.0050  |       0.0720      0.1988
  27      0.1312        0.9971  |    0.7664/  0.7993/  0.8090            0.8090           0.6124     0.0036  |       0.0695      0.1988
  28      0.1326        0.9977  |    0.6860/  0.7983/  0.8099            0.8099           0.6187     0.0045  |       0.0671      0.1988
  29      0.1293        0.9965  |    0.7547/  0.8054/  0.8152            0.8152           0.6181     0.0020  |       0.0632      0.1988
  30      0.1334        0.9991  |    0.7258/  0.8025/  0.8140            0.8140           0.6219     0.0070  |       0.0647      0.1988
  31      0.1305        0.9957  |    0.7362/  0.7982/  0.8092            0.8092           0.6188     0.0025  |       0.0710      0.1988
  32      0.1281        0.9967  |    0.7421/  0.7964/  0.8090            0.8090           0.6110     0.0021  |       0.0735      0.1988
  33      0.1299        0.9981  |    0.7484/  0.8022/  0.8125            0.8125           0.6165     0.0116  |       0.0744      0.1988
  34      0.1319        0.9965  |    0.7328/  0.7931/  0.8036            0.8036           0.6085     0.0040  |       0.0845      0.1988
  35      0.1325        0.9976  |    0.7428/  0.7840/  0.7966            0.7966           0.5942     0.0029  |       0.0886      0.1988
  36      0.1329        0.9974  |    0.7554/  0.7929/  0.8042            0.8042           0.6068     0.0056  |       0.0869      0.1988
  37      0.1324        0.9965  |    0.6919/  0.7889/  0.8001            0.8001           0.5886     0.0038  |       0.0899      0.1988
  38      0.1319        0.9957  |    0.7156/  0.7774/  0.7891            0.7891           0.5569     0.0042  |       0.0921      0.1988
  39      0.1325        0.9997  |    0.7135/  0.7817/  0.7942            0.7942           0.5701     0.0091  |       0.0925      0.1988
  40      0.1274        0.9862  |    0.7142/  0.7518/  0.7633            0.7633           0.4922     0.0063  |       0.0999      0.1988
  41      0.1328        0.9927  |    0.7046/  0.7758/  0.7861            0.7861           0.5575     0.0030  |       0.0952      0.1988
  42      0.1330        0.9958  |    0.7295/  0.7875/  0.7989            0.7989           0.5758     0.0079  |       0.0924      0.1988
  43      0.1274        0.9866  |    0.7142/  0.7544/  0.7653            0.7653           0.4922     0.0030  |       0.0989      0.1988
  44      0.1294        0.9992  |    0.7016/  0.7462/  0.7576            0.7576           0.4861     0.0053  |       0.1017      0.1988
  45      0.1274        0.9992  |    0.7183/  0.7566/  0.7666            0.7666           0.4922     0.0021  |       0.0997      0.1988
  46      0.1294        0.9992  |    0.6928/  0.7471/  0.7574            0.7574           0.4861     0.0050  |       0.1006      0.1988
  47      0.1329        0.9958  |    0.7024/  0.7689/  0.7813            0.7813           0.5469     0.0071  |       0.0960      0.1988
  48      0.1294        0.9958  |    0.6752/  0.7471/  0.7585            0.7585           0.4861     0.0017  |       0.1012      0.1988
  49      0.1294        1.0000  |    0.7175/  0.7486/  0.7593            0.7593           0.4863     0.0079  |       0.1031      0.1988
  50      0.1294        1.0000  |    0.7054/  0.7462/  0.7575            0.7575           0.4863     0.0066  |       0.1089      0.1988
  51      0.1294        1.0000  |    0.7187/  0.7460/  0.7581            0.7581           0.4863     0.0045  |       0.1101      0.1988
  52      0.1293        1.0000  |    0.7047/  0.7466/  0.7578            0.7578           0.4863     0.0020  |       0.1097      0.1988
  53      0.1293        1.0000  |    0.7079/  0.7483/  0.7589            0.7589           0.4863     0.0040  |       0.1093      0.1988
  54      0.1293        1.0000  |    0.7161/  0.7481/  0.7590            0.7590           0.4863     0.0026  |       0.1128      0.1988
  55      0.1293        1.0000  |    0.7118/  0.7479/  0.7585            0.7585           0.4863     0.0036  |       0.1148      0.1988
  56      0.1293        1.0000  |    0.6912/  0.7470/  0.7588            0.7588           0.4863     0.0045  |       0.1170      0.1988
  57      0.1293        1.0000  |    0.6947/  0.7460/  0.7580            0.7580           0.4863     0.0081  |       0.1198      0.1988
  58      0.1293        1.0000  |    0.7060/  0.7459/  0.7563            0.7563           0.4863     0.0058  |       0.1271      0.1988
  59      0.1293        1.0000  |    0.7052/  0.7468/  0.7575            0.7575           0.4863     0.0050  |       0.1246      0.1988
  60      0.1293        1.0000  |    0.6935/  0.7466/  0.7568            0.7568           0.4863     0.0028  |       0.1282      0.1988
  61      0.1293        1.0000  |    0.7013/  0.7466/  0.7580            0.7580           0.4863     0.0046  |       0.1278      0.1988
  62      0.1293        1.0000  |    0.6996/  0.7470/  0.7576            0.7576           0.4863     0.0029  |       0.1281      0.1988
  63      0.1294        1.0000  |    0.6890/  0.7475/  0.7602            0.7602           0.4868     0.0058  |       0.1263      0.1988
  64      0.1294        1.0000  |    0.7111/  0.7447/  0.7561            0.7561           0.4868     0.0040  |       0.1312      0.1988
  65      0.1294        1.0000  |    0.7194/  0.7482/  0.7592            0.7592           0.4868     0.0088  |       0.1282      0.1988
  66      0.1294        1.0000  |    0.6998/  0.7472/  0.7581            0.7581           0.4868     0.0042  |       0.1281      0.1988
  67      0.1294        1.0000  |    0.6797/  0.7473/  0.7588            0.7588           0.4868     0.0060  |       0.1292      0.1988
  68      0.1294        1.0000  |    0.7124/  0.7459/  0.7579            0.7579           0.4868     0.0073  |       0.1284      0.1988
  69      0.1294        1.0000  |    0.7220/  0.7448/  0.7536            0.7536           0.4888     0.0023  |       0.1259      0.1988
  70      0.1294        1.0000  |    0.6868/  0.7468/  0.7584            0.7584           0.4888     0.0041  |       0.1252      0.1988
  71      0.1294        1.0000  |    0.6918/  0.7466/  0.7594            0.7594           0.4888     0.0023  |       0.1248      0.1988
  72      0.1294        1.0000  |    0.7134/  0.7474/  0.7582            0.7582           0.4888     0.0059  |       0.1243      0.1988
  73      0.1294        1.0000  |    0.7092/  0.7487/  0.7594            0.7594           0.4888     0.0039  |       0.1245      0.1988
  74      0.1294        1.0000  |    0.6734/  0.7461/  0.7562            0.7562           0.4888     0.0032  |       0.1241      0.1988
  75      0.1294        1.0000  |    0.7108/  0.7460/  0.7589            0.7589           0.4888     0.0035  |       0.1221      0.1988
  76      0.1294        1.0000  |    0.7035/  0.7489/  0.7600            0.7600           0.4888     0.0062  |       0.1241      0.1988
  77      0.1294        1.0000  |    0.6858/  0.7482/  0.7585            0.7585           0.4888     0.0076  |       0.1256      0.1988
  78      0.1294        1.0000  |    0.7147/  0.7460/  0.7576            0.7576           0.4888     0.0083  |       0.1276      0.1988
  79      0.1294        1.0000  |    0.7033/  0.7468/  0.7573            0.7573           0.4888     0.0025  |       0.1254      0.1988
  80      0.1294        1.0000  |    0.7034/  0.7461/  0.7587            0.7587           0.4888     0.0029  |       0.1261      0.1988
  81      0.1294        1.0000  |    0.6966/  0.7442/  0.7577            0.7577           0.4888     0.0031  |       0.1272      0.1988
  82      0.1294        1.0000  |    0.6628/  0.7465/  0.7575            0.7575           0.4888     0.0041  |       0.1249      0.1988
  83      0.1294        1.0000  |    0.7117/  0.7477/  0.7580            0.7580           0.4888     0.0083  |       0.1262      0.1988
  84      0.1294        1.0000  |    0.7144/  0.7439/  0.7566            0.7566           0.4888     0.0015  |       0.1267      0.1988
  85      0.1294        1.0000  |    0.7068/  0.7457/  0.7557            0.7557           0.4888     0.0032  |       0.1255      0.1988
  86      0.1294        1.0000  |    0.6821/  0.7457/  0.7580            0.7580           0.4888     0.0037  |       0.1245      0.1988
  87      0.1294        1.0000  |    0.6941/  0.7465/  0.7580            0.7580           0.4888     0.0036  |       0.1263      0.1988
  88      0.1293        1.0000  |    0.6934/  0.7467/  0.7585            0.7585           0.4885     0.0056  |       0.1277      0.1988
  89      0.1293        1.0000  |    0.7089/  0.7478/  0.7592            0.7592           0.4885     0.0019  |       0.1294      0.1988
  90      0.1293        1.0000  |    0.6978/  0.7483/  0.7581            0.7581           0.4885     0.0051  |       0.1293      0.1988
  91      0.1293        1.0000  |    0.6837/  0.7480/  0.7584            0.7584           0.4885     0.0063  |       0.1288      0.1988
  92      0.1293        1.0000  |    0.6759/  0.7459/  0.7577            0.7577           0.4885     0.0037  |       0.1253      0.1988
  93      0.1293        1.0000  |    0.6770/  0.7487/  0.7592            0.7592           0.4885     0.0050  |       0.1219      0.1988
  94      0.1293        1.0000  |    0.7106/  0.7487/  0.7593            0.7593           0.4885     0.0086  |       0.1250      0.1988
  95      0.1293        1.0000  |    0.6608/  0.7475/  0.7591            0.7591           0.4885     0.0013  |       0.1269      0.1988
  96      0.1293        1.0000  |    0.6912/  0.7460/  0.7566            0.7566           0.4885     0.0037  |       0.1268      0.1988
  97      0.1293        1.0000  |    0.6952/  0.7464/  0.7578            0.7578           0.4885     0.0012  |       0.1238      0.1988
  98      0.1293        1.0000  |    0.6919/  0.7443/  0.7565            0.7565           0.4885     0.0038  |       0.1245      0.1988
  99      0.1293        1.0000  |    0.7125/  0.7487/  0.7579            0.7579           0.4885     0.0014  |       0.1217      0.1988
 100      0.1293        1.0000  |    0.7124/  0.7474/  0.7589            0.7589           0.4885     0.0049  |       0.1222      0.1988
 101      0.1293        1.0000  |    0.7160/  0.7489/  0.7583            0.7583           0.4885     0.0107  |       0.1183      0.1988
 102      0.1293        1.0000  |    0.6907/  0.7478/  0.7596            0.7596           0.4885     0.0074  |       0.1201      0.1988
 103      0.1293        1.0000  |    0.6526/  0.7447/  0.7579            0.7579           0.4885     0.0072  |       0.1244      0.1988
 104      0.1293        1.0000  |    0.7068/  0.7484/  0.7575            0.7575           0.4885     0.0035  |       0.1218      0.1988
 105      0.1293        1.0000  |    0.7117/  0.7460/  0.7579            0.7579           0.4885     0.0024  |       0.1218      0.1988
 106      0.1293        1.0000  |    0.7025/  0.7449/  0.7563            0.7563           0.4885     0.0062  |       0.1217      0.1988
 107      0.1293        1.0000  |    0.7122/  0.7453/  0.7581            0.7581           0.4885     0.0104  |       0.1222      0.1988
 108      0.1293        1.0000  |    0.7102/  0.7474/  0.7575            0.7575           0.4885     0.0076  |       0.1224      0.1988
 109      0.1293        1.0000  |    0.7005/  0.7481/  0.7591            0.7591           0.4885     0.0026  |       0.1157      0.1988
 110      0.1293        1.0000  |    0.7255/  0.7477/  0.7569            0.7569           0.4885     0.0069  |       0.1142      0.1988
 111      0.1293        1.0000  |    0.7049/  0.7473/  0.7579            0.7579           0.4885     0.0018  |       0.1167      0.1988
 112      0.1293        1.0000  |    0.6962/  0.7471/  0.7590            0.7590           0.4885     0.0040  |       0.1184      0.1988
 113      0.1293        1.0000  |    0.7022/  0.7477/  0.7582            0.7582           0.4885     0.0074  |       0.1210      0.1988
 114      0.1293        1.0000  |    0.6686/  0.7439/  0.7564            0.7564           0.4885     0.0113  |       0.1198      0.1988
 115      0.1293        1.0000  |    0.7155/  0.7481/  0.7587            0.7587           0.4885     0.0038  |       0.1176      0.1988
 116      0.1293        1.0000  |    0.7052/  0.7484/  0.7595            0.7595           0.4885     0.0026  |       0.1183      0.1988
 117      0.1293        1.0000  |    0.7067/  0.7474/  0.7589            0.7589           0.4885     0.0059  |       0.1180      0.1988
 118      0.1293        1.0000  |    0.6875/  0.7448/  0.7571            0.7571           0.4885     0.0019  |       0.1170      0.1988
 119      0.1293        1.0000  |    0.7162/  0.7450/  0.7553            0.7553           0.4885     0.0019  |       0.1168      0.1988
 120      0.1293        1.0000  |    0.6877/  0.7446/  0.7571            0.7571           0.4885     0.0053  |       0.1152      0.1988
 121      0.1293        1.0000  |    0.6783/  0.7453/  0.7571            0.7571           0.4885     0.0075  |       0.1135      0.1988
 122      0.1293        1.0000  |    0.7187/  0.7460/  0.7562            0.7562           0.4885     0.0047  |       0.1167      0.1988
 123      0.1293        1.0000  |    0.6861/  0.7461/  0.7583            0.7583           0.4885     0.0018  |       0.1138      0.1988
 124      0.1293        1.0000  |    0.6777/  0.7456/  0.7568            0.7568           0.4885     0.0022  |       0.1132      0.1988
 125      0.1293        1.0000  |    0.7097/  0.7472/  0.7590            0.7590           0.4885     0.0045  |       0.1117      0.1988
 126      0.1293        1.0000  |    0.6920/  0.7476/  0.7590            0.7590           0.4885     0.0060  |       0.1140      0.1988
 127      0.1293        1.0000  |    0.6985/  0.7469/  0.7579            0.7579           0.4885     0.0064  |       0.1163      0.1988
 128      0.1293        1.0000  |    0.6962/  0.7459/  0.7566            0.7566           0.4885     0.0080  |       0.1122      0.1988
 129      0.1293        1.0000  |    0.6931/  0.7464/  0.7579            0.7579           0.4885     0.0054  |       0.1086      0.1988
 130      0.1293        1.0000  |    0.7047/  0.7464/  0.7575            0.7575           0.4885     0.0033  |       0.1127      0.1988
 131      0.1293        1.0000  |    0.7041/  0.7473/  0.7568            0.7568           0.4885     0.0056  |       0.1124      0.1988
 132      0.1293        1.0000  |    0.6658/  0.7451/  0.7580            0.7580           0.4885     0.0087  |       0.1160      0.1988
 133      0.1293        1.0000  |    0.7165/  0.7436/  0.7560            0.7560           0.4886     0.0053  |       0.1174      0.1988
 134      0.1293        1.0000  |    0.6793/  0.7482/  0.7582            0.7582           0.4886     0.0060  |       0.1166      0.1988
 135      0.1293        1.0000  |    0.6908/  0.7469/  0.7569            0.7569           0.4886     0.0034  |       0.1137      0.1988
 136      0.1293        1.0000  |    0.7120/  0.7479/  0.7581            0.7581           0.4885     0.0011  |       0.1112      0.1988
 137      0.1293        1.0000  |    0.7018/  0.7466/  0.7574            0.7574           0.4886     0.0006  |       0.1118      0.1988
 138      0.1293        1.0000  |    0.6935/  0.7464/  0.7569            0.7569           0.4883     0.0015  |       0.1114      0.1988
 139      0.1293        1.0000  |    0.7093/  0.7467/  0.7580            0.7580           0.4883     0.0104  |       0.1115      0.1988
 140      0.1293        1.0000  |    0.6806/  0.7475/  0.7572            0.7572           0.4886     0.0028  |       0.1157      0.1988
 141      0.1293        1.0000  |    0.6886/  0.7461/  0.7556            0.7556           0.4886     0.0038  |       0.1137      0.1988
 142      0.1293        1.0000  |    0.6981/  0.7449/  0.7560            0.7560           0.4886     0.0032  |       0.1137      0.1988
 143      0.1293        1.0000  |    0.6817/  0.7465/  0.7579            0.7579           0.4886     0.0029  |       0.1157      0.1988
 144      0.1293        1.0000  |    0.7136/  0.7451/  0.7568            0.7568           0.4886     0.0060  |       0.1163      0.1988
 145      0.1293        1.0000  |    0.6946/  0.7479/  0.7591            0.7591           0.4886     0.0101  |       0.1155      0.1988
 146      0.1293        1.0000  |    0.6756/  0.7443/  0.7598            0.7598           0.4886     0.0019  |       0.1156      0.1988
 147      0.1293        1.0000  |    0.6986/  0.7469/  0.7582            0.7582           0.4886     0.0071  |       0.1143      0.1988
 148      0.1293        1.0000  |    0.6976/  0.7487/  0.7584            0.7584           0.4886     0.0062  |       0.1161      0.1988
 149      0.1293        1.0000  |    0.7139/  0.7500/  0.7603            0.7603           0.4886     0.0042  |       0.1114      0.1988
 150      0.1293        1.0000  |    0.6608/  0.7467/  0.7582            0.7582           0.4886     0.0068  |       0.1139      0.1988
 151      0.1293        1.0000  |    0.6769/  0.7468/  0.7586            0.7586           0.4886     0.0038  |       0.1151      0.1988
 152      0.1293        1.0000  |    0.7076/  0.7469/  0.7575            0.7575           0.4886     0.0018  |       0.1124      0.1988
 153      0.1293        1.0000  |    0.7179/  0.7479/  0.7588            0.7588           0.4883     0.0098  |       0.1116      0.1988
 154      0.1292        1.0000  |    0.6922/  0.7450/  0.7571            0.7571           0.4885     0.0062  |       0.1152      0.1988
 155      0.1293        1.0000  |    0.6541/  0.7468/  0.7590            0.7590           0.4888     0.0029  |       0.1098      0.1988
 156      0.1293        1.0000  |    0.6839/  0.7493/  0.7595            0.7595           0.4888     0.0057  |       0.1105      0.1988
 157      0.1293        1.0000  |    0.6844/  0.7471/  0.7580            0.7580           0.4888     0.0038  |       0.1096      0.1988
 158      0.1293        1.0000  |    0.6857/  0.7467/  0.7590            0.7590           0.4888     0.0088  |       0.1118      0.1988
 159      0.1293        1.0000  |    0.6980/  0.7455/  0.7579            0.7579           0.4888     0.0021  |       0.1147      0.1988
 160      0.1293        1.0000  |    0.6723/  0.7481/  0.7592            0.7592           0.4888     0.0025  |       0.1136      0.1988
 161      0.1293        1.0000  |    0.7128/  0.7483/  0.7578            0.7578           0.4888     0.0039  |       0.1121      0.1988
 162      0.1293        1.0000  |    0.7175/  0.7471/  0.7574            0.7574           0.4888     0.0046  |       0.1148      0.1988
 163      0.1293        1.0000  |    0.7090/  0.7480/  0.7583            0.7583           0.4888     0.0047  |       0.1152      0.1988
 164      0.1292        1.0000  |    0.6948/  0.7465/  0.7580            0.7580           0.4885     0.0043  |       0.1144      0.1988
 165      0.1292        1.0000  |    0.6905/  0.7442/  0.7558            0.7558           0.4885     0.0057  |       0.1155      0.1988
 166      0.1293        1.0000  |    0.7063/  0.7463/  0.7570            0.7570           0.4888     0.0023  |       0.1127      0.1988
 167      0.1293        1.0000  |    0.6889/  0.7442/  0.7568            0.7568           0.4888     0.0039  |       0.1137      0.1988
 168      0.1293        1.0000  |    0.6938/  0.7474/  0.7580            0.7580           0.4888     0.0062  |       0.1117      0.1988
 169      0.1293        1.0000  |    0.6540/  0.7483/  0.7592            0.7592           0.4888     0.0046  |       0.1155      0.1988
 170      0.1293        1.0000  |    0.6912/  0.7480/  0.7591            0.7591           0.4888     0.0024  |       0.1154      0.1988
 171      0.1293        1.0000  |    0.6795/  0.7482/  0.7596            0.7596           0.4888     0.0032  |       0.1155      0.1988
 172      0.1293        1.0000  |    0.6884/  0.7457/  0.7572            0.7572           0.4888     0.0067  |       0.1153      0.1988
 173      0.1292        1.0000  |    0.7039/  0.7481/  0.7595            0.7595           0.4885     0.0057  |       0.1159      0.1988
 174      0.1293        1.0000  |    0.6938/  0.7460/  0.7584            0.7584           0.4888     0.0022  |       0.1159      0.1988
 175      0.1293        1.0000  |    0.7040/  0.7457/  0.7575            0.7575           0.4888     0.0058  |       0.1157      0.1988
 176      0.1293        1.0000  |    0.6875/  0.7480/  0.7581            0.7581           0.4888     0.0010  |       0.1159      0.1988
 177      0.1293        1.0000  |    0.6909/  0.7471/  0.7574            0.7574           0.4888     0.0081  |       0.1150      0.1988
 178      0.1293        1.0000  |    0.6943/  0.7472/  0.7587            0.7587           0.4888     0.0030  |       0.1100      0.1988
 179      0.1292        1.0000  |    0.7218/  0.7482/  0.7583            0.7583           0.4885     0.0027  |       0.1070      0.1988
 180      0.1293        1.0000  |    0.6903/  0.7442/  0.7569            0.7569           0.4888     0.0057  |       0.1088      0.1988
 181      0.1293        1.0000  |    0.6894/  0.7433/  0.7564            0.7564           0.4888     0.0029  |       0.1142      0.1988
 182      0.1293        1.0000  |    0.6855/  0.7464/  0.7574            0.7574           0.4889     0.0032  |       0.1128      0.1988
 183      0.1293        1.0000  |    0.6985/  0.7448/  0.7572            0.7572           0.4888     0.0058  |       0.1139      0.1988
 184      0.1293        1.0000  |    0.6787/  0.7456/  0.7567            0.7567           0.4886     0.0018  |       0.1092      0.1988
 185      0.1293        1.0000  |    0.6939/  0.7467/  0.7572            0.7572           0.4889     0.0023  |       0.1098      0.1988
 186      0.1293        1.0000  |    0.6745/  0.7461/  0.7594            0.7594           0.4889     0.0023  |       0.1081      0.1988
 187      0.1293        1.0000  |    0.7102/  0.7488/  0.7598            0.7598           0.4889     0.0072  |       0.1090      0.1988
 188      0.1293        1.0000  |    0.7019/  0.7472/  0.7577            0.7577           0.4886     0.0026  |       0.1141      0.1988
 189      0.1293        1.0000  |    0.6985/  0.7462/  0.7587            0.7587           0.4889     0.0049  |       0.1169      0.1988
 190      0.1293        1.0000  |    0.6843/  0.7462/  0.7593            0.7593           0.4889     0.0031  |       0.1168      0.1988
 191      0.1293        1.0000  |    0.6972/  0.7468/  0.7568            0.7568           0.4889     0.0016  |       0.1167      0.1988
 192      0.1293        1.0000  |    0.7117/  0.7461/  0.7567            0.7567           0.4886     0.0077  |       0.1170      0.1988
 193      0.1293        1.0000  |    0.7012/  0.7462/  0.7569            0.7569           0.4889     0.0033  |       0.1141      0.1988
 194      0.1293        1.0000  |    0.6925/  0.7476/  0.7595            0.7595           0.4889     0.0039  |       0.1110      0.1988
 195      0.1293        1.0000  |    0.6823/  0.7451/  0.7554            0.7554           0.4889     0.0014  |       0.1143      0.1988
 196      0.1293        1.0000  |    0.7235/  0.7470/  0.7569            0.7569           0.4886     0.0068  |       0.1142      0.1988
 197      0.1293        1.0000  |    0.7171/  0.7493/  0.7597            0.7597           0.4889     0.0029  |       0.1153      0.1988
 198      0.1293        1.0000  |    0.7073/  0.7468/  0.7575            0.7575           0.4889     0.0042  |       0.1135      0.1988
 199      0.1293        1.0000  |    0.7113/  0.7457/  0.7574            0.7574           0.4889     0.0036  |       0.1124      0.1988
 200      0.1293        1.0000  |    0.6900/  0.7486/  0.7586            0.7586           0.4886     0.0019  |       0.1152      0.1988
 201      0.1293        1.0000  |    0.6937/  0.7485/  0.7591            0.7591           0.4889     0.0026  |       0.1152      0.1988
 202      0.1293        1.0000  |    0.6907/  0.7450/  0.7579            0.7579           0.4889     0.0001  |       0.1129      0.1988
 203      0.1293        1.0000  |    0.6714/  0.7451/  0.7565            0.7565           0.4889     0.0081  |       0.1127      0.1988
 204      0.1293        1.0000  |    0.7025/  0.7468/  0.7600            0.7600           0.4886     0.0038  |       0.1149      0.1988
 205      0.1293        1.0000  |    0.7016/  0.7455/  0.7574            0.7574           0.4889     0.0066  |       0.1150      0.1988
 206      0.1293        1.0000  |    0.6781/  0.7470/  0.7576            0.7576           0.4889     0.0063  |       0.1153      0.1988
 207      0.1293        1.0000  |    0.7031/  0.7440/  0.7564            0.7564           0.4889     0.0036  |       0.1155      0.1988
 208      0.1293        1.0000  |    0.6803/  0.7431/  0.7574            0.7574           0.4886     0.0033  |       0.1143      0.1988
 209      0.1293        1.0000  |    0.6916/  0.7474/  0.7598            0.7598           0.4889     0.0053  |       0.1145      0.1988
 210      0.1293        1.0000  |    0.6987/  0.7497/  0.7616            0.7616           0.4889     0.0033  |       0.1155      0.1988
 211      0.1293        1.0000  |    0.7073/  0.7485/  0.7602            0.7602           0.4883     0.0056  |       0.1153      0.1988
 212      0.1293        1.0000  |    0.7051/  0.7475/  0.7578            0.7578           0.4889     0.0049  |       0.1154      0.1988
 213      0.1294        1.0000  |    0.7080/  0.7468/  0.7581            0.7581           0.4887     0.0040  |       0.1155      0.1988
 214      0.1294        1.0000  |    0.7183/  0.7475/  0.7579            0.7579           0.4887     0.0031  |       0.1157      0.1988
 215      0.1293        1.0000  |    0.6948/  0.7465/  0.7576            0.7576           0.4883     0.0025  |       0.1130      0.1988
 216      0.1294        1.0000  |    0.6957/  0.7453/  0.7585            0.7585           0.4887     0.0042  |       0.1122      0.1988
 217      0.1294        1.0000  |    0.6888/  0.7473/  0.7581            0.7581           0.4887     0.0043  |       0.1151      0.1988
 218      0.1293        1.0000  |    0.6985/  0.7471/  0.7567            0.7567           0.4883     0.0049  |       0.1117      0.1988
 219      0.1294        1.0000  |    0.6831/  0.7495/  0.7590            0.7590           0.4887     0.0096  |       0.1154      0.1988
 220      0.1294        1.0000  |    0.7094/  0.7459/  0.7573            0.7573           0.4887     0.0028  |       0.1160      0.1988
 221      0.1294        1.0000  |    0.6949/  0.7447/  0.7557            0.7557           0.4887     0.0024  |       0.1162      0.1988
 222      0.1293        1.0000  |    0.7022/  0.7479/  0.7590            0.7590           0.4883     0.0044  |       0.1166      0.1988
 223      0.1294        1.0000  |    0.6932/  0.7473/  0.7568            0.7568           0.4887     0.0023  |       0.1160      0.1988
 224      0.1294        1.0000  |    0.7115/  0.7458/  0.7562            0.7562           0.4887     0.0063  |       0.1154      0.1988
 225      0.1293        1.0000  |    0.7062/  0.7465/  0.7580            0.7580           0.4883     0.0052  |       0.1157      0.1988
 226      0.1294        1.0000  |    0.7182/  0.7467/  0.7571            0.7571           0.4887     0.0084  |       0.1155      0.1988
 227      0.1294        1.0000  |    0.7102/  0.7474/  0.7581            0.7581           0.4887     0.0065  |       0.1085      0.1988
 228      0.1294        1.0000  |    0.6898/  0.7460/  0.7585            0.7585           0.4887     0.0059  |       0.1109      0.1988
 229      0.1293        1.0000  |    0.6968/  0.7449/  0.7578            0.7578           0.4883     0.0045  |       0.1148      0.1988
 230      0.1294        1.0000  |    0.6690/  0.7472/  0.7580            0.7580           0.4887     0.0012  |       0.1150      0.1988
 231      0.1295        1.0000  |    0.6800/  0.7484/  0.7585            0.7585           0.4872     0.0074  |       0.1150      0.1988
 232      0.1295        1.0000  |    0.6973/  0.7473/  0.7581            0.7581           0.4869     0.0057  |       0.1090      0.1988
 233      0.1295        1.0000  |    0.7009/  0.7480/  0.7595            0.7595           0.4869     0.0021  |       0.1089      0.1988
 234      0.1294        1.0000  |    0.6864/  0.7477/  0.7585            0.7585           0.4868     0.0016  |       0.1072      0.1988
 235      0.1294        1.0000  |    0.6952/  0.7463/  0.7575            0.7575           0.4868     0.0061  |       0.1058      0.1988
 236      0.1293        1.0000  |    0.6896/  0.7470/  0.7588            0.7588           0.4864     0.0019  |       0.1108      0.1988
 237      0.1294        1.0000  |    0.7009/  0.7474/  0.7588            0.7588           0.4868     0.0061  |       0.1129      0.1988
 238      0.1294        1.0000  |    0.6834/  0.7467/  0.7571            0.7571           0.4868     0.0042  |       0.1151      0.1988
 239      0.1293        1.0000  |    0.7199/  0.7494/  0.7585            0.7585           0.4864     0.0034  |       0.1115      0.1988
 240      0.1293        1.0000  |    0.6959/  0.7473/  0.7593            0.7593           0.4864     0.0040  |       0.1143      0.1988
 241      0.1294        1.0000  |    0.6990/  0.7479/  0.7585            0.7585           0.4868     0.0043  |       0.1153      0.1988
 242      0.1294        1.0000  |    0.6881/  0.7457/  0.7561            0.7561           0.4868     0.0080  |       0.1120      0.1988
 243      0.1293        1.0000  |    0.6876/  0.7478/  0.7587            0.7587           0.4864     0.0038  |       0.1083      0.1988
 244      0.1294        1.0000  |    0.6896/  0.7475/  0.7581            0.7581           0.4868     0.0024  |       0.1109      0.1988
 245      0.1294        1.0000  |    0.7049/  0.7457/  0.7579            0.7579           0.4868     0.0035  |       0.1101      0.1988
 246      0.1293        1.0000  |    0.7082/  0.7453/  0.7553            0.7553           0.4864     0.0021  |       0.1105      0.1988
 247      0.1294        1.0000  |    0.6349/  0.7434/  0.7553            0.7553           0.4868     0.0044  |       0.1087      0.1988
 248      0.1294        1.0000  |    0.6837/  0.7463/  0.7575            0.7575           0.4868     0.0017  |       0.1097      0.1988
 249      0.1294        1.0000  |    0.7112/  0.7462/  0.7570            0.7570           0.4868     0.0047  |       0.1085      0.1988
 250      0.1286        0.9982  |    0.7178/  0.7538/  0.7661            0.7661           0.4659     0.0028  |       0.1117      0.1988
 251      0.1286        1.0000  |    0.7158/  0.7524/  0.7634            0.7634           0.4663     0.0034  |       0.1106      0.1988
 252      0.1286        1.0000  |    0.7167/  0.7552/  0.7659            0.7659           0.4663     0.0046  |       0.1136      0.1988
 253      0.1286        1.0000  |    0.7213/  0.7550/  0.7650            0.7650           0.4659     0.0048  |       0.1128      0.1988
 254      0.1286        1.0000  |    0.6940/  0.7531/  0.7644            0.7644           0.4663     0.0047  |       0.1152      0.1988
 255      0.1286        1.0000  |    0.7003/  0.7553/  0.7653            0.7653           0.4663     0.0031  |       0.1150      0.1988
 256      0.1286        1.0000  |    0.7117/  0.7551/  0.7646            0.7646           0.4663     0.0062  |       0.1130      0.1988
 257      0.1286        1.0000  |    0.6987/  0.7535/  0.7642            0.7642           0.4659     0.0070  |       0.1151      0.1988
 258      0.1286        1.0000  |    0.6860/  0.7538/  0.7632            0.7632           0.4663     0.0020  |       0.1100      0.1988
 259      0.1286        1.0000  |    0.6895/  0.7541/  0.7636            0.7636           0.4663     0.0023  |       0.1082      0.1988
 260      0.1286        1.0000  |    0.6946/  0.7552/  0.7647            0.7647           0.4659     0.0021  |       0.1068      0.1988
 261      0.1286        1.0000  |    0.7004/  0.7525/  0.7649            0.7649           0.4663     0.0087  |       0.1050      0.1988
 262      0.1286        1.0000  |    0.6751/  0.7506/  0.7606            0.7606           0.4663     0.0031  |       0.1105      0.1988
 263      0.1286        1.0000  |    0.7017/  0.7520/  0.7622            0.7622           0.4659     0.0021  |       0.1083      0.1988
 264      0.1286        1.0000  |    0.6836/  0.7542/  0.7647            0.7647           0.4659     0.0041  |       0.1062      0.1988
 265      0.1286        1.0000  |    0.6964/  0.7520/  0.7638            0.7638           0.4663     0.0052  |       0.1088      0.1988
 266      0.1286        1.0000  |    0.7171/  0.7519/  0.7634            0.7634           0.4663     0.0021  |       0.1116      0.1988
 267      0.1286        1.0000  |    0.6951/  0.7552/  0.7662            0.7662           0.4659     0.0105  |       0.1101      0.1988
 268      0.1286        1.0000  |    0.7023/  0.7512/  0.7625            0.7625           0.4663     0.0051  |       0.1155      0.1988
 269      0.1286        1.0000  |    0.6855/  0.7530/  0.7639            0.7639           0.4663     0.0054  |       0.1141      0.1988
 270      0.1286        1.0000  |    0.6698/  0.7529/  0.7644            0.7644           0.4659     0.0036  |       0.1134      0.1988
 271      0.1286        1.0000  |    0.6782/  0.7541/  0.7641            0.7641           0.4659     0.0037  |       0.1159      0.1988
 272      0.1286        1.0000  |    0.6977/  0.7521/  0.7636            0.7636           0.4663     0.0018  |       0.1137      0.1988
 273      0.1286        1.0000  |    0.6976/  0.7513/  0.7639            0.7639           0.4662     0.0028  |       0.1150      0.1988
 274      0.1286        1.0000  |    0.7018/  0.7521/  0.7639            0.7639           0.4658     0.0051  |       0.1149      0.1988
 275      0.1286        1.0000  |    0.6852/  0.7525/  0.7639            0.7639           0.4662     0.0057  |       0.1123      0.1988
 276      0.1286        1.0000  |    0.6681/  0.7538/  0.7649            0.7649           0.4662     0.0017  |       0.1070      0.1988
 277      0.1286        1.0000  |    0.7115/  0.7534/  0.7641            0.7641           0.4658     0.0062  |       0.1080      0.1988
 278      0.1286        1.0000  |    0.7125/  0.7538/  0.7648            0.7648           0.4658     0.0069  |       0.1117      0.1988
 279      0.1286        1.0000  |    0.6998/  0.7497/  0.7622            0.7622           0.4662     0.0047  |       0.1128      0.1988
 280      0.1286        1.0000  |    0.6951/  0.7551/  0.7651            0.7651           0.4662     0.0036  |       0.1156      0.1988
 281      0.1286        1.0000  |    0.6850/  0.7534/  0.7644            0.7644           0.4658     0.0017  |       0.1144      0.1988
 282      0.1286        1.0000  |    0.6949/  0.7528/  0.7640            0.7640           0.4662     0.0050  |       0.1157      0.1988
 283      0.1286        1.0000  |    0.7102/  0.7542/  0.7646            0.7646           0.4662     0.0032  |       0.1160      0.1988
 284      0.1286        1.0000  |    0.7082/  0.7572/  0.7666            0.7666           0.4658     0.0052  |       0.1156      0.1988
 285      0.1286        1.0000  |    0.7026/  0.7533/  0.7631            0.7631           0.4662     0.0073  |       0.1156      0.1988
 286      0.1286        1.0000  |    0.7154/  0.7522/  0.7625            0.7625           0.4662     0.0019  |       0.1111      0.1988
 287      0.1286        1.0000  |    0.7138/  0.7521/  0.7642            0.7642           0.4658     0.0024  |       0.1109      0.1988
 288      0.1286        1.0000  |    0.7009/  0.7547/  0.7657            0.7657           0.4658     0.0011  |       0.1112      0.1988
 289      0.1286        1.0000  |    0.7170/  0.7515/  0.7633            0.7633           0.4662     0.0054  |       0.1117      0.1988
 290      0.1286        1.0000  |    0.7200/  0.7551/  0.7659            0.7659           0.4662     0.0054  |       0.1128      0.1988
 291      0.1286        1.0000  |    0.7010/  0.7543/  0.7656            0.7656           0.4658     0.0045  |       0.1165      0.1988
 292      0.1286        1.0000  |    0.7126/  0.7530/  0.7644            0.7644           0.4662     0.0028  |       0.1127      0.1988
 293      0.1286        1.0000  |    0.7148/  0.7543/  0.7642            0.7642           0.4662     0.0066  |       0.1144      0.1988
 294      0.1286        1.0000  |    0.7050/  0.7523/  0.7641            0.7641           0.4658     0.0040  |       0.1170      0.1988
 295      0.1286        1.0000  |    0.6942/  0.7493/  0.7616            0.7616           0.4658     0.0012  |       0.1166      0.1988
 296      0.1286        1.0000  |    0.7047/  0.7553/  0.7655            0.7655           0.4662     0.0039  |       0.1166      0.1988
 297      0.1286        1.0000  |    0.7118/  0.7561/  0.7656            0.7656           0.4662     0.0009  |       0.1130      0.1988
 298      0.1286        1.0000  |    0.7335/  0.7542/  0.7629            0.7629           0.4658     0.0071  |       0.1121      0.1988
 299      0.1286        1.0000  |    0.7305/  0.7545/  0.7660            0.7660           0.4662     0.0097  |       0.1114      0.1988
IMAGEIO FFMPEG_WRITER WARNING: input image is not divisible by macro_block_size=16, resizing from (320, 180) to (320, 192) to ensure video compatibility with most codecs and players. To prevent resizing, make your input image divisible by the macro_block_size or set the macro_block_size to 1 (risking incompatibility).

Saved 300 frames -> /home/ashwink/Documents/swms/SWM_copy/rollouts_5_per/expert-only/epoch9/epoch9_rollout0_failure.mp4
min dist(green_cube,blue_moon) over episode = 0.1988  ->  FAILURE
Full log written to /home/ashwink/Documents/swms/SWM_copy/rollouts_5_per/expert-only/epoch9/epoch9_rollout0_20260723_130544.log
Result json -> /home/ashwink/Documents/swms/SWM_copy/rollouts_5_per/expert-only/epoch9/epoch9_rollout0_result.json
