Checkpoint dir epoch: 0  Rollout: 0
Logging to /home/ashwink/Documents/swms/SWM_copy/rollouts_5_per/expert-only/epoch0/epoch0_rollout0_20260723_114752.log
Goal (fixed, steps 0-299): the green cube is touching the blue moon. the peg is touching the green cube.

Checkpoint: /home/ashwink/Documents/swms/SWM_copy/training/checkpoints_clip_full_finetuned_wider_hl/epoch_000.pt
  epoch=0  step=858

Loading CLIP ViT-L/14 (datacomp_xl_s13b_b90k) + fine-tuned clip_state_dict ...
Parsing model identifier. Schema: None, Identifier: ViT-L-14
Loaded built-in ViT-L-14 model config.
Instantiating model architecture: CLIP
Loading full pretrained weights from: /home/ashwink/.cache/huggingface/hub/models--laion--CLIP-ViT-L-14-DataComp.XL-s13B-b90K/snapshots/84c9828e63dc9a9351d1fe637c346d4c1c4db341/open_clip_pytorch_model.bin
Final image preprocessing configuration set: {'size': (224, 224), 'mode': 'RGB', 'mean': (0.48145466, 0.4578275, 0.40821073), 'std': (0.26862954, 0.26130258, 0.27577711), 'interpolation': 'bicubic', 'resize_mode': 'shortest', 'fill_color': 0}
Model ViT-L-14 creation process complete.
Parsing tokenizer identifier. Schema: None, Identifier: ViT-L-14
Attempting to load config from built-in: ViT-L-14
Using default SimpleTokenizer.
z_star shape: torch.Size([768])

Loading action stats from /home/ashwink/full_data_5000/langtable/demos/ ...
  lo=[-0.03372681140899658, -0.03493623435497284]  hi=[0.03496786952018738, 0.03494429588317871]

Initializing LangTable env ...
Loading URDF plane.urdf
Loading URDF /home/ashwink/Documents/swms/.venv/lib/python3.10/site-packages/language_table/environments/utils/../../../language_table/environments/assets/workspace_real.urdf
Loading URDF xarm/xarm6_robot_white.urdf
Loading URDF /home/ashwink/Documents/swms/.venv/lib/python3.10/site-packages/language_table/environments/utils/../../../language_table/environments/assets/suction/cylinder_real.urdf
Loading URDF /home/ashwink/Documents/swms/.venv/lib/python3.10/site-packages/language_table/environments/utils/../../../language_table/environments/assets/blocks/red_moon.urdf
Loading URDF /home/ashwink/Documents/swms/.venv/lib/python3.10/site-packages/language_table/environments/utils/../../../language_table/environments/assets/blocks/red_cube.urdf
Loading URDF /home/ashwink/Documents/swms/.venv/lib/python3.10/site-packages/language_table/environments/utils/../../../language_table/environments/assets/blocks/red_star.urdf
Loading URDF /home/ashwink/Documents/swms/.venv/lib/python3.10/site-packages/language_table/environments/utils/../../../language_table/environments/assets/blocks/red_pentagon.urdf
Loading URDF /home/ashwink/Documents/swms/.venv/lib/python3.10/site-packages/language_table/environments/utils/../../../language_table/environments/assets/blocks/blue_moon.urdf
Loading URDF /home/ashwink/Documents/swms/.venv/lib/python3.10/site-packages/language_table/environments/utils/../../../language_table/environments/assets/blocks/blue_cube.urdf
Loading URDF /home/ashwink/Documents/swms/.venv/lib/python3.10/site-packages/language_table/environments/utils/../../../language_table/environments/assets/blocks/blue_star.urdf
Loading URDF /home/ashwink/Documents/swms/.venv/lib/python3.10/site-packages/language_table/environments/utils/../../../language_table/environments/assets/blocks/blue_pentagon.urdf
Loading URDF /home/ashwink/Documents/swms/.venv/lib/python3.10/site-packages/language_table/environments/utils/../../../language_table/environments/assets/blocks/yellow_moon.urdf
Loading URDF /home/ashwink/Documents/swms/.venv/lib/python3.10/site-packages/language_table/environments/utils/../../../language_table/environments/assets/blocks/yellow_cube.urdf
Loading URDF /home/ashwink/Documents/swms/.venv/lib/python3.10/site-packages/language_table/environments/utils/../../../language_table/environments/assets/blocks/yellow_star.urdf
Loading URDF /home/ashwink/Documents/swms/.venv/lib/python3.10/site-packages/language_table/environments/utils/../../../language_table/environments/assets/blocks/yellow_pentagon.urdf
Loading URDF /home/ashwink/Documents/swms/.venv/lib/python3.10/site-packages/language_table/environments/utils/../../../language_table/environments/assets/blocks/green_moon.urdf
Loading URDF /home/ashwink/Documents/swms/.venv/lib/python3.10/site-packages/language_table/environments/utils/../../../language_table/environments/assets/blocks/green_cube.urdf
Loading URDF /home/ashwink/Documents/swms/.venv/lib/python3.10/site-packages/language_table/environments/utils/../../../language_table/environments/assets/blocks/green_star.urdf
Loading URDF /home/ashwink/Documents/swms/.venv/lib/python3.10/site-packages/language_table/environments/utils/../../../language_table/environments/assets/blocks/green_pentagon.urdf
Loading URDF /home/ashwink/Documents/swms/.venv/lib/python3.10/site-packages/language_table/environments/utils/../../../language_table/environments/assets/blocks/purple_moon.urdf
Loading URDF /home/ashwink/Documents/swms/.venv/lib/python3.10/site-packages/language_table/environments/utils/../../../language_table/environments/assets/blocks/purple_cube.urdf
Loading URDF /home/ashwink/Documents/swms/.venv/lib/python3.10/site-packages/language_table/environments/utils/../../../language_table/environments/assets/blocks/purple_star.urdf
Loading URDF /home/ashwink/Documents/swms/.venv/lib/python3.10/site-packages/language_table/environments/utils/../../../language_table/environments/assets/blocks/purple_pentagon.urdf
Env ready.

Forced peg start: [0.42843915 0.24419614]  (green_cube=[0.40339102 0.18967466], blue_moon=[0.32039625 0.00902261])
  dist(peg,green_cube)=0.0600  dist(peg,blue_moon)=0.2588  dist(green_cube,blue_moon)=0.1988

step  cos(zt,z*)  cos(zt,zt-1)  |   cos(predK,z*) min/mean/max  cos(pred_sel,z*)   cos(zpred0,z*)  ||a_raw||  |  dist(peg,A)   dist(A,B)
-------------------------------------------------------------------------------------------------------------------------------------------------------------------------------
   0      0.1557           nan  |   -0.0784/  0.0339/  0.0468            0.0468          -0.0581     0.0181  |       0.0587      0.1988
   1      0.1508        0.9981  |   -0.0048/  0.0137/  0.0213            0.0213          -0.0692     0.0170  |       0.0441      0.1988
   2      0.1636        0.9940  |    0.0486/  0.0884/  0.1000            0.1000          -0.0080     0.0041  |       0.0462      0.1988
   3      0.1723        0.9938  |    0.0817/  0.1065/  0.1177            0.1177           0.0075     0.0196  |       0.0472      0.1988
   4      0.2323        0.9127  |    0.3235/  0.3480/  0.3568            0.3568           0.2427     0.0113  |       0.0553      0.1988
   5      0.2354        0.9766  |    0.2319/  0.2629/  0.2734            0.2734           0.1573     0.0054  |       0.0664      0.1988
   6      0.2351        0.9719  |    0.2649/  0.3022/  0.3136            0.3136           0.1957     0.0089  |       0.0685      0.1988
   7      0.2008        0.9616  |   -0.0162/  0.0102/  0.0206            0.0206          -0.0797     0.0191  |       0.0739      0.1988
   8      0.1684        0.9529  |   -0.2065/ -0.1813/ -0.1735           -0.1735          -0.2298     0.0150  |       0.0913      0.1988
   9      0.1436        0.9555  |   -0.1724/ -0.1409/ -0.1327           -0.1327          -0.1969     0.0078  |       0.1029      0.1988
  10      0.0903        0.9771  |   -0.2661/ -0.2498/ -0.2428           -0.2428          -0.2994     0.0116  |       0.1110      0.1988
  11      0.0945        0.9761  |   -0.2634/ -0.2445/ -0.2361           -0.2361          -0.2881     0.0168  |       0.1216      0.1988
  12      0.1556        0.9290  |   -0.3085/ -0.2880/ -0.2820           -0.2820          -0.3156     0.0138  |       0.1375      0.1988
  13      0.1639        0.9636  |   -0.3092/ -0.3003/ -0.2934           -0.2934          -0.3290     0.0133  |       0.1513      0.1988
  14      0.1849        0.9513  |   -0.2027/ -0.1933/ -0.1833           -0.1833          -0.2232     0.0164  |       0.1644      0.1988
  15      0.1141        0.9290  |   -0.4068/ -0.3953/ -0.3877           -0.3877          -0.4186     0.0105  |       0.1803      0.1988
  16      0.1236        0.9378  |   -0.3684/ -0.3549/ -0.3460           -0.3460          -0.3785     0.0067  |       0.1912      0.1988
  17      0.0984        0.9689  |   -0.4161/ -0.4048/ -0.3932           -0.3932          -0.4282     0.0169  |       0.1953      0.1988
  18      0.0889        0.8972  |   -0.4744/ -0.4630/ -0.4519           -0.4519          -0.4873     0.0023  |       0.1952      0.1988
  19      0.0743        0.9796  |   -0.5159/ -0.4962/ -0.4790           -0.4790          -0.5179     0.0132  |       0.1935      0.1988
  20      0.1867        0.8652  |   -0.0265/  0.0245/  0.0373            0.0373          -0.0479     0.0061  |       0.1862      0.1988
  21      0.1511        0.9685  |   -0.1484/ -0.1271/ -0.1175           -0.1175          -0.1836     0.0177  |       0.1884      0.1988
  22      0.1245        0.9822  |   -0.3044/ -0.2895/ -0.2794           -0.2794          -0.3374     0.0113  |       0.1941      0.1988
  23      0.0429        0.9418  |   -0.4678/ -0.4428/ -0.4255           -0.4255          -0.4771     0.0106  |       0.1949      0.1988
  24      0.0292        0.9714  |   -0.4733/ -0.4584/ -0.4420           -0.4420          -0.5214     0.0098  |       0.1947      0.1988
  25      0.1793        0.8752  |   -0.0338/  0.0094/  0.0240            0.0240          -0.0507     0.0065  |       0.1947      0.1988
  26      0.0342        0.8754  |   -0.4957/ -0.4749/ -0.4570           -0.4570          -0.5114     0.0131  |       0.1947      0.1988
  27      0.1848        0.8769  |    0.0541/  0.0893/  0.1022            0.1022           0.0229     0.0014  |       0.1949      0.1988
  28      0.1856        0.9941  |    0.0800/  0.1199/  0.1296            0.1296           0.0450     0.0173  |       0.1950      0.1988
  29      0.1821        0.9860  |    0.0293/  0.0708/  0.0810            0.0810          -0.0097     0.0078  |       0.1950      0.1988
  30      0.1889        0.9873  |   -0.0131/  0.0416/  0.0526            0.0526          -0.0281     0.0148  |       0.1949      0.1988
  31      0.0360        0.8535  |   -0.4726/ -0.4510/ -0.4327           -0.4327          -0.5010     0.0095  |       0.1949      0.1988
  32      0.1088        0.9607  |   -0.3031/ -0.2909/ -0.2766           -0.2766          -0.3481     0.0079  |       0.1947      0.1988
  33      0.1002        0.9973  |   -0.3296/ -0.3118/ -0.2982           -0.2982          -0.3693     0.0036  |       0.1948      0.1988
  34      0.1124        0.9934  |   -0.3126/ -0.2972/ -0.2863           -0.2863          -0.3475     0.0099  |       0.1948      0.1988
  35      0.1918        0.9109  |    0.0959/  0.1542/  0.1681            0.1681           0.0828     0.0179  |       0.1950      0.1988
  36      0.1796        0.9638  |   -0.0702/ -0.0165/ -0.0041           -0.0041          -0.0808     0.0094  |       0.1949      0.1988
  37      0.1691        0.9906  |   -0.0985/ -0.0528/ -0.0430           -0.0430          -0.1232     0.0147  |       0.1949      0.1988
  38      0.1789        0.9511  |    0.0519/  0.1013/  0.1110            0.1110           0.0232     0.0152  |       0.1950      0.1988
  39      0.1011        0.8973  |   -0.3208/ -0.3049/ -0.2928           -0.2928          -0.3655     0.0160  |       0.1949      0.1988
  40      0.0327        0.9621  |   -0.4675/ -0.4463/ -0.4321           -0.4321          -0.5056     0.0182  |       0.1949      0.1988
  41      0.0292        0.9898  |   -0.4628/ -0.4470/ -0.4318           -0.4318          -0.5088     0.0119  |       0.1949      0.1988
  42      0.1657        0.9070  |   -0.1099/ -0.0904/ -0.0780           -0.0780          -0.1322     0.0108  |       0.1907      0.1988
  43      0.1900        0.9725  |    0.0674/  0.1052/  0.1174            0.1174           0.0300     0.0059  |       0.1947      0.1988
  44      0.2133        0.9672  |    0.1680/  0.2272/  0.2390            0.2390           0.1231     0.0112  |       0.1955      0.1988
  45      0.1801        0.9617  |    0.0525/  0.0993/  0.1101            0.1101           0.0230     0.0085  |       0.1951      0.1988
  46      0.1881        0.9836  |    0.0470/  0.0779/  0.0859            0.0859          -0.0094     0.0181  |       0.1950      0.1988
  47      0.0325        0.8673  |   -0.4814/ -0.4607/ -0.4447           -0.4447          -0.5068     0.0109  |       0.1949      0.1988
  48      0.0597        0.9484  |   -0.4645/ -0.4505/ -0.4369           -0.4369          -0.4940     0.0137  |       0.1951      0.1988
  49      0.1251        0.9322  |   -0.2623/ -0.2494/ -0.2374           -0.2374          -0.3060     0.0125  |       0.1948      0.1988
  50      0.1121        0.9948  |   -0.2970/ -0.2814/ -0.2703           -0.2703          -0.3379     0.0110  |       0.1948      0.1988
  51      0.0609        0.9815  |   -0.4259/ -0.4062/ -0.3925           -0.3925          -0.4635     0.0115  |       0.1948      0.1988
  52      0.1790        0.8772  |    0.0566/  0.0983/  0.1111            0.1111           0.0350     0.0058  |       0.1950      0.1988
  53      0.1921        0.9811  |    0.1173/  0.1888/  0.1996            0.1996           0.0996     0.0027  |       0.1953      0.1988
  54      0.1910        0.9885  |    0.0581/  0.0955/  0.1073            0.1073           0.0265     0.0107  |       0.1945      0.1988
  55      0.1900        0.9897  |    0.0401/  0.0931/  0.1023            0.1023           0.0104     0.0183  |       0.1951      0.1988
  56      0.1879        0.9793  |    0.0153/  0.0484/  0.0580            0.0580          -0.0290     0.0227  |       0.1950      0.1988
  57      0.0376        0.8594  |   -0.4887/ -0.4657/ -0.4450           -0.4450          -0.5102     0.0086  |       0.1949      0.1988
  58      0.1644        0.9249  |   -0.1616/ -0.1452/ -0.1358           -0.1358          -0.2001     0.0042  |       0.1949      0.1988
  59      0.1047        0.9702  |   -0.3265/ -0.3056/ -0.2954           -0.2954          -0.3594     0.0061  |       0.1949      0.1988
  60      0.1076        0.9892  |   -0.3104/ -0.2910/ -0.2798           -0.2798          -0.3489     0.0087  |       0.1949      0.1988
  61      0.1827        0.9530  |   -0.0333/  0.0036/  0.0156            0.0156          -0.0682     0.0143  |       0.1949      0.1988
  62      0.1859        0.9959  |   -0.0507/  0.0018/  0.0131            0.0131          -0.0728     0.0143  |       0.1949      0.1988
  63      0.1798        0.9820  |    0.0367/  0.0682/  0.0768            0.0768          -0.0053     0.0107  |       0.1950      0.1988
  64      0.1769        0.9927  |    0.0330/  0.0780/  0.0868            0.0868           0.0008     0.0115  |       0.1951      0.1988
  65      0.1774        0.9780  |   -0.0639/ -0.0212/ -0.0129           -0.0129          -0.0953     0.0177  |       0.1950      0.1988
  66      0.0330        0.8779  |   -0.4745/ -0.4563/ -0.4368           -0.4368          -0.5096     0.0091  |       0.1949      0.1988
  67      0.1077        0.9611  |   -0.3014/ -0.2889/ -0.2797           -0.2797          -0.3482     0.0147  |       0.1949      0.1988
  68      0.0390        0.9668  |   -0.4660/ -0.4448/ -0.4284           -0.4284          -0.5051     0.0083  |       0.1949      0.1988
  69      0.1602        0.9264  |   -0.1714/ -0.1535/ -0.1421           -0.1421          -0.1916     0.0062  |       0.1949      0.1988
  70      0.1771        0.9725  |   -0.0174/  0.0128/  0.0276            0.0276          -0.0449     0.0140  |       0.1902      0.1988
  71      0.2155        0.9489  |    0.1132/  0.2271/  0.2381            0.2381           0.1254     0.0109  |       0.1952      0.1988
  72      0.2101        0.9790  |    0.2588/  0.3233/  0.3340            0.3340           0.2166     0.0180  |       0.1960      0.1988
  73      0.1923        0.9559  |    0.0884/  0.1189/  0.1273            0.1273           0.0361     0.0174  |       0.1954      0.1988
  74      0.1803        0.9861  |    0.0404/  0.0976/  0.1070            0.1070           0.0169     0.0135  |       0.1952      0.1988
  75      0.0349        0.8580  |   -0.4835/ -0.4571/ -0.4332           -0.4332          -0.5049     0.0091  |       0.1950      0.1988
  76      0.0299        0.9958  |   -0.4828/ -0.4638/ -0.4499           -0.4499          -0.5252     0.0128  |       0.1949      0.1988
  77      0.0358        0.9968  |   -0.4659/ -0.4477/ -0.4341           -0.4341          -0.5071     0.0116  |       0.1949      0.1988
  78      0.1886        0.8336  |    0.0096/  0.0416/  0.0602            0.0602          -0.0109     0.0059  |       0.1948      0.1988
  79      0.1911        0.9720  |    0.0980/  0.1429/  0.1545            0.1545           0.0615     0.0173  |       0.1953      0.1988
  80      0.1825        0.9693  |    0.0000/  0.0261/  0.0370            0.0370          -0.0417     0.0057  |       0.1951      0.1988
  81      0.1857        0.9770  |    0.0968/  0.1294/  0.1389            0.1389           0.0472     0.0103  |       0.1952      0.1988
  82      0.1814        0.9690  |   -0.0268/ -0.0036/  0.0062            0.0062          -0.0805     0.0218  |       0.1951      0.1988
  83      0.1626        0.9760  |   -0.1802/ -0.1501/ -0.1401           -0.1401          -0.2087     0.0108  |       0.1950      0.1988
  84      0.0335        0.9304  |   -0.4613/ -0.4429/ -0.4288           -0.4288          -0.4989     0.0075  |       0.1951      0.1988
  85      0.0330        0.9867  |   -0.4608/ -0.4450/ -0.4288           -0.4288          -0.5103     0.0117  |       0.1949      0.1988
  86      0.1264        0.9562  |   -0.2662/ -0.2547/ -0.2434           -0.2434          -0.2985     0.0118  |       0.1949      0.1988
  87      0.1857        0.9324  |    0.0710/  0.1081/  0.1237            0.1237           0.0408     0.0070  |       0.1952      0.1988
  88      0.1853        0.9650  |   -0.0439/ -0.0180/ -0.0050           -0.0050          -0.0807     0.0105  |       0.1951      0.1988
  89      0.0371        0.8604  |   -0.4809/ -0.4593/ -0.4407           -0.4407          -0.5045     0.0132  |       0.1950      0.1988
  90      0.1863        0.8500  |    0.1187/  0.1660/  0.1784            0.1784           0.0910     0.0116  |       0.1952      0.1988
  91      0.2126        0.9643  |    0.1947/  0.2286/  0.2379            0.2379           0.1214     0.0254  |       0.1957      0.1988
  92      0.1743        0.9491  |    0.0249/  0.0631/  0.0716            0.0716          -0.0105     0.0090  |       0.1952      0.1988
  93      0.1844        0.9764  |   -0.0563/ -0.0043/  0.0038            0.0038          -0.0798     0.0150  |       0.1950      0.1988
  94      0.0907        0.9406  |   -0.3809/ -0.3585/ -0.3446           -0.3446          -0.4076     0.0142  |       0.1950      0.1988
  95      0.1124        0.9890  |   -0.3218/ -0.3085/ -0.2982           -0.2982          -0.3609     0.0079  |       0.1949      0.1988
  96      0.1810        0.9469  |   -0.0074/  0.0163/  0.0274            0.0274          -0.0451     0.0183  |       0.1950      0.1988
  97      0.0247        0.8847  |   -0.4963/ -0.4763/ -0.4585           -0.4585          -0.5125     0.0260  |       0.1951      0.1988
  98      0.1783        0.8602  |    0.0330/  0.0580/  0.0729            0.0729          -0.0012     0.0061  |       0.1951      0.1988
  99      0.1865        0.9729  |    0.0436/  0.0934/  0.1027            0.1027           0.0131     0.0053  |       0.1955      0.1988
 100      0.2112        0.9622  |    0.2339/  0.2735/  0.2827            0.2827           0.1661     0.0168  |       0.1960      0.1988
 101      0.1878        0.9683  |    0.0276/  0.0753/  0.0854            0.0854          -0.0069     0.0194  |       0.1955      0.1988
 102      0.0279        0.8338  |   -0.4918/ -0.4713/ -0.4571           -0.4571          -0.5272     0.0185  |       0.1951      0.1988
 103      0.1063        0.9611  |   -0.3094/ -0.2957/ -0.2848           -0.2848          -0.3534     0.0038  |       0.1949      0.1988
 104      0.1154        0.9929  |   -0.3088/ -0.2940/ -0.2845           -0.2845          -0.3407     0.0114  |       0.1949      0.1988
 105      0.0453        0.9690  |   -0.4363/ -0.4189/ -0.4051           -0.4051          -0.4855     0.0164  |       0.1950      0.1988
 106      0.1798        0.8594  |    0.0391/  0.0671/  0.0809            0.0809           0.0070     0.0078  |       0.1951      0.1988
 107      0.1851        0.9948  |    0.0164/  0.0909/  0.1016            0.1016           0.0162     0.0086  |       0.1951      0.1988
 108      0.1983        0.9700  |    0.1837/  0.2243/  0.2342            0.2342           0.1244     0.0142  |       0.1955      0.1988
 109      0.1793        0.9738  |    0.0718/  0.1033/  0.1151            0.1151           0.0263     0.0130  |       0.1952      0.1988
 110      0.1847        0.9925  |    0.0226/  0.0921/  0.1009            0.1009           0.0099     0.0096  |       0.1951      0.1988
 111      0.1836        0.9761  |   -0.0579/ -0.0123/ -0.0028           -0.0028          -0.0885     0.0139  |       0.1951      0.1988
 112      0.0353        0.8650  |   -0.4890/ -0.4683/ -0.4502           -0.4502          -0.5059     0.0151  |       0.1951      0.1988
 113      0.0346        0.9891  |   -0.4687/ -0.4433/ -0.4279           -0.4279          -0.5060     0.0120  |       0.1949      0.1988
 114      0.1101        0.9636  |   -0.3315/ -0.3192/ -0.3099           -0.3099          -0.3658     0.0126  |       0.1949      0.1988
 115      0.1939        0.8991  |    0.0987/  0.1455/  0.1587            0.1587           0.0646     0.0107  |       0.1941      0.1988
 116      0.1861        0.9909  |    0.0936/  0.1494/  0.1604            0.1604           0.0683     0.0100  |       0.1953      0.1988
 117      0.1902        0.9870  |    0.0212/  0.0938/  0.1051            0.1051           0.0104     0.0173  |       0.1954      0.1988
 118      0.1898        0.9538  |   -0.0149/  0.0118/  0.0223            0.0223          -0.0670     0.0093  |       0.1951      0.1988
 119      0.0459        0.8921  |   -0.4549/ -0.4308/ -0.4132           -0.4132          -0.4882     0.0126  |       0.1950      0.1988
 120      0.1891        0.8639  |    0.0024/  0.0374/  0.0495            0.0495          -0.0296     0.0128  |       0.1950      0.1988
 121      0.1792        0.9852  |    0.0522/  0.0829/  0.0920            0.0920           0.0057     0.0198  |       0.1952      0.1988
 122      0.1840        0.9679  |   -0.0440/ -0.0018/  0.0089            0.0089          -0.0795     0.0131  |       0.1951      0.1988
 123      0.0362        0.8807  |   -0.4958/ -0.4653/ -0.4429           -0.4429          -0.5011     0.0077  |       0.1951      0.1988
 124      0.1095        0.9611  |   -0.3074/ -0.2908/ -0.2796           -0.2796          -0.3463     0.0174  |       0.1949      0.1988
 125      0.0916        0.9893  |   -0.3754/ -0.3538/ -0.3408           -0.3408          -0.4097     0.0153  |       0.1950      0.1988
 126      0.0329        0.9805  |   -0.4745/ -0.4572/ -0.4392           -0.4392          -0.5073     0.0105  |       0.1950      0.1988
 127      0.1703        0.8698  |   -0.0806/ -0.0454/ -0.0298           -0.0298          -0.0910     0.0152  |       0.1926      0.1988
 128      0.2035        0.9605  |    0.1279/  0.1657/  0.1749            0.1749           0.0671     0.0079  |       0.1958      0.1988
 129      0.2009        0.9670  |    0.1794/  0.2086/  0.2183            0.2183           0.1100     0.0142  |       0.1957      0.1988
 130      0.1865        0.9521  |   -0.0070/  0.0374/  0.0470            0.0470          -0.0358     0.0044  |       0.1952      0.1988
 131      0.1894        0.9950  |    0.0024/  0.0552/  0.0670            0.0670          -0.0274     0.0164  |       0.1951      0.1988
 132      0.0351        0.8515  |   -0.4890/ -0.4633/ -0.4421           -0.4421          -0.5095     0.0113  |       0.1951      0.1988
 133      0.0605        0.9596  |   -0.4615/ -0.4455/ -0.4327           -0.4327          -0.4919     0.0109  |       0.1953      0.1988
 134      0.0399        0.9564  |   -0.4624/ -0.4395/ -0.4223           -0.4223          -0.5025     0.0154  |       0.1949      0.1988
 135      0.1845        0.8782  |    0.0757/  0.0988/  0.1138            0.1138           0.0453     0.0085  |       0.1952      0.1988
 136      0.2129        0.9590  |    0.2153/  0.2661/  0.2808            0.2808           0.1712     0.0134  |       0.1958      0.1988
 137      0.2154        0.9923  |    0.2147/  0.2584/  0.2704            0.2704           0.1511     0.0079  |       0.1959      0.1988
 138      0.2065        0.9511  |    0.3351/  0.4217/  0.4323            0.4323           0.3197     0.0109  |       0.1966      0.1988
 139      0.2093        0.9802  |    0.2845/  0.3367/  0.3470            0.3470           0.2291     0.0128  |       0.1962      0.1988
 140      0.2154        0.9891  |    0.2937/  0.3398/  0.3498            0.3498           0.2200     0.0133  |       0.1961      0.1988
 141      0.1910        0.9563  |    0.0432/  0.0973/  0.1078            0.1078           0.0163     0.0166  |       0.1955      0.1988
 142      0.1513        0.9426  |   -0.2156/ -0.1964/ -0.1887           -0.1887          -0.2537     0.0147  |       0.1951      0.1988
 143      0.0350        0.9325  |   -0.4674/ -0.4494/ -0.4330           -0.4330          -0.5114     0.0082  |       0.1950      0.1988
 144      0.1500        0.9289  |   -0.2279/ -0.2172/ -0.2109           -0.2109          -0.2662     0.0020  |       0.1950      0.1988
 145      0.1350        0.9942  |   -0.2766/ -0.2500/ -0.2398           -0.2398          -0.2950     0.0107  |       0.1950      0.1988
 146      0.1764        0.9543  |    0.0151/  0.0505/  0.0621            0.0621          -0.0150     0.0095  |       0.1952      0.1988
 147      0.1877        0.9723  |   -0.0348/  0.0173/  0.0293            0.0293          -0.0608     0.0049  |       0.1951      0.1988
 148      0.1851        0.9986  |   -0.0309/ -0.0007/  0.0073            0.0073          -0.0788     0.0215  |       0.1951      0.1988
 149      0.1000        0.9389  |   -0.3285/ -0.3121/ -0.2994           -0.2994          -0.3675     0.0080  |       0.1950      0.1988
 150      0.1889        0.9099  |    0.0151/  0.0419/  0.0531            0.0531          -0.0303     0.0080  |       0.1951      0.1988
 151      0.1270        0.9395  |   -0.3048/ -0.2814/ -0.2685           -0.2685          -0.3253     0.0190  |       0.1950      0.1988
 152      0.0347        0.9502  |   -0.4617/ -0.4453/ -0.4270           -0.4270          -0.5088     0.0133  |       0.1950      0.1988
 153      0.1847        0.8598  |   -0.0613/ -0.0238/ -0.0105           -0.0105          -0.0814     0.0049  |       0.1951      0.1988
 154      0.1057        0.9240  |   -0.3386/ -0.3205/ -0.3076           -0.3076          -0.3616     0.0059  |       0.1950      0.1988
 155      0.1887        0.9470  |   -0.0431/ -0.0132/ -0.0016           -0.0016          -0.0789     0.0162  |       0.1951      0.1988
 156      0.0355        0.8873  |   -0.5238/ -0.4880/ -0.4649           -0.4649          -0.5056     0.0099  |       0.1951      0.1988
 157      0.1883        0.8876  |   -0.0386/ -0.0015/  0.0075            0.0075          -0.0781     0.0101  |       0.1951      0.1988
 158      0.1890        0.9771  |    0.0178/  0.0676/  0.0782            0.0782          -0.0098     0.0107  |       0.1951      0.1988
 159      0.1127        0.9057  |   -0.3255/ -0.3088/ -0.2944           -0.2944          -0.3521     0.0109  |       0.1951      0.1988
 160      0.1055        0.9869  |   -0.3166/ -0.3014/ -0.2885           -0.2885          -0.3563     0.0197  |       0.1950      0.1988
 161      0.1865        0.9391  |   -0.0185/  0.0178/  0.0304            0.0304          -0.0521     0.0036  |       0.1951      0.1988
 162      0.1827        0.9959  |   -0.0502/ -0.0209/ -0.0110           -0.0110          -0.0915     0.0181  |       0.1951      0.1988
 163      0.0333        0.8878  |   -0.4860/ -0.4681/ -0.4527           -0.4527          -0.5147     0.0155  |       0.1951      0.1988
 164      0.1789        0.8865  |    0.0322/  0.0633/  0.0728            0.0728          -0.0103     0.0047  |       0.1952      0.1988
 165      0.1856        0.9837  |    0.0441/  0.0984/  0.1112            0.1112           0.0210     0.0148  |       0.1954      0.1988
 166      0.1574        0.9549  |   -0.1626/ -0.1389/ -0.1305           -0.1305          -0.1968     0.0149  |       0.1951      0.1988
 167      0.1256        0.9868  |   -0.2883/ -0.2691/ -0.2599           -0.2599          -0.3231     0.0131  |       0.1951      0.1988
 168      0.1700        0.9858  |   -0.1337/ -0.1065/ -0.0982           -0.0982          -0.1739     0.0110  |       0.1951      0.1988
 169      0.0395        0.9180  |   -0.4789/ -0.4560/ -0.4361           -0.4361          -0.4952     0.0127  |       0.1951      0.1988
 170      0.0356        0.9887  |   -0.4730/ -0.4554/ -0.4418           -0.4418          -0.5030     0.0096  |       0.1952      0.1988
 171      0.0906        0.9733  |   -0.3681/ -0.3510/ -0.3365           -0.3365          -0.4140     0.0151  |       0.1950      0.1988
 172      0.1936        0.8239  |    0.1707/  0.2320/  0.2475            0.2475           0.1500     0.0070  |       0.1890      0.1988
 173      0.1924        0.9800  |    0.0607/  0.1077/  0.1197            0.1197           0.0328     0.0085  |       0.1946      0.1988
 174      0.1843        0.9620  |   -0.0567/ -0.0083/  0.0028            0.0028          -0.0807     0.0100  |       0.1943      0.1988
 175      0.1906        0.9615  |    0.0737/  0.1082/  0.1163            0.1163           0.0285     0.0158  |       0.1953      0.1988
 176      0.1858        0.9824  |    0.0946/  0.1273/  0.1360            0.1360           0.0394     0.0146  |       0.1953      0.1988
 177      0.1871        0.9745  |   -0.0108/  0.0212/  0.0298            0.0298          -0.0594     0.0140  |       0.1951      0.1988
 178      0.0354        0.8844  |   -0.4866/ -0.4687/ -0.4490           -0.4490          -0.5060     0.0055  |       0.1951      0.1988
 179      0.0370        0.9953  |   -0.4813/ -0.4543/ -0.4392           -0.4392          -0.5024     0.0108  |       0.1950      0.1988
 180      0.1144        0.9671  |   -0.3167/ -0.3034/ -0.2948           -0.2948          -0.3549     0.0093  |       0.1950      0.1988
 181      0.1864        0.9159  |    0.1120/  0.1672/  0.1823            0.1823           0.0942     0.0022  |       0.1953      0.1988
 182      0.1789        0.9902  |    0.0566/  0.0916/  0.1033            0.1033           0.0130     0.0154  |       0.1953      0.1988
 183      0.1906        0.9798  |    0.1091/  0.1435/  0.1578            0.1578           0.0545     0.0161  |       0.1956      0.1988
 184      0.1864        0.9682  |   -0.0019/  0.0372/  0.0474            0.0474          -0.0357     0.0104  |       0.1952      0.1988
 185      0.1205        0.9173  |   -0.2651/ -0.2490/ -0.2400           -0.2400          -0.3073     0.0093  |       0.1951      0.1988
 186      0.0324        0.9597  |   -0.4835/ -0.4676/ -0.4515           -0.4515          -0.5146     0.0035  |       0.1951      0.1988
 187      0.0387        0.9924  |   -0.4540/ -0.4386/ -0.4232           -0.4232          -0.4965     0.0181  |       0.1951      0.1988
 188      0.1884        0.8314  |    0.0055/  0.0384/  0.0510            0.0510          -0.0156     0.0143  |       0.1951      0.1988
 189      0.2184        0.9547  |    0.1786/  0.2275/  0.2392            0.2392           0.1308     0.0099  |       0.1959      0.1988
 190      0.2191        0.9991  |    0.1912/  0.2389/  0.2504            0.2504           0.1346     0.0052  |       0.1960      0.1988
 191      0.1990        0.9573  |    0.3390/  0.3913/  0.4011            0.4011           0.2817     0.0108  |       0.1964      0.1988
 192      0.2153        0.9519  |    0.1981/  0.2459/  0.2579            0.2579           0.1357     0.0213  |       0.1960      0.1988
 193      0.1917        0.9745  |    0.1105/  0.1462/  0.1557            0.1557           0.0547     0.0103  |       0.1956      0.1988
 194      0.1801        0.9808  |    0.0856/  0.1131/  0.1228            0.1228           0.0308     0.0032  |       0.1953      0.1988
 195      0.1896        0.9822  |    0.0224/  0.0553/  0.0656            0.0656          -0.0236     0.0206  |       0.1952      0.1988
 196      0.0331        0.8552  |   -0.4760/ -0.4594/ -0.4437           -0.4437          -0.5098     0.0096  |       0.1951      0.1988
 197      0.0920        0.9819  |   -0.3733/ -0.3522/ -0.3360           -0.3360          -0.4107     0.0153  |       0.1950      0.1988
 198      0.1835        0.8750  |    0.0371/  0.0609/  0.0793            0.0793          -0.0019     0.0123  |       0.1954      0.1988
 199      0.2115        0.9789  |    0.1969/  0.2423/  0.2519            0.2519           0.1390     0.0090  |       0.1958      0.1988
 200      0.1959        0.9806  |    0.1661/  0.1912/  0.2016            0.2016           0.0949     0.0020  |       0.1957      0.1988
 201      0.1978        0.9956  |    0.1395/  0.1931/  0.2031            0.2031           0.0987     0.0105  |       0.1957      0.1988
 202      0.2156        0.9849  |    0.2276/  0.2655/  0.2763            0.2763           0.1506     0.0119  |       0.1960      0.1988
 203      0.1848        0.9715  |    0.0646/  0.0998/  0.1106            0.1106           0.0208     0.0151  |       0.1956      0.1988
 204      0.1626        0.9412  |   -0.1452/ -0.1271/ -0.1182           -0.1182          -0.1866     0.0082  |       0.1951      0.1988
 205      0.1941        0.9681  |    0.0549/  0.0958/  0.1077            0.1077           0.0137     0.0194  |       0.1951      0.1988
 206      0.0936        0.9015  |   -0.3540/ -0.3367/ -0.3239           -0.3239          -0.3864     0.0084  |       0.1951      0.1988
 207      0.0369        0.9801  |   -0.4802/ -0.4576/ -0.4421           -0.4421          -0.5076     0.0127  |       0.1950      0.1988
 208      0.1786        0.8507  |    0.0043/  0.0342/  0.0480            0.0480          -0.0308     0.0108  |       0.1952      0.1988
 209      0.1972        0.9854  |    0.1281/  0.1877/  0.1979            0.1979           0.1025     0.0117  |       0.1953      0.1988
 210      0.1769        0.9877  |    0.0537/  0.0848/  0.0951            0.0951           0.0104     0.0050  |       0.1952      0.1988
 211      0.1476        0.9465  |   -0.2268/ -0.2077/ -0.1977           -0.1977          -0.2558     0.0210  |       0.1951      0.1988
 212      0.1635        0.9890  |   -0.1326/ -0.1047/ -0.0965           -0.0965          -0.1731     0.0152  |       0.1951      0.1988
 213      0.0261        0.9161  |   -0.4835/ -0.4656/ -0.4502           -0.4502          -0.5104     0.0179  |       0.1952      0.1988
 214      0.0625        0.9397  |   -0.4604/ -0.4465/ -0.4328           -0.4328          -0.4864     0.0130  |       0.1956      0.1988
 215      0.0330        0.9389  |   -0.4849/ -0.4570/ -0.4439           -0.4439          -0.5111     0.0085  |       0.1950      0.1988
 216      0.1500        0.9398  |   -0.2271/ -0.2148/ -0.2052           -0.2052          -0.2517     0.0168  |       0.1950      0.1988
 217      0.2058        0.8637  |    0.1563/  0.2115/  0.2243            0.2243           0.1166     0.0047  |       0.1844      0.1988
 218      0.1956        0.9770  |    0.1763/  0.2859/  0.2963            0.2963           0.1818     0.0190  |       0.1792      0.1988
 219      0.1895        0.9438  |    0.0454/  0.0996/  0.1093            0.1093           0.0197     0.0116  |       0.1939      0.1988
 220      0.1798        0.9673  |   -0.0156/  0.0367/  0.0448            0.0448          -0.0412     0.0112  |       0.1950      0.1988
 221      0.1317        0.9610  |   -0.2893/ -0.2576/ -0.2486           -0.2486          -0.3126     0.0127  |       0.1951      0.1988
 222      0.0370        0.9522  |   -0.4550/ -0.4387/ -0.4221           -0.4221          -0.5010     0.0148  |       0.1950      0.1988
 223      0.0388        0.9864  |   -0.4566/ -0.4391/ -0.4249           -0.4249          -0.4959     0.0060  |       0.1951      0.1988
 224      0.1324        0.9619  |   -0.2831/ -0.2688/ -0.2561           -0.2561          -0.3047     0.0032  |       0.1920      0.1988
 225      0.0320        0.9607  |   -0.4787/ -0.4552/ -0.4400           -0.4400          -0.5129     0.0133  |       0.1939      0.1988
 226      0.1763        0.8475  |    0.0539/  0.1041/  0.1180            0.1180           0.0407     0.0072  |       0.1914      0.1988
 227      0.2023        0.9654  |    0.1785/  0.2365/  0.2481            0.2481           0.1362     0.0114  |       0.1944      0.1988
 228      0.2071        0.9787  |    0.2347/  0.2779/  0.2885            0.2885           0.1574     0.0171  |       0.1959      0.1988
 229      0.1871        0.9371  |   -0.0008/  0.0319/  0.0411            0.0411          -0.0404     0.0135  |       0.1953      0.1988
 230      0.1661        0.9694  |   -0.1258/ -0.0897/ -0.0802           -0.0802          -0.1556     0.0110  |       0.1951      0.1988
 231      0.1254        0.9685  |   -0.2676/ -0.2510/ -0.2410           -0.2410          -0.3013     0.0157  |       0.1950      0.1988
 232      0.1098        0.9894  |   -0.3025/ -0.2878/ -0.2754           -0.2754          -0.3429     0.0107  |       0.1950      0.1988
 233      0.1791        0.9182  |    0.0552/  0.1084/  0.1206            0.1206           0.0323     0.0202  |       0.1952      0.1988
 234      0.0397        0.8653  |   -0.4985/ -0.4729/ -0.4534           -0.4534          -0.4887     0.0182  |       0.1953      0.1988
 235      0.0348        0.9773  |   -0.4782/ -0.4594/ -0.4433           -0.4433          -0.5088     0.0143  |       0.1950      0.1988
 236      0.1852        0.8252  |   -0.0044/  0.0369/  0.0501            0.0501          -0.0272     0.0118  |       0.1950      0.1988
 237      0.1768        0.9658  |   -0.0164/  0.0721/  0.0840            0.0840           0.0005     0.0148  |       0.1952      0.1988
 238      0.1854        0.9874  |    0.0650/  0.1115/  0.1228            0.1228           0.0284     0.0194  |       0.1953      0.1988
 239      0.1824        0.9736  |    0.0178/  0.0435/  0.0513            0.0513          -0.0390     0.0122  |       0.1952      0.1988
 240      0.0308        0.8775  |   -0.4903/ -0.4700/ -0.4539           -0.4539          -0.5085     0.0131  |       0.1951      0.1988
 241      0.0290        0.9957  |   -0.4821/ -0.4669/ -0.4533           -0.4533          -0.5214     0.0110  |       0.1950      0.1988
 242      0.1660        0.8956  |   -0.1519/ -0.0851/ -0.0740           -0.0740          -0.1338     0.0122  |       0.1950      0.1988
 243      0.1987        0.9387  |    0.1631/  0.2032/  0.2146            0.2146           0.1118     0.0133  |       0.1956      0.1988
 244      0.2045        0.9570  |    0.2637/  0.3356/  0.3463            0.3463           0.2247     0.0150  |       0.1962      0.1988
 245      0.1916        0.9489  |    0.0705/  0.1417/  0.1506            0.1506           0.0590     0.0091  |       0.1954      0.1988
 246      0.1880        0.9703  |   -0.0069/  0.0189/  0.0275            0.0275          -0.0615     0.0197  |       0.1951      0.1988
 247      0.0358        0.8801  |   -0.4816/ -0.4590/ -0.4438           -0.4438          -0.5021     0.0084  |       0.1951      0.1988
 248      0.0399        0.9751  |   -0.4584/ -0.4451/ -0.4321           -0.4321          -0.5009     0.0181  |       0.1952      0.1988
 249      0.1868        0.8629  |   -0.0150/  0.0246/  0.0387            0.0387          -0.0397     0.0112  |       0.1951      0.1988
 250      0.0884        0.9086  |   -0.3873/ -0.3710/ -0.3550           -0.3550          -0.4236     0.0156  |       0.1951      0.1988
 251      0.0314        0.9746  |   -0.4684/ -0.4496/ -0.4317           -0.4317          -0.5100     0.0188  |       0.1951      0.1988
 252      0.1884        0.8170  |    0.0018/  0.0727/  0.0881            0.0881           0.0093     0.0130  |       0.1954      0.1988
 253      0.2066        0.9530  |    0.2656/  0.3088/  0.3199            0.3199           0.2075     0.0153  |       0.1963      0.1988
 254      0.2028        0.9842  |    0.1321/  0.1658/  0.1787            0.1787           0.0802     0.0123  |       0.1962      0.1988
 255      0.2104        0.9761  |    0.1801/  0.2217/  0.2330            0.2330           0.1199     0.0040  |       0.1959      0.1988
 256      0.1885        0.9797  |    0.0753/  0.1025/  0.1102            0.1102           0.0154     0.0158  |       0.1953      0.1988
 257      0.1925        0.9701  |    0.0299/  0.0522/  0.0621            0.0621          -0.0251     0.0191  |       0.1952      0.1988
 258      0.0336        0.8521  |   -0.4824/ -0.4639/ -0.4456           -0.4456          -0.5144     0.0067  |       0.1951      0.1988
 259      0.0699        0.9715  |   -0.4132/ -0.3983/ -0.3830           -0.3830          -0.4545     0.0235  |       0.1897      0.1988
 260      0.1805        0.9075  |   -0.0519/ -0.0347/ -0.0192           -0.0192          -0.0881     0.0039  |       0.1945      0.1988
 261      0.1901        0.9837  |   -0.0080/  0.0507/  0.0620            0.0620          -0.0183     0.0073  |       0.1951      0.1988
 262      0.1802        0.9821  |   -0.0174/  0.0148/  0.0264            0.0264          -0.0581     0.0100  |       0.1951      0.1988
 263      0.0348        0.8779  |   -0.5028/ -0.4766/ -0.4541           -0.4541          -0.5052     0.0087  |       0.1951      0.1988
 264      0.1491        0.9396  |   -0.2282/ -0.2029/ -0.1953           -0.1953          -0.2593     0.0100  |       0.1950      0.1988
 265      0.1177        0.9918  |   -0.3052/ -0.2908/ -0.2804           -0.2804          -0.3419     0.0143  |       0.1950      0.1988
 266      0.0303        0.9580  |   -0.4755/ -0.4575/ -0.4406           -0.4406          -0.5064     0.0178  |       0.1952      0.1988
 267      0.1840        0.8611  |    0.0111/  0.0735/  0.0868            0.0868           0.0157     0.0140  |       0.1951      0.1988
 268      0.2094        0.9603  |    0.1795/  0.2418/  0.2523            0.2523           0.1342     0.0111  |       0.1958      0.1988
 269      0.1860        0.9786  |    0.0363/  0.1059/  0.1184            0.1184           0.0261     0.0131  |       0.1955      0.1988
 270      0.1885        0.9882  |    0.0567/  0.0876/  0.0985            0.0985           0.0019     0.0110  |       0.1955      0.1988
 271      0.1909        0.9662  |    0.0408/  0.0831/  0.0923            0.0923           0.0026     0.0146  |       0.1952      0.1988
 272      0.1616        0.9494  |   -0.1629/ -0.1457/ -0.1382           -0.1382          -0.2087     0.0152  |       0.1951      0.1988
 273      0.0293        0.9168  |   -0.4829/ -0.4656/ -0.4494           -0.4494          -0.5226     0.0057  |       0.1951      0.1988
 274      0.0954        0.9715  |   -0.3441/ -0.3289/ -0.3134           -0.3134          -0.3842     0.0095  |       0.1950      0.1988
 275      0.1546        0.9665  |   -0.2183/ -0.2061/ -0.1965           -0.1965          -0.2504     0.0077  |       0.1950      0.1988
 276      0.1786        0.9478  |    0.0411/  0.0935/  0.1059            0.1059           0.0252     0.0097  |       0.1952      0.1988
 277      0.1882        0.9841  |    0.0059/  0.0317/  0.0410            0.0410          -0.0347     0.0141  |       0.1952      0.1988
 278      0.1892        0.9983  |    0.0131/  0.0392/  0.0470            0.0470          -0.0328     0.0077  |       0.1951      0.1988
 279      0.1882        0.9807  |    0.0467/  0.1101/  0.1201            0.1201           0.0276     0.0159  |       0.1953      0.1988
 280      0.1829        0.9735  |   -0.0316/  0.0329/  0.0442            0.0442          -0.0448     0.0154  |       0.1952      0.1988
 281      0.1140        0.9385  |   -0.2838/ -0.2697/ -0.2610           -0.2610          -0.3325     0.0050  |       0.1951      0.1988
 282      0.1608        0.9757  |   -0.1702/ -0.1459/ -0.1388           -0.1388          -0.2038     0.0090  |       0.1950      0.1988
 283      0.1842        0.9751  |   -0.0713/ -0.0217/ -0.0108           -0.0108          -0.0974     0.0143  |       0.1951      0.1988
 284      0.0302        0.8776  |   -0.4893/ -0.4656/ -0.4515           -0.4515          -0.5080     0.0103  |       0.1952      0.1988
 285      0.0321        0.9867  |   -0.4779/ -0.4582/ -0.4444           -0.4444          -0.5149     0.0073  |       0.1950      0.1988
 286      0.0332        0.9918  |   -0.4662/ -0.4486/ -0.4330           -0.4330          -0.5093     0.0143  |       0.1950      0.1988
 287      0.1901        0.8447  |    0.0532/  0.0839/  0.0991            0.0991           0.0241     0.0020  |       0.1953      0.1988
 288      0.1896        0.9903  |    0.1000/  0.1366/  0.1487            0.1487           0.0585     0.0079  |       0.1955      0.1988
 289      0.2019        0.9787  |    0.1557/  0.2194/  0.2300            0.2300           0.1213     0.0142  |       0.1957      0.1988
 290      0.1887        0.9697  |    0.1092/  0.1734/  0.1853            0.1853           0.0918     0.0135  |       0.1954      0.1988
 291      0.1855        0.9904  |    0.0662/  0.1232/  0.1311            0.1311           0.0366     0.0159  |       0.1953      0.1988
 292      0.0888        0.9033  |   -0.3980/ -0.3684/ -0.3535           -0.3535          -0.4214     0.0185  |       0.1951      0.1988
 293      0.0349        0.9736  |   -0.4706/ -0.4538/ -0.4392           -0.4392          -0.5090     0.0101  |       0.1951      0.1988
 294      0.1155        0.9579  |   -0.3137/ -0.2989/ -0.2890           -0.2890          -0.3472     0.0123  |       0.1950      0.1988
 295      0.1867        0.9373  |    0.0198/  0.0806/  0.0948            0.0948           0.0171     0.0034  |       0.1953      0.1988
 296      0.1863        0.9951  |    0.0639/  0.1143/  0.1253            0.1253           0.0368     0.0069  |       0.1954      0.1988
 297      0.1854        0.9920  |    0.0581/  0.0894/  0.0993            0.0993           0.0140     0.0163  |       0.1954      0.1988
 298      0.1793        0.9737  |    0.0359/  0.0790/  0.0880            0.0880           0.0013     0.0024  |       0.1952      0.1988
 299      0.1838        0.9811  |   -0.0396/ -0.0168/ -0.0078           -0.0078          -0.0941     0.0190  |       0.1951      0.1988
IMAGEIO FFMPEG_WRITER WARNING: input image is not divisible by macro_block_size=16, resizing from (320, 180) to (320, 192) to ensure video compatibility with most codecs and players. To prevent resizing, make your input image divisible by the macro_block_size or set the macro_block_size to 1 (risking incompatibility).

Saved 300 frames -> /home/ashwink/Documents/swms/SWM_copy/rollouts_5_per/expert-only/epoch0/epoch0_rollout0_failure.mp4
min dist(green_cube,blue_moon) over episode = 0.1988  ->  FAILURE
Full log written to /home/ashwink/Documents/swms/SWM_copy/rollouts_5_per/expert-only/epoch0/epoch0_rollout0_20260723_114752.log
Result json -> /home/ashwink/Documents/swms/SWM_copy/rollouts_5_per/expert-only/epoch0/epoch0_rollout0_result.json
