Checkpoint dir epoch: 0  Rollout: 3
Logging to /home/ashwink/Documents/swms/SWM_copy/rollouts_5_per/expert-only/epoch0/epoch0_rollout3_20260723_115244.log
Goal (fixed, steps 0-299): the green cube is touching the blue moon. the peg is touching the green cube.

Checkpoint: /home/ashwink/Documents/swms/SWM_copy/training/checkpoints_clip_full_finetuned_wider_hl/epoch_000.pt
  epoch=0  step=858

Loading CLIP ViT-L/14 (datacomp_xl_s13b_b90k) + fine-tuned clip_state_dict ...
Parsing model identifier. Schema: None, Identifier: ViT-L-14
Loaded built-in ViT-L-14 model config.
Instantiating model architecture: CLIP
Loading full pretrained weights from: /home/ashwink/.cache/huggingface/hub/models--laion--CLIP-ViT-L-14-DataComp.XL-s13B-b90K/snapshots/84c9828e63dc9a9351d1fe637c346d4c1c4db341/open_clip_pytorch_model.bin
Final image preprocessing configuration set: {'size': (224, 224), 'mode': 'RGB', 'mean': (0.48145466, 0.4578275, 0.40821073), 'std': (0.26862954, 0.26130258, 0.27577711), 'interpolation': 'bicubic', 'resize_mode': 'shortest', 'fill_color': 0}
Model ViT-L-14 creation process complete.
Parsing tokenizer identifier. Schema: None, Identifier: ViT-L-14
Attempting to load config from built-in: ViT-L-14
Using default SimpleTokenizer.
z_star shape: torch.Size([768])

Loading action stats from /home/ashwink/full_data_5000/langtable/demos/ ...
  lo=[-0.03372681140899658, -0.03493623435497284]  hi=[0.03496786952018738, 0.03494429588317871]

Initializing LangTable env ...
Loading URDF plane.urdf
Loading URDF /home/ashwink/Documents/swms/.venv/lib/python3.10/site-packages/language_table/environments/utils/../../../language_table/environments/assets/workspace_real.urdf
Loading URDF xarm/xarm6_robot_white.urdf
Loading URDF /home/ashwink/Documents/swms/.venv/lib/python3.10/site-packages/language_table/environments/utils/../../../language_table/environments/assets/suction/cylinder_real.urdf
Loading URDF /home/ashwink/Documents/swms/.venv/lib/python3.10/site-packages/language_table/environments/utils/../../../language_table/environments/assets/blocks/red_moon.urdf
Loading URDF /home/ashwink/Documents/swms/.venv/lib/python3.10/site-packages/language_table/environments/utils/../../../language_table/environments/assets/blocks/red_cube.urdf
Loading URDF /home/ashwink/Documents/swms/.venv/lib/python3.10/site-packages/language_table/environments/utils/../../../language_table/environments/assets/blocks/red_star.urdf
Loading URDF /home/ashwink/Documents/swms/.venv/lib/python3.10/site-packages/language_table/environments/utils/../../../language_table/environments/assets/blocks/red_pentagon.urdf
Loading URDF /home/ashwink/Documents/swms/.venv/lib/python3.10/site-packages/language_table/environments/utils/../../../language_table/environments/assets/blocks/blue_moon.urdf
Loading URDF /home/ashwink/Documents/swms/.venv/lib/python3.10/site-packages/language_table/environments/utils/../../../language_table/environments/assets/blocks/blue_cube.urdf
Loading URDF /home/ashwink/Documents/swms/.venv/lib/python3.10/site-packages/language_table/environments/utils/../../../language_table/environments/assets/blocks/blue_star.urdf
Loading URDF /home/ashwink/Documents/swms/.venv/lib/python3.10/site-packages/language_table/environments/utils/../../../language_table/environments/assets/blocks/blue_pentagon.urdf
Loading URDF /home/ashwink/Documents/swms/.venv/lib/python3.10/site-packages/language_table/environments/utils/../../../language_table/environments/assets/blocks/yellow_moon.urdf
Loading URDF /home/ashwink/Documents/swms/.venv/lib/python3.10/site-packages/language_table/environments/utils/../../../language_table/environments/assets/blocks/yellow_cube.urdf
Loading URDF /home/ashwink/Documents/swms/.venv/lib/python3.10/site-packages/language_table/environments/utils/../../../language_table/environments/assets/blocks/yellow_star.urdf
Loading URDF /home/ashwink/Documents/swms/.venv/lib/python3.10/site-packages/language_table/environments/utils/../../../language_table/environments/assets/blocks/yellow_pentagon.urdf
Loading URDF /home/ashwink/Documents/swms/.venv/lib/python3.10/site-packages/language_table/environments/utils/../../../language_table/environments/assets/blocks/green_moon.urdf
Loading URDF /home/ashwink/Documents/swms/.venv/lib/python3.10/site-packages/language_table/environments/utils/../../../language_table/environments/assets/blocks/green_cube.urdf
Loading URDF /home/ashwink/Documents/swms/.venv/lib/python3.10/site-packages/language_table/environments/utils/../../../language_table/environments/assets/blocks/green_star.urdf
Loading URDF /home/ashwink/Documents/swms/.venv/lib/python3.10/site-packages/language_table/environments/utils/../../../language_table/environments/assets/blocks/green_pentagon.urdf
Loading URDF /home/ashwink/Documents/swms/.venv/lib/python3.10/site-packages/language_table/environments/utils/../../../language_table/environments/assets/blocks/purple_moon.urdf
Loading URDF /home/ashwink/Documents/swms/.venv/lib/python3.10/site-packages/language_table/environments/utils/../../../language_table/environments/assets/blocks/purple_cube.urdf
Loading URDF /home/ashwink/Documents/swms/.venv/lib/python3.10/site-packages/language_table/environments/utils/../../../language_table/environments/assets/blocks/purple_star.urdf
Loading URDF /home/ashwink/Documents/swms/.venv/lib/python3.10/site-packages/language_table/environments/utils/../../../language_table/environments/assets/blocks/purple_pentagon.urdf
Env ready.

Forced peg start: [0.42843915 0.24419614]  (green_cube=[0.40339102 0.18967466], blue_moon=[0.32039625 0.00902261])
  dist(peg,green_cube)=0.0600  dist(peg,blue_moon)=0.2588  dist(green_cube,blue_moon)=0.1988

step  cos(zt,z*)  cos(zt,zt-1)  |   cos(predK,z*) min/mean/max  cos(pred_sel,z*)   cos(zpred0,z*)  ||a_raw||  |  dist(peg,A)   dist(A,B)
-------------------------------------------------------------------------------------------------------------------------------------------------------------------------------
   0      0.1557           nan  |   -0.0322/  0.0347/  0.0455            0.0455          -0.0581     0.0232  |       0.0587      0.1988
   1      0.1582        0.9973  |    0.0360/  0.0677/  0.0774            0.0774          -0.0194     0.0111  |       0.0408      0.1988
   2      0.1600        0.9971  |    0.0482/  0.0768/  0.0855            0.0855          -0.0172     0.0055  |       0.0451      0.1988
   3      0.1698        0.9979  |    0.0587/  0.0837/  0.0937            0.0937          -0.0140     0.0230  |       0.0493      0.1988
   4      0.2333        0.9189  |    0.3811/  0.4130/  0.4227            0.4227           0.3028     0.0078  |       0.0592      0.1988
   5      0.2407        0.9800  |    0.2670/  0.3131/  0.3246            0.3246           0.2123     0.0085  |       0.0658      0.1988
   6      0.2342        0.9772  |    0.2202/  0.2453/  0.2550            0.2550           0.1460     0.0104  |       0.0734      0.1988
   7      0.2049        0.9523  |    0.0472/  0.0884/  0.0982            0.0982          -0.0078     0.0191  |       0.0809      0.1988
   8      0.1809        0.9489  |   -0.0870/ -0.0392/ -0.0304           -0.0304          -0.1062     0.0101  |       0.0986      0.1988
   9      0.1191        0.9678  |   -0.2717/ -0.2528/ -0.2436           -0.2436          -0.2889     0.0114  |       0.1063      0.1988
  10      0.0958        0.9497  |   -0.2498/ -0.2366/ -0.2304           -0.2304          -0.2926     0.0111  |       0.1171      0.1988
  11      0.1033        0.9627  |   -0.2662/ -0.2513/ -0.2435           -0.2435          -0.2897     0.0160  |       0.1280      0.1988
  12      0.1201        0.9426  |   -0.3812/ -0.3704/ -0.3638           -0.3638          -0.3913     0.0130  |       0.1407      0.1988
  13      0.1079        0.9334  |   -0.4020/ -0.3921/ -0.3856           -0.3856          -0.4086     0.0089  |       0.1526      0.1988
  14      0.1379        0.9507  |   -0.3759/ -0.3633/ -0.3558           -0.3558          -0.3787     0.0072  |       0.1545      0.1988
  15      0.1583        0.9680  |   -0.3399/ -0.3269/ -0.3211           -0.3211          -0.3449     0.0106  |       0.1606      0.1988
  16      0.1007        0.9427  |   -0.3679/ -0.3595/ -0.3510           -0.3510          -0.3800     0.0060  |       0.1704      0.1988
  17      0.0974        0.9688  |   -0.3857/ -0.3756/ -0.3685           -0.3685          -0.3928     0.0113  |       0.1765      0.1988
  18      0.0848        0.9455  |   -0.3912/ -0.3832/ -0.3769           -0.3769          -0.4013     0.0060  |       0.1869      0.1988
  19      0.1076        0.9415  |   -0.4195/ -0.4065/ -0.3959           -0.3959          -0.4340     0.0129  |       0.1903      0.1988
  20      0.1308        0.9680  |   -0.2946/ -0.2818/ -0.2738           -0.2738          -0.3126     0.0117  |       0.1957      0.1988
  21      0.1229        0.9664  |   -0.3571/ -0.3455/ -0.3358           -0.3358          -0.3735     0.0162  |       0.1961      0.1988
  22      0.1068        0.9294  |   -0.4030/ -0.3924/ -0.3828           -0.3828          -0.4033     0.0050  |       0.1820      0.1988
  23      0.1241        0.9709  |   -0.4153/ -0.4003/ -0.3910           -0.3910          -0.4205     0.0208  |       0.1778      0.1988
  24      0.0690        0.9007  |   -0.4551/ -0.4397/ -0.4253           -0.4253          -0.4961     0.0102  |       0.1911      0.1988
  25      0.1265        0.9327  |   -0.2993/ -0.2887/ -0.2793           -0.2793          -0.3320     0.0100  |       0.1898      0.1988
  26      0.1778        0.8746  |    0.1717/  0.2320/  0.2474            0.2474           0.1423     0.0205  |       0.1829      0.1988
  27      0.1725        0.9568  |   -0.0066/  0.0177/  0.0282            0.0282          -0.0508     0.0068  |       0.1937      0.1988
  28      0.1681        0.9754  |   -0.1569/ -0.1314/ -0.1179           -0.1179          -0.1832     0.0073  |       0.1947      0.1988
  29      0.0326        0.9198  |   -0.4894/ -0.4675/ -0.4505           -0.4505          -0.5103     0.0092  |       0.1948      0.1988
  30      0.1843        0.8904  |   -0.0495/ -0.0172/ -0.0056           -0.0056          -0.0870     0.0201  |       0.1948      0.1988
  31      0.0357        0.8895  |   -0.4758/ -0.4587/ -0.4396           -0.4396          -0.5112     0.0025  |       0.1948      0.1988
  32      0.0628        0.9910  |   -0.4363/ -0.4173/ -0.4017           -0.4017          -0.4728     0.0052  |       0.1932      0.1988
  33      0.0865        0.9893  |   -0.3697/ -0.3543/ -0.3412           -0.3412          -0.4154     0.0120  |       0.1946      0.1988
  34      0.1870        0.9054  |    0.0549/  0.1163/  0.1310            0.1310           0.0515     0.0027  |       0.1950      0.1988
  35      0.1922        0.9772  |    0.0757/  0.1267/  0.1389            0.1389           0.0515     0.0110  |       0.1935      0.1988
  36      0.2078        0.9790  |    0.1624/  0.2363/  0.2484            0.2484           0.1312     0.0125  |       0.1953      0.1988
  37      0.1877        0.9615  |    0.1102/  0.1392/  0.1493            0.1493           0.0507     0.0146  |       0.1952      0.1988
  38      0.1251        0.9297  |   -0.2661/ -0.2490/ -0.2380           -0.2380          -0.3006     0.0135  |       0.1949      0.1988
  39      0.1252        0.9990  |   -0.2567/ -0.2359/ -0.2265           -0.2265          -0.2907     0.0018  |       0.1948      0.1988
  40      0.1287        0.9908  |   -0.2823/ -0.2659/ -0.2560           -0.2560          -0.3128     0.0111  |       0.1935      0.1988
  41      0.1834        0.9430  |   -0.0513/ -0.0250/ -0.0129           -0.0129          -0.0998     0.0102  |       0.1947      0.1988
  42      0.1267        0.9336  |   -0.2776/ -0.2491/ -0.2368           -0.2368          -0.2970     0.0125  |       0.1948      0.1988
  43      0.0458        0.9705  |   -0.4434/ -0.4275/ -0.4097           -0.4097          -0.4856     0.0047  |       0.1948      0.1988
  44      0.1690        0.9290  |   -0.1342/ -0.1119/ -0.1022           -0.1022          -0.1658     0.0224  |       0.1947      0.1988
  45      0.1973        0.9538  |    0.1472/  0.2026/  0.2152            0.2152           0.1133     0.0133  |       0.1951      0.1988
  46      0.1039        0.8987  |   -0.3401/ -0.3185/ -0.3051           -0.3051          -0.3617     0.0078  |       0.1949      0.1988
  47      0.0325        0.9677  |   -0.4728/ -0.4431/ -0.4263           -0.4263          -0.5105     0.0171  |       0.1949      0.1988
  48      0.1965        0.8533  |    0.1040/  0.1470/  0.1642            0.1642           0.0760     0.0029  |       0.1951      0.1988
  49      0.1917        0.9924  |    0.0728/  0.1113/  0.1215            0.1215           0.0319     0.0257  |       0.1952      0.1988
  50      0.0353        0.8604  |   -0.4884/ -0.4676/ -0.4523           -0.4523          -0.5047     0.0046  |       0.1949      0.1988
  51      0.1087        0.9634  |   -0.3105/ -0.2915/ -0.2806           -0.2806          -0.3516     0.0097  |       0.1948      0.1988
  52      0.1893        0.9189  |    0.1281/  0.1620/  0.1724            0.1724           0.0775     0.0203  |       0.1931      0.1988
  53      0.1345        0.9355  |   -0.2736/ -0.2508/ -0.2398           -0.2398          -0.2999     0.0162  |       0.1947      0.1988
  54      0.0442        0.9473  |   -0.4688/ -0.4473/ -0.4312           -0.4312          -0.4869     0.0090  |       0.1950      0.1988
  55      0.0377        0.9700  |   -0.4594/ -0.4438/ -0.4283           -0.4283          -0.5074     0.0199  |       0.1948      0.1988
  56      0.2011        0.7999  |    0.1111/  0.1827/  0.2062            0.2062           0.1085     0.0144  |       0.1954      0.1988
  57      0.2071        0.9863  |    0.1956/  0.2661/  0.2778            0.2778           0.1615     0.0036  |       0.1956      0.1988
  58      0.2088        0.9945  |    0.2214/  0.2719/  0.2859            0.2859           0.1681     0.0124  |       0.1926      0.1988
  59      0.2087        0.9726  |    0.2554/  0.2878/  0.2976            0.2976           0.1852     0.0134  |       0.1957      0.1988
  60      0.2113        0.9740  |    0.1944/  0.2487/  0.2590            0.2590           0.1402     0.0163  |       0.1957      0.1988
  61      0.1874        0.9730  |    0.0820/  0.1081/  0.1177            0.1177           0.0257     0.0139  |       0.1954      0.1988
  62      0.1652        0.9573  |   -0.1336/ -0.1020/ -0.0909           -0.0909          -0.1651     0.0170  |       0.1950      0.1988
  63      0.1351        0.9875  |   -0.2583/ -0.2417/ -0.2327           -0.2327          -0.2980     0.0097  |       0.1949      0.1988
  64      0.1674        0.9811  |   -0.0817/ -0.0530/ -0.0442           -0.0442          -0.1244     0.0070  |       0.1949      0.1988
  65      0.0894        0.9442  |   -0.3743/ -0.3584/ -0.3458           -0.3458          -0.4112     0.0239  |       0.1949      0.1988
  66      0.0728        0.9217  |   -0.4431/ -0.4287/ -0.4177           -0.4177          -0.4756     0.0062  |       0.1953      0.1988
  67      0.0471        0.9601  |   -0.4439/ -0.4237/ -0.4119           -0.4119          -0.4833     0.0173  |       0.1950      0.1988
  68      0.1893        0.8511  |    0.0015/  0.0286/  0.0401            0.0401          -0.0313     0.0130  |       0.1949      0.1988
  69      0.2099        0.9457  |    0.1548/  0.2180/  0.2305            0.2305           0.1158     0.0144  |       0.1956      0.1988
  70      0.1828        0.9375  |   -0.0131/  0.0073/  0.0169            0.0169          -0.0645     0.0097  |       0.1951      0.1988
  71      0.1523        0.9693  |   -0.2320/ -0.2111/ -0.2008           -0.2008          -0.2581     0.0080  |       0.1950      0.1988
  72      0.1867        0.9804  |    0.0090/  0.0331/  0.0417            0.0417          -0.0515     0.0085  |       0.1949      0.1988
  73      0.1119        0.9471  |   -0.3189/ -0.2927/ -0.2790           -0.2790          -0.3431     0.0114  |       0.1949      0.1988
  74      0.0898        0.9876  |   -0.3756/ -0.3616/ -0.3490           -0.3490          -0.4167     0.0110  |       0.1949      0.1988
  75      0.1812        0.9206  |    0.0161/  0.0360/  0.0477            0.0477          -0.0220     0.0145  |       0.1949      0.1988
  76      0.1929        0.9758  |    0.1258/  0.1888/  0.2020            0.2020           0.0967     0.0134  |       0.1954      0.1988
  77      0.1784        0.9721  |    0.0382/  0.0708/  0.0803            0.0803          -0.0030     0.0152  |       0.1951      0.1988
  78      0.1060        0.9203  |   -0.3483/ -0.3157/ -0.3002           -0.3002          -0.3627     0.0040  |       0.1950      0.1988
  79      0.1767        0.9439  |   -0.0275/  0.0070/  0.0171            0.0171          -0.0675     0.0170  |       0.1941      0.1988
  80      0.0350        0.8873  |   -0.4864/ -0.4682/ -0.4508           -0.4508          -0.5070     0.0172  |       0.1950      0.1988
  81      0.0824        0.9253  |   -0.4574/ -0.4343/ -0.4228           -0.4228          -0.4722     0.0054  |       0.1954      0.1988
  82      0.0420        0.9407  |   -0.4483/ -0.4299/ -0.4142           -0.4142          -0.4779     0.0146  |       0.1941      0.1988
  83      0.1280        0.9277  |   -0.2655/ -0.2480/ -0.2388           -0.2388          -0.3008     0.0127  |       0.1948      0.1988
  84      0.1886        0.9052  |    0.0324/  0.0811/  0.0951            0.0951           0.0102     0.0156  |       0.1953      0.1988
  85      0.2027        0.9833  |    0.1732/  0.2298/  0.2428            0.2428           0.1323     0.0102  |       0.1956      0.1988
  86      0.1854        0.9586  |    0.0028/  0.0427/  0.0551            0.0551          -0.0239     0.0058  |       0.1951      0.1988
  87      0.1793        0.9863  |    0.0647/  0.0950/  0.1029            0.1029           0.0146     0.0081  |       0.1951      0.1988
  88      0.1016        0.9168  |   -0.3348/ -0.3134/ -0.2983           -0.2983          -0.3665     0.0208  |       0.1950      0.1988
  89      0.0390        0.9652  |   -0.4574/ -0.4402/ -0.4274           -0.4274          -0.4948     0.0084  |       0.1950      0.1988
  90      0.1056        0.9636  |   -0.3348/ -0.3135/ -0.3017           -0.3017          -0.3614     0.0197  |       0.1949      0.1988
  91      0.2098        0.8573  |    0.2098/  0.2541/  0.2681            0.2681           0.1516     0.0102  |       0.1956      0.1988
  92      0.1922        0.9625  |    0.0690/  0.1294/  0.1410            0.1410           0.0537     0.0142  |       0.1953      0.1988
  93      0.1851        0.9949  |    0.0833/  0.1041/  0.1134            0.1134           0.0254     0.0086  |       0.1952      0.1988
  94      0.1524        0.9534  |   -0.2173/ -0.2004/ -0.1903           -0.1903          -0.2538     0.0171  |       0.1950      0.1988
  95      0.1906        0.9460  |    0.0939/  0.1303/  0.1400            0.1400           0.0482     0.0192  |       0.1952      0.1988
  96      0.0420        0.8677  |   -0.4618/ -0.4400/ -0.4209           -0.4209          -0.4918     0.0121  |       0.1950      0.1988
  97      0.0304        0.9837  |   -0.4590/ -0.4418/ -0.4280           -0.4280          -0.4998     0.0113  |       0.1950      0.1988
  98      0.1187        0.9573  |   -0.3038/ -0.2917/ -0.2803           -0.2803          -0.3360     0.0189  |       0.1949      0.1988
  99      0.1900        0.9007  |    0.1157/  0.1662/  0.1830            0.1830           0.0934     0.0061  |       0.1954      0.1988
 100      0.1963        0.9938  |    0.1561/  0.1957/  0.2082            0.2082           0.1106     0.0088  |       0.1955      0.1988
 101      0.1888        0.9937  |    0.0609/  0.1049/  0.1155            0.1155           0.0264     0.0105  |       0.1955      0.1988
 102      0.2124        0.9653  |    0.2328/  0.2974/  0.3097            0.3097           0.1871     0.0128  |       0.1958      0.1988
 103      0.1903        0.9725  |    0.0947/  0.1447/  0.1561            0.1561           0.0539     0.0135  |       0.1956      0.1988
 104      0.1778        0.9667  |    0.0058/  0.0361/  0.0452            0.0452          -0.0418     0.0077  |       0.1952      0.1988
 105      0.1832        0.9913  |    0.0643/  0.0942/  0.1039            0.1039           0.0137     0.0115  |       0.1951      0.1988
 106      0.1634        0.9701  |   -0.1089/ -0.0704/ -0.0603           -0.0603          -0.1400     0.0101  |       0.1950      0.1988
 107      0.0899        0.9491  |   -0.3704/ -0.3500/ -0.3339           -0.3339          -0.4083     0.0097  |       0.1950      0.1988
 108      0.1651        0.9595  |   -0.1661/ -0.1408/ -0.1332           -0.1332          -0.1950     0.0055  |       0.1950      0.1988
 109      0.1919        0.9648  |    0.0033/  0.0582/  0.0714            0.0714          -0.0205     0.0173  |       0.1950      0.1988
 110      0.1874        0.9870  |   -0.0097/  0.0379/  0.0491            0.0491          -0.0424     0.0061  |       0.1950      0.1988
 111      0.1731        0.9769  |    0.0322/  0.0550/  0.0635            0.0635          -0.0229     0.0054  |       0.1951      0.1988
 112      0.1847        0.9872  |    0.0003/  0.0336/  0.0428            0.0428          -0.0416     0.0212  |       0.1951      0.1988
 113      0.0890        0.8968  |   -0.3755/ -0.3548/ -0.3412           -0.3412          -0.4108     0.0071  |       0.1950      0.1988
 114      0.0304        0.9724  |   -0.4684/ -0.4504/ -0.4353           -0.4353          -0.5092     0.0147  |       0.1951      0.1988
 115      0.1830        0.8692  |   -0.0674/ -0.0273/ -0.0144           -0.0144          -0.0897     0.0038  |       0.1950      0.1988
 116      0.1610        0.9742  |   -0.1747/ -0.1503/ -0.1381           -0.1381          -0.1988     0.0100  |       0.1950      0.1988
 117      0.0398        0.9290  |   -0.4637/ -0.4467/ -0.4327           -0.4327          -0.5031     0.0096  |       0.1950      0.1988
 118      0.1909        0.8553  |    0.0174/  0.0522/  0.0653            0.0653          -0.0179     0.0103  |       0.1950      0.1988
 119      0.1898        0.9656  |    0.1060/  0.1276/  0.1367            0.1367           0.0373     0.0154  |       0.1955      0.1988
 120      0.1902        0.9680  |   -0.0111/  0.0446/  0.0550            0.0550          -0.0288     0.0106  |       0.1951      0.1988
 121      0.0373        0.8632  |   -0.4934/ -0.4699/ -0.4482           -0.4482          -0.5037     0.0071  |       0.1950      0.1988
 122      0.1734        0.9176  |   -0.1104/ -0.0870/ -0.0775           -0.0775          -0.1538     0.0022  |       0.1950      0.1988
 123      0.1191        0.9827  |   -0.3194/ -0.3043/ -0.2929           -0.2929          -0.3460     0.0197  |       0.1950      0.1988
 124      0.0359        0.9593  |   -0.4581/ -0.4394/ -0.4264           -0.4264          -0.5017     0.0058  |       0.1950      0.1988
 125      0.1135        0.9638  |   -0.3197/ -0.3037/ -0.2892           -0.2892          -0.3507     0.0134  |       0.1908      0.1988
 126      0.1951        0.9178  |    0.1011/  0.1708/  0.1847            0.1847           0.0950     0.0029  |       0.1948      0.1988
 127      0.1786        0.9856  |   -0.0110/  0.0509/  0.0623            0.0623          -0.0227     0.0105  |       0.1952      0.1988
 128      0.1876        0.9870  |    0.0030/  0.0358/  0.0458            0.0458          -0.0373     0.0179  |       0.1951      0.1988
 129      0.0462        0.8676  |   -0.4437/ -0.4264/ -0.4100           -0.4100          -0.4888     0.0150  |       0.1950      0.1988
 130      0.1842        0.8680  |    0.0428/  0.0893/  0.1004            0.1004           0.0188     0.0081  |       0.1951      0.1988
 131      0.1391        0.9464  |   -0.2456/ -0.2258/ -0.2169           -0.2169          -0.2740     0.0257  |       0.1950      0.1988
 132      0.0704        0.9069  |   -0.4561/ -0.4398/ -0.4274           -0.4274          -0.4793     0.0105  |       0.1954      0.1988
 133      0.0296        0.9469  |   -0.4628/ -0.4478/ -0.4347           -0.4347          -0.5057     0.0137  |       0.1950      0.1988
 134      0.1843        0.8806  |   -0.0481/ -0.0283/ -0.0155           -0.0155          -0.0863     0.0049  |       0.1950      0.1988
 135      0.1884        0.9635  |    0.0753/  0.1179/  0.1290            0.1290           0.0408     0.0166  |       0.1952      0.1988
 136      0.0327        0.8649  |   -0.4956/ -0.4727/ -0.4532           -0.4532          -0.5154     0.0133  |       0.1951      0.1988
 137      0.1609        0.9170  |   -0.2912/ -0.2784/ -0.2691           -0.2691          -0.3167     0.0146  |       0.1843      0.1988
 138      0.1481        0.9323  |   -0.1878/ -0.1446/ -0.1370           -0.1370          -0.2046     0.0079  |       0.1902      0.1988
 139      0.0836        0.9644  |   -0.3956/ -0.3742/ -0.3557           -0.3557          -0.4156     0.0026  |       0.1945      0.1988
 140      0.1038        0.9873  |   -0.3135/ -0.2978/ -0.2847           -0.2847          -0.3594     0.0019  |       0.1949      0.1988
 141      0.1167        0.9905  |   -0.3199/ -0.3042/ -0.2932           -0.2932          -0.3537     0.0154  |       0.1935      0.1988
 142      0.1788        0.9158  |    0.0530/  0.0853/  0.0991            0.0991           0.0155     0.0114  |       0.1950      0.1988
 143      0.1781        0.9891  |   -0.0042/  0.0486/  0.0566            0.0566          -0.0342     0.0081  |       0.1952      0.1988
 144      0.1116        0.9227  |   -0.3365/ -0.3212/ -0.3087           -0.3087          -0.3597     0.0079  |       0.1950      0.1988
 145      0.0347        0.9609  |   -0.4706/ -0.4529/ -0.4396           -0.4396          -0.5100     0.0095  |       0.1950      0.1988
 146      0.0893        0.9813  |   -0.3825/ -0.3649/ -0.3474           -0.3474          -0.4152     0.0100  |       0.1950      0.1988
 147      0.1783        0.9005  |    0.0101/  0.0747/  0.0931            0.0931           0.0099     0.0073  |       0.1951      0.1988
 148      0.1063        0.9318  |   -0.3436/ -0.3278/ -0.3151           -0.3151          -0.3706     0.0115  |       0.1950      0.1988
 149      0.0939        0.9865  |   -0.3526/ -0.3318/ -0.3183           -0.3183          -0.3849     0.0149  |       0.1950      0.1988
 150      0.1840        0.8941  |   -0.0188/  0.0571/  0.0696            0.0696          -0.0161     0.0082  |       0.1954      0.1988
 151      0.1865        0.9744  |    0.0649/  0.1023/  0.1117            0.1117           0.0265     0.0105  |       0.1952      0.1988
 152      0.1134        0.9195  |   -0.2931/ -0.2777/ -0.2670           -0.2670          -0.3330     0.0123  |       0.1951      0.1988
 153      0.1858        0.9093  |   -0.0173/  0.0325/  0.0446            0.0446          -0.0342     0.0170  |       0.1951      0.1988
 154      0.1851        0.9823  |   -0.0596/ -0.0028/  0.0070            0.0070          -0.0798     0.0152  |       0.1951      0.1988
 155      0.0305        0.8925  |   -0.4963/ -0.4680/ -0.4496           -0.4496          -0.5078     0.0101  |       0.1952      0.1988
 156      0.0543        0.9701  |   -0.4700/ -0.4535/ -0.4379           -0.4379          -0.4939     0.0120  |       0.1953      0.1988
 157      0.0897        0.9524  |   -0.3662/ -0.3508/ -0.3365           -0.3365          -0.4061     0.0187  |       0.1944      0.1988
 158      0.2070        0.8274  |    0.1907/  0.2541/  0.2707            0.2707           0.1587     0.0096  |       0.1956      0.1988
 159      0.1845        0.9639  |    0.0081/  0.0895/  0.1037            0.1037           0.0229     0.0138  |       0.1955      0.1988
 160      0.1913        0.9941  |    0.0517/  0.1055/  0.1165            0.1165           0.0299     0.0149  |       0.1954      0.1988
 161      0.1888        0.9833  |    0.0570/  0.1100/  0.1194            0.1194           0.0264     0.0093  |       0.1956      0.1988
 162      0.1864        0.9858  |    0.0486/  0.1222/  0.1320            0.1320           0.0348     0.0102  |       0.1954      0.1988
 163      0.1857        0.9652  |   -0.0405/ -0.0113/ -0.0022           -0.0022          -0.0875     0.0193  |       0.1951      0.1988
 164      0.0620        0.8533  |   -0.4581/ -0.4414/ -0.4288           -0.4288          -0.4737     0.0159  |       0.1954      0.1988
 165      0.0400        0.9650  |   -0.4632/ -0.4474/ -0.4304           -0.4304          -0.5017     0.0065  |       0.1951      0.1988
 166      0.0357        0.9779  |   -0.4654/ -0.4480/ -0.4330           -0.4330          -0.5031     0.0147  |       0.1950      0.1988
 167      0.1988        0.8403  |    0.0675/  0.1341/  0.1517            0.1517           0.0692     0.0062  |       0.1947      0.1988
 168      0.1749        0.9804  |    0.0032/  0.0346/  0.0479            0.0479          -0.0302     0.0135  |       0.1941      0.1988
 169      0.1777        0.9936  |    0.0219/  0.0568/  0.0682            0.0682          -0.0155     0.0088  |       0.1951      0.1988
 170      0.1807        0.9857  |    0.0491/  0.0788/  0.0878            0.0878          -0.0013     0.0073  |       0.1953      0.1988
 171      0.1913        0.9882  |    0.0383/  0.0866/  0.0965            0.0965           0.0037     0.0146  |       0.1954      0.1988
 172      0.1563        0.9581  |   -0.1864/ -0.1492/ -0.1404           -0.1404          -0.2060     0.0178  |       0.1951      0.1988
 173      0.0340        0.9255  |   -0.4697/ -0.4529/ -0.4396           -0.4396          -0.5065     0.0063  |       0.1952      0.1988
 174      0.0391        0.9832  |   -0.4618/ -0.4435/ -0.4276           -0.4276          -0.5051     0.0144  |       0.1950      0.1988
 175      0.1720        0.9193  |   -0.1328/ -0.1037/ -0.0929           -0.0929          -0.1598     0.0050  |       0.1950      0.1988
 176      0.1829        0.9680  |    0.0194/  0.0696/  0.0809            0.0809           0.0018     0.0062  |       0.1951      0.1988
 177      0.1289        0.9380  |   -0.2907/ -0.2757/ -0.2632           -0.2632          -0.3219     0.0106  |       0.1951      0.1988
 178      0.1845        0.9489  |   -0.0262/  0.0113/  0.0230            0.0230          -0.0604     0.0184  |       0.1951      0.1988
 179      0.1874        0.9907  |   -0.1024/  0.0414/  0.0525            0.0525          -0.0338     0.0115  |       0.1951      0.1988
 180      0.0901        0.9018  |   -0.3761/ -0.3614/ -0.3470           -0.3470          -0.4149     0.0083  |       0.1951      0.1988
 181      0.0930        0.9967  |   -0.3637/ -0.3475/ -0.3339           -0.3339          -0.4051     0.0141  |       0.1950      0.1988
 182      0.1772        0.9185  |    0.0062/  0.0773/  0.0890            0.0890           0.0040     0.0075  |       0.1952      0.1988
 183      0.1818        0.9898  |    0.0730/  0.0971/  0.1068            0.1068           0.0165     0.0121  |       0.1952      0.1988
 184      0.0349        0.8486  |   -0.4850/ -0.4614/ -0.4409           -0.4409          -0.5080     0.0087  |       0.1951      0.1988
 185      0.1077        0.9641  |   -0.3076/ -0.2901/ -0.2782           -0.2782          -0.3482     0.0086  |       0.1950      0.1988
 186      0.1858        0.9228  |   -0.0204/  0.0229/  0.0333            0.0333          -0.0454     0.0057  |       0.1951      0.1988
 187      0.1519        0.9661  |   -0.1989/ -0.1760/ -0.1642           -0.1642          -0.2212     0.0184  |       0.1951      0.1988
 188      0.0493        0.9085  |   -0.4522/ -0.4366/ -0.4219           -0.4219          -0.4700     0.0105  |       0.1953      0.1988
 189      0.0363        0.9527  |   -0.4761/ -0.4566/ -0.4402           -0.4402          -0.5030     0.0160  |       0.1945      0.1988
 190      0.1974        0.8533  |    0.1325/  0.1713/  0.1873            0.1873           0.1073     0.0226  |       0.1952      0.1988
 191      0.2097        0.9587  |    0.1415/  0.2165/  0.2290            0.2290           0.1179     0.0018  |       0.1957      0.1988
 192      0.2088        0.9954  |    0.2234/  0.2677/  0.2803            0.2803           0.1651     0.0076  |       0.1958      0.1988
 193      0.1942        0.9662  |    0.0728/  0.1184/  0.1285            0.1285           0.0362     0.0133  |       0.1954      0.1988
 194      0.2007        0.9741  |    0.1809/  0.2150/  0.2242            0.2242           0.1115     0.0229  |       0.1957      0.1988
 195      0.1484        0.9144  |   -0.1893/ -0.1709/ -0.1638           -0.1638          -0.2274     0.0133  |       0.1952      0.1988
 196      0.0405        0.9354  |   -0.4767/ -0.4534/ -0.4389           -0.4389          -0.4930     0.0163  |       0.1952      0.1988
 197      0.1012        0.9645  |   -0.3195/ -0.3090/ -0.2982           -0.2982          -0.3660     0.0150  |       0.1950      0.1988
 198      0.1985        0.8815  |    0.1051/  0.1520/  0.1653            0.1653           0.0745     0.0079  |       0.1956      0.1988
 199      0.2192        0.9740  |    0.2330/  0.2664/  0.2776            0.2776           0.1648     0.0125  |       0.1960      0.1988
 200      0.2015        0.9808  |    0.2739/  0.3198/  0.3305            0.3305           0.2079     0.0032  |       0.1963      0.1988
 201      0.2111        0.9875  |    0.1745/  0.2863/  0.2973            0.2973           0.1766     0.0108  |       0.1944      0.1988
 202      0.2137        0.9876  |    0.2879/  0.3495/  0.3598            0.3598           0.2278     0.0131  |       0.1959      0.1988
 203      0.1913        0.9640  |    0.1407/  0.1738/  0.1823            0.1823           0.0834     0.0133  |       0.1956      0.1988
 204      0.1817        0.9514  |   -0.0576/ -0.0278/ -0.0183           -0.0183          -0.1006     0.0185  |       0.1952      0.1988
 205      0.0380        0.8706  |   -0.4683/ -0.4494/ -0.4327           -0.4327          -0.5027     0.0195  |       0.1951      0.1988
 206      0.1897        0.8344  |   -0.0013/  0.0515/  0.0638            0.0638          -0.0158     0.0013  |       0.1951      0.1988
 207      0.1790        0.9835  |    0.0588/  0.1080/  0.1184            0.1184           0.0278     0.0201  |       0.1952      0.1988
 208      0.1902        0.9807  |   -0.0067/  0.0404/  0.0506            0.0506          -0.0304     0.0048  |       0.1952      0.1988
 209      0.1662        0.9775  |   -0.1185/ -0.0885/ -0.0767           -0.0767          -0.1519     0.0045  |       0.1951      0.1988
 210      0.1534        0.9888  |   -0.2143/ -0.1900/ -0.1805           -0.1805          -0.2458     0.0176  |       0.1951      0.1988
 211      0.0949        0.9703  |   -0.3523/ -0.3338/ -0.3209           -0.3209          -0.3837     0.0116  |       0.1950      0.1988
 212      0.0333        0.9697  |   -0.4591/ -0.4432/ -0.4296           -0.4296          -0.5006     0.0151  |       0.1951      0.1988
 213      0.1816        0.8633  |    0.0352/  0.0680/  0.0823            0.0823           0.0055     0.0195  |       0.1951      0.1988
 214      0.1850        0.9764  |    0.0893/  0.1164/  0.1271            0.1271           0.0382     0.0108  |       0.1954      0.1988
 215      0.1894        0.9664  |   -0.0274/  0.0101/  0.0213            0.0213          -0.0650     0.0086  |       0.1952      0.1988
 216      0.1908        0.9780  |    0.0170/  0.0822/  0.0933            0.0933           0.0070     0.0088  |       0.1952      0.1988
 217      0.1499        0.9353  |   -0.2295/ -0.2123/ -0.2041           -0.2041          -0.2691     0.0093  |       0.1951      0.1988
 218      0.0358        0.9345  |   -0.4726/ -0.4524/ -0.4340           -0.4340          -0.5025     0.0123  |       0.1951      0.1988
 219      0.0443        0.9655  |   -0.4532/ -0.4400/ -0.4243           -0.4243          -0.4926     0.0113  |       0.1952      0.1988
 220      0.0959        0.9544  |   -0.3609/ -0.3467/ -0.3350           -0.3350          -0.3991     0.0082  |       0.1950      0.1988
 221      0.1670        0.9315  |   -0.0520/ -0.0046/  0.0079            0.0079          -0.0591     0.0104  |       0.1952      0.1988
 222      0.2115        0.9506  |    0.1889/  0.2407/  0.2519            0.2519           0.1368     0.0185  |       0.1958      0.1988
 223      0.2027        0.9830  |    0.1925/  0.2324/  0.2435            0.2435           0.1333     0.0021  |       0.1957      0.1988
 224      0.1870        0.9884  |    0.0455/  0.0969/  0.1064            0.1064           0.0152     0.0092  |       0.1956      0.1988
 225      0.1804        0.9735  |    0.0487/  0.0998/  0.1092            0.1092           0.0185     0.0148  |       0.1953      0.1988
 226      0.1945        0.9865  |    0.0615/  0.0847/  0.0954            0.0954          -0.0002     0.0206  |       0.1952      0.1988
 227      0.0299        0.8556  |   -0.5017/ -0.4808/ -0.4631           -0.4631          -0.5248     0.0026  |       0.1951      0.1988
 228      0.0368        0.9867  |   -0.4668/ -0.4520/ -0.4383           -0.4383          -0.5042     0.0128  |       0.1951      0.1988
 229      0.0388        0.9830  |   -0.4611/ -0.4427/ -0.4269           -0.4269          -0.5009     0.0081  |       0.1950      0.1988
 230      0.1345        0.9468  |   -0.2664/ -0.2551/ -0.2455           -0.2455          -0.2975     0.0102  |       0.1950      0.1988
 231      0.1824        0.8771  |    0.1245/  0.2287/  0.2486            0.2486           0.1450     0.0074  |       0.1868      0.1988
 232      0.1954        0.9741  |    0.2094/  0.2589/  0.2712            0.2712           0.1556     0.0127  |       0.1871      0.1988
 233      0.2013        0.9570  |    0.1273/  0.1660/  0.1769            0.1769           0.0777     0.0074  |       0.1945      0.1988
 234      0.1904        0.9784  |    0.0225/  0.0579/  0.0687            0.0687          -0.0173     0.0120  |       0.1951      0.1988
 235      0.1059        0.9064  |   -0.3351/ -0.3197/ -0.3056           -0.3056          -0.3692     0.0113  |       0.1951      0.1988
 236      0.0602        0.9803  |   -0.4175/ -0.4024/ -0.3875           -0.3875          -0.4654     0.0104  |       0.1950      0.1988
 237      0.0856        0.9920  |   -0.3825/ -0.3621/ -0.3495           -0.3495          -0.4149     0.0110  |       0.1950      0.1988
 238      0.1849        0.9101  |    0.0573/  0.1223/  0.1378            0.1378           0.0447     0.0146  |       0.1952      0.1988
 239      0.0999        0.9175  |   -0.3362/ -0.3172/ -0.3037           -0.3037          -0.3696     0.0070  |       0.1951      0.1988
 240      0.1898        0.9196  |   -0.0093/  0.0316/  0.0413            0.0413          -0.0351     0.0101  |       0.1951      0.1988
 241      0.0934        0.9128  |   -0.3736/ -0.3578/ -0.3448           -0.3448          -0.4044     0.0136  |       0.1951      0.1988
 242      0.1783        0.9282  |    0.0210/  0.0804/  0.0920            0.0920           0.0025     0.0157  |       0.1952      0.1988
 243      0.1843        0.9725  |   -0.0338/  0.0429/  0.0540            0.0540          -0.0315     0.0191  |       0.1952      0.1988
 244      0.0361        0.8704  |   -0.4846/ -0.4653/ -0.4448           -0.4448          -0.5038     0.0148  |       0.1951      0.1988
 245      0.1786        0.8417  |    0.0268/  0.1020/  0.1143            0.1143           0.0267     0.0149  |       0.1952      0.1988
 246      0.1790        0.9857  |    0.0510/  0.0894/  0.1005            0.1005           0.0076     0.0127  |       0.1953      0.1988
 247      0.0840        0.9145  |   -0.3921/ -0.3707/ -0.3545           -0.3545          -0.4236     0.0029  |       0.1951      0.1988
 248      0.0362        0.9799  |   -0.4608/ -0.4460/ -0.4311           -0.4311          -0.5024     0.0136  |       0.1950      0.1988
 249      0.1871        0.8748  |    0.0809/  0.1063/  0.1175            0.1175           0.0305     0.0069  |       0.1953      0.1988
 250      0.1912        0.9972  |    0.0248/  0.0704/  0.0830            0.0830          -0.0031     0.0190  |       0.1954      0.1988
 251      0.0340        0.8670  |   -0.5053/ -0.4829/ -0.4655           -0.4655          -0.5086     0.0052  |       0.1951      0.1988
 252      0.1164        0.9648  |   -0.3100/ -0.2913/ -0.2798           -0.2798          -0.3454     0.0111  |       0.1950      0.1988
 253      0.1846        0.9313  |    0.0869/  0.1113/  0.1236            0.1236           0.0374     0.0218  |       0.1952      0.1988
 254      0.1763        0.9919  |    0.0254/  0.0629/  0.0721            0.0721          -0.0100     0.0148  |       0.1952      0.1988
 255      0.1802        0.9792  |   -0.0603/ -0.0086/  0.0013            0.0013          -0.0816     0.0185  |       0.1951      0.1988
 256      0.0366        0.8750  |   -0.4866/ -0.4622/ -0.4423           -0.4423          -0.5048     0.0192  |       0.1951      0.1988
 257      0.1914        0.8617  |    0.0680/  0.1002/  0.1120            0.1120           0.0225     0.0102  |       0.1953      0.1988
 258      0.1864        0.9743  |   -0.0069/  0.0244/  0.0338            0.0338          -0.0478     0.0176  |       0.1952      0.1988
 259      0.0309        0.8592  |   -0.4888/ -0.4642/ -0.4467           -0.4467          -0.5053     0.0113  |       0.1952      0.1988
 260      0.0342        0.9920  |   -0.4685/ -0.4533/ -0.4382           -0.4382          -0.5091     0.0063  |       0.1951      0.1988
 261      0.1071        0.9592  |   -0.3108/ -0.2937/ -0.2817           -0.2817          -0.3566     0.0059  |       0.1950      0.1988
 262      0.1664        0.9537  |   -0.1140/ -0.0793/ -0.0667           -0.0667          -0.1295     0.0107  |       0.1951      0.1988
 263      0.0414        0.9017  |   -0.4684/ -0.4512/ -0.4347           -0.4347          -0.4943     0.0160  |       0.1951      0.1988
 264      0.1750        0.8666  |    0.0092/  0.0604/  0.0726            0.0726          -0.0052     0.0071  |       0.1929      0.1988
 265      0.1888        0.9806  |    0.0858/  0.1199/  0.1339            0.1339           0.0343     0.0149  |       0.1952      0.1988
 266      0.2085        0.9710  |    0.1383/  0.2030/  0.2140            0.2140           0.1010     0.0126  |       0.1957      0.1988
 267      0.1802        0.9374  |   -0.0382/  0.0072/  0.0150            0.0150          -0.0637     0.0114  |       0.1952      0.1988
 268      0.1213        0.9404  |   -0.3006/ -0.2871/ -0.2784           -0.2784          -0.3365     0.0121  |       0.1951      0.1988
 269      0.0889        0.9785  |   -0.3780/ -0.3616/ -0.3499           -0.3499          -0.4211     0.0034  |       0.1950      0.1988
 270      0.1099        0.9826  |   -0.3294/ -0.3180/ -0.3087           -0.3087          -0.3687     0.0106  |       0.1950      0.1988
 271      0.1899        0.9109  |    0.0361/  0.0722/  0.0843            0.0843           0.0053     0.0194  |       0.1951      0.1988
 272      0.1843        0.9677  |    0.0390/  0.0811/  0.0931            0.0931           0.0013     0.0098  |       0.1955      0.1988
 273      0.1813        0.9719  |    0.0293/  0.0596/  0.0692            0.0692          -0.0195     0.0133  |       0.1923      0.1988
 274      0.1761        0.9898  |    0.0122/  0.0605/  0.0702            0.0702          -0.0167     0.0117  |       0.1949      0.1988
 275      0.1669        0.9611  |   -0.1472/ -0.1305/ -0.1232           -0.1232          -0.1929     0.0161  |       0.1951      0.1988
 276      0.0337        0.9176  |   -0.4641/ -0.4447/ -0.4306           -0.4306          -0.5072     0.0136  |       0.1951      0.1988
 277      0.0585        0.9660  |   -0.4546/ -0.4376/ -0.4236           -0.4236          -0.4846     0.0131  |       0.1953      0.1988
 278      0.0355        0.9610  |   -0.4715/ -0.4575/ -0.4412           -0.4412          -0.5118     0.0101  |       0.1950      0.1988
 279      0.1862        0.8706  |    0.0117/  0.0330/  0.0479            0.0479          -0.0172     0.0128  |       0.1951      0.1988
 280      0.2183        0.9528  |    0.1553/  0.2292/  0.2419            0.2419           0.1314     0.0090  |       0.1958      0.1988
 281      0.2048        0.9735  |    0.2564/  0.3172/  0.3283            0.3283           0.2124     0.0120  |       0.1962      0.1988
 282      0.2104        0.9692  |    0.1835/  0.2585/  0.2686            0.2686           0.1463     0.0103  |       0.1959      0.1988
 283      0.1990        0.9809  |    0.1526/  0.2061/  0.2151            0.2151           0.1050     0.0104  |       0.1957      0.1988
 284      0.1886        0.9776  |    0.0676/  0.1314/  0.1420            0.1420           0.0459     0.0093  |       0.1954      0.1988
 285      0.1864        0.9821  |    0.0189/  0.0482/  0.0579            0.0579          -0.0255     0.0203  |       0.1952      0.1988
 286      0.0948        0.8971  |   -0.3511/ -0.3342/ -0.3211           -0.3211          -0.3879     0.0052  |       0.1951      0.1988
 287      0.0338        0.9718  |   -0.4684/ -0.4518/ -0.4344           -0.4344          -0.5090     0.0190  |       0.1950      0.1988
 288      0.1672        0.9183  |   -0.1438/ -0.1289/ -0.1171           -0.1171          -0.1734     0.0124  |       0.1950      0.1988
 289      0.1768        0.9641  |    0.0098/  0.0639/  0.0767            0.0767           0.0023     0.0100  |       0.1952      0.1988
 290      0.1992        0.9715  |    0.1816/  0.2092/  0.2198            0.2198           0.1132     0.0010  |       0.1956      0.1988
 291      0.1995        0.9989  |    0.1452/  0.1897/  0.2000            0.2000           0.0952     0.0118  |       0.1957      0.1988
 292      0.1926        0.9930  |    0.1716/  0.2047/  0.2167            0.2167           0.1104     0.0183  |       0.1956      0.1988
 293      0.1187        0.9044  |   -0.3165/ -0.2978/ -0.2882           -0.2882          -0.3457     0.0113  |       0.1951      0.1988
 294      0.0288        0.9523  |   -0.4726/ -0.4540/ -0.4399           -0.4399          -0.5175     0.0087  |       0.1951      0.1988
 295      0.0455        0.9883  |   -0.4451/ -0.4295/ -0.4168           -0.4168          -0.4879     0.0107  |       0.1950      0.1988
 296      0.1775        0.8614  |   -0.0284/  0.0075/  0.0243            0.0243          -0.0360     0.0140  |       0.1952      0.1988
 297      0.2121        0.9098  |    0.4073/  0.4583/  0.4709            0.4709           0.3403     0.0094  |       0.1923      0.1988
 298      0.2011        0.9597  |    0.2345/  0.2649/  0.2775            0.2775           0.1618     0.0101  |       0.1959      0.1988
 299      0.2106        0.9735  |    0.2171/  0.2690/  0.2788            0.2788           0.1570     0.0167  |       0.1960      0.1988
IMAGEIO FFMPEG_WRITER WARNING: input image is not divisible by macro_block_size=16, resizing from (320, 180) to (320, 192) to ensure video compatibility with most codecs and players. To prevent resizing, make your input image divisible by the macro_block_size or set the macro_block_size to 1 (risking incompatibility).

Saved 300 frames -> /home/ashwink/Documents/swms/SWM_copy/rollouts_5_per/expert-only/epoch0/epoch0_rollout3_failure.mp4
min dist(green_cube,blue_moon) over episode = 0.1988  ->  FAILURE
Full log written to /home/ashwink/Documents/swms/SWM_copy/rollouts_5_per/expert-only/epoch0/epoch0_rollout3_20260723_115244.log
Result json -> /home/ashwink/Documents/swms/SWM_copy/rollouts_5_per/expert-only/epoch0/epoch0_rollout3_result.json
