Checkpoint dir epoch: 12  Rollout: 2
Logging to /home/ashwink/Documents/swms/SWM_copy/rollouts_5_per/expert-only/epoch12/epoch12_rollout2_20260723_133347.log
Goal (fixed, steps 0-299): the green cube is touching the blue moon. the peg is touching the green cube.

Checkpoint: /home/ashwink/Documents/swms/SWM_copy/training/checkpoints_clip_full_finetuned_wider_hl/epoch_012.pt
  epoch=12  step=11154

Loading CLIP ViT-L/14 (datacomp_xl_s13b_b90k) + fine-tuned clip_state_dict ...
Parsing model identifier. Schema: None, Identifier: ViT-L-14
Loaded built-in ViT-L-14 model config.
Instantiating model architecture: CLIP
Loading full pretrained weights from: /home/ashwink/.cache/huggingface/hub/models--laion--CLIP-ViT-L-14-DataComp.XL-s13B-b90K/snapshots/84c9828e63dc9a9351d1fe637c346d4c1c4db341/open_clip_pytorch_model.bin
Final image preprocessing configuration set: {'size': (224, 224), 'mode': 'RGB', 'mean': (0.48145466, 0.4578275, 0.40821073), 'std': (0.26862954, 0.26130258, 0.27577711), 'interpolation': 'bicubic', 'resize_mode': 'shortest', 'fill_color': 0}
Model ViT-L-14 creation process complete.
Parsing tokenizer identifier. Schema: None, Identifier: ViT-L-14
Attempting to load config from built-in: ViT-L-14
Using default SimpleTokenizer.
z_star shape: torch.Size([768])

Loading action stats from /home/ashwink/full_data_5000/langtable/demos/ ...
  lo=[-0.03372681140899658, -0.03493623435497284]  hi=[0.03496786952018738, 0.03494429588317871]

Initializing LangTable env ...
Loading URDF plane.urdf
Loading URDF /home/ashwink/Documents/swms/.venv/lib/python3.10/site-packages/language_table/environments/utils/../../../language_table/environments/assets/workspace_real.urdf
Loading URDF xarm/xarm6_robot_white.urdf
Loading URDF /home/ashwink/Documents/swms/.venv/lib/python3.10/site-packages/language_table/environments/utils/../../../language_table/environments/assets/suction/cylinder_real.urdf
Loading URDF /home/ashwink/Documents/swms/.venv/lib/python3.10/site-packages/language_table/environments/utils/../../../language_table/environments/assets/blocks/red_moon.urdf
Loading URDF /home/ashwink/Documents/swms/.venv/lib/python3.10/site-packages/language_table/environments/utils/../../../language_table/environments/assets/blocks/red_cube.urdf
Loading URDF /home/ashwink/Documents/swms/.venv/lib/python3.10/site-packages/language_table/environments/utils/../../../language_table/environments/assets/blocks/red_star.urdf
Loading URDF /home/ashwink/Documents/swms/.venv/lib/python3.10/site-packages/language_table/environments/utils/../../../language_table/environments/assets/blocks/red_pentagon.urdf
Loading URDF /home/ashwink/Documents/swms/.venv/lib/python3.10/site-packages/language_table/environments/utils/../../../language_table/environments/assets/blocks/blue_moon.urdf
Loading URDF /home/ashwink/Documents/swms/.venv/lib/python3.10/site-packages/language_table/environments/utils/../../../language_table/environments/assets/blocks/blue_cube.urdf
Loading URDF /home/ashwink/Documents/swms/.venv/lib/python3.10/site-packages/language_table/environments/utils/../../../language_table/environments/assets/blocks/blue_star.urdf
Loading URDF /home/ashwink/Documents/swms/.venv/lib/python3.10/site-packages/language_table/environments/utils/../../../language_table/environments/assets/blocks/blue_pentagon.urdf
Loading URDF /home/ashwink/Documents/swms/.venv/lib/python3.10/site-packages/language_table/environments/utils/../../../language_table/environments/assets/blocks/yellow_moon.urdf
Loading URDF /home/ashwink/Documents/swms/.venv/lib/python3.10/site-packages/language_table/environments/utils/../../../language_table/environments/assets/blocks/yellow_cube.urdf
Loading URDF /home/ashwink/Documents/swms/.venv/lib/python3.10/site-packages/language_table/environments/utils/../../../language_table/environments/assets/blocks/yellow_star.urdf
Loading URDF /home/ashwink/Documents/swms/.venv/lib/python3.10/site-packages/language_table/environments/utils/../../../language_table/environments/assets/blocks/yellow_pentagon.urdf
Loading URDF /home/ashwink/Documents/swms/.venv/lib/python3.10/site-packages/language_table/environments/utils/../../../language_table/environments/assets/blocks/green_moon.urdf
Loading URDF /home/ashwink/Documents/swms/.venv/lib/python3.10/site-packages/language_table/environments/utils/../../../language_table/environments/assets/blocks/green_cube.urdf
Loading URDF /home/ashwink/Documents/swms/.venv/lib/python3.10/site-packages/language_table/environments/utils/../../../language_table/environments/assets/blocks/green_star.urdf
Loading URDF /home/ashwink/Documents/swms/.venv/lib/python3.10/site-packages/language_table/environments/utils/../../../language_table/environments/assets/blocks/green_pentagon.urdf
Loading URDF /home/ashwink/Documents/swms/.venv/lib/python3.10/site-packages/language_table/environments/utils/../../../language_table/environments/assets/blocks/purple_moon.urdf
Loading URDF /home/ashwink/Documents/swms/.venv/lib/python3.10/site-packages/language_table/environments/utils/../../../language_table/environments/assets/blocks/purple_cube.urdf
Loading URDF /home/ashwink/Documents/swms/.venv/lib/python3.10/site-packages/language_table/environments/utils/../../../language_table/environments/assets/blocks/purple_star.urdf
Loading URDF /home/ashwink/Documents/swms/.venv/lib/python3.10/site-packages/language_table/environments/utils/../../../language_table/environments/assets/blocks/purple_pentagon.urdf
Env ready.

Forced peg start: [0.42843915 0.24419614]  (green_cube=[0.40339102 0.18967466], blue_moon=[0.32039625 0.00902261])
  dist(peg,green_cube)=0.0600  dist(peg,blue_moon)=0.2588  dist(green_cube,blue_moon)=0.1988

step  cos(zt,z*)  cos(zt,zt-1)  |   cos(predK,z*) min/mean/max  cos(pred_sel,z*)   cos(zpred0,z*)  ||a_raw||  |  dist(peg,A)   dist(A,B)
-------------------------------------------------------------------------------------------------------------------------------------------------------------------------------
   0      0.1078           nan  |    0.4524/  0.7291/  0.7487            0.7487           0.6673     0.0056  |       0.0587      0.1988
   1      0.1094        0.9947  |    0.6886/  0.7180/  0.7269            0.7269           0.6643     0.0118  |       0.0625      0.1988
   2      0.1144        0.9910  |    0.6647/  0.7144/  0.7233            0.7233           0.6666     0.0137  |       0.0716      0.1988
   3      0.1103        0.9915  |    0.6827/  0.7176/  0.7277            0.7277           0.6609     0.0086  |       0.0631      0.1988
   4      0.1138        0.9854  |    0.6869/  0.7127/  0.7250            0.7250           0.6725     0.0188  |       0.0666      0.1988
   5      0.1158        0.9926  |    0.6870/  0.7261/  0.7348            0.7348           0.6659     0.0097  |       0.0743      0.1988
   6      0.1140        0.9794  |    0.6864/  0.7365/  0.7440            0.7440           0.6696     0.0156  |       0.0681      0.1988
   7      0.1067        0.9911  |    0.7047/  0.7317/  0.7423            0.7423           0.6665     0.0052  |       0.0575      0.1988
   8      0.1098        0.9982  |    0.6908/  0.7319/  0.7410            0.7410           0.6655     0.0059  |       0.0599      0.1988
   9      0.1117        0.9922  |    0.6950/  0.7240/  0.7349            0.7349           0.6626     0.0113  |       0.0643      0.1988
  10      0.1042        0.9900  |    0.7081/  0.7352/  0.7466            0.7466           0.6677     0.0071  |       0.0547      0.1988
  11      0.1086        0.9932  |    0.6144/  0.7326/  0.7423            0.7423           0.6706     0.0057  |       0.0490      0.1988
  12      0.1082        0.9916  |    0.6977/  0.7286/  0.7385            0.7385           0.6712     0.0050  |       0.0438      0.1988
  13      0.1109        0.9952  |    0.7099/  0.7354/  0.7445            0.7445           0.6726     0.0123  |       0.0414      0.1988
  14      0.1215        0.9472  |    0.6813/  0.7376/  0.7473            0.7473           0.6720     0.0096  |       0.0339      0.1974
  15      0.1229        0.9071  |    0.6795/  0.7288/  0.7411            0.7411           0.6570     0.0073  |       0.0336      0.1884
  16      0.1375        0.8897  |    0.7134/  0.7360/  0.7443            0.7443           0.6847     0.0041  |       0.0339      0.1811
  17      0.1332        0.9406  |    0.7171/  0.7401/  0.7491            0.7491           0.6817     0.0105  |       0.0347      0.1811
  18      0.1379        0.9105  |    0.6796/  0.7357/  0.7441            0.7441           0.6661     0.0136  |       0.0336      0.1779
  19      0.1358        0.8905  |    0.6870/  0.7289/  0.7376            0.7376           0.6669     0.0099  |       0.0342      0.1654
  20      0.1428        0.9200  |    0.7053/  0.7396/  0.7460            0.7460           0.6657     0.0106  |       0.0339      0.1595
  21      0.1467        0.8626  |    0.7092/  0.7389/  0.7470            0.7470           0.6615     0.0041  |       0.0339      0.1506
  22      0.1469        0.9314  |    0.7069/  0.7298/  0.7376            0.7376           0.6591     0.0109  |       0.0334      0.1474
  23      0.1399        0.8666  |    0.6370/  0.7229/  0.7308            0.7308           0.6396     0.0201  |       0.0349      0.1371
  24      0.0667        0.7421  |    0.6681/  0.7377/  0.7503            0.7503           0.6501     0.0121  |       0.0405      0.1162
  25      0.0750        0.8953  |    0.7208/  0.7475/  0.7576            0.7576           0.6343     0.0066  |       0.0366      0.1132
  26      0.0679        0.9249  |    0.6546/  0.7460/  0.7586            0.7586           0.6319     0.0061  |       0.0375      0.1109
  27      0.0664        0.9348  |    0.6497/  0.7425/  0.7527            0.7527           0.6550     0.0172  |       0.0368      0.1082
  28      0.1050        0.8632  |    0.6607/  0.7448/  0.7557            0.7557           0.6513     0.0062  |       0.0358      0.1014
  29      0.0961        0.9170  |    0.6916/  0.7521/  0.7617            0.7617           0.6572     0.0051  |       0.0347      0.0981
  30      0.0932        0.9596  |    0.6946/  0.7401/  0.7504            0.7504           0.6510     0.0136  |       0.0350      0.0965
  31      0.1059        0.9021  |    0.6828/  0.7389/  0.7493            0.7493           0.6355     0.0036  |       0.0356      0.0985
  32      0.1222        0.9503  |    0.7301/  0.7585/  0.7678            0.7678           0.6630     0.0070  |       0.0345      0.0986
  33      0.1037        0.8855  |    0.6597/  0.6969/  0.7038            0.7038           0.5507     0.0118  |       0.0334      0.0987
  34      0.1059        0.8902  |    0.6971/  0.7362/  0.7492            0.7492           0.6025     0.0086  |       0.0356      0.1074
  35      0.1001        0.9008  |    0.6854/  0.7135/  0.7254            0.7254           0.5990     0.0155  |       0.0330      0.1110
  36      0.0904        0.8293  |    0.6042/  0.6709/  0.6841            0.6841           0.5185     0.0096  |       0.0371      0.1215
  37      0.1042        0.8863  |    0.5955/  0.6717/  0.6874            0.6874           0.5501     0.0117  |       0.0346      0.1213
  38      0.1043        0.8876  |    0.6215/  0.6789/  0.6945            0.6945           0.4762     0.0103  |       0.0331      0.1261
  39      0.1144        0.9201  |    0.6211/  0.6719/  0.6857            0.6857           0.4775     0.0129  |       0.0354      0.1259
  40      0.1109        0.8604  |    0.5665/  0.6366/  0.6501            0.6501           0.2243     0.0106  |       0.0342      0.1330
  41      0.0361        0.8834  |    0.4610/  0.5142/  0.5341            0.5341          -0.0291     0.0086  |       0.0360      0.1438
  42      0.0303        0.9167  |    0.4978/  0.5387/  0.5582            0.5582           0.0037     0.0190  |       0.0349      0.1502
  43      0.0729        0.8749  |    0.5987/  0.6365/  0.6507            0.6507           0.1749     0.0166  |       0.0362      0.1650
  44      0.0916        0.8258  |    0.6462/  0.6753/  0.6833            0.6833           0.5704     0.0234  |       0.0347      0.1740
  45      0.1129        0.7630  |    0.6864/  0.7087/  0.7180            0.7180           0.6195     0.0238  |       0.0380      0.1764
  46      0.1188        0.6850  |    0.6897/  0.7421/  0.7514            0.7514           0.6592     0.0036  |       0.0375      0.1864
  47      0.0970        0.9349  |    0.7186/  0.7448/  0.7551            0.7551           0.6671     0.0109  |       0.0394      0.1864
  48      0.1347        0.7622  |    0.7490/  0.7656/  0.7757            0.7757           0.6425     0.0136  |       0.0350      0.1876
  49      0.1057        0.7600  |    0.6847/  0.7573/  0.7670            0.7670           0.6675     0.0048  |       0.0344      0.1897
  50      0.0931        0.8394  |    0.7122/  0.7357/  0.7458            0.7458           0.5687     0.0117  |       0.0333      0.1902
  51      0.1004        0.8435  |    0.6880/  0.7360/  0.7456            0.7456           0.6068     0.0105  |       0.0334      0.1902
  52      0.1164        0.7881  |    0.6872/  0.7407/  0.7505            0.7505           0.6369     0.0098  |       0.0343      0.1905
  53      0.0897        0.7434  |    0.6360/  0.7066/  0.7222            0.7222           0.4997     0.0174  |       0.0344      0.1897
  54      0.0587        0.7346  |    0.6739/  0.7096/  0.7228            0.7228           0.2286     0.0098  |       0.0356      0.1863
  55      0.0951        0.8349  |    0.7028/  0.7455/  0.7591            0.7591           0.2320     0.0127  |       0.0337      0.1815
  56      0.0949        0.8348  |    0.6934/  0.7492/  0.7598            0.7598           0.6003     0.0090  |       0.0334      0.1755
  57      0.1175        0.8427  |    0.7026/  0.7552/  0.7678            0.7678           0.5882     0.0109  |       0.0341      0.1737
  58      0.1117        0.8952  |    0.6859/  0.7543/  0.7677            0.7677           0.6415     0.0085  |       0.0396      0.1737
  59      0.1309        0.8782  |    0.6740/  0.7376/  0.7488            0.7488           0.6504     0.0136  |       0.0465      0.1737
  60      0.1415        0.8993  |    0.7054/  0.7534/  0.7637            0.7637           0.6665     0.0108  |       0.0495      0.1737
  61      0.1380        0.9418  |    0.7075/  0.7527/  0.7618            0.7618           0.6613     0.0136  |       0.0591      0.1737
  62      0.1566        0.8551  |    0.6710/  0.7135/  0.7256            0.7256           0.6166     0.0085  |       0.0719      0.1737
  63      0.1635        0.9309  |    0.7071/  0.7248/  0.7335            0.7335           0.6315     0.0118  |       0.0807      0.1737
  64      0.1343        0.9180  |    0.6250/  0.6551/  0.6668            0.6668           0.5236     0.0108  |       0.0913      0.1737
  65      0.1107        0.9000  |    0.4861/  0.5044/  0.5144            0.5144           0.2837     0.0168  |       0.1020      0.1737
  66      0.1106        0.9489  |    0.4635/  0.4839/  0.4964            0.4964           0.2643     0.0151  |       0.1160      0.1737
  67      0.0742        0.9175  |    0.4444/  0.4650/  0.4811            0.4811           0.2395     0.0198  |       0.1305      0.1737
  68      0.0525        0.9027  |    0.2251/  0.2580/  0.2790            0.2790           0.0402     0.0268  |       0.1494      0.1737
  69      0.0084        0.8485  |   -0.2989/ -0.2623/ -0.2350           -0.2350          -0.3735     0.0122  |       0.1736      0.1737
  70     -0.0075        0.8806  |   -0.2687/ -0.2348/ -0.2248           -0.2248          -0.2886     0.0161  |       0.1859      0.1737
  71     -0.0055        0.9590  |   -0.2683/ -0.2380/ -0.2312           -0.2312          -0.2729     0.0203  |       0.2016      0.1737
  72     -0.0407        0.9470  |   -0.2762/ -0.2444/ -0.2263           -0.2263          -0.3105     0.0187  |       0.2214      0.1737
  73     -0.0407        0.9995  |   -0.2855/ -0.2367/ -0.2254           -0.2254          -0.3104     0.0195  |       0.2384      0.1737
  74     -0.0408        0.9995  |   -0.2651/ -0.2295/ -0.2168           -0.2168          -0.3100     0.0125  |       0.2566      0.1737
  75     -0.0408        1.0000  |   -0.2546/ -0.2274/ -0.2144           -0.2144          -0.3105     0.0159  |       0.2476      0.1737
  76     -0.0404        0.9999  |   -0.2549/ -0.2201/ -0.2077           -0.2077          -0.3096     0.0161  |       0.2518      0.1737
  77     -0.0408        0.9999  |   -0.2642/ -0.2160/ -0.2032           -0.2032          -0.3099     0.0079  |       0.2624      0.1737
  78     -0.0425        0.9971  |   -0.2635/ -0.2250/ -0.2155           -0.2155          -0.3126     0.0118  |       0.2695      0.1737
  79     -0.0413        0.9973  |   -0.2552/ -0.2250/ -0.2103           -0.2103          -0.3092     0.0119  |       0.2785      0.1737
  80     -0.0412        1.0000  |   -0.2820/ -0.2227/ -0.2095           -0.2095          -0.3092     0.0111  |       0.2898      0.1737
  81     -0.0404        0.9998  |   -0.2704/ -0.2244/ -0.2130           -0.2130          -0.3099     0.0068  |       0.2933      0.1737
  82     -0.0408        0.9999  |   -0.2582/ -0.2242/ -0.2108           -0.2108          -0.3098     0.0140  |       0.2946      0.1737
  83     -0.0397        0.9972  |   -0.2561/ -0.2251/ -0.2135           -0.2135          -0.3020     0.0149  |       0.2982      0.1737
  84     -0.0412        0.9973  |   -0.2884/ -0.2290/ -0.2141           -0.2141          -0.3111     0.0119  |       0.3007      0.1737
  85     -0.0408        1.0000  |   -0.2611/ -0.2247/ -0.2128           -0.2128          -0.3108     0.0129  |       0.3012      0.1737
  86     -0.0406        0.9998  |   -0.2513/ -0.2235/ -0.2119           -0.2119          -0.3111     0.0165  |       0.3012      0.1737
  87     -0.0406        0.9999  |   -0.2565/ -0.2201/ -0.2080           -0.2080          -0.3104     0.0103  |       0.3013      0.1737
  88     -0.0457        0.9961  |   -0.2555/ -0.2238/ -0.2120           -0.2120          -0.3211     0.0151  |       0.3012      0.1737
  89     -0.0411        0.9961  |   -0.2758/ -0.2181/ -0.2014           -0.2014          -0.3109     0.0099  |       0.3013      0.1737
  90     -0.0408        1.0000  |   -0.2548/ -0.2186/ -0.2072           -0.2072          -0.3103     0.0060  |       0.3011      0.1737
  91     -0.0403        0.9997  |   -0.2542/ -0.2197/ -0.2078           -0.2078          -0.3100     0.0115  |       0.3013      0.1737
  92     -0.0408        0.9998  |   -0.2641/ -0.2178/ -0.2063           -0.2063          -0.3104     0.0097  |       0.3013      0.1737
  93     -0.0408        1.0000  |   -0.2544/ -0.2230/ -0.2104           -0.2104          -0.3107     0.0142  |       0.3013      0.1737
  94     -0.0413        0.9999  |   -0.2500/ -0.2209/ -0.2031           -0.2031          -0.3093     0.0082  |       0.3014      0.1737
  95     -0.0411        1.0000  |   -0.2523/ -0.2240/ -0.2119           -0.2119          -0.3091     0.0080  |       0.3013      0.1737
  96     -0.0406        0.9997  |   -0.2648/ -0.2190/ -0.2075           -0.2075          -0.3085     0.0117  |       0.3012      0.1737
  97     -0.0408        0.9997  |   -0.2959/ -0.2163/ -0.2025           -0.2025          -0.3104     0.0057  |       0.3013      0.1737
  98     -0.0408        1.0000  |   -0.2707/ -0.2178/ -0.2059           -0.2059          -0.3104     0.0110  |       0.3013      0.1737
  99     -0.0409        0.9999  |   -0.2524/ -0.2214/ -0.2090           -0.2090          -0.3099     0.0042  |       0.3013      0.1737
 100     -0.0407        0.9999  |   -0.2425/ -0.2262/ -0.2139           -0.2139          -0.3103     0.0176  |       0.3011      0.1737
 101     -0.0409        0.9995  |   -0.2590/ -0.2221/ -0.2103           -0.2103          -0.3097     0.0128  |       0.3014      0.1737
 102     -0.0408        0.9996  |   -0.2607/ -0.2204/ -0.2092           -0.2092          -0.3102     0.0176  |       0.3013      0.1737
 103     -0.0408        1.0000  |   -0.2882/ -0.2209/ -0.2069           -0.2069          -0.3104     0.0098  |       0.3013      0.1737
 104     -0.0403        0.9999  |   -0.2616/ -0.2243/ -0.2121           -0.2121          -0.3098     0.0137  |       0.3013      0.1737
 105     -0.0412        0.9999  |   -0.2537/ -0.2227/ -0.2094           -0.2094          -0.3085     0.0108  |       0.3014      0.1737
 106     -0.0411        0.9995  |   -0.2566/ -0.2206/ -0.2086           -0.2086          -0.3105     0.0091  |       0.3008      0.1737
 107     -0.0413        0.9995  |   -0.2506/ -0.2221/ -0.2096           -0.2096          -0.3092     0.0202  |       0.3014      0.1737
 108     -0.0408        1.0000  |   -0.2541/ -0.2206/ -0.2080           -0.2080          -0.3103     0.0121  |       0.3015      0.1737
 109     -0.0405        0.9999  |   -0.2623/ -0.2174/ -0.2053           -0.2053          -0.3092     0.0080  |       0.3014      0.1737
 110     -0.0408        0.9999  |   -0.2662/ -0.2221/ -0.2109           -0.2109          -0.3101     0.0112  |       0.3013      0.1737
 111     -0.0425        0.9969  |   -0.2632/ -0.2230/ -0.2113           -0.2113          -0.3160     0.0182  |       0.3014      0.1737
 112     -0.0412        0.9971  |   -0.2722/ -0.2168/ -0.2037           -0.2037          -0.3109     0.0101  |       0.3014      0.1737
 113     -0.0408        1.0000  |   -0.2495/ -0.2180/ -0.2073           -0.2073          -0.3104     0.0146  |       0.3009      0.1737
 114     -0.0407        0.9999  |   -0.2924/ -0.2220/ -0.2105           -0.2105          -0.3107     0.0081  |       0.3015      0.1737
 115     -0.0408        0.9999  |   -0.2897/ -0.2260/ -0.2139           -0.2139          -0.3105     0.0169  |       0.3015      0.1737
 116     -0.0401        0.9973  |   -0.2509/ -0.2209/ -0.2096           -0.2096          -0.3029     0.0147  |       0.3015      0.1737
 117     -0.0411        0.9974  |   -0.2631/ -0.2172/ -0.2044           -0.2044          -0.3108     0.0027  |       0.3001      0.1737
 118     -0.0411        1.0000  |   -0.2507/ -0.2225/ -0.2112           -0.2112          -0.3091     0.0079  |       0.2999      0.1737
 119     -0.0405        0.9997  |   -0.2810/ -0.2243/ -0.2088           -0.2088          -0.3100     0.0140  |       0.3013      0.1737
 120     -0.0406        0.9998  |   -0.3018/ -0.2204/ -0.2081           -0.2081          -0.3105     0.0081  |       0.3014      0.1737
 121     -0.0406        1.0000  |   -0.2529/ -0.2227/ -0.2096           -0.2096          -0.3104     0.0150  |       0.3014      0.1737
 122     -0.0408        1.0000  |   -0.2699/ -0.2270/ -0.2169           -0.2169          -0.3104     0.0166  |       0.3013      0.1737
 123     -0.0408        1.0000  |   -0.2534/ -0.2240/ -0.2120           -0.2120          -0.3099     0.0141  |       0.3013      0.1737
 124     -0.0403        0.9997  |   -0.2719/ -0.2280/ -0.2158           -0.2158          -0.3095     0.0095  |       0.3013      0.1737
 125     -0.0408        0.9997  |   -0.2535/ -0.2218/ -0.2083           -0.2083          -0.3101     0.0083  |       0.3014      0.1737
 126     -0.0408        1.0000  |   -0.2707/ -0.2200/ -0.2089           -0.2089          -0.3100     0.0120  |       0.3014      0.1737
 127     -0.0409        0.9999  |   -0.3216/ -0.2250/ -0.2147           -0.2147          -0.3097     0.0152  |       0.3015      0.1737
 128     -0.0411        0.9999  |   -0.2646/ -0.2255/ -0.2141           -0.2141          -0.3088     0.0133  |       0.3015      0.1737
 129     -0.0405        0.9996  |   -0.2562/ -0.2284/ -0.2125           -0.2125          -0.3102     0.0191  |       0.3015      0.1737
 130     -0.0409        0.9997  |   -0.2998/ -0.2223/ -0.2078           -0.2078          -0.3098     0.0056  |       0.3016      0.1737
 131     -0.0408        1.0000  |   -0.2610/ -0.2220/ -0.2107           -0.2107          -0.3104     0.0129  |       0.3016      0.1737
 132     -0.0403        0.9999  |   -0.2671/ -0.2209/ -0.2063           -0.2063          -0.3095     0.0109  |       0.3015      0.1737
 133     -0.0411        0.9999  |   -0.2612/ -0.2258/ -0.2079           -0.2079          -0.3089     0.0097  |       0.3013      0.1737
 134     -0.0406        0.9995  |   -0.2800/ -0.2215/ -0.2080           -0.2080          -0.3112     0.0051  |       0.3014      0.1737
 135     -0.0410        0.9995  |   -0.2853/ -0.2253/ -0.2141           -0.2141          -0.3102     0.0090  |       0.3008      0.1737
 136     -0.0408        1.0000  |   -0.2770/ -0.2225/ -0.2111           -0.2111          -0.3101     0.0102  |       0.3014      0.1737
 137     -0.0403        0.9999  |   -0.2667/ -0.2284/ -0.2149           -0.2149          -0.3088     0.0194  |       0.3014      0.1737
 138     -0.0408        0.9999  |   -0.2493/ -0.2213/ -0.2084           -0.2084          -0.3103     0.0134  |       0.3014      0.1737
 139     -0.0426        0.9971  |   -0.2884/ -0.2228/ -0.2086           -0.2086          -0.3122     0.0120  |       0.3013      0.1737
 140     -0.0412        0.9971  |   -0.2720/ -0.2214/ -0.2078           -0.2078          -0.3104     0.0086  |       0.3014      0.1737
 141     -0.0407        1.0000  |   -0.2561/ -0.2186/ -0.2051           -0.2051          -0.3101     0.0066  |       0.3014      0.1737
 142     -0.0406        0.9999  |   -0.2552/ -0.2223/ -0.2094           -0.2094          -0.3097     0.0080  |       0.3014      0.1737
 143     -0.0408        0.9999  |   -0.2578/ -0.2246/ -0.2124           -0.2124          -0.3101     0.0170  |       0.3015      0.1737
 144     -0.0398        0.9972  |   -0.2537/ -0.2220/ -0.2080           -0.2080          -0.3018     0.0146  |       0.3015      0.1737
 145     -0.0411        0.9973  |   -0.2692/ -0.2244/ -0.2105           -0.2105          -0.3111     0.0147  |       0.3015      0.1737
 146     -0.0407        1.0000  |   -0.2524/ -0.2221/ -0.2082           -0.2082          -0.3101     0.0168  |       0.3016      0.1737
 147     -0.0407        0.9999  |   -0.2455/ -0.2191/ -0.2069           -0.2069          -0.3109     0.0056  |       0.3016      0.1737
 148     -0.0411        0.9999  |   -0.2604/ -0.2179/ -0.2000           -0.2000          -0.3092     0.0085  |       0.3016      0.1737
 149     -0.0457        0.9962  |   -0.2540/ -0.2238/ -0.2119           -0.2119          -0.3211     0.0120  |       0.3016      0.1737
 150     -0.0410        0.9962  |   -0.2667/ -0.2207/ -0.2090           -0.2090          -0.3101     0.0113  |       0.3016      0.1737
 151     -0.0407        1.0000  |   -0.2623/ -0.2203/ -0.2075           -0.2075          -0.3099     0.0084  |       0.3015      0.1737
 152     -0.0403        0.9998  |   -0.2529/ -0.2248/ -0.2107           -0.2107          -0.3102     0.0131  |       0.3015      0.1737
 153     -0.0408        0.9998  |   -0.2504/ -0.2263/ -0.2147           -0.2147          -0.3096     0.0158  |       0.3015      0.1737
 154     -0.0408        1.0000  |   -0.2493/ -0.2274/ -0.2145           -0.2145          -0.3101     0.0113  |       0.3015      0.1737
 155     -0.0409        0.9999  |   -0.2544/ -0.2259/ -0.2138           -0.2138          -0.3101     0.0127  |       0.3014      0.1737
 156     -0.0408        1.0000  |   -0.2749/ -0.2254/ -0.2136           -0.2136          -0.3099     0.0137  |       0.3014      0.1737
 157     -0.0403        0.9997  |   -0.2482/ -0.2230/ -0.2103           -0.2103          -0.3096     0.0109  |       0.3014      0.1737
 158     -0.0408        0.9997  |   -0.2627/ -0.2180/ -0.2033           -0.2033          -0.3100     0.0018  |       0.3015      0.1737
 159     -0.0408        1.0000  |   -0.2503/ -0.2258/ -0.2139           -0.2139          -0.3105     0.0155  |       0.3016      0.1737
 160     -0.0408        0.9999  |   -0.2590/ -0.2279/ -0.2174           -0.2174          -0.3099     0.0140  |       0.3016      0.1737
 161     -0.0408        0.9999  |   -0.2797/ -0.2294/ -0.2164           -0.2164          -0.3104     0.0156  |       0.3016      0.1737
 162     -0.0407        0.9995  |   -0.2505/ -0.2275/ -0.2127           -0.2127          -0.3106     0.0127  |       0.3017      0.1737
 163     -0.0412        0.9995  |   -0.2656/ -0.2212/ -0.2097           -0.2097          -0.3104     0.0179  |       0.3017      0.1737
 164     -0.0409        1.0000  |   -0.2632/ -0.2228/ -0.2103           -0.2103          -0.3100     0.0047  |       0.3017      0.1737
 165     -0.0403        0.9999  |   -0.2673/ -0.2229/ -0.2075           -0.2075          -0.3092     0.0101  |       0.3017      0.1737
 166     -0.0408        0.9999  |   -0.2585/ -0.2259/ -0.2131           -0.2131          -0.3100     0.0185  |       0.3017      0.1737
 167     -0.0405        0.9995  |   -0.2633/ -0.2213/ -0.2067           -0.2067          -0.3122     0.0087  |       0.3017      0.1737
 168     -0.0412        0.9995  |   -0.2637/ -0.2209/ -0.2106           -0.2106          -0.3107     0.0053  |       0.3010      0.1737
 169     -0.0407        1.0000  |   -0.2664/ -0.2276/ -0.2151           -0.2151          -0.3101     0.0176  |       0.3016      0.1737
 170     -0.0404        0.9999  |   -0.2531/ -0.2253/ -0.2120           -0.2120          -0.3096     0.0166  |       0.3017      0.1737
 171     -0.0408        0.9999  |   -0.2476/ -0.2216/ -0.2094           -0.2094          -0.3101     0.0164  |       0.3017      0.1737
 172     -0.0425        0.9970  |   -0.2548/ -0.2160/ -0.2063           -0.2063          -0.3159     0.0030  |       0.3017      0.1737
 173     -0.0411        0.9971  |   -0.2688/ -0.2255/ -0.2137           -0.2137          -0.3104     0.0143  |       0.3017      0.1737
 174     -0.0407        1.0000  |   -0.2908/ -0.2219/ -0.2081           -0.2081          -0.3103     0.0117  |       0.3017      0.1737
 175     -0.0409        0.9999  |   -0.2556/ -0.2190/ -0.2070           -0.2070          -0.3107     0.0034  |       0.3017      0.1737
 176     -0.0408        0.9999  |   -0.2692/ -0.2229/ -0.2125           -0.2125          -0.3100     0.0198  |       0.3017      0.1737
 177     -0.0399        0.9972  |   -0.2611/ -0.2210/ -0.2073           -0.2073          -0.3020     0.0138  |       0.3017      0.1737
 178     -0.0411        0.9973  |   -0.2664/ -0.2184/ -0.2066           -0.2066          -0.3101     0.0085  |       0.3017      0.1737
 179     -0.0408        1.0000  |   -0.2566/ -0.2221/ -0.2108           -0.2108          -0.3100     0.0136  |       0.3017      0.1737
 180     -0.0403        0.9997  |   -0.2449/ -0.2154/ -0.2038           -0.2038          -0.3099     0.0047  |       0.3017      0.1737
 181     -0.0408        0.9998  |   -0.2509/ -0.2208/ -0.2073           -0.2073          -0.3097     0.0109  |       0.3017      0.1737
 182     -0.0407        1.0000  |   -0.2536/ -0.2221/ -0.2114           -0.2114          -0.3098     0.0202  |       0.3017      0.1737
 183     -0.0409        1.0000  |   -0.2547/ -0.2225/ -0.2114           -0.2114          -0.3101     0.0100  |       0.3017      0.1737
 184     -0.0408        1.0000  |   -0.2843/ -0.2203/ -0.2067           -0.2067          -0.3100     0.0129  |       0.3017      0.1737
 185     -0.0403        0.9997  |   -0.2504/ -0.2256/ -0.2132           -0.2132          -0.3093     0.0130  |       0.3017      0.1737
 186     -0.0409        0.9997  |   -0.2937/ -0.2233/ -0.2123           -0.2123          -0.3100     0.0170  |       0.3017      0.1737
 187     -0.0407        1.0000  |   -0.2556/ -0.2201/ -0.2071           -0.2071          -0.3100     0.0083  |       0.3017      0.1737
 188     -0.0407        0.9999  |   -0.2479/ -0.2266/ -0.2133           -0.2133          -0.3097     0.0148  |       0.3017      0.1737
 189     -0.0408        1.0000  |   -0.2572/ -0.2250/ -0.2124           -0.2124          -0.3100     0.0154  |       0.3017      0.1737
 190     -0.0405        0.9996  |   -0.2568/ -0.2187/ -0.2068           -0.2068          -0.3104     0.0142  |       0.3017      0.1737
 191     -0.0410        0.9996  |   -0.2563/ -0.2205/ -0.2087           -0.2087          -0.3103     0.0055  |       0.3017      0.1737
 192     -0.0407        1.0000  |   -0.2508/ -0.2262/ -0.2139           -0.2139          -0.3100     0.0124  |       0.3017      0.1737
 193     -0.0403        0.9999  |   -0.2591/ -0.2215/ -0.2091           -0.2091          -0.3092     0.0136  |       0.3017      0.1737
 194     -0.0408        0.9999  |   -0.2635/ -0.2244/ -0.2098           -0.2098          -0.3100     0.0184  |       0.3007      0.1737
 195     -0.0407        0.9995  |   -0.2558/ -0.2208/ -0.2104           -0.2104          -0.3108     0.0115  |       0.3016      0.1737
 196     -0.0412        0.9995  |   -0.3195/ -0.2211/ -0.2093           -0.2093          -0.3103     0.0110  |       0.3017      0.1737
 197     -0.0407        1.0000  |   -0.2663/ -0.2227/ -0.2115           -0.2115          -0.3100     0.0154  |       0.3017      0.1737
 198     -0.0405        0.9999  |   -0.2449/ -0.2196/ -0.2081           -0.2081          -0.3091     0.0092  |       0.3017      0.1737
 199     -0.0408        0.9999  |   -0.2443/ -0.2207/ -0.2093           -0.2093          -0.3102     0.0086  |       0.3017      0.1737
 200     -0.0427        0.9971  |   -0.2470/ -0.2200/ -0.2091           -0.2091          -0.3120     0.0179  |       0.3017      0.1737
 201     -0.0411        0.9972  |   -0.2684/ -0.2236/ -0.2098           -0.2098          -0.3101     0.0109  |       0.3017      0.1737
 202     -0.0408        1.0000  |   -0.2506/ -0.2183/ -0.2064           -0.2064          -0.3100     0.0143  |       0.3017      0.1737
 203     -0.0409        0.9999  |   -0.2382/ -0.2199/ -0.2077           -0.2077          -0.3106     0.0086  |       0.3017      0.1737
 204     -0.0409        0.9999  |   -0.3240/ -0.2225/ -0.2092           -0.2092          -0.3099     0.0088  |       0.3017      0.1737
 205     -0.0399        0.9972  |   -0.2531/ -0.2216/ -0.2113           -0.2113          -0.3018     0.0147  |       0.3017      0.1737
 206     -0.0410        0.9974  |   -0.2624/ -0.2189/ -0.2095           -0.2095          -0.3097     0.0212  |       0.2984      0.1737
 207     -0.0408        1.0000  |   -0.2506/ -0.2159/ -0.2047           -0.2047          -0.3100     0.0087  |       0.3014      0.1737
 208     -0.0405        0.9998  |   -0.2611/ -0.2199/ -0.2076           -0.2076          -0.3099     0.0078  |       0.3017      0.1737
 209     -0.0408        0.9998  |   -0.2518/ -0.2142/ -0.2037           -0.2037          -0.3097     0.0072  |       0.3017      0.1737
 210     -0.0457        0.9961  |   -0.2813/ -0.2224/ -0.2118           -0.2118          -0.3212     0.0116  |       0.3017      0.1737
 211     -0.0409        0.9963  |   -0.2694/ -0.2175/ -0.2053           -0.2053          -0.3101     0.0041  |       0.3017      0.1737
 212     -0.0408        1.0000  |   -0.2521/ -0.2212/ -0.2094           -0.2094          -0.3099     0.0127  |       0.3017      0.1737
 213     -0.0404        0.9997  |   -0.2636/ -0.2188/ -0.2060           -0.2060          -0.3096     0.0058  |       0.3017      0.1737
 214     -0.0410        0.9997  |   -0.2424/ -0.2250/ -0.2139           -0.2139          -0.3101     0.0186  |       0.3017      0.1737
 215     -0.0407        1.0000  |   -0.2631/ -0.2203/ -0.2073           -0.2073          -0.3099     0.0100  |       0.3017      0.1737
 216     -0.0407        1.0000  |   -0.2741/ -0.2216/ -0.2083           -0.2083          -0.3095     0.0173  |       0.3017      0.1737
 217     -0.0408        1.0000  |   -0.2695/ -0.2225/ -0.2086           -0.2086          -0.3099     0.0059  |       0.3017      0.1737
 218     -0.0404        0.9996  |   -0.2646/ -0.2187/ -0.2040           -0.2040          -0.3097     0.0118  |       0.3017      0.1737
 219     -0.0409        0.9997  |   -0.2894/ -0.2215/ -0.2086           -0.2086          -0.3102     0.0148  |       0.3017      0.1737
 220     -0.0408        1.0000  |   -0.2683/ -0.2241/ -0.2118           -0.2118          -0.3099     0.0130  |       0.3017      0.1737
 221     -0.0403        0.9999  |   -0.2484/ -0.2231/ -0.2116           -0.2116          -0.3092     0.0133  |       0.3017      0.1737
 222     -0.0408        0.9999  |   -0.2472/ -0.2244/ -0.2135           -0.2135          -0.3101     0.0169  |       0.3017      0.1737
 223     -0.0406        0.9995  |   -0.2926/ -0.2178/ -0.2035           -0.2035          -0.3105     0.0079  |       0.3017      0.1737
 224     -0.0411        0.9995  |   -0.2739/ -0.2221/ -0.2073           -0.2073          -0.3104     0.0186  |       0.3017      0.1737
 225     -0.0408        1.0000  |   -0.2771/ -0.2182/ -0.2070           -0.2070          -0.3098     0.0146  |       0.3017      0.1737
 226     -0.0402        0.9999  |   -0.2784/ -0.2210/ -0.2071           -0.2071          -0.3089     0.0087  |       0.3017      0.1737
 227     -0.0408        0.9999  |   -0.2578/ -0.2232/ -0.2112           -0.2112          -0.3097     0.0131  |       0.3017      0.1737
 228     -0.0426        0.9972  |   -0.2767/ -0.2201/ -0.2070           -0.2070          -0.3129     0.0118  |       0.3017      0.1737
 229     -0.0410        0.9973  |   -0.2543/ -0.2202/ -0.2087           -0.2087          -0.3103     0.0103  |       0.3017      0.1737
 230     -0.0408        1.0000  |   -0.2838/ -0.2207/ -0.2102           -0.2102          -0.3101     0.0115  |       0.3017      0.1737
 231     -0.0407        0.9999  |   -0.2603/ -0.2262/ -0.2122           -0.2122          -0.3097     0.0105  |       0.3017      0.1737
 232     -0.0408        0.9999  |   -0.2623/ -0.2221/ -0.2082           -0.2082          -0.3097     0.0144  |       0.3017      0.1737
 233     -0.0425        0.9971  |   -0.2480/ -0.2181/ -0.2050           -0.2050          -0.3164     0.0046  |       0.3017      0.1737
 234     -0.0410        0.9973  |   -0.2738/ -0.2260/ -0.2147           -0.2147          -0.3097     0.0122  |       0.3013      0.1737
 235     -0.0407        1.0000  |   -0.2476/ -0.2240/ -0.2120           -0.2120          -0.3102     0.0102  |       0.3016      0.1737
 236     -0.0407        0.9998  |   -0.2632/ -0.2241/ -0.2100           -0.2100          -0.3105     0.0131  |       0.3017      0.1737
 237     -0.0407        0.9998  |   -0.2807/ -0.2263/ -0.2149           -0.2149          -0.3099     0.0111  |       0.3017      0.1737
 238     -0.0399        0.9972  |   -0.2703/ -0.2230/ -0.2111           -0.2111          -0.3018     0.0103  |       0.3017      0.1737
 239     -0.0409        0.9974  |   -0.2765/ -0.2260/ -0.2140           -0.2140          -0.3103     0.0113  |       0.3017      0.1737
 240     -0.0408        1.0000  |   -0.2590/ -0.2265/ -0.2128           -0.2128          -0.3102     0.0117  |       0.3017      0.1737
 241     -0.0403        0.9998  |   -0.2506/ -0.2272/ -0.2137           -0.2137          -0.3107     0.0098  |       0.3017      0.1737
 242     -0.0409        0.9998  |   -0.2590/ -0.2274/ -0.2159           -0.2159          -0.3104     0.0207  |       0.3017      0.1737
 243     -0.0407        1.0000  |   -0.2734/ -0.2242/ -0.2111           -0.2111          -0.3102     0.0081  |       0.3017      0.1737
 244     -0.0408        1.0000  |   -0.2563/ -0.2252/ -0.2134           -0.2134          -0.3101     0.0159  |       0.3017      0.1737
 245     -0.0408        1.0000  |   -0.2716/ -0.2206/ -0.2088           -0.2088          -0.3102     0.0139  |       0.3017      0.1737
 246     -0.0402        0.9997  |   -0.2482/ -0.2182/ -0.2074           -0.2074          -0.3098     0.0127  |       0.3017      0.1737
 247     -0.0408        0.9997  |   -0.2972/ -0.2215/ -0.2108           -0.2108          -0.3102     0.0171  |       0.3017      0.1737
 248     -0.0407        1.0000  |   -0.2686/ -0.2181/ -0.2060           -0.2060          -0.3100     0.0131  |       0.3017      0.1737
 249     -0.0402        0.9999  |   -0.2505/ -0.2183/ -0.2066           -0.2066          -0.3093     0.0079  |       0.3017      0.1737
 250     -0.0407        0.9999  |   -0.2707/ -0.2230/ -0.2093           -0.2093          -0.3099     0.0152  |       0.3017      0.1737
 251     -0.0405        0.9996  |   -0.2618/ -0.2211/ -0.2093           -0.2093          -0.3109     0.0106  |       0.3017      0.1736
 252     -0.0410        0.9997  |   -0.2422/ -0.2217/ -0.2107           -0.2107          -0.3098     0.0127  |       0.3017      0.1736
 253     -0.0408        1.0000  |   -0.2427/ -0.2239/ -0.2123           -0.2123          -0.3101     0.0092  |       0.3017      0.1736
 254     -0.0403        0.9999  |   -0.2634/ -0.2253/ -0.2110           -0.2110          -0.3094     0.0126  |       0.3017      0.1736
 255     -0.0407        0.9999  |   -0.2900/ -0.2213/ -0.2098           -0.2098          -0.3101     0.0069  |       0.3017      0.1737
 256     -0.0406        0.9995  |   -0.2773/ -0.2227/ -0.2092           -0.2092          -0.3112     0.0151  |       0.3017      0.1736
 257     -0.0411        0.9996  |   -0.2691/ -0.2252/ -0.2115           -0.2115          -0.3098     0.0120  |       0.3017      0.1736
 258     -0.0408        1.0000  |   -0.2660/ -0.2252/ -0.2111           -0.2111          -0.3101     0.0090  |       0.3017      0.1736
 259     -0.0404        0.9999  |   -0.2641/ -0.2257/ -0.2121           -0.2121          -0.3092     0.0154  |       0.3017      0.1736
 260     -0.0408        0.9999  |   -0.2589/ -0.2214/ -0.2089           -0.2089          -0.3096     0.0115  |       0.3017      0.1736
 261     -0.0425        0.9972  |   -0.2529/ -0.2232/ -0.2087           -0.2087          -0.3117     0.0138  |       0.3017      0.1736
 262     -0.0410        0.9973  |   -0.2668/ -0.2236/ -0.2110           -0.2110          -0.3100     0.0150  |       0.3017      0.1736
 263     -0.0408        1.0000  |   -0.2795/ -0.2218/ -0.2091           -0.2091          -0.3105     0.0145  |       0.3017      0.1736
 264     -0.0409        0.9999  |   -0.2453/ -0.2188/ -0.2071           -0.2071          -0.3108     0.0080  |       0.3017      0.1736
 265     -0.0410        0.9999  |   -0.2581/ -0.2191/ -0.2067           -0.2067          -0.3100     0.0073  |       0.3017      0.1736
 266     -0.0392        0.9979  |   -0.2451/ -0.2171/ -0.2064           -0.2064          -0.3106     0.0081  |       0.3017      0.1736
 267     -0.0409        0.9980  |   -0.2760/ -0.2237/ -0.2121           -0.2121          -0.3098     0.0147  |       0.3017      0.1736
 268     -0.0408        1.0000  |   -0.2954/ -0.2182/ -0.2064           -0.2064          -0.3097     0.0087  |       0.3017      0.1736
 269     -0.0404        0.9998  |   -0.2596/ -0.2206/ -0.2100           -0.2100          -0.3102     0.0177  |       0.3017      0.1736
 270     -0.0409        0.9998  |   -0.2608/ -0.2201/ -0.2086           -0.2086          -0.3100     0.0097  |       0.3017      0.1736
 271     -0.0456        0.9961  |   -0.3177/ -0.2237/ -0.2105           -0.2105          -0.3211     0.0061  |       0.3017      0.1736
 272     -0.0409        0.9963  |   -0.2603/ -0.2238/ -0.2121           -0.2121          -0.3098     0.0176  |       0.3007      0.1736
 273     -0.0407        1.0000  |   -0.2591/ -0.2225/ -0.2109           -0.2109          -0.3097     0.0071  |       0.3016      0.1736
 274     -0.0404        0.9997  |   -0.2496/ -0.2224/ -0.2118           -0.2118          -0.3094     0.0184  |       0.3017      0.1736
 275     -0.0411        0.9997  |   -0.2471/ -0.2174/ -0.2076           -0.2076          -0.3101     0.0118  |       0.3017      0.1736
 276     -0.0408        1.0000  |   -0.2542/ -0.2194/ -0.2089           -0.2089          -0.3101     0.0138  |       0.3017      0.1736
 277     -0.0406        0.9999  |   -0.2374/ -0.2172/ -0.2061           -0.2061          -0.3093     0.0106  |       0.3017      0.1736
 278     -0.0407        0.9999  |   -0.2548/ -0.2223/ -0.2075           -0.2075          -0.3097     0.0093  |       0.3017      0.1736
 279     -0.0406        0.9997  |   -0.2830/ -0.2230/ -0.2105           -0.2105          -0.3107     0.0136  |       0.3017      0.1736
 280     -0.0411        0.9998  |   -0.2830/ -0.2223/ -0.2115           -0.2115          -0.3097     0.0085  |       0.3017      0.1736
 281     -0.0408        1.0000  |   -0.2564/ -0.2177/ -0.2065           -0.2065          -0.3101     0.0078  |       0.3014      0.1736
 282     -0.0402        0.9999  |   -0.2551/ -0.2149/ -0.2019           -0.2019          -0.3093     0.0078  |       0.3016      0.1736
 283     -0.0408        0.9999  |   -0.2532/ -0.2178/ -0.2045           -0.2045          -0.3096     0.0069  |       0.3017      0.1736
 284     -0.0406        0.9995  |   -0.2747/ -0.2194/ -0.2044           -0.2044          -0.3106     0.0028  |       0.3017      0.1736
 285     -0.0410        0.9996  |   -0.2900/ -0.2187/ -0.2068           -0.2068          -0.3095     0.0055  |       0.3017      0.1736
 286     -0.0408        1.0000  |   -0.3042/ -0.2245/ -0.2107           -0.2107          -0.3097     0.0140  |       0.3017      0.1736
 287     -0.0404        0.9999  |   -0.2701/ -0.2197/ -0.2061           -0.2061          -0.3092     0.0103  |       0.3017      0.1736
 288     -0.0409        0.9999  |   -0.2591/ -0.2213/ -0.2095           -0.2095          -0.3099     0.0133  |       0.3017      0.1736
 289     -0.0426        0.9972  |   -0.2520/ -0.2209/ -0.2082           -0.2082          -0.3126     0.0161  |       0.3017      0.1736
 290     -0.0409        0.9973  |   -0.2586/ -0.2201/ -0.2073           -0.2073          -0.3101     0.0131  |       0.3017      0.1736
 291     -0.0407        1.0000  |   -0.2568/ -0.2198/ -0.2087           -0.2087          -0.3098     0.0140  |       0.3017      0.1736
 292     -0.0408        0.9999  |   -0.2797/ -0.2205/ -0.2076           -0.2076          -0.3106     0.0108  |       0.3017      0.1736
 293     -0.0409        0.9999  |   -0.2659/ -0.2204/ -0.2082           -0.2082          -0.3100     0.0103  |       0.3017      0.1736
 294     -0.0408        0.9961  |   -0.2642/ -0.2152/ -0.2010           -0.2010          -0.3147     0.0068  |       0.3017      0.1736
 295     -0.0409        0.9963  |   -0.2504/ -0.2240/ -0.2121           -0.2121          -0.3099     0.0164  |       0.3017      0.1736
 296     -0.0407        1.0000  |   -0.2852/ -0.2263/ -0.2129           -0.2129          -0.3098     0.0132  |       0.3017      0.1736
 297     -0.0405        0.9998  |   -0.2588/ -0.2264/ -0.2113           -0.2113          -0.3098     0.0189  |       0.3017      0.1736
 298     -0.0409        0.9998  |   -0.2486/ -0.2214/ -0.2084           -0.2084          -0.3101     0.0045  |       0.3017      0.1736
 299     -0.0400        0.9973  |   -0.2811/ -0.2251/ -0.2126           -0.2126          -0.3023     0.0197  |       0.3012      0.1736
IMAGEIO FFMPEG_WRITER WARNING: input image is not divisible by macro_block_size=16, resizing from (320, 180) to (320, 192) to ensure video compatibility with most codecs and players. To prevent resizing, make your input image divisible by the macro_block_size or set the macro_block_size to 1 (risking incompatibility).

Saved 300 frames -> /home/ashwink/Documents/swms/SWM_copy/rollouts_5_per/expert-only/epoch12/epoch12_rollout2_failure.mp4
min dist(green_cube,blue_moon) over episode = 0.0965  ->  FAILURE
Full log written to /home/ashwink/Documents/swms/SWM_copy/rollouts_5_per/expert-only/epoch12/epoch12_rollout2_20260723_133347.log
Result json -> /home/ashwink/Documents/swms/SWM_copy/rollouts_5_per/expert-only/epoch12/epoch12_rollout2_result.json
