Checkpoint dir epoch: 12  Rollout: 3
Logging to /home/ashwink/Documents/swms/SWM_copy/rollouts_5_per/expert-only/epoch12/epoch12_rollout3_20260723_133458.log
Goal (fixed, steps 0-299): the green cube is touching the blue moon. the peg is touching the green cube.

Checkpoint: /home/ashwink/Documents/swms/SWM_copy/training/checkpoints_clip_full_finetuned_wider_hl/epoch_012.pt
  epoch=12  step=11154

Loading CLIP ViT-L/14 (datacomp_xl_s13b_b90k) + fine-tuned clip_state_dict ...
Parsing model identifier. Schema: None, Identifier: ViT-L-14
Loaded built-in ViT-L-14 model config.
Instantiating model architecture: CLIP
Loading full pretrained weights from: /home/ashwink/.cache/huggingface/hub/models--laion--CLIP-ViT-L-14-DataComp.XL-s13B-b90K/snapshots/84c9828e63dc9a9351d1fe637c346d4c1c4db341/open_clip_pytorch_model.bin
Final image preprocessing configuration set: {'size': (224, 224), 'mode': 'RGB', 'mean': (0.48145466, 0.4578275, 0.40821073), 'std': (0.26862954, 0.26130258, 0.27577711), 'interpolation': 'bicubic', 'resize_mode': 'shortest', 'fill_color': 0}
Model ViT-L-14 creation process complete.
Parsing tokenizer identifier. Schema: None, Identifier: ViT-L-14
Attempting to load config from built-in: ViT-L-14
Using default SimpleTokenizer.
z_star shape: torch.Size([768])

Loading action stats from /home/ashwink/full_data_5000/langtable/demos/ ...
  lo=[-0.03372681140899658, -0.03493623435497284]  hi=[0.03496786952018738, 0.03494429588317871]

Initializing LangTable env ...
Loading URDF plane.urdf
Loading URDF /home/ashwink/Documents/swms/.venv/lib/python3.10/site-packages/language_table/environments/utils/../../../language_table/environments/assets/workspace_real.urdf
Loading URDF xarm/xarm6_robot_white.urdf
Loading URDF /home/ashwink/Documents/swms/.venv/lib/python3.10/site-packages/language_table/environments/utils/../../../language_table/environments/assets/suction/cylinder_real.urdf
Loading URDF /home/ashwink/Documents/swms/.venv/lib/python3.10/site-packages/language_table/environments/utils/../../../language_table/environments/assets/blocks/red_moon.urdf
Loading URDF /home/ashwink/Documents/swms/.venv/lib/python3.10/site-packages/language_table/environments/utils/../../../language_table/environments/assets/blocks/red_cube.urdf
Loading URDF /home/ashwink/Documents/swms/.venv/lib/python3.10/site-packages/language_table/environments/utils/../../../language_table/environments/assets/blocks/red_star.urdf
Loading URDF /home/ashwink/Documents/swms/.venv/lib/python3.10/site-packages/language_table/environments/utils/../../../language_table/environments/assets/blocks/red_pentagon.urdf
Loading URDF /home/ashwink/Documents/swms/.venv/lib/python3.10/site-packages/language_table/environments/utils/../../../language_table/environments/assets/blocks/blue_moon.urdf
Loading URDF /home/ashwink/Documents/swms/.venv/lib/python3.10/site-packages/language_table/environments/utils/../../../language_table/environments/assets/blocks/blue_cube.urdf
Loading URDF /home/ashwink/Documents/swms/.venv/lib/python3.10/site-packages/language_table/environments/utils/../../../language_table/environments/assets/blocks/blue_star.urdf
Loading URDF /home/ashwink/Documents/swms/.venv/lib/python3.10/site-packages/language_table/environments/utils/../../../language_table/environments/assets/blocks/blue_pentagon.urdf
Loading URDF /home/ashwink/Documents/swms/.venv/lib/python3.10/site-packages/language_table/environments/utils/../../../language_table/environments/assets/blocks/yellow_moon.urdf
Loading URDF /home/ashwink/Documents/swms/.venv/lib/python3.10/site-packages/language_table/environments/utils/../../../language_table/environments/assets/blocks/yellow_cube.urdf
Loading URDF /home/ashwink/Documents/swms/.venv/lib/python3.10/site-packages/language_table/environments/utils/../../../language_table/environments/assets/blocks/yellow_star.urdf
Loading URDF /home/ashwink/Documents/swms/.venv/lib/python3.10/site-packages/language_table/environments/utils/../../../language_table/environments/assets/blocks/yellow_pentagon.urdf
Loading URDF /home/ashwink/Documents/swms/.venv/lib/python3.10/site-packages/language_table/environments/utils/../../../language_table/environments/assets/blocks/green_moon.urdf
Loading URDF /home/ashwink/Documents/swms/.venv/lib/python3.10/site-packages/language_table/environments/utils/../../../language_table/environments/assets/blocks/green_cube.urdf
Loading URDF /home/ashwink/Documents/swms/.venv/lib/python3.10/site-packages/language_table/environments/utils/../../../language_table/environments/assets/blocks/green_star.urdf
Loading URDF /home/ashwink/Documents/swms/.venv/lib/python3.10/site-packages/language_table/environments/utils/../../../language_table/environments/assets/blocks/green_pentagon.urdf
Loading URDF /home/ashwink/Documents/swms/.venv/lib/python3.10/site-packages/language_table/environments/utils/../../../language_table/environments/assets/blocks/purple_moon.urdf
Loading URDF /home/ashwink/Documents/swms/.venv/lib/python3.10/site-packages/language_table/environments/utils/../../../language_table/environments/assets/blocks/purple_cube.urdf
Loading URDF /home/ashwink/Documents/swms/.venv/lib/python3.10/site-packages/language_table/environments/utils/../../../language_table/environments/assets/blocks/purple_star.urdf
Loading URDF /home/ashwink/Documents/swms/.venv/lib/python3.10/site-packages/language_table/environments/utils/../../../language_table/environments/assets/blocks/purple_pentagon.urdf
Env ready.

Forced peg start: [0.42843915 0.24419614]  (green_cube=[0.40339102 0.18967466], blue_moon=[0.32039625 0.00902261])
  dist(peg,green_cube)=0.0600  dist(peg,blue_moon)=0.2588  dist(green_cube,blue_moon)=0.1988

step  cos(zt,z*)  cos(zt,zt-1)  |   cos(predK,z*) min/mean/max  cos(pred_sel,z*)   cos(zpred0,z*)  ||a_raw||  |  dist(peg,A)   dist(A,B)
-------------------------------------------------------------------------------------------------------------------------------------------------------------------------------
   0      0.1078           nan  |    0.5736/  0.7300/  0.7487            0.7487           0.6673     0.0164  |       0.0587      0.1988
   1      0.1149        0.9857  |    0.6887/  0.7160/  0.7264            0.7264           0.6647     0.0061  |       0.0672      0.1988
   2      0.1125        0.9919  |    0.7003/  0.7217/  0.7315            0.7315           0.6723     0.0072  |       0.0707      0.1988
   3      0.1146        0.9948  |    0.7074/  0.7276/  0.7365            0.7365           0.6698     0.0069  |       0.0690      0.1988
   4      0.1122        0.9882  |    0.6716/  0.7229/  0.7335            0.7335           0.6715     0.0187  |       0.0636      0.1988
   5      0.1141        0.9949  |    0.6978/  0.7309/  0.7397            0.7397           0.6695     0.0056  |       0.0676      0.1988
   6      0.1145        0.9953  |    0.6977/  0.7255/  0.7368            0.7368           0.6714     0.0099  |       0.0670      0.1988
   7      0.1136        0.9772  |    0.6701/  0.7216/  0.7315            0.7315           0.6692     0.0075  |       0.0704      0.1988
   8      0.1141        0.9924  |    0.7008/  0.7287/  0.7383            0.7383           0.6662     0.0108  |       0.0704      0.1988
   9      0.1084        0.9816  |    0.6659/  0.7264/  0.7373            0.7373           0.6667     0.0060  |       0.0626      0.1988
  10      0.1129        0.9967  |    0.6773/  0.7290/  0.7394            0.7394           0.6644     0.0027  |       0.0582      0.1988
  11      0.1108        0.9977  |    0.6362/  0.7285/  0.7379            0.7379           0.6657     0.0036  |       0.0593      0.1988
  12      0.1103        0.9957  |    0.6841/  0.7283/  0.7389            0.7389           0.6668     0.0043  |       0.0584      0.1988
  13      0.1060        0.9922  |    0.6458/  0.7255/  0.7386            0.7386           0.6637     0.0085  |       0.0551      0.1988
  14      0.1096        0.9910  |    0.6753/  0.7348/  0.7443            0.7443           0.6689     0.0033  |       0.0486      0.1988
  15      0.1117        0.9943  |    0.7073/  0.7313/  0.7416            0.7416           0.6694     0.0066  |       0.0452      0.1988
  16      0.1071        0.9901  |    0.7023/  0.7318/  0.7418            0.7418           0.6710     0.0140  |       0.0449      0.1988
  17      0.1143        0.9562  |    0.6765/  0.7291/  0.7406            0.7406           0.6636     0.0095  |       0.0349      0.1974
  18      0.1145        0.8981  |    0.7140/  0.7443/  0.7567            0.7567           0.6801     0.0064  |       0.0343      0.1910
  19      0.1187        0.8711  |    0.6572/  0.7374/  0.7477            0.7477           0.6799     0.0040  |       0.0347      0.1847
  20      0.1359        0.9536  |    0.7084/  0.7384/  0.7476            0.7476           0.6898     0.0143  |       0.0350      0.1829
  21      0.1347        0.8285  |    0.6835/  0.7326/  0.7405            0.7405           0.6645     0.0024  |       0.0355      0.1711
  22      0.1428        0.9541  |    0.6758/  0.7290/  0.7363            0.7363           0.6538     0.0116  |       0.0349      0.1691
  23      0.1264        0.8578  |    0.6506/  0.7357/  0.7446            0.7446           0.6567     0.0050  |       0.0353      0.1612
  24      0.1409        0.8670  |    0.6756/  0.7283/  0.7369            0.7369           0.6499     0.0094  |       0.0355      0.1579
  25      0.1246        0.8884  |    0.6886/  0.7329/  0.7413            0.7413           0.6528     0.0088  |       0.0366      0.1546
  26      0.1356        0.9134  |    0.7015/  0.7381/  0.7472            0.7472           0.6676     0.0197  |       0.0350      0.1543
  27      0.0711        0.7954  |    0.6798/  0.7551/  0.7663            0.7663           0.6499     0.0116  |       0.0351      0.1456
  28      0.0883        0.8571  |    0.6793/  0.7450/  0.7540            0.7540           0.6586     0.0023  |       0.0343      0.1399
  29      0.0797        0.9388  |    0.6541/  0.7412/  0.7506            0.7506           0.6639     0.0095  |       0.0337      0.1382
  30      0.0969        0.8531  |    0.6711/  0.7353/  0.7446            0.7446           0.6520     0.0134  |       0.0338      0.1341
  31      0.1103        0.8690  |    0.6446/  0.7395/  0.7522            0.7522           0.6352     0.0082  |       0.0344      0.1308
  32      0.1000        0.8875  |    0.6688/  0.7357/  0.7463            0.7463           0.6408     0.0107  |       0.0344      0.1290
  33      0.0926        0.9235  |    0.6394/  0.7373/  0.7477            0.7477           0.6577     0.0049  |       0.0404      0.1290
  34      0.0982        0.9497  |    0.6284/  0.7277/  0.7371            0.7371           0.6504     0.0133  |       0.0444      0.1290
  35      0.0811        0.9252  |    0.6836/  0.7094/  0.7212            0.7212           0.5841     0.0110  |       0.0501      0.1290
  36      0.0836        0.9519  |    0.6938/  0.7408/  0.7514            0.7514           0.6571     0.0098  |       0.0415      0.1290
  37      0.0700        0.8659  |    0.6675/  0.7523/  0.7621            0.7621           0.6736     0.0044  |       0.0406      0.1357
  38      0.0947        0.9413  |    0.7028/  0.7424/  0.7497            0.7497           0.6789     0.0120  |       0.0424      0.1358
  39      0.0933        0.9434  |    0.6605/  0.7557/  0.7664            0.7664           0.6761     0.0066  |       0.0413      0.1358
  40      0.0932        0.9463  |    0.7201/  0.7406/  0.7491            0.7491           0.6717     0.0092  |       0.0450      0.1358
  41      0.0944        0.9261  |    0.6823/  0.7069/  0.7144            0.7144           0.6362     0.0007  |       0.0512      0.1358
  42      0.0927        0.9798  |    0.6606/  0.7073/  0.7168            0.7168           0.6194     0.0051  |       0.0521      0.1358
  43      0.0845        0.9618  |    0.6974/  0.7215/  0.7316            0.7316           0.6267     0.0049  |       0.0511      0.1358
  44      0.0916        0.9263  |    0.6570/  0.7408/  0.7497            0.7497           0.6567     0.0089  |       0.0481      0.1358
  45      0.0849        0.9135  |    0.7102/  0.7335/  0.7435            0.7435           0.6704     0.0044  |       0.0525      0.1358
  46      0.0794        0.9544  |    0.6738/  0.7130/  0.7240            0.7240           0.6292     0.0074  |       0.0569      0.1358
  47      0.0778        0.9256  |    0.7081/  0.7327/  0.7438            0.7438           0.6598     0.0066  |       0.0522      0.1358
  48      0.0875        0.9453  |    0.6956/  0.7318/  0.7415            0.7415           0.6595     0.0068  |       0.0525      0.1358
  49      0.0867        0.9316  |    0.6740/  0.7172/  0.7286            0.7286           0.6426     0.0036  |       0.0582      0.1358
  50      0.0818        0.9585  |    0.6873/  0.7197/  0.7295            0.7295           0.6399     0.0105  |       0.0564      0.1358
  51      0.0904        0.9127  |    0.6957/  0.7304/  0.7383            0.7383           0.6694     0.0066  |       0.0525      0.1358
  52      0.0981        0.9258  |    0.6579/  0.7069/  0.7194            0.7194           0.5869     0.0020  |       0.0491      0.1358
  53      0.0909        0.9788  |    0.6864/  0.7214/  0.7311            0.7311           0.6401     0.0142  |       0.0477      0.1358
  54      0.0865        0.8990  |    0.6946/  0.7180/  0.7262            0.7262           0.6370     0.0051  |       0.0584      0.1358
  55      0.0682        0.9527  |    0.6560/  0.6826/  0.6939            0.6939           0.5514     0.0078  |       0.0621      0.1358
  56      0.0749        0.9480  |    0.5694/  0.6161/  0.6292            0.6292           0.2531     0.0101  |       0.0693      0.1358
  57      0.0665        0.9575  |    0.1772/  0.2545/  0.2715            0.2715          -0.1255     0.0016  |       0.0717      0.1358
  58      0.0708        0.9708  |   -0.0051/  0.0877/  0.1139            0.1139          -0.2538     0.0102  |       0.0709      0.1358
  59      0.0759        0.9248  |    0.2020/  0.2351/  0.2632            0.2632          -0.0983     0.0132  |       0.0801      0.1358
  60      0.0077        0.8003  |   -0.2366/ -0.2203/ -0.2128           -0.2128          -0.3380     0.0161  |       0.0928      0.1358
  61      0.0051        0.8780  |   -0.2210/ -0.1933/ -0.1874           -0.1874          -0.3197     0.0214  |       0.1084      0.1358
  62     -0.0118        0.7883  |   -0.2103/ -0.1807/ -0.1731           -0.1731          -0.3203     0.0233  |       0.1227      0.1358
  63     -0.0123        0.7294  |   -0.2063/ -0.1865/ -0.1768           -0.1768          -0.3107     0.0095  |       0.1447      0.1358
  64      0.0008        0.9076  |   -0.2582/ -0.1491/ -0.0705           -0.0705          -0.3212     0.0114  |       0.1489      0.1358
  65     -0.0381        0.8921  |   -0.0922/ -0.0515/ -0.0269           -0.0269          -0.2988     0.0243  |       0.1593      0.1358
  66     -0.0384        0.7866  |   -0.1904/ -0.1402/ -0.1087           -0.1087          -0.3315     0.0278  |       0.1815      0.1358
  67     -0.0223        0.8746  |   -0.2663/ -0.2365/ -0.2271           -0.2271          -0.3271     0.0262  |       0.2079      0.1358
  68     -0.0191        0.8357  |   -0.2584/ -0.2329/ -0.2191           -0.2191          -0.3076     0.0249  |       0.2329      0.1358
  69     -0.0387        0.9410  |   -0.2581/ -0.2298/ -0.2138           -0.2138          -0.3148     0.0245  |       0.2559      0.1358
  70      0.0200        0.9311  |    0.1225/  0.1409/  0.1527            0.1527          -0.2455     0.0245  |       0.2801      0.1358
  71      0.0294        0.9394  |    0.1932/  0.2270/  0.2434            0.2434          -0.1120     0.0180  |       0.3039      0.1358
  72      0.0107        0.9449  |    0.3253/  0.3441/  0.3624            0.3624          -0.1067     0.0131  |       0.3211      0.1358
  73     -0.0096        0.9196  |    0.4120/  0.4561/  0.4794            0.4794          -0.1945     0.0248  |       0.3345      0.1358
  74     -0.0092        0.9047  |    0.4681/  0.4968/  0.5153            0.5153          -0.1160     0.0238  |       0.3579      0.1358
  75     -0.0140        0.9904  |    0.4535/  0.4790/  0.4931            0.4931          -0.1686     0.0211  |       0.3811      0.1358
  76     -0.0140        1.0000  |    0.4654/  0.4915/  0.5066            0.5066          -0.1686     0.0205  |       0.4023      0.1358
  77     -0.0140        1.0000  |    0.4500/  0.4822/  0.4975            0.4975          -0.1686     0.0302  |       0.4130      0.1358
  78     -0.0140        1.0000  |    0.4927/  0.5114/  0.5280            0.5280          -0.1686     0.0206  |       0.4149      0.1358
  79     -0.0140        1.0000  |    0.4811/  0.5207/  0.5418            0.5418          -0.1686     0.0188  |       0.4151      0.1358
  80     -0.0140        1.0000  |    0.4832/  0.5149/  0.5325            0.5325          -0.1686     0.0233  |       0.4143      0.1358
  81     -0.0140        1.0000  |    0.4886/  0.5102/  0.5244            0.5244          -0.1686     0.0226  |       0.4142      0.1358
  82     -0.0140        1.0000  |    0.4785/  0.5077/  0.5308            0.5308          -0.1686     0.0117  |       0.4142      0.1358
  83     -0.0140        1.0000  |    0.4597/  0.4911/  0.5104            0.5104          -0.1686     0.0207  |       0.4142      0.1358
  84     -0.0140        1.0000  |    0.4756/  0.5010/  0.5181            0.5181          -0.1686     0.0207  |       0.4136      0.1358
  85     -0.0140        1.0000  |    0.4538/  0.4952/  0.5129            0.5129          -0.1686     0.0203  |       0.4127      0.1358
  86     -0.0140        1.0000  |    0.4414/  0.4943/  0.5108            0.5108          -0.1686     0.0203  |       0.4122      0.1358
  87     -0.0140        1.0000  |    0.4471/  0.4810/  0.4983            0.4983          -0.1686     0.0229  |       0.4115      0.1358
  88     -0.0140        1.0000  |    0.4559/  0.4994/  0.5153            0.5153          -0.1686     0.0284  |       0.4113      0.1358
  89     -0.0140        1.0000  |    0.4386/  0.4851/  0.5018            0.5018          -0.1686     0.0282  |       0.4116      0.1358
  90     -0.0140        1.0000  |    0.4328/  0.4872/  0.5042            0.5042          -0.1686     0.0166  |       0.4133      0.1358
  91     -0.0140        1.0000  |    0.4458/  0.4814/  0.4936            0.4936          -0.1686     0.0274  |       0.4145      0.1358
  92     -0.0140        1.0000  |    0.4427/  0.4942/  0.5114            0.5114          -0.1686     0.0272  |       0.4162      0.1358
  93     -0.0140        1.0000  |    0.4369/  0.4725/  0.4874            0.4874          -0.1686     0.0234  |       0.4200      0.1358
  94     -0.0140        1.0000  |    0.4573/  0.4826/  0.4981            0.4981          -0.1686     0.0291  |       0.4228      0.1358
  95     -0.0140        1.0000  |    0.4326/  0.4781/  0.4977            0.4977          -0.1686     0.0345  |       0.4282      0.1358
  96     -0.0141        1.0000  |    0.4724/  0.5043/  0.5167            0.5167          -0.1694     0.0211  |       0.4379      0.1358
  97     -0.0141        1.0000  |    0.4654/  0.4946/  0.5132            0.5132          -0.1694     0.0235  |       0.4437      0.1358
  98     -0.0141        1.0000  |    0.3892/  0.4899/  0.5073            0.5073          -0.1694     0.0181  |       0.4491      0.1358
  99     -0.0141        1.0000  |    0.4087/  0.4891/  0.5091            0.5091          -0.1694     0.0299  |       0.4503      0.1358
 100     -0.0141        1.0000  |    0.4317/  0.4505/  0.4658            0.4658          -0.1694     0.0292  |       0.4506      0.1358
 101     -0.0141        1.0000  |    0.4356/  0.4893/  0.5058            0.5058          -0.1694     0.0231  |       0.4507      0.1358
 102     -0.0141        1.0000  |    0.4449/  0.5015/  0.5160            0.5160          -0.1694     0.0289  |       0.4506      0.1358
 103     -0.0141        1.0000  |    0.4463/  0.5009/  0.5151            0.5151          -0.1694     0.0178  |       0.4505      0.1358
 104     -0.0141        1.0000  |    0.4021/  0.4822/  0.5002            0.5002          -0.1694     0.0257  |       0.4506      0.1358
 105     -0.0141        1.0000  |    0.4363/  0.4840/  0.5056            0.5056          -0.1694     0.0321  |       0.4507      0.1358
 106     -0.0141        1.0000  |    0.4547/  0.4958/  0.5086            0.5086          -0.1694     0.0222  |       0.4507      0.1358
 107     -0.0141        1.0000  |    0.4397/  0.4853/  0.5036            0.5036          -0.1694     0.0268  |       0.4507      0.1358
 108     -0.0141        1.0000  |    0.4315/  0.4931/  0.5111            0.5111          -0.1694     0.0218  |       0.4506      0.1358
 109     -0.0141        1.0000  |    0.4421/  0.4919/  0.5099            0.5099          -0.1694     0.0208  |       0.4506      0.1358
 110     -0.0141        1.0000  |    0.4429/  0.4857/  0.5041            0.5041          -0.1694     0.0297  |       0.4505      0.1358
 111     -0.0141        1.0000  |    0.4409/  0.4507/  0.4586            0.4586          -0.1694     0.0268  |       0.4506      0.1358
 112     -0.0141        1.0000  |    0.4501/  0.4792/  0.4915            0.4915          -0.1694     0.0362  |       0.4507      0.1358
 113     -0.0141        1.0000  |    0.4320/  0.4846/  0.4986            0.4986          -0.1694     0.0301  |       0.4507      0.1358
 114     -0.0141        1.0000  |    0.4698/  0.5068/  0.5231            0.5231          -0.1694     0.0163  |       0.4508      0.1358
 115     -0.0141        1.0000  |    0.4203/  0.4834/  0.4986            0.4986          -0.1694     0.0202  |       0.4507      0.1358
 116     -0.0141        1.0000  |    0.4502/  0.4777/  0.4921            0.4921          -0.1694     0.0289  |       0.4507      0.1358
 117     -0.0141        1.0000  |    0.4604/  0.4996/  0.5134            0.5134          -0.1694     0.0250  |       0.4506      0.1358
 118     -0.0141        1.0000  |    0.4367/  0.4978/  0.5139            0.5139          -0.1694     0.0202  |       0.4506      0.1358
 119     -0.0141        1.0000  |    0.4371/  0.4817/  0.5017            0.5017          -0.1692     0.0228  |       0.4507      0.1358
 120     -0.0141        1.0000  |    0.4631/  0.4825/  0.4950            0.4950          -0.1692     0.0248  |       0.4507      0.1358
 121     -0.0141        1.0000  |    0.4405/  0.4790/  0.4972            0.4972          -0.1692     0.0260  |       0.4508      0.1358
 122     -0.0141        1.0000  |    0.4189/  0.4432/  0.4598            0.4598          -0.1692     0.0269  |       0.4508      0.1358
 123     -0.0141        1.0000  |    0.4215/  0.4691/  0.4866            0.4866          -0.1692     0.0293  |       0.4507      0.1358
 124     -0.0141        1.0000  |    0.4393/  0.4702/  0.4858            0.4858          -0.1692     0.0335  |       0.4507      0.1358
 125     -0.0141        1.0000  |    0.4594/  0.4907/  0.5056            0.5056          -0.1692     0.0242  |       0.4508      0.1358
 126     -0.0141        1.0000  |    0.4538/  0.5117/  0.5301            0.5301          -0.1692     0.0212  |       0.4508      0.1358
 127     -0.0141        1.0000  |    0.4419/  0.4978/  0.5112            0.5112          -0.1692     0.0239  |       0.4508      0.1358
 128     -0.0141        1.0000  |    0.4367/  0.4799/  0.4961            0.4961          -0.1693     0.0243  |       0.4507      0.1358
 129     -0.0141        1.0000  |    0.4309/  0.4881/  0.5066            0.5066          -0.1693     0.0229  |       0.4507      0.1358
 130     -0.0141        1.0000  |    0.4633/  0.4920/  0.5118            0.5118          -0.1693     0.0223  |       0.4508      0.1358
 131     -0.0141        1.0000  |    0.4601/  0.4956/  0.5102            0.5102          -0.1693     0.0224  |       0.4508      0.1358
 132     -0.0141        1.0000  |    0.4221/  0.4812/  0.5047            0.5047          -0.1693     0.0237  |       0.4509      0.1358
 133     -0.0141        1.0000  |    0.4365/  0.4867/  0.5050            0.5050          -0.1693     0.0277  |       0.4509      0.1358
 134     -0.0141        1.0000  |    0.4230/  0.4949/  0.5140            0.5140          -0.1693     0.0202  |       0.4507      0.1358
 135     -0.0141        1.0000  |    0.4530/  0.4869/  0.5032            0.5032          -0.1693     0.0141  |       0.4507      0.1358
 136     -0.0141        1.0000  |    0.4283/  0.4817/  0.4991            0.4991          -0.1693     0.0286  |       0.4507      0.1358
 137     -0.0141        1.0000  |    0.4411/  0.4943/  0.5094            0.5094          -0.1693     0.0261  |       0.4508      0.1358
 138     -0.0142        1.0000  |    0.4524/  0.4966/  0.5169            0.5169          -0.1698     0.0202  |       0.4509      0.1358
 139     -0.0142        1.0000  |    0.4352/  0.4926/  0.5108            0.5108          -0.1698     0.0252  |       0.4509      0.1358
 140     -0.0142        1.0000  |    0.4307/  0.4791/  0.4922            0.4922          -0.1698     0.0262  |       0.4509      0.1358
 141     -0.0142        1.0000  |    0.4430/  0.4992/  0.5184            0.5184          -0.1698     0.0222  |       0.4510      0.1358
 142     -0.0142        1.0000  |    0.4031/  0.4877/  0.5057            0.5057          -0.1698     0.0238  |       0.4510      0.1358
 143     -0.0142        1.0000  |    0.4362/  0.4890/  0.5074            0.5074          -0.1698     0.0185  |       0.4510      0.1358
 144     -0.0142        1.0000  |    0.3986/  0.4991/  0.5206            0.5206          -0.1698     0.0146  |       0.4510      0.1358
 145     -0.0142        1.0000  |    0.4345/  0.4922/  0.5115            0.5115          -0.1698     0.0274  |       0.4510      0.1358
 146     -0.0142        1.0000  |    0.4614/  0.4946/  0.5084            0.5084          -0.1698     0.0208  |       0.4510      0.1358
 147     -0.0154        0.9821  |    0.5373/  0.5673/  0.5808            0.5808          -0.1176     0.0261  |       0.4510      0.1358
 148     -0.0154        1.0000  |    0.4809/  0.5538/  0.5694            0.5694          -0.1176     0.0243  |       0.4510      0.1358
 149     -0.0154        1.0000  |    0.5219/  0.5663/  0.5804            0.5804          -0.1176     0.0254  |       0.4510      0.1358
 150     -0.0154        1.0000  |    0.5221/  0.5626/  0.5765            0.5765          -0.1176     0.0179  |       0.4510      0.1358
 151     -0.0154        1.0000  |    0.5234/  0.5810/  0.5949            0.5949          -0.1176     0.0200  |       0.4510      0.1358
 152     -0.0154        1.0000  |    0.4988/  0.5723/  0.5912            0.5912          -0.1176     0.0324  |       0.4510      0.1358
 153     -0.0154        1.0000  |    0.5142/  0.5716/  0.5874            0.5874          -0.1176     0.0138  |       0.4510      0.1358
 154     -0.0154        1.0000  |    0.5233/  0.5714/  0.5846            0.5846          -0.1176     0.0276  |       0.4510      0.1358
 155     -0.0154        1.0000  |    0.5484/  0.5752/  0.5858            0.5858          -0.1176     0.0217  |       0.4510      0.1358
 156     -0.0154        1.0000  |    0.5254/  0.5712/  0.5866            0.5866          -0.1176     0.0212  |       0.4510      0.1358
 157     -0.0154        1.0000  |    0.5293/  0.5750/  0.5919            0.5919          -0.1176     0.0214  |       0.4510      0.1358
 158     -0.0154        1.0000  |    0.5259/  0.5751/  0.5891            0.5891          -0.1176     0.0254  |       0.4510      0.1358
 159     -0.0154        1.0000  |    0.5288/  0.5790/  0.5970            0.5970          -0.1176     0.0184  |       0.4510      0.1358
 160     -0.0154        1.0000  |    0.4945/  0.5685/  0.5849            0.5849          -0.1176     0.0262  |       0.4511      0.1358
 161     -0.0154        1.0000  |    0.4952/  0.5459/  0.5597            0.5597          -0.1176     0.0354  |       0.4511      0.1358
 162     -0.0154        1.0000  |    0.5086/  0.5308/  0.5495            0.5495          -0.1176     0.0238  |       0.4511      0.1358
 163     -0.0154        1.0000  |    0.5322/  0.5632/  0.5735            0.5735          -0.1176     0.0303  |       0.4511      0.1358
 164     -0.0154        1.0000  |    0.5278/  0.5871/  0.6008            0.6008          -0.1176     0.0114  |       0.4511      0.1358
 165     -0.0154        1.0000  |    0.5383/  0.5774/  0.5919            0.5919          -0.1176     0.0254  |       0.4511      0.1358
 166     -0.0154        1.0000  |    0.5371/  0.5675/  0.5831            0.5831          -0.1176     0.0226  |       0.4511      0.1358
 167     -0.0154        1.0000  |    0.5314/  0.5644/  0.5796            0.5796          -0.1176     0.0264  |       0.4511      0.1358
 168     -0.0154        1.0000  |    0.5306/  0.5606/  0.5758            0.5758          -0.1176     0.0252  |       0.4511      0.1358
 169     -0.0154        1.0000  |    0.5356/  0.5653/  0.5794            0.5794          -0.1176     0.0216  |       0.4511      0.1358
 170     -0.0154        1.0000  |    0.5412/  0.5640/  0.5764            0.5764          -0.1176     0.0242  |       0.4511      0.1358
 171     -0.0154        1.0000  |    0.5118/  0.5681/  0.5857            0.5857          -0.1176     0.0238  |       0.4511      0.1358
 172     -0.0153        1.0000  |    0.5347/  0.5712/  0.5825            0.5825          -0.1173     0.0272  |       0.4511      0.1358
 173     -0.0153        1.0000  |    0.5353/  0.5737/  0.5894            0.5894          -0.1173     0.0212  |       0.4512      0.1358
 174     -0.0153        1.0000  |    0.5154/  0.5727/  0.5927            0.5927          -0.1173     0.0176  |       0.4513      0.1358
 175     -0.0153        1.0000  |    0.5301/  0.5798/  0.5951            0.5951          -0.1173     0.0241  |       0.4512      0.1358
 176     -0.0154        1.0000  |    0.5372/  0.5707/  0.5818            0.5818          -0.1175     0.0311  |       0.4512      0.1358
 177     -0.0154        1.0000  |    0.5458/  0.5550/  0.5628            0.5628          -0.1162     0.0157  |       0.4511      0.1358
 178     -0.0154        1.0000  |    0.5286/  0.5612/  0.5761            0.5761          -0.1162     0.0257  |       0.4511      0.1358
 179     -0.0154        1.0000  |    0.5489/  0.5685/  0.5792            0.5792          -0.1162     0.0312  |       0.4511      0.1358
 180     -0.0154        1.0000  |    0.5407/  0.5595/  0.5725            0.5725          -0.1162     0.0239  |       0.4511      0.1358
 181     -0.0154        1.0000  |    0.5128/  0.5726/  0.5881            0.5881          -0.1162     0.0217  |       0.4511      0.1358
 182     -0.0154        1.0000  |    0.5314/  0.5762/  0.5921            0.5921          -0.1162     0.0199  |       0.4511      0.1358
 183     -0.0154        1.0000  |    0.5249/  0.5688/  0.5799            0.5799          -0.1162     0.0297  |       0.4511      0.1358
 184     -0.0154        1.0000  |    0.5161/  0.5756/  0.5903            0.5903          -0.1162     0.0145  |       0.4511      0.1358
 185     -0.0154        1.0000  |    0.5373/  0.5747/  0.5880            0.5880          -0.1162     0.0240  |       0.4511      0.1358
 186     -0.0154        1.0000  |    0.5217/  0.5757/  0.5902            0.5902          -0.1162     0.0334  |       0.4511      0.1358
 187     -0.0154        1.0000  |    0.5093/  0.5723/  0.5854            0.5854          -0.1162     0.0168  |       0.4511      0.1358
 188     -0.0154        1.0000  |    0.5171/  0.5689/  0.5866            0.5866          -0.1162     0.0201  |       0.4511      0.1358
 189     -0.0154        1.0000  |    0.5351/  0.5753/  0.5890            0.5890          -0.1162     0.0165  |       0.4511      0.1358
 190     -0.0154        1.0000  |    0.5243/  0.5721/  0.5873            0.5873          -0.1162     0.0230  |       0.4511      0.1358
 191     -0.0154        1.0000  |    0.5068/  0.5684/  0.5842            0.5842          -0.1162     0.0263  |       0.4511      0.1358
 192     -0.0154        1.0000  |    0.5384/  0.5644/  0.5738            0.5738          -0.1164     0.0288  |       0.4511      0.1358
 193     -0.0154        1.0000  |    0.4996/  0.5628/  0.5794            0.5794          -0.1164     0.0270  |       0.4511      0.1358
 194     -0.0154        1.0000  |    0.5100/  0.5758/  0.5900            0.5900          -0.1164     0.0240  |       0.4511      0.1358
 195     -0.0154        1.0000  |    0.5206/  0.5671/  0.5840            0.5840          -0.1164     0.0262  |       0.4511      0.1358
 196     -0.0154        1.0000  |    0.5125/  0.5639/  0.5814            0.5814          -0.1164     0.0158  |       0.4511      0.1358
 197     -0.0154        1.0000  |    0.5186/  0.5639/  0.5783            0.5783          -0.1160     0.0278  |       0.4511      0.1358
 198     -0.0154        1.0000  |    0.5475/  0.5580/  0.5647            0.5647          -0.1160     0.0277  |       0.4511      0.1358
 199     -0.0154        1.0000  |    0.4934/  0.5670/  0.5809            0.5809          -0.1160     0.0213  |       0.4511      0.1358
 200     -0.0154        1.0000  |    0.5471/  0.5754/  0.5881            0.5881          -0.1160     0.0348  |       0.4511      0.1358
 201     -0.0154        1.0000  |    0.5132/  0.5412/  0.5547            0.5547          -0.1160     0.0232  |       0.4511      0.1358
 202     -0.0154        1.0000  |    0.5318/  0.5546/  0.5667            0.5667          -0.1160     0.0231  |       0.4511      0.1358
 203     -0.0154        1.0000  |    0.5184/  0.5671/  0.5828            0.5828          -0.1160     0.0156  |       0.4511      0.1358
 204     -0.0154        1.0000  |    0.4977/  0.5755/  0.5920            0.5920          -0.1160     0.0351  |       0.4511      0.1358
 205     -0.0154        1.0000  |    0.5460/  0.5769/  0.5886            0.5886          -0.1160     0.0227  |       0.4511      0.1358
 206     -0.0154        1.0000  |    0.5289/  0.5778/  0.5906            0.5906          -0.1160     0.0092  |       0.4511      0.1358
 207     -0.0154        1.0000  |    0.5421/  0.5767/  0.5900            0.5900          -0.1160     0.0218  |       0.4511      0.1358
 208     -0.0154        1.0000  |    0.5337/  0.5694/  0.5818            0.5818          -0.1160     0.0210  |       0.4511      0.1358
 209     -0.0154        1.0000  |    0.5391/  0.5745/  0.5856            0.5856          -0.1160     0.0259  |       0.4511      0.1358
 210     -0.0154        1.0000  |    0.5261/  0.5756/  0.5913            0.5913          -0.1160     0.0201  |       0.4511      0.1358
 211     -0.0154        1.0000  |    0.5366/  0.5730/  0.5825            0.5825          -0.1160     0.0244  |       0.4511      0.1358
 212     -0.0154        1.0000  |    0.5172/  0.5648/  0.5779            0.5779          -0.1160     0.0202  |       0.4511      0.1358
 213     -0.0154        1.0000  |    0.5302/  0.5719/  0.5863            0.5863          -0.1160     0.0206  |       0.4511      0.1358
 214     -0.0154        1.0000  |    0.5306/  0.5787/  0.5926            0.5926          -0.1160     0.0245  |       0.4511      0.1358
 215     -0.0154        1.0000  |    0.5229/  0.5721/  0.5880            0.5880          -0.1160     0.0255  |       0.4511      0.1358
 216     -0.0154        1.0000  |    0.5189/  0.5358/  0.5505            0.5505          -0.1160     0.0160  |       0.4511      0.1358
 217     -0.0154        1.0000  |    0.5038/  0.5665/  0.5855            0.5855          -0.1157     0.0256  |       0.4511      0.1358
 218     -0.0154        1.0000  |    0.5419/  0.5715/  0.5848            0.5848          -0.1160     0.0277  |       0.4511      0.1358
 219     -0.0154        1.0000  |    0.5294/  0.5585/  0.5713            0.5713          -0.1160     0.0189  |       0.4511      0.1358
 220     -0.0154        1.0000  |    0.5105/  0.5753/  0.5892            0.5892          -0.1157     0.0287  |       0.4511      0.1358
 221     -0.0154        1.0000  |    0.5252/  0.5668/  0.5792            0.5792          -0.1157     0.0180  |       0.4511      0.1358
 222     -0.0154        1.0000  |    0.5138/  0.5742/  0.5871            0.5871          -0.1157     0.0220  |       0.4511      0.1358
 223     -0.0154        1.0000  |    0.5419/  0.5711/  0.5838            0.5838          -0.1157     0.0277  |       0.4511      0.1358
 224     -0.0154        1.0000  |    0.5209/  0.5691/  0.5813            0.5813          -0.1157     0.0269  |       0.4511      0.1358
 225     -0.0154        1.0000  |    0.5264/  0.5732/  0.5887            0.5887          -0.1157     0.0242  |       0.4511      0.1358
 226     -0.0154        1.0000  |    0.5324/  0.5711/  0.5896            0.5896          -0.1157     0.0189  |       0.4511      0.1358
 227     -0.0154        1.0000  |    0.5354/  0.5785/  0.5907            0.5907          -0.1157     0.0223  |       0.4511      0.1358
 228     -0.0154        1.0000  |    0.5395/  0.5757/  0.5881            0.5881          -0.1157     0.0301  |       0.4511      0.1358
 229     -0.0153        1.0000  |    0.5093/  0.5664/  0.5815            0.5815          -0.1154     0.0144  |       0.4511      0.1358
 230     -0.0153        1.0000  |    0.5090/  0.5680/  0.5822            0.5822          -0.1154     0.0240  |       0.4511      0.1358
 231     -0.0153        1.0000  |    0.5274/  0.5615/  0.5747            0.5747          -0.1154     0.0230  |       0.4511      0.1358
 232     -0.0153        1.0000  |    0.5263/  0.5733/  0.5871            0.5871          -0.1154     0.0262  |       0.4511      0.1358
 233     -0.0153        1.0000  |    0.5458/  0.5821/  0.5960            0.5960          -0.1154     0.0215  |       0.4511      0.1358
 234     -0.0153        1.0000  |    0.5392/  0.5796/  0.6002            0.6002          -0.1154     0.0232  |       0.4511      0.1358
 235     -0.0153        1.0000  |    0.5403/  0.5929/  0.6127            0.6127          -0.1154     0.0152  |       0.4507      0.1358
 236     -0.0153        1.0000  |    0.5672/  0.6041/  0.6209            0.6209          -0.1154     0.0198  |       0.4510      0.1358
 237     -0.0153        1.0000  |    0.5434/  0.5996/  0.6156            0.6156          -0.1154     0.0222  |       0.4480      0.1358
 238     -0.0153        1.0000  |    0.5727/  0.5989/  0.6105            0.6105          -0.1154     0.0150  |       0.4465      0.1358
 239     -0.0153        1.0000  |    0.5242/  0.6091/  0.6254            0.6254          -0.1154     0.0150  |       0.4432      0.1358
 240     -0.0153        1.0000  |    0.5777/  0.6090/  0.6232            0.6232          -0.1154     0.0207  |       0.4416      0.1358
 241     -0.0153        1.0000  |    0.5600/  0.6059/  0.6218            0.6218          -0.1154     0.0192  |       0.4393      0.1358
 242     -0.0153        1.0000  |    0.5368/  0.5995/  0.6160            0.6160          -0.1154     0.0180  |       0.4371      0.1358
 243     -0.0153        1.0000  |    0.5649/  0.6044/  0.6206            0.6206          -0.1154     0.0168  |       0.4320      0.1358
 244     -0.0153        1.0000  |    0.5611/  0.6031/  0.6178            0.6178          -0.1154     0.0183  |       0.4297      0.1358
 245     -0.0153        1.0000  |    0.5805/  0.6150/  0.6292            0.6292          -0.1154     0.0156  |       0.4289      0.1358
 246     -0.0153        1.0000  |    0.5469/  0.5925/  0.6083            0.6083          -0.1154     0.0202  |       0.4277      0.1358
 247     -0.0153        1.0000  |    0.5633/  0.6077/  0.6244            0.6244          -0.1154     0.0160  |       0.4267      0.1358
 248     -0.0154        1.0000  |    0.5436/  0.6027/  0.6189            0.6189          -0.1153     0.0154  |       0.4246      0.1358
 249     -0.0154        1.0000  |    0.5449/  0.5967/  0.6129            0.6129          -0.1153     0.0126  |       0.4242      0.1358
 250     -0.0154        1.0000  |    0.5538/  0.5951/  0.6149            0.6149          -0.1153     0.0174  |       0.4248      0.1358
 251     -0.0154        1.0000  |    0.5774/  0.6119/  0.6260            0.6260          -0.1153     0.0167  |       0.4231      0.1358
 252     -0.0154        1.0000  |    0.5536/  0.6008/  0.6163            0.6163          -0.1153     0.0148  |       0.4227      0.1358
 253     -0.0154        1.0000  |    0.5655/  0.6086/  0.6254            0.6254          -0.1153     0.0200  |       0.4213      0.1358
 254     -0.0154        1.0000  |    0.5471/  0.5964/  0.6138            0.6138          -0.1153     0.0181  |       0.4183      0.1358
 255     -0.0154        1.0000  |    0.5675/  0.6116/  0.6303            0.6303          -0.1153     0.0151  |       0.4175      0.1358
 256     -0.0154        1.0000  |    0.5743/  0.6046/  0.6195            0.6195          -0.1153     0.0174  |       0.4174      0.1358
 257     -0.0154        1.0000  |    0.5610/  0.5955/  0.6114            0.6114          -0.1153     0.0151  |       0.4164      0.1358
 258     -0.0154        1.0000  |    0.5634/  0.6108/  0.6280            0.6280          -0.1153     0.0169  |       0.4153      0.1358
 259     -0.0154        1.0000  |    0.5594/  0.6050/  0.6180            0.6180          -0.1153     0.0180  |       0.4148      0.1358
 260     -0.0154        1.0000  |    0.5463/  0.6012/  0.6171            0.6171          -0.1153     0.0086  |       0.4140      0.1358
 261     -0.0154        1.0000  |    0.5571/  0.5997/  0.6206            0.6206          -0.1153     0.0169  |       0.4135      0.1358
 262     -0.0154        1.0000  |    0.5484/  0.6068/  0.6245            0.6245          -0.1153     0.0236  |       0.4126      0.1358
 263     -0.0154        1.0000  |    0.5582/  0.6075/  0.6274            0.6274          -0.1153     0.0181  |       0.4119      0.1358
 264     -0.0154        1.0000  |    0.5531/  0.6004/  0.6168            0.6168          -0.1153     0.0137  |       0.4119      0.1358
 265     -0.0154        1.0000  |    0.5789/  0.6083/  0.6216            0.6216          -0.1153     0.0219  |       0.4117      0.1358
 266     -0.0154        1.0000  |    0.5249/  0.6032/  0.6195            0.6195          -0.1153     0.0133  |       0.4116      0.1358
 267     -0.0154        1.0000  |    0.5401/  0.5984/  0.6153            0.6153          -0.1153     0.0157  |       0.4116      0.1358
 268     -0.0154        1.0000  |    0.5394/  0.6075/  0.6241            0.6241          -0.1153     0.0142  |       0.4117      0.1358
 269     -0.0154        1.0000  |    0.5395/  0.6042/  0.6235            0.6235          -0.1153     0.0193  |       0.4117      0.1358
 270     -0.0154        1.0000  |    0.5394/  0.6066/  0.6230            0.6230          -0.1153     0.0169  |       0.4119      0.1358
 271     -0.0154        1.0000  |    0.5654/  0.6020/  0.6182            0.6182          -0.1153     0.0092  |       0.4124      0.1358
 272     -0.0154        1.0000  |    0.5449/  0.6003/  0.6191            0.6191          -0.1153     0.0187  |       0.4129      0.1358
 273     -0.0154        1.0000  |    0.5743/  0.6126/  0.6254            0.6254          -0.1153     0.0152  |       0.4137      0.1358
 274     -0.0154        1.0000  |    0.5688/  0.6101/  0.6231            0.6231          -0.1153     0.0154  |       0.4145      0.1358
 275     -0.0154        1.0000  |    0.5480/  0.5945/  0.6131            0.6131          -0.1153     0.0137  |       0.4152      0.1358
 276     -0.0154        1.0000  |    0.5715/  0.6063/  0.6204            0.6204          -0.1155     0.0227  |       0.4161      0.1358
 277     -0.0154        1.0000  |    0.5570/  0.6029/  0.6191            0.6191          -0.1155     0.0164  |       0.4172      0.1358
 278     -0.0154        1.0000  |    0.5604/  0.6044/  0.6219            0.6219          -0.1155     0.0149  |       0.4181      0.1358
 279     -0.0154        1.0000  |    0.5832/  0.6108/  0.6261            0.6261          -0.1155     0.0181  |       0.4195      0.1358
 280     -0.0154        1.0000  |    0.5560/  0.5996/  0.6146            0.6146          -0.1155     0.0236  |       0.4202      0.1358
 281     -0.0154        1.0000  |    0.5594/  0.5985/  0.6136            0.6136          -0.1155     0.0076  |       0.4212      0.1358
 282     -0.0154        1.0000  |    0.5666/  0.6081/  0.6261            0.6261          -0.1155     0.0152  |       0.4213      0.1358
 283     -0.0154        1.0000  |    0.5592/  0.6006/  0.6191            0.6191          -0.1155     0.0188  |       0.4234      0.1358
 284     -0.0154        1.0000  |    0.5310/  0.5943/  0.6097            0.6097          -0.1155     0.0138  |       0.4238      0.1358
 285     -0.0154        1.0000  |    0.5673/  0.6038/  0.6207            0.6207          -0.1155     0.0136  |       0.4244      0.1358
 286     -0.0154        1.0000  |    0.5627/  0.6098/  0.6249            0.6249          -0.1155     0.0241  |       0.4255      0.1358
 287     -0.0154        1.0000  |    0.5719/  0.6083/  0.6210            0.6210          -0.1155     0.0155  |       0.4267      0.1358
 288     -0.0154        1.0000  |    0.5696/  0.6031/  0.6179            0.6179          -0.1155     0.0146  |       0.4296      0.1358
 289     -0.0154        1.0000  |    0.5602/  0.6023/  0.6212            0.6212          -0.1155     0.0109  |       0.4320      0.1358
 290     -0.0154        1.0000  |    0.5574/  0.6113/  0.6291            0.6291          -0.1155     0.0230  |       0.4332      0.1358
 291     -0.0154        1.0000  |    0.5411/  0.5969/  0.6141            0.6141          -0.1155     0.0106  |       0.4352      0.1358
 292     -0.0154        1.0000  |    0.5513/  0.6030/  0.6203            0.6203          -0.1155     0.0126  |       0.4380      0.1358
 293     -0.0154        1.0000  |    0.5728/  0.6106/  0.6286            0.6286          -0.1155     0.0181  |       0.4401      0.1358
 294     -0.0154        1.0000  |    0.5657/  0.6080/  0.6207            0.6207          -0.1155     0.0226  |       0.4412      0.1358
 295     -0.0154        1.0000  |    0.5343/  0.5984/  0.6196            0.6196          -0.1155     0.0079  |       0.4452      0.1358
 296     -0.0154        1.0000  |    0.5615/  0.6094/  0.6243            0.6243          -0.1155     0.0166  |       0.4444      0.1358
 297     -0.0154        1.0000  |    0.5631/  0.6058/  0.6209            0.6209          -0.1156     0.0178  |       0.4463      0.1358
 298     -0.0154        1.0000  |    0.5565/  0.6027/  0.6179            0.6179          -0.1156     0.0141  |       0.4484      0.1358
 299     -0.0154        1.0000  |    0.5591/  0.6084/  0.6222            0.6222          -0.1156     0.0189  |       0.4511      0.1358
IMAGEIO FFMPEG_WRITER WARNING: input image is not divisible by macro_block_size=16, resizing from (320, 180) to (320, 192) to ensure video compatibility with most codecs and players. To prevent resizing, make your input image divisible by the macro_block_size or set the macro_block_size to 1 (risking incompatibility).

Saved 300 frames -> /home/ashwink/Documents/swms/SWM_copy/rollouts_5_per/expert-only/epoch12/epoch12_rollout3_failure.mp4
min dist(green_cube,blue_moon) over episode = 0.1290  ->  FAILURE
Full log written to /home/ashwink/Documents/swms/SWM_copy/rollouts_5_per/expert-only/epoch12/epoch12_rollout3_20260723_133458.log
Result json -> /home/ashwink/Documents/swms/SWM_copy/rollouts_5_per/expert-only/epoch12/epoch12_rollout3_result.json
