Checkpoint dir epoch: 12  Rollout: 1
Logging to /home/ashwink/Documents/swms/SWM_copy/rollouts_5_per/expert-only/epoch12/epoch12_rollout1_20260723_133226.log
Goal (fixed, steps 0-299): the green cube is touching the blue moon. the peg is touching the green cube.

Checkpoint: /home/ashwink/Documents/swms/SWM_copy/training/checkpoints_clip_full_finetuned_wider_hl/epoch_012.pt
  epoch=12  step=11154

Loading CLIP ViT-L/14 (datacomp_xl_s13b_b90k) + fine-tuned clip_state_dict ...
Parsing model identifier. Schema: None, Identifier: ViT-L-14
Loaded built-in ViT-L-14 model config.
Instantiating model architecture: CLIP
Loading full pretrained weights from: /home/ashwink/.cache/huggingface/hub/models--laion--CLIP-ViT-L-14-DataComp.XL-s13B-b90K/snapshots/84c9828e63dc9a9351d1fe637c346d4c1c4db341/open_clip_pytorch_model.bin
Final image preprocessing configuration set: {'size': (224, 224), 'mode': 'RGB', 'mean': (0.48145466, 0.4578275, 0.40821073), 'std': (0.26862954, 0.26130258, 0.27577711), 'interpolation': 'bicubic', 'resize_mode': 'shortest', 'fill_color': 0}
Model ViT-L-14 creation process complete.
Parsing tokenizer identifier. Schema: None, Identifier: ViT-L-14
Attempting to load config from built-in: ViT-L-14
Using default SimpleTokenizer.
z_star shape: torch.Size([768])

Loading action stats from /home/ashwink/full_data_5000/langtable/demos/ ...
  lo=[-0.03372681140899658, -0.03493623435497284]  hi=[0.03496786952018738, 0.03494429588317871]

Initializing LangTable env ...
Loading URDF plane.urdf
Loading URDF /home/ashwink/Documents/swms/.venv/lib/python3.10/site-packages/language_table/environments/utils/../../../language_table/environments/assets/workspace_real.urdf
Loading URDF xarm/xarm6_robot_white.urdf
Loading URDF /home/ashwink/Documents/swms/.venv/lib/python3.10/site-packages/language_table/environments/utils/../../../language_table/environments/assets/suction/cylinder_real.urdf
Loading URDF /home/ashwink/Documents/swms/.venv/lib/python3.10/site-packages/language_table/environments/utils/../../../language_table/environments/assets/blocks/red_moon.urdf
Loading URDF /home/ashwink/Documents/swms/.venv/lib/python3.10/site-packages/language_table/environments/utils/../../../language_table/environments/assets/blocks/red_cube.urdf
Loading URDF /home/ashwink/Documents/swms/.venv/lib/python3.10/site-packages/language_table/environments/utils/../../../language_table/environments/assets/blocks/red_star.urdf
Loading URDF /home/ashwink/Documents/swms/.venv/lib/python3.10/site-packages/language_table/environments/utils/../../../language_table/environments/assets/blocks/red_pentagon.urdf
Loading URDF /home/ashwink/Documents/swms/.venv/lib/python3.10/site-packages/language_table/environments/utils/../../../language_table/environments/assets/blocks/blue_moon.urdf
Loading URDF /home/ashwink/Documents/swms/.venv/lib/python3.10/site-packages/language_table/environments/utils/../../../language_table/environments/assets/blocks/blue_cube.urdf
Loading URDF /home/ashwink/Documents/swms/.venv/lib/python3.10/site-packages/language_table/environments/utils/../../../language_table/environments/assets/blocks/blue_star.urdf
Loading URDF /home/ashwink/Documents/swms/.venv/lib/python3.10/site-packages/language_table/environments/utils/../../../language_table/environments/assets/blocks/blue_pentagon.urdf
Loading URDF /home/ashwink/Documents/swms/.venv/lib/python3.10/site-packages/language_table/environments/utils/../../../language_table/environments/assets/blocks/yellow_moon.urdf
Loading URDF /home/ashwink/Documents/swms/.venv/lib/python3.10/site-packages/language_table/environments/utils/../../../language_table/environments/assets/blocks/yellow_cube.urdf
Loading URDF /home/ashwink/Documents/swms/.venv/lib/python3.10/site-packages/language_table/environments/utils/../../../language_table/environments/assets/blocks/yellow_star.urdf
Loading URDF /home/ashwink/Documents/swms/.venv/lib/python3.10/site-packages/language_table/environments/utils/../../../language_table/environments/assets/blocks/yellow_pentagon.urdf
Loading URDF /home/ashwink/Documents/swms/.venv/lib/python3.10/site-packages/language_table/environments/utils/../../../language_table/environments/assets/blocks/green_moon.urdf
Loading URDF /home/ashwink/Documents/swms/.venv/lib/python3.10/site-packages/language_table/environments/utils/../../../language_table/environments/assets/blocks/green_cube.urdf
Loading URDF /home/ashwink/Documents/swms/.venv/lib/python3.10/site-packages/language_table/environments/utils/../../../language_table/environments/assets/blocks/green_star.urdf
Loading URDF /home/ashwink/Documents/swms/.venv/lib/python3.10/site-packages/language_table/environments/utils/../../../language_table/environments/assets/blocks/green_pentagon.urdf
Loading URDF /home/ashwink/Documents/swms/.venv/lib/python3.10/site-packages/language_table/environments/utils/../../../language_table/environments/assets/blocks/purple_moon.urdf
Loading URDF /home/ashwink/Documents/swms/.venv/lib/python3.10/site-packages/language_table/environments/utils/../../../language_table/environments/assets/blocks/purple_cube.urdf
Loading URDF /home/ashwink/Documents/swms/.venv/lib/python3.10/site-packages/language_table/environments/utils/../../../language_table/environments/assets/blocks/purple_star.urdf
Loading URDF /home/ashwink/Documents/swms/.venv/lib/python3.10/site-packages/language_table/environments/utils/../../../language_table/environments/assets/blocks/purple_pentagon.urdf
Env ready.

Forced peg start: [0.42843915 0.24419614]  (green_cube=[0.40339102 0.18967466], blue_moon=[0.32039625 0.00902261])
  dist(peg,green_cube)=0.0600  dist(peg,blue_moon)=0.2588  dist(green_cube,blue_moon)=0.1988

step  cos(zt,z*)  cos(zt,zt-1)  |   cos(predK,z*) min/mean/max  cos(pred_sel,z*)   cos(zpred0,z*)  ||a_raw||  |  dist(peg,A)   dist(A,B)
-------------------------------------------------------------------------------------------------------------------------------------------------------------------------------
   0      0.1078           nan  |    0.5352/  0.7327/  0.7498            0.7498           0.6673     0.0159  |       0.0587      0.1988
   1      0.1114        0.9820  |    0.6759/  0.7035/  0.7118            0.7118           0.6676     0.0115  |       0.0695      0.1988
   2      0.1078        0.9762  |    0.6692/  0.7018/  0.7151            0.7151           0.6515     0.0086  |       0.0790      0.1988
   3      0.1103        0.9932  |    0.6824/  0.7178/  0.7271            0.7271           0.6662     0.0131  |       0.0755      0.1988
   4      0.1142        0.9804  |    0.6857/  0.7134/  0.7223            0.7223           0.6715     0.0255  |       0.0655      0.1988
   5      0.1080        0.9786  |    0.7096/  0.7320/  0.7416            0.7416           0.6703     0.0064  |       0.0596      0.1988
   6      0.1113        0.9928  |    0.6782/  0.7265/  0.7382            0.7382           0.6651     0.0111  |       0.0653      0.1988
   7      0.1132        0.9953  |    0.6285/  0.7170/  0.7302            0.7302           0.6645     0.0170  |       0.0636      0.1988
   8      0.1177        0.9936  |    0.6757/  0.7292/  0.7401            0.7401           0.6689     0.0236  |       0.0711      0.1988
   9      0.1131        0.9885  |    0.5959/  0.7212/  0.7335            0.7335           0.6692     0.0098  |       0.0653      0.1988
  10      0.1157        0.9933  |    0.6981/  0.7282/  0.7377            0.7377           0.6707     0.0047  |       0.0698      0.1988
  11      0.1178        0.9827  |    0.6828/  0.7271/  0.7369            0.7369           0.6638     0.0041  |       0.0659      0.1988
  12      0.1145        0.9899  |    0.7065/  0.7277/  0.7364            0.7364           0.6730     0.0060  |       0.0693      0.1988
  13      0.1161        0.9936  |    0.6848/  0.7308/  0.7390            0.7390           0.6721     0.0137  |       0.0696      0.1988
  14      0.1120        0.9810  |    0.7042/  0.7284/  0.7376            0.7376           0.6728     0.0112  |       0.0758      0.1988
  15      0.1131        0.9893  |    0.6924/  0.7304/  0.7393            0.7393           0.6700     0.0038  |       0.0661      0.1988
  16      0.1142        0.9957  |    0.6910/  0.7264/  0.7376            0.7376           0.6663     0.0084  |       0.0676      0.1988
  17      0.1094        0.9888  |    0.6802/  0.7301/  0.7403            0.7403           0.6619     0.0040  |       0.0618      0.1988
  18      0.1117        0.9948  |    0.6604/  0.7276/  0.7354            0.7354           0.6668     0.0054  |       0.0646      0.1988
  19      0.1102        0.9937  |    0.6894/  0.7334/  0.7431            0.7431           0.6648     0.0024  |       0.0600      0.1988
  20      0.1104        0.9955  |    0.6800/  0.7286/  0.7394            0.7394           0.6642     0.0104  |       0.0590      0.1988
  21      0.1047        0.9888  |    0.6877/  0.7325/  0.7420            0.7420           0.6671     0.0018  |       0.0511      0.1988
  22      0.1089        0.9981  |    0.6576/  0.7277/  0.7397            0.7397           0.6644     0.0054  |       0.0513      0.1988
  23      0.1088        0.9916  |    0.6891/  0.7249/  0.7359            0.7359           0.6682     0.0101  |       0.0467      0.1988
  24      0.1083        0.9920  |    0.6942/  0.7288/  0.7375            0.7375           0.6693     0.0036  |       0.0516      0.1988
  25      0.1054        0.9970  |    0.7014/  0.7290/  0.7384            0.7384           0.6675     0.0044  |       0.0507      0.1988
  26      0.1006        0.9925  |    0.6759/  0.7241/  0.7339            0.7339           0.6666     0.0128  |       0.0472      0.1988
  27      0.1082        0.9906  |    0.6703/  0.7357/  0.7450            0.7450           0.6688     0.0081  |       0.0418      0.1988
  28      0.1086        0.9923  |    0.6607/  0.7298/  0.7403            0.7403           0.6678     0.0039  |       0.0421      0.1988
  29      0.1080        0.9938  |    0.6919/  0.7284/  0.7380            0.7380           0.6717     0.0034  |       0.0453      0.1988
  30      0.1087        0.9942  |    0.7042/  0.7290/  0.7391            0.7391           0.6674     0.0130  |       0.0426      0.1988
  31      0.1160        0.9501  |    0.7061/  0.7309/  0.7400            0.7400           0.6714     0.0103  |       0.0359      0.1988
  32      0.1381        0.8643  |    0.6688/  0.7294/  0.7384            0.7384           0.6664     0.0133  |       0.0339      0.1923
  33      0.1364        0.8922  |    0.6930/  0.7179/  0.7278            0.7278           0.6540     0.0057  |       0.0332      0.1813
  34      0.1285        0.9540  |    0.6769/  0.7109/  0.7188            0.7188           0.6718     0.0081  |       0.0370      0.1813
  35      0.1483        0.8919  |    0.7016/  0.7338/  0.7407            0.7407           0.6704     0.0068  |       0.0334      0.1779
  36      0.1258        0.9424  |    0.6599/  0.7363/  0.7443            0.7443           0.6709     0.0035  |       0.0326      0.1765
  37      0.1387        0.9611  |    0.6832/  0.7313/  0.7402            0.7402           0.6625     0.0089  |       0.0328      0.1743
  38      0.1264        0.8977  |    0.6627/  0.7321/  0.7390            0.7390           0.6671     0.0074  |       0.0332      0.1655
  39      0.1136        0.9106  |    0.7078/  0.7300/  0.7384            0.7384           0.6655     0.0057  |       0.0333      0.1584
  40      0.1220        0.9615  |    0.6888/  0.7309/  0.7402            0.7402           0.6560     0.0067  |       0.0334      0.1563
  41      0.1362        0.9422  |    0.6697/  0.7313/  0.7398            0.7398           0.6422     0.0079  |       0.0331      0.1523
  42      0.1494        0.9281  |    0.6751/  0.7177/  0.7249            0.7249           0.6608     0.0097  |       0.0334      0.1461
  43      0.1202        0.8892  |    0.6927/  0.7405/  0.7484            0.7484           0.6632     0.0135  |       0.0325      0.1420
  44      0.0949        0.8893  |    0.6963/  0.7347/  0.7430            0.7430           0.6574     0.0052  |       0.0337      0.1285
  45      0.0763        0.9257  |    0.6952/  0.7322/  0.7402            0.7402           0.6574     0.0091  |       0.0330      0.1235
  46      0.0819        0.9149  |    0.6862/  0.7234/  0.7323            0.7323           0.6403     0.0106  |       0.0325      0.1204
  47      0.0840        0.8954  |    0.6588/  0.7278/  0.7383            0.7383           0.6232     0.0132  |       0.0330      0.1116
  48      0.0604        0.8951  |    0.6801/  0.7343/  0.7443            0.7443           0.6226     0.0111  |       0.0340      0.0993
  49      0.0562        0.9071  |    0.6736/  0.7248/  0.7358            0.7358           0.6016     0.0079  |       0.0336      0.0932
  50      0.0552        0.8931  |    0.5429/  0.7361/  0.7471            0.7471           0.6434     0.0082  |       0.0328      0.0916
  51      0.0647        0.8566  |    0.6003/  0.7193/  0.7297            0.7297           0.6574     0.0096  |       0.0345      0.0916
  52      0.0569        0.8347  |    0.6828/  0.7232/  0.7343            0.7343           0.6545     0.0072  |       0.0368      0.0907
  53      0.0741        0.9379  |    0.6587/  0.7131/  0.7229            0.7229           0.6404     0.0074  |       0.0435      0.0907
  54      0.0312        0.8925  |    0.6513/  0.7118/  0.7231            0.7231           0.5758     0.0133  |       0.0387      0.0906
  55      0.0699        0.7860  |    0.7151/  0.7402/  0.7476            0.7476           0.6696     0.0039  |       0.0384      0.0872
  56      0.0711        0.8703  |    0.6862/  0.7398/  0.7476            0.7476           0.6711     0.0030  |       0.0398      0.0873
  57      0.0698        0.9216  |    0.7207/  0.7532/  0.7605            0.7605           0.6793     0.0064  |       0.0413      0.0873
  58      0.0840        0.8827  |    0.7018/  0.7379/  0.7478            0.7478           0.6670     0.0062  |       0.0434      0.0873
  59      0.0848        0.9381  |    0.7102/  0.7493/  0.7577            0.7577           0.6821     0.0070  |       0.0404      0.0873
  60      0.0646        0.9241  |    0.7222/  0.7529/  0.7621            0.7621           0.6750     0.0117  |       0.0409      0.0873
  61      0.0742        0.8563  |    0.5240/  0.5756/  0.5868            0.5868           0.3772     0.0117  |       0.0441      0.0873
  62      0.0510        0.8936  |    0.4277/  0.4638/  0.4864            0.4864          -0.0203     0.0147  |       0.0534      0.0873
  63      0.0516        0.9251  |    0.3389/  0.3971/  0.4175            0.4175          -0.1410     0.0086  |       0.0647      0.0873
  64      0.0540        0.9572  |    0.1528/  0.2135/  0.2319            0.2319          -0.1755     0.0190  |       0.0704      0.0873
  65      0.0468        0.7592  |   -0.1002/ -0.0650/ -0.0473           -0.0473          -0.3594     0.0177  |       0.0882      0.0873
  66      0.0207        0.8829  |   -0.2019/ -0.1660/ -0.1524           -0.1524          -0.4375     0.0224  |       0.1000      0.0873
  67     -0.0059        0.8547  |   -0.3151/ -0.2796/ -0.2662           -0.2662          -0.4349     0.0151  |       0.1214      0.0873
  68     -0.0445        0.7690  |   -0.2429/ -0.2072/ -0.1925           -0.1925          -0.4350     0.0119  |       0.1352      0.0873
  69     -0.0064        0.8265  |   -0.2474/ -0.2254/ -0.2172           -0.2172          -0.4127     0.0153  |       0.1461      0.0873
  70     -0.0587        0.8030  |   -0.2325/ -0.1863/ -0.1193           -0.1193          -0.3620     0.0044  |       0.1609      0.0873
  71     -0.0473        0.8382  |   -0.2545/ -0.2146/ -0.2004           -0.2004          -0.4223     0.0171  |       0.1653      0.0873
  72     -0.0382        0.8172  |   -0.2707/ -0.2439/ -0.2366           -0.2366          -0.4406     0.0150  |       0.1766      0.0873
  73     -0.0180        0.8391  |   -0.2446/ -0.2066/ -0.1868           -0.1868          -0.4374     0.0179  |       0.1892      0.0873
  74     -0.0273        0.8305  |   -0.0780/  0.0139/  0.0500            0.0500          -0.3904     0.0090  |       0.2062      0.0873
  75     -0.0479        0.8480  |   -0.0316/  0.0826/  0.1110            0.1110          -0.3330     0.0049  |       0.2158      0.0873
  76     -0.0457        0.9214  |   -0.0156/  0.0566/  0.0844            0.0844          -0.3608     0.0165  |       0.2204      0.0873
  77     -0.0312        0.7690  |   -0.2563/ -0.2400/ -0.2270           -0.2270          -0.3003     0.0157  |       0.2357      0.0873
  78     -0.0013        0.9079  |   -0.2785/ -0.2190/ -0.2000           -0.2000          -0.3161     0.0229  |       0.2504      0.0873
  79     -0.0145        0.8655  |   -0.2725/ -0.2329/ -0.2200           -0.2200          -0.3091     0.0194  |       0.2722      0.0873
  80     -0.0193        0.8938  |   -0.1189/ -0.0721/ -0.0436           -0.0436          -0.3030     0.0050  |       0.2902      0.0873
  81     -0.0232        0.9645  |   -0.0838/ -0.0585/ -0.0364           -0.0364          -0.3039     0.0063  |       0.2960      0.0873
  82     -0.0010        0.9676  |   -0.2992/ -0.2812/ -0.2594           -0.2594          -0.3176     0.0100  |       0.3022      0.0873
  83     -0.0110        0.9621  |   -0.2843/ -0.2678/ -0.2515           -0.2515          -0.3025     0.0184  |       0.3076      0.0873
  84     -0.0256        0.8907  |   -0.1560/ -0.0947/ -0.0542           -0.0542          -0.3808     0.0093  |       0.3238      0.0873
  85     -0.0417        0.9470  |   -0.2431/ -0.2148/ -0.1954           -0.1954          -0.4497     0.0225  |       0.3332      0.0873
  86     -0.0313        0.9366  |   -0.1715/ -0.1365/ -0.1067           -0.1067          -0.3049     0.0307  |       0.3407      0.0873
  87     -0.0295        0.9747  |    0.0483/  0.0789/  0.1142            0.1142          -0.3898     0.0233  |       0.3477      0.0873
  88     -0.0481        0.9516  |    0.2360/  0.2862/  0.3066            0.3066          -0.3121     0.0360  |       0.3612      0.0873
  89     -0.0481        1.0000  |    0.2574/  0.2771/  0.2891            0.2891          -0.3119     0.0215  |       0.3888      0.0873
  90     -0.0481        1.0000  |    0.2257/  0.2416/  0.2542            0.2542          -0.3119     0.0254  |       0.3961      0.0873
  91     -0.0481        1.0000  |    0.2020/  0.2054/  0.2091            0.2091          -0.3119     0.0367  |       0.3985      0.0873
  92     -0.0481        1.0000  |    0.2899/  0.3296/  0.3573            0.3573          -0.3119     0.0194  |       0.3984      0.0873
  93     -0.0481        1.0000  |    0.2574/  0.3072/  0.3308            0.3308          -0.3119     0.0360  |       0.3982      0.0873
  94     -0.0481        1.0000  |    0.2824/  0.3177/  0.3382            0.3382          -0.3119     0.0155  |       0.3989      0.0873
  95     -0.0481        1.0000  |    0.2901/  0.3538/  0.3782            0.3782          -0.3119     0.0241  |       0.3998      0.0873
  96     -0.0481        1.0000  |    0.2400/  0.3348/  0.3636            0.3636          -0.3119     0.0297  |       0.4024      0.0873
  97     -0.0481        1.0000  |    0.2955/  0.3389/  0.3640            0.3640          -0.3119     0.0140  |       0.4055      0.0873
  98     -0.0481        1.0000  |    0.2837/  0.3532/  0.3736            0.3736          -0.3119     0.0271  |       0.4080      0.0873
  99     -0.0481        1.0000  |    0.2824/  0.3393/  0.3669            0.3669          -0.3119     0.0187  |       0.4132      0.0873
 100     -0.0481        1.0000  |    0.2728/  0.3308/  0.3679            0.3679          -0.3119     0.0265  |       0.4168      0.0873
 101     -0.0481        1.0000  |    0.2482/  0.3117/  0.3333            0.3333          -0.3119     0.0212  |       0.4224      0.0873
 102     -0.0481        1.0000  |    0.2919/  0.3344/  0.3535            0.3535          -0.3119     0.0215  |       0.4276      0.0873
 103     -0.0481        1.0000  |    0.2840/  0.3509/  0.3792            0.3792          -0.3119     0.0198  |       0.4337      0.0873
 104     -0.0481        1.0000  |    0.2850/  0.3379/  0.3594            0.3594          -0.3119     0.0203  |       0.4386      0.0873
 105     -0.0481        1.0000  |    0.2399/  0.2940/  0.3236            0.3236          -0.3120     0.0293  |       0.4391      0.0873
 106     -0.0481        1.0000  |    0.2456/  0.2899/  0.3171            0.3171          -0.3120     0.0178  |       0.4391      0.0873
 107     -0.0481        1.0000  |    0.2773/  0.3211/  0.3418            0.3418          -0.3120     0.0242  |       0.4390      0.0873
 108     -0.0481        1.0000  |    0.2717/  0.3270/  0.3596            0.3596          -0.3120     0.0232  |       0.4390      0.0873
 109     -0.0481        1.0000  |    0.2871/  0.3195/  0.3433            0.3433          -0.3120     0.0170  |       0.4391      0.0873
 110     -0.0481        1.0000  |    0.3120/  0.3491/  0.3705            0.3705          -0.3120     0.0264  |       0.4391      0.0873
 111     -0.0481        1.0000  |    0.1893/  0.2050/  0.2168            0.2168          -0.3120     0.0290  |       0.4391      0.0873
 112     -0.0480        1.0000  |    0.2454/  0.2682/  0.2879            0.2879          -0.3118     0.0209  |       0.4390      0.0873
 113     -0.0480        1.0000  |    0.2014/  0.2695/  0.2915            0.2915          -0.3118     0.0318  |       0.4390      0.0873
 114     -0.0480        1.0000  |    0.1704/  0.1857/  0.1969            0.1969          -0.3118     0.0303  |       0.4390      0.0873
 115     -0.0480        1.0000  |    0.2944/  0.3256/  0.3571            0.3571          -0.3118     0.0185  |       0.4391      0.0873
 116     -0.0480        1.0000  |    0.3167/  0.3550/  0.3736            0.3736          -0.3118     0.0397  |       0.4391      0.0873
 117     -0.0480        1.0000  |    0.2352/  0.2593/  0.2775            0.2775          -0.3118     0.0250  |       0.4391      0.0873
 118     -0.0480        1.0000  |    0.2613/  0.2844/  0.2976            0.2976          -0.3118     0.0154  |       0.4391      0.0873
 119     -0.0480        1.0000  |    0.2774/  0.3340/  0.3573            0.3573          -0.3118     0.0179  |       0.4391      0.0873
 120     -0.0480        1.0000  |    0.2451/  0.2793/  0.2954            0.2954          -0.3118     0.0323  |       0.4390      0.0873
 121     -0.0480        1.0000  |    0.2685/  0.3248/  0.3512            0.3512          -0.3118     0.0214  |       0.4390      0.0873
 122     -0.0480        1.0000  |    0.2090/  0.2426/  0.2614            0.2614          -0.3118     0.0291  |       0.4390      0.0873
 123     -0.0481        1.0000  |    0.2484/  0.2690/  0.2890            0.2890          -0.3119     0.0188  |       0.4391      0.0873
 124     -0.0481        1.0000  |    0.2870/  0.3168/  0.3334            0.3334          -0.3119     0.0229  |       0.4391      0.0873
 125     -0.0481        1.0000  |    0.2696/  0.3485/  0.3720            0.3720          -0.3119     0.0346  |       0.4391      0.0873
 126     -0.0481        1.0000  |    0.2600/  0.3338/  0.3582            0.3582          -0.3119     0.0177  |       0.4392      0.0873
 127     -0.0481        1.0000  |    0.1869/  0.3139/  0.3383            0.3383          -0.3119     0.0242  |       0.4391      0.0873
 128     -0.0481        1.0000  |    0.2831/  0.3125/  0.3277            0.3277          -0.3119     0.0282  |       0.4391      0.0873
 129     -0.0481        1.0000  |    0.2860/  0.3403/  0.3675            0.3675          -0.3119     0.0193  |       0.4390      0.0873
 130     -0.0481        1.0000  |    0.2442/  0.2826/  0.2964            0.2964          -0.3119     0.0189  |       0.4391      0.0873
 131     -0.0481        1.0000  |    0.2419/  0.2646/  0.2849            0.2849          -0.3119     0.0284  |       0.4391      0.0873
 132     -0.0481        1.0000  |    0.2207/  0.2702/  0.2936            0.2936          -0.3119     0.0306  |       0.4391      0.0873
 133     -0.0481        1.0000  |    0.2953/  0.3159/  0.3321            0.3321          -0.3119     0.0373  |       0.4391      0.0873
 134     -0.0481        1.0000  |    0.2762/  0.3176/  0.3386            0.3386          -0.3119     0.0221  |       0.4392      0.0873
 135     -0.0481        1.0000  |    0.2275/  0.3512/  0.3763            0.3763          -0.3119     0.0235  |       0.4392      0.0873
 136     -0.0481        1.0000  |    0.2314/  0.3202/  0.3456            0.3456          -0.3119     0.0243  |       0.4392      0.0873
 137     -0.0481        1.0000  |    0.2432/  0.3137/  0.3373            0.3373          -0.3119     0.0220  |       0.4391      0.0873
 138     -0.0481        1.0000  |    0.2757/  0.3316/  0.3605            0.3605          -0.3119     0.0206  |       0.4390      0.0873
 139     -0.0481        1.0000  |    0.3084/  0.3423/  0.3609            0.3609          -0.3119     0.0222  |       0.4391      0.0873
 140     -0.0481        1.0000  |    0.2110/  0.3067/  0.3295            0.3295          -0.3119     0.0188  |       0.4391      0.0873
 141     -0.0481        1.0000  |    0.2679/  0.3130/  0.3389            0.3389          -0.3119     0.0204  |       0.4392      0.0873
 142     -0.0481        1.0000  |    0.2247/  0.3062/  0.3303            0.3303          -0.3119     0.0279  |       0.4392      0.0873
 143     -0.0481        1.0000  |    0.2942/  0.3242/  0.3446            0.3446          -0.3119     0.0246  |       0.4392      0.0873
 144     -0.0481        1.0000  |    0.2520/  0.3310/  0.3565            0.3565          -0.3119     0.0176  |       0.4392      0.0873
 145     -0.0481        1.0000  |    0.3056/  0.3311/  0.3497            0.3497          -0.3119     0.0288  |       0.4392      0.0873
 146     -0.0481        1.0000  |    0.2958/  0.3471/  0.3699            0.3699          -0.3119     0.0126  |       0.4392      0.0873
 147     -0.0481        1.0000  |    0.2584/  0.3276/  0.3518            0.3518          -0.3119     0.0298  |       0.4392      0.0873
 148     -0.0481        1.0000  |    0.2629/  0.3400/  0.3634            0.3634          -0.3119     0.0144  |       0.4392      0.0873
 149     -0.0481        1.0000  |    0.2583/  0.3280/  0.3567            0.3567          -0.3121     0.0219  |       0.4392      0.0873
 150     -0.0481        1.0000  |    0.2966/  0.3468/  0.3701            0.3701          -0.3121     0.0230  |       0.4392      0.0873
 151     -0.0481        1.0000  |    0.2657/  0.2846/  0.2978            0.2978          -0.3121     0.0245  |       0.4392      0.0873
 152     -0.0481        1.0000  |    0.3176/  0.3499/  0.3715            0.3715          -0.3121     0.0242  |       0.4392      0.0873
 153     -0.0481        1.0000  |    0.2954/  0.3464/  0.3741            0.3741          -0.3121     0.0259  |       0.4392      0.0873
 154     -0.0482        1.0000  |    0.2463/  0.2762/  0.2944            0.2944          -0.3112     0.0304  |       0.4392      0.0873
 155     -0.0482        1.0000  |    0.2837/  0.3179/  0.3406            0.3406          -0.3112     0.0203  |       0.4392      0.0873
 156     -0.0482        1.0000  |    0.2439/  0.2955/  0.3128            0.3128          -0.3112     0.0370  |       0.4392      0.0873
 157     -0.0482        1.0000  |    0.2427/  0.2742/  0.2889            0.2889          -0.3112     0.0276  |       0.4392      0.0873
 158     -0.0482        1.0000  |    0.2848/  0.3209/  0.3402            0.3402          -0.3112     0.0140  |       0.4392      0.0873
 159     -0.0482        1.0000  |    0.2497/  0.3668/  0.3965            0.3965          -0.3112     0.0231  |       0.4392      0.0873
 160     -0.0482        1.0000  |    0.2731/  0.2992/  0.3193            0.3193          -0.3112     0.0288  |       0.4392      0.0873
 161     -0.0482        1.0000  |    0.2661/  0.3137/  0.3379            0.3379          -0.3112     0.0154  |       0.4392      0.0873
 162     -0.0482        1.0000  |    0.2789/  0.3316/  0.3522            0.3522          -0.3112     0.0243  |       0.4392      0.0873
 163     -0.0482        1.0000  |    0.3164/  0.3622/  0.3830            0.3830          -0.3112     0.0193  |       0.4392      0.0873
 164     -0.0482        1.0000  |    0.2875/  0.3125/  0.3333            0.3333          -0.3112     0.0226  |       0.4392      0.0873
 165     -0.0482        1.0000  |    0.2829/  0.3477/  0.3747            0.3747          -0.3112     0.0296  |       0.4392      0.0873
 166     -0.0482        1.0000  |    0.2411/  0.2782/  0.3023            0.3023          -0.3112     0.0210  |       0.4392      0.0873
 167     -0.0482        1.0000  |    0.2044/  0.2852/  0.3194            0.3194          -0.3112     0.0239  |       0.4392      0.0873
 168     -0.0482        1.0000  |    0.2520/  0.2924/  0.3173            0.3173          -0.3112     0.0268  |       0.4392      0.0873
 169     -0.0482        1.0000  |    0.2748/  0.3095/  0.3370            0.3370          -0.3112     0.0171  |       0.4392      0.0873
 170     -0.0482        1.0000  |    0.2362/  0.2932/  0.3157            0.3157          -0.3112     0.0319  |       0.4392      0.0873
 171     -0.0482        1.0000  |    0.2621/  0.3130/  0.3401            0.3401          -0.3112     0.0117  |       0.4392      0.0873
 172     -0.0482        1.0000  |    0.2382/  0.3249/  0.3483            0.3483          -0.3112     0.0218  |       0.4392      0.0873
 173     -0.0482        1.0000  |    0.2087/  0.3208/  0.3493            0.3493          -0.3112     0.0260  |       0.4392      0.0873
 174     -0.0482        1.0000  |    0.2476/  0.3054/  0.3346            0.3346          -0.3112     0.0182  |       0.4392      0.0873
 175     -0.0482        1.0000  |    0.2440/  0.3325/  0.3531            0.3531          -0.3112     0.0329  |       0.4392      0.0873
 176     -0.0482        1.0000  |    0.2744/  0.3141/  0.3358            0.3358          -0.3112     0.0214  |       0.4392      0.0873
 177     -0.0482        1.0000  |    0.2830/  0.3169/  0.3335            0.3335          -0.3112     0.0231  |       0.4392      0.0873
 178     -0.0482        1.0000  |    0.2662/  0.3645/  0.3880            0.3880          -0.3112     0.0172  |       0.4392      0.0873
 179     -0.0482        1.0000  |    0.2999/  0.3662/  0.3962            0.3962          -0.3112     0.0264  |       0.4392      0.0873
 180     -0.0482        1.0000  |    0.2600/  0.3133/  0.3357            0.3357          -0.3112     0.0274  |       0.4392      0.0873
 181     -0.0482        1.0000  |    0.2551/  0.3359/  0.3670            0.3670          -0.3112     0.0173  |       0.4392      0.0873
 182     -0.0482        1.0000  |    0.2559/  0.2691/  0.2776            0.2776          -0.3112     0.0268  |       0.4392      0.0873
 183     -0.0482        1.0000  |    0.2691/  0.3082/  0.3340            0.3340          -0.3112     0.0217  |       0.4392      0.0873
 184     -0.0482        1.0000  |    0.2572/  0.2872/  0.3051            0.3051          -0.3112     0.0270  |       0.4392      0.0873
 185     -0.0482        1.0000  |    0.2883/  0.3460/  0.3713            0.3713          -0.3112     0.0310  |       0.4392      0.0873
 186     -0.0482        1.0000  |    0.2713/  0.3387/  0.3635            0.3635          -0.3112     0.0242  |       0.4392      0.0873
 187     -0.0482        1.0000  |    0.2215/  0.2432/  0.2642            0.2642          -0.3112     0.0233  |       0.4392      0.0873
 188     -0.0482        1.0000  |    0.2420/  0.2848/  0.3049            0.3049          -0.3112     0.0207  |       0.4392      0.0873
 189     -0.0482        1.0000  |    0.2575/  0.3222/  0.3444            0.3444          -0.3112     0.0414  |       0.4392      0.0873
 190     -0.0482        1.0000  |    0.2539/  0.2797/  0.2999            0.2999          -0.3112     0.0284  |       0.4392      0.0873
 191     -0.0482        1.0000  |    0.2618/  0.3118/  0.3355            0.3355          -0.3112     0.0177  |       0.4392      0.0873
 192     -0.0482        1.0000  |    0.3036/  0.3605/  0.3858            0.3858          -0.3112     0.0279  |       0.4392      0.0873
 193     -0.0482        1.0000  |    0.2739/  0.3174/  0.3524            0.3524          -0.3112     0.0169  |       0.4392      0.0873
 194     -0.0482        1.0000  |    0.2922/  0.3807/  0.4061            0.4061          -0.3112     0.0163  |       0.4392      0.0873
 195     -0.0482        1.0000  |    0.2825/  0.3444/  0.3648            0.3648          -0.3112     0.0237  |       0.4392      0.0873
 196     -0.0482        1.0000  |    0.2485/  0.2835/  0.3019            0.3019          -0.3112     0.0233  |       0.4392      0.0873
 197     -0.0482        1.0000  |    0.3068/  0.3580/  0.3837            0.3837          -0.3112     0.0138  |       0.4392      0.0873
 198     -0.0482        1.0000  |    0.2350/  0.3646/  0.3911            0.3911          -0.3112     0.0279  |       0.4392      0.0873
 199     -0.0482        1.0000  |    0.2680/  0.3290/  0.3573            0.3573          -0.3112     0.0142  |       0.4392      0.0873
 200     -0.0482        1.0000  |    0.2907/  0.3550/  0.3830            0.3830          -0.3112     0.0172  |       0.4392      0.0873
 201     -0.0482        1.0000  |    0.2874/  0.3156/  0.3354            0.3354          -0.3112     0.0228  |       0.4392      0.0873
 202     -0.0482        1.0000  |    0.2686/  0.3009/  0.3211            0.3211          -0.3112     0.0213  |       0.4392      0.0873
 203     -0.0482        1.0000  |    0.2911/  0.3646/  0.3949            0.3949          -0.3112     0.0192  |       0.4392      0.0873
 204     -0.0482        1.0000  |    0.2424/  0.2890/  0.3074            0.3074          -0.3112     0.0258  |       0.4392      0.0873
 205     -0.0482        1.0000  |    0.2521/  0.3045/  0.3310            0.3310          -0.3112     0.0198  |       0.4392      0.0873
 206     -0.0482        1.0000  |    0.2398/  0.3417/  0.3698            0.3698          -0.3112     0.0259  |       0.4392      0.0873
 207     -0.0482        1.0000  |    0.2631/  0.2832/  0.2963            0.2963          -0.3112     0.0333  |       0.4392      0.0873
 208     -0.0482        1.0000  |    0.3386/  0.3771/  0.3946            0.3946          -0.3112     0.0209  |       0.4392      0.0873
 209     -0.0482        1.0000  |    0.2622/  0.3341/  0.3553            0.3553          -0.3112     0.0232  |       0.4392      0.0873
 210     -0.0482        1.0000  |    0.2595/  0.3138/  0.3401            0.3401          -0.3112     0.0212  |       0.4392      0.0873
 211     -0.0482        1.0000  |    0.2629/  0.3287/  0.3582            0.3582          -0.3112     0.0205  |       0.4392      0.0873
 212     -0.0482        1.0000  |    0.3198/  0.3624/  0.3818            0.3818          -0.3112     0.0277  |       0.4392      0.0873
 213     -0.0482        1.0000  |    0.2490/  0.3245/  0.3487            0.3487          -0.3110     0.0287  |       0.4392      0.0873
 214     -0.0482        1.0000  |    0.2612/  0.2705/  0.2798            0.2798          -0.3110     0.0270  |       0.4392      0.0873
 215     -0.0482        1.0000  |    0.2254/  0.3137/  0.3462            0.3462          -0.3110     0.0183  |       0.4392      0.0873
 216     -0.0482        1.0000  |    0.2763/  0.2881/  0.2968            0.2968          -0.3110     0.0301  |       0.4392      0.0873
 217     -0.0482        1.0000  |    0.2790/  0.3560/  0.3809            0.3809          -0.3110     0.0171  |       0.4392      0.0873
 218     -0.0482        1.0000  |    0.3183/  0.3536/  0.3792            0.3792          -0.3110     0.0275  |       0.4392      0.0873
 219     -0.0482        1.0000  |    0.2638/  0.3328/  0.3583            0.3583          -0.3110     0.0176  |       0.4392      0.0873
 220     -0.0482        1.0000  |    0.2663/  0.3436/  0.3651            0.3651          -0.3110     0.0259  |       0.4392      0.0873
 221     -0.0482        1.0000  |    0.2598/  0.3604/  0.3895            0.3895          -0.3110     0.0169  |       0.4392      0.0873
 222     -0.0482        1.0000  |    0.2993/  0.3510/  0.3723            0.3723          -0.3110     0.0245  |       0.4392      0.0873
 223     -0.0482        1.0000  |    0.2420/  0.3536/  0.3813            0.3813          -0.3110     0.0201  |       0.4392      0.0873
 224     -0.0482        1.0000  |    0.2870/  0.3125/  0.3350            0.3350          -0.3110     0.0272  |       0.4392      0.0873
 225     -0.0482        1.0000  |    0.2674/  0.3563/  0.3842            0.3842          -0.3110     0.0196  |       0.4392      0.0873
 226     -0.0482        1.0000  |    0.2854/  0.3517/  0.3794            0.3794          -0.3110     0.0244  |       0.4392      0.0873
 227     -0.0482        1.0000  |    0.2709/  0.3503/  0.3744            0.3744          -0.3110     0.0279  |       0.4392      0.0873
 228     -0.0482        1.0000  |    0.2920/  0.3282/  0.3497            0.3497          -0.3116     0.0202  |       0.4392      0.0873
 229     -0.0482        1.0000  |    0.3098/  0.3539/  0.3751            0.3751          -0.3116     0.0137  |       0.4392      0.0873
 230     -0.0482        1.0000  |    0.3007/  0.3813/  0.4086            0.4086          -0.3116     0.0238  |       0.4392      0.0873
 231     -0.0482        1.0000  |    0.2413/  0.3056/  0.3272            0.3272          -0.3116     0.0172  |       0.4392      0.0873
 232     -0.0482        1.0000  |    0.2520/  0.3243/  0.3494            0.3494          -0.3116     0.0218  |       0.4392      0.0873
 233     -0.0482        1.0000  |    0.2744/  0.2994/  0.3151            0.3151          -0.3116     0.0313  |       0.4392      0.0873
 234     -0.0482        1.0000  |    0.2314/  0.2462/  0.2573            0.2573          -0.3116     0.0283  |       0.4392      0.0873
 235     -0.0482        1.0000  |    0.2727/  0.3189/  0.3496            0.3496          -0.3116     0.0219  |       0.4392      0.0873
 236     -0.0482        1.0000  |    0.2346/  0.3241/  0.3549            0.3549          -0.3116     0.0196  |       0.4392      0.0873
 237     -0.0482        1.0000  |    0.2661/  0.3333/  0.3566            0.3566          -0.3116     0.0229  |       0.4392      0.0873
 238     -0.0482        1.0000  |    0.2623/  0.3472/  0.3787            0.3787          -0.3116     0.0152  |       0.4392      0.0873
 239     -0.0482        1.0000  |    0.2399/  0.3133/  0.3397            0.3397          -0.3116     0.0253  |       0.4392      0.0873
 240     -0.0482        1.0000  |    0.3143/  0.3509/  0.3688            0.3688          -0.3116     0.0196  |       0.4392      0.0873
 241     -0.0482        1.0000  |    0.2948/  0.3447/  0.3644            0.3644          -0.3116     0.0262  |       0.4392      0.0873
 242     -0.0482        1.0000  |    0.2555/  0.2973/  0.3147            0.3147          -0.3116     0.0218  |       0.4392      0.0873
 243     -0.0482        1.0000  |    0.2738/  0.3493/  0.3728            0.3728          -0.3116     0.0135  |       0.4392      0.0873
 244     -0.0482        1.0000  |    0.3088/  0.3426/  0.3656            0.3656          -0.3116     0.0304  |       0.4392      0.0873
 245     -0.0482        1.0000  |    0.2700/  0.3213/  0.3410            0.3410          -0.3116     0.0265  |       0.4392      0.0873
 246     -0.0482        1.0000  |    0.2264/  0.2654/  0.2839            0.2839          -0.3116     0.0197  |       0.4392      0.0873
 247     -0.0482        1.0000  |    0.3110/  0.3616/  0.3873            0.3873          -0.3116     0.0219  |       0.4392      0.0873
 248     -0.0482        1.0000  |    0.2470/  0.2815/  0.3036            0.3036          -0.3116     0.0307  |       0.4392      0.0873
 249     -0.0482        1.0000  |    0.2738/  0.3111/  0.3282            0.3282          -0.3116     0.0176  |       0.4392      0.0873
 250     -0.0482        1.0000  |    0.3084/  0.3713/  0.3953            0.3953          -0.3116     0.0253  |       0.4392      0.0873
 251     -0.0482        1.0000  |    0.2847/  0.3215/  0.3405            0.3405          -0.3116     0.0239  |       0.4392      0.0873
 252     -0.0482        1.0000  |    0.3114/  0.3561/  0.3817            0.3817          -0.3116     0.0171  |       0.4392      0.0873
 253     -0.0482        1.0000  |    0.2635/  0.3259/  0.3505            0.3505          -0.3116     0.0235  |       0.4392      0.0873
 254     -0.0482        1.0000  |    0.2876/  0.3322/  0.3608            0.3608          -0.3116     0.0209  |       0.4392      0.0873
 255     -0.0482        1.0000  |    0.2741/  0.3267/  0.3500            0.3500          -0.3116     0.0237  |       0.4392      0.0873
 256     -0.0482        1.0000  |    0.2724/  0.3442/  0.3709            0.3709          -0.3116     0.0247  |       0.4392      0.0873
 257     -0.0482        1.0000  |    0.2994/  0.3460/  0.3693            0.3693          -0.3116     0.0223  |       0.4392      0.0873
 258     -0.0482        1.0000  |    0.2737/  0.3246/  0.3489            0.3489          -0.3116     0.0227  |       0.4392      0.0873
 259     -0.0482        1.0000  |    0.2657/  0.2848/  0.2995            0.2995          -0.3116     0.0165  |       0.4392      0.0873
 260     -0.0482        1.0000  |    0.2978/  0.3361/  0.3604            0.3604          -0.3116     0.0299  |       0.4392      0.0873
 261     -0.0482        1.0000  |    0.3002/  0.3597/  0.3825            0.3825          -0.3116     0.0213  |       0.4392      0.0873
 262     -0.0482        1.0000  |    0.3022/  0.3756/  0.4004            0.4004          -0.3116     0.0247  |       0.4392      0.0873
 263     -0.0482        1.0000  |    0.2752/  0.3332/  0.3614            0.3614          -0.3116     0.0254  |       0.4392      0.0873
 264     -0.0482        1.0000  |    0.2658/  0.2977/  0.3187            0.3187          -0.3116     0.0157  |       0.4392      0.0873
 265     -0.0482        1.0000  |    0.2987/  0.3576/  0.3819            0.3819          -0.3116     0.0200  |       0.4392      0.0873
 266     -0.0482        1.0000  |    0.2844/  0.3580/  0.3823            0.3823          -0.3116     0.0232  |       0.4392      0.0873
 267     -0.0481        1.0000  |    0.2859/  0.3592/  0.3799            0.3799          -0.3117     0.0113  |       0.4392      0.0873
 268     -0.0481        1.0000  |    0.2197/  0.3215/  0.3507            0.3507          -0.3117     0.0262  |       0.4392      0.0873
 269     -0.0481        1.0000  |    0.1921/  0.2087/  0.2261            0.2261          -0.3117     0.0282  |       0.4392      0.0873
 270     -0.0481        1.0000  |    0.2673/  0.2974/  0.3229            0.3229          -0.3117     0.0300  |       0.4392      0.0873
 271     -0.0481        1.0000  |    0.2390/  0.2531/  0.2658            0.2658          -0.3117     0.0325  |       0.4392      0.0873
 272     -0.0481        1.0000  |    0.1689/  0.1801/  0.1889            0.1889          -0.3117     0.0305  |       0.4392      0.0873
 273     -0.0481        1.0000  |    0.1295/  0.1524/  0.1722            0.1722          -0.3117     0.0240  |       0.4392      0.0873
 274     -0.0481        1.0000  |    0.2580/  0.2781/  0.2987            0.2987          -0.3117     0.0456  |       0.4392      0.0873
 275     -0.0481        1.0000  |    0.2474/  0.2700/  0.2842            0.2842          -0.3117     0.0306  |       0.4392      0.0873
 276     -0.0481        1.0000  |    0.2104/  0.2394/  0.2605            0.2605          -0.3117     0.0252  |       0.4392      0.0873
 277     -0.0481        1.0000  |    0.1951/  0.2387/  0.2697            0.2697          -0.3117     0.0198  |       0.4392      0.0873
 278     -0.0481        1.0000  |    0.1721/  0.1988/  0.2285            0.2285          -0.3117     0.0299  |       0.4392      0.0873
 279     -0.0481        1.0000  |    0.2057/  0.2395/  0.2625            0.2625          -0.3117     0.0261  |       0.4392      0.0873
 280     -0.0481        1.0000  |    0.2528/  0.3404/  0.3643            0.3643          -0.3117     0.0268  |       0.4392      0.0873
 281     -0.0481        1.0000  |    0.2304/  0.2982/  0.3229            0.3229          -0.3117     0.0291  |       0.4392      0.0873
 282     -0.0481        1.0000  |    0.2735/  0.3264/  0.3491            0.3491          -0.3117     0.0254  |       0.4392      0.0873
 283     -0.0481        1.0000  |    0.2734/  0.3253/  0.3558            0.3558          -0.3117     0.0158  |       0.4392      0.0873
 284     -0.0481        1.0000  |    0.2759/  0.3453/  0.3760            0.3760          -0.3117     0.0246  |       0.4392      0.0873
 285     -0.0481        1.0000  |    0.2765/  0.3265/  0.3491            0.3491          -0.3117     0.0173  |       0.4392      0.0873
 286     -0.0481        1.0000  |    0.3006/  0.3370/  0.3653            0.3653          -0.3117     0.0259  |       0.4392      0.0873
 287     -0.0481        1.0000  |    0.2758/  0.3013/  0.3189            0.3189          -0.3117     0.0271  |       0.4392      0.0873
 288     -0.0481        1.0000  |    0.3288/  0.3625/  0.3767            0.3767          -0.3117     0.0233  |       0.4392      0.0873
 289     -0.0481        1.0000  |    0.2907/  0.3610/  0.3828            0.3828          -0.3117     0.0203  |       0.4392      0.0873
 290     -0.0481        1.0000  |    0.3027/  0.3379/  0.3698            0.3698          -0.3117     0.0221  |       0.4392      0.0873
 291     -0.0481        1.0000  |    0.2852/  0.3643/  0.3902            0.3902          -0.3117     0.0188  |       0.4392      0.0873
 292     -0.0481        1.0000  |    0.2883/  0.3332/  0.3620            0.3620          -0.3117     0.0223  |       0.4392      0.0873
 293     -0.0481        1.0000  |    0.2961/  0.3430/  0.3674            0.3674          -0.3117     0.0167  |       0.4392      0.0873
 294     -0.0481        1.0000  |    0.2616/  0.3738/  0.4018            0.4018          -0.3117     0.0237  |       0.4392      0.0873
 295     -0.0481        1.0000  |    0.2599/  0.3589/  0.3816            0.3816          -0.3117     0.0251  |       0.4392      0.0873
 296     -0.0481        1.0000  |    0.2353/  0.2820/  0.3001            0.3001          -0.3117     0.0142  |       0.4392      0.0873
 297     -0.0481        1.0000  |    0.2546/  0.3308/  0.3640            0.3640          -0.3117     0.0271  |       0.4392      0.0873
 298     -0.0481        1.0000  |    0.2522/  0.3474/  0.3730            0.3730          -0.3117     0.0209  |       0.4392      0.0873
 299     -0.0481        1.0000  |    0.2468/  0.3362/  0.3599            0.3599          -0.3117     0.0253  |       0.4392      0.0873
IMAGEIO FFMPEG_WRITER WARNING: input image is not divisible by macro_block_size=16, resizing from (320, 180) to (320, 192) to ensure video compatibility with most codecs and players. To prevent resizing, make your input image divisible by the macro_block_size or set the macro_block_size to 1 (risking incompatibility).

Saved 300 frames -> /home/ashwink/Documents/swms/SWM_copy/rollouts_5_per/expert-only/epoch12/epoch12_rollout1_failure.mp4
min dist(green_cube,blue_moon) over episode = 0.0872  ->  FAILURE
Full log written to /home/ashwink/Documents/swms/SWM_copy/rollouts_5_per/expert-only/epoch12/epoch12_rollout1_20260723_133226.log
Result json -> /home/ashwink/Documents/swms/SWM_copy/rollouts_5_per/expert-only/epoch12/epoch12_rollout1_result.json
