Checkpoint dir epoch: 12  Rollout: 4
Logging to /home/ashwink/Documents/swms/SWM_copy/rollouts_5_per/expert-only/epoch12/epoch12_rollout4_20260723_133621.log
Goal (fixed, steps 0-299): the green cube is touching the blue moon. the peg is touching the green cube.

Checkpoint: /home/ashwink/Documents/swms/SWM_copy/training/checkpoints_clip_full_finetuned_wider_hl/epoch_012.pt
  epoch=12  step=11154

Loading CLIP ViT-L/14 (datacomp_xl_s13b_b90k) + fine-tuned clip_state_dict ...
Parsing model identifier. Schema: None, Identifier: ViT-L-14
Loaded built-in ViT-L-14 model config.
Instantiating model architecture: CLIP
Loading full pretrained weights from: /home/ashwink/.cache/huggingface/hub/models--laion--CLIP-ViT-L-14-DataComp.XL-s13B-b90K/snapshots/84c9828e63dc9a9351d1fe637c346d4c1c4db341/open_clip_pytorch_model.bin
Final image preprocessing configuration set: {'size': (224, 224), 'mode': 'RGB', 'mean': (0.48145466, 0.4578275, 0.40821073), 'std': (0.26862954, 0.26130258, 0.27577711), 'interpolation': 'bicubic', 'resize_mode': 'shortest', 'fill_color': 0}
Model ViT-L-14 creation process complete.
Parsing tokenizer identifier. Schema: None, Identifier: ViT-L-14
Attempting to load config from built-in: ViT-L-14
Using default SimpleTokenizer.
z_star shape: torch.Size([768])

Loading action stats from /home/ashwink/full_data_5000/langtable/demos/ ...
  lo=[-0.03372681140899658, -0.03493623435497284]  hi=[0.03496786952018738, 0.03494429588317871]

Initializing LangTable env ...
Loading URDF plane.urdf
Loading URDF /home/ashwink/Documents/swms/.venv/lib/python3.10/site-packages/language_table/environments/utils/../../../language_table/environments/assets/workspace_real.urdf
Loading URDF xarm/xarm6_robot_white.urdf
Loading URDF /home/ashwink/Documents/swms/.venv/lib/python3.10/site-packages/language_table/environments/utils/../../../language_table/environments/assets/suction/cylinder_real.urdf
Loading URDF /home/ashwink/Documents/swms/.venv/lib/python3.10/site-packages/language_table/environments/utils/../../../language_table/environments/assets/blocks/red_moon.urdf
Loading URDF /home/ashwink/Documents/swms/.venv/lib/python3.10/site-packages/language_table/environments/utils/../../../language_table/environments/assets/blocks/red_cube.urdf
Loading URDF /home/ashwink/Documents/swms/.venv/lib/python3.10/site-packages/language_table/environments/utils/../../../language_table/environments/assets/blocks/red_star.urdf
Loading URDF /home/ashwink/Documents/swms/.venv/lib/python3.10/site-packages/language_table/environments/utils/../../../language_table/environments/assets/blocks/red_pentagon.urdf
Loading URDF /home/ashwink/Documents/swms/.venv/lib/python3.10/site-packages/language_table/environments/utils/../../../language_table/environments/assets/blocks/blue_moon.urdf
Loading URDF /home/ashwink/Documents/swms/.venv/lib/python3.10/site-packages/language_table/environments/utils/../../../language_table/environments/assets/blocks/blue_cube.urdf
Loading URDF /home/ashwink/Documents/swms/.venv/lib/python3.10/site-packages/language_table/environments/utils/../../../language_table/environments/assets/blocks/blue_star.urdf
Loading URDF /home/ashwink/Documents/swms/.venv/lib/python3.10/site-packages/language_table/environments/utils/../../../language_table/environments/assets/blocks/blue_pentagon.urdf
Loading URDF /home/ashwink/Documents/swms/.venv/lib/python3.10/site-packages/language_table/environments/utils/../../../language_table/environments/assets/blocks/yellow_moon.urdf
Loading URDF /home/ashwink/Documents/swms/.venv/lib/python3.10/site-packages/language_table/environments/utils/../../../language_table/environments/assets/blocks/yellow_cube.urdf
Loading URDF /home/ashwink/Documents/swms/.venv/lib/python3.10/site-packages/language_table/environments/utils/../../../language_table/environments/assets/blocks/yellow_star.urdf
Loading URDF /home/ashwink/Documents/swms/.venv/lib/python3.10/site-packages/language_table/environments/utils/../../../language_table/environments/assets/blocks/yellow_pentagon.urdf
Loading URDF /home/ashwink/Documents/swms/.venv/lib/python3.10/site-packages/language_table/environments/utils/../../../language_table/environments/assets/blocks/green_moon.urdf
Loading URDF /home/ashwink/Documents/swms/.venv/lib/python3.10/site-packages/language_table/environments/utils/../../../language_table/environments/assets/blocks/green_cube.urdf
Loading URDF /home/ashwink/Documents/swms/.venv/lib/python3.10/site-packages/language_table/environments/utils/../../../language_table/environments/assets/blocks/green_star.urdf
Loading URDF /home/ashwink/Documents/swms/.venv/lib/python3.10/site-packages/language_table/environments/utils/../../../language_table/environments/assets/blocks/green_pentagon.urdf
Loading URDF /home/ashwink/Documents/swms/.venv/lib/python3.10/site-packages/language_table/environments/utils/../../../language_table/environments/assets/blocks/purple_moon.urdf
Loading URDF /home/ashwink/Documents/swms/.venv/lib/python3.10/site-packages/language_table/environments/utils/../../../language_table/environments/assets/blocks/purple_cube.urdf
Loading URDF /home/ashwink/Documents/swms/.venv/lib/python3.10/site-packages/language_table/environments/utils/../../../language_table/environments/assets/blocks/purple_star.urdf
Loading URDF /home/ashwink/Documents/swms/.venv/lib/python3.10/site-packages/language_table/environments/utils/../../../language_table/environments/assets/blocks/purple_pentagon.urdf
Env ready.

Forced peg start: [0.42843915 0.24419614]  (green_cube=[0.40339102 0.18967466], blue_moon=[0.32039625 0.00902261])
  dist(peg,green_cube)=0.0600  dist(peg,blue_moon)=0.2588  dist(green_cube,blue_moon)=0.1988

step  cos(zt,z*)  cos(zt,zt-1)  |   cos(predK,z*) min/mean/max  cos(pred_sel,z*)   cos(zpred0,z*)  ||a_raw||  |  dist(peg,A)   dist(A,B)
-------------------------------------------------------------------------------------------------------------------------------------------------------------------------------
   0      0.1078           nan  |    0.5107/  0.7326/  0.7521            0.7521           0.6673     0.0220  |       0.0587      0.1988
   1      0.1126        0.9897  |    0.6721/  0.7220/  0.7306            0.7306           0.6732     0.0065  |       0.0613      0.1988
   2      0.1135        0.9903  |    0.6847/  0.7222/  0.7345            0.7345           0.6718     0.0076  |       0.0667      0.1988
   3      0.1124        0.9929  |    0.6705/  0.7238/  0.7328            0.7328           0.6694     0.0085  |       0.0719      0.1988
   4      0.1063        0.9951  |    0.6737/  0.7178/  0.7277            0.7277           0.6635     0.0155  |       0.0690      0.1988
   5      0.1130        0.9855  |    0.7011/  0.7328/  0.7411            0.7411           0.6716     0.0046  |       0.0628      0.1988
   6      0.1153        0.9971  |    0.7057/  0.7371/  0.7449            0.7449           0.6715     0.0095  |       0.0588      0.1988
   7      0.1075        0.9918  |    0.6880/  0.7313/  0.7428            0.7428           0.6701     0.0065  |       0.0597      0.1988
   8      0.1091        0.9953  |    0.6720/  0.7317/  0.7410            0.7410           0.6688     0.0012  |       0.0545      0.1988
   9      0.1118        0.9979  |    0.6913/  0.7289/  0.7424            0.7424           0.6696     0.0088  |       0.0536      0.1988
  10      0.1062        0.9945  |    0.6829/  0.7272/  0.7363            0.7363           0.6671     0.0095  |       0.0519      0.1988
  11      0.1078        0.9901  |    0.6681/  0.7289/  0.7409            0.7409           0.6621     0.0076  |       0.0431      0.1988
  12      0.1010        0.9612  |    0.6716/  0.7403/  0.7542            0.7542           0.6644     0.0050  |       0.0400      0.1969
  13      0.1196        0.8954  |    0.7060/  0.7402/  0.7518            0.7518           0.6583     0.0055  |       0.0412      0.1934
  14      0.1397        0.9599  |    0.6898/  0.7417/  0.7555            0.7555           0.6448     0.0087  |       0.0410      0.1932
  15      0.1457        0.9031  |    0.6520/  0.7228/  0.7345            0.7345           0.6538     0.0139  |       0.0397      0.1932
  16      0.1180        0.9326  |    0.6769/  0.7314/  0.7415            0.7415           0.6460     0.0030  |       0.0386      0.1932
  17      0.1264        0.9713  |    0.6679/  0.7372/  0.7458            0.7458           0.6600     0.0095  |       0.0368      0.1932
  18      0.1186        0.8936  |    0.6950/  0.7484/  0.7571            0.7571           0.6774     0.0016  |       0.0336      0.1944
  19      0.1259        0.9677  |    0.7121/  0.7411/  0.7505            0.7505           0.6723     0.0054  |       0.0343      0.1948
  20      0.1490        0.9370  |    0.7151/  0.7502/  0.7585            0.7585           0.6759     0.0117  |       0.0335      0.1957
  21      0.1655        0.9314  |    0.7056/  0.7439/  0.7536            0.7536           0.6611     0.0041  |       0.0354      0.1949
  22      0.1554        0.9723  |    0.7124/  0.7369/  0.7472            0.7472           0.6643     0.0064  |       0.0341      0.1950
  23      0.1480        0.9421  |    0.6970/  0.7398/  0.7473            0.7473           0.6775     0.0098  |       0.0350      0.1978
  24      0.1371        0.8973  |    0.6882/  0.7304/  0.7400            0.7400           0.6456     0.0083  |       0.0353      0.1957
  25      0.1475        0.9445  |    0.6930/  0.7399/  0.7505            0.7505           0.6602     0.0035  |       0.0335      0.1970
  26      0.1459        0.9621  |    0.7078/  0.7381/  0.7474            0.7474           0.6650     0.0118  |       0.0329      0.1962
  27      0.1312        0.9198  |    0.7018/  0.7192/  0.7292            0.7292           0.6709     0.0046  |       0.0386      0.1961
  28      0.1359        0.9725  |    0.6907/  0.7169/  0.7268            0.7268           0.6740     0.0084  |       0.0369      0.1961
  29      0.1116        0.9453  |    0.6791/  0.7224/  0.7351            0.7351           0.6435     0.0028  |       0.0376      0.1961
  30      0.1204        0.9707  |    0.6683/  0.7000/  0.7088            0.7088           0.6277     0.0080  |       0.0397      0.1961
  31      0.1067        0.9468  |    0.6657/  0.7083/  0.7209            0.7209           0.6244     0.0058  |       0.0436      0.1961
  32      0.1163        0.9512  |    0.6687/  0.6887/  0.6990            0.6990           0.6269     0.0058  |       0.0407      0.1978
  33      0.1016        0.9394  |    0.6596/  0.6869/  0.6945            0.6945           0.6148     0.0028  |       0.0446      0.1979
  34      0.1115        0.9710  |    0.6594/  0.6948/  0.7041            0.7041           0.6277     0.0103  |       0.0473      0.1979
  35      0.1003        0.9328  |    0.6285/  0.6813/  0.6927            0.6927           0.5524     0.0039  |       0.0458      0.1979
  36      0.0995        0.9476  |    0.5883/  0.6112/  0.6245            0.6245           0.3596     0.0166  |       0.0482      0.1979
  37      0.1013        0.9387  |    0.3887/  0.6157/  0.6318            0.6318           0.3430     0.0136  |       0.0447      0.1979
  38      0.0594        0.8294  |    0.3745/  0.4521/  0.4732            0.4732           0.1055     0.0201  |       0.0483      0.1979
  39      0.0284        0.8739  |    0.0258/  0.0686/  0.0971            0.0971          -0.2142     0.0245  |       0.0583      0.1979
  40      0.0542        0.8618  |    0.5383/  0.5862/  0.6122            0.6122          -0.0686     0.0371  |       0.0662      0.1979
  41     -0.0354        0.7059  |   -0.2783/ -0.2564/ -0.2430           -0.2430          -0.3240     0.0170  |       0.1010      0.1979
  42     -0.0409        0.8184  |   -0.2504/ -0.2336/ -0.2229           -0.2229          -0.3025     0.0122  |       0.1158      0.1979
  43     -0.0499        0.9042  |   -0.3190/ -0.3017/ -0.2839           -0.2839          -0.3441     0.0192  |       0.1246      0.1979
  44     -0.1162        0.8397  |   -0.2665/ -0.1891/ -0.1660           -0.1660          -0.2850     0.0146  |       0.1298      0.1979
  45     -0.0555        0.8187  |   -0.2673/ -0.2265/ -0.2097           -0.2097          -0.3620     0.0101  |       0.1422      0.1979
  46     -0.0525        0.8503  |   -0.2797/ -0.2543/ -0.2412           -0.2412          -0.3315     0.0168  |       0.1440      0.1979
  47     -0.0594        0.8749  |   -0.2714/ -0.2528/ -0.2368           -0.2368          -0.3344     0.0149  |       0.1325      0.1979
  48     -0.0752        0.7358  |   -0.2141/ -0.2054/ -0.1963           -0.1963          -0.2298     0.0333  |       0.1432      0.1979
  49     -0.0462        0.4913  |   -0.2086/ -0.1915/ -0.1766           -0.1766          -0.2332     0.0310  |       0.1732      0.1979
  50      0.0343        0.5533  |    0.0910/  0.1353/  0.1619            0.1619          -0.2647     0.0102  |       0.1868      0.1979
  51      0.0342        0.8924  |    0.0156/  0.0439/  0.0637            0.0637          -0.3083     0.0159  |       0.1960      0.1979
  52      0.0417        0.8568  |    0.1835/  0.2132/  0.2286            0.2286          -0.2939     0.0216  |       0.2111      0.1979
  53      0.0945        0.8659  |    0.4395/  0.4704/  0.4891            0.4891          -0.2964     0.0195  |       0.2252      0.1979
  54      0.0854        0.9359  |    0.4535/  0.4867/  0.5030            0.5030          -0.0844     0.0208  |       0.2257      0.1979
  55      0.0737        0.8921  |    0.3989/  0.4602/  0.4873            0.4873          -0.3133     0.0061  |       0.2275      0.1979
  56      0.0710        0.9124  |    0.3368/  0.3569/  0.3714            0.3714          -0.3685     0.0208  |       0.2315      0.1979
  57      0.0496        0.9126  |    0.3257/  0.3934/  0.4167            0.4167          -0.2692     0.0204  |       0.2350      0.1979
  58      0.0468        0.9692  |    0.4100/  0.4645/  0.4852            0.4852          -0.2837     0.0194  |       0.2361      0.1979
  59      0.0453        0.9750  |    0.4566/  0.5999/  0.6189            0.6189          -0.2786     0.0064  |       0.2364      0.1979
  60      0.0280        0.8940  |   -0.0645/ -0.0266/  0.0004            0.0004          -0.3648     0.0147  |       0.2397      0.1979
  61      0.0606        0.9021  |    0.3716/  0.4432/  0.4654            0.4654          -0.2704     0.0095  |       0.2353      0.1979
  62      0.0379        0.9197  |    0.1533/  0.1936/  0.2175            0.2175          -0.3622     0.0158  |       0.2396      0.1979
  63      0.0329        0.9721  |    0.1201/  0.1580/  0.1885            0.1885          -0.3663     0.0229  |       0.2393      0.1979
  64      0.0517        0.9748  |    0.2073/  0.2492/  0.2703            0.2703          -0.3473     0.0168  |       0.2403      0.1979
  65      0.0406        0.9549  |    0.2688/  0.3053/  0.3263            0.3263          -0.3611     0.0173  |       0.2382      0.1979
  66      0.0371        0.9708  |    0.1397/  0.1711/  0.1896            0.1896          -0.3599     0.0286  |       0.2390      0.1979
  67      0.0474        0.9279  |    0.5149/  0.5556/  0.5688            0.5688          -0.2800     0.0220  |       0.2365      0.1979
  68      0.0544        0.8795  |    0.1056/  0.1489/  0.1727            0.1727          -0.3701     0.0171  |       0.2435      0.1979
  69      0.0565        0.9537  |    0.1710/  0.2038/  0.2275            0.2275          -0.3620     0.0122  |       0.2428      0.1979
  70      0.0517        0.9301  |    0.1298/  0.1679/  0.1832            0.1832          -0.3365     0.0270  |       0.2454      0.1979
  71      0.0321        0.9442  |   -0.1074/ -0.0646/ -0.0425           -0.0425          -0.3977     0.0131  |       0.2508      0.1979
  72      0.0374        0.9785  |   -0.0883/ -0.0303/ -0.0021           -0.0021          -0.3582     0.0216  |       0.2499      0.1979
  73      0.0499        0.9115  |    0.1264/  0.1628/  0.1827            0.1827          -0.3551     0.0117  |       0.2547      0.1979
  74      0.0250        0.9324  |   -0.3709/ -0.3408/ -0.3252           -0.3252          -0.4177     0.0097  |       0.2613      0.1979
  75      0.0253        0.9468  |   -0.2571/ -0.2219/ -0.1761           -0.1761          -0.3201     0.0273  |       0.2649      0.1979
  76      0.0368        0.9043  |    0.0230/  0.0504/  0.0717            0.0717          -0.3764     0.0330  |       0.2744      0.1979
  77      0.0290        0.9064  |    0.4206/  0.4531/  0.4694            0.4694          -0.3456     0.0126  |       0.2801      0.1979
  78      0.0598        0.9096  |    0.2401/  0.2793/  0.3124            0.3124          -0.3320     0.0236  |       0.2878      0.1979
  79     -0.0081        0.7277  |   -0.0141/  0.0258/  0.0524            0.0524          -0.3306     0.0207  |       0.3012      0.1979
  80      0.0341        0.7923  |   -0.0484/ -0.0206/  0.0003            0.0003          -0.3797     0.0446  |       0.3133      0.1979
  81      0.0287        0.8225  |   -0.0173/  0.0100/  0.0313            0.0313          -0.2339     0.0349  |       0.3306      0.1979
  82      0.0072        0.8439  |    0.0300/  0.0652/  0.0894            0.0894          -0.3438     0.0403  |       0.3635      0.1979
  83      0.0295        0.8162  |   -0.1299/ -0.0972/ -0.0751           -0.0751          -0.2966     0.0404  |       0.3891      0.1979
  84      0.0352        0.8356  |    0.2607/  0.2967/  0.3266            0.3266          -0.1306     0.0354  |       0.4170      0.1979
  85      0.0352        1.0000  |    0.2872/  0.3266/  0.3449            0.3449          -0.1312     0.0307  |       0.4461      0.1979
  86      0.0352        1.0000  |    0.2963/  0.3398/  0.3575            0.3575          -0.1310     0.0200  |       0.4759      0.1979
  87      0.0352        1.0000  |    0.2949/  0.3425/  0.3621            0.3621          -0.1312     0.0159  |       0.4843      0.1979
  88      0.0351        1.0000  |    0.3025/  0.3343/  0.3583            0.3583          -0.1311     0.0209  |       0.4868      0.1979
  89      0.0351        1.0000  |    0.2679/  0.3128/  0.3317            0.3317          -0.1311     0.0303  |       0.4891      0.1979
  90      0.0351        1.0000  |    0.2457/  0.2855/  0.3007            0.3007          -0.1311     0.0245  |       0.4947      0.1979
  91      0.0351        1.0000  |    0.2883/  0.3389/  0.3628            0.3628          -0.1311     0.0126  |       0.4997      0.1979
  92      0.0351        1.0000  |    0.2970/  0.3360/  0.3574            0.3574          -0.1311     0.0269  |       0.5015      0.1979
  93      0.0351        1.0000  |    0.2922/  0.3468/  0.3651            0.3651          -0.1311     0.0193  |       0.5031      0.1979
  94      0.0351        1.0000  |    0.2837/  0.3146/  0.3318            0.3318          -0.1311     0.0257  |       0.5034      0.1979
  95      0.0351        1.0000  |    0.2880/  0.3079/  0.3222            0.3222          -0.1311     0.0224  |       0.5035      0.1979
  96      0.0351        1.0000  |    0.2675/  0.3289/  0.3495            0.3495          -0.1311     0.0262  |       0.5035      0.1979
  97      0.0351        1.0000  |    0.3001/  0.3341/  0.3541            0.3541          -0.1311     0.0203  |       0.5034      0.1979
  98      0.0351        1.0000  |    0.3193/  0.3541/  0.3698            0.3698          -0.1311     0.0217  |       0.5034      0.1979
  99      0.0351        1.0000  |    0.2957/  0.3535/  0.3723            0.3723          -0.1311     0.0146  |       0.5034      0.1979
 100      0.0351        1.0000  |    0.2959/  0.3366/  0.3538            0.3538          -0.1311     0.0210  |       0.5033      0.1979
 101      0.0351        1.0000  |    0.2969/  0.3439/  0.3616            0.3616          -0.1311     0.0161  |       0.5034      0.1979
 102      0.0351        1.0000  |    0.3148/  0.3463/  0.3631            0.3631          -0.1308     0.0190  |       0.5035      0.1979
 103      0.0351        1.0000  |    0.2829/  0.3245/  0.3456            0.3456          -0.1308     0.0240  |       0.5036      0.1979
 104      0.0351        1.0000  |    0.2852/  0.3190/  0.3355            0.3355          -0.1308     0.0218  |       0.5036      0.1979
 105      0.0351        1.0000  |    0.2563/  0.3273/  0.3480            0.3480          -0.1308     0.0216  |       0.5035      0.1979
 106      0.0351        1.0000  |    0.2622/  0.3334/  0.3560            0.3560          -0.1308     0.0230  |       0.5036      0.1979
 107      0.0351        1.0000  |    0.2801/  0.3469/  0.3658            0.3658          -0.1307     0.0195  |       0.5037      0.1979
 108      0.0351        1.0000  |    0.2610/  0.3434/  0.3631            0.3631          -0.1307     0.0208  |       0.5036      0.1979
 109      0.0351        1.0000  |    0.2877/  0.3276/  0.3434            0.3434          -0.1307     0.0223  |       0.5036      0.1979
 110      0.0351        1.0000  |    0.2848/  0.3367/  0.3633            0.3633          -0.1307     0.0216  |       0.5036      0.1979
 111      0.0351        1.0000  |    0.3021/  0.3390/  0.3590            0.3590          -0.1307     0.0155  |       0.5037      0.1979
 112      0.0351        1.0000  |    0.2846/  0.3370/  0.3580            0.3580          -0.1307     0.0218  |       0.5037      0.1979
 113      0.0351        1.0000  |    0.3012/  0.3379/  0.3601            0.3601          -0.1307     0.0232  |       0.5036      0.1979
 114      0.0351        1.0000  |    0.2917/  0.3091/  0.3209            0.3209          -0.1307     0.0317  |       0.5037      0.1979
 115      0.0351        1.0000  |    0.2916/  0.3438/  0.3641            0.3641          -0.1307     0.0144  |       0.5037      0.1979
 116      0.0351        1.0000  |    0.2969/  0.3485/  0.3694            0.3694          -0.1307     0.0100  |       0.5037      0.1979
 117      0.0351        1.0000  |    0.3054/  0.3390/  0.3608            0.3608          -0.1307     0.0217  |       0.5036      0.1979
 118      0.0351        1.0000  |    0.2824/  0.3348/  0.3560            0.3560          -0.1307     0.0215  |       0.5036      0.1979
 119      0.0351        1.0000  |    0.3051/  0.3248/  0.3413            0.3413          -0.1307     0.0152  |       0.5037      0.1979
 120      0.0351        1.0000  |    0.3092/  0.3550/  0.3805            0.3805          -0.1307     0.0153  |       0.5038      0.1979
 121      0.0351        1.0000  |    0.3026/  0.3436/  0.3639            0.3639          -0.1307     0.0196  |       0.5038      0.1979
 122      0.0351        1.0000  |    0.2708/  0.3408/  0.3634            0.3634          -0.1307     0.0146  |       0.5037      0.1979
 123      0.0351        1.0000  |    0.3098/  0.3492/  0.3710            0.3710          -0.1307     0.0168  |       0.5037      0.1979
 124      0.0351        1.0000  |    0.2648/  0.3407/  0.3596            0.3596          -0.1307     0.0184  |       0.5037      0.1979
 125      0.0351        1.0000  |    0.3033/  0.3422/  0.3599            0.3599          -0.1307     0.0229  |       0.5038      0.1979
 126      0.0351        1.0000  |    0.2877/  0.3432/  0.3602            0.3602          -0.1307     0.0200  |       0.5038      0.1979
 127      0.0351        1.0000  |    0.2851/  0.3322/  0.3559            0.3559          -0.1307     0.0216  |       0.5038      0.1979
 128      0.0351        1.0000  |    0.2912/  0.3355/  0.3542            0.3542          -0.1307     0.0138  |       0.5037      0.1979
 129      0.0351        1.0000  |    0.2933/  0.3301/  0.3498            0.3498          -0.1307     0.0207  |       0.5037      0.1979
 130      0.0351        1.0000  |    0.2715/  0.3207/  0.3375            0.3375          -0.1307     0.0232  |       0.5038      0.1979
 131      0.0351        1.0000  |    0.3042/  0.3562/  0.3760            0.3760          -0.1307     0.0161  |       0.5038      0.1979
 132      0.0351        1.0000  |    0.2797/  0.3340/  0.3522            0.3522          -0.1307     0.0203  |       0.5039      0.1979
 133      0.0351        1.0000  |    0.2822/  0.3238/  0.3439            0.3439          -0.1307     0.0186  |       0.5038      0.1979
 134      0.0351        1.0000  |    0.2710/  0.3553/  0.3771            0.3771          -0.1307     0.0186  |       0.5037      0.1979
 135      0.0351        1.0000  |    0.3028/  0.3433/  0.3642            0.3642          -0.1307     0.0200  |       0.5037      0.1979
 136      0.0351        1.0000  |    0.2397/  0.3427/  0.3656            0.3656          -0.1307     0.0184  |       0.5038      0.1979
 137      0.0351        1.0000  |    0.2956/  0.3491/  0.3682            0.3682          -0.1307     0.0156  |       0.5038      0.1979
 138      0.0351        1.0000  |    0.2907/  0.3369/  0.3588            0.3588          -0.1307     0.0192  |       0.5039      0.1979
 139      0.0351        1.0000  |    0.3077/  0.3442/  0.3606            0.3606          -0.1307     0.0106  |       0.5039      0.1979
 140      0.0351        1.0000  |    0.2972/  0.3405/  0.3627            0.3627          -0.1307     0.0179  |       0.5039      0.1979
 141      0.0351        1.0000  |    0.3032/  0.3329/  0.3466            0.3466          -0.1307     0.0229  |       0.5038      0.1979
 142      0.0351        1.0000  |    0.3037/  0.3473/  0.3663            0.3663          -0.1307     0.0203  |       0.5037      0.1979
 143      0.0351        1.0000  |    0.2904/  0.3347/  0.3594            0.3594          -0.1307     0.0200  |       0.5038      0.1979
 144      0.0351        1.0000  |    0.2960/  0.3304/  0.3501            0.3501          -0.1307     0.0216  |       0.5038      0.1979
 145      0.0351        1.0000  |    0.3028/  0.3472/  0.3626            0.3626          -0.1307     0.0119  |       0.5039      0.1979
 146      0.0351        1.0000  |    0.3027/  0.3394/  0.3582            0.3582          -0.1307     0.0290  |       0.5039      0.1979
 147      0.0351        1.0000  |    0.2796/  0.3338/  0.3557            0.3557          -0.1307     0.0154  |       0.5039      0.1979
 148      0.0351        1.0000  |    0.2965/  0.3324/  0.3543            0.3543          -0.1307     0.0169  |       0.5039      0.1979
 149      0.0351        1.0000  |    0.3155/  0.3488/  0.3652            0.3652          -0.1307     0.0191  |       0.5038      0.1979
 150      0.0351        1.0000  |    0.2883/  0.3401/  0.3590            0.3590          -0.1307     0.0211  |       0.5038      0.1979
 151      0.0351        1.0000  |    0.2906/  0.3288/  0.3454            0.3454          -0.1307     0.0220  |       0.5038      0.1979
 152      0.0351        1.0000  |    0.2800/  0.3452/  0.3659            0.3659          -0.1307     0.0177  |       0.5039      0.1979
 153      0.0351        1.0000  |    0.2855/  0.3548/  0.3760            0.3760          -0.1307     0.0133  |       0.5039      0.1979
 154      0.0351        1.0000  |    0.2713/  0.3301/  0.3486            0.3486          -0.1307     0.0226  |       0.5040      0.1979
 155      0.0351        1.0000  |    0.2923/  0.3393/  0.3574            0.3574          -0.1307     0.0114  |       0.5039      0.1979
 156      0.0351        1.0000  |    0.2225/  0.3406/  0.3628            0.3628          -0.1307     0.0193  |       0.5038      0.1979
 157      0.0351        1.0000  |    0.2690/  0.3406/  0.3605            0.3605          -0.1307     0.0202  |       0.5039      0.1979
 158      0.0351        1.0000  |    0.2970/  0.3457/  0.3669            0.3669          -0.1307     0.0169  |       0.5040      0.1979
 159      0.0351        1.0000  |    0.2832/  0.3389/  0.3613            0.3613          -0.1307     0.0191  |       0.5040      0.1979
 160      0.0351        1.0000  |    0.2849/  0.3395/  0.3580            0.3580          -0.1307     0.0244  |       0.5041      0.1979
 161      0.0351        1.0000  |    0.2705/  0.3100/  0.3320            0.3320          -0.1307     0.0199  |       0.5041      0.1979
 162      0.0351        1.0000  |    0.2953/  0.3422/  0.3641            0.3641          -0.1307     0.0195  |       0.5041      0.1979
 163      0.0351        1.0000  |    0.2760/  0.3347/  0.3543            0.3543          -0.1307     0.0257  |       0.5041      0.1979
 164      0.0351        1.0000  |    0.2681/  0.3360/  0.3560            0.3560          -0.1307     0.0190  |       0.5041      0.1979
 165      0.0351        1.0000  |    0.3084/  0.3532/  0.3731            0.3731          -0.1307     0.0143  |       0.5041      0.1979
 166      0.0351        1.0000  |    0.2652/  0.3480/  0.3689            0.3689          -0.1307     0.0204  |       0.5040      0.1979
 167      0.0351        1.0000  |    0.3001/  0.3251/  0.3490            0.3490          -0.1307     0.0201  |       0.5041      0.1979
 168      0.0351        1.0000  |    0.2879/  0.3503/  0.3724            0.3724          -0.1307     0.0127  |       0.5041      0.1979
 169      0.0351        1.0000  |    0.2560/  0.3354/  0.3602            0.3602          -0.1307     0.0241  |       0.5041      0.1979
 170      0.0351        1.0000  |    0.3208/  0.3530/  0.3726            0.3726          -0.1307     0.0162  |       0.5041      0.1979
 171      0.0351        1.0000  |    0.2905/  0.3497/  0.3728            0.3728          -0.1307     0.0174  |       0.5039      0.1979
 172      0.0351        1.0000  |    0.2750/  0.3303/  0.3552            0.3552          -0.1307     0.0234  |       0.5041      0.1979
 173      0.0351        1.0000  |    0.3037/  0.3492/  0.3639            0.3639          -0.1307     0.0146  |       0.5041      0.1979
 174      0.0351        1.0000  |    0.2923/  0.3505/  0.3719            0.3719          -0.1307     0.0152  |       0.5041      0.1979
 175      0.0351        1.0000  |    0.3010/  0.3288/  0.3451            0.3451          -0.1307     0.0307  |       0.5041      0.1979
 176      0.0351        1.0000  |    0.2583/  0.3471/  0.3678            0.3678          -0.1307     0.0193  |       0.5041      0.1979
 177      0.0351        1.0000  |    0.2734/  0.3199/  0.3399            0.3399          -0.1307     0.0225  |       0.5041      0.1979
 178      0.0351        1.0000  |    0.2852/  0.3348/  0.3575            0.3575          -0.1307     0.0148  |       0.5041      0.1979
 179      0.0351        1.0000  |    0.3108/  0.3488/  0.3691            0.3691          -0.1307     0.0209  |       0.5041      0.1979
 180      0.0351        1.0000  |    0.3002/  0.3331/  0.3475            0.3475          -0.1307     0.0243  |       0.5041      0.1979
 181      0.0351        1.0000  |    0.2913/  0.3339/  0.3555            0.3555          -0.1307     0.0223  |       0.5041      0.1979
 182      0.0351        1.0000  |    0.2943/  0.3277/  0.3460            0.3460          -0.1303     0.0237  |       0.5041      0.1979
 183      0.0351        1.0000  |    0.2953/  0.3135/  0.3269            0.3269          -0.1307     0.0360  |       0.5041      0.1979
 184      0.0351        1.0000  |    0.2929/  0.3358/  0.3558            0.3558          -0.1303     0.0218  |       0.5041      0.1979
 185      0.0351        1.0000  |    0.2801/  0.3401/  0.3593            0.3593          -0.1303     0.0246  |       0.5041      0.1979
 186      0.0351        1.0000  |    0.2637/  0.3345/  0.3524            0.3524          -0.1303     0.0151  |       0.5041      0.1979
 187      0.0351        1.0000  |    0.2969/  0.3386/  0.3560            0.3560          -0.1303     0.0209  |       0.5041      0.1979
 188      0.0351        1.0000  |    0.3119/  0.3532/  0.3731            0.3731          -0.1303     0.0152  |       0.5041      0.1979
 189      0.0351        1.0000  |    0.3034/  0.3475/  0.3632            0.3632          -0.1303     0.0181  |       0.5041      0.1979
 190      0.0351        1.0000  |    0.2908/  0.3334/  0.3531            0.3531          -0.1303     0.0180  |       0.5041      0.1979
 191      0.0351        1.0000  |    0.3017/  0.3539/  0.3782            0.3782          -0.1303     0.0149  |       0.5041      0.1979
 192      0.0351        1.0000  |    0.2744/  0.3381/  0.3613            0.3613          -0.1303     0.0202  |       0.5041      0.1979
 193      0.0351        1.0000  |    0.2784/  0.3374/  0.3596            0.3596          -0.1303     0.0158  |       0.5041      0.1979
 194      0.0351        1.0000  |    0.2946/  0.3533/  0.3752            0.3752          -0.1303     0.0117  |       0.5041      0.1979
 195      0.0351        1.0000  |    0.2870/  0.3360/  0.3590            0.3590          -0.1303     0.0178  |       0.5041      0.1979
 196      0.0351        1.0000  |    0.3111/  0.3452/  0.3627            0.3627          -0.1303     0.0138  |       0.5041      0.1979
 197      0.0351        1.0000  |    0.2958/  0.3501/  0.3706            0.3706          -0.1303     0.0182  |       0.5041      0.1979
 198      0.0351        1.0000  |    0.2881/  0.3449/  0.3645            0.3645          -0.1303     0.0202  |       0.5041      0.1979
 199      0.0351        1.0000  |    0.3204/  0.3623/  0.3773            0.3773          -0.1303     0.0105  |       0.5041      0.1979
 200      0.0351        1.0000  |    0.2942/  0.3532/  0.3743            0.3743          -0.1303     0.0161  |       0.5041      0.1979
 201      0.0351        1.0000  |    0.3094/  0.3477/  0.3664            0.3664          -0.1303     0.0195  |       0.5041      0.1979
 202      0.0351        1.0000  |    0.3130/  0.3467/  0.3610            0.3610          -0.1303     0.0201  |       0.5041      0.1979
 203      0.0351        1.0000  |    0.3213/  0.3551/  0.3723            0.3722          -0.1303     0.0136  |       0.5041      0.1979
 204      0.0351        1.0000  |    0.2880/  0.3424/  0.3633            0.3633          -0.1303     0.0215  |       0.5041      0.1979
 205      0.0351        1.0000  |    0.3171/  0.3477/  0.3650            0.3650          -0.1303     0.0155  |       0.5041      0.1979
 206      0.0351        1.0000  |    0.3010/  0.3380/  0.3553            0.3553          -0.1303     0.0186  |       0.5041      0.1979
 207      0.0351        1.0000  |    0.3140/  0.3581/  0.3782            0.3782          -0.1303     0.0132  |       0.5041      0.1979
 208      0.0351        1.0000  |    0.3157/  0.3575/  0.3737            0.3737          -0.1303     0.0165  |       0.5041      0.1979
 209      0.0351        1.0000  |    0.3075/  0.3491/  0.3691            0.3691          -0.1303     0.0125  |       0.5041      0.1979
 210      0.0351        1.0000  |    0.2953/  0.3508/  0.3715            0.3715          -0.1303     0.0176  |       0.5041      0.1979
 211      0.0351        1.0000  |    0.2856/  0.3339/  0.3559            0.3559          -0.1303     0.0191  |       0.5041      0.1979
 212      0.0351        1.0000  |    0.2777/  0.3525/  0.3779            0.3779          -0.1303     0.0164  |       0.5041      0.1979
 213      0.0351        1.0000  |    0.3067/  0.3500/  0.3697            0.3697          -0.1303     0.0178  |       0.5041      0.1979
 214      0.0351        1.0000  |    0.3116/  0.3457/  0.3642            0.3642          -0.1303     0.0168  |       0.5041      0.1979
 215      0.0351        1.0000  |    0.2906/  0.3343/  0.3544            0.3544          -0.1303     0.0240  |       0.5041      0.1979
 216      0.0351        1.0000  |    0.2935/  0.3248/  0.3418            0.3418          -0.1303     0.0211  |       0.5041      0.1979
 217      0.0351        1.0000  |    0.2853/  0.3478/  0.3680            0.3680          -0.1303     0.0173  |       0.5041      0.1979
 218      0.0351        1.0000  |    0.2909/  0.3423/  0.3627            0.3627          -0.1303     0.0140  |       0.5041      0.1979
 219      0.0351        1.0000  |    0.2789/  0.3269/  0.3438            0.3438          -0.1303     0.0262  |       0.5041      0.1979
 220      0.0351        1.0000  |    0.2717/  0.3552/  0.3785            0.3785          -0.1303     0.0160  |       0.5041      0.1979
 221      0.0351        1.0000  |    0.2950/  0.3312/  0.3494            0.3494          -0.1303     0.0237  |       0.5041      0.1979
 222      0.0351        1.0000  |    0.2846/  0.3582/  0.3777            0.3777          -0.1303     0.0053  |       0.5041      0.1979
 223      0.0351        1.0000  |    0.2865/  0.3450/  0.3673            0.3673          -0.1303     0.0164  |       0.5041      0.1979
 224      0.0351        1.0000  |    0.2948/  0.3479/  0.3650            0.3650          -0.1303     0.0170  |       0.5041      0.1979
 225      0.0351        1.0000  |    0.3006/  0.3374/  0.3541            0.3541          -0.1303     0.0259  |       0.5041      0.1979
 226      0.0351        1.0000  |    0.2912/  0.3288/  0.3512            0.3512          -0.1303     0.0087  |       0.5041      0.1979
 227      0.0351        1.0000  |    0.2883/  0.3506/  0.3702            0.3702          -0.1303     0.0175  |       0.5041      0.1979
 228      0.0351        1.0000  |    0.2799/  0.3368/  0.3634            0.3634          -0.1303     0.0161  |       0.5041      0.1979
 229      0.0351        1.0000  |    0.2766/  0.3232/  0.3472            0.3472          -0.1303     0.0271  |       0.5041      0.1979
 230      0.0351        1.0000  |    0.3089/  0.3524/  0.3742            0.3742          -0.1303     0.0126  |       0.5041      0.1979
 231      0.0351        1.0000  |    0.2915/  0.3344/  0.3566            0.3566          -0.1304     0.0221  |       0.5041      0.1979
 232      0.0351        1.0000  |    0.2650/  0.3488/  0.3701            0.3701          -0.1304     0.0191  |       0.5041      0.1979
 233      0.0351        1.0000  |    0.2826/  0.3408/  0.3578            0.3578          -0.1304     0.0138  |       0.5041      0.1979
 234      0.0350        1.0000  |    0.2694/  0.3376/  0.3597            0.3597          -0.1291     0.0225  |       0.5041      0.1979
 235      0.0350        1.0000  |    0.3030/  0.3477/  0.3674            0.3674          -0.1291     0.0181  |       0.5041      0.1979
 236      0.0350        1.0000  |    0.2436/  0.3437/  0.3642            0.3642          -0.1291     0.0239  |       0.5041      0.1979
 237      0.0350        1.0000  |    0.2921/  0.3386/  0.3614            0.3614          -0.1291     0.0185  |       0.5041      0.1979
 238      0.0350        1.0000  |    0.2806/  0.3503/  0.3678            0.3678          -0.1291     0.0134  |       0.5041      0.1979
 239      0.0350        1.0000  |    0.2856/  0.3433/  0.3703            0.3703          -0.1291     0.0183  |       0.5041      0.1979
 240      0.0350        1.0000  |    0.2896/  0.3539/  0.3745            0.3745          -0.1291     0.0123  |       0.5041      0.1979
 241      0.0350        1.0000  |    0.2980/  0.3464/  0.3655            0.3655          -0.1291     0.0172  |       0.5041      0.1979
 242      0.0350        1.0000  |    0.2744/  0.3499/  0.3701            0.3701          -0.1291     0.0106  |       0.5041      0.1979
 243      0.0350        1.0000  |    0.3043/  0.3319/  0.3547            0.3547          -0.1291     0.0204  |       0.5041      0.1979
 244      0.0350        1.0000  |    0.2982/  0.3429/  0.3613            0.3613          -0.1291     0.0216  |       0.5041      0.1979
 245      0.0350        1.0000  |    0.2517/  0.3537/  0.3724            0.3724          -0.1291     0.0180  |       0.5041      0.1979
 246      0.0350        1.0000  |    0.2956/  0.3386/  0.3610            0.3610          -0.1291     0.0180  |       0.5041      0.1979
 247      0.0350        1.0000  |    0.2818/  0.3373/  0.3589            0.3589          -0.1291     0.0249  |       0.5041      0.1979
 248      0.0350        1.0000  |    0.3142/  0.3482/  0.3666            0.3666          -0.1291     0.0176  |       0.5041      0.1979
 249      0.0350        1.0000  |    0.2387/  0.3391/  0.3653            0.3653          -0.1291     0.0151  |       0.5041      0.1979
 250      0.0408        0.9976  |    0.3292/  0.3835/  0.4026            0.4026          -0.1100     0.0171  |       0.5041      0.1979
 251      0.0408        1.0000  |    0.3485/  0.3898/  0.4070            0.4070          -0.1100     0.0186  |       0.5041      0.1979
 252      0.0408        1.0000  |    0.2758/  0.3755/  0.3937            0.3937          -0.1100     0.0181  |       0.5041      0.1979
 253      0.0408        1.0000  |    0.3232/  0.3650/  0.3833            0.3833          -0.1100     0.0156  |       0.5041      0.1979
 254      0.0408        1.0000  |    0.3414/  0.3764/  0.3955            0.3955          -0.1100     0.0223  |       0.5041      0.1979
 255      0.0408        1.0000  |    0.3121/  0.3820/  0.3997            0.3997          -0.1100     0.0193  |       0.5041      0.1979
 256      0.0408        1.0000  |    0.3262/  0.3720/  0.3900            0.3900          -0.1100     0.0206  |       0.5041      0.1979
 257      0.0408        1.0000  |    0.3204/  0.3802/  0.4006            0.4006          -0.1100     0.0180  |       0.5041      0.1979
 258      0.0408        1.0000  |    0.3291/  0.3684/  0.3880            0.3880          -0.1100     0.0209  |       0.5041      0.1979
 259      0.0408        1.0000  |    0.3143/  0.3655/  0.3906            0.3906          -0.1100     0.0189  |       0.5041      0.1979
 260      0.0408        1.0000  |    0.3229/  0.3612/  0.3795            0.3795          -0.1100     0.0242  |       0.5041      0.1979
 261      0.0408        1.0000  |    0.3337/  0.3828/  0.4006            0.4006          -0.1100     0.0206  |       0.5041      0.1979
 262      0.0408        1.0000  |    0.3391/  0.3611/  0.3779            0.3779          -0.1100     0.0238  |       0.5041      0.1979
 263      0.0408        1.0000  |    0.3235/  0.3501/  0.3638            0.3638          -0.1100     0.0175  |       0.5041      0.1979
 264      0.0408        1.0000  |    0.3293/  0.3879/  0.4076            0.4076          -0.1100     0.0172  |       0.5041      0.1979
 265      0.0408        1.0000  |    0.3206/  0.3597/  0.3789            0.3789          -0.1100     0.0241  |       0.5041      0.1979
 266      0.0408        1.0000  |    0.3503/  0.3926/  0.4112            0.4112          -0.1100     0.0137  |       0.5041      0.1979
 267      0.0408        1.0000  |    0.3374/  0.3794/  0.3997            0.3997          -0.1100     0.0219  |       0.5041      0.1979
 268      0.0408        1.0000  |    0.3440/  0.3829/  0.3996            0.3996          -0.1100     0.0155  |       0.5041      0.1979
 269      0.0408        1.0000  |    0.3388/  0.3673/  0.3814            0.3814          -0.1100     0.0221  |       0.5041      0.1979
 270      0.0408        1.0000  |    0.3251/  0.3776/  0.3961            0.3961          -0.1100     0.0187  |       0.5041      0.1979
 271      0.0408        1.0000  |    0.3268/  0.3822/  0.4024            0.4024          -0.1100     0.0224  |       0.5041      0.1979
 272      0.0408        1.0000  |    0.3193/  0.3697/  0.3900            0.3900          -0.1100     0.0185  |       0.5041      0.1979
 273      0.0408        1.0000  |    0.3183/  0.3653/  0.3795            0.3795          -0.1100     0.0274  |       0.5041      0.1979
 274      0.0408        1.0000  |    0.3174/  0.3648/  0.3851            0.3851          -0.1100     0.0203  |       0.5041      0.1979
 275      0.0408        1.0000  |    0.3341/  0.3761/  0.3919            0.3919          -0.1100     0.0177  |       0.5041      0.1979
 276      0.0408        1.0000  |    0.3290/  0.3940/  0.4138            0.4138          -0.1100     0.0145  |       0.5041      0.1979
 277      0.0408        1.0000  |    0.3511/  0.3858/  0.4032            0.4032          -0.1100     0.0212  |       0.5041      0.1979
 278      0.0408        1.0000  |    0.3349/  0.3741/  0.3905            0.3905          -0.1100     0.0201  |       0.5041      0.1979
 279      0.0408        1.0000  |    0.3488/  0.3810/  0.3938            0.3938          -0.1100     0.0194  |       0.5041      0.1979
 280      0.0408        1.0000  |    0.3293/  0.3818/  0.3992            0.3992          -0.1100     0.0236  |       0.5041      0.1979
 281      0.0408        1.0000  |    0.3361/  0.3747/  0.3957            0.3957          -0.1100     0.0167  |       0.5041      0.1979
 282      0.0408        1.0000  |    0.3354/  0.3852/  0.4063            0.4063          -0.1100     0.0161  |       0.5041      0.1979
 283      0.0408        1.0000  |    0.3326/  0.3847/  0.4029            0.4029          -0.1100     0.0187  |       0.5041      0.1979
 284      0.0408        1.0000  |    0.2990/  0.3624/  0.3833            0.3833          -0.1100     0.0199  |       0.5041      0.1979
 285      0.0408        1.0000  |    0.3228/  0.3691/  0.3906            0.3906          -0.1100     0.0182  |       0.5041      0.1979
 286      0.0408        1.0000  |    0.3290/  0.3923/  0.4139            0.4139          -0.1100     0.0153  |       0.5041      0.1979
 287      0.0408        1.0000  |    0.3358/  0.3826/  0.4015            0.4015          -0.1100     0.0248  |       0.5041      0.1979
 288      0.0408        1.0000  |    0.3279/  0.3586/  0.3768            0.3768          -0.1100     0.0172  |       0.5041      0.1979
 289      0.0408        1.0000  |    0.3238/  0.3709/  0.3927            0.3927          -0.1100     0.0250  |       0.5041      0.1979
 290      0.0408        1.0000  |    0.3379/  0.3844/  0.4027            0.4027          -0.1100     0.0202  |       0.5041      0.1979
 291      0.0408        1.0000  |    0.3338/  0.3813/  0.3972            0.3972          -0.1100     0.0243  |       0.5041      0.1979
 292      0.0408        1.0000  |    0.3469/  0.3797/  0.3961            0.3961          -0.1100     0.0193  |       0.5041      0.1979
 293      0.0408        1.0000  |    0.3334/  0.3958/  0.4167            0.4167          -0.1100     0.0096  |       0.5041      0.1979
 294      0.0408        1.0000  |    0.3245/  0.3709/  0.3917            0.3917          -0.1100     0.0239  |       0.5041      0.1979
 295      0.0408        1.0000  |    0.3467/  0.3826/  0.4002            0.4002          -0.1100     0.0139  |       0.5041      0.1979
 296      0.0408        1.0000  |    0.3561/  0.3993/  0.4160            0.4160          -0.1100     0.0165  |       0.5041      0.1979
 297      0.0408        1.0000  |    0.3314/  0.3684/  0.3869            0.3869          -0.1100     0.0208  |       0.5041      0.1979
 298      0.0408        1.0000  |    0.3089/  0.3767/  0.3958            0.3958          -0.1100     0.0163  |       0.5041      0.1979
 299      0.0408        1.0000  |    0.3363/  0.3764/  0.3938            0.3938          -0.1100     0.0252  |       0.5041      0.1979
IMAGEIO FFMPEG_WRITER WARNING: input image is not divisible by macro_block_size=16, resizing from (320, 180) to (320, 192) to ensure video compatibility with most codecs and players. To prevent resizing, make your input image divisible by the macro_block_size or set the macro_block_size to 1 (risking incompatibility).

Saved 300 frames -> /home/ashwink/Documents/swms/SWM_copy/rollouts_5_per/expert-only/epoch12/epoch12_rollout4_failure.mp4
min dist(green_cube,blue_moon) over episode = 0.1932  ->  FAILURE
Full log written to /home/ashwink/Documents/swms/SWM_copy/rollouts_5_per/expert-only/epoch12/epoch12_rollout4_20260723_133621.log
Result json -> /home/ashwink/Documents/swms/SWM_copy/rollouts_5_per/expert-only/epoch12/epoch12_rollout4_result.json
