Checkpoint dir epoch: 13  Rollout: 4
Logging to /home/ashwink/Documents/swms/SWM_copy/rollouts_5_per/expert-only/epoch13/epoch13_rollout4_20260723_134319.log
Goal (fixed, steps 0-299): the green cube is touching the blue moon. the peg is touching the green cube.

Checkpoint: /home/ashwink/Documents/swms/SWM_copy/training/checkpoints_clip_full_finetuned_wider_hl/epoch_013.pt
  epoch=13  step=12012

Loading CLIP ViT-L/14 (datacomp_xl_s13b_b90k) + fine-tuned clip_state_dict ...
Parsing model identifier. Schema: None, Identifier: ViT-L-14
Loaded built-in ViT-L-14 model config.
Instantiating model architecture: CLIP
Loading full pretrained weights from: /home/ashwink/.cache/huggingface/hub/models--laion--CLIP-ViT-L-14-DataComp.XL-s13B-b90K/snapshots/84c9828e63dc9a9351d1fe637c346d4c1c4db341/open_clip_pytorch_model.bin
Final image preprocessing configuration set: {'size': (224, 224), 'mode': 'RGB', 'mean': (0.48145466, 0.4578275, 0.40821073), 'std': (0.26862954, 0.26130258, 0.27577711), 'interpolation': 'bicubic', 'resize_mode': 'shortest', 'fill_color': 0}
Model ViT-L-14 creation process complete.
Parsing tokenizer identifier. Schema: None, Identifier: ViT-L-14
Attempting to load config from built-in: ViT-L-14
Using default SimpleTokenizer.
z_star shape: torch.Size([768])

Loading action stats from /home/ashwink/full_data_5000/langtable/demos/ ...
  lo=[-0.03372681140899658, -0.03493623435497284]  hi=[0.03496786952018738, 0.03494429588317871]

Initializing LangTable env ...
Loading URDF plane.urdf
Loading URDF /home/ashwink/Documents/swms/.venv/lib/python3.10/site-packages/language_table/environments/utils/../../../language_table/environments/assets/workspace_real.urdf
Loading URDF xarm/xarm6_robot_white.urdf
Loading URDF /home/ashwink/Documents/swms/.venv/lib/python3.10/site-packages/language_table/environments/utils/../../../language_table/environments/assets/suction/cylinder_real.urdf
Loading URDF /home/ashwink/Documents/swms/.venv/lib/python3.10/site-packages/language_table/environments/utils/../../../language_table/environments/assets/blocks/red_moon.urdf
Loading URDF /home/ashwink/Documents/swms/.venv/lib/python3.10/site-packages/language_table/environments/utils/../../../language_table/environments/assets/blocks/red_cube.urdf
Loading URDF /home/ashwink/Documents/swms/.venv/lib/python3.10/site-packages/language_table/environments/utils/../../../language_table/environments/assets/blocks/red_star.urdf
Loading URDF /home/ashwink/Documents/swms/.venv/lib/python3.10/site-packages/language_table/environments/utils/../../../language_table/environments/assets/blocks/red_pentagon.urdf
Loading URDF /home/ashwink/Documents/swms/.venv/lib/python3.10/site-packages/language_table/environments/utils/../../../language_table/environments/assets/blocks/blue_moon.urdf
Loading URDF /home/ashwink/Documents/swms/.venv/lib/python3.10/site-packages/language_table/environments/utils/../../../language_table/environments/assets/blocks/blue_cube.urdf
Loading URDF /home/ashwink/Documents/swms/.venv/lib/python3.10/site-packages/language_table/environments/utils/../../../language_table/environments/assets/blocks/blue_star.urdf
Loading URDF /home/ashwink/Documents/swms/.venv/lib/python3.10/site-packages/language_table/environments/utils/../../../language_table/environments/assets/blocks/blue_pentagon.urdf
Loading URDF /home/ashwink/Documents/swms/.venv/lib/python3.10/site-packages/language_table/environments/utils/../../../language_table/environments/assets/blocks/yellow_moon.urdf
Loading URDF /home/ashwink/Documents/swms/.venv/lib/python3.10/site-packages/language_table/environments/utils/../../../language_table/environments/assets/blocks/yellow_cube.urdf
Loading URDF /home/ashwink/Documents/swms/.venv/lib/python3.10/site-packages/language_table/environments/utils/../../../language_table/environments/assets/blocks/yellow_star.urdf
Loading URDF /home/ashwink/Documents/swms/.venv/lib/python3.10/site-packages/language_table/environments/utils/../../../language_table/environments/assets/blocks/yellow_pentagon.urdf
Loading URDF /home/ashwink/Documents/swms/.venv/lib/python3.10/site-packages/language_table/environments/utils/../../../language_table/environments/assets/blocks/green_moon.urdf
Loading URDF /home/ashwink/Documents/swms/.venv/lib/python3.10/site-packages/language_table/environments/utils/../../../language_table/environments/assets/blocks/green_cube.urdf
Loading URDF /home/ashwink/Documents/swms/.venv/lib/python3.10/site-packages/language_table/environments/utils/../../../language_table/environments/assets/blocks/green_star.urdf
Loading URDF /home/ashwink/Documents/swms/.venv/lib/python3.10/site-packages/language_table/environments/utils/../../../language_table/environments/assets/blocks/green_pentagon.urdf
Loading URDF /home/ashwink/Documents/swms/.venv/lib/python3.10/site-packages/language_table/environments/utils/../../../language_table/environments/assets/blocks/purple_moon.urdf
Loading URDF /home/ashwink/Documents/swms/.venv/lib/python3.10/site-packages/language_table/environments/utils/../../../language_table/environments/assets/blocks/purple_cube.urdf
Loading URDF /home/ashwink/Documents/swms/.venv/lib/python3.10/site-packages/language_table/environments/utils/../../../language_table/environments/assets/blocks/purple_star.urdf
Loading URDF /home/ashwink/Documents/swms/.venv/lib/python3.10/site-packages/language_table/environments/utils/../../../language_table/environments/assets/blocks/purple_pentagon.urdf
Env ready.

Forced peg start: [0.42843915 0.24419614]  (green_cube=[0.40339102 0.18967466], blue_moon=[0.32039625 0.00902261])
  dist(peg,green_cube)=0.0600  dist(peg,blue_moon)=0.2588  dist(green_cube,blue_moon)=0.1988

step  cos(zt,z*)  cos(zt,zt-1)  |   cos(predK,z*) min/mean/max  cos(pred_sel,z*)   cos(zpred0,z*)  ||a_raw||  |  dist(peg,A)   dist(A,B)
-------------------------------------------------------------------------------------------------------------------------------------------------------------------------------
   0      0.0951           nan  |    0.4772/  0.7317/  0.7497            0.7497           0.6780     0.0369  |       0.0587      0.1988
   1      0.0870        0.9465  |    0.6822/  0.7087/  0.7177            0.7177           0.6581     0.0098  |       0.0362      0.1974
   2      0.1031        0.9803  |    0.6570/  0.7218/  0.7311            0.7311           0.6672     0.0056  |       0.0419      0.1973
   3      0.0996        0.9930  |    0.6457/  0.7238/  0.7342            0.7342           0.6662     0.0180  |       0.0385      0.1973
   4      0.1154        0.8091  |    0.6508/  0.7473/  0.7599            0.7599           0.6539     0.0154  |       0.0371      0.1882
   5      0.1211        0.8728  |    0.7138/  0.7350/  0.7476            0.7476           0.6602     0.0118  |       0.0449      0.1881
   6      0.1204        0.9581  |    0.7048/  0.7362/  0.7438            0.7438           0.6483     0.0112  |       0.0438      0.1881
   7      0.1305        0.7665  |    0.7193/  0.7553/  0.7632            0.7632           0.6766     0.0066  |       0.0381      0.1855
   8      0.1402        0.9634  |    0.7322/  0.7573/  0.7653            0.7653           0.6798     0.0183  |       0.0361      0.1852
   9      0.1287        0.8131  |    0.7169/  0.7340/  0.7434            0.7434           0.6479     0.0102  |       0.0360      0.1776
  10      0.1122        0.8671  |    0.7044/  0.7219/  0.7295            0.7295           0.6356     0.0117  |       0.0365      0.1736
  11      0.1254        0.8808  |    0.6941/  0.7204/  0.7288            0.7288           0.6482     0.0021  |       0.0357      0.1710
  12      0.1100        0.9554  |    0.7129/  0.7299/  0.7367            0.7367           0.6691     0.0129  |       0.0357      0.1696
  13      0.0941        0.8612  |    0.7153/  0.7320/  0.7387            0.7387           0.6484     0.0081  |       0.0353      0.1651
  14      0.0909        0.8648  |    0.6821/  0.7070/  0.7216            0.7216           0.6092     0.0086  |       0.0345      0.1640
  15      0.0966        0.8868  |    0.5512/  0.7452/  0.7569            0.7569           0.6474     0.0157  |       0.0348      0.1666
  16      0.1066        0.9370  |    0.6552/  0.7277/  0.7417            0.7417           0.6317     0.0038  |       0.0384      0.1666
  17      0.1027        0.9787  |    0.7024/  0.7350/  0.7441            0.7441           0.6449     0.0017  |       0.0381      0.1666
  18      0.1085        0.9845  |    0.6713/  0.7267/  0.7382            0.7382           0.6418     0.0028  |       0.0395      0.1666
  19      0.1137        0.9828  |    0.6601/  0.7324/  0.7437            0.7437           0.6436     0.0111  |       0.0383      0.1666
  20      0.0859        0.8833  |    0.7128/  0.7542/  0.7649            0.7649           0.6436     0.0071  |       0.0342      0.1674
  21      0.0965        0.9236  |    0.7129/  0.7589/  0.7691            0.7691           0.6295     0.0054  |       0.0345      0.1696
  22      0.0968        0.9403  |    0.7057/  0.7691/  0.7797            0.7797           0.5965     0.0140  |       0.0348      0.1696
  23      0.0753        0.8542  |    0.7239/  0.7708/  0.7784            0.7784           0.6515     0.0040  |       0.0343      0.1676
  24      0.0824        0.9248  |    0.7183/  0.7487/  0.7593            0.7593           0.6219     0.0066  |       0.0346      0.1645
  25      0.0817        0.9577  |    0.7116/  0.7526/  0.7623            0.7623           0.6384     0.0188  |       0.0352      0.1645
  26      0.0828        0.8499  |    0.7540/  0.7726/  0.7801            0.7801           0.6753     0.0097  |       0.0344      0.1575
  27      0.0986        0.8962  |    0.7492/  0.7843/  0.7928            0.7928           0.6861     0.0077  |       0.0345      0.1581
  28      0.0687        0.9042  |    0.7436/  0.7855/  0.7952            0.7952           0.6613     0.0023  |       0.0354      0.1574
  29      0.0839        0.9679  |    0.7399/  0.7799/  0.7897            0.7897           0.6645     0.0029  |       0.0357      0.1574
  30      0.0749        0.9864  |    0.7385/  0.7813/  0.7946            0.7946           0.6594     0.0075  |       0.0364      0.1574
  31      0.0888        0.9071  |    0.7414/  0.7824/  0.7909            0.7909           0.6824     0.0103  |       0.0359      0.1593
  32      0.0994        0.8479  |    0.7459/  0.7692/  0.7777            0.7777           0.6782     0.0094  |       0.0358      0.1585
  33      0.0988        0.8590  |    0.7254/  0.7623/  0.7717            0.7717           0.6693     0.0100  |       0.0349      0.1562
  34      0.0942        0.7951  |    0.7376/  0.7716/  0.7820            0.7820           0.6892     0.0093  |       0.0341      0.1543
  35      0.0897        0.9401  |    0.6712/  0.7690/  0.7796            0.7796           0.6793     0.0123  |       0.0370      0.1542
  36      0.0675        0.8387  |    0.6881/  0.7726/  0.7861            0.7861           0.5653     0.0142  |       0.0344      0.1569
  37      0.0775        0.8536  |    0.7437/  0.7715/  0.7807            0.7807           0.5581     0.0090  |       0.0439      0.1569
  38      0.0696        0.9424  |    0.7012/  0.7398/  0.7489            0.7489           0.3460     0.0152  |       0.0422      0.1569
  39      0.0723        0.9007  |    0.7393/  0.7687/  0.7757            0.7757           0.6324     0.0053  |       0.0412      0.1570
  40      0.0746        0.9633  |    0.7202/  0.7386/  0.7440            0.7440           0.4454     0.0228  |       0.0446      0.1570
  41     -0.0084        0.7565  |    0.0003/  0.0376/  0.0623            0.0623          -0.3822     0.0056  |       0.0648      0.1570
  42     -0.0383        0.9438  |   -0.0328/ -0.0017/  0.0205            0.0205          -0.4054     0.0241  |       0.0714      0.1570
  43     -0.0630        0.7833  |   -0.0259/  0.0296/  0.0631            0.0631          -0.3457     0.0079  |       0.0819      0.1570
  44     -0.0717        0.8421  |   -0.0515/  0.0200/  0.0549            0.0549          -0.3959     0.0186  |       0.0878      0.1570
  45     -0.0914        0.8267  |   -0.0304/  0.0272/  0.0581            0.0581          -0.4434     0.0255  |       0.1014      0.1570
  46     -0.0888        0.7105  |    0.0228/  0.0572/  0.0779            0.0779          -0.3341     0.0207  |       0.1155      0.1570
  47     -0.1096        0.7016  |   -0.2984/ -0.2256/ -0.2112           -0.2112          -0.3025     0.0311  |       0.1319      0.1570
  48     -0.0782        0.6709  |   -0.2849/ -0.2480/ -0.2403           -0.2403          -0.2948     0.0226  |       0.1615      0.1570
  49     -0.0542        0.7207  |   -0.1892/ -0.1321/ -0.0938           -0.0938          -0.2953     0.0254  |       0.1829      0.1570
  50     -0.0465        0.7920  |   -0.2565/ -0.2070/ -0.1936           -0.1936          -0.2737     0.0314  |       0.2070      0.1570
  51     -0.0534        0.7905  |   -0.2622/ -0.2431/ -0.2354           -0.2354          -0.2785     0.0178  |       0.2329      0.1570
  52     -0.0528        0.9075  |   -0.2713/ -0.2567/ -0.2508           -0.2508          -0.2810     0.0181  |       0.2446      0.1570
  53     -0.0492        0.9131  |   -0.2990/ -0.2899/ -0.2864           -0.2864          -0.2938     0.0253  |       0.2591      0.1570
  54     -0.0556        0.8380  |   -0.3996/ -0.3773/ -0.3688           -0.3688          -0.3693     0.0077  |       0.2834      0.1570
  55     -0.0539        0.9623  |   -0.3755/ -0.3642/ -0.3570           -0.3570          -0.3632     0.0139  |       0.2822      0.1570
  56     -0.0510        0.9317  |   -0.3171/ -0.3056/ -0.3022           -0.3022          -0.3102     0.0164  |       0.2699      0.1570
  57     -0.0379        0.9587  |   -0.3278/ -0.3122/ -0.3066           -0.3066          -0.3218     0.0262  |       0.2720      0.1570
  58     -0.0334        0.8220  |   -0.2764/ -0.2590/ -0.2535           -0.2535          -0.2865     0.0237  |       0.2517      0.1570
  59     -0.0453        0.9083  |   -0.2698/ -0.2605/ -0.2561           -0.2561          -0.2817     0.0182  |       0.2515      0.1570
  60     -0.0341        0.8436  |   -0.2716/ -0.2572/ -0.2497           -0.2497          -0.2897     0.0106  |       0.2358      0.1570
  61     -0.0444        0.8075  |   -0.2588/ -0.2409/ -0.2280           -0.2280          -0.2973     0.0248  |       0.2251      0.1570
  62     -0.0575        0.7780  |   -0.2759/ -0.2537/ -0.2444           -0.2444          -0.3104     0.0235  |       0.2016      0.1570
  63     -0.0544        0.8464  |   -0.2371/ -0.2190/ -0.2002           -0.2002          -0.3036     0.0261  |       0.1874      0.1570
  64     -0.0712        0.8064  |   -0.2362/ -0.2250/ -0.2174           -0.2174          -0.2910     0.0068  |       0.1669      0.1570
  65     -0.0801        0.8887  |   -0.2430/ -0.2353/ -0.2276           -0.2276          -0.2912     0.0280  |       0.1666      0.1570
  66     -0.0926        0.7998  |   -0.2727/ -0.2364/ -0.2192           -0.2192          -0.3029     0.0089  |       0.1410      0.1570
  67     -0.0724        0.8391  |   -0.2606/ -0.2018/ -0.1817           -0.1817          -0.2901     0.0223  |       0.1313      0.1570
  68     -0.0595        0.7966  |   -0.2163/ -0.2015/ -0.1839           -0.1839          -0.2796     0.0201  |       0.1186      0.1570
  69     -0.0711        0.8345  |   -0.2498/ -0.2356/ -0.2293           -0.2293          -0.2971     0.0229  |       0.1104      0.1570
  70     -0.0643        0.8017  |   -0.2410/ -0.2142/ -0.2060           -0.2060          -0.3571     0.0162  |       0.0949      0.1570
  71     -0.0922        0.7797  |   -0.2531/ -0.2380/ -0.2296           -0.2296          -0.3041     0.0159  |       0.1071      0.1570
  72     -0.0565        0.7415  |   -0.2757/ -0.2128/ -0.1906           -0.1906          -0.3122     0.0259  |       0.0965      0.1570
  73      0.0335        0.6900  |   -0.0185/  0.0661/  0.1087            0.1087          -0.3120     0.0350  |       0.0741      0.1570
  74      0.0849        0.5958  |    0.4923/  0.5133/  0.5272            0.5272           0.4060     0.0159  |       0.0404      0.1570
  75      0.1034        0.8426  |    0.7146/  0.7595/  0.7769            0.7769           0.5604     0.0067  |       0.0344      0.1636
  76      0.1065        0.8677  |    0.7408/  0.7669/  0.7885            0.7885           0.5706     0.0089  |       0.0346      0.1692
  77      0.1025        0.8817  |    0.7363/  0.7714/  0.7841            0.7841           0.5472     0.0096  |       0.0348      0.1748
  78      0.0961        0.8656  |    0.7180/  0.7595/  0.7745            0.7745           0.3653     0.0015  |       0.0352      0.1815
  79      0.1156        0.9447  |    0.6847/  0.7596/  0.7780            0.7780           0.1169     0.0039  |       0.0351      0.1822
  80      0.0966        0.8747  |    0.6809/  0.7306/  0.7515            0.7515           0.2369     0.0146  |       0.0352      0.1844
  81      0.1161        0.8599  |    0.7000/  0.7408/  0.7581            0.7581           0.3753     0.0084  |       0.0362      0.1835
  82      0.1064        0.9215  |    0.6857/  0.7273/  0.7458            0.7458           0.2586     0.0100  |       0.0405      0.1835
  83      0.1155        0.8500  |    0.6621/  0.7128/  0.7247            0.7247           0.2535     0.0115  |       0.0390      0.1885
  84      0.1191        0.9178  |    0.6093/  0.6473/  0.6639            0.6639           0.2529     0.0140  |       0.0358      0.1891
  85      0.1272        0.7687  |    0.5643/  0.6763/  0.6893            0.6893           0.3028     0.0065  |       0.0359      0.1946
  86      0.1092        0.9435  |    0.6005/  0.6476/  0.6593            0.6593           0.2943     0.0093  |       0.0396      0.1946
  87      0.0711        0.8349  |    0.5438/  0.5962/  0.6102            0.6102           0.0613     0.0130  |       0.0483      0.1946
  88      0.0758        0.9160  |    0.5757/  0.6463/  0.6686            0.6686          -0.0244     0.0032  |       0.0472      0.1946
  89      0.0244        0.9488  |    0.2019/  0.2538/  0.2722            0.2722          -0.2259     0.0097  |       0.0501      0.1946
  90     -0.0207        0.9443  |   -0.0718/ -0.0099/  0.0186            0.0186          -0.2327     0.0160  |       0.0567      0.1946
  91     -0.0552        0.8998  |    0.0826/  0.1681/  0.2013            0.2013          -0.2173     0.0199  |       0.0661      0.1946
  92     -0.0704        0.7681  |    0.3232/  0.3761/  0.4000            0.4000          -0.1042     0.0241  |       0.0814      0.1946
  93     -0.1167        0.5915  |   -0.1730/ -0.1603/ -0.1513           -0.1513          -0.1922     0.0188  |       0.1023      0.1946
  94     -0.0207        0.3453  |    0.2697/  0.3037/  0.3288            0.3288          -0.3060     0.0204  |       0.1210      0.1947
  95     -0.0115        0.7900  |    0.2830/  0.3198/  0.3423            0.3423          -0.3299     0.0152  |       0.1406      0.1947
  96     -0.0075        0.8474  |   -0.0225/  0.0138/  0.0361            0.0361          -0.2582     0.0319  |       0.1557      0.1947
  97     -0.0212        0.7608  |    0.0407/  0.0684/  0.0948            0.0948          -0.4328     0.0180  |       0.1785      0.1947
  98     -0.0159        0.8319  |    0.0995/  0.1381/  0.1563            0.1563          -0.3415     0.0298  |       0.1860      0.1947
  99      0.0202        0.5857  |    0.0892/  0.1249/  0.1724            0.1724          -0.3888     0.0339  |       0.2126      0.1947
 100     -0.0326        0.6424  |   -0.0450/  0.0077/  0.0259            0.0259          -0.3940     0.0249  |       0.2457      0.1947
 101     -0.0378        0.8738  |   -0.3410/ -0.2723/ -0.2626           -0.2626          -0.3185     0.0243  |       0.2606      0.1947
 102     -0.0279        0.8998  |   -0.3386/ -0.3234/ -0.3128           -0.3128          -0.3539     0.0220  |       0.2807      0.1947
 103     -0.0242        0.9399  |   -0.3433/ -0.3284/ -0.3192           -0.3192          -0.3505     0.0345  |       0.3024      0.1947
 104     -0.0119        0.7807  |   -0.3956/ -0.3739/ -0.3490           -0.3490          -0.4305     0.0315  |       0.3357      0.1947
 105     -0.0265        0.8844  |   -0.2311/ -0.1742/ -0.1413           -0.1413          -0.4388     0.0054  |       0.3644      0.1947
 106     -0.0267        1.0000  |   -0.2323/ -0.1557/ -0.1325           -0.1325          -0.4385     0.0208  |       0.3662      0.1947
 107     -0.0245        0.9976  |   -0.1821/ -0.1223/ -0.1006           -0.1006          -0.4343     0.0224  |       0.3612      0.1947
 108      0.0056        0.9262  |   -0.2457/ -0.1595/ -0.1332           -0.1332          -0.3933     0.0098  |       0.3465      0.1947
 109      0.0071        0.9714  |   -0.2582/ -0.1880/ -0.1614           -0.1614          -0.3774     0.0028  |       0.3438      0.1947
 110      0.0136        0.9858  |   -0.2517/ -0.1720/ -0.1413           -0.1413          -0.3685     0.0071  |       0.3458      0.1947
 111      0.0014        0.9828  |   -0.2730/ -0.2205/ -0.2004           -0.2004          -0.3854     0.0180  |       0.3410      0.1947
 112     -0.0010        0.9816  |   -0.2904/ -0.2277/ -0.2036           -0.2036          -0.3943     0.0108  |       0.3441      0.1947
 113      0.0248        0.9686  |   -0.2459/ -0.2002/ -0.1764           -0.1764          -0.3837     0.0028  |       0.3542      0.1947
 114      0.0365        0.9934  |   -0.2443/ -0.1980/ -0.1802           -0.1802          -0.3859     0.0080  |       0.3530      0.1947
 115      0.0089        0.9771  |   -0.2044/ -0.1676/ -0.1455           -0.1455          -0.3936     0.0129  |       0.3598      0.1947
 116      0.0136        0.9898  |   -0.2914/ -0.2419/ -0.2191           -0.2191          -0.3957     0.0072  |       0.3570      0.1947
 117     -0.0212        0.9538  |   -0.2102/ -0.1857/ -0.1706           -0.1706          -0.4304     0.0202  |       0.3629      0.1948
 118     -0.0241        0.9990  |   -0.1820/ -0.1119/ -0.0842           -0.0842          -0.4331     0.0057  |       0.3819      0.1948
 119     -0.0237        0.9999  |   -0.0979/ -0.0592/ -0.0390           -0.0390          -0.4320     0.0199  |       0.3812      0.1948
 120     -0.0237        1.0000  |   -0.1167/ -0.0754/ -0.0509           -0.0509          -0.4319     0.0234  |       0.3653      0.1948
 121      0.0104        0.9312  |   -0.2356/ -0.1909/ -0.1749           -0.1749          -0.3888     0.0205  |       0.3442      0.1948
 122      0.0059        0.9790  |   -0.2319/ -0.1949/ -0.1702           -0.1702          -0.3909     0.0109  |       0.3513      0.1948
 123      0.0132        0.9776  |   -0.2827/ -0.2434/ -0.2212           -0.2212          -0.3924     0.0093  |       0.3477      0.1948
 124      0.0053        0.9876  |   -0.2166/ -0.1450/ -0.1140           -0.1140          -0.3809     0.0083  |       0.3452      0.1948
 125      0.0120        0.9857  |   -0.2800/ -0.2143/ -0.1893           -0.1893          -0.4003     0.0124  |       0.3445      0.1947
 126      0.0247        0.9598  |   -0.2505/ -0.2140/ -0.1975           -0.1975          -0.3727     0.0050  |       0.3555      0.1947
 127      0.0185        0.9966  |   -0.2410/ -0.2008/ -0.1784           -0.1784          -0.3685     0.0112  |       0.3551      0.1947
 128      0.0081        0.9847  |   -0.2153/ -0.1799/ -0.1629           -0.1629          -0.3780     0.0082  |       0.3596      0.1947
 129     -0.0201        0.9720  |   -0.1948/ -0.1716/ -0.1567           -0.1567          -0.4237     0.0186  |       0.3659      0.1947
 130     -0.0250        0.9970  |   -0.1648/ -0.1222/ -0.0990           -0.0990          -0.4271     0.0164  |       0.3834      0.1947
 131     -0.0250        1.0000  |   -0.1662/ -0.1121/ -0.0882           -0.0882          -0.4270     0.0269  |       0.3917      0.1947
 132     -0.0203        0.9967  |   -0.1685/ -0.1139/ -0.0903           -0.0903          -0.4199     0.0099  |       0.3677      0.1947
 133      0.0285        0.9529  |   -0.2302/ -0.1985/ -0.1812           -0.1812          -0.3780     0.0059  |       0.3628      0.1947
 134      0.0241        0.9927  |   -0.2856/ -0.1889/ -0.1672           -0.1672          -0.3626     0.0074  |       0.3650      0.1947
 135      0.0109        0.9833  |   -0.1929/ -0.1323/ -0.1071           -0.1071          -0.3987     0.0086  |       0.3670      0.1947
 136      0.0236        0.9798  |   -0.2301/ -0.1856/ -0.1655           -0.1655          -0.3693     0.0157  |       0.3629      0.1947
 137      0.0263        0.9928  |   -0.2307/ -0.1738/ -0.1487           -0.1487          -0.3844     0.0184  |       0.3578      0.1947
 138      0.0205        0.9878  |   -0.2503/ -0.1994/ -0.1735           -0.1735          -0.3814     0.0098  |       0.3547      0.1947
 139      0.0260        0.9845  |   -0.2243/ -0.1916/ -0.1745           -0.1745          -0.3822     0.0077  |       0.3627      0.1947
 140      0.0203        0.9742  |   -0.2196/ -0.1748/ -0.1444           -0.1444          -0.3761     0.0053  |       0.3683      0.1946
 141     -0.0228        0.9689  |   -0.1900/ -0.1142/ -0.0907           -0.0907          -0.4280     0.0060  |       0.3720      0.1946
 142     -0.0294        0.9949  |   -0.1949/ -0.1352/ -0.1083           -0.1083          -0.4410     0.0098  |       0.3724      0.1946
 143      0.0146        0.9479  |   -0.2714/ -0.2134/ -0.1959           -0.1959          -0.3951     0.0039  |       0.3645      0.1946
 144      0.0048        0.9890  |   -0.2908/ -0.2545/ -0.2339           -0.2339          -0.3932     0.0084  |       0.3613      0.1946
 145      0.0124        0.9872  |   -0.2969/ -0.2458/ -0.2260           -0.2260          -0.3962     0.0189  |       0.3656      0.1946
 146      0.0095        0.9891  |   -0.2338/ -0.2006/ -0.1805           -0.1805          -0.4118     0.0018  |       0.3710      0.1946
 147      0.0244        0.9940  |   -0.2160/ -0.1671/ -0.1379           -0.1379          -0.3995     0.0153  |       0.3698      0.1946
 148      0.0071        0.9883  |   -0.2793/ -0.2247/ -0.2013           -0.2013          -0.3943     0.0143  |       0.3608      0.1946
 149     -0.0035        0.9896  |   -0.2781/ -0.2227/ -0.2030           -0.2030          -0.4133     0.0134  |       0.3729      0.1946
 150      0.0007        0.9932  |   -0.1760/ -0.1291/ -0.1069           -0.1069          -0.4064     0.0036  |       0.3810      0.1946
 151     -0.0030        0.9971  |   -0.1637/ -0.1112/ -0.0905           -0.0905          -0.4132     0.0101  |       0.3805      0.1946
 152     -0.0171        0.9880  |   -0.1451/ -0.0948/ -0.0723           -0.0723          -0.4037     0.0169  |       0.3820      0.1946
 153     -0.0003        0.9836  |   -0.2163/ -0.1709/ -0.1475           -0.1475          -0.4173     0.0101  |       0.3674      0.1946
 154      0.0264        0.9113  |   -0.0717/ -0.0398/ -0.0057           -0.0057          -0.4000     0.0114  |       0.3601      0.1946
 155      0.0156        0.9409  |    0.0191/  0.0532/  0.0855            0.0855          -0.3888     0.0386  |       0.3696      0.1946
 156     -0.0280        0.9489  |    0.0930/  0.1306/  0.1699            0.1699          -0.4403     0.0317  |       0.4030      0.1945
 157     -0.0282        1.0000  |    0.0143/  0.0351/  0.0572            0.0572          -0.4405     0.0354  |       0.4338      0.1945
 158     -0.0310        0.9958  |    0.0413/  0.0774/  0.1044            0.1044          -0.4565     0.0421  |       0.4477      0.1945
 159     -0.0297        0.9977  |   -0.1057/ -0.0784/ -0.0532           -0.0532          -0.4531     0.0349  |       0.4550      0.1945
 160     -0.0296        1.0000  |   -0.0353/  0.0094/  0.0326            0.0326          -0.4532     0.0357  |       0.4561      0.1945
 161     -0.0306        0.9990  |   -0.0027/  0.0296/  0.0511            0.0511          -0.4544     0.0366  |       0.4528      0.1945
 162     -0.0291        0.9993  |    0.0009/  0.0332/  0.0692            0.0692          -0.4508     0.0446  |       0.4556      0.1945
 163     -0.0290        1.0000  |    0.0728/  0.1015/  0.1230            0.1230          -0.4511     0.0385  |       0.4652      0.1945
 164     -0.0291        1.0000  |   -0.0447/ -0.0133/  0.0142            0.0142          -0.4509     0.0359  |       0.4716      0.1945
 165     -0.0290        1.0000  |   -0.1645/ -0.1312/ -0.1052           -0.1052          -0.4509     0.0405  |       0.4751      0.1945
 166     -0.0292        1.0000  |   -0.1600/ -0.1441/ -0.1249           -0.1249          -0.4510     0.0374  |       0.4835      0.1945
 167     -0.0286        0.9956  |   -0.1422/ -0.1087/ -0.0790           -0.0790          -0.4599     0.0337  |       0.4788      0.1945
 168     -0.0287        1.0000  |   -0.3659/ -0.3356/ -0.3176           -0.3176          -0.4602     0.0367  |       0.4694      0.1945
 169     -0.0286        1.0000  |   -0.3113/ -0.2690/ -0.2508           -0.2508          -0.4609     0.0211  |       0.4618      0.1945
 170     -0.0287        1.0000  |   -0.3002/ -0.2537/ -0.2390           -0.2390          -0.4609     0.0133  |       0.4555      0.1945
 171     -0.0289        1.0000  |   -0.2774/ -0.2366/ -0.2159           -0.2159          -0.4609     0.0101  |       0.4513      0.1945
 172     -0.0289        1.0000  |   -0.2607/ -0.2228/ -0.2032           -0.2032          -0.4611     0.0354  |       0.4424      0.1944
 173     -0.0289        1.0000  |   -0.2559/ -0.1883/ -0.1615           -0.1615          -0.4610     0.0394  |       0.4093      0.1944
 174      0.0102        0.9664  |   -0.2512/ -0.2105/ -0.1963           -0.1963          -0.4208     0.0048  |       0.3730      0.1944
 175      0.0227        0.9675  |   -0.3491/ -0.3160/ -0.3023           -0.3023          -0.4196     0.0020  |       0.3664      0.1944
 176      0.0313        0.9936  |   -0.3451/ -0.3258/ -0.3129           -0.3129          -0.4091     0.0121  |       0.3671      0.1944
 177     -0.0070        0.9426  |   -0.2492/ -0.2147/ -0.1922           -0.1922          -0.4420     0.0128  |       0.3783      0.1944
 178     -0.0262        0.9829  |   -0.2473/ -0.2023/ -0.1848           -0.1848          -0.4596     0.0155  |       0.3903      0.1944
 179     -0.0263        1.0000  |   -0.2228/ -0.1726/ -0.1528           -0.1528          -0.4593     0.0100  |       0.4055      0.1944
 180     -0.0264        1.0000  |   -0.2137/ -0.1668/ -0.1461           -0.1461          -0.4592     0.0132  |       0.4006      0.1944
 181     -0.0263        1.0000  |    0.1040/  0.1561/  0.1821            0.1821          -0.4596     0.0173  |       0.4005      0.1944
 182     -0.0264        1.0000  |    0.0920/  0.1192/  0.1429            0.1429          -0.4596     0.0276  |       0.4159      0.1944
 183     -0.0264        1.0000  |    0.0779/  0.1156/  0.1446            0.1446          -0.4592     0.0374  |       0.4393      0.1944
 184     -0.0264        1.0000  |    0.0066/  0.0438/  0.0666            0.0666          -0.4594     0.0361  |       0.4544      0.1944
 185     -0.0264        1.0000  |   -0.1529/ -0.1176/ -0.0853           -0.0853          -0.4595     0.0485  |       0.4526      0.1944
 186     -0.0252        0.9995  |   -0.1034/ -0.0478/  0.0022            0.0022          -0.4604     0.0345  |       0.4623      0.1944
 187     -0.0253        1.0000  |   -0.0998/ -0.0483/  0.0008            0.0008          -0.4605     0.0453  |       0.4641      0.1944
 188     -0.0255        1.0000  |    0.0425/  0.0701/  0.0917            0.0917          -0.4606     0.0479  |       0.4748      0.1944
 189     -0.0254        1.0000  |   -0.0171/  0.0191/  0.0537            0.0537          -0.4607     0.0480  |       0.4891      0.1944
 190     -0.0255        0.9995  |    0.0743/  0.1033/  0.1208            0.1208          -0.4555     0.0485  |       0.5051      0.1944
 191     -0.0256        1.0000  |    0.0515/  0.0765/  0.0952            0.0952          -0.4558     0.0481  |       0.5229      0.1944
 192     -0.0255        1.0000  |   -0.0613/ -0.0110/  0.0167            0.0167          -0.4558     0.0427  |       0.5385      0.1944
 193     -0.0254        1.0000  |   -0.0450/ -0.0049/  0.0336            0.0336          -0.4556     0.0367  |       0.5397      0.1944
 194     -0.0254        1.0000  |    0.1186/  0.1503/  0.1672            0.1672          -0.4556     0.0481  |       0.5399      0.1944
 195     -0.0253        1.0000  |    0.0244/  0.0521/  0.0644            0.0644          -0.4555     0.0366  |       0.5399      0.1944
 196     -0.0253        1.0000  |   -0.0379/ -0.0104/  0.0099            0.0099          -0.4556     0.0379  |       0.5399      0.1944
 197     -0.0254        1.0000  |    0.0772/  0.1079/  0.1309            0.1309          -0.4561     0.0389  |       0.5399      0.1944
 198     -0.0254        1.0000  |    0.0165/  0.0432/  0.0615            0.0615          -0.4559     0.0344  |       0.5400      0.1944
 199     -0.0254        1.0000  |    0.0723/  0.0945/  0.1116            0.1116          -0.4562     0.0384  |       0.5400      0.1944
 200     -0.0257        1.0000  |    0.0999/  0.1177/  0.1316            0.1316          -0.4563     0.0481  |       0.5399      0.1944
 201     -0.0260        1.0000  |   -0.0674/ -0.0226/  0.0145            0.0145          -0.4563     0.0468  |       0.5399      0.1944
 202     -0.0260        1.0000  |   -0.0552/ -0.0281/  0.0009            0.0009          -0.4564     0.0448  |       0.5399      0.1944
 203     -0.0259        1.0000  |   -0.0075/ -0.0050/ -0.0018           -0.0018          -0.4557     0.0460  |       0.5399      0.1944
 204     -0.0267        0.9992  |   -0.2775/ -0.2474/ -0.2218           -0.2218          -0.4622     0.0467  |       0.5399      0.1944
 205     -0.0270        1.0000  |   -0.3244/ -0.2344/ -0.1978           -0.1978          -0.4621     0.0264  |       0.5399      0.1944
 206     -0.0269        1.0000  |   -0.2223/ -0.1568/ -0.1348           -0.1348          -0.4621     0.0098  |       0.5399      0.1943
 207     -0.0272        0.9997  |   -0.2742/ -0.1849/ -0.1579           -0.1579          -0.4596     0.0098  |       0.5336      0.1943
 208     -0.0269        1.0000  |   -0.2455/ -0.1932/ -0.1715           -0.1715          -0.4599     0.0067  |       0.5323      0.1943
 209     -0.0265        0.9994  |   -0.2321/ -0.1787/ -0.1549           -0.1549          -0.4566     0.0112  |       0.5303      0.1943
 210     -0.0266        1.0000  |   -0.2546/ -0.1724/ -0.1454           -0.1454          -0.4562     0.0144  |       0.5227      0.1943
 211      0.0303        0.9472  |   -0.2388/ -0.2018/ -0.1869           -0.1869          -0.3886     0.0051  |       0.5100      0.1943
 212      0.0347        0.9724  |   -0.2714/ -0.2527/ -0.2401           -0.2401          -0.3759     0.0111  |       0.5044      0.1943
 213      0.0465        0.9861  |   -0.2731/ -0.2416/ -0.2273           -0.2273          -0.3634     0.0057  |       0.5103      0.1943
 214      0.0091        0.9738  |   -0.2890/ -0.2103/ -0.1873           -0.1873          -0.4169     0.0125  |       0.5140      0.1943
 215     -0.0270        0.9770  |   -0.2628/ -0.1895/ -0.1698           -0.1698          -0.4571     0.0173  |       0.5218      0.1943
 216     -0.0273        1.0000  |   -0.2526/ -0.1872/ -0.1602           -0.1602          -0.4568     0.0039  |       0.5284      0.1943
 217     -0.0270        1.0000  |   -0.2064/ -0.1374/ -0.1159           -0.1159          -0.4571     0.0195  |       0.5267      0.1943
 218      0.0023        0.9803  |   -0.2406/ -0.1854/ -0.1659           -0.1659          -0.4259     0.0023  |       0.5150      0.1943
 219      0.0137        0.9896  |   -0.2359/ -0.1960/ -0.1759           -0.1759          -0.4169     0.0262  |       0.5120      0.1942
 220      0.0374        0.9372  |   -0.0197/  0.0131/  0.0425            0.0425          -0.3579     0.0224  |       0.4988      0.1942
 221      0.0352        0.9683  |    0.0878/  0.1131/  0.1296            0.1296          -0.3681     0.0349  |       0.5090      0.1942
 222     -0.0280        0.9370  |   -0.0018/  0.0156/  0.0328            0.0328          -0.4579     0.0348  |       0.5341      0.1942
 223     -0.0280        1.0000  |    0.0014/  0.0474/  0.0852            0.0852          -0.4580     0.0340  |       0.5387      0.1942
 224     -0.0280        1.0000  |   -0.0719/ -0.0495/ -0.0287           -0.0287          -0.4582     0.0357  |       0.5380      0.1942
 225     -0.0280        1.0000  |    0.0768/  0.1077/  0.1280            0.1280          -0.4582     0.0389  |       0.5340      0.1942
 226     -0.0281        1.0000  |   -0.1151/ -0.0940/ -0.0759           -0.0759          -0.4580     0.0363  |       0.5392      0.1942
 227     -0.0280        1.0000  |   -0.2752/ -0.2639/ -0.2530           -0.2530          -0.4581     0.0382  |       0.5397      0.1942
 228     -0.0282        1.0000  |   -0.0974/ -0.0571/ -0.0248           -0.0248          -0.4578     0.0340  |       0.5314      0.1942
 229     -0.0282        1.0000  |   -0.0424/ -0.0115/  0.0191            0.0191          -0.4576     0.0438  |       0.5360      0.1942
 230     -0.0280        1.0000  |    0.0646/  0.0936/  0.1086            0.1086          -0.4578     0.0360  |       0.5394      0.1942
 231     -0.0283        0.9999  |    0.0850/  0.1048/  0.1192            0.1192          -0.4573     0.0478  |       0.5397      0.1942
 232     -0.0283        1.0000  |    0.0172/  0.0448/  0.0613            0.0613          -0.4572     0.0477  |       0.5397      0.1942
 233     -0.0283        1.0000  |   -0.1885/ -0.1741/ -0.1606           -0.1606          -0.4571     0.0344  |       0.5397      0.1942
 234     -0.0282        1.0000  |   -0.1862/ -0.1301/ -0.0724           -0.0724          -0.4571     0.0357  |       0.5397      0.1942
 235     -0.0283        1.0000  |   -0.0987/ -0.0547/ -0.0156           -0.0156          -0.4571     0.0428  |       0.5397      0.1942
 236     -0.0280        1.0000  |    0.0541/  0.0776/  0.0937            0.0937          -0.4569     0.0376  |       0.5397      0.1942
 237     -0.0280        1.0000  |    0.0689/  0.0875/  0.1037            0.1037          -0.4566     0.0471  |       0.5397      0.1942
 238     -0.0316        0.9992  |   -0.0901/ -0.0790/ -0.0673           -0.0673          -0.4582     0.0441  |       0.5396      0.1942
 239     -0.0316        1.0000  |   -0.0014/  0.0416/  0.0653            0.0653          -0.4580     0.0472  |       0.5396      0.1942
 240     -0.0327        0.9995  |   -0.1207/ -0.0944/ -0.0683           -0.0683          -0.4608     0.0473  |       0.5396      0.1942
 241     -0.0346        0.9987  |   -0.3152/ -0.3023/ -0.2847           -0.2847          -0.4610     0.0403  |       0.5396      0.1941
 242     -0.0347        1.0000  |   -0.3068/ -0.2753/ -0.2583           -0.2583          -0.4613     0.0356  |       0.5396      0.1941
 243     -0.0343        0.9996  |   -0.2717/ -0.2011/ -0.1802           -0.1802          -0.4588     0.0291  |       0.5337      0.1941
 244     -0.0340        1.0000  |   -0.2630/ -0.1751/ -0.1545           -0.1545          -0.4589     0.0209  |       0.5391      0.1941
 245     -0.0343        1.0000  |   -0.2540/ -0.1922/ -0.1707           -0.1707          -0.4585     0.0163  |       0.5293      0.1941
 246     -0.0355        0.9974  |   -0.2705/ -0.2235/ -0.2008           -0.2008          -0.4585     0.0102  |       0.5193      0.1941
 247     -0.0311        0.9925  |   -0.2801/ -0.2444/ -0.2275           -0.2275          -0.4489     0.0089  |       0.5175      0.1941
 248     -0.0357        0.9918  |   -0.2799/ -0.2292/ -0.2074           -0.2074          -0.4601     0.0036  |       0.5189      0.1941
 249     -0.0356        0.9991  |   -0.2329/ -0.1733/ -0.1454           -0.1454          -0.4624     0.0166  |       0.5219      0.1941
 250     -0.0250        0.9890  |   -0.2370/ -0.1942/ -0.1756           -0.1756          -0.4535     0.0081  |       0.5169      0.1941
 251      0.0330        0.9522  |   -0.0166/  0.0276/  0.0558            0.0558          -0.3945     0.0214  |       0.5107      0.1941
 252     -0.0328        0.9393  |    0.1473/  0.1905/  0.2116            0.2116          -0.4689     0.0323  |       0.5232      0.1941
 253     -0.0334        0.9995  |    0.0427/  0.0722/  0.1022            0.1022          -0.4670     0.0327  |       0.5382      0.1941
 254     -0.0336        1.0000  |    0.0610/  0.0937/  0.1189            0.1189          -0.4670     0.0337  |       0.5337      0.1941
 255     -0.0336        1.0000  |    0.1297/  0.1641/  0.1841            0.1841          -0.4670     0.0416  |       0.5340      0.1941
 256     -0.0347        0.9990  |   -0.0358/ -0.0056/  0.0200            0.0200          -0.4651     0.0365  |       0.5391      0.1941
 257     -0.0355        0.9991  |    0.0262/  0.0598/  0.0916            0.0916          -0.4709     0.0352  |       0.5395      0.1941
 258     -0.0360        1.0000  |   -0.1527/ -0.1437/ -0.1345           -0.1345          -0.4703     0.0353  |       0.5395      0.1941
 259     -0.0360        1.0000  |   -0.1902/ -0.1613/ -0.1338           -0.1338          -0.4704     0.0354  |       0.5368      0.1941
 260     -0.0359        1.0000  |   -0.3047/ -0.2816/ -0.2465           -0.2465          -0.4708     0.0411  |       0.5302      0.1940
 261     -0.0359        1.0000  |   -0.3179/ -0.2839/ -0.2503           -0.2503          -0.4708     0.0384  |       0.5184      0.1940
 262     -0.0358        1.0000  |   -0.1771/ -0.1371/ -0.1031           -0.1031          -0.4705     0.0341  |       0.5259      0.1940
 263     -0.0361        1.0000  |    0.0311/  0.0675/  0.0929            0.0929          -0.4706     0.0461  |       0.5263      0.1940
 264     -0.0370        0.9990  |    0.0257/  0.0523/  0.0707            0.0707          -0.4727     0.0479  |       0.5384      0.1940
 265     -0.0369        1.0000  |   -0.2035/ -0.1747/ -0.1499           -0.1499          -0.4729     0.0437  |       0.5394      0.1940
 266     -0.0368        1.0000  |   -0.3692/ -0.3394/ -0.3188           -0.3188          -0.4730     0.0328  |       0.5395      0.1940
 267     -0.0370        1.0000  |   -0.3529/ -0.3109/ -0.2896           -0.2896          -0.4726     0.0202  |       0.5395      0.1940
 268     -0.0370        1.0000  |   -0.3046/ -0.2681/ -0.2449           -0.2449          -0.4725     0.0238  |       0.5326      0.1940
 269     -0.0370        1.0000  |   -0.2899/ -0.2518/ -0.2320           -0.2320          -0.4724     0.0307  |       0.5102      0.1940
 270     -0.0223        0.9860  |   -0.3229/ -0.2845/ -0.2644           -0.2644          -0.4610     0.0308  |       0.4813      0.1940
 271      0.0311        0.8882  |   -0.2873/ -0.2628/ -0.2432           -0.2432          -0.3799     0.0185  |       0.4517      0.1940
 272      0.0461        0.9738  |   -0.3146/ -0.2931/ -0.2775           -0.2775          -0.3755     0.0105  |       0.4328      0.1940
 273      0.0385        0.9877  |   -0.3219/ -0.2943/ -0.2770           -0.2770          -0.3734     0.0217  |       0.4401      0.1940
 274      0.0066        0.9357  |   -0.3408/ -0.3244/ -0.3140           -0.3140          -0.4297     0.0174  |       0.4524      0.1940
 275     -0.0371        0.9369  |   -0.3186/ -0.2489/ -0.2228           -0.2228          -0.4758     0.0109  |       0.4659      0.1940
 276     -0.0370        1.0000  |   -0.2626/ -0.2103/ -0.1871           -0.1871          -0.4754     0.0061  |       0.4706      0.1940
 277     -0.0371        1.0000  |    0.0011/  0.0205/  0.0366            0.0366          -0.4755     0.0301  |       0.4751      0.1939
 278     -0.0375        1.0000  |    0.0748/  0.1044/  0.1263            0.1263          -0.4755     0.0232  |       0.4886      0.1939
 279     -0.0377        1.0000  |    0.0493/  0.0812/  0.1061            0.1061          -0.4758     0.0337  |       0.4871      0.1939
 280     -0.0379        1.0000  |    0.0768/  0.1168/  0.1426            0.1426          -0.4756     0.0324  |       0.4898      0.1939
 281     -0.0379        1.0000  |    0.0330/  0.0549/  0.0720            0.0720          -0.4758     0.0373  |       0.4886      0.1939
 282     -0.0379        1.0000  |   -0.1284/ -0.1279/ -0.1274           -0.1274          -0.4760     0.0369  |       0.4947      0.1939
 283     -0.0378        1.0000  |   -0.0549/ -0.0176/  0.0107            0.0107          -0.4757     0.0339  |       0.5006      0.1939
 284     -0.0371        0.9996  |   -0.1093/ -0.0745/ -0.0428           -0.0428          -0.4759     0.0477  |       0.5022      0.1939
 285     -0.0372        1.0000  |   -0.3025/ -0.2742/ -0.2316           -0.2316          -0.4758     0.0353  |       0.5183      0.1939
 286     -0.0377        0.9975  |   -0.3464/ -0.3218/ -0.3088           -0.3088          -0.4754     0.0447  |       0.5245      0.1939
 287     -0.0377        1.0000  |   -0.2984/ -0.2771/ -0.2665           -0.2665          -0.4750     0.0397  |       0.5381      0.1939
 288     -0.0376        1.0000  |   -0.0317/ -0.0030/  0.0188            0.0188          -0.4752     0.0371  |       0.5254      0.1939
 289     -0.0377        1.0000  |    0.0829/  0.1387/  0.1625            0.1625          -0.4753     0.0184  |       0.5084      0.1939
 290     -0.0378        1.0000  |   -0.0208/  0.0148/  0.0411            0.0411          -0.4757     0.0344  |       0.5083      0.1939
 291     -0.0379        1.0000  |   -0.1030/ -0.0684/ -0.0343           -0.0343          -0.4755     0.0353  |       0.5110      0.1938
 292     -0.0381        1.0000  |   -0.1638/ -0.1376/ -0.1111           -0.1111          -0.4753     0.0340  |       0.5083      0.1938
 293     -0.0382        1.0000  |   -0.2313/ -0.1857/ -0.1378           -0.1378          -0.4752     0.0350  |       0.5097      0.1938
 294     -0.0386        1.0000  |   -0.1290/ -0.0895/ -0.0512           -0.0512          -0.4752     0.0344  |       0.5137      0.1938
 295     -0.0386        1.0000  |   -0.1058/ -0.0663/ -0.0278           -0.0278          -0.4755     0.0480  |       0.5180      0.1938
 296     -0.0386        1.0000  |   -0.0284/  0.0024/  0.0327            0.0327          -0.4755     0.0345  |       0.5359      0.1938
 297     -0.0385        1.0000  |    0.0669/  0.0903/  0.1102            0.1102          -0.4756     0.0465  |       0.5390      0.1938
 298     -0.0386        1.0000  |   -0.1339/ -0.0794/ -0.0359           -0.0359          -0.4756     0.0477  |       0.5392      0.1938
 299     -0.0385        1.0000  |   -0.0827/ -0.0330/  0.0143            0.0143          -0.4758     0.0404  |       0.5393      0.1938
IMAGEIO FFMPEG_WRITER WARNING: input image is not divisible by macro_block_size=16, resizing from (320, 180) to (320, 192) to ensure video compatibility with most codecs and players. To prevent resizing, make your input image divisible by the macro_block_size or set the macro_block_size to 1 (risking incompatibility).

Saved 300 frames -> /home/ashwink/Documents/swms/SWM_copy/rollouts_5_per/expert-only/epoch13/epoch13_rollout4_failure.mp4
min dist(green_cube,blue_moon) over episode = 0.1542  ->  FAILURE
Full log written to /home/ashwink/Documents/swms/SWM_copy/rollouts_5_per/expert-only/epoch13/epoch13_rollout4_20260723_134319.log
Result json -> /home/ashwink/Documents/swms/SWM_copy/rollouts_5_per/expert-only/epoch13/epoch13_rollout4_result.json
