Checkpoint dir epoch: 13  Rollout: 0
Logging to /home/ashwink/Documents/swms/SWM_copy/rollouts_5_per/expert-only/epoch13/epoch13_rollout0_20260723_133826.log
Goal (fixed, steps 0-299): the green cube is touching the blue moon. the peg is touching the green cube.

Checkpoint: /home/ashwink/Documents/swms/SWM_copy/training/checkpoints_clip_full_finetuned_wider_hl/epoch_013.pt
  epoch=13  step=12012

Loading CLIP ViT-L/14 (datacomp_xl_s13b_b90k) + fine-tuned clip_state_dict ...
Parsing model identifier. Schema: None, Identifier: ViT-L-14
Loaded built-in ViT-L-14 model config.
Instantiating model architecture: CLIP
Loading full pretrained weights from: /home/ashwink/.cache/huggingface/hub/models--laion--CLIP-ViT-L-14-DataComp.XL-s13B-b90K/snapshots/84c9828e63dc9a9351d1fe637c346d4c1c4db341/open_clip_pytorch_model.bin
Final image preprocessing configuration set: {'size': (224, 224), 'mode': 'RGB', 'mean': (0.48145466, 0.4578275, 0.40821073), 'std': (0.26862954, 0.26130258, 0.27577711), 'interpolation': 'bicubic', 'resize_mode': 'shortest', 'fill_color': 0}
Model ViT-L-14 creation process complete.
Parsing tokenizer identifier. Schema: None, Identifier: ViT-L-14
Attempting to load config from built-in: ViT-L-14
Using default SimpleTokenizer.
z_star shape: torch.Size([768])

Loading action stats from /home/ashwink/full_data_5000/langtable/demos/ ...
  lo=[-0.03372681140899658, -0.03493623435497284]  hi=[0.03496786952018738, 0.03494429588317871]

Initializing LangTable env ...
Loading URDF plane.urdf
Loading URDF /home/ashwink/Documents/swms/.venv/lib/python3.10/site-packages/language_table/environments/utils/../../../language_table/environments/assets/workspace_real.urdf
Loading URDF xarm/xarm6_robot_white.urdf
Loading URDF /home/ashwink/Documents/swms/.venv/lib/python3.10/site-packages/language_table/environments/utils/../../../language_table/environments/assets/suction/cylinder_real.urdf
Loading URDF /home/ashwink/Documents/swms/.venv/lib/python3.10/site-packages/language_table/environments/utils/../../../language_table/environments/assets/blocks/red_moon.urdf
Loading URDF /home/ashwink/Documents/swms/.venv/lib/python3.10/site-packages/language_table/environments/utils/../../../language_table/environments/assets/blocks/red_cube.urdf
Loading URDF /home/ashwink/Documents/swms/.venv/lib/python3.10/site-packages/language_table/environments/utils/../../../language_table/environments/assets/blocks/red_star.urdf
Loading URDF /home/ashwink/Documents/swms/.venv/lib/python3.10/site-packages/language_table/environments/utils/../../../language_table/environments/assets/blocks/red_pentagon.urdf
Loading URDF /home/ashwink/Documents/swms/.venv/lib/python3.10/site-packages/language_table/environments/utils/../../../language_table/environments/assets/blocks/blue_moon.urdf
Loading URDF /home/ashwink/Documents/swms/.venv/lib/python3.10/site-packages/language_table/environments/utils/../../../language_table/environments/assets/blocks/blue_cube.urdf
Loading URDF /home/ashwink/Documents/swms/.venv/lib/python3.10/site-packages/language_table/environments/utils/../../../language_table/environments/assets/blocks/blue_star.urdf
Loading URDF /home/ashwink/Documents/swms/.venv/lib/python3.10/site-packages/language_table/environments/utils/../../../language_table/environments/assets/blocks/blue_pentagon.urdf
Loading URDF /home/ashwink/Documents/swms/.venv/lib/python3.10/site-packages/language_table/environments/utils/../../../language_table/environments/assets/blocks/yellow_moon.urdf
Loading URDF /home/ashwink/Documents/swms/.venv/lib/python3.10/site-packages/language_table/environments/utils/../../../language_table/environments/assets/blocks/yellow_cube.urdf
Loading URDF /home/ashwink/Documents/swms/.venv/lib/python3.10/site-packages/language_table/environments/utils/../../../language_table/environments/assets/blocks/yellow_star.urdf
Loading URDF /home/ashwink/Documents/swms/.venv/lib/python3.10/site-packages/language_table/environments/utils/../../../language_table/environments/assets/blocks/yellow_pentagon.urdf
Loading URDF /home/ashwink/Documents/swms/.venv/lib/python3.10/site-packages/language_table/environments/utils/../../../language_table/environments/assets/blocks/green_moon.urdf
Loading URDF /home/ashwink/Documents/swms/.venv/lib/python3.10/site-packages/language_table/environments/utils/../../../language_table/environments/assets/blocks/green_cube.urdf
Loading URDF /home/ashwink/Documents/swms/.venv/lib/python3.10/site-packages/language_table/environments/utils/../../../language_table/environments/assets/blocks/green_star.urdf
Loading URDF /home/ashwink/Documents/swms/.venv/lib/python3.10/site-packages/language_table/environments/utils/../../../language_table/environments/assets/blocks/green_pentagon.urdf
Loading URDF /home/ashwink/Documents/swms/.venv/lib/python3.10/site-packages/language_table/environments/utils/../../../language_table/environments/assets/blocks/purple_moon.urdf
Loading URDF /home/ashwink/Documents/swms/.venv/lib/python3.10/site-packages/language_table/environments/utils/../../../language_table/environments/assets/blocks/purple_cube.urdf
Loading URDF /home/ashwink/Documents/swms/.venv/lib/python3.10/site-packages/language_table/environments/utils/../../../language_table/environments/assets/blocks/purple_star.urdf
Loading URDF /home/ashwink/Documents/swms/.venv/lib/python3.10/site-packages/language_table/environments/utils/../../../language_table/environments/assets/blocks/purple_pentagon.urdf
Env ready.

Forced peg start: [0.42843915 0.24419614]  (green_cube=[0.40339102 0.18967466], blue_moon=[0.32039625 0.00902261])
  dist(peg,green_cube)=0.0600  dist(peg,blue_moon)=0.2588  dist(green_cube,blue_moon)=0.1988

step  cos(zt,z*)  cos(zt,zt-1)  |   cos(predK,z*) min/mean/max  cos(pred_sel,z*)   cos(zpred0,z*)  ||a_raw||  |  dist(peg,A)   dist(A,B)
-------------------------------------------------------------------------------------------------------------------------------------------------------------------------------
   0      0.0951           nan  |    0.6071/  0.7363/  0.7523            0.7523           0.6780     0.0093  |       0.0587      0.1988
   1      0.0957        0.9933  |    0.7058/  0.7384/  0.7465            0.7465           0.6768     0.0079  |       0.0535      0.1988
   2      0.0983        0.9936  |    0.6919/  0.7433/  0.7522            0.7522           0.6797     0.0093  |       0.0496      0.1988
   3      0.0956        0.9944  |    0.6842/  0.7360/  0.7461            0.7461           0.6757     0.0033  |       0.0493      0.1988
   4      0.1046        0.9952  |    0.6839/  0.7391/  0.7483            0.7483           0.6781     0.0206  |       0.0488      0.1988
   5      0.1044        0.9654  |    0.6887/  0.7370/  0.7462            0.7462           0.6717     0.0113  |       0.0352      0.1962
   6      0.1107        0.9032  |    0.6850/  0.7462/  0.7551            0.7551           0.6746     0.0144  |       0.0356      0.1866
   7      0.1168        0.7160  |    0.6852/  0.7653/  0.7746            0.7746           0.6512     0.0130  |       0.0363      0.1762
   8      0.1093        0.8679  |    0.6959/  0.7451/  0.7565            0.7565           0.6518     0.0078  |       0.0357      0.1705
   9      0.0879        0.9204  |    0.6879/  0.7387/  0.7484            0.7484           0.6274     0.0069  |       0.0355      0.1671
  10      0.0985        0.8844  |    0.6955/  0.7253/  0.7336            0.7336           0.6508     0.0116  |       0.0351      0.1639
  11      0.0929        0.8687  |    0.6736/  0.7013/  0.7102            0.7102           0.5929     0.0106  |       0.0366      0.1609
  12      0.0985        0.8991  |    0.7136/  0.7421/  0.7493            0.7493           0.6496     0.0068  |       0.0358      0.1579
  13      0.0903        0.9687  |    0.7122/  0.7330/  0.7383            0.7383           0.6360     0.0178  |       0.0409      0.1579
  14      0.0725        0.8733  |    0.6948/  0.7272/  0.7397            0.7397           0.6250     0.0089  |       0.0363      0.1533
  15      0.0748        0.9787  |    0.7085/  0.7341/  0.7417            0.7417           0.6362     0.0168  |       0.0428      0.1533
  16      0.0875        0.8892  |    0.6850/  0.6961/  0.7021            0.7021           0.5913     0.0108  |       0.0577      0.1533
  17      0.0743        0.9443  |    0.6689/  0.6861/  0.6934            0.6934           0.6067     0.0170  |       0.0508      0.1533
  18      0.0778        0.9271  |    0.6700/  0.6985/  0.7114            0.7114           0.5977     0.0126  |       0.0493      0.1533
  19      0.0801        0.8913  |    0.6989/  0.7230/  0.7310            0.7310           0.6283     0.0100  |       0.0400      0.1543
  20      0.0838        0.9402  |    0.6947/  0.7133/  0.7217            0.7217           0.6233     0.0033  |       0.0363      0.1571
  21      0.0894        0.9820  |    0.6779/  0.7048/  0.7125            0.7125           0.6149     0.0054  |       0.0373      0.1571
  22      0.1012        0.9328  |    0.6996/  0.7169/  0.7223            0.7223           0.6262     0.0045  |       0.0354      0.1597
  23      0.0878        0.9678  |    0.6922/  0.7016/  0.7081            0.7081           0.6185     0.0043  |       0.0375      0.1597
  24      0.0962        0.9543  |    0.6470/  0.6933/  0.7017            0.7017           0.6143     0.0178  |       0.0405      0.1597
  25      0.0586        0.8877  |    0.5422/  0.5560/  0.5657            0.5657           0.4083     0.0102  |       0.0399      0.1597
  26      0.0411        0.9157  |    0.4987/  0.5236/  0.5329            0.5329           0.1979     0.0248  |       0.0469      0.1597
  27     -0.0526        0.8352  |   -0.0484/  0.0838/  0.1197            0.1197          -0.1914     0.0063  |       0.0686      0.1597
  28     -0.0397        0.9690  |   -0.0310/  0.0433/  0.0578            0.0578          -0.1811     0.0334  |       0.0667      0.1597
  29     -0.0829        0.7803  |   -0.1109/ -0.0246/  0.0053            0.0053          -0.2111     0.0218  |       0.0832      0.1597
  30     -0.0939        0.8391  |   -0.2519/ -0.2323/ -0.2216           -0.2216          -0.3008     0.0217  |       0.1021      0.1597
  31     -0.0626        0.8743  |   -0.3766/ -0.3513/ -0.3375           -0.3375          -0.3928     0.0252  |       0.1162      0.1597
  32     -0.0559        0.7147  |   -0.4348/ -0.4159/ -0.3971           -0.3971          -0.4307     0.0234  |       0.1333      0.1597
  33     -0.0300        0.7399  |   -0.3140/ -0.2869/ -0.2756           -0.2756          -0.4182     0.0251  |       0.1560      0.1597
  34     -0.0582        0.8055  |   -0.2099/ -0.1948/ -0.1864           -0.1864          -0.2573     0.0127  |       0.1792      0.1597
  35     -0.0268        0.8721  |   -0.3201/ -0.3003/ -0.2832           -0.2832          -0.4430     0.0333  |       0.1777      0.1597
  36     -0.0548        0.8588  |    0.0117/  0.1091/  0.1427            0.1427          -0.4650     0.0417  |       0.2074      0.1597
  37     -0.0741        0.8333  |    0.1664/  0.1933/  0.2153            0.2153          -0.5032     0.0273  |       0.2478      0.1597
  38     -0.0596        0.8247  |    0.0525/  0.0784/  0.0921            0.0921          -0.4566     0.0337  |       0.2704      0.1597
  39     -0.0461        0.5510  |    0.0394/  0.0660/  0.0836            0.0836          -0.3314     0.0295  |       0.2956      0.1597
  40     -0.0389        0.8186  |   -0.1072/ -0.1034/ -0.1003           -0.1003          -0.3446     0.0321  |       0.3203      0.1597
  41     -0.0393        0.8670  |   -0.3437/ -0.3219/ -0.3146           -0.3146          -0.3936     0.0288  |       0.3411      0.1597
  42     -0.0365        0.9233  |   -0.3817/ -0.3244/ -0.2637           -0.2637          -0.4208     0.0302  |       0.3476      0.1597
  43     -0.0255        0.8332  |   -0.1876/ -0.1537/ -0.1337           -0.1337          -0.2967     0.0236  |       0.3710      0.1597
  44     -0.0205        0.9174  |    0.1157/  0.1536/  0.1741            0.1741          -0.2656     0.0441  |       0.3855      0.1597
  45     -0.0305        0.9701  |    0.1984/  0.2292/  0.2444            0.2444          -0.2324     0.0341  |       0.4127      0.1597
  46     -0.0305        1.0000  |    0.2313/  0.2679/  0.2903            0.2903          -0.2323     0.0376  |       0.4244      0.1597
  47     -0.0305        1.0000  |    0.2075/  0.2376/  0.2586            0.2586          -0.2317     0.0328  |       0.4449      0.1597
  48     -0.0305        1.0000  |    0.2535/  0.2913/  0.3119            0.3119          -0.2317     0.0332  |       0.4462      0.1597
  49     -0.0305        1.0000  |    0.2183/  0.2365/  0.2616            0.2616          -0.2317     0.0356  |       0.4462      0.1597
  50     -0.0305        1.0000  |    0.2362/  0.2754/  0.2983            0.2983          -0.2317     0.0310  |       0.4462      0.1597
  51     -0.0305        1.0000  |    0.2600/  0.3023/  0.3229            0.3229          -0.2317     0.0304  |       0.4460      0.1597
  52     -0.0304        1.0000  |    0.2846/  0.3127/  0.3301            0.3301          -0.2322     0.0249  |       0.4459      0.1597
  53     -0.0304        1.0000  |    0.2576/  0.2980/  0.3192            0.3192          -0.2322     0.0294  |       0.4462      0.1597
  54     -0.0305        1.0000  |    0.2623/  0.2917/  0.3105            0.3105          -0.2317     0.0300  |       0.4467      0.1597
  55     -0.0306        1.0000  |    0.2536/  0.3028/  0.3269            0.3269          -0.2326     0.0247  |       0.4468      0.1597
  56     -0.0306        1.0000  |    0.2418/  0.2891/  0.3167            0.3167          -0.2326     0.0295  |       0.4467      0.1597
  57     -0.0306        1.0000  |    0.2657/  0.2939/  0.3159            0.3159          -0.2326     0.0245  |       0.4466      0.1597
  58     -0.0304        1.0000  |    0.2673/  0.3034/  0.3288            0.3288          -0.2323     0.0298  |       0.4470      0.1597
  59     -0.0304        1.0000  |    0.2193/  0.2610/  0.2830            0.2830          -0.2322     0.0224  |       0.4468      0.1597
  60     -0.0306        1.0000  |    0.2538/  0.2792/  0.3016            0.3016          -0.2326     0.0321  |       0.4474      0.1597
  61     -0.0306        1.0000  |    0.2504/  0.2805/  0.3022            0.3022          -0.2326     0.0296  |       0.4479      0.1597
  62     -0.0306        1.0000  |    0.1836/  0.2052/  0.2269            0.2269          -0.2326     0.0349  |       0.4478      0.1597
  63     -0.0306        1.0000  |    0.2576/  0.2797/  0.2965            0.2965          -0.2326     0.0268  |       0.4480      0.1597
  64     -0.0306        1.0000  |    0.2785/  0.3038/  0.3277            0.3277          -0.2326     0.0259  |       0.4494      0.1597
  65     -0.0306        1.0000  |    0.2360/  0.2642/  0.2848            0.2848          -0.2326     0.0343  |       0.4508      0.1597
  66     -0.0304        1.0000  |    0.2396/  0.2705/  0.2913            0.2913          -0.2322     0.0229  |       0.4513      0.1597
  67     -0.0304        1.0000  |    0.3053/  0.3320/  0.3468            0.3468          -0.2322     0.0341  |       0.4524      0.1597
  68     -0.0306        1.0000  |    0.2654/  0.2906/  0.3067            0.3067          -0.2326     0.0312  |       0.4507      0.1597
  69     -0.0306        1.0000  |    0.2597/  0.3050/  0.3238            0.3238          -0.2326     0.0228  |       0.4514      0.1597
  70     -0.0306        1.0000  |    0.2678/  0.2908/  0.3141            0.3141          -0.2326     0.0287  |       0.4518      0.1597
  71     -0.0306        1.0000  |    0.2645/  0.2888/  0.3137            0.3137          -0.2326     0.0265  |       0.4520      0.1597
  72     -0.0306        1.0000  |    0.2309/  0.2546/  0.2802            0.2802          -0.2326     0.0316  |       0.4539      0.1597
  73     -0.0304        1.0000  |    0.1567/  0.1779/  0.1954            0.1954          -0.2323     0.0326  |       0.4551      0.1597
  74     -0.0306        1.0000  |    0.1730/  0.2144/  0.2449            0.2449          -0.2326     0.0305  |       0.4566      0.1597
  75     -0.0306        1.0000  |    0.2521/  0.3023/  0.3242            0.3242          -0.2326     0.0284  |       0.4599      0.1597
  76     -0.0306        1.0000  |    0.2672/  0.2958/  0.3206            0.3206          -0.2326     0.0287  |       0.4608      0.1597
  77     -0.0305        1.0000  |    0.2608/  0.3049/  0.3257            0.3257          -0.2325     0.0286  |       0.4628      0.1597
  78     -0.0304        1.0000  |    0.2869/  0.3050/  0.3189            0.3189          -0.2317     0.0337  |       0.4633      0.1597
  79     -0.0304        1.0000  |    0.2394/  0.2854/  0.3070            0.3070          -0.2319     0.0166  |       0.4645      0.1597
  80     -0.0304        1.0000  |    0.2796/  0.3085/  0.3278            0.3278          -0.2319     0.0296  |       0.4657      0.1597
  81     -0.0304        1.0000  |    0.2092/  0.2282/  0.2449            0.2449          -0.2319     0.0387  |       0.4639      0.1597
  82     -0.0304        1.0000  |    0.2538/  0.2759/  0.2915            0.2915          -0.2321     0.0352  |       0.4691      0.1597
  83     -0.0304        1.0000  |    0.2433/  0.2923/  0.3193            0.3193          -0.2322     0.0248  |       0.4716      0.1597
  84     -0.0305        1.0000  |    0.2774/  0.3059/  0.3220            0.3220          -0.2325     0.0287  |       0.4740      0.1597
  85     -0.0305        1.0000  |    0.2736/  0.3190/  0.3487            0.3487          -0.2325     0.0253  |       0.4750      0.1597
  86     -0.0305        1.0000  |    0.2707/  0.3125/  0.3296            0.3296          -0.2325     0.0351  |       0.4744      0.1597
  87     -0.0305        1.0000  |    0.2366/  0.2928/  0.3209            0.3209          -0.2325     0.0184  |       0.4707      0.1597
  88     -0.0305        1.0000  |    0.2718/  0.3047/  0.3198            0.3198          -0.2325     0.0220  |       0.4727      0.1597
  89     -0.0305        1.0000  |    0.2491/  0.2741/  0.2895            0.2895          -0.2325     0.0341  |       0.4749      0.1597
  90     -0.0305        1.0000  |    0.2890/  0.3241/  0.3394            0.3394          -0.2325     0.0206  |       0.4772      0.1597
  91     -0.0305        1.0000  |    0.2492/  0.2863/  0.3098            0.3098          -0.2325     0.0331  |       0.4817      0.1597
  92     -0.0305        1.0000  |    0.2256/  0.2476/  0.2673            0.2673          -0.2325     0.0282  |       0.4836      0.1597
  93     -0.0325        0.9990  |    0.2563/  0.2834/  0.3061            0.3061          -0.2308     0.0292  |       0.4847      0.1597
  94     -0.0325        1.0000  |    0.2427/  0.2673/  0.2873            0.2873          -0.2308     0.0281  |       0.4848      0.1597
  95     -0.0325        1.0000  |    0.2810/  0.3093/  0.3360            0.3360          -0.2308     0.0241  |       0.4849      0.1597
  96     -0.0325        1.0000  |    0.2447/  0.2827/  0.3040            0.3040          -0.2308     0.0261  |       0.4849      0.1597
  97     -0.0325        1.0000  |    0.2794/  0.3234/  0.3449            0.3449          -0.2308     0.0173  |       0.4850      0.1597
  98     -0.0325        1.0000  |    0.2741/  0.3023/  0.3236            0.3236          -0.2308     0.0330  |       0.4850      0.1597
  99     -0.0325        1.0000  |    0.2664/  0.3053/  0.3265            0.3265          -0.2308     0.0243  |       0.4851      0.1597
 100     -0.0325        1.0000  |    0.2918/  0.3292/  0.3453            0.3453          -0.2308     0.0220  |       0.4849      0.1597
 101     -0.0325        1.0000  |    0.2776/  0.3163/  0.3378            0.3378          -0.2308     0.0266  |       0.4829      0.1597
 102     -0.0325        1.0000  |    0.2764/  0.3035/  0.3215            0.3215          -0.2308     0.0287  |       0.4841      0.1597
 103     -0.0325        1.0000  |    0.2623/  0.2912/  0.3137            0.3137          -0.2308     0.0227  |       0.4848      0.1597
 104     -0.0325        1.0000  |    0.2633/  0.3120/  0.3353            0.3353          -0.2308     0.0234  |       0.4850      0.1597
 105     -0.0325        1.0000  |    0.2645/  0.2981/  0.3175            0.3175          -0.2308     0.0331  |       0.4851      0.1597
 106     -0.0325        1.0000  |    0.2544/  0.2833/  0.3044            0.3044          -0.2308     0.0256  |       0.4851      0.1597
 107     -0.0325        1.0000  |    0.2500/  0.2966/  0.3162            0.3162          -0.2308     0.0350  |       0.4851      0.1597
 108     -0.0325        1.0000  |    0.2423/  0.2652/  0.2822            0.2822          -0.2308     0.0255  |       0.4848      0.1597
 109     -0.0325        1.0000  |    0.2443/  0.2803/  0.3043            0.3043          -0.2308     0.0300  |       0.4850      0.1597
 110     -0.0325        1.0000  |    0.2927/  0.3242/  0.3489            0.3489          -0.2308     0.0275  |       0.4832      0.1597
 111     -0.0325        1.0000  |    0.2360/  0.2619/  0.2805            0.2805          -0.2308     0.0329  |       0.4828      0.1597
 112     -0.0325        1.0000  |    0.2527/  0.2772/  0.2975            0.2975          -0.2308     0.0251  |       0.4845      0.1597
 113     -0.0325        1.0000  |    0.2714/  0.3040/  0.3241            0.3241          -0.2308     0.0267  |       0.4849      0.1597
 114     -0.0325        1.0000  |    0.2017/  0.2175/  0.2273            0.2273          -0.2308     0.0360  |       0.4835      0.1597
 115     -0.0325        1.0000  |    0.2314/  0.2559/  0.2767            0.2767          -0.2308     0.0292  |       0.4847      0.1597
 116     -0.0325        1.0000  |    0.2384/  0.2706/  0.2899            0.2899          -0.2308     0.0355  |       0.4850      0.1597
 117     -0.0325        1.0000  |    0.1759/  0.2418/  0.2638            0.2638          -0.2308     0.0313  |       0.4851      0.1597
 118     -0.0325        1.0000  |    0.2297/  0.2756/  0.2990            0.2990          -0.2308     0.0329  |       0.4850      0.1597
 119     -0.0325        1.0000  |    0.2263/  0.2536/  0.2761            0.2761          -0.2308     0.0233  |       0.4845      0.1597
 120     -0.0325        1.0000  |    0.2509/  0.2877/  0.3096            0.3096          -0.2308     0.0339  |       0.4849      0.1597
 121     -0.0325        1.0000  |    0.2319/  0.2795/  0.3020            0.3020          -0.2308     0.0324  |       0.4851      0.1597
 122     -0.0325        1.0000  |    0.2657/  0.3074/  0.3296            0.3296          -0.2308     0.0182  |       0.4850      0.1597
 123     -0.0325        1.0000  |    0.2934/  0.3263/  0.3445            0.3445          -0.2308     0.0244  |       0.4851      0.1597
 124     -0.0325        1.0000  |    0.2660/  0.3123/  0.3305            0.3305          -0.2308     0.0273  |       0.4846      0.1597
 125     -0.0325        1.0000  |    0.2606/  0.2989/  0.3201            0.3201          -0.2308     0.0292  |       0.4843      0.1597
 126     -0.0325        1.0000  |    0.2815/  0.3137/  0.3315            0.3315          -0.2308     0.0326  |       0.4848      0.1597
 127     -0.0325        1.0000  |    0.2599/  0.2902/  0.3080            0.3080          -0.2308     0.0343  |       0.4824      0.1597
 128     -0.0325        1.0000  |    0.2620/  0.3134/  0.3321            0.3321          -0.2308     0.0188  |       0.4845      0.1597
 129     -0.0325        1.0000  |    0.2618/  0.3023/  0.3271            0.3271          -0.2308     0.0246  |       0.4846      0.1597
 130     -0.0325        1.0000  |    0.2863/  0.3169/  0.3403            0.3403          -0.2308     0.0211  |       0.4848      0.1597
 131     -0.0325        1.0000  |    0.2677/  0.3039/  0.3187            0.3187          -0.2308     0.0330  |       0.4852      0.1597
 132     -0.0325        1.0000  |    0.2564/  0.3003/  0.3312            0.3312          -0.2308     0.0159  |       0.4853      0.1597
 133     -0.0325        1.0000  |    0.2634/  0.3183/  0.3360            0.3360          -0.2308     0.0223  |       0.4853      0.1597
 134     -0.0326        1.0000  |    0.2392/  0.2713/  0.2916            0.2916          -0.2308     0.0317  |       0.4853      0.1597
 135     -0.0325        1.0000  |    0.2627/  0.2875/  0.3025            0.3025          -0.2307     0.0225  |       0.4853      0.1597
 136     -0.0325        1.0000  |    0.2896/  0.3050/  0.3187            0.3187          -0.2307     0.0351  |       0.4853      0.1597
 137     -0.0325        1.0000  |    0.2720/  0.3005/  0.3237            0.3237          -0.2307     0.0336  |       0.4836      0.1597
 138     -0.0325        1.0000  |    0.2412/  0.2776/  0.2999            0.2999          -0.2307     0.0316  |       0.4829      0.1597
 139     -0.0325        1.0000  |    0.2557/  0.2839/  0.3087            0.3087          -0.2307     0.0253  |       0.4847      0.1597
 140     -0.0325        1.0000  |    0.2518/  0.3061/  0.3272            0.3272          -0.2307     0.0299  |       0.4852      0.1597
 141     -0.0325        1.0000  |    0.2569/  0.2942/  0.3161            0.3161          -0.2307     0.0336  |       0.4842      0.1597
 142     -0.0325        1.0000  |    0.2883/  0.3254/  0.3429            0.3429          -0.2307     0.0304  |       0.4849      0.1597
 143     -0.0325        1.0000  |    0.2558/  0.2872/  0.3089            0.3089          -0.2307     0.0336  |       0.4852      0.1597
 144     -0.0325        1.0000  |    0.2446/  0.3111/  0.3350            0.3350          -0.2307     0.0229  |       0.4853      0.1597
 145     -0.0326        1.0000  |    0.2688/  0.3087/  0.3261            0.3261          -0.2299     0.0266  |       0.4845      0.1597
 146     -0.0326        1.0000  |    0.2498/  0.2791/  0.2936            0.2936          -0.2299     0.0311  |       0.4849      0.1597
 147     -0.0325        1.0000  |    0.2816/  0.3118/  0.3296            0.3296          -0.2299     0.0325  |       0.4847      0.1597
 148     -0.0326        1.0000  |    0.2464/  0.3034/  0.3222            0.3222          -0.2299     0.0315  |       0.4850      0.1597
 149     -0.0326        1.0000  |    0.2783/  0.3108/  0.3316            0.3316          -0.2302     0.0259  |       0.4852      0.1597
 150     -0.0326        1.0000  |    0.2439/  0.2950/  0.3165            0.3165          -0.2302     0.0289  |       0.4853      0.1597
 151     -0.0326        1.0000  |    0.2589/  0.2928/  0.3104            0.3104          -0.2302     0.0288  |       0.4853      0.1597
 152     -0.0326        1.0000  |    0.2855/  0.3200/  0.3392            0.3392          -0.2302     0.0311  |       0.4846      0.1597
 153     -0.0327        1.0000  |    0.2959/  0.3274/  0.3456            0.3456          -0.2300     0.0305  |       0.4848      0.1597
 154     -0.0328        1.0000  |    0.2308/  0.2485/  0.2703            0.2703          -0.2303     0.0309  |       0.4850      0.1597
 155     -0.0327        1.0000  |    0.2511/  0.2801/  0.3014            0.3014          -0.2301     0.0231  |       0.4852      0.1597
 156     -0.0327        1.0000  |    0.2567/  0.3054/  0.3300            0.3300          -0.2301     0.0309  |       0.4853      0.1597
 157     -0.0327        1.0000  |    0.2134/  0.2346/  0.2569            0.2569          -0.2301     0.0358  |       0.4838      0.1597
 158     -0.0327        1.0000  |    0.2397/  0.2730/  0.2927            0.2927          -0.2301     0.0377  |       0.4849      0.1597
 159     -0.0326        1.0000  |    0.2538/  0.2831/  0.3025            0.3025          -0.2299     0.0337  |       0.4852      0.1597
 160     -0.0327        1.0000  |    0.2544/  0.2800/  0.2979            0.2979          -0.2300     0.0276  |       0.4824      0.1597
 161     -0.0328        1.0000  |    0.2365/  0.2798/  0.2987            0.2987          -0.2300     0.0295  |       0.4842      0.1597
 162     -0.0328        1.0000  |    0.2433/  0.2795/  0.2954            0.2954          -0.2300     0.0319  |       0.4850      0.1597
 163     -0.0327        1.0000  |    0.2780/  0.3087/  0.3238            0.3238          -0.2299     0.0237  |       0.4852      0.1597
 164     -0.0327        1.0000  |    0.2758/  0.3078/  0.3307            0.3307          -0.2299     0.0330  |       0.4853      0.1597
 165     -0.0327        1.0000  |    0.2579/  0.2917/  0.3115            0.3115          -0.2302     0.0325  |       0.4842      0.1597
 166     -0.0327        1.0000  |    0.2603/  0.2981/  0.3174            0.3174          -0.2304     0.0250  |       0.4850      0.1597
 167     -0.0327        1.0000  |    0.2935/  0.3250/  0.3392            0.3392          -0.2304     0.0230  |       0.4852      0.1597
 168     -0.0327        1.0000  |    0.2914/  0.3239/  0.3411            0.3411          -0.2305     0.0242  |       0.4853      0.1597
 169     -0.0327        1.0000  |    0.2786/  0.3194/  0.3362            0.3362          -0.2305     0.0244  |       0.4853      0.1597
 170     -0.0327        1.0000  |    0.2798/  0.3100/  0.3311            0.3311          -0.2303     0.0274  |       0.4844      0.1597
 171     -0.0327        1.0000  |    0.2502/  0.2930/  0.3122            0.3122          -0.2304     0.0265  |       0.4842      0.1597
 172     -0.0327        1.0000  |    0.2844/  0.3100/  0.3271            0.3271          -0.2303     0.0322  |       0.4850      0.1597
 173     -0.0327        1.0000  |    0.2796/  0.3060/  0.3241            0.3241          -0.2302     0.0337  |       0.4852      0.1597
 174     -0.0327        1.0000  |    0.2654/  0.3038/  0.3229            0.3229          -0.2302     0.0298  |       0.4834      0.1597
 175     -0.0326        1.0000  |    0.2555/  0.3178/  0.3413            0.3413          -0.2301     0.0212  |       0.4822      0.1597
 176     -0.0326        1.0000  |    0.2687/  0.3233/  0.3470            0.3470          -0.2301     0.0260  |       0.4826      0.1597
 177     -0.0327        1.0000  |    0.2177/  0.2815/  0.3061            0.3061          -0.2303     0.0352  |       0.4814      0.1597
 178     -0.0327        1.0000  |    0.2610/  0.2931/  0.3154            0.3154          -0.2303     0.0176  |       0.4839      0.1597
 179     -0.0327        1.0000  |    0.2902/  0.3205/  0.3398            0.3398          -0.2303     0.0312  |       0.4850      0.1597
 180     -0.0327        1.0000  |    0.2919/  0.3177/  0.3389            0.3389          -0.2305     0.0311  |       0.4845      0.1597
 181     -0.0327        1.0000  |    0.2630/  0.2837/  0.3006            0.3006          -0.2305     0.0333  |       0.4824      0.1597
 182     -0.0327        1.0000  |    0.2699/  0.2943/  0.3189            0.3189          -0.2303     0.0256  |       0.4842      0.1597
 183     -0.0327        1.0000  |    0.2709/  0.3013/  0.3215            0.3215          -0.2303     0.0315  |       0.4843      0.1597
 184     -0.0327        1.0000  |    0.2788/  0.3050/  0.3258            0.3258          -0.2303     0.0252  |       0.4850      0.1597
 185     -0.0326        1.0000  |    0.2530/  0.2919/  0.3133            0.3133          -0.2301     0.0283  |       0.4852      0.1597
 186     -0.0326        1.0000  |    0.2535/  0.2840/  0.3058            0.3058          -0.2301     0.0257  |       0.4853      0.1597
 187     -0.0327        1.0000  |    0.2692/  0.2884/  0.3048            0.3048          -0.2302     0.0326  |       0.4847      0.1597
 188     -0.0327        1.0000  |    0.2817/  0.3215/  0.3361            0.3361          -0.2305     0.0246  |       0.4851      0.1597
 189     -0.0327        1.0000  |    0.2768/  0.3048/  0.3212            0.3212          -0.2303     0.0320  |       0.4852      0.1597
 190     -0.0327        1.0000  |    0.2519/  0.2751/  0.2890            0.2890          -0.2303     0.0352  |       0.4853      0.1597
 191     -0.0327        1.0000  |    0.2364/  0.2492/  0.2609            0.2609          -0.2303     0.0257  |       0.4853      0.1597
 192     -0.0327        1.0000  |    0.2399/  0.2699/  0.2958            0.2958          -0.2303     0.0363  |       0.4853      0.1597
 193     -0.0327        1.0000  |    0.2070/  0.2343/  0.2515            0.2515          -0.2303     0.0360  |       0.4853      0.1597
 194     -0.0327        1.0000  |    0.2667/  0.2989/  0.3172            0.3172          -0.2302     0.0252  |       0.4853      0.1597
 195     -0.0327        1.0000  |    0.2230/  0.2482/  0.2696            0.2696          -0.2302     0.0359  |       0.4853      0.1597
 196     -0.0327        1.0000  |    0.2365/  0.2640/  0.2847            0.2847          -0.2303     0.0339  |       0.4853      0.1597
 197     -0.0327        1.0000  |    0.2533/  0.2876/  0.3129            0.3129          -0.2303     0.0307  |       0.4853      0.1597
 198     -0.0327        1.0000  |    0.2080/  0.2439/  0.2706            0.2706          -0.2303     0.0340  |       0.4853      0.1597
 199     -0.0327        1.0000  |    0.1928/  0.2001/  0.2079            0.2079          -0.2303     0.0330  |       0.4853      0.1597
 200     -0.0326        1.0000  |    0.2594/  0.2871/  0.3060            0.3060          -0.2301     0.0353  |       0.4853      0.1597
 201     -0.0327        1.0000  |    0.2791/  0.3166/  0.3371            0.3371          -0.2302     0.0319  |       0.4833      0.1597
 202     -0.0327        1.0000  |    0.2788/  0.3150/  0.3284            0.3284          -0.2305     0.0311  |       0.4826      0.1597
 203     -0.0327        1.0000  |    0.2812/  0.3092/  0.3325            0.3325          -0.2303     0.0274  |       0.4827      0.1597
 204     -0.0327        1.0000  |    0.2830/  0.3149/  0.3298            0.3298          -0.2303     0.0278  |       0.4831      0.1597
 205     -0.0326        1.0000  |    0.2667/  0.3171/  0.3388            0.3388          -0.2301     0.0227  |       0.4842      0.1597
 206     -0.0326        1.0000  |    0.2744/  0.3152/  0.3339            0.3339          -0.2301     0.0216  |       0.4849      0.1597
 207     -0.0327        1.0000  |    0.2964/  0.3261/  0.3470            0.3470          -0.2303     0.0247  |       0.4842      0.1597
 208     -0.0327        1.0000  |    0.2733/  0.3135/  0.3351            0.3351          -0.2305     0.0302  |       0.4834      0.1597
 209     -0.0327        1.0000  |    0.2230/  0.2499/  0.2704            0.2704          -0.2302     0.0336  |       0.4847      0.1597
 210     -0.0326        1.0000  |    0.2520/  0.2770/  0.2964            0.2964          -0.2301     0.0342  |       0.4837      0.1597
 211     -0.0326        1.0000  |    0.2905/  0.3185/  0.3371            0.3371          -0.2301     0.0307  |       0.4849      0.1597
 212     -0.0327        1.0000  |    0.2454/  0.2861/  0.3071            0.3071          -0.2303     0.0331  |       0.4852      0.1597
 213     -0.0326        1.0000  |    0.2677/  0.2931/  0.3161            0.3161          -0.2303     0.0284  |       0.4852      0.1597
 214     -0.0325        1.0000  |    0.2774/  0.3138/  0.3338            0.3338          -0.2300     0.0273  |       0.4852      0.1597
 215     -0.0326        1.0000  |    0.2775/  0.2978/  0.3106            0.3106          -0.2302     0.0342  |       0.4849      0.1597
 216     -0.0326        1.0000  |    0.2844/  0.3127/  0.3293            0.3293          -0.2304     0.0313  |       0.4852      0.1597
 217     -0.0325        1.0000  |    0.2786/  0.3091/  0.3306            0.3306          -0.2300     0.0317  |       0.4830      0.1597
 218     -0.0325        1.0000  |    0.2669/  0.3007/  0.3188            0.3188          -0.2300     0.0284  |       0.4809      0.1597
 219     -0.0325        1.0000  |    0.3157/  0.3427/  0.3626            0.3626          -0.2300     0.0235  |       0.4843      0.1597
 220     -0.0326        1.0000  |    0.2713/  0.2975/  0.3150            0.3150          -0.2303     0.0345  |       0.4841      0.1597
 221     -0.0325        1.0000  |    0.2428/  0.2644/  0.2785            0.2785          -0.2299     0.0233  |       0.4850      0.1597
 222     -0.0326        1.0000  |    0.2075/  0.2317/  0.2528            0.2528          -0.2300     0.0386  |       0.4852      0.1597
 223     -0.0326        1.0000  |    0.2370/  0.2608/  0.2815            0.2815          -0.2302     0.0317  |       0.4852      0.1597
 224     -0.0326        1.0000  |    0.2589/  0.2901/  0.3096            0.3096          -0.2301     0.0359  |       0.4852      0.1597
 225     -0.0325        1.0000  |    0.2547/  0.2858/  0.3085            0.3085          -0.2299     0.0327  |       0.4826      0.1597
 226     -0.0325        1.0000  |    0.2562/  0.2968/  0.3192            0.3192          -0.2299     0.0239  |       0.4846      0.1597
 227     -0.0326        1.0000  |    0.2724/  0.3137/  0.3357            0.3357          -0.2301     0.0223  |       0.4850      0.1597
 228     -0.0326        1.0000  |    0.2626/  0.2900/  0.3079            0.3079          -0.2301     0.0340  |       0.4852      0.1597
 229     -0.0326        1.0000  |    0.2761/  0.3117/  0.3355            0.3355          -0.2300     0.0274  |       0.4852      0.1597
 230     -0.0326        1.0000  |    0.2525/  0.2803/  0.2982            0.2982          -0.2300     0.0305  |       0.4852      0.1597
 231     -0.0326        1.0000  |    0.2972/  0.3228/  0.3403            0.3403          -0.2301     0.0291  |       0.4852      0.1597
 232     -0.0325        1.0000  |    0.2639/  0.3222/  0.3440            0.3440          -0.2299     0.0258  |       0.4839      0.1597
 233     -0.0325        1.0000  |    0.2544/  0.2913/  0.3120            0.3120          -0.2299     0.0308  |       0.4842      0.1597
 234     -0.0325        1.0000  |    0.2509/  0.2691/  0.2847            0.2847          -0.2299     0.0280  |       0.4847      0.1597
 235     -0.0326        1.0000  |    0.2403/  0.2765/  0.3025            0.3025          -0.2301     0.0288  |       0.4851      0.1597
 236     -0.0326        1.0000  |    0.2577/  0.2933/  0.3140            0.3140          -0.2300     0.0332  |       0.4843      0.1597
 237     -0.0326        1.0000  |    0.2883/  0.3217/  0.3431            0.3431          -0.2300     0.0277  |       0.4850      0.1597
 238     -0.0326        1.0000  |    0.2429/  0.2625/  0.2822            0.2822          -0.2301     0.0336  |       0.4852      0.1597
 239     -0.0326        1.0000  |    0.2183/  0.2455/  0.2576            0.2576          -0.2301     0.0283  |       0.4852      0.1597
 240     -0.0325        1.0000  |    0.2659/  0.3001/  0.3232            0.3232          -0.2299     0.0297  |       0.4852      0.1597
 241     -0.0325        1.0000  |    0.2621/  0.2884/  0.3035            0.3035          -0.2299     0.0303  |       0.4835      0.1597
 242     -0.0326        1.0000  |    0.2868/  0.3284/  0.3507            0.3507          -0.2303     0.0170  |       0.4848      0.1597
 243     -0.0326        1.0000  |    0.2788/  0.3127/  0.3309            0.3309          -0.2300     0.0269  |       0.4843      0.1597
 244     -0.0326        1.0000  |    0.2616/  0.3085/  0.3280            0.3280          -0.2300     0.0297  |       0.4830      0.1597
 245     -0.0326        1.0000  |    0.2797/  0.3040/  0.3244            0.3244          -0.2301     0.0261  |       0.4846      0.1597
 246     -0.0326        1.0000  |    0.2593/  0.2915/  0.3111            0.3111          -0.2301     0.0303  |       0.4851      0.1597
 247     -0.0325        1.0000  |    0.2915/  0.3267/  0.3413            0.3413          -0.2299     0.0310  |       0.4852      0.1597
 248     -0.0325        1.0000  |    0.2610/  0.3045/  0.3230            0.3230          -0.2299     0.0249  |       0.4852      0.1597
 249     -0.0326        1.0000  |    0.2902/  0.3191/  0.3353            0.3353          -0.2303     0.0292  |       0.4852      0.1597
 250     -0.0326        1.0000  |    0.2478/  0.2645/  0.2775            0.2775          -0.2300     0.0347  |       0.4851      0.1597
 251     -0.0326        1.0000  |    0.2837/  0.3141/  0.3304            0.3304          -0.2300     0.0301  |       0.4852      0.1597
 252     -0.0326        1.0000  |    0.2932/  0.3144/  0.3315            0.3315          -0.2301     0.0320  |       0.4852      0.1597
 253     -0.0326        1.0000  |    0.2333/  0.2570/  0.2746            0.2746          -0.2301     0.0346  |       0.4842      0.1597
 254     -0.0325        1.0000  |    0.2000/  0.2131/  0.2222            0.2222          -0.2299     0.0235  |       0.4849      0.1597
 255     -0.0325        1.0000  |    0.2644/  0.2943/  0.3126            0.3126          -0.2299     0.0296  |       0.4851      0.1597
 256     -0.0326        1.0000  |    0.2354/  0.2536/  0.2692            0.2692          -0.2303     0.0352  |       0.4852      0.1597
 257     -0.0326        1.0000  |    0.2495/  0.2767/  0.3011            0.3011          -0.2300     0.0345  |       0.4852      0.1597
 258     -0.0326        1.0000  |    0.2524/  0.2858/  0.3087            0.3087          -0.2300     0.0312  |       0.4852      0.1597
 259     -0.0326        1.0000  |    0.2608/  0.2880/  0.3117            0.3117          -0.2301     0.0290  |       0.4852      0.1597
 260     -0.0326        1.0000  |    0.2590/  0.2910/  0.3125            0.3125          -0.2301     0.0313  |       0.4848      0.1597
 261     -0.0325        1.0000  |    0.2962/  0.3191/  0.3358            0.3358          -0.2299     0.0270  |       0.4851      0.1597
 262     -0.0325        1.0000  |    0.2921/  0.3264/  0.3470            0.3470          -0.2299     0.0326  |       0.4851      0.1597
 263     -0.0326        1.0000  |    0.2581/  0.2863/  0.3027            0.3027          -0.2303     0.0289  |       0.4841      0.1597
 264     -0.0326        1.0000  |    0.2923/  0.3283/  0.3460            0.3460          -0.2300     0.0202  |       0.4849      0.1597
 265     -0.0326        1.0000  |    0.2846/  0.3145/  0.3334            0.3334          -0.2300     0.0291  |       0.4851      0.1597
 266     -0.0326        1.0000  |    0.2875/  0.3091/  0.3244            0.3244          -0.2301     0.0311  |       0.4843      0.1597
 267     -0.0326        1.0000  |    0.2821/  0.3230/  0.3411            0.3411          -0.2301     0.0243  |       0.4836      0.1597
 268     -0.0325        1.0000  |    0.2880/  0.3175/  0.3332            0.3332          -0.2299     0.0263  |       0.4832      0.1597
 269     -0.0325        1.0000  |    0.2733/  0.3096/  0.3315            0.3315          -0.2299     0.0241  |       0.4840      0.1597
 270     -0.0326        1.0000  |    0.2642/  0.3316/  0.3541            0.3541          -0.2303     0.0223  |       0.4849      0.1597
 271     -0.0326        1.0000  |    0.2707/  0.2950/  0.3092            0.3092          -0.2300     0.0338  |       0.4845      0.1597
 272     -0.0326        1.0000  |    0.2432/  0.2667/  0.2855            0.2855          -0.2300     0.0215  |       0.4850      0.1597
 273     -0.0326        1.0000  |    0.2751/  0.3090/  0.3248            0.3248          -0.2301     0.0346  |       0.4851      0.1597
 274     -0.0326        1.0000  |    0.2776/  0.3221/  0.3417            0.3417          -0.2301     0.0274  |       0.4851      0.1597
 275     -0.0325        1.0000  |    0.3035/  0.3314/  0.3470            0.3470          -0.2299     0.0257  |       0.4851      0.1597
 276     -0.0325        1.0000  |    0.2082/  0.2375/  0.2616            0.2616          -0.2299     0.0276  |       0.4839      0.1597
 277     -0.0326        1.0000  |    0.2667/  0.3128/  0.3375            0.3375          -0.2303     0.0261  |       0.4848      0.1597
 278     -0.0326        1.0000  |    0.2689/  0.2939/  0.3118            0.3118          -0.2300     0.0296  |       0.4851      0.1597
 279     -0.0326        1.0000  |    0.2614/  0.2653/  0.2689            0.2689          -0.2300     0.0299  |       0.4851      0.1597
 280     -0.0326        1.0000  |    0.2291/  0.2699/  0.2897            0.2897          -0.2301     0.0279  |       0.4851      0.1597
 281     -0.0326        1.0000  |    0.2799/  0.3097/  0.3234            0.3234          -0.2301     0.0367  |       0.4842      0.1597
 282     -0.0325        1.0000  |    0.2052/  0.2273/  0.2449            0.2449          -0.2299     0.0355  |       0.4849      0.1597
 283     -0.0325        1.0000  |    0.2602/  0.2817/  0.3010            0.3010          -0.2299     0.0181  |       0.4851      0.1597
 284     -0.0326        1.0000  |    0.2825/  0.3092/  0.3290            0.3290          -0.2303     0.0320  |       0.4851      0.1597
 285     -0.0326        1.0000  |    0.2614/  0.2858/  0.3042            0.3042          -0.2300     0.0359  |       0.4846      0.1597
 286     -0.0326        1.0000  |    0.2304/  0.2472/  0.2626            0.2626          -0.2300     0.0302  |       0.4850      0.1597
 287     -0.0326        1.0000  |    0.2956/  0.3221/  0.3401            0.3401          -0.2301     0.0201  |       0.4851      0.1597
 288     -0.0326        1.0000  |    0.2857/  0.3127/  0.3303            0.3303          -0.2301     0.0311  |       0.4851      0.1597
 289     -0.0325        1.0000  |    0.2107/  0.2392/  0.2645            0.2645          -0.2299     0.0359  |       0.4851      0.1597
 290     -0.0325        1.0000  |    0.2064/  0.2457/  0.2721            0.2721          -0.2299     0.0291  |       0.4851      0.1597
 291     -0.0326        1.0000  |    0.2367/  0.2717/  0.2928            0.2928          -0.2303     0.0355  |       0.4851      0.1597
 292     -0.0326        1.0000  |    0.2503/  0.2835/  0.3058            0.3058          -0.2299     0.0332  |       0.4851      0.1597
 293     -0.0326        1.0000  |    0.2369/  0.2689/  0.2856            0.2856          -0.2299     0.0283  |       0.4851      0.1597
 294     -0.0327        1.0000  |    0.2846/  0.3072/  0.3198            0.3198          -0.2301     0.0274  |       0.4851      0.1597
 295     -0.0326        1.0000  |    0.2686/  0.3173/  0.3336            0.3336          -0.2300     0.0323  |       0.4851      0.1597
 296     -0.0325        1.0000  |    0.2558/  0.2840/  0.3048            0.3048          -0.2298     0.0283  |       0.4851      0.1597
 297     -0.0326        1.0000  |    0.2778/  0.3037/  0.3233            0.3233          -0.2300     0.0184  |       0.4852      0.1597
 298     -0.0327        1.0000  |    0.2956/  0.3142/  0.3299            0.3299          -0.2301     0.0324  |       0.4852      0.1597
 299     -0.0326        1.0000  |    0.2932/  0.3196/  0.3314            0.3314          -0.2299     0.0346  |       0.4852      0.1597
IMAGEIO FFMPEG_WRITER WARNING: input image is not divisible by macro_block_size=16, resizing from (320, 180) to (320, 192) to ensure video compatibility with most codecs and players. To prevent resizing, make your input image divisible by the macro_block_size or set the macro_block_size to 1 (risking incompatibility).

Saved 300 frames -> /home/ashwink/Documents/swms/SWM_copy/rollouts_5_per/expert-only/epoch13/epoch13_rollout0_failure.mp4
min dist(green_cube,blue_moon) over episode = 0.1533  ->  FAILURE
Full log written to /home/ashwink/Documents/swms/SWM_copy/rollouts_5_per/expert-only/epoch13/epoch13_rollout0_20260723_133826.log
Result json -> /home/ashwink/Documents/swms/SWM_copy/rollouts_5_per/expert-only/epoch13/epoch13_rollout0_result.json
