Checkpoint dir epoch: 4  Rollout: 3
Logging to /home/ashwink/Documents/swms/SWM_copy/rollouts_5_per/expert+subopt/epoch4/epoch4_rollout3_20260723_123148.log
Goal (fixed, steps 0-299): the green cube is touching the blue moon. the peg is touching the green cube.

Checkpoint: /home/ashwink/Documents/swms/SWM_copy/training/checkpoints_clip_full_fine-tuned_with_subopt_data/epoch_004.pt
  epoch=4  step=8430

Loading CLIP ViT-L/14 (datacomp_xl_s13b_b90k) + fine-tuned clip_state_dict ...
Parsing model identifier. Schema: None, Identifier: ViT-L-14
Loaded built-in ViT-L-14 model config.
Instantiating model architecture: CLIP
Loading full pretrained weights from: /home/ashwink/.cache/huggingface/hub/models--laion--CLIP-ViT-L-14-DataComp.XL-s13B-b90K/snapshots/84c9828e63dc9a9351d1fe637c346d4c1c4db341/open_clip_pytorch_model.bin
Final image preprocessing configuration set: {'size': (224, 224), 'mode': 'RGB', 'mean': (0.48145466, 0.4578275, 0.40821073), 'std': (0.26862954, 0.26130258, 0.27577711), 'interpolation': 'bicubic', 'resize_mode': 'shortest', 'fill_color': 0}
Model ViT-L-14 creation process complete.
Parsing tokenizer identifier. Schema: None, Identifier: ViT-L-14
Attempting to load config from built-in: ViT-L-14
Using default SimpleTokenizer.
z_star shape: torch.Size([768])

Loading action stats from /home/ashwink/full_data_5000/langtable/demos/ ...
  lo=[-0.03372681140899658, -0.03493623435497284]  hi=[0.03496786952018738, 0.03494429588317871]

Initializing LangTable env ...
Loading URDF plane.urdf
Loading URDF /home/ashwink/Documents/swms/.venv/lib/python3.10/site-packages/language_table/environments/utils/../../../language_table/environments/assets/workspace_real.urdf
Loading URDF xarm/xarm6_robot_white.urdf
Loading URDF /home/ashwink/Documents/swms/.venv/lib/python3.10/site-packages/language_table/environments/utils/../../../language_table/environments/assets/suction/cylinder_real.urdf
Loading URDF /home/ashwink/Documents/swms/.venv/lib/python3.10/site-packages/language_table/environments/utils/../../../language_table/environments/assets/blocks/red_moon.urdf
Loading URDF /home/ashwink/Documents/swms/.venv/lib/python3.10/site-packages/language_table/environments/utils/../../../language_table/environments/assets/blocks/red_cube.urdf
Loading URDF /home/ashwink/Documents/swms/.venv/lib/python3.10/site-packages/language_table/environments/utils/../../../language_table/environments/assets/blocks/red_star.urdf
Loading URDF /home/ashwink/Documents/swms/.venv/lib/python3.10/site-packages/language_table/environments/utils/../../../language_table/environments/assets/blocks/red_pentagon.urdf
Loading URDF /home/ashwink/Documents/swms/.venv/lib/python3.10/site-packages/language_table/environments/utils/../../../language_table/environments/assets/blocks/blue_moon.urdf
Loading URDF /home/ashwink/Documents/swms/.venv/lib/python3.10/site-packages/language_table/environments/utils/../../../language_table/environments/assets/blocks/blue_cube.urdf
Loading URDF /home/ashwink/Documents/swms/.venv/lib/python3.10/site-packages/language_table/environments/utils/../../../language_table/environments/assets/blocks/blue_star.urdf
Loading URDF /home/ashwink/Documents/swms/.venv/lib/python3.10/site-packages/language_table/environments/utils/../../../language_table/environments/assets/blocks/blue_pentagon.urdf
Loading URDF /home/ashwink/Documents/swms/.venv/lib/python3.10/site-packages/language_table/environments/utils/../../../language_table/environments/assets/blocks/yellow_moon.urdf
Loading URDF /home/ashwink/Documents/swms/.venv/lib/python3.10/site-packages/language_table/environments/utils/../../../language_table/environments/assets/blocks/yellow_cube.urdf
Loading URDF /home/ashwink/Documents/swms/.venv/lib/python3.10/site-packages/language_table/environments/utils/../../../language_table/environments/assets/blocks/yellow_star.urdf
Loading URDF /home/ashwink/Documents/swms/.venv/lib/python3.10/site-packages/language_table/environments/utils/../../../language_table/environments/assets/blocks/yellow_pentagon.urdf
Loading URDF /home/ashwink/Documents/swms/.venv/lib/python3.10/site-packages/language_table/environments/utils/../../../language_table/environments/assets/blocks/green_moon.urdf
Loading URDF /home/ashwink/Documents/swms/.venv/lib/python3.10/site-packages/language_table/environments/utils/../../../language_table/environments/assets/blocks/green_cube.urdf
Loading URDF /home/ashwink/Documents/swms/.venv/lib/python3.10/site-packages/language_table/environments/utils/../../../language_table/environments/assets/blocks/green_star.urdf
Loading URDF /home/ashwink/Documents/swms/.venv/lib/python3.10/site-packages/language_table/environments/utils/../../../language_table/environments/assets/blocks/green_pentagon.urdf
Loading URDF /home/ashwink/Documents/swms/.venv/lib/python3.10/site-packages/language_table/environments/utils/../../../language_table/environments/assets/blocks/purple_moon.urdf
Loading URDF /home/ashwink/Documents/swms/.venv/lib/python3.10/site-packages/language_table/environments/utils/../../../language_table/environments/assets/blocks/purple_cube.urdf
Loading URDF /home/ashwink/Documents/swms/.venv/lib/python3.10/site-packages/language_table/environments/utils/../../../language_table/environments/assets/blocks/purple_star.urdf
Loading URDF /home/ashwink/Documents/swms/.venv/lib/python3.10/site-packages/language_table/environments/utils/../../../language_table/environments/assets/blocks/purple_pentagon.urdf
Env ready.

Forced peg start: [0.42843915 0.24419614]  (green_cube=[0.40339102 0.18967466], blue_moon=[0.32039625 0.00902261])
  dist(peg,green_cube)=0.0600  dist(peg,blue_moon)=0.2588  dist(green_cube,blue_moon)=0.1988

step  cos(zt,z*)  cos(zt,zt-1)  |   cos(predK,z*) min/mean/max  cos(pred_sel,z*)   cos(zpred0,z*)  ||a_raw||  |  dist(peg,A)   dist(A,B)
-------------------------------------------------------------------------------------------------------------------------------------------------------------------------------
   0      0.1888           nan  |    0.4018/  0.4364/  0.4593            0.4593           0.5504     0.0086  |       0.0587      0.1988
   1      0.1876        0.9914  |    0.5684/  0.5873/  0.5969            0.5969           0.5496     0.0061  |       0.0515      0.1988
   2      0.1819        0.9941  |    0.5620/  0.5740/  0.5805            0.5805           0.5248     0.0095  |       0.0461      0.1988
   3      0.1812        0.9907  |    0.5747/  0.5857/  0.5905            0.5905           0.5425     0.0052  |       0.0425      0.1988
   4      0.1789        0.9877  |    0.5455/  0.5578/  0.5634            0.5634           0.5078     0.0072  |       0.0402      0.1988
   5      0.1679        0.8469  |    0.5815/  0.5895/  0.5951            0.5951           0.5420     0.0063  |       0.0357      0.1982
   6      0.1626        0.9417  |    0.6074/  0.6183/  0.6249            0.6249           0.5700     0.0065  |       0.0333      0.1951
   7      0.1538        0.9204  |    0.5788/  0.5888/  0.5944            0.5944           0.5149     0.0086  |       0.0328      0.1896
   8      0.1600        0.9015  |    0.6236/  0.6379/  0.6437            0.6437           0.5583     0.0074  |       0.0328      0.1818
   9      0.1407        0.9294  |    0.6148/  0.6270/  0.6319            0.6319           0.5581     0.0068  |       0.0327      0.1751
  10      0.1234        0.9492  |    0.5833/  0.5960/  0.6019            0.6019           0.4945     0.0070  |       0.0328      0.1702
  11      0.1390        0.9489  |    0.6002/  0.6135/  0.6192            0.6192           0.5213     0.0070  |       0.0331      0.1642
  12      0.1335        0.8790  |    0.5668/  0.5765/  0.5821            0.5821           0.5299     0.0056  |       0.0335      0.1581
  13      0.1248        0.8927  |    0.5424/  0.5574/  0.5653            0.5653           0.4635     0.0078  |       0.0336      0.1523
  14      0.1129        0.9254  |    0.4923/  0.5034/  0.5094            0.5094           0.3836     0.0068  |       0.0335      0.1458
  15      0.1118        0.9249  |    0.4470/  0.4669/  0.4736            0.4736           0.3215     0.0062  |       0.0340      0.1388
  16      0.0995        0.9184  |    0.4581/  0.4678/  0.4745            0.4745           0.3058     0.0057  |       0.0345      0.1322
  17      0.1044        0.9493  |    0.4962/  0.5116/  0.5175            0.5175           0.3469     0.0079  |       0.0347      0.1264
  18      0.0988        0.9327  |    0.5850/  0.5983/  0.6050            0.6050           0.4375     0.0092  |       0.0344      0.1191
  19      0.1059        0.9422  |    0.5025/  0.5197/  0.5270            0.5270           0.3010     0.0064  |       0.0341      0.1106
  20      0.0920        0.9436  |    0.3541/  0.3809/  0.3885            0.3885           0.1585     0.0045  |       0.0340      0.1043
  21      0.0826        0.9662  |    0.4621/  0.4799/  0.4870            0.4870           0.2822     0.0080  |       0.0342      0.0999
  22      0.1014        0.9415  |    0.5109/  0.5273/  0.5336            0.5336           0.3635     0.0084  |       0.0348      0.0926
  23      0.1227        0.9245  |    0.5279/  0.5815/  0.5888            0.5888           0.3874     0.0048  |       0.0354      0.0857
  24      0.1114        0.9246  |    0.4118/  0.4251/  0.4335            0.4335           0.1542     0.0039  |       0.0358      0.0815
  25      0.1107        0.9487  |    0.3264/  0.3408/  0.3504            0.3504           0.0670     0.0044  |       0.0360      0.0784
  26      0.0994        0.9345  |    0.3485/  0.3652/  0.3729            0.3729           0.0966     0.0039  |       0.0361      0.0755
  27      0.1006        0.9461  |    0.2970/  0.3208/  0.3368            0.3368           0.1524     0.0035  |       0.0363      0.0737
  28      0.1104        0.9747  |    0.3786/  0.3935/  0.4027            0.4027           0.1553     0.0058  |       0.0359      0.0720
  29      0.1234        0.8841  |    0.1959/  0.2148/  0.2234            0.2234          -0.2072     0.0060  |       0.0360      0.0696
  30      0.1050        0.9118  |    0.0854/  0.1047/  0.1141            0.1141          -0.1465     0.0053  |       0.0356      0.0674
  31      0.1081        0.9547  |    0.1387/  0.1641/  0.1724            0.1724          -0.0936     0.0050  |       0.0353      0.0662
  32      0.0938        0.9299  |   -0.1145/ -0.0791/ -0.0715           -0.0715          -0.3015     0.0065  |       0.0355      0.0654
  33      0.1113        0.9155  |    0.0232/  0.0413/  0.0528            0.0528          -0.2240     0.0034  |       0.0358      0.0649
  34      0.0981        0.9486  |   -0.1500/ -0.1304/ -0.1223           -0.1223          -0.3324     0.0064  |       0.0361      0.0649
  35      0.1076        0.9046  |   -0.1083/ -0.0633/ -0.0529           -0.0529          -0.3032     0.0042  |       0.0358      0.0653
  36      0.1182        0.9599  |   -0.0173/  0.0071/  0.0163            0.0163          -0.2811     0.0051  |       0.0353      0.0661
  37      0.1242        0.9295  |    0.1091/  0.1293/  0.1402            0.1402          -0.1182     0.0038  |       0.0352      0.0672
  38      0.1248        0.9524  |    0.1169/  0.1345/  0.1428            0.1428          -0.1351     0.0031  |       0.0352      0.0686
  39      0.1399        0.9458  |    0.2232/  0.2415/  0.2510            0.2510          -0.0644     0.0047  |       0.0350      0.0696
  40      0.1561        0.9323  |    0.4095/  0.4338/  0.4430            0.4430           0.0684     0.0062  |       0.0354      0.0712
  41      0.1738        0.9072  |    0.4561/  0.4798/  0.4905            0.4905           0.1819     0.0051  |       0.0351      0.0723
  42      0.1782        0.9206  |    0.5048/  0.5365/  0.5460            0.5460           0.2324     0.0056  |       0.0347      0.0731
  43      0.1741        0.8667  |    0.5186/  0.5356/  0.5454            0.5454           0.0731     0.0024  |       0.0347      0.0741
  44      0.1901        0.9282  |    0.5872/  0.6095/  0.6178            0.6178           0.3625     0.0052  |       0.0347      0.0756
  45      0.1859        0.7974  |    0.5512/  0.5771/  0.5860            0.5860           0.2427     0.0056  |       0.0339      0.0765
  46      0.1332        0.8358  |    0.5535/  0.5705/  0.5796            0.5796           0.2191     0.0023  |       0.0341      0.0762
  47      0.1646        0.8229  |    0.5499/  0.5949/  0.6031            0.6031           0.4361     0.0054  |       0.0338      0.0778
  48      0.2134        0.6868  |    0.5743/  0.6012/  0.6126            0.6126           0.3288     0.0052  |       0.0335      0.0802
  49      0.1932        0.8888  |    0.5547/  0.5875/  0.6002            0.6002           0.2025     0.0062  |       0.0346      0.0803
  50      0.1991        0.9235  |    0.5755/  0.5982/  0.6052            0.6052           0.1421     0.0038  |       0.0373      0.0804
  51      0.1942        0.9438  |    0.5327/  0.5712/  0.5800            0.5800           0.1435     0.0064  |       0.0411      0.0804
  52      0.1885        0.8916  |    0.5873/  0.6123/  0.6195            0.6195           0.1346     0.0040  |       0.0425      0.0804
  53      0.1936        0.9844  |    0.5938/  0.6181/  0.6273            0.6273           0.1384     0.0068  |       0.0394      0.0804
  54      0.1301        0.7756  |    0.5551/  0.5791/  0.5866            0.5866           0.0125     0.0082  |       0.0355      0.0821
  55      0.1562        0.6927  |    0.5325/  0.5760/  0.5903            0.5903           0.3019     0.0108  |       0.0342      0.0881
  56      0.2074        0.6326  |    0.6435/  0.6728/  0.6827            0.6827           0.4419     0.0060  |       0.0349      0.0993
  57      0.2018        0.8917  |    0.6118/  0.6518/  0.6616            0.6616           0.3090     0.0098  |       0.0369      0.0994
  58      0.2077        0.9626  |    0.5857/  0.6633/  0.6728            0.6728           0.3184     0.0032  |       0.0437      0.0994
  59      0.2124        0.9520  |    0.6178/  0.6469/  0.6574            0.6574           0.3296     0.0197  |       0.0459      0.0994
  60      0.0885        0.7610  |    0.3920/  0.4188/  0.4270            0.4270          -0.2518     0.0156  |       0.0641      0.0994
  61      0.1934        0.8078  |    0.5073/  0.5770/  0.6002            0.6002           0.1021     0.0019  |       0.0527      0.0994
  62      0.1962        0.9740  |    0.6146/  0.6379/  0.6502            0.6502           0.0962     0.0100  |       0.0532      0.0994
  63      0.1488        0.8979  |    0.4832/  0.5114/  0.5225            0.5225          -0.2132     0.0036  |       0.0573      0.0994
  64      0.1818        0.9437  |    0.5205/  0.5558/  0.5689            0.5689          -0.1716     0.0058  |       0.0547      0.0994
  65      0.0812        0.8447  |    0.3998/  0.4313/  0.4415            0.4415          -0.1795     0.0022  |       0.0579      0.0994
  66      0.0899        0.9654  |    0.4776/  0.5103/  0.5216            0.5216          -0.1689     0.0040  |       0.0563      0.0994
  67      0.1354        0.9425  |    0.5072/  0.5337/  0.5453            0.5453          -0.1545     0.0044  |       0.0573      0.0994
  68      0.1165        0.9497  |    0.4777/  0.5111/  0.5241            0.5241          -0.2245     0.0056  |       0.0611      0.0994
  69      0.1589        0.9185  |    0.4120/  0.4481/  0.4607            0.4607          -0.2255     0.0052  |       0.0580      0.0994
  70      0.2040        0.9324  |    0.5861/  0.6117/  0.6263            0.6263           0.1682     0.0049  |       0.0531      0.0994
  71      0.1838        0.9736  |    0.4917/  0.5292/  0.5495            0.5495          -0.0532     0.0097  |       0.0567      0.0994
  72      0.0622        0.7577  |    0.3031/  0.3283/  0.3426            0.3426          -0.2323     0.0118  |       0.0644      0.0994
  73      0.1869        0.8072  |    0.5248/  0.5612/  0.5766            0.5766          -0.0681     0.0051  |       0.0592      0.0994
  74      0.1972        0.9529  |    0.5289/  0.5716/  0.5853            0.5853          -0.0074     0.0056  |       0.0594      0.0994
  75      0.1377        0.9086  |    0.2048/  0.2900/  0.3004            0.3004          -0.2394     0.0136  |       0.0641      0.0994
  76      0.1797        0.8881  |    0.3474/  0.4058/  0.4277            0.4277          -0.0483     0.0074  |       0.0552      0.0994
  77      0.1692        0.9701  |    0.2483/  0.3228/  0.3405            0.3405          -0.1549     0.0120  |       0.0613      0.0994
  78      0.1824        0.9406  |    0.4786/  0.5345/  0.5510            0.5510           0.1097     0.0081  |       0.0512      0.0994
  79      0.1856        0.9676  |    0.4798/  0.5395/  0.5555            0.5555          -0.0128     0.0115  |       0.0577      0.0994
  80      0.1365        0.8986  |    0.3125/  0.3501/  0.3661            0.3661          -0.2374     0.0116  |       0.0681      0.0994
  81      0.1859        0.9139  |    0.5028/  0.5434/  0.5602            0.5602          -0.0329     0.0035  |       0.0584      0.0994
  82      0.1770        0.9611  |    0.4928/  0.5446/  0.5557            0.5557          -0.2064     0.0033  |       0.0601      0.0994
  83      0.1903        0.9557  |    0.5393/  0.5769/  0.5906            0.5906          -0.0187     0.0061  |       0.0573      0.0994
  84      0.1836        0.9594  |    0.4975/  0.5276/  0.5400            0.5400          -0.1380     0.0064  |       0.0626      0.0994
  85      0.1694        0.9388  |    0.4169/  0.4653/  0.4827            0.4827          -0.2101     0.0143  |       0.0673      0.0994
  86      0.1849        0.8802  |    0.3335/  0.4274/  0.4503            0.4503          -0.1047     0.0026  |       0.0586      0.0994
  87      0.1513        0.9458  |    0.3410/  0.3904/  0.4065            0.4065          -0.2620     0.0070  |       0.0602      0.0994
  88      0.1845        0.9208  |    0.4946/  0.5172/  0.5338            0.5338           0.1173     0.0118  |       0.0576      0.0994
  89      0.1445        0.9137  |    0.2617/  0.3006/  0.3112            0.3112          -0.1588     0.0119  |       0.0644      0.0994
  90      0.1139        0.9341  |    0.1980/  0.2392/  0.2597            0.2597          -0.2137     0.0223  |       0.0718      0.0994
  91      0.1338        0.8559  |    0.1500/  0.2532/  0.2778            0.2778          -0.1118     0.0114  |       0.0590      0.0994
  92      0.1566        0.9382  |    0.5492/  0.5683/  0.5810            0.5810           0.3031     0.0135  |       0.0501      0.0994
  93      0.1502        0.9018  |    0.5899/  0.6269/  0.6378            0.6378           0.4923     0.0080  |       0.0500      0.0994
  94      0.1274        0.9249  |    0.5021/  0.5333/  0.5428            0.5428           0.2873     0.0131  |       0.0557      0.0994
  95      0.1436        0.9008  |    0.3831/  0.4056/  0.4153            0.4153           0.0364     0.0077  |       0.0604      0.0994
  96      0.1181        0.9684  |    0.2525/  0.2768/  0.2863            0.2863          -0.1818     0.0074  |       0.0649      0.0994
  97      0.0975        0.9512  |    0.0398/  0.0557/  0.0636            0.0636          -0.2572     0.0078  |       0.0697      0.0994
  98      0.1281        0.9375  |    0.1138/  0.1639/  0.1828            0.1828          -0.2229     0.0137  |       0.0682      0.0994
  99      0.1370        0.9181  |    0.3170/  0.3767/  0.3891            0.3891          -0.2079     0.0051  |       0.0687      0.0994
 100      0.1506        0.9212  |    0.2279/  0.3115/  0.3310            0.3310          -0.2471     0.0110  |       0.0681      0.0994
 101      0.2042        0.8869  |    0.5909/  0.6160/  0.6328            0.6328           0.1468     0.0100  |       0.0582      0.0994
 102      0.1405        0.8720  |    0.3212/  0.4143/  0.4383            0.4383          -0.1984     0.0119  |       0.0655      0.0994
 103      0.1015        0.8971  |    0.3204/  0.3659/  0.3800            0.3800          -0.1932     0.0109  |       0.0650      0.0994
 104      0.0274        0.8749  |    0.2030/  0.2663/  0.2837            0.2837          -0.2133     0.0210  |       0.0670      0.0994
 105      0.1404        0.7173  |    0.3013/  0.3365/  0.3575            0.3575          -0.1467     0.0101  |       0.0569      0.0994
 106      0.1785        0.9135  |    0.4153/  0.4493/  0.4642            0.4642           0.0781     0.0028  |       0.0554      0.0994
 107      0.1981        0.9703  |    0.4371/  0.4583/  0.4697            0.4697           0.1345     0.0050  |       0.0539      0.0994
 108      0.1094        0.9142  |    0.1968/  0.2278/  0.2387            0.2387          -0.1970     0.0086  |       0.0581      0.0994
 109      0.0586        0.8717  |   -0.1081/ -0.0895/ -0.0770           -0.0770          -0.3829     0.0150  |       0.0642      0.0994
 110      0.0378        0.8694  |   -0.2799/ -0.2630/ -0.2556           -0.2556          -0.3956     0.0115  |       0.0749      0.0994
 111      0.0093        0.8803  |   -0.2427/ -0.2227/ -0.2121           -0.2121          -0.3239     0.0154  |       0.0834      0.0994
 112     -0.0463        0.8557  |   -0.1828/ -0.1580/ -0.1435           -0.1435          -0.3362     0.0045  |       0.0950      0.0994
 113     -0.0454        0.9619  |   -0.1046/ -0.0794/ -0.0664           -0.0664          -0.2906     0.0025  |       0.1001      0.0994
 114     -0.0361        0.9787  |   -0.1314/ -0.1099/ -0.0986           -0.0986          -0.3156     0.0097  |       0.1023      0.0994
 115     -0.0546        0.9365  |   -0.1982/ -0.1779/ -0.1687           -0.1687          -0.3682     0.0021  |       0.1005      0.0994
 116     -0.0473        0.9798  |   -0.2114/ -0.1948/ -0.1861           -0.1861          -0.3863     0.0072  |       0.0999      0.0994
 117     -0.0357        0.9596  |   -0.1921/ -0.1705/ -0.1588           -0.1588          -0.3776     0.0070  |       0.0937      0.0994
 118      0.0006        0.9554  |   -0.2411/ -0.2185/ -0.2107           -0.2107          -0.3876     0.0120  |       0.0868      0.0994
 119      0.0472        0.8918  |   -0.2458/ -0.2186/ -0.2097           -0.2097          -0.3390     0.0171  |       0.0753      0.0994
 120      0.1088        0.8776  |   -0.1391/ -0.1182/ -0.1064           -0.1064          -0.2912     0.0283  |       0.0587      0.0994
 121      0.1741        0.5006  |    0.5114/  0.5316/  0.5461            0.5461           0.4431     0.0150  |       0.0347      0.1020
 122      0.1836        0.6748  |    0.6294/  0.6939/  0.7098            0.7098           0.5070     0.0273  |       0.0349      0.1139
 123      0.1958        0.6619  |    0.6405/  0.6587/  0.6683            0.6683           0.3870     0.0084  |       0.0361      0.1234
 124      0.2061        0.9425  |    0.6289/  0.6422/  0.6481            0.6481           0.4312     0.0116  |       0.0415      0.1234
 125      0.1799        0.8287  |    0.6026/  0.6243/  0.6310            0.6310          -0.1374     0.0042  |       0.0521      0.1234
 126      0.1936        0.9464  |    0.6143/  0.6340/  0.6416            0.6416           0.1782     0.0043  |       0.0537      0.1234
 127      0.1740        0.9643  |    0.5947/  0.6167/  0.6236            0.6236          -0.0513     0.0043  |       0.0557      0.1234
 128      0.1989        0.9531  |    0.6117/  0.6308/  0.6375            0.6375           0.2045     0.0073  |       0.0550      0.1234
 129      0.1976        0.9137  |    0.5947/  0.6332/  0.6409            0.6409           0.2274     0.0031  |       0.0602      0.1234
 130      0.2023        0.9705  |    0.6017/  0.6245/  0.6305            0.6305           0.2249     0.0019  |       0.0600      0.1234
 131      0.1867        0.9784  |    0.5903/  0.6154/  0.6227            0.6227           0.0845     0.0019  |       0.0603      0.1234
 132      0.1968        0.9729  |    0.5901/  0.6153/  0.6247            0.6247           0.1840     0.0022  |       0.0586      0.1234
 133      0.2032        0.9765  |    0.6070/  0.6284/  0.6357            0.6357           0.2695     0.0077  |       0.0600      0.1234
 134      0.2036        0.9133  |    0.6184/  0.6504/  0.6596            0.6596           0.1833     0.0032  |       0.0534      0.1234
 135      0.2082        0.9571  |    0.6491/  0.6671/  0.6760            0.6760           0.3985     0.0018  |       0.0514      0.1234
 136      0.1997        0.9752  |    0.6457/  0.6628/  0.6689            0.6689           0.2651     0.0107  |       0.0525      0.1234
 137      0.1800        0.9166  |    0.5870/  0.6191/  0.6268            0.6268           0.0177     0.0038  |       0.0622      0.1234
 138      0.1825        0.9656  |    0.5678/  0.5899/  0.5961            0.5961          -0.0247     0.0097  |       0.0629      0.1234
 139      0.2001        0.9016  |    0.6377/  0.6516/  0.6615            0.6615           0.2065     0.0021  |       0.0545      0.1234
 140      0.2055        0.9747  |    0.6416/  0.6588/  0.6687            0.6687           0.3079     0.0073  |       0.0532      0.1234
 141      0.2116        0.9107  |    0.6385/  0.6609/  0.6707            0.6707           0.4037     0.0077  |       0.0465      0.1234
 142      0.2100        0.9217  |    0.6442/  0.6647/  0.6705            0.6705           0.3121     0.0071  |       0.0529      0.1234
 143      0.1837        0.9211  |    0.5980/  0.6267/  0.6339            0.6339           0.1517     0.0032  |       0.0595      0.1234
 144      0.1826        0.9578  |    0.5928/  0.6116/  0.6177            0.6177          -0.0149     0.0057  |       0.0627      0.1234
 145      0.1986        0.9591  |    0.6249/  0.6407/  0.6500            0.6500           0.3198     0.0035  |       0.0578      0.1234
 146      0.1996        0.9546  |    0.6185/  0.6436/  0.6515            0.6515           0.1308     0.0045  |       0.0549      0.1234
 147      0.1986        0.9544  |    0.6127/  0.6329/  0.6416            0.6416           0.2463     0.0019  |       0.0566      0.1234
 148      0.2006        0.9641  |    0.5929/  0.6398/  0.6469            0.6469           0.1320     0.0034  |       0.0570      0.1234
 149      0.1935        0.9646  |    0.5980/  0.6149/  0.6222            0.6222           0.1330     0.0100  |       0.0589      0.1234
 150      0.1679        0.8957  |    0.5519/  0.5729/  0.5798            0.5798          -0.1231     0.0099  |       0.0668      0.1234
 151      0.1934        0.9480  |    0.6071/  0.6268/  0.6363            0.6363           0.1478     0.0075  |       0.0587      0.1234
 152      0.2037        0.9374  |    0.6352/  0.6578/  0.6674            0.6674           0.3479     0.0081  |       0.0527      0.1234
 153      0.1959        0.9178  |    0.5983/  0.6236/  0.6328            0.6328           0.2088     0.0026  |       0.0552      0.1234
 154      0.1831        0.9578  |    0.5866/  0.6029/  0.6092            0.6092           0.0961     0.0034  |       0.0573      0.1234
 155      0.1960        0.9497  |    0.6234/  0.6419/  0.6540            0.6540           0.3214     0.0053  |       0.0580      0.1234
 156      0.1682        0.9304  |    0.5991/  0.6119/  0.6186            0.6186           0.1367     0.0025  |       0.0628      0.1234
 157      0.1790        0.9734  |    0.5920/  0.6162/  0.6235            0.6235           0.1044     0.0036  |       0.0612      0.1234
 158      0.1852        0.9552  |    0.5711/  0.5995/  0.6086            0.6086           0.1179     0.0039  |       0.0579      0.1234
 159      0.1956        0.9315  |    0.6449/  0.6657/  0.6770            0.6770           0.3814     0.0059  |       0.0542      0.1234
 160      0.1970        0.9511  |    0.6514/  0.6649/  0.6708            0.6708           0.4159     0.0074  |       0.0536      0.1234
 161      0.1955        0.9202  |    0.6287/  0.6495/  0.6561            0.6561           0.2829     0.0033  |       0.0603      0.1234
 162      0.1908        0.9711  |    0.6078/  0.6266/  0.6341            0.6341           0.1360     0.0035  |       0.0592      0.1234
 163      0.1765        0.9587  |    0.5949/  0.6165/  0.6233            0.6233          -0.0003     0.0065  |       0.0617      0.1234
 164      0.1962        0.9370  |    0.6153/  0.6339/  0.6422            0.6422           0.1827     0.0046  |       0.0567      0.1234
 165      0.1967        0.9570  |    0.6420/  0.6670/  0.6759            0.6759           0.3975     0.0046  |       0.0556      0.1234
 166      0.1879        0.9561  |    0.6125/  0.6493/  0.6581            0.6581           0.3176     0.0034  |       0.0596      0.1234
 167      0.1794        0.9567  |    0.5919/  0.6101/  0.6173            0.6173          -0.0035     0.0011  |       0.0630      0.1234
 168      0.1766        0.9774  |    0.6111/  0.6301/  0.6382            0.6382           0.0692     0.0040  |       0.0623      0.1234
 169      0.1824        0.9601  |    0.5888/  0.6092/  0.6156            0.6156           0.1025     0.0042  |       0.0623      0.1234
 170      0.1914        0.9549  |    0.6060/  0.6416/  0.6503            0.6503           0.2292     0.0044  |       0.0588      0.1234
 171      0.1993        0.9406  |    0.6200/  0.6433/  0.6552            0.6552           0.3296     0.0072  |       0.0552      0.1234
 172      0.2066        0.9125  |    0.6483/  0.6641/  0.6713            0.6713           0.4114     0.0041  |       0.0504      0.1234
 173      0.2065        0.9538  |    0.6268/  0.6658/  0.6735            0.6735           0.4057     0.0065  |       0.0537      0.1234
 174      0.2003        0.9498  |    0.6353/  0.6521/  0.6592            0.6592           0.2687     0.0067  |       0.0496      0.1234
 175      0.1923        0.9407  |    0.6473/  0.6626/  0.6712            0.6712           0.3441     0.0058  |       0.0550      0.1234
 176      0.1943        0.9590  |    0.6309/  0.6421/  0.6494            0.6494           0.2295     0.0038  |       0.0607      0.1234
 177      0.1841        0.9731  |    0.6371/  0.6483/  0.6540            0.6540           0.1732     0.0022  |       0.0577      0.1234
 178      0.1959        0.9659  |    0.6120/  0.6410/  0.6495            0.6495           0.3445     0.0059  |       0.0590      0.1234
 179      0.1949        0.9456  |    0.6368/  0.6613/  0.6689            0.6689           0.3224     0.0041  |       0.0539      0.1234
 180      0.2129        0.9447  |    0.6481/  0.6691/  0.6764            0.6764           0.3962     0.0110  |       0.0507      0.1234
 181      0.1968        0.9160  |    0.6396/  0.6571/  0.6643            0.6643           0.2533     0.0120  |       0.0510      0.1234
 182      0.1921        0.8743  |    0.5945/  0.6126/  0.6202            0.6202           0.1176     0.0015  |       0.0614      0.1234
 183      0.1940        0.9898  |    0.5922/  0.6179/  0.6255            0.6255           0.1167     0.0048  |       0.0610      0.1234
 184      0.2015        0.9487  |    0.6247/  0.6449/  0.6531            0.6531           0.1987     0.0105  |       0.0566      0.1234
 185      0.1843        0.9214  |    0.5858/  0.6040/  0.6103            0.6103           0.0437     0.0055  |       0.0627      0.1234
 186      0.1909        0.9564  |    0.6252/  0.6473/  0.6550            0.6550           0.2404     0.0054  |       0.0582      0.1234
 187      0.1992        0.9417  |    0.6372/  0.6566/  0.6656            0.6656           0.4239     0.0051  |       0.0530      0.1234
 188      0.1853        0.9477  |    0.6311/  0.6501/  0.6592            0.6592           0.2377     0.0025  |       0.0572      0.1234
 189      0.1875        0.9561  |    0.5745/  0.6026/  0.6087            0.6087           0.0605     0.0078  |       0.0592      0.1234
 190      0.2029        0.8693  |    0.6399/  0.6610/  0.6711            0.6711           0.4333     0.0055  |       0.0523      0.1234
 191      0.2049        0.9642  |    0.6317/  0.6496/  0.6597            0.6597           0.3682     0.0056  |       0.0500      0.1234
 192      0.2026        0.9502  |    0.5975/  0.6392/  0.6494            0.6494           0.3461     0.0076  |       0.0547      0.1234
 193      0.1955        0.9473  |    0.6389/  0.6635/  0.6736            0.6736           0.4122     0.0032  |       0.0541      0.1234
 194      0.1963        0.9502  |    0.6334/  0.6485/  0.6553            0.6553           0.1622     0.0037  |       0.0554      0.1234
 195      0.1898        0.9635  |    0.6205/  0.6366/  0.6433            0.6433           0.1746     0.0015  |       0.0586      0.1234
 196      0.1951        0.9816  |    0.6221/  0.6455/  0.6542            0.6542           0.2589     0.0034  |       0.0581      0.1234
 197      0.1972        0.9733  |    0.6211/  0.6440/  0.6513            0.6513           0.3672     0.0030  |       0.0589      0.1234
 198      0.1911        0.9712  |    0.6452/  0.6632/  0.6724            0.6724           0.2083     0.0038  |       0.0590      0.1234
 199      0.1916        0.9734  |    0.6174/  0.6381/  0.6443            0.6443           0.2025     0.0006  |       0.0620      0.1234
 200      0.1828        0.9843  |    0.6114/  0.6379/  0.6445            0.6445           0.0857     0.0042  |       0.0619      0.1234
 201      0.1870        0.9758  |    0.6166/  0.6376/  0.6449            0.6449           0.2130     0.0086  |       0.0603      0.1234
 202      0.2017        0.9148  |    0.6377/  0.6720/  0.6841            0.6841           0.4185     0.0052  |       0.0523      0.1234
 203      0.1992        0.9619  |    0.6212/  0.6461/  0.6546            0.6546           0.3692     0.0038  |       0.0540      0.1234
 204      0.2063        0.9531  |    0.6510/  0.6701/  0.6778            0.6778           0.4066     0.0094  |       0.0520      0.1234
 205      0.1861        0.8947  |    0.6074/  0.6418/  0.6474            0.6474           0.2469     0.0023  |       0.0603      0.1234
 206      0.1784        0.9781  |    0.6099/  0.6336/  0.6411            0.6411           0.1610     0.0042  |       0.0622      0.1234
 207      0.1809        0.9734  |    0.5775/  0.6050/  0.6114            0.6114           0.0629     0.0084  |       0.0614      0.1234
 208      0.1989        0.9079  |    0.6358/  0.6596/  0.6698            0.6698           0.3847     0.0072  |       0.0546      0.1234
 209      0.2006        0.9114  |    0.6369/  0.6596/  0.6671            0.6671           0.4081     0.0052  |       0.0481      0.1234
 210      0.2122        0.9517  |    0.6276/  0.6585/  0.6659            0.6659           0.3337     0.0083  |       0.0483      0.1234
 211      0.1940        0.9206  |    0.6271/  0.6447/  0.6541            0.6541           0.1666     0.0048  |       0.0554      0.1234
 212      0.1875        0.9430  |    0.6231/  0.6407/  0.6475            0.6475           0.1826     0.0023  |       0.0593      0.1234
 213      0.1891        0.9707  |    0.5836/  0.6248/  0.6312            0.6312           0.0973     0.0067  |       0.0611      0.1234
 214      0.1886        0.9396  |    0.6298/  0.6553/  0.6643            0.6643           0.2822     0.0027  |       0.0554      0.1234
 215      0.1959        0.9619  |    0.6319/  0.6539/  0.6611            0.6611           0.3125     0.0010  |       0.0569      0.1234
 216      0.1949        0.9748  |    0.6401/  0.6601/  0.6671            0.6671           0.4032     0.0041  |       0.0564      0.1234
 217      0.2001        0.9469  |    0.6398/  0.6556/  0.6625            0.6625           0.2711     0.0060  |       0.0555      0.1234
 218      0.1816        0.9472  |    0.5818/  0.6093/  0.6185            0.6185           0.0199     0.0037  |       0.0609      0.1234
 219      0.1626        0.9728  |    0.5521/  0.5767/  0.5852            0.5852          -0.0929     0.0050  |       0.0647      0.1234
 220      0.1808        0.9683  |    0.5967/  0.6191/  0.6276            0.6276           0.0565     0.0055  |       0.0608      0.1234
 221      0.1923        0.9566  |    0.6175/  0.6378/  0.6453            0.6453           0.2743     0.0063  |       0.0596      0.1234
 222      0.1928        0.9392  |    0.6379/  0.6542/  0.6646            0.6646           0.3096     0.0017  |       0.0543      0.1234
 223      0.2097        0.9581  |    0.6377/  0.6645/  0.6714            0.6714           0.3828     0.0097  |       0.0533      0.1234
 224      0.1829        0.8603  |    0.5760/  0.6003/  0.6077            0.6077          -0.0539     0.0029  |       0.0614      0.1234
 225      0.1889        0.9749  |    0.6087/  0.6341/  0.6448            0.6448           0.2412     0.0015  |       0.0601      0.1234
 226      0.1996        0.9789  |    0.6218/  0.6491/  0.6572            0.6572           0.3219     0.0073  |       0.0601      0.1234
 227      0.1997        0.9179  |    0.6389/  0.6558/  0.6629            0.6629           0.2001     0.0040  |       0.0540      0.1234
 228      0.2138        0.9303  |    0.6435/  0.6659/  0.6741            0.6741           0.4203     0.0096  |       0.0499      0.1234
 229      0.1706        0.9162  |    0.6094/  0.6258/  0.6352            0.6352           0.0356     0.0073  |       0.0552      0.1234
 230      0.1770        0.9176  |    0.5651/  0.5879/  0.5969            0.5969          -0.0178     0.0048  |       0.0623      0.1234
 231      0.1645        0.9521  |    0.5256/  0.5557/  0.5629            0.5629          -0.1535     0.0055  |       0.0653      0.1234
 232      0.1916        0.9444  |    0.6098/  0.6288/  0.6383            0.6383           0.1327     0.0067  |       0.0609      0.1234
 233      0.1950        0.9682  |    0.6262/  0.6427/  0.6488            0.6488           0.1978     0.0050  |       0.0585      0.1234
 234      0.2052        0.9564  |    0.6317/  0.6523/  0.6623            0.6623           0.2163     0.0028  |       0.0541      0.1234
 235      0.1909        0.9685  |    0.6404/  0.6570/  0.6647            0.6647           0.2497     0.0025  |       0.0547      0.1234
 236      0.2006        0.9669  |    0.6241/  0.6521/  0.6604            0.6604           0.1878     0.0032  |       0.0532      0.1234
 237      0.1958        0.9618  |    0.6188/  0.6402/  0.6472            0.6472           0.2298     0.0026  |       0.0560      0.1234
 238      0.1885        0.9758  |    0.5946/  0.6321/  0.6421            0.6421           0.1363     0.0059  |       0.0586      0.1234
 239      0.1815        0.9626  |    0.5811/  0.6087/  0.6171            0.6171           0.0776     0.0028  |       0.0606      0.1234
 240      0.1843        0.9676  |    0.5764/  0.6031/  0.6106            0.6106          -0.0647     0.0017  |       0.0632      0.1234
 241      0.1843        0.9794  |    0.5747/  0.5982/  0.6048            0.6048           0.0005     0.0030  |       0.0644      0.1234
 242      0.1896        0.9806  |    0.6089/  0.6222/  0.6326            0.6326           0.1070     0.0008  |       0.0618      0.1234
 243      0.1939        0.9876  |    0.5892/  0.6195/  0.6265            0.6265           0.1511     0.0031  |       0.0611      0.1234
 244      0.1729        0.9575  |    0.5623/  0.5877/  0.5983            0.5983          -0.0897     0.0040  |       0.0639      0.1234
 245      0.1679        0.9625  |    0.5503/  0.5763/  0.5838            0.5838          -0.1172     0.0068  |       0.0639      0.1234
 246      0.2014        0.9405  |    0.6141/  0.6379/  0.6475            0.6475           0.2823     0.0015  |       0.0584      0.1234
 247      0.1955        0.9700  |    0.6287/  0.6594/  0.6687            0.6687           0.3579     0.0023  |       0.0567      0.1234
 248      0.2026        0.9621  |    0.6430/  0.6677/  0.6754            0.6754           0.3886     0.0066  |       0.0544      0.1234
 249      0.2002        0.9549  |    0.6219/  0.6430/  0.6517            0.6517           0.1941     0.0042  |       0.0570      0.1234
 250      0.1781        0.9554  |    0.6057/  0.6259/  0.6335            0.6335           0.0083     0.0057  |       0.0574      0.1234
 251      0.1874        0.9512  |    0.5831/  0.6075/  0.6145            0.6145           0.0817     0.0027  |       0.0586      0.1234
 252      0.1895        0.9697  |    0.6157/  0.6346/  0.6421            0.6421           0.1565     0.0073  |       0.0585      0.1234
 253      0.2118        0.9050  |    0.6279/  0.6469/  0.6549            0.6549           0.2639     0.0067  |       0.0525      0.1234
 254      0.2177        0.9478  |    0.6480/  0.6644/  0.6731            0.6731           0.4448     0.0067  |       0.0473      0.1234
 255      0.2058        0.9369  |    0.6513/  0.6698/  0.6772            0.6772           0.3516     0.0073  |       0.0528      0.1234
 256      0.1895        0.9396  |    0.6009/  0.6236/  0.6317            0.6317           0.1607     0.0031  |       0.0586      0.1234
 257      0.1911        0.9660  |    0.6115/  0.6381/  0.6481            0.6481           0.2000     0.0110  |       0.0602      0.1234
 258      0.1884        0.8929  |    0.5984/  0.6372/  0.6458            0.6458           0.0917     0.0040  |       0.0545      0.1234
 259      0.1753        0.9533  |    0.6047/  0.6223/  0.6289            0.6289          -0.0456     0.0054  |       0.0528      0.1234
 260      0.1969        0.9443  |    0.6359/  0.6499/  0.6585            0.6585           0.2853     0.0051  |       0.0498      0.1234
 261      0.2069        0.9647  |    0.6418/  0.6556/  0.6629            0.6629           0.2133     0.0058  |       0.0532      0.1234
 262      0.1898        0.9226  |    0.6068/  0.6276/  0.6350            0.6350           0.1222     0.0048  |       0.0588      0.1234
 263      0.1815        0.9692  |    0.5984/  0.6199/  0.6272            0.6272           0.1257     0.0020  |       0.0608      0.1234
 264      0.2013        0.9755  |    0.6226/  0.6494/  0.6583            0.6583           0.2899     0.0040  |       0.0600      0.1234
 265      0.1922        0.9755  |    0.6305/  0.6582/  0.6670            0.6670           0.3112     0.0061  |       0.0582      0.1234
 266      0.2063        0.9457  |    0.6351/  0.6634/  0.6722            0.6722           0.3704     0.0046  |       0.0533      0.1234
 267      0.2007        0.9603  |    0.6594/  0.6728/  0.6785            0.6785           0.3377     0.0037  |       0.0553      0.1234
 268      0.1842        0.9463  |    0.5918/  0.6086/  0.6154            0.6154           0.0739     0.0056  |       0.0588      0.1234
 269      0.2009        0.9320  |    0.6101/  0.6647/  0.6742            0.6742           0.3850     0.0041  |       0.0553      0.1234
 270      0.1881        0.9505  |    0.6160/  0.6440/  0.6517            0.6517           0.1491     0.0037  |       0.0585      0.1234
 271      0.1926        0.9487  |    0.6245/  0.6398/  0.6471            0.6471           0.1998     0.0038  |       0.0564      0.1234
 272      0.1979        0.9611  |    0.6294/  0.6558/  0.6643            0.6643           0.1917     0.0020  |       0.0528      0.1234
 273      0.2023        0.9758  |    0.6410/  0.6645/  0.6722            0.6722           0.3654     0.0048  |       0.0522      0.1234
 274      0.1984        0.9556  |    0.6460/  0.6664/  0.6728            0.6728           0.3755     0.0021  |       0.0565      0.1234
 275      0.1967        0.9627  |    0.6202/  0.6495/  0.6565            0.6565           0.2451     0.0023  |       0.0588      0.1234
 276      0.1884        0.9720  |    0.6080/  0.6338/  0.6414            0.6414           0.1510     0.0031  |       0.0592      0.1234
 277      0.1992        0.9741  |    0.6255/  0.6489/  0.6564            0.6564           0.2601     0.0031  |       0.0602      0.1234
 278      0.1926        0.9776  |    0.6243/  0.6519/  0.6608            0.6608           0.2620     0.0063  |       0.0587      0.1234
 279      0.1918        0.9508  |    0.6088/  0.6522/  0.6612            0.6612           0.1871     0.0041  |       0.0548      0.1234
 280      0.2039        0.9245  |    0.6349/  0.6501/  0.6580            0.6580           0.2669     0.0043  |       0.0527      0.1234
 281      0.1997        0.9359  |    0.6213/  0.6569/  0.6634            0.6634           0.2882     0.0102  |       0.0554      0.1234
 282      0.1800        0.9176  |    0.6169/  0.6309/  0.6384            0.6384           0.0847     0.0064  |       0.0625      0.1234
 283      0.1892        0.9365  |    0.6149/  0.6405/  0.6499            0.6499           0.2864     0.0029  |       0.0592      0.1234
 284      0.1813        0.9606  |    0.5979/  0.6241/  0.6309            0.6309           0.1372     0.0023  |       0.0601      0.1234
 285      0.1965        0.9650  |    0.6105/  0.6380/  0.6462            0.6462           0.3284     0.0019  |       0.0582      0.1234
 286      0.1962        0.9754  |    0.6178/  0.6367/  0.6454            0.6454           0.3332     0.0030  |       0.0566      0.1234
 287      0.1936        0.9675  |    0.6042/  0.6311/  0.6400            0.6400           0.2547     0.0003  |       0.0582      0.1234
 288      0.1956        0.9840  |    0.6377/  0.6560/  0.6641            0.6641           0.3250     0.0030  |       0.0582      0.1234
 289      0.1781        0.9296  |    0.5838/  0.6030/  0.6104            0.6104           0.1365     0.0046  |       0.0592      0.1234
 290      0.1937        0.9249  |    0.6069/  0.6598/  0.6708            0.6708           0.4012     0.0035  |       0.0553      0.1234
 291      0.1863        0.9617  |    0.6357/  0.6496/  0.6576            0.6576           0.2152     0.0056  |       0.0570      0.1234
 292      0.1995        0.9564  |    0.6127/  0.6448/  0.6529            0.6529           0.3056     0.0047  |       0.0585      0.1234
 293      0.1925        0.9467  |    0.6175/  0.6354/  0.6423            0.6423           0.1956     0.0049  |       0.0565      0.1234
 294      0.1938        0.9502  |    0.6211/  0.6380/  0.6457            0.6457           0.0762     0.0030  |       0.0560      0.1234
 295      0.1774        0.9643  |    0.6078/  0.6245/  0.6328            0.6328          -0.0830     0.0047  |       0.0543      0.1234
 296      0.1715        0.9673  |    0.5601/  0.5819/  0.5897            0.5897          -0.1625     0.0024  |       0.0583      0.1234
 297      0.1718        0.9718  |    0.6098/  0.6265/  0.6365            0.6365          -0.0308     0.0043  |       0.0572      0.1234
 298      0.1840        0.9586  |    0.5973/  0.6243/  0.6331            0.6331           0.0081     0.0028  |       0.0589      0.1234
 299      0.1931        0.9738  |    0.5857/  0.6063/  0.6131            0.6131           0.0201     0.0037  |       0.0613      0.1234
IMAGEIO FFMPEG_WRITER WARNING: input image is not divisible by macro_block_size=16, resizing from (320, 180) to (320, 192) to ensure video compatibility with most codecs and players. To prevent resizing, make your input image divisible by the macro_block_size or set the macro_block_size to 1 (risking incompatibility).

Saved 300 frames -> /home/ashwink/Documents/swms/SWM_copy/rollouts_5_per/expert+subopt/epoch4/epoch4_rollout3_failure.mp4
min dist(green_cube,blue_moon) over episode = 0.0649  ->  FAILURE
Full log written to /home/ashwink/Documents/swms/SWM_copy/rollouts_5_per/expert+subopt/epoch4/epoch4_rollout3_20260723_123148.log
Result json -> /home/ashwink/Documents/swms/SWM_copy/rollouts_5_per/expert+subopt/epoch4/epoch4_rollout3_result.json
