Checkpoint dir epoch: 10  Rollout: 4
Logging to /home/ashwink/Documents/swms/SWM_copy/rollouts_5_per/expert+subopt/epoch10/epoch10_rollout4_20260723_132222.log
Goal (fixed, steps 0-299): the green cube is touching the blue moon. the peg is touching the green cube.

Checkpoint: /home/ashwink/Documents/swms/SWM_copy/training/checkpoints_clip_full_fine-tuned_with_subopt_data/epoch_010.pt
  epoch=10  step=18546

Loading CLIP ViT-L/14 (datacomp_xl_s13b_b90k) + fine-tuned clip_state_dict ...
Parsing model identifier. Schema: None, Identifier: ViT-L-14
Loaded built-in ViT-L-14 model config.
Instantiating model architecture: CLIP
Loading full pretrained weights from: /home/ashwink/.cache/huggingface/hub/models--laion--CLIP-ViT-L-14-DataComp.XL-s13B-b90K/snapshots/84c9828e63dc9a9351d1fe637c346d4c1c4db341/open_clip_pytorch_model.bin
Final image preprocessing configuration set: {'size': (224, 224), 'mode': 'RGB', 'mean': (0.48145466, 0.4578275, 0.40821073), 'std': (0.26862954, 0.26130258, 0.27577711), 'interpolation': 'bicubic', 'resize_mode': 'shortest', 'fill_color': 0}
Model ViT-L-14 creation process complete.
Parsing tokenizer identifier. Schema: None, Identifier: ViT-L-14
Attempting to load config from built-in: ViT-L-14
Using default SimpleTokenizer.
z_star shape: torch.Size([768])

Loading action stats from /home/ashwink/full_data_5000/langtable/demos/ ...
  lo=[-0.03372681140899658, -0.03493623435497284]  hi=[0.03496786952018738, 0.03494429588317871]

Initializing LangTable env ...
Loading URDF plane.urdf
Loading URDF /home/ashwink/Documents/swms/.venv/lib/python3.10/site-packages/language_table/environments/utils/../../../language_table/environments/assets/workspace_real.urdf
Loading URDF xarm/xarm6_robot_white.urdf
Loading URDF /home/ashwink/Documents/swms/.venv/lib/python3.10/site-packages/language_table/environments/utils/../../../language_table/environments/assets/suction/cylinder_real.urdf
Loading URDF /home/ashwink/Documents/swms/.venv/lib/python3.10/site-packages/language_table/environments/utils/../../../language_table/environments/assets/blocks/red_moon.urdf
Loading URDF /home/ashwink/Documents/swms/.venv/lib/python3.10/site-packages/language_table/environments/utils/../../../language_table/environments/assets/blocks/red_cube.urdf
Loading URDF /home/ashwink/Documents/swms/.venv/lib/python3.10/site-packages/language_table/environments/utils/../../../language_table/environments/assets/blocks/red_star.urdf
Loading URDF /home/ashwink/Documents/swms/.venv/lib/python3.10/site-packages/language_table/environments/utils/../../../language_table/environments/assets/blocks/red_pentagon.urdf
Loading URDF /home/ashwink/Documents/swms/.venv/lib/python3.10/site-packages/language_table/environments/utils/../../../language_table/environments/assets/blocks/blue_moon.urdf
Loading URDF /home/ashwink/Documents/swms/.venv/lib/python3.10/site-packages/language_table/environments/utils/../../../language_table/environments/assets/blocks/blue_cube.urdf
Loading URDF /home/ashwink/Documents/swms/.venv/lib/python3.10/site-packages/language_table/environments/utils/../../../language_table/environments/assets/blocks/blue_star.urdf
Loading URDF /home/ashwink/Documents/swms/.venv/lib/python3.10/site-packages/language_table/environments/utils/../../../language_table/environments/assets/blocks/blue_pentagon.urdf
Loading URDF /home/ashwink/Documents/swms/.venv/lib/python3.10/site-packages/language_table/environments/utils/../../../language_table/environments/assets/blocks/yellow_moon.urdf
Loading URDF /home/ashwink/Documents/swms/.venv/lib/python3.10/site-packages/language_table/environments/utils/../../../language_table/environments/assets/blocks/yellow_cube.urdf
Loading URDF /home/ashwink/Documents/swms/.venv/lib/python3.10/site-packages/language_table/environments/utils/../../../language_table/environments/assets/blocks/yellow_star.urdf
Loading URDF /home/ashwink/Documents/swms/.venv/lib/python3.10/site-packages/language_table/environments/utils/../../../language_table/environments/assets/blocks/yellow_pentagon.urdf
Loading URDF /home/ashwink/Documents/swms/.venv/lib/python3.10/site-packages/language_table/environments/utils/../../../language_table/environments/assets/blocks/green_moon.urdf
Loading URDF /home/ashwink/Documents/swms/.venv/lib/python3.10/site-packages/language_table/environments/utils/../../../language_table/environments/assets/blocks/green_cube.urdf
Loading URDF /home/ashwink/Documents/swms/.venv/lib/python3.10/site-packages/language_table/environments/utils/../../../language_table/environments/assets/blocks/green_star.urdf
Loading URDF /home/ashwink/Documents/swms/.venv/lib/python3.10/site-packages/language_table/environments/utils/../../../language_table/environments/assets/blocks/green_pentagon.urdf
Loading URDF /home/ashwink/Documents/swms/.venv/lib/python3.10/site-packages/language_table/environments/utils/../../../language_table/environments/assets/blocks/purple_moon.urdf
Loading URDF /home/ashwink/Documents/swms/.venv/lib/python3.10/site-packages/language_table/environments/utils/../../../language_table/environments/assets/blocks/purple_cube.urdf
Loading URDF /home/ashwink/Documents/swms/.venv/lib/python3.10/site-packages/language_table/environments/utils/../../../language_table/environments/assets/blocks/purple_star.urdf
Loading URDF /home/ashwink/Documents/swms/.venv/lib/python3.10/site-packages/language_table/environments/utils/../../../language_table/environments/assets/blocks/purple_pentagon.urdf
Env ready.

Forced peg start: [0.42843915 0.24419614]  (green_cube=[0.40339102 0.18967466], blue_moon=[0.32039625 0.00902261])
  dist(peg,green_cube)=0.0600  dist(peg,blue_moon)=0.2588  dist(green_cube,blue_moon)=0.1988

step  cos(zt,z*)  cos(zt,zt-1)  |   cos(predK,z*) min/mean/max  cos(pred_sel,z*)   cos(zpred0,z*)  ||a_raw||  |  dist(peg,A)   dist(A,B)
-------------------------------------------------------------------------------------------------------------------------------------------------------------------------------
   0      0.1598           nan  |    0.5573/  0.5902/  0.6159            0.6159           0.6539     0.0035  |       0.0587      0.1988
   1      0.1604        0.9917  |    0.7134/  0.7270/  0.7341            0.7341           0.6605     0.0113  |       0.0603      0.1988
   2      0.1575        0.9797  |    0.7004/  0.7215/  0.7283            0.7283           0.6442     0.0153  |       0.0514      0.1988
   3      0.1535        0.9844  |    0.7125/  0.7279/  0.7361            0.7361           0.6504     0.0191  |       0.0382      0.1988
   4      0.1843        0.8345  |    0.6692/  0.6940/  0.7010            0.7010           0.6077     0.0125  |       0.0345      0.1864
   5      0.1798        0.7818  |    0.6588/  0.6876/  0.6948            0.6948           0.5519     0.0132  |       0.0345      0.1764
   6      0.1505        0.8139  |    0.6703/  0.6837/  0.6899            0.6899           0.5239     0.0141  |       0.0352      0.1655
   7      0.1396        0.7055  |    0.5339/  0.5503/  0.5588            0.5588           0.2801     0.0113  |       0.0357      0.1548
   8      0.1370        0.7574  |    0.5124/  0.5272/  0.5371            0.5371           0.1815     0.0136  |       0.0354      0.1484
   9      0.1239        0.7351  |    0.6727/  0.6918/  0.7051            0.7051           0.5449     0.0200  |       0.0341      0.1388
  10      0.0827        0.7330  |    0.5199/  0.5413/  0.5574            0.5574           0.3802     0.0107  |       0.0361      0.1274
  11      0.0887        0.9184  |    0.5995/  0.6234/  0.6315            0.6315           0.3653     0.0160  |       0.0373      0.1274
  12      0.1209        0.7848  |    0.6514/  0.6694/  0.6780            0.6780           0.5032     0.0126  |       0.0341      0.1233
  13      0.1515        0.9005  |    0.6637/  0.6789/  0.6856            0.6856           0.5536     0.0046  |       0.0370      0.1233
  14      0.1557        0.9171  |    0.6462/  0.6597/  0.6694            0.6694           0.4989     0.0085  |       0.0386      0.1233
  15      0.1050        0.8388  |    0.6464/  0.6748/  0.6829            0.6829           0.4792     0.0052  |       0.0368      0.1214
  16      0.1343        0.8890  |    0.6401/  0.6756/  0.6855            0.6855           0.4435     0.0076  |       0.0345      0.1226
  17      0.1422        0.7553  |    0.5300/  0.5523/  0.5683            0.5683          -0.0749     0.0091  |       0.0346      0.1262
  18      0.1518        0.8089  |    0.6372/  0.6587/  0.6674            0.6674           0.2854     0.0034  |       0.0341      0.1294
  19      0.1388        0.8888  |    0.6449/  0.6644/  0.6736            0.6736           0.2886     0.0044  |       0.0334      0.1315
  20      0.1374        0.9411  |    0.6432/  0.6675/  0.6793            0.6793           0.3417     0.0089  |       0.0371      0.1314
  21      0.1276        0.9418  |    0.5965/  0.6219/  0.6315            0.6315           0.1568     0.0030  |       0.0432      0.1314
  22      0.1141        0.9719  |    0.6007/  0.6222/  0.6320            0.6320           0.1622     0.0009  |       0.0465      0.1314
  23      0.1194        0.9834  |    0.6059/  0.6244/  0.6324            0.6324           0.2069     0.0009  |       0.0475      0.1314
  24      0.1238        0.9774  |    0.6149/  0.6290/  0.6370            0.6370           0.1738     0.0031  |       0.0481      0.1314
  25      0.1145        0.9776  |    0.5625/  0.5832/  0.5919            0.5919           0.0935     0.0042  |       0.0502      0.1314
  26      0.0951        0.9372  |    0.4839/  0.4996/  0.5092            0.5092          -0.1046     0.0005  |       0.0530      0.1314
  27      0.1002        0.9950  |    0.4811/  0.5006/  0.5102            0.5102          -0.0739     0.0010  |       0.0528      0.1314
  28      0.1013        0.9856  |    0.5330/  0.5485/  0.5571            0.5571          -0.0764     0.0026  |       0.0519      0.1314
  29      0.1154        0.9600  |    0.5973/  0.6147/  0.6229            0.6229           0.1185     0.0049  |       0.0495      0.1314
  30      0.0991        0.9413  |    0.4158/  0.4382/  0.4488            0.4488          -0.0880     0.0041  |       0.0528      0.1314
  31      0.1014        0.9642  |    0.5130/  0.5270/  0.5344            0.5344          -0.0487     0.0014  |       0.0519      0.1314
  32      0.1145        0.9805  |    0.5492/  0.5705/  0.5788            0.5788           0.0597     0.0029  |       0.0507      0.1314
  33      0.1049        0.9709  |    0.4442/  0.4645/  0.4735            0.4735          -0.0727     0.0036  |       0.0518      0.1314
  34      0.1049        0.9855  |    0.4801/  0.4941/  0.5029            0.5029          -0.0424     0.0008  |       0.0503      0.1314
  35      0.1065        0.9942  |    0.4454/  0.4716/  0.4829            0.4829          -0.0838     0.0029  |       0.0507      0.1314
  36      0.1074        0.9762  |    0.4579/  0.4748/  0.4840            0.4840          -0.0757     0.0047  |       0.0510      0.1314
  37      0.0962        0.9656  |    0.3976/  0.4127/  0.4226            0.4226          -0.0966     0.0033  |       0.0527      0.1314
  38      0.0975        0.9703  |    0.3429/  0.3624/  0.3725            0.3725          -0.1467     0.0060  |       0.0548      0.1314
  39      0.1161        0.9567  |    0.4446/  0.4655/  0.4730            0.4730          -0.1280     0.0039  |       0.0593      0.1314
  40      0.1220        0.9131  |    0.3833/  0.4035/  0.4129            0.4129          -0.1497     0.0068  |       0.0621      0.1314
  41      0.1140        0.9268  |    0.2548/  0.2749/  0.2844            0.2844          -0.2352     0.0054  |       0.0643      0.1314
  42      0.1354        0.9631  |    0.3400/  0.3617/  0.3702            0.3702          -0.1448     0.0068  |       0.0638      0.1314
  43      0.1013        0.9334  |    0.0318/  0.0460/  0.0568            0.0568          -0.1889     0.0071  |       0.0670      0.1314
  44      0.0852        0.9187  |    0.0094/  0.0362/  0.0468            0.0468          -0.2795     0.0105  |       0.0718      0.1314
  45      0.0947        0.8769  |    0.0098/  0.0429/  0.0600            0.0600          -0.2679     0.0183  |       0.0759      0.1314
  46      0.0386        0.8111  |   -0.0721/ -0.0377/ -0.0184           -0.0184          -0.2718     0.0253  |       0.0892      0.1314
  47     -0.0239        0.7470  |   -0.0659/ -0.0301/ -0.0145           -0.0145          -0.3156     0.0324  |       0.1129      0.1314
  48     -0.0245        0.6512  |    0.0845/  0.1191/  0.1546            0.1546          -0.2792     0.0344  |       0.1439      0.1314
  49     -0.0700        0.7327  |   -0.2624/ -0.2432/ -0.2300           -0.2300          -0.3450     0.0257  |       0.1778      0.1314
  50      0.0510        0.7379  |   -0.1663/ -0.1484/ -0.1252           -0.1252          -0.3984     0.0295  |       0.2041      0.1314
  51      0.0354        0.8751  |   -0.1182/ -0.1039/ -0.0940           -0.0940          -0.4092     0.0328  |       0.2331      0.1314
  52      0.0125        0.9409  |   -0.3199/ -0.3033/ -0.2864           -0.2864          -0.3992     0.0339  |       0.2646      0.1314
  53     -0.0016        0.9037  |   -0.3787/ -0.3550/ -0.3413           -0.3413          -0.4259     0.0278  |       0.2972      0.1314
  54     -0.0014        0.8848  |    0.0484/  0.0681/  0.0837            0.0837          -0.3832     0.0295  |       0.3202      0.1314
  55     -0.0051        0.8601  |    0.1963/  0.2182/  0.2339            0.2339          -0.3121     0.0358  |       0.3400      0.1314
  56     -0.0289        0.9486  |    0.0902/  0.1187/  0.1365            0.1365          -0.2952     0.0229  |       0.3620      0.1314
  57     -0.0290        1.0000  |    0.1368/  0.1504/  0.1623            0.1623          -0.2950     0.0193  |       0.3767      0.1314
  58     -0.0289        1.0000  |    0.1736/  0.1916/  0.2055            0.2055          -0.2952     0.0212  |       0.3899      0.1314
  59     -0.0290        1.0000  |    0.1840/  0.1990/  0.2088            0.2088          -0.2953     0.0223  |       0.3938      0.1314
  60     -0.0290        1.0000  |    0.1778/  0.1928/  0.2038            0.2038          -0.2953     0.0234  |       0.3981      0.1314
  61     -0.0293        1.0000  |    0.1725/  0.1944/  0.2045            0.2045          -0.2945     0.0241  |       0.4025      0.1314
  62     -0.0289        1.0000  |    0.1769/  0.2010/  0.2120            0.2120          -0.2952     0.0239  |       0.4102      0.1314
  63     -0.0289        1.0000  |    0.1785/  0.1960/  0.2079            0.2079          -0.2952     0.0250  |       0.4172      0.1314
  64     -0.0290        1.0000  |    0.1716/  0.1969/  0.2078            0.2078          -0.2953     0.0236  |       0.4211      0.1314
  65     -0.0290        1.0000  |    0.1769/  0.1951/  0.2083            0.2083          -0.2953     0.0231  |       0.4188      0.1314
  66     -0.0290        1.0000  |    0.1751/  0.1926/  0.2070            0.2070          -0.2953     0.0253  |       0.4163      0.1314
  67     -0.0290        1.0000  |    0.1697/  0.1926/  0.2053            0.2053          -0.2953     0.0245  |       0.4137      0.1314
  68     -0.0290        1.0000  |    0.1627/  0.1864/  0.1990            0.1990          -0.2953     0.0256  |       0.4108      0.1314
  69     -0.0289        1.0000  |    0.1791/  0.1974/  0.2104            0.2104          -0.2952     0.0225  |       0.4069      0.1314
  70     -0.0290        1.0000  |    0.1782/  0.1973/  0.2096            0.2096          -0.2953     0.0233  |       0.4090      0.1314
  71     -0.0290        1.0000  |    0.1768/  0.1981/  0.2104            0.2104          -0.2953     0.0251  |       0.4112      0.1314
  72     -0.0290        1.0000  |    0.1689/  0.1928/  0.2062            0.2062          -0.2953     0.0270  |       0.4111      0.1314
  73     -0.0293        1.0000  |    0.1612/  0.1861/  0.1991            0.1991          -0.2945     0.0240  |       0.4113      0.1314
  74     -0.0290        1.0000  |    0.1669/  0.1916/  0.2029            0.2029          -0.2953     0.0242  |       0.4100      0.1314
  75     -0.0293        1.0000  |    0.1641/  0.1850/  0.2004            0.2004          -0.2945     0.0269  |       0.4080      0.1314
  76     -0.0293        1.0000  |    0.1499/  0.1782/  0.1891            0.1891          -0.2945     0.0248  |       0.4037      0.1314
  77     -0.0293        1.0000  |    0.1686/  0.1872/  0.2002            0.2002          -0.2945     0.0219  |       0.3993      0.1314
  78     -0.0293        1.0000  |    0.1748/  0.2011/  0.2098            0.2098          -0.2945     0.0208  |       0.3983      0.1314
  79     -0.0292        1.0000  |    0.1782/  0.1998/  0.2097            0.2097          -0.2944     0.0251  |       0.3978      0.1314
  80     -0.0293        1.0000  |    0.1674/  0.1957/  0.2090            0.2090          -0.2945     0.0237  |       0.3972      0.1314
  81     -0.0293        1.0000  |    0.1760/  0.1943/  0.2060            0.2060          -0.2945     0.0247  |       0.3978      0.1314
  82     -0.0289        1.0000  |    0.1734/  0.1967/  0.2083            0.2083          -0.2952     0.0228  |       0.3959      0.1314
  83     -0.0290        1.0000  |    0.1792/  0.1959/  0.2068            0.2068          -0.2953     0.0223  |       0.3937      0.1314
  84     -0.0290        1.0000  |    0.1742/  0.1960/  0.2070            0.2070          -0.2953     0.0246  |       0.3929      0.1314
  85     -0.0290        1.0000  |    0.1762/  0.1969/  0.2088            0.2088          -0.2949     0.0228  |       0.3907      0.1314
  86     -0.0290        1.0000  |    0.1771/  0.1942/  0.2047            0.2047          -0.2949     0.0211  |       0.3879      0.1314
  87     -0.0291        1.0000  |    0.1616/  0.1986/  0.2107            0.2107          -0.2949     0.0226  |       0.3864      0.1314
  88     -0.0292        1.0000  |    0.1721/  0.1900/  0.2034            0.2034          -0.2949     0.0241  |       0.3864      0.1314
  89     -0.0293        1.0000  |    0.1761/  0.1917/  0.2048            0.2048          -0.2945     0.0238  |       0.3852      0.1314
  90     -0.0290        1.0000  |    0.1798/  0.1970/  0.2090            0.2090          -0.2949     0.0234  |       0.3831      0.1314
  91     -0.0290        1.0000  |    0.1732/  0.1982/  0.2112            0.2112          -0.2949     0.0257  |       0.3825      0.1314
  92     -0.0289        1.0000  |    0.1711/  0.1957/  0.2049            0.2049          -0.2952     0.0227  |       0.3824      0.1314
  93     -0.0289        1.0000  |    0.1798/  0.1975/  0.2076            0.2076          -0.2952     0.0242  |       0.3808      0.1314
  94     -0.0291        1.0000  |    0.1711/  0.1912/  0.2029            0.2029          -0.2949     0.0228  |       0.3797      0.1314
  95     -0.0292        1.0000  |    0.1592/  0.1750/  0.1851            0.1851          -0.2949     0.0237  |       0.3786      0.1314
  96     -0.0292        1.0000  |    0.1545/  0.1767/  0.1884            0.1884          -0.2949     0.0207  |       0.3751      0.1314
  97     -0.0292        1.0000  |    0.1551/  0.1823/  0.1944            0.1944          -0.2949     0.0237  |       0.3723      0.1314
  98     -0.0292        1.0000  |    0.1544/  0.1731/  0.1870            0.1870          -0.2949     0.0222  |       0.3729      0.1314
  99     -0.0290        1.0000  |    0.1671/  0.1906/  0.2038            0.2038          -0.2949     0.0222  |       0.3734      0.1314
 100     -0.0290        1.0000  |    0.1706/  0.1962/  0.2078            0.2078          -0.2949     0.0235  |       0.3750      0.1314
 101     -0.0289        1.0000  |    0.1708/  0.2036/  0.2138            0.2138          -0.2948     0.0231  |       0.3771      0.1314
 102     -0.0289        1.0000  |    0.1707/  0.1963/  0.2071            0.2071          -0.2946     0.0236  |       0.3766      0.1314
 103     -0.0289        1.0000  |    0.1749/  0.1964/  0.2074            0.2074          -0.2946     0.0228  |       0.3737      0.1314
 104     -0.0289        1.0000  |    0.1774/  0.1957/  0.2083            0.2083          -0.2946     0.0211  |       0.3710      0.1314
 105     -0.0289        1.0000  |    0.1594/  0.1914/  0.2042            0.2042          -0.2946     0.0239  |       0.3713      0.1314
 106     -0.0289        1.0000  |    0.1692/  0.1925/  0.2054            0.2054          -0.2946     0.0216  |       0.3704      0.1314
 107     -0.0289        1.0000  |    0.1815/  0.1974/  0.2067            0.2067          -0.2946     0.0233  |       0.3672      0.1314
 108     -0.0289        1.0000  |    0.1586/  0.1903/  0.2013            0.2013          -0.2946     0.0226  |       0.3627      0.1314
 109     -0.0291        1.0000  |    0.1690/  0.1908/  0.2025            0.2025          -0.2945     0.0242  |       0.3574      0.1314
 110     -0.0160        0.9513  |    0.1067/  0.1315/  0.1435            0.1435          -0.3016     0.0207  |       0.3502      0.1314
 111     -0.0081        0.9703  |    0.1242/  0.1509/  0.1677            0.1677          -0.2729     0.0191  |       0.3451      0.1314
 112     -0.0130        0.9787  |    0.1206/  0.1435/  0.1522            0.1522          -0.3062     0.0177  |       0.3489      0.1314
 113     -0.0078        0.9723  |    0.1529/  0.1750/  0.1884            0.1884          -0.2925     0.0185  |       0.3513      0.1314
 114     -0.0291        0.9673  |    0.1633/  0.1847/  0.1972            0.1972          -0.2945     0.0207  |       0.3553      0.1314
 115     -0.0291        1.0000  |    0.1705/  0.1957/  0.2093            0.2093          -0.2945     0.0242  |       0.3565      0.1314
 116     -0.0291        1.0000  |    0.1817/  0.1999/  0.2111            0.2111          -0.2945     0.0256  |       0.3566      0.1314
 117     -0.0291        1.0000  |    0.1615/  0.1884/  0.2027            0.2027          -0.2945     0.0254  |       0.3562      0.1314
 118     -0.0291        1.0000  |    0.1662/  0.1962/  0.2081            0.2081          -0.2945     0.0220  |       0.3579      0.1314
 119     -0.0291        1.0000  |    0.1792/  0.2009/  0.2117            0.2117          -0.2945     0.0221  |       0.3556      0.1314
 120     -0.0291        1.0000  |    0.1771/  0.2000/  0.2106            0.2106          -0.2945     0.0216  |       0.3569      0.1314
 121     -0.0291        1.0000  |    0.1717/  0.2012/  0.2132            0.2132          -0.2945     0.0238  |       0.3572      0.1314
 122     -0.0291        1.0000  |    0.1729/  0.1967/  0.2072            0.2072          -0.2945     0.0260  |       0.3548      0.1314
 123     -0.0210        0.9786  |    0.1293/  0.1483/  0.1603            0.1603          -0.2920     0.0222  |       0.3533      0.1314
 124     -0.0132        0.9696  |    0.1393/  0.1601/  0.1716            0.1716          -0.3034     0.0223  |       0.3493      0.1314
 125      0.0169        0.9433  |    0.0340/  0.0515/  0.0669            0.0669          -0.2724     0.0215  |       0.3433      0.1314
 126     -0.0076        0.9655  |    0.1539/  0.1995/  0.2122            0.2122          -0.2694     0.0204  |       0.3461      0.1314
 127     -0.0254        0.9369  |    0.0707/  0.0966/  0.1087            0.1087          -0.2880     0.0243  |       0.3523      0.1314
 128     -0.0291        0.9830  |    0.1728/  0.1986/  0.2107            0.2107          -0.2945     0.0199  |       0.3547      0.1314
 129     -0.0291        1.0000  |    0.1748/  0.1960/  0.2093            0.2093          -0.2944     0.0236  |       0.3544      0.1314
 130     -0.0236        0.9805  |    0.0885/  0.1025/  0.1119            0.1119          -0.2864     0.0247  |       0.3529      0.1314
 131     -0.0304        0.9816  |    0.1530/  0.1796/  0.1905            0.1905          -0.2910     0.0219  |       0.3540      0.1314
 132     -0.0254        0.9842  |    0.0901/  0.1054/  0.1184            0.1184          -0.2880     0.0220  |       0.3523      0.1314
 133     -0.0128        0.9425  |    0.1256/  0.1566/  0.1665            0.1665          -0.2750     0.0179  |       0.3472      0.1314
 134     -0.0073        0.9874  |    0.0994/  0.1361/  0.1481            0.1481          -0.2732     0.0187  |       0.3458      0.1314
 135     -0.0233        0.9295  |    0.1288/  0.1585/  0.1711            0.1711          -0.2896     0.0255  |       0.3534      0.1314
 136     -0.0291        0.9803  |    0.1542/  0.1783/  0.1908            0.1908          -0.2944     0.0279  |       0.3636      0.1314
 137     -0.0290        1.0000  |    0.1802/  0.2049/  0.2169            0.2168          -0.2945     0.0214  |       0.3712      0.1314
 138     -0.0291        1.0000  |    0.1819/  0.1957/  0.2047            0.2047          -0.2944     0.0259  |       0.3748      0.1314
 139     -0.0291        1.0000  |    0.1626/  0.1969/  0.2084            0.2084          -0.2944     0.0243  |       0.3758      0.1314
 140     -0.0291        1.0000  |    0.1777/  0.2003/  0.2107            0.2107          -0.2944     0.0215  |       0.3734      0.1314
 141     -0.0291        1.0000  |    0.1680/  0.1947/  0.2084            0.2084          -0.2944     0.0228  |       0.3727      0.1314
 142     -0.0291        1.0000  |    0.1675/  0.1896/  0.2043            0.2043          -0.2944     0.0214  |       0.3701      0.1314
 143     -0.0291        1.0000  |    0.1789/  0.1961/  0.2084            0.2084          -0.2944     0.0229  |       0.3672      0.1314
 144     -0.0289        1.0000  |    0.1786/  0.1929/  0.2070            0.2070          -0.2945     0.0252  |       0.3643      0.1314
 145     -0.0291        1.0000  |    0.1631/  0.1917/  0.2050            0.2050          -0.2944     0.0232  |       0.3634      0.1314
 146     -0.0291        1.0000  |    0.1736/  0.1929/  0.2046            0.2046          -0.2944     0.0217  |       0.3622      0.1314
 147     -0.0291        1.0000  |    0.1695/  0.1947/  0.2069            0.2069          -0.2944     0.0218  |       0.3595      0.1314
 148     -0.0291        1.0000  |    0.1628/  0.1853/  0.1959            0.1959          -0.2944     0.0244  |       0.3588      0.1314
 149     -0.0305        0.9996  |    0.1547/  0.1800/  0.1927            0.1927          -0.2909     0.0217  |       0.3541      0.1314
 150     -0.0088        0.9672  |    0.1997/  0.2220/  0.2339            0.2339          -0.2955     0.0177  |       0.3516      0.1314
 151     -0.0095        0.9620  |    0.1410/  0.1580/  0.1659            0.1659          -0.2857     0.0180  |       0.3466      0.1314
 152      0.0154        0.9611  |    0.0749/  0.1055/  0.1197            0.1197          -0.2612     0.0176  |       0.3420      0.1314
 153     -0.0090        0.9412  |    0.1145/  0.1470/  0.1586            0.1586          -0.3062     0.0207  |       0.3486      0.1314
 154     -0.0236        0.9652  |    0.0735/  0.1030/  0.1154            0.1154          -0.2864     0.0188  |       0.3529      0.1314
 155     -0.0234        0.9990  |    0.1160/  0.1357/  0.1458            0.1458          -0.2909     0.0220  |       0.3533      0.1314
 156     -0.0255        0.9979  |    0.0745/  0.1024/  0.1157            0.1157          -0.2878     0.0208  |       0.3527      0.1314
 157     -0.0150        0.9796  |    0.1213/  0.1547/  0.1665            0.1665          -0.3032     0.0189  |       0.3501      0.1314
 158     -0.0124        0.9905  |    0.1249/  0.1581/  0.1684            0.1684          -0.3043     0.0207  |       0.3492      0.1314
 159     -0.0082        0.9889  |    0.1797/  0.2008/  0.2118            0.2118          -0.2807     0.0197  |       0.3467      0.1314
 160     -0.0119        0.9957  |    0.1775/  0.1972/  0.2080            0.2080          -0.2880     0.0203  |       0.3479      0.1314
 161     -0.0149        0.9952  |    0.1312/  0.1481/  0.1568            0.1568          -0.3027     0.0197  |       0.3488      0.1314
 162     -0.0131        0.9899  |    0.1669/  0.1956/  0.2067            0.2067          -0.2986     0.0172  |       0.3498      0.1314
 163     -0.0145        0.9908  |    0.1547/  0.1730/  0.1838            0.1838          -0.3022     0.0199  |       0.3487      0.1314
 164     -0.0077        0.9847  |    0.1745/  0.1917/  0.2021            0.2021          -0.2707     0.0176  |       0.3461      0.1314
 165     -0.0135        0.9954  |    0.1022/  0.1382/  0.1474            0.1474          -0.2835     0.0147  |       0.3470      0.1314
 166     -0.0203        0.9824  |    0.0913/  0.1161/  0.1285            0.1285          -0.3005     0.0173  |       0.3506      0.1314
 167     -0.0246        0.9790  |    0.0971/  0.1141/  0.1259            0.1259          -0.2880     0.0202  |       0.3524      0.1314
 168     -0.0102        0.9917  |    0.1854/  0.2112/  0.2227            0.2227          -0.2887     0.0211  |       0.3510      0.1314
 169     -0.0090        0.9562  |    0.1657/  0.1967/  0.2081            0.2081          -0.2701     0.0165  |       0.3462      0.1314
 170     -0.0070        0.9917  |    0.0680/  0.0907/  0.1004            0.1004          -0.2846     0.0198  |       0.3449      0.1314
 171     -0.0150        0.9687  |    0.1262/  0.1450/  0.1579            0.1579          -0.3040     0.0192  |       0.3501      0.1314
 172     -0.0085        0.9895  |    0.1793/  0.2150/  0.2305            0.2305          -0.2955     0.0188  |       0.3516      0.1314
 173     -0.0104        0.9978  |    0.1794/  0.2098/  0.2217            0.2217          -0.2891     0.0198  |       0.3511      0.1314
 174     -0.0125        0.9777  |    0.1482/  0.1682/  0.1761            0.1761          -0.3067     0.0209  |       0.3492      0.1314
 175     -0.0095        0.9891  |    0.1310/  0.1679/  0.1789            0.1789          -0.2854     0.0187  |       0.3466      0.1314
 176     -0.0081        0.9959  |    0.1905/  0.2082/  0.2173            0.2173          -0.2636     0.0198  |       0.3462      0.1314
 177     -0.0117        0.9906  |    0.1765/  0.1937/  0.2049            0.2049          -0.2855     0.0202  |       0.3479      0.1314
 178     -0.0125        0.9935  |    0.1188/  0.1424/  0.1530            0.1530          -0.3049     0.0196  |       0.3489      0.1314
 179     -0.0165        0.9937  |    0.0831/  0.1195/  0.1294            0.1294          -0.2946     0.0167  |       0.3482      0.1314
 180     -0.0156        0.9948  |    0.1538/  0.1759/  0.1853            0.1853          -0.2982     0.0197  |       0.3497      0.1314
 181     -0.0153        0.9870  |    0.1898/  0.2100/  0.2196            0.2196          -0.2920     0.0211  |       0.3521      0.1314
 182     -0.0139        0.9912  |    0.1432/  0.1667/  0.1762            0.1762          -0.3003     0.0193  |       0.3500      0.1314
 183     -0.0141        0.9918  |    0.1173/  0.1443/  0.1549            0.1549          -0.3010     0.0202  |       0.3486      0.1314
 184     -0.0074        0.9815  |    0.0856/  0.1224/  0.1341            0.1341          -0.2745     0.0189  |       0.3458      0.1314
 185     -0.0201        0.9734  |    0.0694/  0.1087/  0.1198            0.1198          -0.3004     0.0198  |       0.3505      0.1314
 186     -0.0290        0.9477  |    0.1716/  0.2003/  0.2116            0.2116          -0.2944     0.0250  |       0.3553      0.1314
 187     -0.0291        1.0000  |    0.1717/  0.1975/  0.2104            0.2104          -0.2944     0.0257  |       0.3586      0.1314
 188     -0.0290        1.0000  |    0.1671/  0.1875/  0.2000            0.2000          -0.2944     0.0278  |       0.3628      0.1314
 189     -0.0290        1.0000  |    0.1689/  0.1971/  0.2113            0.2113          -0.2944     0.0214  |       0.3627      0.1314
 190     -0.0290        1.0000  |    0.1709/  0.1969/  0.2086            0.2086          -0.2944     0.0248  |       0.3625      0.1314
 191     -0.0290        1.0000  |    0.1596/  0.1952/  0.2069            0.2069          -0.2944     0.0219  |       0.3619      0.1314
 192     -0.0290        1.0000  |    0.1851/  0.2013/  0.2117            0.2117          -0.2944     0.0228  |       0.3616      0.1314
 193     -0.0291        1.0000  |    0.1825/  0.2008/  0.2119            0.2119          -0.2943     0.0252  |       0.3612      0.1314
 194     -0.0291        1.0000  |    0.1809/  0.1962/  0.2102            0.2102          -0.2943     0.0232  |       0.3604      0.1314
 195     -0.0291        1.0000  |    0.1744/  0.1930/  0.2074            0.2074          -0.2943     0.0254  |       0.3592      0.1314
 196     -0.0291        1.0000  |    0.1829/  0.2002/  0.2097            0.2097          -0.2943     0.0232  |       0.3605      0.1314
 197     -0.0291        1.0000  |    0.1723/  0.1910/  0.2026            0.2026          -0.2943     0.0223  |       0.3613      0.1314
 198     -0.0291        1.0000  |    0.1730/  0.1924/  0.2064            0.2064          -0.2943     0.0217  |       0.3563      0.1314
 199     -0.0238        0.9820  |    0.0914/  0.1133/  0.1259            0.1259          -0.2876     0.0206  |       0.3527      0.1314
 200     -0.0121        0.9593  |    0.1055/  0.1333/  0.1432            0.1432          -0.2997     0.0236  |       0.3489      0.1314
 201     -0.0075        0.9874  |    0.0975/  0.1264/  0.1496            0.1496          -0.2748     0.0246  |       0.3458      0.1314
 202      0.0085        0.9373  |   -0.1450/ -0.1202/ -0.1086           -0.1086          -0.3171     0.0237  |       0.3381      0.1314
 203      0.0011        0.9251  |   -0.1677/ -0.1402/ -0.1302           -0.1302          -0.3021     0.0244  |       0.3304      0.1314
 204     -0.0204        0.9280  |   -0.2714/ -0.2522/ -0.2389           -0.2389          -0.3509     0.0265  |       0.3199      0.1314
 205     -0.0115        0.8983  |   -0.2272/ -0.2105/ -0.2022           -0.2022          -0.4143     0.0317  |       0.3011      0.1314
 206     -0.0157        0.8566  |   -0.2068/ -0.1896/ -0.1806           -0.1806          -0.3607     0.0294  |       0.2771      0.1314
 207      0.0135        0.7841  |   -0.1457/ -0.1275/ -0.1165           -0.1165          -0.3754     0.0297  |       0.2533      0.1314
 208      0.0075        0.6604  |   -0.2366/ -0.2014/ -0.1790           -0.1790          -0.3766     0.0193  |       0.2307      0.1314
 209     -0.0383        0.8427  |   -0.3628/ -0.3420/ -0.3249           -0.3249          -0.3619     0.0052  |       0.2193      0.1314
 210     -0.0334        0.9194  |   -0.4045/ -0.3680/ -0.3567           -0.3567          -0.4121     0.0098  |       0.2144      0.1314
 211      0.0020        0.8957  |   -0.3157/ -0.2833/ -0.2706           -0.2706          -0.4085     0.0062  |       0.2227      0.1314
 212     -0.0088        0.9471  |   -0.3551/ -0.3292/ -0.3152           -0.3152          -0.3268     0.0118  |       0.2266      0.1314
 213     -0.0028        0.9022  |   -0.2885/ -0.2599/ -0.2416           -0.2416          -0.3062     0.0130  |       0.2332      0.1314
 214     -0.0092        0.8914  |   -0.3033/ -0.2683/ -0.2538           -0.2538          -0.3136     0.0054  |       0.2338      0.1314
 215      0.0012        0.8916  |   -0.2878/ -0.2693/ -0.2559           -0.2559          -0.4546     0.0248  |       0.2387      0.1314
 216     -0.0009        0.8821  |   -0.1665/ -0.1301/ -0.1073           -0.1073          -0.3749     0.0166  |       0.2359      0.1314
 217     -0.0176        0.8932  |   -0.3724/ -0.3516/ -0.3373           -0.3373          -0.3841     0.0202  |       0.2259      0.1314
 218      0.0014        0.9137  |   -0.2317/ -0.2168/ -0.2038           -0.2038          -0.4223     0.0350  |       0.2129      0.1314
 219      0.0246        0.5799  |   -0.1907/ -0.1691/ -0.1550           -0.1550          -0.3981     0.0366  |       0.1948      0.1314
 220     -0.0399        0.5343  |   -0.2564/ -0.2189/ -0.1791           -0.1791          -0.4384     0.0447  |       0.1715      0.1314
 221     -0.1152        0.4084  |   -0.1862/ -0.1648/ -0.1457           -0.1457          -0.3688     0.0343  |       0.1368      0.1314
 222     -0.0838        0.4488  |   -0.1505/ -0.1246/ -0.1053           -0.1053          -0.3628     0.0340  |       0.1042      0.1314
 223     -0.1023        0.5705  |   -0.1473/ -0.1106/ -0.0919           -0.0919          -0.3949     0.0361  |       0.0755      0.1306
 224     -0.0005        0.3308  |   -0.1372/ -0.0908/ -0.0775           -0.0775          -0.1546     0.0377  |       0.0702      0.1305
 225      0.0325        0.5213  |   -0.0798/ -0.0532/ -0.0396           -0.0396          -0.2659     0.0250  |       0.0862      0.1305
 226      0.0207        0.6797  |    0.2140/  0.2555/  0.2833            0.2833          -0.2774     0.0264  |       0.1051      0.1305
 227     -0.0335        0.6489  |   -0.0569/ -0.0019/  0.0204            0.0204          -0.2196     0.0315  |       0.1273      0.1305
 228     -0.0212        0.7093  |   -0.1150/ -0.0914/ -0.0743           -0.0743          -0.2577     0.0207  |       0.1529      0.1305
 229     -0.0570        0.7737  |    0.1746/  0.2103/  0.2310            0.2310          -0.2634     0.0188  |       0.1683      0.1305
 230     -0.0460        0.7899  |    0.2138/  0.2366/  0.2505            0.2505          -0.2609     0.0238  |       0.1866      0.1305
 231     -0.0682        0.8164  |    0.0337/  0.0544/  0.0689            0.0689          -0.2923     0.0229  |       0.2099      0.1305
 232     -0.0402        0.7844  |    0.1503/  0.1724/  0.1882            0.1882          -0.2680     0.0237  |       0.2326      0.1305
 233     -0.0750        0.5599  |    0.0186/  0.0316/  0.0381            0.0381          -0.3258     0.0304  |       0.2552      0.1305
 234     -0.0603        0.6410  |    0.0674/  0.0805/  0.0874            0.0874          -0.3774     0.0339  |       0.2832      0.1305
 235     -0.0160        0.4709  |    0.2855/  0.3010/  0.3147            0.3147          -0.3021     0.0423  |       0.3151      0.1305
 236     -0.0312        0.7523  |    0.1917/  0.2121/  0.2261            0.2261          -0.2366     0.0383  |       0.3514      0.1305
 237     -0.0312        1.0000  |    0.0894/  0.1160/  0.1382            0.1382          -0.2366     0.0397  |       0.3881      0.1305
 238     -0.0312        1.0000  |    0.1170/  0.1452/  0.1605            0.1605          -0.2366     0.0317  |       0.4054      0.1305
 239     -0.0312        1.0000  |    0.1259/  0.1946/  0.2173            0.2173          -0.2366     0.0358  |       0.4104      0.1305
 240     -0.0312        1.0000  |    0.1920/  0.2227/  0.2394            0.2394          -0.2367     0.0314  |       0.4143      0.1305
 241     -0.0312        1.0000  |    0.1905/  0.2211/  0.2384            0.2384          -0.2369     0.0361  |       0.4177      0.1305
 242     -0.0310        1.0000  |    0.2017/  0.2309/  0.2498            0.2498          -0.2366     0.0366  |       0.4224      0.1305
 243     -0.0310        1.0000  |    0.1977/  0.2227/  0.2385            0.2385          -0.2366     0.0391  |       0.4283      0.1305
 244     -0.0310        1.0000  |    0.1214/  0.1419/  0.1585            0.1585          -0.2367     0.0347  |       0.4349      0.1305
 245     -0.0312        1.0000  |    0.0165/  0.0342/  0.0488            0.0488          -0.2367     0.0308  |       0.4377      0.1304
 246     -0.0312        1.0000  |    0.0652/  0.0959/  0.1134            0.1134          -0.2367     0.0224  |       0.4384      0.1304
 247     -0.0312        1.0000  |    0.1060/  0.1459/  0.1666            0.1666          -0.2367     0.0208  |       0.4385      0.1304
 248     -0.0311        1.0000  |    0.1574/  0.1831/  0.2035            0.2035          -0.2367     0.0280  |       0.4385      0.1304
 249     -0.0312        1.0000  |    0.1388/  0.1648/  0.1837            0.1837          -0.2367     0.0313  |       0.4384      0.1304
 250     -0.0311        1.0000  |    0.1224/  0.1439/  0.1659            0.1659          -0.2367     0.0338  |       0.4384      0.1304
 251     -0.0311        1.0000  |    0.1118/  0.1399/  0.1587            0.1587          -0.2367     0.0271  |       0.4384      0.1304
 252     -0.0300        0.9981  |    0.0607/  0.0873/  0.1092            0.1092          -0.2408     0.0322  |       0.4385      0.1304
 253     -0.0311        0.9981  |    0.0791/  0.1059/  0.1265            0.1265          -0.2366     0.0270  |       0.4385      0.1304
 254     -0.0313        1.0000  |    0.0873/  0.1244/  0.1554            0.1554          -0.2368     0.0276  |       0.4386      0.1304
 255     -0.0313        1.0000  |    0.1673/  0.1943/  0.2164            0.2164          -0.2368     0.0293  |       0.4385      0.1304
 256     -0.0312        1.0000  |    0.1555/  0.1816/  0.2016            0.2016          -0.2369     0.0323  |       0.4384      0.1304
 257     -0.0312        1.0000  |    0.1328/  0.1674/  0.1971            0.1971          -0.2369     0.0386  |       0.4384      0.1304
 258     -0.0310        1.0000  |    0.0356/  0.0665/  0.0939            0.0939          -0.2370     0.0325  |       0.4385      0.1304
 259     -0.0311        1.0000  |    0.1309/  0.1566/  0.1789            0.1789          -0.2367     0.0241  |       0.4385      0.1304
 260     -0.0311        1.0000  |    0.1237/  0.1505/  0.1713            0.1713          -0.2367     0.0328  |       0.4386      0.1304
 261     -0.0309        1.0000  |    0.0954/  0.1196/  0.1393            0.1393          -0.2368     0.0344  |       0.4386      0.1304
 262     -0.0310        1.0000  |    0.0468/  0.0949/  0.1169            0.1169          -0.2369     0.0260  |       0.4386      0.1304
 263     -0.0310        1.0000  |    0.1234/  0.1566/  0.1781            0.1781          -0.2370     0.0266  |       0.4386      0.1304
 264     -0.0310        1.0000  |    0.1378/  0.1601/  0.1764            0.1764          -0.2367     0.0262  |       0.4386      0.1304
 265     -0.0309        1.0000  |    0.1069/  0.1437/  0.1679            0.1679          -0.2369     0.0279  |       0.4385      0.1304
 266     -0.0309        1.0000  |    0.1321/  0.1674/  0.1876            0.1876          -0.2369     0.0293  |       0.4385      0.1304
 267     -0.0310        1.0000  |    0.1252/  0.1498/  0.1717            0.1717          -0.2368     0.0323  |       0.4385      0.1304
 268     -0.0310        1.0000  |    0.0996/  0.1250/  0.1414            0.1414          -0.2368     0.0312  |       0.4384      0.1304
 269     -0.0310        1.0000  |    0.0819/  0.1143/  0.1329            0.1329          -0.2369     0.0269  |       0.4384      0.1304
 270     -0.0310        1.0000  |    0.0907/  0.1179/  0.1383            0.1383          -0.2369     0.0236  |       0.4384      0.1304
 271     -0.0310        1.0000  |    0.1223/  0.1532/  0.1808            0.1808          -0.2369     0.0312  |       0.4384      0.1304
 272     -0.0310        1.0000  |    0.0640/  0.1102/  0.1370            0.1370          -0.2369     0.0305  |       0.4385      0.1304
 273     -0.0300        0.9981  |    0.0556/  0.0824/  0.0991            0.0991          -0.2410     0.0301  |       0.4385      0.1304
 274     -0.0310        0.9981  |    0.1212/  0.1565/  0.1770            0.1770          -0.2369     0.0272  |       0.4386      0.1304
 275     -0.0311        1.0000  |    0.1015/  0.1494/  0.1700            0.1700          -0.2368     0.0324  |       0.4386      0.1304
 276     -0.0310        1.0000  |    0.0860/  0.1099/  0.1277            0.1277          -0.2368     0.0277  |       0.4386      0.1304
 277     -0.0310        1.0000  |    0.1198/  0.1456/  0.1638            0.1638          -0.2368     0.0239  |       0.4386      0.1304
 278     -0.0309        1.0000  |    0.1187/  0.1481/  0.1707            0.1707          -0.2370     0.0296  |       0.4386      0.1304
 279     -0.0309        1.0000  |    0.1361/  0.1617/  0.1813            0.1813          -0.2369     0.0322  |       0.4386      0.1304
 280     -0.0309        1.0000  |    0.1334/  0.1602/  0.1781            0.1781          -0.2368     0.0320  |       0.4386      0.1304
 281     -0.0310        1.0000  |    0.0817/  0.1140/  0.1363            0.1363          -0.2368     0.0356  |       0.4386      0.1304
 282     -0.0298        0.9981  |    0.0224/  0.0470/  0.0646            0.0646          -0.2409     0.0248  |       0.4385      0.1304
 283     -0.0309        0.9980  |    0.1001/  0.1488/  0.1694            0.1694          -0.2368     0.0259  |       0.4385      0.1304
 284     -0.0309        1.0000  |    0.1527/  0.1835/  0.2087            0.2087          -0.2368     0.0341  |       0.4385      0.1304
 285     -0.0308        1.0000  |    0.1645/  0.2084/  0.2262            0.2262          -0.2370     0.0312  |       0.4384      0.1304
 286     -0.0308        1.0000  |    0.1504/  0.1752/  0.1955            0.1955          -0.2370     0.0321  |       0.4384      0.1304
 287     -0.0309        1.0000  |    0.1312/  0.1774/  0.2028            0.2028          -0.2368     0.0311  |       0.4384      0.1304
 288     -0.0309        1.0000  |    0.1462/  0.1676/  0.1881            0.1881          -0.2367     0.0321  |       0.4385      0.1304
 289     -0.0309        1.0000  |    0.1948/  0.2280/  0.2464            0.2464          -0.2367     0.0382  |       0.4385      0.1304
 290     -0.0309        1.0000  |    0.1882/  0.2186/  0.2430            0.2430          -0.2368     0.0343  |       0.4386      0.1304
 291     -0.0309        1.0000  |    0.1827/  0.2090/  0.2268            0.2268          -0.2368     0.0343  |       0.4386      0.1304
 292     -0.0309        1.0000  |    0.1468/  0.1955/  0.2234            0.2234          -0.2369     0.0379  |       0.4386      0.1304
 293     -0.0309        1.0000  |    0.1813/  0.2138/  0.2271            0.2271          -0.2369     0.0388  |       0.4386      0.1304
 294     -0.0309        1.0000  |    0.1492/  0.1706/  0.1887            0.1887          -0.2369     0.0361  |       0.4387      0.1304
 295     -0.0309        1.0000  |    0.1438/  0.1726/  0.1977            0.1977          -0.2369     0.0366  |       0.4387      0.1304
 296     -0.0309        1.0000  |    0.1846/  0.2208/  0.2434            0.2434          -0.2371     0.0381  |       0.4386      0.1304
 297     -0.0308        1.0000  |    0.1773/  0.2089/  0.2264            0.2264          -0.2371     0.0392  |       0.4386      0.1304
 298     -0.0310        1.0000  |    0.1843/  0.2225/  0.2397            0.2397          -0.2370     0.0362  |       0.4386      0.1304
 299     -0.0309        1.0000  |    0.2018/  0.2363/  0.2532            0.2532          -0.2369     0.0363  |       0.4386      0.1304
IMAGEIO FFMPEG_WRITER WARNING: input image is not divisible by macro_block_size=16, resizing from (320, 180) to (320, 192) to ensure video compatibility with most codecs and players. To prevent resizing, make your input image divisible by the macro_block_size or set the macro_block_size to 1 (risking incompatibility).

Saved 300 frames -> /home/ashwink/Documents/swms/SWM_copy/rollouts_5_per/expert+subopt/epoch10/epoch10_rollout4_failure.mp4
min dist(green_cube,blue_moon) over episode = 0.1214  ->  FAILURE
Full log written to /home/ashwink/Documents/swms/SWM_copy/rollouts_5_per/expert+subopt/epoch10/epoch10_rollout4_20260723_132222.log
Result json -> /home/ashwink/Documents/swms/SWM_copy/rollouts_5_per/expert+subopt/epoch10/epoch10_rollout4_result.json
