Checkpoint dir epoch: 10  Rollout: 2
Logging to /home/ashwink/Documents/swms/SWM_copy/rollouts_5_per/expert+subopt/epoch10/epoch10_rollout2_20260723_131904.log
Goal (fixed, steps 0-299): the green cube is touching the blue moon. the peg is touching the green cube.

Checkpoint: /home/ashwink/Documents/swms/SWM_copy/training/checkpoints_clip_full_fine-tuned_with_subopt_data/epoch_010.pt
  epoch=10  step=18546

Loading CLIP ViT-L/14 (datacomp_xl_s13b_b90k) + fine-tuned clip_state_dict ...
Parsing model identifier. Schema: None, Identifier: ViT-L-14
Loaded built-in ViT-L-14 model config.
Instantiating model architecture: CLIP
Loading full pretrained weights from: /home/ashwink/.cache/huggingface/hub/models--laion--CLIP-ViT-L-14-DataComp.XL-s13B-b90K/snapshots/84c9828e63dc9a9351d1fe637c346d4c1c4db341/open_clip_pytorch_model.bin
Final image preprocessing configuration set: {'size': (224, 224), 'mode': 'RGB', 'mean': (0.48145466, 0.4578275, 0.40821073), 'std': (0.26862954, 0.26130258, 0.27577711), 'interpolation': 'bicubic', 'resize_mode': 'shortest', 'fill_color': 0}
Model ViT-L-14 creation process complete.
Parsing tokenizer identifier. Schema: None, Identifier: ViT-L-14
Attempting to load config from built-in: ViT-L-14
Using default SimpleTokenizer.
z_star shape: torch.Size([768])

Loading action stats from /home/ashwink/full_data_5000/langtable/demos/ ...
  lo=[-0.03372681140899658, -0.03493623435497284]  hi=[0.03496786952018738, 0.03494429588317871]

Initializing LangTable env ...
Loading URDF plane.urdf
Loading URDF /home/ashwink/Documents/swms/.venv/lib/python3.10/site-packages/language_table/environments/utils/../../../language_table/environments/assets/workspace_real.urdf
Loading URDF xarm/xarm6_robot_white.urdf
Loading URDF /home/ashwink/Documents/swms/.venv/lib/python3.10/site-packages/language_table/environments/utils/../../../language_table/environments/assets/suction/cylinder_real.urdf
Loading URDF /home/ashwink/Documents/swms/.venv/lib/python3.10/site-packages/language_table/environments/utils/../../../language_table/environments/assets/blocks/red_moon.urdf
Loading URDF /home/ashwink/Documents/swms/.venv/lib/python3.10/site-packages/language_table/environments/utils/../../../language_table/environments/assets/blocks/red_cube.urdf
Loading URDF /home/ashwink/Documents/swms/.venv/lib/python3.10/site-packages/language_table/environments/utils/../../../language_table/environments/assets/blocks/red_star.urdf
Loading URDF /home/ashwink/Documents/swms/.venv/lib/python3.10/site-packages/language_table/environments/utils/../../../language_table/environments/assets/blocks/red_pentagon.urdf
Loading URDF /home/ashwink/Documents/swms/.venv/lib/python3.10/site-packages/language_table/environments/utils/../../../language_table/environments/assets/blocks/blue_moon.urdf
Loading URDF /home/ashwink/Documents/swms/.venv/lib/python3.10/site-packages/language_table/environments/utils/../../../language_table/environments/assets/blocks/blue_cube.urdf
Loading URDF /home/ashwink/Documents/swms/.venv/lib/python3.10/site-packages/language_table/environments/utils/../../../language_table/environments/assets/blocks/blue_star.urdf
Loading URDF /home/ashwink/Documents/swms/.venv/lib/python3.10/site-packages/language_table/environments/utils/../../../language_table/environments/assets/blocks/blue_pentagon.urdf
Loading URDF /home/ashwink/Documents/swms/.venv/lib/python3.10/site-packages/language_table/environments/utils/../../../language_table/environments/assets/blocks/yellow_moon.urdf
Loading URDF /home/ashwink/Documents/swms/.venv/lib/python3.10/site-packages/language_table/environments/utils/../../../language_table/environments/assets/blocks/yellow_cube.urdf
Loading URDF /home/ashwink/Documents/swms/.venv/lib/python3.10/site-packages/language_table/environments/utils/../../../language_table/environments/assets/blocks/yellow_star.urdf
Loading URDF /home/ashwink/Documents/swms/.venv/lib/python3.10/site-packages/language_table/environments/utils/../../../language_table/environments/assets/blocks/yellow_pentagon.urdf
Loading URDF /home/ashwink/Documents/swms/.venv/lib/python3.10/site-packages/language_table/environments/utils/../../../language_table/environments/assets/blocks/green_moon.urdf
Loading URDF /home/ashwink/Documents/swms/.venv/lib/python3.10/site-packages/language_table/environments/utils/../../../language_table/environments/assets/blocks/green_cube.urdf
Loading URDF /home/ashwink/Documents/swms/.venv/lib/python3.10/site-packages/language_table/environments/utils/../../../language_table/environments/assets/blocks/green_star.urdf
Loading URDF /home/ashwink/Documents/swms/.venv/lib/python3.10/site-packages/language_table/environments/utils/../../../language_table/environments/assets/blocks/green_pentagon.urdf
Loading URDF /home/ashwink/Documents/swms/.venv/lib/python3.10/site-packages/language_table/environments/utils/../../../language_table/environments/assets/blocks/purple_moon.urdf
Loading URDF /home/ashwink/Documents/swms/.venv/lib/python3.10/site-packages/language_table/environments/utils/../../../language_table/environments/assets/blocks/purple_cube.urdf
Loading URDF /home/ashwink/Documents/swms/.venv/lib/python3.10/site-packages/language_table/environments/utils/../../../language_table/environments/assets/blocks/purple_star.urdf
Loading URDF /home/ashwink/Documents/swms/.venv/lib/python3.10/site-packages/language_table/environments/utils/../../../language_table/environments/assets/blocks/purple_pentagon.urdf
Env ready.

Forced peg start: [0.42843915 0.24419614]  (green_cube=[0.40339102 0.18967466], blue_moon=[0.32039625 0.00902261])
  dist(peg,green_cube)=0.0600  dist(peg,blue_moon)=0.2588  dist(green_cube,blue_moon)=0.1988

step  cos(zt,z*)  cos(zt,zt-1)  |   cos(predK,z*) min/mean/max  cos(pred_sel,z*)   cos(zpred0,z*)  ||a_raw||  |  dist(peg,A)   dist(A,B)
-------------------------------------------------------------------------------------------------------------------------------------------------------------------------------
   0      0.1598           nan  |    0.6950/  0.7112/  0.7226            0.7226           0.6539     0.0088  |       0.0587      0.1988
   1      0.1540        0.9870  |    0.7114/  0.7297/  0.7366            0.7366           0.6534     0.0131  |       0.0511      0.1988
   2      0.1587        0.9791  |    0.7047/  0.7186/  0.7255            0.7255           0.6368     0.0103  |       0.0410      0.1988
   3      0.1679        0.9540  |    0.7166/  0.7343/  0.7419            0.7419           0.6518     0.0153  |       0.0349      0.1968
   4      0.1941        0.8592  |    0.6650/  0.6838/  0.6913            0.6913           0.5981     0.0107  |       0.0355      0.1891
   5      0.1654        0.7843  |    0.6616/  0.6898/  0.6983            0.6983           0.5820     0.0134  |       0.0367      0.1824
   6      0.1469        0.7845  |    0.6531/  0.6722/  0.6811            0.6811           0.5693     0.0155  |       0.0365      0.1751
   7      0.1621        0.7058  |    0.5518/  0.5714/  0.5801            0.5801           0.2893     0.0070  |       0.0363      0.1684
   8      0.1364        0.8237  |    0.5854/  0.5977/  0.6052            0.6052           0.3598     0.0040  |       0.0356      0.1663
   9      0.1450        0.8672  |    0.6303/  0.6451/  0.6535            0.6535           0.5137     0.0109  |       0.0360      0.1651
  10      0.1267        0.7079  |    0.5268/  0.5426/  0.5505            0.5505           0.1166     0.0086  |       0.0346      0.1612
  11      0.1379        0.7090  |    0.5957/  0.6073/  0.6160            0.6160           0.4200     0.0070  |       0.0340      0.1594
  12      0.1500        0.8183  |    0.5717/  0.5900/  0.5982            0.5982           0.2655     0.0040  |       0.0336      0.1571
  13      0.1476        0.8270  |    0.5861/  0.6050/  0.6149            0.6149           0.2880     0.0161  |       0.0333      0.1560
  14      0.1331        0.7381  |    0.5298/  0.5562/  0.5662            0.5662           0.0374     0.0081  |       0.0356      0.1522
  15      0.1334        0.9662  |    0.5440/  0.5627/  0.5731            0.5731           0.0733     0.0063  |       0.0432      0.1522
  16      0.1389        0.9285  |    0.6247/  0.6428/  0.6508            0.6508           0.0856     0.0087  |       0.0438      0.1522
  17      0.1447        0.9196  |    0.6015/  0.6321/  0.6412            0.6412           0.2155     0.0057  |       0.0478      0.1522
  18      0.1230        0.9288  |    0.5380/  0.5665/  0.5799            0.5799          -0.1031     0.0022  |       0.0526      0.1522
  19      0.1307        0.9659  |    0.5985/  0.6166/  0.6265            0.6265           0.0462     0.0094  |       0.0541      0.1522
  20      0.0815        0.8370  |   -0.0191/  0.0287/  0.0414            0.0414          -0.2892     0.0034  |       0.0583      0.1522
  21      0.0921        0.9672  |    0.0586/  0.0795/  0.0904            0.0904          -0.2650     0.0055  |       0.0611      0.1522
  22      0.0888        0.9780  |    0.0531/  0.0734/  0.0838            0.0838          -0.2958     0.0039  |       0.0595      0.1522
  23      0.0709        0.9638  |   -0.0454/ -0.0217/ -0.0109           -0.0109          -0.3130     0.0015  |       0.0623      0.1522
  24      0.0779        0.9827  |   -0.0691/ -0.0455/ -0.0354           -0.0354          -0.3222     0.0029  |       0.0638      0.1522
  25      0.0842        0.9839  |   -0.0657/ -0.0425/ -0.0316           -0.0316          -0.3212     0.0057  |       0.0641      0.1522
  26      0.0620        0.9701  |   -0.1213/ -0.0948/ -0.0836           -0.0836          -0.3159     0.0039  |       0.0656      0.1522
  27      0.0399        0.9713  |   -0.1879/ -0.1691/ -0.1559           -0.1559          -0.3505     0.0040  |       0.0680      0.1522
  28      0.0269        0.9640  |   -0.1699/ -0.1563/ -0.1482           -0.1482          -0.3389     0.0053  |       0.0699      0.1522
  29      0.0364        0.9688  |   -0.1768/ -0.1573/ -0.1495           -0.1495          -0.3369     0.0113  |       0.0743      0.1522
  30      0.0311        0.9186  |   -0.2178/ -0.2005/ -0.1908           -0.1908          -0.4071     0.0110  |       0.0848      0.1522
  31     -0.0024        0.8966  |   -0.2760/ -0.2578/ -0.2463           -0.2463          -0.3751     0.0162  |       0.0952      0.1522
  32     -0.0210        0.8660  |   -0.2045/ -0.1865/ -0.1778           -0.1778          -0.3156     0.0101  |       0.1103      0.1522
  33     -0.0366        0.8867  |   -0.1581/ -0.1410/ -0.1302           -0.1302          -0.3051     0.0127  |       0.1208      0.1562
  34     -0.0197        0.8862  |   -0.1701/ -0.1459/ -0.1349           -0.1349          -0.3620     0.0167  |       0.1328      0.1644
  35     -0.0497        0.8577  |   -0.1583/ -0.1432/ -0.1342           -0.1342          -0.3297     0.0110  |       0.1467      0.1802
  36     -0.0590        0.8733  |    0.0842/  0.1287/  0.1658            0.1658          -0.3375     0.0228  |       0.1574      0.1857
  37     -0.0248        0.7438  |   -0.0702/  0.0345/  0.0553            0.0553          -0.2879     0.0273  |       0.1791      0.2003
  38      0.0297        0.7605  |    0.1071/  0.1658/  0.1920            0.1920          -0.3019     0.0189  |       0.2056      0.2091
  39      0.0561        0.7943  |   -0.1435/ -0.1133/ -0.1005           -0.1005          -0.3593     0.0323  |       0.2225      0.2174
  40      0.0726        0.7643  |   -0.2210/ -0.2031/ -0.1923           -0.1923          -0.4057     0.0282  |       0.2522      0.2263
  41      0.0902        0.7751  |   -0.2580/ -0.2399/ -0.2294           -0.2294          -0.3802     0.0243  |       0.2798      0.2263
  42      0.0661        0.7608  |   -0.2702/ -0.2523/ -0.2372           -0.2372          -0.3950     0.0237  |       0.3034      0.2263
  43      0.0645        0.8224  |   -0.3387/ -0.3209/ -0.3099           -0.3099          -0.3614     0.0161  |       0.3219      0.2263
  44      0.0473        0.8638  |   -0.2922/ -0.2818/ -0.2719           -0.2719          -0.3292     0.0115  |       0.3359      0.2263
  45      0.0485        0.9211  |   -0.3344/ -0.3177/ -0.3108           -0.3108          -0.3630     0.0098  |       0.3468      0.2263
  46      0.0529        0.9652  |   -0.3116/ -0.2982/ -0.2888           -0.2888          -0.3697     0.0071  |       0.3560      0.2263
  47      0.0578        0.9836  |   -0.2954/ -0.2832/ -0.2755           -0.2755          -0.3581     0.0061  |       0.3628      0.2263
  48      0.0504        0.9751  |   -0.3064/ -0.2881/ -0.2798           -0.2798          -0.3680     0.0054  |       0.3684      0.2263
  49      0.0553        0.9782  |   -0.3017/ -0.2851/ -0.2772           -0.2772          -0.3634     0.0049  |       0.3737      0.2263
  50      0.0497        0.9781  |   -0.3513/ -0.3337/ -0.3267           -0.3267          -0.4015     0.0067  |       0.3786      0.2263
  51      0.0531        0.9780  |   -0.3611/ -0.3499/ -0.3425           -0.3425          -0.4178     0.0078  |       0.3850      0.2263
  52      0.0558        0.9617  |   -0.3176/ -0.3100/ -0.3038           -0.3038          -0.3892     0.0080  |       0.3917      0.2263
  53      0.0602        0.9673  |   -0.3709/ -0.3602/ -0.3524           -0.3524          -0.4157     0.0117  |       0.3981      0.2263
  54      0.0578        0.9660  |   -0.3985/ -0.3863/ -0.3782           -0.3782          -0.4513     0.0168  |       0.4086      0.2263
  55      0.0780        0.8948  |   -0.3572/ -0.3445/ -0.3331           -0.3331          -0.4818     0.0194  |       0.4234      0.2263
  56      0.0491        0.7031  |   -0.2405/ -0.1954/ -0.1687           -0.1687          -0.4712     0.0245  |       0.4389      0.2263
  57      0.0491        1.0000  |   -0.2316/ -0.1742/ -0.1574           -0.1574          -0.4712     0.0280  |       0.4505      0.2263
  58      0.0491        1.0000  |   -0.2152/ -0.1873/ -0.1738           -0.1738          -0.4712     0.0325  |       0.4575      0.2263
  59      0.0492        1.0000  |   -0.2154/ -0.1877/ -0.1700           -0.1700          -0.4712     0.0322  |       0.4503      0.2263
  60      0.0491        1.0000  |   -0.2339/ -0.1983/ -0.1793           -0.1793          -0.4712     0.0329  |       0.4431      0.2263
  61      0.0491        1.0000  |   -0.2341/ -0.2009/ -0.1814           -0.1814          -0.4712     0.0335  |       0.4372      0.2263
  62      0.0491        1.0000  |   -0.2156/ -0.1845/ -0.1639           -0.1639          -0.4712     0.0300  |       0.4329      0.2263
  63      0.0491        1.0000  |   -0.2121/ -0.1788/ -0.1627           -0.1627          -0.4712     0.0294  |       0.4297      0.2263
  64      0.0491        1.0000  |   -0.1997/ -0.1793/ -0.1644           -0.1644          -0.4712     0.0302  |       0.4278      0.2263
  65      0.0491        1.0000  |   -0.2022/ -0.1798/ -0.1625           -0.1625          -0.4712     0.0298  |       0.4268      0.2263
  66      0.0491        1.0000  |   -0.2149/ -0.1832/ -0.1689           -0.1689          -0.4712     0.0279  |       0.4273      0.2263
  67      0.0489        1.0000  |   -0.2033/ -0.1742/ -0.1593           -0.1593          -0.4712     0.0272  |       0.4291      0.2263
  68      0.0489        1.0000  |   -0.1967/ -0.1714/ -0.1586           -0.1586          -0.4712     0.0284  |       0.4317      0.2263
  69      0.0489        1.0000  |   -0.2084/ -0.1781/ -0.1635           -0.1635          -0.4712     0.0283  |       0.4355      0.2263
  70      0.0489        1.0000  |   -0.2391/ -0.1835/ -0.1669           -0.1669          -0.4712     0.0308  |       0.4406      0.2263
  71      0.0489        1.0000  |   -0.2080/ -0.1868/ -0.1662           -0.1662          -0.4712     0.0328  |       0.4466      0.2263
  72      0.0489        1.0000  |   -0.2233/ -0.1742/ -0.1605           -0.1605          -0.4712     0.0304  |       0.4540      0.2263
  73      0.0489        1.0000  |   -0.2316/ -0.1905/ -0.1747           -0.1747          -0.4712     0.0303  |       0.4603      0.2263
  74      0.0489        1.0000  |   -0.2139/ -0.1744/ -0.1596           -0.1596          -0.4712     0.0282  |       0.4617      0.2263
  75      0.0489        1.0000  |   -0.2243/ -0.1834/ -0.1685           -0.1685          -0.4712     0.0290  |       0.4620      0.2263
  76      0.0489        1.0000  |   -0.2232/ -0.1913/ -0.1746           -0.1746          -0.4712     0.0313  |       0.4619      0.2263
  77      0.0489        1.0000  |   -0.2142/ -0.1821/ -0.1665           -0.1665          -0.4712     0.0284  |       0.4620      0.2263
  78      0.0489        1.0000  |   -0.2282/ -0.2164/ -0.2072           -0.2072          -0.4712     0.0291  |       0.4620      0.2263
  79      0.0489        1.0000  |   -0.2164/ -0.1884/ -0.1727           -0.1727          -0.4712     0.0305  |       0.4621      0.2263
  80      0.0489        1.0000  |   -0.2121/ -0.1864/ -0.1703           -0.1703          -0.4712     0.0300  |       0.4620      0.2263
  81      0.0489        1.0000  |   -0.2046/ -0.1827/ -0.1675           -0.1675          -0.4712     0.0304  |       0.4619      0.2263
  82      0.0489        1.0000  |   -0.2102/ -0.1809/ -0.1676           -0.1676          -0.4712     0.0300  |       0.4620      0.2263
  83      0.0489        1.0000  |   -0.2270/ -0.2005/ -0.1863           -0.1863          -0.4712     0.0327  |       0.4621      0.2263
  84      0.0489        1.0000  |   -0.2618/ -0.2276/ -0.2073           -0.2073          -0.4712     0.0337  |       0.4621      0.2263
  85      0.0489        1.0000  |   -0.2323/ -0.1948/ -0.1738           -0.1738          -0.4712     0.0306  |       0.4620      0.2263
  86      0.0489        1.0000  |   -0.2203/ -0.1900/ -0.1728           -0.1728          -0.4712     0.0301  |       0.4620      0.2263
  87      0.0489        1.0000  |   -0.2050/ -0.1874/ -0.1732           -0.1732          -0.4712     0.0306  |       0.4620      0.2263
  88      0.0489        1.0000  |   -0.2159/ -0.1766/ -0.1616           -0.1616          -0.4712     0.0318  |       0.4621      0.2263
  89      0.0489        1.0000  |   -0.2264/ -0.1759/ -0.1626           -0.1626          -0.4712     0.0311  |       0.4622      0.2263
  90      0.0489        1.0000  |   -0.2322/ -0.1952/ -0.1798           -0.1798          -0.4712     0.0307  |       0.4621      0.2263
  91      0.0489        1.0000  |   -0.2397/ -0.2087/ -0.1920           -0.1920          -0.4712     0.0297  |       0.4620      0.2263
  92      0.0489        1.0000  |   -0.2268/ -0.1967/ -0.1761           -0.1761          -0.4712     0.0340  |       0.4620      0.2263
  93      0.0489        1.0000  |   -0.2449/ -0.1996/ -0.1819           -0.1819          -0.4712     0.0314  |       0.4619      0.2263
  94      0.0489        1.0000  |   -0.2128/ -0.1858/ -0.1704           -0.1704          -0.4712     0.0321  |       0.4620      0.2263
  95      0.0489        1.0000  |   -0.2031/ -0.1777/ -0.1599           -0.1599          -0.4712     0.0288  |       0.4621      0.2263
  96      0.0489        1.0000  |   -0.1998/ -0.1712/ -0.1575           -0.1575          -0.4712     0.0326  |       0.4621      0.2263
  97      0.0489        1.0000  |   -0.2155/ -0.1772/ -0.1622           -0.1622          -0.4712     0.0308  |       0.4622      0.2263
  98      0.0489        1.0000  |   -0.2043/ -0.1770/ -0.1611           -0.1611          -0.4712     0.0300  |       0.4621      0.2263
  99      0.0489        1.0000  |   -0.2131/ -0.1784/ -0.1661           -0.1661          -0.4712     0.0327  |       0.4620      0.2263
 100      0.0489        1.0000  |   -0.2226/ -0.1802/ -0.1632           -0.1632          -0.4712     0.0310  |       0.4620      0.2263
 101      0.0489        1.0000  |   -0.2025/ -0.1705/ -0.1579           -0.1579          -0.4712     0.0270  |       0.4621      0.2263
 102      0.0489        1.0000  |   -0.2183/ -0.1942/ -0.1760           -0.1760          -0.4712     0.0322  |       0.4621      0.2263
 103      0.0489        1.0000  |   -0.2178/ -0.1918/ -0.1747           -0.1747          -0.4712     0.0324  |       0.4622      0.2263
 104      0.0489        1.0000  |   -0.2049/ -0.1839/ -0.1710           -0.1710          -0.4712     0.0321  |       0.4622      0.2263
 105      0.0489        1.0000  |   -0.2061/ -0.1831/ -0.1663           -0.1663          -0.4712     0.0320  |       0.4622      0.2263
 106      0.0489        1.0000  |   -0.2251/ -0.1996/ -0.1856           -0.1856          -0.4712     0.0320  |       0.4621      0.2263
 107      0.0489        1.0000  |   -0.2342/ -0.1966/ -0.1759           -0.1759          -0.4712     0.0279  |       0.4621      0.2263
 108      0.0489        1.0000  |   -0.2270/ -0.1921/ -0.1731           -0.1731          -0.4712     0.0315  |       0.4622      0.2263
 109      0.0489        1.0000  |   -0.2137/ -0.1868/ -0.1686           -0.1686          -0.4712     0.0322  |       0.4622      0.2263
 110      0.0489        1.0000  |   -0.2060/ -0.1706/ -0.1572           -0.1572          -0.4712     0.0299  |       0.4622      0.2263
 111      0.0489        1.0000  |   -0.2056/ -0.1757/ -0.1597           -0.1597          -0.4712     0.0288  |       0.4621      0.2263
 112      0.0489        1.0000  |   -0.2158/ -0.1826/ -0.1670           -0.1670          -0.4712     0.0305  |       0.4622      0.2263
 113      0.0489        1.0000  |   -0.2293/ -0.1836/ -0.1644           -0.1644          -0.4712     0.0305  |       0.4622      0.2263
 114      0.0489        1.0000  |   -0.2052/ -0.1772/ -0.1637           -0.1637          -0.4712     0.0318  |       0.4623      0.2263
 115      0.0489        1.0000  |   -0.2317/ -0.2040/ -0.1861           -0.1861          -0.4712     0.0320  |       0.4623      0.2263
 116      0.0489        1.0000  |   -0.2552/ -0.1985/ -0.1819           -0.1819          -0.4712     0.0298  |       0.4622      0.2263
 117      0.0489        1.0000  |   -0.2348/ -0.1871/ -0.1703           -0.1703          -0.4712     0.0302  |       0.4621      0.2263
 118      0.0489        1.0000  |   -0.2182/ -0.1778/ -0.1619           -0.1619          -0.4712     0.0295  |       0.4621      0.2263
 119      0.0489        1.0000  |   -0.2140/ -0.1816/ -0.1650           -0.1650          -0.4711     0.0307  |       0.4621      0.2263
 120      0.0489        1.0000  |   -0.1970/ -0.1696/ -0.1579           -0.1579          -0.4711     0.0288  |       0.4621      0.2263
 121      0.0489        1.0000  |   -0.2108/ -0.1892/ -0.1730           -0.1730          -0.4712     0.0313  |       0.4622      0.2263
 122      0.0489        1.0000  |   -0.2184/ -0.1816/ -0.1652           -0.1652          -0.4712     0.0311  |       0.4623      0.2263
 123      0.0489        1.0000  |   -0.1992/ -0.1769/ -0.1641           -0.1641          -0.4712     0.0307  |       0.4623      0.2263
 124      0.0489        1.0000  |   -0.2116/ -0.1768/ -0.1583           -0.1583          -0.4712     0.0275  |       0.4623      0.2263
 125      0.0489        1.0000  |   -0.2158/ -0.1852/ -0.1652           -0.1652          -0.4712     0.0288  |       0.4624      0.2263
 126      0.0489        1.0000  |   -0.2183/ -0.1853/ -0.1691           -0.1691          -0.4712     0.0316  |       0.4624      0.2263
 127      0.0489        1.0000  |   -0.2106/ -0.1855/ -0.1714           -0.1714          -0.4712     0.0312  |       0.4624      0.2263
 128      0.0489        1.0000  |   -0.2397/ -0.1887/ -0.1728           -0.1728          -0.4712     0.0303  |       0.4624      0.2263
 129      0.0489        1.0000  |   -0.2042/ -0.1803/ -0.1649           -0.1649          -0.4712     0.0310  |       0.4624      0.2263
 130      0.0489        1.0000  |   -0.1958/ -0.1725/ -0.1566           -0.1566          -0.4712     0.0288  |       0.4624      0.2263
 131      0.0489        1.0000  |   -0.2050/ -0.1737/ -0.1607           -0.1607          -0.4712     0.0314  |       0.4624      0.2263
 132      0.0489        1.0000  |   -0.2185/ -0.1993/ -0.1850           -0.1850          -0.4712     0.0357  |       0.4624      0.2263
 133      0.0489        1.0000  |   -0.2371/ -0.2040/ -0.1831           -0.1831          -0.4712     0.0321  |       0.4624      0.2263
 134      0.0489        1.0000  |   -0.2089/ -0.1792/ -0.1627           -0.1627          -0.4712     0.0307  |       0.4624      0.2263
 135      0.0489        1.0000  |   -0.2247/ -0.1824/ -0.1665           -0.1665          -0.4712     0.0287  |       0.4624      0.2263
 136      0.0489        1.0000  |   -0.1884/ -0.1698/ -0.1595           -0.1595          -0.4712     0.0294  |       0.4624      0.2263
 137      0.0489        1.0000  |   -0.2127/ -0.1734/ -0.1602           -0.1602          -0.4712     0.0293  |       0.4624      0.2263
 138      0.0488        1.0000  |   -0.2115/ -0.1817/ -0.1659           -0.1659          -0.4712     0.0285  |       0.4624      0.2263
 139      0.0488        1.0000  |   -0.2184/ -0.1881/ -0.1718           -0.1718          -0.4712     0.0305  |       0.4624      0.2263
 140      0.0489        1.0000  |   -0.2107/ -0.1820/ -0.1665           -0.1665          -0.4712     0.0288  |       0.4624      0.2263
 141      0.0489        1.0000  |   -0.2238/ -0.1793/ -0.1641           -0.1641          -0.4712     0.0318  |       0.4624      0.2263
 142      0.0489        1.0000  |   -0.1989/ -0.1762/ -0.1593           -0.1593          -0.4712     0.0290  |       0.4624      0.2263
 143      0.0489        1.0000  |   -0.2322/ -0.1980/ -0.1814           -0.1814          -0.4712     0.0313  |       0.4624      0.2263
 144      0.0489        1.0000  |   -0.2107/ -0.1823/ -0.1694           -0.1694          -0.4712     0.0319  |       0.4624      0.2263
 145      0.0489        1.0000  |   -0.2224/ -0.1831/ -0.1671           -0.1671          -0.4712     0.0322  |       0.4624      0.2263
 146      0.0489        1.0000  |   -0.2267/ -0.1893/ -0.1736           -0.1736          -0.4712     0.0321  |       0.4624      0.2263
 147      0.0489        1.0000  |   -0.2177/ -0.1802/ -0.1619           -0.1619          -0.4712     0.0290  |       0.4624      0.2263
 148      0.0489        1.0000  |   -0.2174/ -0.1800/ -0.1641           -0.1641          -0.4712     0.0266  |       0.4624      0.2263
 149      0.0489        1.0000  |   -0.2151/ -0.1907/ -0.1733           -0.1733          -0.4712     0.0311  |       0.4624      0.2263
 150      0.0489        1.0000  |   -0.2231/ -0.1906/ -0.1703           -0.1703          -0.4712     0.0281  |       0.4624      0.2263
 151      0.0489        1.0000  |   -0.2195/ -0.1873/ -0.1697           -0.1697          -0.4712     0.0288  |       0.4624      0.2263
 152      0.0489        1.0000  |   -0.1975/ -0.1735/ -0.1587           -0.1587          -0.4712     0.0297  |       0.4624      0.2263
 153      0.0488        1.0000  |   -0.2072/ -0.1831/ -0.1655           -0.1655          -0.4712     0.0289  |       0.4624      0.2263
 154      0.0487        1.0000  |   -0.2125/ -0.1859/ -0.1650           -0.1650          -0.4711     0.0288  |       0.4624      0.2263
 155      0.0488        1.0000  |   -0.2250/ -0.1920/ -0.1723           -0.1723          -0.4711     0.0305  |       0.4624      0.2263
 156      0.0488        1.0000  |   -0.2314/ -0.1839/ -0.1689           -0.1689          -0.4711     0.0312  |       0.4624      0.2263
 157      0.0488        1.0000  |   -0.2103/ -0.1822/ -0.1632           -0.1632          -0.4711     0.0287  |       0.4624      0.2263
 158      0.0488        1.0000  |   -0.1946/ -0.1673/ -0.1566           -0.1566          -0.4711     0.0257  |       0.4624      0.2263
 159      0.0488        1.0000  |   -0.2106/ -0.1799/ -0.1667           -0.1667          -0.4711     0.0301  |       0.4624      0.2263
 160      0.0489        1.0000  |   -0.2408/ -0.2042/ -0.1870           -0.1870          -0.4712     0.0338  |       0.4624      0.2263
 161      0.0488        1.0000  |   -0.2385/ -0.2160/ -0.1981           -0.1981          -0.4711     0.0328  |       0.4624      0.2263
 162      0.0488        1.0000  |   -0.2588/ -0.2319/ -0.2129           -0.2129          -0.4711     0.0340  |       0.4624      0.2263
 163      0.0488        1.0000  |   -0.2286/ -0.1933/ -0.1768           -0.1768          -0.4711     0.0319  |       0.4624      0.2263
 164      0.0487        1.0000  |   -0.2475/ -0.2192/ -0.2016           -0.2016          -0.4711     0.0317  |       0.4624      0.2263
 165      0.0487        1.0000  |   -0.2070/ -0.1822/ -0.1619           -0.1619          -0.4711     0.0305  |       0.4624      0.2263
 166      0.0488        1.0000  |   -0.2242/ -0.1791/ -0.1645           -0.1645          -0.4711     0.0316  |       0.4624      0.2263
 167      0.0488        1.0000  |   -0.2040/ -0.1819/ -0.1685           -0.1685          -0.4711     0.0323  |       0.4624      0.2263
 168      0.0488        1.0000  |   -0.2312/ -0.1864/ -0.1675           -0.1675          -0.4711     0.0325  |       0.4624      0.2263
 169      0.0488        1.0000  |   -0.2176/ -0.1934/ -0.1723           -0.1723          -0.4711     0.0294  |       0.4624      0.2263
 170      0.0488        1.0000  |   -0.2065/ -0.1897/ -0.1778           -0.1778          -0.4711     0.0310  |       0.4624      0.2263
 171      0.0490        1.0000  |   -0.2326/ -0.2038/ -0.1880           -0.1880          -0.4710     0.0294  |       0.4624      0.2263
 172      0.0490        1.0000  |   -0.2517/ -0.2405/ -0.2293           -0.2293          -0.4710     0.0329  |       0.4624      0.2263
 173      0.0488        1.0000  |   -0.2592/ -0.2087/ -0.1875           -0.1875          -0.4712     0.0289  |       0.4624      0.2263
 174      0.0489        1.0000  |   -0.2219/ -0.1938/ -0.1797           -0.1797          -0.4712     0.0322  |       0.4624      0.2263
 175      0.0488        1.0000  |   -0.2151/ -0.1866/ -0.1706           -0.1706          -0.4711     0.0325  |       0.4624      0.2263
 176      0.0488        1.0000  |   -0.2404/ -0.1950/ -0.1767           -0.1767          -0.4711     0.0314  |       0.4624      0.2263
 177      0.0490        1.0000  |   -0.2098/ -0.1831/ -0.1662           -0.1662          -0.4710     0.0306  |       0.4624      0.2263
 178      0.0490        1.0000  |   -0.2089/ -0.1830/ -0.1657           -0.1657          -0.4710     0.0289  |       0.4624      0.2263
 179      0.0489        1.0000  |   -0.2165/ -0.1930/ -0.1783           -0.1783          -0.4710     0.0331  |       0.4624      0.2263
 180      0.0490        1.0000  |   -0.2146/ -0.1866/ -0.1732           -0.1732          -0.4710     0.0335  |       0.4624      0.2263
 181      0.0490        1.0000  |   -0.2277/ -0.1964/ -0.1794           -0.1794          -0.4710     0.0324  |       0.4624      0.2263
 182      0.0490        1.0000  |   -0.2129/ -0.1809/ -0.1651           -0.1651          -0.4710     0.0294  |       0.4624      0.2263
 183      0.0490        1.0000  |   -0.2264/ -0.1877/ -0.1748           -0.1748          -0.4710     0.0314  |       0.4624      0.2263
 184      0.0489        1.0000  |   -0.2166/ -0.1904/ -0.1725           -0.1725          -0.4710     0.0329  |       0.4624      0.2263
 185      0.0490        1.0000  |   -0.2192/ -0.1915/ -0.1782           -0.1782          -0.4710     0.0309  |       0.4624      0.2263
 186      0.0490        1.0000  |   -0.2117/ -0.1844/ -0.1672           -0.1672          -0.4710     0.0317  |       0.4624      0.2263
 187      0.0489        1.0000  |   -0.2142/ -0.1803/ -0.1647           -0.1647          -0.4712     0.0317  |       0.4624      0.2263
 188      0.0489        1.0000  |   -0.2142/ -0.1901/ -0.1744           -0.1744          -0.4710     0.0310  |       0.4624      0.2263
 189      0.0490        1.0000  |   -0.2062/ -0.1711/ -0.1586           -0.1586          -0.4710     0.0273  |       0.4624      0.2263
 190      0.0490        1.0000  |   -0.2093/ -0.1771/ -0.1602           -0.1602          -0.4710     0.0280  |       0.4624      0.2263
 191      0.0490        1.0000  |   -0.2007/ -0.1826/ -0.1706           -0.1706          -0.4710     0.0321  |       0.4624      0.2263
 192      0.0489        1.0000  |   -0.2217/ -0.1888/ -0.1739           -0.1739          -0.4710     0.0313  |       0.4624      0.2263
 193      0.0490        1.0000  |   -0.2155/ -0.1867/ -0.1676           -0.1676          -0.4710     0.0305  |       0.4624      0.2263
 194      0.0490        1.0000  |   -0.2235/ -0.1890/ -0.1699           -0.1699          -0.4710     0.0287  |       0.4624      0.2263
 195      0.0489        1.0000  |   -0.2053/ -0.1787/ -0.1643           -0.1643          -0.4710     0.0301  |       0.4624      0.2263
 196      0.0489        1.0000  |   -0.2030/ -0.1781/ -0.1653           -0.1653          -0.4710     0.0314  |       0.4624      0.2263
 197      0.0489        1.0000  |   -0.2118/ -0.1799/ -0.1658           -0.1658          -0.4710     0.0304  |       0.4624      0.2263
 198      0.0489        1.0000  |   -0.2184/ -0.1810/ -0.1653           -0.1653          -0.4710     0.0317  |       0.4624      0.2263
 199      0.0489        1.0000  |   -0.2161/ -0.1891/ -0.1737           -0.1737          -0.4710     0.0301  |       0.4624      0.2263
 200      0.0489        1.0000  |   -0.2171/ -0.1860/ -0.1715           -0.1715          -0.4710     0.0288  |       0.4624      0.2263
 201      0.0489        1.0000  |   -0.2167/ -0.1854/ -0.1668           -0.1668          -0.4710     0.0307  |       0.4624      0.2263
 202      0.0489        1.0000  |   -0.2148/ -0.1849/ -0.1697           -0.1697          -0.4710     0.0312  |       0.4624      0.2263
 203      0.0489        1.0000  |   -0.2229/ -0.1915/ -0.1747           -0.1747          -0.4710     0.0308  |       0.4624      0.2263
 204      0.0489        1.0000  |   -0.2251/ -0.1879/ -0.1736           -0.1736          -0.4710     0.0321  |       0.4624      0.2263
 205      0.0489        1.0000  |   -0.2654/ -0.2275/ -0.2097           -0.2097          -0.4710     0.0306  |       0.4624      0.2263
 206      0.0489        1.0000  |   -0.2417/ -0.2018/ -0.1827           -0.1827          -0.4710     0.0293  |       0.4624      0.2263
 207      0.0489        1.0000  |   -0.2174/ -0.1791/ -0.1634           -0.1634          -0.4710     0.0292  |       0.4624      0.2263
 208      0.0489        1.0000  |   -0.2072/ -0.1871/ -0.1712           -0.1712          -0.4710     0.0323  |       0.4624      0.2263
 209      0.0489        1.0000  |   -0.2098/ -0.1800/ -0.1674           -0.1674          -0.4710     0.0317  |       0.4624      0.2263
 210      0.0489        1.0000  |   -0.2240/ -0.1931/ -0.1792           -0.1792          -0.4710     0.0310  |       0.4624      0.2263
 211      0.0489        1.0000  |   -0.2267/ -0.1986/ -0.1808           -0.1808          -0.4710     0.0289  |       0.4624      0.2263
 212      0.0489        1.0000  |   -0.2304/ -0.1877/ -0.1703           -0.1703          -0.4710     0.0313  |       0.4624      0.2263
 213      0.0489        1.0000  |   -0.2014/ -0.1799/ -0.1645           -0.1645          -0.4710     0.0306  |       0.4624      0.2263
 214      0.0489        1.0000  |   -0.2078/ -0.1741/ -0.1587           -0.1587          -0.4710     0.0280  |       0.4624      0.2263
 215      0.0489        1.0000  |   -0.2111/ -0.1740/ -0.1575           -0.1575          -0.4710     0.0287  |       0.4624      0.2263
 216      0.0489        1.0000  |   -0.2085/ -0.1815/ -0.1630           -0.1630          -0.4710     0.0293  |       0.4624      0.2263
 217      0.0489        1.0000  |   -0.2406/ -0.2212/ -0.2062           -0.2062          -0.4710     0.0258  |       0.4624      0.2263
 218      0.0489        1.0000  |   -0.2306/ -0.1992/ -0.1749           -0.1749          -0.4710     0.0287  |       0.4624      0.2263
 219      0.0490        1.0000  |   -0.2043/ -0.1787/ -0.1655           -0.1655          -0.4710     0.0262  |       0.4624      0.2263
 220      0.0490        1.0000  |   -0.2190/ -0.1851/ -0.1709           -0.1709          -0.4710     0.0331  |       0.4624      0.2263
 221      0.0490        1.0000  |   -0.2201/ -0.1902/ -0.1753           -0.1753          -0.4710     0.0322  |       0.4624      0.2263
 222      0.0489        1.0000  |   -0.2194/ -0.1901/ -0.1732           -0.1732          -0.4710     0.0327  |       0.4624      0.2263
 223      0.0490        1.0000  |   -0.2111/ -0.1826/ -0.1683           -0.1683          -0.4710     0.0291  |       0.4624      0.2263
 224      0.0489        1.0000  |   -0.2315/ -0.1885/ -0.1735           -0.1735          -0.4709     0.0280  |       0.4624      0.2263
 225      0.0489        1.0000  |   -0.2172/ -0.1830/ -0.1644           -0.1644          -0.4710     0.0287  |       0.4624      0.2263
 226      0.0489        1.0000  |   -0.2328/ -0.2149/ -0.2022           -0.2022          -0.4709     0.0351  |       0.4624      0.2263
 227      0.0489        1.0000  |   -0.2618/ -0.2279/ -0.2085           -0.2085          -0.4709     0.0328  |       0.4624      0.2263
 228      0.0489        1.0000  |   -0.2295/ -0.1989/ -0.1787           -0.1787          -0.4709     0.0311  |       0.4624      0.2263
 229      0.0489        1.0000  |   -0.2455/ -0.2238/ -0.2076           -0.2076          -0.4710     0.0337  |       0.4624      0.2263
 230      0.0489        1.0000  |   -0.2658/ -0.2260/ -0.2008           -0.2008          -0.4709     0.0313  |       0.4624      0.2263
 231      0.0489        1.0000  |   -0.2051/ -0.1770/ -0.1625           -0.1625          -0.4709     0.0290  |       0.4624      0.2263
 232      0.0488        1.0000  |   -0.2067/ -0.1792/ -0.1633           -0.1633          -0.4710     0.0280  |       0.4624      0.2263
 233      0.0488        1.0000  |   -0.2153/ -0.1915/ -0.1778           -0.1778          -0.4710     0.0314  |       0.4624      0.2263
 234      0.0489        1.0000  |   -0.2193/ -0.1883/ -0.1705           -0.1705          -0.4709     0.0315  |       0.4624      0.2263
 235      0.0489        1.0000  |   -0.2104/ -0.1893/ -0.1752           -0.1752          -0.4709     0.0308  |       0.4624      0.2263
 236      0.0489        1.0000  |   -0.2448/ -0.2060/ -0.1917           -0.1917          -0.4710     0.0297  |       0.4624      0.2263
 237      0.0489        1.0000  |   -0.2182/ -0.1806/ -0.1591           -0.1591          -0.4709     0.0273  |       0.4624      0.2263
 238      0.0489        1.0000  |   -0.2003/ -0.1803/ -0.1672           -0.1672          -0.4709     0.0299  |       0.4624      0.2263
 239      0.0489        1.0000  |   -0.2151/ -0.1823/ -0.1639           -0.1639          -0.4710     0.0302  |       0.4624      0.2263
 240      0.0489        1.0000  |   -0.2194/ -0.1878/ -0.1716           -0.1716          -0.4710     0.0319  |       0.4624      0.2263
 241      0.0490        1.0000  |   -0.2136/ -0.1769/ -0.1607           -0.1607          -0.4710     0.0289  |       0.4624      0.2263
 242      0.0490        1.0000  |   -0.1982/ -0.1750/ -0.1612           -0.1612          -0.4710     0.0306  |       0.4624      0.2263
 243      0.0489        1.0000  |   -0.2207/ -0.1807/ -0.1651           -0.1651          -0.4710     0.0271  |       0.4624      0.2263
 244      0.0490        1.0000  |   -0.2119/ -0.1880/ -0.1750           -0.1750          -0.4710     0.0325  |       0.4624      0.2263
 245      0.0490        1.0000  |   -0.2243/ -0.1988/ -0.1797           -0.1797          -0.4710     0.0306  |       0.4624      0.2263
 246      0.0489        1.0000  |   -0.2114/ -0.1746/ -0.1576           -0.1576          -0.4710     0.0297  |       0.4624      0.2263
 247      0.0490        1.0000  |   -0.1965/ -0.1729/ -0.1605           -0.1605          -0.4710     0.0296  |       0.4624      0.2263
 248      0.0490        1.0000  |   -0.2164/ -0.1939/ -0.1804           -0.1804          -0.4710     0.0329  |       0.4624      0.2263
 249      0.0490        1.0000  |   -0.2498/ -0.1955/ -0.1753           -0.1753          -0.4710     0.0295  |       0.4624      0.2263
 250      0.0489        1.0000  |   -0.2324/ -0.1871/ -0.1701           -0.1701          -0.4710     0.0294  |       0.4624      0.2263
 251      0.0490        1.0000  |   -0.2142/ -0.1709/ -0.1566           -0.1566          -0.4710     0.0295  |       0.4624      0.2263
 252      0.0490        1.0000  |   -0.2077/ -0.1769/ -0.1613           -0.1613          -0.4710     0.0293  |       0.4624      0.2263
 253      0.0489        1.0000  |   -0.2019/ -0.1744/ -0.1610           -0.1610          -0.4710     0.0310  |       0.4624      0.2263
 254      0.0490        1.0000  |   -0.2145/ -0.1762/ -0.1610           -0.1610          -0.4710     0.0294  |       0.4624      0.2263
 255      0.0490        1.0000  |   -0.2090/ -0.1777/ -0.1638           -0.1638          -0.4710     0.0304  |       0.4624      0.2263
 256      0.0490        1.0000  |   -0.2097/ -0.1877/ -0.1729           -0.1729          -0.4710     0.0316  |       0.4624      0.2263
 257      0.0489        1.0000  |   -0.2227/ -0.1962/ -0.1764           -0.1764          -0.4710     0.0343  |       0.4624      0.2263
 258      0.0490        1.0000  |   -0.2315/ -0.1836/ -0.1674           -0.1674          -0.4710     0.0300  |       0.4624      0.2263
 259      0.0490        1.0000  |   -0.2457/ -0.2334/ -0.2222           -0.2222          -0.4710     0.0314  |       0.4624      0.2263
 260      0.0489        1.0000  |   -0.2594/ -0.2332/ -0.2099           -0.2099          -0.4710     0.0345  |       0.4624      0.2263
 261      0.0490        1.0000  |   -0.2305/ -0.1957/ -0.1768           -0.1768          -0.4710     0.0310  |       0.4624      0.2263
 262      0.0490        1.0000  |   -0.2388/ -0.2076/ -0.1900           -0.1900          -0.4710     0.0331  |       0.4624      0.2263
 263      0.0489        1.0000  |   -0.2227/ -0.1973/ -0.1814           -0.1814          -0.4710     0.0330  |       0.4624      0.2263
 264      0.0489        1.0000  |   -0.2729/ -0.2182/ -0.2006           -0.2006          -0.4710     0.0331  |       0.4624      0.2263
 265      0.0490        1.0000  |   -0.2161/ -0.1847/ -0.1698           -0.1698          -0.4710     0.0302  |       0.4624      0.2263
 266      0.0490        1.0000  |   -0.2127/ -0.1826/ -0.1680           -0.1680          -0.4710     0.0317  |       0.4624      0.2263
 267      0.0489        1.0000  |   -0.2179/ -0.1827/ -0.1694           -0.1694          -0.4710     0.0309  |       0.4624      0.2263
 268      0.0490        1.0000  |   -0.2396/ -0.1974/ -0.1787           -0.1787          -0.4710     0.0311  |       0.4624      0.2263
 269      0.0490        1.0000  |   -0.2232/ -0.1895/ -0.1729           -0.1729          -0.4710     0.0283  |       0.4624      0.2263
 270      0.0489        1.0000  |   -0.2451/ -0.2175/ -0.2003           -0.2003          -0.4710     0.0341  |       0.4624      0.2263
 271      0.0489        1.0000  |   -0.2416/ -0.1913/ -0.1728           -0.1728          -0.4710     0.0320  |       0.4624      0.2263
 272      0.0490        1.0000  |   -0.2099/ -0.1871/ -0.1721           -0.1721          -0.4710     0.0334  |       0.4624      0.2263
 273      0.0490        1.0000  |   -0.2197/ -0.1926/ -0.1768           -0.1768          -0.4710     0.0305  |       0.4624      0.2263
 274      0.0489        1.0000  |   -0.2149/ -0.1968/ -0.1831           -0.1831          -0.4710     0.0328  |       0.4624      0.2263
 275      0.0490        1.0000  |   -0.2397/ -0.1826/ -0.1664           -0.1664          -0.4710     0.0286  |       0.4624      0.2263
 276      0.0490        1.0000  |   -0.2323/ -0.1904/ -0.1756           -0.1756          -0.4710     0.0288  |       0.4624      0.2263
 277      0.0489        1.0000  |   -0.2332/ -0.1946/ -0.1729           -0.1729          -0.4710     0.0298  |       0.4624      0.2263
 278      0.0489        1.0000  |   -0.2197/ -0.1899/ -0.1750           -0.1750          -0.4710     0.0331  |       0.4624      0.2263
 279      0.0490        1.0000  |   -0.2375/ -0.1979/ -0.1770           -0.1770          -0.4710     0.0295  |       0.4624      0.2263
 280      0.0490        1.0000  |   -0.2194/ -0.1895/ -0.1728           -0.1728          -0.4710     0.0331  |       0.4624      0.2263
 281      0.0489        1.0000  |   -0.2262/ -0.1985/ -0.1838           -0.1838          -0.4710     0.0289  |       0.4624      0.2263
 282      0.0490        1.0000  |   -0.2214/ -0.1765/ -0.1610           -0.1610          -0.4710     0.0282  |       0.4624      0.2263
 283      0.0490        1.0000  |   -0.2199/ -0.1715/ -0.1576           -0.1576          -0.4710     0.0298  |       0.4624      0.2263
 284      0.0489        1.0000  |   -0.2117/ -0.1923/ -0.1795           -0.1795          -0.4710     0.0330  |       0.4624      0.2263
 285      0.0490        1.0000  |   -0.2309/ -0.2023/ -0.1874           -0.1874          -0.4710     0.0314  |       0.4624      0.2263
 286      0.0490        1.0000  |   -0.2448/ -0.2062/ -0.1879           -0.1879          -0.4710     0.0324  |       0.4624      0.2263
 287      0.0489        1.0000  |   -0.2166/ -0.1879/ -0.1685           -0.1685          -0.4710     0.0303  |       0.4624      0.2263
 288      0.0489        1.0000  |   -0.2148/ -0.1799/ -0.1632           -0.1632          -0.4710     0.0317  |       0.4624      0.2263
 289      0.0490        1.0000  |   -0.2011/ -0.1809/ -0.1694           -0.1694          -0.4710     0.0300  |       0.4624      0.2263
 290      0.0490        1.0000  |   -0.2001/ -0.1735/ -0.1601           -0.1601          -0.4710     0.0320  |       0.4624      0.2263
 291      0.0489        1.0000  |   -0.2034/ -0.1798/ -0.1664           -0.1664          -0.4710     0.0337  |       0.4624      0.2263
 292      0.0490        1.0000  |   -0.2230/ -0.1950/ -0.1767           -0.1767          -0.4710     0.0328  |       0.4624      0.2263
 293      0.0490        1.0000  |   -0.2427/ -0.2247/ -0.2124           -0.2124          -0.4710     0.0358  |       0.4624      0.2263
 294      0.0489        1.0000  |   -0.2181/ -0.1873/ -0.1648           -0.1648          -0.4710     0.0326  |       0.4624      0.2263
 295      0.0488        1.0000  |   -0.2210/ -0.1839/ -0.1688           -0.1688          -0.4709     0.0324  |       0.4624      0.2263
 296      0.0490        1.0000  |   -0.2120/ -0.1889/ -0.1724           -0.1724          -0.4710     0.0336  |       0.4624      0.2263
 297      0.0490        1.0000  |   -0.2219/ -0.1872/ -0.1695           -0.1695          -0.4710     0.0331  |       0.4624      0.2263
 298      0.0489        1.0000  |   -0.2236/ -0.1883/ -0.1763           -0.1763          -0.4710     0.0341  |       0.4624      0.2263
 299      0.0490        1.0000  |   -0.2352/ -0.2073/ -0.1878           -0.1878          -0.4710     0.0322  |       0.4624      0.2263
IMAGEIO FFMPEG_WRITER WARNING: input image is not divisible by macro_block_size=16, resizing from (320, 180) to (320, 192) to ensure video compatibility with most codecs and players. To prevent resizing, make your input image divisible by the macro_block_size or set the macro_block_size to 1 (risking incompatibility).

Saved 300 frames -> /home/ashwink/Documents/swms/SWM_copy/rollouts_5_per/expert+subopt/epoch10/epoch10_rollout2_failure.mp4
min dist(green_cube,blue_moon) over episode = 0.1522  ->  FAILURE
Full log written to /home/ashwink/Documents/swms/SWM_copy/rollouts_5_per/expert+subopt/epoch10/epoch10_rollout2_20260723_131904.log
Result json -> /home/ashwink/Documents/swms/SWM_copy/rollouts_5_per/expert+subopt/epoch10/epoch10_rollout2_result.json
