Checkpoint dir epoch: 10  Rollout: 3
Logging to /home/ashwink/Documents/swms/SWM_copy/rollouts_5_per/expert+subopt/epoch10/epoch10_rollout3_20260723_132040.log
Goal (fixed, steps 0-299): the green cube is touching the blue moon. the peg is touching the green cube.

Checkpoint: /home/ashwink/Documents/swms/SWM_copy/training/checkpoints_clip_full_fine-tuned_with_subopt_data/epoch_010.pt
  epoch=10  step=18546

Loading CLIP ViT-L/14 (datacomp_xl_s13b_b90k) + fine-tuned clip_state_dict ...
Parsing model identifier. Schema: None, Identifier: ViT-L-14
Loaded built-in ViT-L-14 model config.
Instantiating model architecture: CLIP
Loading full pretrained weights from: /home/ashwink/.cache/huggingface/hub/models--laion--CLIP-ViT-L-14-DataComp.XL-s13B-b90K/snapshots/84c9828e63dc9a9351d1fe637c346d4c1c4db341/open_clip_pytorch_model.bin
Final image preprocessing configuration set: {'size': (224, 224), 'mode': 'RGB', 'mean': (0.48145466, 0.4578275, 0.40821073), 'std': (0.26862954, 0.26130258, 0.27577711), 'interpolation': 'bicubic', 'resize_mode': 'shortest', 'fill_color': 0}
Model ViT-L-14 creation process complete.
Parsing tokenizer identifier. Schema: None, Identifier: ViT-L-14
Attempting to load config from built-in: ViT-L-14
Using default SimpleTokenizer.
z_star shape: torch.Size([768])

Loading action stats from /home/ashwink/full_data_5000/langtable/demos/ ...
  lo=[-0.03372681140899658, -0.03493623435497284]  hi=[0.03496786952018738, 0.03494429588317871]

Initializing LangTable env ...
Loading URDF plane.urdf
Loading URDF /home/ashwink/Documents/swms/.venv/lib/python3.10/site-packages/language_table/environments/utils/../../../language_table/environments/assets/workspace_real.urdf
Loading URDF xarm/xarm6_robot_white.urdf
Loading URDF /home/ashwink/Documents/swms/.venv/lib/python3.10/site-packages/language_table/environments/utils/../../../language_table/environments/assets/suction/cylinder_real.urdf
Loading URDF /home/ashwink/Documents/swms/.venv/lib/python3.10/site-packages/language_table/environments/utils/../../../language_table/environments/assets/blocks/red_moon.urdf
Loading URDF /home/ashwink/Documents/swms/.venv/lib/python3.10/site-packages/language_table/environments/utils/../../../language_table/environments/assets/blocks/red_cube.urdf
Loading URDF /home/ashwink/Documents/swms/.venv/lib/python3.10/site-packages/language_table/environments/utils/../../../language_table/environments/assets/blocks/red_star.urdf
Loading URDF /home/ashwink/Documents/swms/.venv/lib/python3.10/site-packages/language_table/environments/utils/../../../language_table/environments/assets/blocks/red_pentagon.urdf
Loading URDF /home/ashwink/Documents/swms/.venv/lib/python3.10/site-packages/language_table/environments/utils/../../../language_table/environments/assets/blocks/blue_moon.urdf
Loading URDF /home/ashwink/Documents/swms/.venv/lib/python3.10/site-packages/language_table/environments/utils/../../../language_table/environments/assets/blocks/blue_cube.urdf
Loading URDF /home/ashwink/Documents/swms/.venv/lib/python3.10/site-packages/language_table/environments/utils/../../../language_table/environments/assets/blocks/blue_star.urdf
Loading URDF /home/ashwink/Documents/swms/.venv/lib/python3.10/site-packages/language_table/environments/utils/../../../language_table/environments/assets/blocks/blue_pentagon.urdf
Loading URDF /home/ashwink/Documents/swms/.venv/lib/python3.10/site-packages/language_table/environments/utils/../../../language_table/environments/assets/blocks/yellow_moon.urdf
Loading URDF /home/ashwink/Documents/swms/.venv/lib/python3.10/site-packages/language_table/environments/utils/../../../language_table/environments/assets/blocks/yellow_cube.urdf
Loading URDF /home/ashwink/Documents/swms/.venv/lib/python3.10/site-packages/language_table/environments/utils/../../../language_table/environments/assets/blocks/yellow_star.urdf
Loading URDF /home/ashwink/Documents/swms/.venv/lib/python3.10/site-packages/language_table/environments/utils/../../../language_table/environments/assets/blocks/yellow_pentagon.urdf
Loading URDF /home/ashwink/Documents/swms/.venv/lib/python3.10/site-packages/language_table/environments/utils/../../../language_table/environments/assets/blocks/green_moon.urdf
Loading URDF /home/ashwink/Documents/swms/.venv/lib/python3.10/site-packages/language_table/environments/utils/../../../language_table/environments/assets/blocks/green_cube.urdf
Loading URDF /home/ashwink/Documents/swms/.venv/lib/python3.10/site-packages/language_table/environments/utils/../../../language_table/environments/assets/blocks/green_star.urdf
Loading URDF /home/ashwink/Documents/swms/.venv/lib/python3.10/site-packages/language_table/environments/utils/../../../language_table/environments/assets/blocks/green_pentagon.urdf
Loading URDF /home/ashwink/Documents/swms/.venv/lib/python3.10/site-packages/language_table/environments/utils/../../../language_table/environments/assets/blocks/purple_moon.urdf
Loading URDF /home/ashwink/Documents/swms/.venv/lib/python3.10/site-packages/language_table/environments/utils/../../../language_table/environments/assets/blocks/purple_cube.urdf
Loading URDF /home/ashwink/Documents/swms/.venv/lib/python3.10/site-packages/language_table/environments/utils/../../../language_table/environments/assets/blocks/purple_star.urdf
Loading URDF /home/ashwink/Documents/swms/.venv/lib/python3.10/site-packages/language_table/environments/utils/../../../language_table/environments/assets/blocks/purple_pentagon.urdf
Env ready.

Forced peg start: [0.42843915 0.24419614]  (green_cube=[0.40339102 0.18967466], blue_moon=[0.32039625 0.00902261])
  dist(peg,green_cube)=0.0600  dist(peg,blue_moon)=0.2588  dist(green_cube,blue_moon)=0.1988

step  cos(zt,z*)  cos(zt,zt-1)  |   cos(predK,z*) min/mean/max  cos(pred_sel,z*)   cos(zpred0,z*)  ||a_raw||  |  dist(peg,A)   dist(A,B)
-------------------------------------------------------------------------------------------------------------------------------------------------------------------------------
   0      0.1598           nan  |    0.3608/  0.3608/  0.3608            0.3608           0.6539     0.0357  |       0.0587      0.1988
   1      0.1520        0.9501  |    0.6799/  0.6925/  0.7007            0.7007           0.6345     0.0202  |       0.0506      0.1988
   2      0.1375        0.8195  |    0.6737/  0.6851/  0.6929            0.6929           0.5035     0.0121  |       0.0400      0.1949
   3      0.1358        0.8777  |    0.6915/  0.7065/  0.7120            0.7120           0.5648     0.0137  |       0.0394      0.1866
   4      0.1215        0.8488  |    0.6519/  0.6660/  0.6719            0.6719           0.4569     0.0079  |       0.0386      0.1790
   5      0.1109        0.8436  |    0.6636/  0.6751/  0.6815            0.6815           0.4543     0.0078  |       0.0366      0.1761
   6      0.1141        0.8295  |    0.6398/  0.6501/  0.6564            0.6564           0.4769     0.0090  |       0.0351      0.1724
   7      0.1261        0.8777  |    0.5344/  0.5469/  0.5545            0.5545           0.2631     0.0080  |       0.0338      0.1689
   8      0.1251        0.8748  |    0.5834/  0.5970/  0.6041            0.6041           0.3682     0.0111  |       0.0329      0.1659
   9      0.1142        0.8532  |    0.5346/  0.5500/  0.5578            0.5578           0.2296     0.0102  |       0.0328      0.1617
  10      0.0679        0.8114  |    0.6696/  0.6884/  0.7002            0.7002           0.5250     0.0143  |       0.0326      0.1590
  11      0.0762        0.7974  |    0.6182/  0.6413/  0.6483            0.6483           0.4151     0.0121  |       0.0331      0.1564
  12      0.0888        0.7919  |    0.3183/  0.3349/  0.3417            0.3417           0.0594     0.0066  |       0.0336      0.1568
  13      0.0868        0.9028  |    0.2660/  0.2794/  0.2868            0.2868          -0.0028     0.0107  |       0.0337      0.1605
  14      0.0915        0.8972  |   -0.0318/ -0.0159/ -0.0070           -0.0070          -0.1486     0.0151  |       0.0341      0.1668
  15      0.0937        0.8230  |    0.4851/  0.5122/  0.5214            0.5214           0.2998     0.0089  |       0.0344      0.1701
  16      0.0740        0.8647  |    0.2674/  0.2842/  0.2940            0.2940           0.0956     0.0050  |       0.0349      0.1729
  17      0.0639        0.9216  |   -0.1122/ -0.0918/ -0.0802           -0.0802          -0.1849     0.0034  |       0.0352      0.1757
  18      0.0507        0.8945  |   -0.1131/ -0.0951/ -0.0831           -0.0831          -0.2277     0.0059  |       0.0371      0.1757
  19     -0.0028        0.8580  |   -0.0306/  0.0081/  0.0336            0.0336          -0.2145     0.0161  |       0.0425      0.1757
  20      0.0210        0.8086  |   -0.1724/ -0.1473/ -0.1318           -0.1318          -0.3004     0.0084  |       0.0570      0.1757
  21      0.0221        0.8837  |   -0.0363/ -0.0137/ -0.0014           -0.0014          -0.2341     0.0027  |       0.0654      0.1757
  22      0.0152        0.9533  |   -0.0276/ -0.0147/ -0.0041           -0.0041          -0.2495     0.0034  |       0.0648      0.1757
  23      0.0393        0.9551  |    0.1772/  0.2095/  0.2200            0.2200          -0.1994     0.0022  |       0.0629      0.1757
  24      0.0404        0.9583  |    0.0401/  0.0603/  0.0730            0.0730          -0.1926     0.0029  |       0.0638      0.1757
  25      0.0537        0.9583  |   -0.0260/ -0.0053/  0.0038            0.0038          -0.2418     0.0020  |       0.0628      0.1757
  26      0.0284        0.9556  |   -0.0767/ -0.0438/ -0.0332           -0.0332          -0.2852     0.0049  |       0.0611      0.1757
  27      0.0298        0.9453  |    0.0374/  0.0615/  0.0717            0.0717          -0.2424     0.0032  |       0.0572      0.1757
  28      0.0868        0.9410  |    0.3115/  0.3396/  0.3495            0.3495          -0.0278     0.0035  |       0.0539      0.1757
  29      0.0449        0.9537  |    0.0989/  0.1283/  0.1371            0.1371          -0.1199     0.0034  |       0.0508      0.1757
  30      0.0655        0.9452  |    0.0465/  0.0664/  0.0749            0.0749          -0.1313     0.0041  |       0.0479      0.1757
  31      0.0067        0.8706  |    0.1116/  0.1323/  0.1436            0.1436          -0.2177     0.0066  |       0.0442      0.1757
  32      0.0803        0.8414  |    0.4215/  0.4464/  0.4540            0.4540           0.1988     0.0056  |       0.0405      0.1776
  33      0.0933        0.9000  |    0.3302/  0.3421/  0.3503            0.3503           0.2056     0.0066  |       0.0409      0.1818
  34      0.0743        0.8221  |    0.1735/  0.1918/  0.2003            0.2003          -0.0600     0.0093  |       0.0405      0.1865
  35      0.0818        0.7594  |    0.3455/  0.3712/  0.3786            0.3786           0.1665     0.0073  |       0.0397      0.1934
  36      0.0993        0.8695  |    0.4301/  0.4436/  0.4510            0.4510           0.3664     0.0048  |       0.0380      0.1979
  37      0.1026        0.9442  |    0.2414/  0.2527/  0.2593            0.2593           0.1966     0.0044  |       0.0360      0.2008
  38      0.1122        0.9442  |    0.3133/  0.3317/  0.3411            0.3411           0.2868     0.0006  |       0.0351      0.2036
  39      0.1211        0.9670  |    0.4580/  0.4731/  0.4833            0.4833           0.4043     0.0037  |       0.0349      0.2042
  40      0.1298        0.9334  |    0.5448/  0.5631/  0.5726            0.5726           0.5147     0.0021  |       0.0348      0.2056
  41      0.1326        0.9565  |    0.5360/  0.5467/  0.5531            0.5531           0.4870     0.0035  |       0.0347      0.2071
  42      0.1300        0.9636  |    0.4532/  0.4652/  0.4723            0.4723           0.4212     0.0030  |       0.0363      0.2071
  43      0.1332        0.9246  |    0.4766/  0.4885/  0.4962            0.4962           0.3918     0.0055  |       0.0351      0.2082
  44      0.1226        0.9232  |    0.3631/  0.3810/  0.3943            0.3943           0.3697     0.0042  |       0.0388      0.2082
  45      0.1267        0.9587  |    0.5049/  0.5176/  0.5255            0.5255           0.4686     0.0060  |       0.0403      0.2082
  46      0.1247        0.9551  |    0.3879/  0.3995/  0.4063            0.4063           0.3406     0.0039  |       0.0457      0.2082
  47      0.1051        0.9551  |    0.1403/  0.1576/  0.1664            0.1664           0.1051     0.0042  |       0.0496      0.2082
  48      0.1015        0.9431  |   -0.0852/ -0.0732/ -0.0649           -0.0649          -0.1276     0.0123  |       0.0537      0.2082
  49      0.0227        0.8678  |   -0.1907/ -0.1707/ -0.1544           -0.1544          -0.2982     0.0284  |       0.0641      0.2082
  50      0.0858        0.8259  |   -0.0484/ -0.0333/ -0.0239           -0.0239          -0.1814     0.0209  |       0.0904      0.2082
  51      0.0131        0.8167  |   -0.1421/ -0.1221/ -0.1128           -0.1128          -0.3216     0.0299  |       0.1113      0.2082
  52     -0.0364        0.7757  |   -0.2161/ -0.1995/ -0.1904           -0.1904          -0.3221     0.0170  |       0.1403      0.2082
  53     -0.0367        0.8819  |   -0.1734/ -0.1578/ -0.1491           -0.1491          -0.2644     0.0157  |       0.1582      0.2082
  54     -0.0510        0.9158  |   -0.2325/ -0.2166/ -0.2082           -0.2082          -0.3664     0.0117  |       0.1739      0.2082
  55     -0.0440        0.9546  |   -0.2444/ -0.2281/ -0.2214           -0.2214          -0.3501     0.0090  |       0.1857      0.2082
  56     -0.0493        0.9684  |   -0.2939/ -0.2773/ -0.2696           -0.2696          -0.3868     0.0103  |       0.1931      0.2082
  57     -0.0395        0.9653  |   -0.3182/ -0.3013/ -0.2947           -0.2947          -0.3904     0.0154  |       0.2001      0.2082
  58     -0.0279        0.9493  |   -0.3336/ -0.3153/ -0.3090           -0.3090          -0.3837     0.0182  |       0.2118      0.2082
  59     -0.0018        0.9675  |   -0.3652/ -0.3535/ -0.3449           -0.3449          -0.3946     0.0163  |       0.2265      0.2082
  60      0.0042        0.9518  |   -0.3954/ -0.3810/ -0.3717           -0.3717          -0.4395     0.0236  |       0.2410      0.2082
  61      0.0383        0.9522  |   -0.3994/ -0.3864/ -0.3773           -0.3773          -0.4354     0.0300  |       0.2619      0.2082
  62      0.0389        0.9379  |   -0.3512/ -0.3360/ -0.3256           -0.3256          -0.4109     0.0267  |       0.2836      0.2082
  63      0.0444        0.9520  |   -0.3548/ -0.3342/ -0.3230           -0.3230          -0.4227     0.0295  |       0.3002      0.2082
  64      0.0565        0.9573  |   -0.3571/ -0.3404/ -0.3314           -0.3314          -0.4192     0.0297  |       0.3199      0.2082
  65      0.0705        0.9462  |   -0.3529/ -0.3371/ -0.3227           -0.3227          -0.4226     0.0306  |       0.3411      0.2082
  66      0.0736        0.9619  |   -0.3602/ -0.3474/ -0.3364           -0.3364          -0.4162     0.0359  |       0.3597      0.2082
  67      0.0713        0.9546  |   -0.3653/ -0.3514/ -0.3431           -0.3431          -0.4099     0.0288  |       0.3835      0.2082
  68      0.0638        0.9562  |   -0.3754/ -0.3653/ -0.3571           -0.3571          -0.4256     0.0289  |       0.4040      0.2082
  69      0.0634        0.9698  |   -0.3818/ -0.3679/ -0.3567           -0.3567          -0.4274     0.0273  |       0.4234      0.2082
  70      0.0477        0.9655  |   -0.3759/ -0.3632/ -0.3533           -0.3533          -0.4338     0.0280  |       0.4411      0.2082
  71      0.0469        0.9631  |   -0.3838/ -0.3686/ -0.3586           -0.3586          -0.4273     0.0307  |       0.4587      0.2082
  72      0.0584        0.9665  |   -0.3860/ -0.3726/ -0.3617           -0.3617          -0.4134     0.0309  |       0.4791      0.2082
  73      0.0700        0.9494  |   -0.3370/ -0.3227/ -0.3090           -0.3090          -0.3692     0.0239  |       0.4998      0.2082
  74      0.1205        0.8793  |   -0.1412/ -0.1233/ -0.1092           -0.1092          -0.1579     0.0173  |       0.5180      0.2082
  75      0.1457        0.9666  |    0.1652/  0.1789/  0.1937            0.1937           0.0334     0.0099  |       0.5345      0.2082
  76      0.1457        1.0000  |    0.1745/  0.1908/  0.1991            0.1991           0.0334     0.0079  |       0.5440      0.2082
  77      0.1457        1.0000  |    0.1760/  0.1901/  0.1991            0.1991           0.0334     0.0068  |       0.5466      0.2082
  78      0.1457        1.0000  |    0.1690/  0.1904/  0.1989            0.1989           0.0334     0.0059  |       0.5461      0.2082
  79      0.1457        1.0000  |    0.1752/  0.1883/  0.1983            0.1983           0.0334     0.0068  |       0.5449      0.2082
  80      0.1457        1.0000  |    0.1729/  0.1899/  0.1978            0.1978           0.0334     0.0068  |       0.5439      0.2082
  81      0.1457        1.0000  |    0.1715/  0.1881/  0.1984            0.1984           0.0334     0.0078  |       0.5431      0.2082
  82      0.1457        1.0000  |    0.1721/  0.1885/  0.1969            0.1969           0.0334     0.0062  |       0.5423      0.2082
  83      0.1457        1.0000  |    0.1723/  0.1862/  0.1950            0.1950           0.0334     0.0061  |       0.5420      0.2082
  84      0.1457        1.0000  |    0.1766/  0.1904/  0.1989            0.1989           0.0334     0.0079  |       0.5418      0.2082
  85      0.1457        1.0000  |    0.1680/  0.1850/  0.1959            0.1959           0.0334     0.0061  |       0.5413      0.2082
  86      0.1457        1.0000  |    0.1687/  0.1886/  0.1969            0.1970           0.0334     0.0067  |       0.5411      0.2082
  87      0.1457        1.0000  |    0.1667/  0.1881/  0.1971            0.1971           0.0334     0.0062  |       0.5406      0.2082
  88      0.1457        1.0000  |    0.1697/  0.1898/  0.1985            0.1985           0.0334     0.0066  |       0.5401      0.2082
  89      0.1457        1.0000  |    0.1682/  0.1894/  0.1979            0.1979           0.0334     0.0062  |       0.5393      0.2082
  90      0.1457        1.0000  |    0.1728/  0.1872/  0.1955            0.1955           0.0334     0.0062  |       0.5387      0.2082
  91      0.1457        1.0000  |    0.1687/  0.1835/  0.1930            0.1930           0.0334     0.0092  |       0.5384      0.2082
  92      0.1457        1.0000  |    0.1705/  0.1873/  0.1970            0.1970           0.0334     0.0067  |       0.5378      0.2082
  93      0.1457        1.0000  |    0.1725/  0.1890/  0.1981            0.1981           0.0334     0.0081  |       0.5373      0.2082
  94      0.1457        1.0000  |    0.1739/  0.1895/  0.1990            0.1990           0.0334     0.0083  |       0.5364      0.2082
  95      0.1458        1.0000  |    0.1754/  0.1909/  0.1986            0.1986           0.0338     0.0059  |       0.5353      0.2082
  96      0.1457        1.0000  |    0.1715/  0.1875/  0.1971            0.1971           0.0334     0.0081  |       0.5345      0.2082
  97      0.1458        1.0000  |    0.1708/  0.1874/  0.1963            0.1963           0.0338     0.0072  |       0.5338      0.2082
  98      0.1458        1.0000  |    0.1765/  0.1904/  0.1989            0.1989           0.0338     0.0075  |       0.5335      0.2082
  99      0.1457        1.0000  |    0.1718/  0.1904/  0.1989            0.1989           0.0334     0.0077  |       0.5328      0.2082
 100      0.1457        1.0000  |    0.1654/  0.1868/  0.1961            0.1961           0.0334     0.0058  |       0.5321      0.2082
 101      0.1457        1.0000  |    0.1696/  0.1869/  0.1959            0.1959           0.0334     0.0049  |       0.5317      0.2082
 102      0.1457        1.0000  |    0.1722/  0.1876/  0.1970            0.1970           0.0335     0.0059  |       0.5315      0.2082
 103      0.1457        1.0000  |    0.1700/  0.1865/  0.1971            0.1971           0.0335     0.0081  |       0.5311      0.2082
 104      0.1457        1.0000  |    0.1722/  0.1882/  0.1992            0.1992           0.0335     0.0053  |       0.5305      0.2082
 105      0.1457        1.0000  |    0.1664/  0.1861/  0.1981            0.1981           0.0335     0.0055  |       0.5301      0.2082
 106      0.1457        1.0000  |    0.1740/  0.1868/  0.1971            0.1971           0.0335     0.0068  |       0.5297      0.2082
 107      0.1457        1.0000  |    0.1741/  0.1879/  0.1971            0.1971           0.0335     0.0066  |       0.5292      0.2082
 108      0.1457        1.0000  |    0.1771/  0.1915/  0.1996            0.1996           0.0335     0.0056  |       0.5284      0.2082
 109      0.1457        1.0000  |    0.1749/  0.1890/  0.1988            0.1988           0.0335     0.0075  |       0.5280      0.2082
 110      0.1457        1.0000  |    0.1781/  0.1910/  0.1992            0.1992           0.0335     0.0075  |       0.5275      0.2082
 111      0.1457        1.0000  |    0.1718/  0.1882/  0.1986            0.1986           0.0335     0.0060  |       0.5268      0.2082
 112      0.1457        1.0000  |    0.1681/  0.1873/  0.1962            0.1962           0.0335     0.0059  |       0.5265      0.2082
 113      0.1457        1.0000  |    0.1699/  0.1863/  0.1968            0.1968           0.0335     0.0043  |       0.5263      0.2082
 114      0.1457        1.0000  |    0.1618/  0.1863/  0.1980            0.1980           0.0335     0.0079  |       0.5263      0.2082
 115      0.1457        1.0000  |    0.1726/  0.1899/  0.1988            0.1988           0.0333     0.0095  |       0.5258      0.2082
 116      0.1458        1.0000  |    0.1682/  0.1878/  0.1976            0.1976           0.0340     0.0054  |       0.5248      0.2082
 117      0.1458        1.0000  |    0.1742/  0.1912/  0.2005            0.2005           0.0340     0.0075  |       0.5242      0.2082
 118      0.1457        1.0000  |    0.1706/  0.1887/  0.1980            0.1980           0.0333     0.0079  |       0.5239      0.2082
 119      0.1458        1.0000  |    0.1757/  0.1901/  0.2006            0.2006           0.0340     0.0066  |       0.5235      0.2082
 120      0.1458        1.0000  |    0.1668/  0.1893/  0.1993            0.1993           0.0340     0.0054  |       0.5232      0.2082
 121      0.1458        1.0000  |    0.1693/  0.1842/  0.1945            0.1945           0.0340     0.0077  |       0.5230      0.2082
 122      0.1458        1.0000  |    0.1698/  0.1876/  0.1976            0.1976           0.0340     0.0081  |       0.5227      0.2082
 123      0.1458        1.0000  |    0.1723/  0.1870/  0.1974            0.1974           0.0340     0.0085  |       0.5225      0.2082
 124      0.1458        1.0000  |    0.1742/  0.1911/  0.1996            0.1996           0.0340     0.0080  |       0.5224      0.2082
 125      0.1458        1.0000  |    0.1682/  0.1895/  0.1999            0.1999           0.0340     0.0071  |       0.5220      0.2082
 126      0.1458        1.0000  |    0.1695/  0.1899/  0.1988            0.1988           0.0340     0.0056  |       0.5217      0.2082
 127      0.1458        1.0000  |    0.1714/  0.1908/  0.2006            0.2006           0.0340     0.0083  |       0.5215      0.2082
 128      0.1458        1.0000  |    0.1762/  0.1889/  0.1976            0.1976           0.0340     0.0070  |       0.5213      0.2082
 129      0.1458        1.0000  |    0.1714/  0.1868/  0.1960            0.1960           0.0340     0.0039  |       0.5211      0.2082
 130      0.1458        1.0000  |    0.1636/  0.1865/  0.1956            0.1956           0.0340     0.0071  |       0.5211      0.2082
 131      0.1458        1.0000  |    0.1727/  0.1874/  0.1972            0.1972           0.0340     0.0076  |       0.5211      0.2082
 132      0.1469        0.9999  |    0.1797/  0.1942/  0.2034            0.2034           0.0395     0.0073  |       0.5209      0.2082
 133      0.1458        0.9999  |    0.1696/  0.1842/  0.1949            0.1949           0.0340     0.0077  |       0.5208      0.2082
 134      0.1469        0.9999  |    0.1802/  0.1939/  0.2030            0.2030           0.0395     0.0067  |       0.5208      0.2082
 135      0.1469        1.0000  |    0.1798/  0.1936/  0.2033            0.2033           0.0395     0.0071  |       0.5207      0.2082
 136      0.1469        1.0000  |    0.1792/  0.1952/  0.2060            0.2060           0.0395     0.0058  |       0.5207      0.2082
 137      0.1469        1.0000  |    0.1783/  0.1903/  0.1982            0.1982           0.0395     0.0095  |       0.5207      0.2082
 138      0.1469        1.0000  |    0.1752/  0.1911/  0.2018            0.2018           0.0398     0.0079  |       0.5207      0.2082
 139      0.1469        1.0000  |    0.1829/  0.1974/  0.2053            0.2053           0.0398     0.0037  |       0.5206      0.2082
 140      0.1469        1.0000  |    0.1796/  0.1977/  0.2068            0.2068           0.0395     0.0079  |       0.5206      0.2082
 141      0.1470        1.0000  |    0.1816/  0.1971/  0.2069            0.2069           0.0400     0.0049  |       0.5206      0.2082
 142      0.1469        1.0000  |    0.1800/  0.1933/  0.2043            0.2043           0.0395     0.0039  |       0.5206      0.2082
 143      0.1469        1.0000  |    0.1837/  0.1957/  0.2047            0.2047           0.0395     0.0067  |       0.5207      0.2082
 144      0.1470        1.0000  |    0.1796/  0.1947/  0.2044            0.2044           0.0400     0.0063  |       0.5207      0.2082
 145      0.1470        1.0000  |    0.1832/  0.1964/  0.2057            0.2057           0.0400     0.0091  |       0.5208      0.2082
 146      0.1470        1.0000  |    0.1802/  0.1967/  0.2070            0.2070           0.0400     0.0078  |       0.5208      0.2082
 147      0.1470        1.0000  |    0.1772/  0.1961/  0.2069            0.2069           0.0400     0.0071  |       0.5209      0.2082
 148      0.1470        1.0000  |    0.1797/  0.1960/  0.2045            0.2045           0.0398     0.0065  |       0.5211      0.2082
 149      0.1470        1.0000  |    0.1820/  0.1979/  0.2054            0.2054           0.0400     0.0060  |       0.5212      0.2082
 150      0.1470        1.0000  |    0.1751/  0.1955/  0.2073            0.2073           0.0400     0.0063  |       0.5214      0.2082
 151      0.1470        1.0000  |    0.1776/  0.1960/  0.2058            0.2058           0.0398     0.0068  |       0.5215      0.2082
 152      0.1470        1.0000  |    0.1824/  0.1974/  0.2053            0.2053           0.0398     0.0076  |       0.5217      0.2082
 153      0.1470        1.0000  |    0.1739/  0.1867/  0.1975            0.1975           0.0401     0.0058  |       0.5219      0.2082
 154      0.1470        1.0000  |    0.1819/  0.1974/  0.2073            0.2073           0.0403     0.0069  |       0.5219      0.2082
 155      0.1470        1.0000  |    0.1764/  0.1971/  0.2062            0.2062           0.0398     0.0060  |       0.5222      0.2082
 156      0.1470        1.0000  |    0.1829/  0.1973/  0.2053            0.2053           0.0400     0.0076  |       0.5225      0.2082
 157      0.1470        1.0000  |    0.1803/  0.1964/  0.2052            0.2052           0.0398     0.0076  |       0.5227      0.2082
 158      0.1470        1.0000  |    0.1786/  0.1944/  0.2046            0.2046           0.0400     0.0059  |       0.5232      0.2082
 159      0.1470        1.0000  |    0.1730/  0.1932/  0.2013            0.2013           0.0400     0.0067  |       0.5233      0.2082
 160      0.1470        1.0000  |    0.1741/  0.1908/  0.2005            0.2005           0.0400     0.0088  |       0.5233      0.2082
 161      0.1470        1.0000  |    0.1823/  0.1954/  0.2049            0.2049           0.0400     0.0076  |       0.5234      0.2082
 162      0.1470        1.0000  |    0.1812/  0.1956/  0.2051            0.2051           0.0398     0.0046  |       0.5237      0.2082
 163      0.1470        1.0000  |    0.1815/  0.1974/  0.2061            0.2061           0.0398     0.0063  |       0.5240      0.2082
 164      0.1470        1.0000  |    0.1839/  0.1982/  0.2061            0.2061           0.0403     0.0063  |       0.5244      0.2082
 165      0.1470        1.0000  |    0.1842/  0.1982/  0.2056            0.2056           0.0401     0.0061  |       0.5248      0.2082
 166      0.1470        1.0000  |    0.1801/  0.1965/  0.2072            0.2072           0.0398     0.0061  |       0.5252      0.2082
 167      0.1470        1.0000  |    0.1804/  0.1947/  0.2047            0.2047           0.0398     0.0063  |       0.5257      0.2082
 168      0.1470        1.0000  |    0.1833/  0.1964/  0.2058            0.2058           0.0398     0.0061  |       0.5260      0.2082
 169      0.1470        1.0000  |    0.1818/  0.1958/  0.2058            0.2058           0.0400     0.0052  |       0.5263      0.2082
 170      0.1470        1.0000  |    0.1754/  0.1979/  0.2064            0.2064           0.0400     0.0064  |       0.5268      0.2082
 171      0.1470        1.0000  |    0.1786/  0.1961/  0.2062            0.2062           0.0400     0.0064  |       0.5271      0.2082
 172      0.1470        1.0000  |    0.1819/  0.1947/  0.2053            0.2053           0.0398     0.0054  |       0.5276      0.2082
 173      0.1470        1.0000  |    0.1831/  0.1970/  0.2069            0.2069           0.0401     0.0053  |       0.5278      0.2082
 174      0.1470        1.0000  |    0.1720/  0.1928/  0.2046            0.2046           0.0400     0.0049  |       0.5282      0.2082
 175      0.1470        1.0000  |    0.1797/  0.1950/  0.2045            0.2045           0.0400     0.0060  |       0.5285      0.2082
 176      0.1470        1.0000  |    0.1810/  0.1973/  0.2062            0.2062           0.0400     0.0084  |       0.5290      0.2082
 177      0.1470        1.0000  |    0.1827/  0.1979/  0.2060            0.2060           0.0398     0.0077  |       0.5297      0.2082
 178      0.1470        1.0000  |    0.1814/  0.1965/  0.2067            0.2067           0.0398     0.0085  |       0.5303      0.2082
 179      0.1470        1.0000  |    0.1790/  0.1965/  0.2062            0.2062           0.0403     0.0076  |       0.5312      0.2082
 180      0.1470        1.0000  |    0.1794/  0.1966/  0.2045            0.2045           0.0398     0.0084  |       0.5317      0.2082
 181      0.1470        1.0000  |    0.1781/  0.1971/  0.2068            0.2068           0.0398     0.0079  |       0.5324      0.2082
 182      0.1470        1.0000  |    0.1807/  0.1956/  0.2059            0.2059           0.0398     0.0073  |       0.5332      0.2082
 183      0.1470        1.0000  |    0.1842/  0.1965/  0.2046            0.2046           0.0398     0.0079  |       0.5339      0.2082
 184      0.1470        1.0000  |    0.1809/  0.1950/  0.2042            0.2042           0.0403     0.0072  |       0.5347      0.2082
 185      0.1469        1.0000  |    0.1613/  0.1945/  0.2034            0.2034           0.0387     0.0065  |       0.5352      0.2082
 186      0.1469        1.0000  |    0.1761/  0.1940/  0.2033            0.2033           0.0387     0.0056  |       0.5360      0.2082
 187      0.1469        1.0000  |    0.1813/  0.1956/  0.2046            0.2046           0.0387     0.0076  |       0.5365      0.2082
 188      0.1470        1.0000  |    0.1726/  0.1937/  0.2033            0.2033           0.0390     0.0037  |       0.5373      0.2082
 189      0.1469        1.0000  |    0.1771/  0.1955/  0.2051            0.2051           0.0387     0.0055  |       0.5378      0.2082
 190      0.1469        1.0000  |    0.1728/  0.1929/  0.2045            0.2045           0.0385     0.0060  |       0.5387      0.2082
 191      0.1469        1.0000  |    0.1780/  0.1925/  0.2034            0.2034           0.0385     0.0050  |       0.5392      0.2082
 192      0.1470        1.0000  |    0.1796/  0.1937/  0.2033            0.2033           0.0388     0.0070  |       0.5397      0.2082
 193      0.1469        1.0000  |    0.1771/  0.1938/  0.2030            0.2030           0.0385     0.0070  |       0.5407      0.2082
 194      0.1469        1.0000  |    0.1798/  0.1932/  0.2034            0.2034           0.0387     0.0054  |       0.5415      0.2082
 195      0.1469        1.0000  |    0.1722/  0.1939/  0.2042            0.2042           0.0387     0.0067  |       0.5418      0.2082
 196      0.1470        1.0000  |    0.1798/  0.1947/  0.2036            0.2036           0.0390     0.0045  |       0.5427      0.2082
 197      0.1469        1.0000  |    0.1800/  0.1946/  0.2044            0.2044           0.0387     0.0064  |       0.5432      0.2082
 198      0.1469        1.0000  |    0.1791/  0.1934/  0.2023            0.2023           0.0385     0.0063  |       0.5440      0.2082
 199      0.1469        1.0000  |    0.1783/  0.1953/  0.2037            0.2037           0.0385     0.0083  |       0.5442      0.2082
 200      0.1470        1.0000  |    0.1768/  0.1955/  0.2039            0.2039           0.0388     0.0077  |       0.5451      0.2082
 201      0.1468        1.0000  |    0.1743/  0.1901/  0.2002            0.2002           0.0380     0.0058  |       0.5458      0.2082
 202      0.1468        1.0000  |    0.1770/  0.1926/  0.2018            0.2018           0.0380     0.0067  |       0.5462      0.2082
 203      0.1468        1.0000  |    0.1840/  0.1959/  0.2035            0.2035           0.0380     0.0075  |       0.5467      0.2082
 204      0.1468        1.0000  |    0.1740/  0.1887/  0.1987            0.1987           0.0383     0.0086  |       0.5478      0.2082
 205      0.1468        1.0000  |    0.1710/  0.1895/  0.2005            0.2005           0.0380     0.0051  |       0.5488      0.2082
 206      0.1468        1.0000  |    0.1707/  0.1905/  0.2005            0.2005           0.0382     0.0057  |       0.5493      0.2082
 207      0.1468        1.0000  |    0.1739/  0.1942/  0.2042            0.2042           0.0380     0.0073  |       0.5497      0.2082
 208      0.1468        1.0000  |    0.1794/  0.1938/  0.2046            0.2046           0.0385     0.0067  |       0.5512      0.2082
 209      0.1468        1.0000  |    0.1768/  0.1921/  0.2017            0.2017           0.0382     0.0073  |       0.5523      0.2082
 210      0.1468        1.0000  |    0.1761/  0.1936/  0.2028            0.2028           0.0382     0.0073  |       0.5526      0.2082
 211      0.1468        1.0000  |    0.1761/  0.1924/  0.2022            0.2022           0.0385     0.0059  |       0.5534      0.2082
 212      0.1468        1.0000  |    0.1769/  0.1938/  0.2028            0.2028           0.0382     0.0054  |       0.5539      0.2082
 213      0.1468        1.0000  |    0.1764/  0.1932/  0.2031            0.2031           0.0382     0.0054  |       0.5545      0.2082
 214      0.1467        1.0000  |    0.1792/  0.1942/  0.2039            0.2039           0.0382     0.0075  |       0.5557      0.2082
 215      0.1467        1.0000  |    0.1770/  0.1902/  0.2015            0.2015           0.0385     0.0069  |       0.5567      0.2082
 216      0.1468        1.0000  |    0.1759/  0.1904/  0.2002            0.2002           0.0380     0.0073  |       0.5570      0.2082
 217      0.1468        1.0000  |    0.1720/  0.1904/  0.2000            0.2000           0.0380     0.0047  |       0.5572      0.2082
 218      0.1467        1.0000  |    0.1807/  0.1945/  0.2047            0.2047           0.0385     0.0044  |       0.5576      0.2082
 219      0.1467        1.0000  |    0.1785/  0.1918/  0.2015            0.2015           0.0382     0.0043  |       0.5584      0.2082
 220      0.1467        1.0000  |    0.1731/  0.1899/  0.2013            0.2013           0.0382     0.0075  |       0.5593      0.2082
 221      0.1466        1.0000  |    0.1745/  0.1931/  0.2017            0.2017           0.0375     0.0057  |       0.5598      0.2082
 222      0.1467        1.0000  |    0.1794/  0.1937/  0.2033            0.2033           0.0383     0.0055  |       0.5605      0.2082
 223      0.1467        1.0000  |    0.1783/  0.1941/  0.2024            0.2024           0.0382     0.0082  |       0.5612      0.2082
 224      0.1466        1.0000  |    0.1799/  0.1931/  0.2037            0.2037           0.0390     0.0060  |       0.5620      0.2082
 225      0.1467        1.0000  |    0.1757/  0.1959/  0.2057            0.2057           0.0398     0.0090  |       0.5625      0.2082
 226      0.1466        1.0000  |    0.1730/  0.1936/  0.2035            0.2035           0.0390     0.0046  |       0.5638      0.2082
 227      0.1467        1.0000  |    0.1804/  0.1988/  0.2064            0.2064           0.0397     0.0061  |       0.5650      0.2082
 228      0.1466        1.0000  |    0.1786/  0.1957/  0.2066            0.2066           0.0392     0.0078  |       0.5661      0.2082
 229      0.1466        1.0000  |    0.1809/  0.1962/  0.2043            0.2043           0.0393     0.0057  |       0.5677      0.2082
 230      0.1466        1.0000  |    0.1773/  0.1936/  0.2030            0.2030           0.0390     0.0031  |       0.5685      0.2082
 231      0.1466        1.0000  |    0.1792/  0.1959/  0.2042            0.2042           0.0392     0.0069  |       0.5692      0.2082
 232      0.1466        1.0000  |    0.1845/  0.1962/  0.2051            0.2051           0.0395     0.0075  |       0.5702      0.2082
 233      0.1466        1.0000  |    0.1751/  0.1941/  0.2039            0.2039           0.0395     0.0061  |       0.5710      0.2082
 234      0.1466        1.0000  |    0.1737/  0.1924/  0.2024            0.2024           0.0392     0.0043  |       0.5719      0.2082
 235      0.1466        1.0000  |    0.1825/  0.1949/  0.2059            0.2059           0.0394     0.0067  |       0.5725      0.2082
 236      0.1466        1.0000  |    0.1804/  0.1965/  0.2065            0.2065           0.0397     0.0069  |       0.5733      0.2082
 237      0.1466        1.0000  |    0.1832/  0.1978/  0.2060            0.2060           0.0392     0.0056  |       0.5744      0.2082
 238      0.1466        1.0000  |    0.1792/  0.1978/  0.2061            0.2061           0.0394     0.0069  |       0.5761      0.2082
 239      0.1466        1.0000  |    0.1806/  0.1974/  0.2066            0.2066           0.0397     0.0075  |       0.5776      0.2082
 240      0.1466        1.0000  |    0.1765/  0.1970/  0.2057            0.2057           0.0394     0.0069  |       0.5792      0.2082
 241      0.1466        1.0000  |    0.1795/  0.1953/  0.2042            0.2042           0.0391     0.0070  |       0.5803      0.2082
 242      0.1466        1.0000  |    0.1802/  0.1969/  0.2058            0.2058           0.0393     0.0038  |       0.5812      0.2082
 243      0.1466        1.0000  |    0.1790/  0.1943/  0.2033            0.2033           0.0394     0.0091  |       0.5821      0.2082
 244      0.1466        1.0000  |    0.1822/  0.1950/  0.2046            0.2046           0.0393     0.0065  |       0.5838      0.2082
 245      0.1466        1.0000  |    0.1813/  0.1966/  0.2067            0.2067           0.0391     0.0069  |       0.5848      0.2082
 246      0.1466        1.0000  |    0.1821/  0.1967/  0.2049            0.2049           0.0396     0.0050  |       0.5864      0.2082
 247      0.1466        1.0000  |    0.1835/  0.1965/  0.2073            0.2073           0.0393     0.0050  |       0.5872      0.2082
 248      0.1466        1.0000  |    0.1799/  0.1942/  0.2060            0.2060           0.0391     0.0068  |       0.5884      0.2082
 249      0.1466        1.0000  |    0.1820/  0.1965/  0.2055            0.2055           0.0393     0.0065  |       0.5886      0.2082
 250      0.1466        1.0000  |    0.1785/  0.1937/  0.2061            0.2061           0.0394     0.0049  |       0.5887      0.2082
 251      0.1466        1.0000  |    0.1795/  0.1966/  0.2055            0.2055           0.0391     0.0065  |       0.5887      0.2082
 252      0.1466        1.0000  |    0.1816/  0.1946/  0.2043            0.2043           0.0391     0.0060  |       0.5887      0.2082
 253      0.1466        1.0000  |    0.1830/  0.1947/  0.2041            0.2041           0.0394     0.0072  |       0.5887      0.2082
 254      0.1466        1.0000  |    0.1799/  0.1942/  0.2041            0.2041           0.0391     0.0087  |       0.5887      0.2082
 255      0.1466        1.0000  |    0.1808/  0.1947/  0.2024            0.2024           0.0390     0.0060  |       0.5887      0.2082
 256      0.1466        1.0000  |    0.1740/  0.1943/  0.2040            0.2040           0.0390     0.0068  |       0.5887      0.2082
 257      0.1466        1.0000  |    0.1823/  0.1965/  0.2059            0.2059           0.0392     0.0061  |       0.5887      0.2082
 258      0.1466        1.0000  |    0.1838/  0.1959/  0.2040            0.2040           0.0392     0.0060  |       0.5887      0.2082
 259      0.1466        1.0000  |    0.1691/  0.1946/  0.2032            0.2032           0.0392     0.0064  |       0.5887      0.2082
 260      0.1466        1.0000  |    0.1839/  0.1954/  0.2037            0.2037           0.0392     0.0063  |       0.5887      0.2082
 261      0.1466        1.0000  |    0.1809/  0.1960/  0.2051            0.2051           0.0390     0.0073  |       0.5887      0.2082
 262      0.1466        1.0000  |    0.1767/  0.1960/  0.2039            0.2039           0.0390     0.0077  |       0.5887      0.2082
 263      0.1466        1.0000  |    0.1806/  0.1979/  0.2056            0.2056           0.0392     0.0073  |       0.5887      0.2082
 264      0.1466        1.0000  |    0.1802/  0.1937/  0.2021            0.2021           0.0393     0.0073  |       0.5887      0.2082
 265      0.1466        1.0000  |    0.1826/  0.1979/  0.2061            0.2061           0.0392     0.0083  |       0.5887      0.2082
 266      0.1466        1.0000  |    0.1786/  0.1957/  0.2051            0.2051           0.0392     0.0044  |       0.5887      0.2082
 267      0.1466        1.0000  |    0.1783/  0.1969/  0.2052            0.2052           0.0392     0.0076  |       0.5887      0.2082
 268      0.1466        1.0000  |    0.1773/  0.1943/  0.2047            0.2047           0.0389     0.0062  |       0.5887      0.2082
 269      0.1466        1.0000  |    0.1810/  0.1945/  0.2031            0.2031           0.0389     0.0079  |       0.5887      0.2082
 270      0.1466        1.0000  |    0.1810/  0.1952/  0.2041            0.2041           0.0394     0.0073  |       0.5887      0.2082
 271      0.1466        1.0000  |    0.1793/  0.1963/  0.2064            0.2064           0.0394     0.0052  |       0.5887      0.2082
 272      0.1466        1.0000  |    0.1798/  0.1959/  0.2036            0.2036           0.0391     0.0078  |       0.5887      0.2082
 273      0.1466        1.0000  |    0.1817/  0.1977/  0.2060            0.2060           0.0391     0.0064  |       0.5887      0.2082
 274      0.1466        1.0000  |    0.1787/  0.1954/  0.2057            0.2057           0.0392     0.0068  |       0.5887      0.2082
 275      0.1466        1.0000  |    0.1845/  0.1968/  0.2054            0.2054           0.0391     0.0052  |       0.5887      0.2082
 276      0.1466        1.0000  |    0.1791/  0.1957/  0.2070            0.2070           0.0391     0.0058  |       0.5887      0.2082
 277      0.1466        1.0000  |    0.1860/  0.1980/  0.2060            0.2060           0.0394     0.0065  |       0.5887      0.2082
 278      0.1466        1.0000  |    0.1802/  0.1955/  0.2035            0.2035           0.0394     0.0063  |       0.5887      0.2082
 279      0.1465        1.0000  |    0.1805/  0.1968/  0.2058            0.2058           0.0391     0.0063  |       0.5887      0.2082
 280      0.1465        1.0000  |    0.1790/  0.1964/  0.2056            0.2056           0.0393     0.0049  |       0.5887      0.2082
 281      0.1465        1.0000  |    0.1833/  0.1968/  0.2055            0.2055           0.0394     0.0052  |       0.5887      0.2082
 282      0.1465        1.0000  |    0.1810/  0.1948/  0.2040            0.2040           0.0393     0.0078  |       0.5887      0.2082
 283      0.1465        1.0000  |    0.1794/  0.1940/  0.2018            0.2018           0.0393     0.0053  |       0.5887      0.2082
 284      0.1465        1.0000  |    0.1805/  0.1953/  0.2049            0.2049           0.0396     0.0037  |       0.5887      0.2082
 285      0.1465        1.0000  |    0.1792/  0.1968/  0.2070            0.2070           0.0398     0.0068  |       0.5887      0.2082
 286      0.1465        1.0000  |    0.1795/  0.1951/  0.2044            0.2044           0.0398     0.0051  |       0.5887      0.2082
 287      0.1465        1.0000  |    0.1791/  0.1955/  0.2050            0.2050           0.0399     0.0050  |       0.5887      0.2082
 288      0.1465        1.0000  |    0.1758/  0.1936/  0.2062            0.2062           0.0399     0.0063  |       0.5887      0.2082
 289      0.1465        1.0000  |    0.1831/  0.1979/  0.2065            0.2065           0.0396     0.0058  |       0.5887      0.2082
 290      0.1465        1.0000  |    0.1763/  0.1970/  0.2052            0.2052           0.0396     0.0067  |       0.5887      0.2082
 291      0.1465        1.0000  |    0.1838/  0.1996/  0.2081            0.2081           0.0399     0.0076  |       0.5887      0.2082
 292      0.1465        1.0000  |    0.1803/  0.1983/  0.2068            0.2068           0.0398     0.0062  |       0.5887      0.2082
 293      0.1465        1.0000  |    0.1805/  0.1963/  0.2049            0.2049           0.0398     0.0055  |       0.5887      0.2082
 294      0.1465        1.0000  |    0.1728/  0.1905/  0.2010            0.2010           0.0399     0.0083  |       0.5887      0.2082
 295      0.1465        1.0000  |    0.1798/  0.1956/  0.2054            0.2054           0.0399     0.0051  |       0.5887      0.2082
 296      0.1465        1.0000  |    0.1877/  0.1988/  0.2083            0.2083           0.0396     0.0065  |       0.5887      0.2082
 297      0.1465        1.0000  |    0.1850/  0.1982/  0.2065            0.2065           0.0397     0.0071  |       0.5887      0.2082
 298      0.1465        1.0000  |    0.1816/  0.1954/  0.2056            0.2056           0.0398     0.0067  |       0.5887      0.2082
 299      0.1465        1.0000  |    0.1842/  0.1969/  0.2059            0.2059           0.0395     0.0076  |       0.5887      0.2082
IMAGEIO FFMPEG_WRITER WARNING: input image is not divisible by macro_block_size=16, resizing from (320, 180) to (320, 192) to ensure video compatibility with most codecs and players. To prevent resizing, make your input image divisible by the macro_block_size or set the macro_block_size to 1 (risking incompatibility).

Saved 300 frames -> /home/ashwink/Documents/swms/SWM_copy/rollouts_5_per/expert+subopt/epoch10/epoch10_rollout3_failure.mp4
min dist(green_cube,blue_moon) over episode = 0.1564  ->  FAILURE
Full log written to /home/ashwink/Documents/swms/SWM_copy/rollouts_5_per/expert+subopt/epoch10/epoch10_rollout3_20260723_132040.log
Result json -> /home/ashwink/Documents/swms/SWM_copy/rollouts_5_per/expert+subopt/epoch10/epoch10_rollout3_result.json
